# SignalAssistant session log
# Started at 2025-11-29 03:54:14
2025-11-29 03:54:14 [session] mode=recorded session='live/Scales _ Riff' path='/home/general/SignalAssistant/sessions/live/Scales _ Riff' duration=123.65 files=6
2025-11-29 03:54:14 [tracker-settings] TrackerConfig onsetThreshold=0.02000 minNoteDurSec=0.045 hopSec=0.010 slideDelta=120.0 bendDelta=35.0
2025-11-29 03:54:14 [tracker-settings] string1 midi=40 lowCut=37.08Hz highCut=445.00Hz baseline=0.000180 gateRatio=0.05500 envFloor=0.000450 sustainScale=0.580 retriggerScale=1.400 peakRelease=0.120 pitchTol=0.400 onsetScale=0.300
2025-11-29 03:54:14 [tracker-settings] string2 midi=45 lowCut=55.00Hz highCut=563.20Hz baseline=0.000220 gateRatio=0.10000 envFloor=0.000550 sustainScale=0.700 retriggerScale=1.250 peakRelease=0.130 pitchTol=0.400 onsetScale=0.450
2025-11-29 03:54:14 [tracker-settings] string3 midi=50 lowCut=85.16Hz highCut=693.05Hz baseline=0.000260 gateRatio=0.13000 envFloor=0.000650 sustainScale=0.820 retriggerScale=1.100 peakRelease=0.140 pitchTol=0.450 onsetScale=0.580
2025-11-29 03:54:14 [tracker-settings] string4 midi=55 lowCut=127.40Hz highCut=862.39Hz baseline=0.000320 gateRatio=0.17000 envFloor=0.000780 sustainScale=1.000 retriggerScale=1.000 peakRelease=0.160 pitchTol=0.440 onsetScale=0.700
2025-11-29 03:54:14 [tracker-settings] string5 midi=59 lowCut=160.51Hz highCut=1086.54Hz baseline=0.000370 gateRatio=0.21000 envFloor=0.000900 sustainScale=1.000 retriggerScale=1.000 peakRelease=0.180 pitchTol=0.500 onsetScale=0.800
2025-11-29 03:54:14 [tracker-settings] string6 midi=64 lowCut=214.26Hz highCut=1450.36Hz baseline=0.000420 gateRatio=0.25000 envFloor=0.001050 sustainScale=1.000 retriggerScale=1.000 peakRelease=0.200 pitchTol=0.550 onsetScale=0.900
2025-11-29 03:54:14 [tracker] [s1] calibration reset
2025-11-29 03:54:14 [tracker] [s2] calibration reset
2025-11-29 03:54:14 [tracker] [s3] calibration reset
2025-11-29 03:54:14 [tracker] [s4] calibration reset
2025-11-29 03:54:14 [tracker] [s5] calibration reset
2025-11-29 03:54:14 [tracker] [s6] calibration reset
2025-11-29 03:54:14 [tracker] [s1] calibration avg=0.00681 peak=0.01023
2025-11-29 03:54:14 [tracker] [s2] calibration avg=0.00985 peak=0.02604
2025-11-29 03:54:14 [tracker] [s3] calibration avg=0.01634 peak=0.09024
2025-11-29 03:54:14 [tracker] [s4] calibration avg=0.00197 peak=0.01001
2025-11-29 03:54:14 [tracker] [s5] calibration avg=0.01157 peak=0.09657
2025-11-29 03:54:14 [tracker] [s6] calibration avg=0.00432 peak=0.20712
2025-11-29 03:54:20 [test-mode] play session='live/Scales _ Riff' position=0.00 duration=123.65
2025-11-29 03:54:20 [tracker] [s1] configure sr=48000.0 hop=512 fft=4096 low=37.1 high=445.0
2025-11-29 03:54:20 [tracker] [s2] configure sr=48000.0 hop=512 fft=4096 low=55.0 high=563.2
2025-11-29 03:54:20 [tracker] [s3] configure sr=48000.0 hop=512 fft=4096 low=85.2 high=693.0
2025-11-29 03:54:20 [tracker] [s4] configure sr=48000.0 hop=512 fft=4096 low=127.4 high=862.4
2025-11-29 03:54:20 [tracker] [s5] configure sr=48000.0 hop=512 fft=2048 low=160.5 high=1086.5
2025-11-29 03:54:20 [tracker] [s6] configure sr=48000.0 hop=512 fft=2048 low=214.3 high=1450.4
2025-11-29 03:54:23 [tracker] [s1] onset t=2.619 env=0.03473 baseline=0.00918 gate=0.00050 envFloor=0.00642 onset=0.540>=0.006
2025-11-29 03:54:23 [tracker] [s1] onset t=2.704 env=0.02797 baseline=0.01303 gate=0.00072 envFloor=0.00912 onset=1.038>=0.006
2025-11-29 03:54:23 [tracker] [s1] note-start t=2.704 fret=0 midi=40 vel=0.34 env=0.02797
2025-11-29 03:54:23 [tracker] [s1] release-retrigger t=2.949 onset=1.359 gate=0.017 age=0.245
2025-11-29 03:54:23 [tracker] [s1] note-ended t=2.949 fret=0 dur=0.245
2025-11-29 03:54:23 [tracker] [s1] onset t=3.312 env=0.02195 baseline=0.01891 gate=0.00104 envFloor=0.01037 onset=0.994>=0.006
2025-11-29 03:54:23 [tracker] [s1] note-start t=3.312 fret=2 midi=42 vel=0.26 env=0.02195
2025-11-29 03:54:23 [tracker] [s1] onset t=3.376 env=0.01714 baseline=0.01917 gate=0.00105 envFloor=0.01071 onset=1.068>=0.006
2025-11-29 03:54:23 [tracker] [s1] note-ended (new onset) t=3.376 fret=2 dur=0.064
2025-11-29 03:54:23 [tracker] [s1] note-start t=3.376 fret=2 midi=42 vel=0.21 env=0.01714
2025-11-29 03:54:24 [tracker] [s2] onset t=3.749 env=0.00857 baseline=0.00926 gate=0.00093 envFloor=0.00787 onset=0.875>=0.009
2025-11-29 03:54:24 [tracker] [s1] onset t=3.760 env=0.07019 baseline=0.01786 gate=0.00098 envFloor=0.01250 onset=0.766>=0.006
2025-11-29 03:54:24 [tracker] [s1] note-ended (new onset) t=3.760 fret=2 dur=0.384
2025-11-29 03:54:24 [tracker] [s1] note-start t=3.760 fret=3 midi=43 vel=0.84 env=0.07019
2025-11-29 03:54:24 [tracker] [s1] onset t=3.909 env=0.04547 baseline=0.05889 gate=0.00324 envFloor=0.01860 onset=0.934>=0.006
2025-11-29 03:54:24 [tracker] [s1] note-ended (new onset) t=3.909 fret=3 dur=0.149
2025-11-29 03:54:24 [tracker] [s1] note-start t=3.909 fret=5 midi=45 vel=0.55 env=0.04547
2025-11-29 03:54:24 [tracker] [s1] onset t=3.995 env=0.04419 baseline=0.03931 gate=0.00216 envFloor=0.01798 onset=1.088>=0.006
2025-11-29 03:54:24 [tracker] [s1] note-ended (new onset) t=3.995 fret=5 dur=0.085
2025-11-29 03:54:24 [tracker] [s1] note-start t=3.995 fret=5 midi=45 vel=0.53 env=0.04419
2025-11-29 03:54:24 [tracker] [s1] onset t=4.144 env=0.02532 baseline=0.03708 gate=0.00204 envFloor=0.01580 onset=0.759>=0.006
2025-11-29 03:54:24 [tracker] [s1] note-ended (new onset) t=4.144 fret=5 dur=0.149
2025-11-29 03:54:24 [tracker] [s1] onset t=4.219 env=0.02946 baseline=0.02200 gate=0.00121 envFloor=0.01464 onset=1.126>=0.006
2025-11-29 03:54:24 [tracker] [s1] note-ended (new onset) t=4.219 fret=5 dur=0.075
2025-11-29 03:54:24 [tracker] [s1] onset t=4.293 env=0.02960 baseline=0.02124 gate=0.00117 envFloor=0.01363 onset=1.288>=0.006
2025-11-29 03:54:24 [tracker] [s1] note-start t=4.293 fret=5 midi=45 vel=0.36 env=0.02960
2025-11-29 03:54:25 [tracker] [s1] onset t=4.517 env=0.03182 baseline=0.02398 gate=0.00132 envFloor=0.01163 onset=1.344>=0.006
2025-11-29 03:54:25 [tracker] [s1] note-ended (new onset) t=4.517 fret=5 dur=0.224
2025-11-29 03:54:25 [tracker] [s1] note-start t=4.517 fret=7 midi=47 vel=0.38 env=0.03182
2025-11-29 03:54:25 [tracker] [s1] onset t=4.667 env=0.03709 baseline=0.02670 gate=0.00147 envFloor=0.01276 onset=1.005>=0.006
2025-11-29 03:54:25 [tracker] [s1] note-ended (new onset) t=4.667 fret=7 dur=0.149
2025-11-29 03:54:25 [tracker] [s1] note-start t=4.667 fret=7 midi=47 vel=0.45 env=0.03709
2025-11-29 03:54:25 [tracker] [s1] onset t=4.805 env=0.03179 baseline=0.03128 gate=0.00172 envFloor=0.01224 onset=0.996>=0.006
2025-11-29 03:54:25 [tracker] [s1] note-ended (new onset) t=4.805 fret=7 dur=0.139
2025-11-29 03:54:25 [tracker] [s1] note-start t=4.805 fret=9 midi=49 vel=0.38 env=0.03179
2025-11-29 03:54:25 [tracker] [s1] onset t=5.093 env=0.02731 baseline=0.02499 gate=0.00137 envFloor=0.01057 onset=1.213>=0.006
2025-11-29 03:54:25 [tracker] [s1] note-ended (new onset) t=5.093 fret=9 dur=0.288
2025-11-29 03:54:25 [tracker] [s1] note-start t=5.093 fret=9 midi=49 vel=0.33 env=0.02731
2025-11-29 03:54:25 [tracker] [s1] onset t=5.339 env=0.01570 baseline=0.02190 gate=0.00120 envFloor=0.00886 onset=0.517>=0.006
2025-11-29 03:54:25 [tracker] [s1] note-ended (new onset) t=5.339 fret=9 dur=0.245
2025-11-29 03:54:25 [tracker] [s1] note-start t=5.339 fret=9 midi=49 vel=0.19 env=0.01570
2025-11-29 03:54:26 [tracker] [s1] release-quiet t=5.637 avgEnv=0.00014 floor=0.00351 quietFrames=8
2025-11-29 03:54:26 [tracker] [s1] note-ended t=5.637 fret=9 dur=0.299
2025-11-29 03:54:26 [tracker] [s1] onset t=6.299 env=0.05851 baseline=0.01687 gate=0.00093 envFloor=0.01181 onset=0.552>=0.006
2025-11-29 03:54:27 [tracker] [s1] onset t=6.576 env=0.02094 baseline=0.02167 gate=0.00119 envFloor=0.01517 onset=0.894>=0.006
2025-11-29 03:54:27 [tracker] [s1] note-start t=6.576 fret=0 midi=40 vel=0.25 env=0.02094
2025-11-29 03:54:27 [tracker] [s1] onset t=6.960 env=0.02661 baseline=0.01833 gate=0.00101 envFloor=0.01283 onset=0.987>=0.006
2025-11-29 03:54:27 [tracker] [s1] note-ended (new onset) t=6.960 fret=0 dur=0.384
2025-11-29 03:54:27 [tracker] [s1] note-start t=6.960 fret=2 midi=42 vel=0.32 env=0.02661
2025-11-29 03:54:27 [tracker] [s1] onset t=7.280 env=0.03779 baseline=0.02061 gate=0.00113 envFloor=0.01172 onset=0.546>=0.006
2025-11-29 03:54:27 [tracker] [s1] note-ended (new onset) t=7.280 fret=2 dur=0.320
2025-11-29 03:54:27 [tracker] [s1] onset t=7.429 env=0.02955 baseline=0.01921 gate=0.00106 envFloor=0.01261 onset=0.998>=0.006
2025-11-29 03:54:27 [tracker] [s1] note-start t=7.429 fret=5 midi=45 vel=0.35 env=0.02955
2025-11-29 03:54:28 [tracker] [s1] onset t=7.621 env=0.03114 baseline=0.02430 gate=0.00134 envFloor=0.01208 onset=0.572>=0.006
2025-11-29 03:54:28 [tracker] [s1] note-ended (new onset) t=7.621 fret=5 dur=0.192
2025-11-29 03:54:28 [tracker] [s1] onset t=7.696 env=0.03284 baseline=0.02346 gate=0.00129 envFloor=0.01231 onset=0.800>=0.006
2025-11-29 03:54:28 [tracker] [s1] onset t=7.760 env=0.02880 baseline=0.02277 gate=0.00125 envFloor=0.01233 onset=1.007>=0.006
2025-11-29 03:54:28 [tracker] [s1] note-start t=7.760 fret=5 midi=45 vel=0.35 env=0.02880
2025-11-29 03:54:28 [tracker] [s2] onset t=7.984 env=0.00913 baseline=0.00926 gate=0.00093 envFloor=0.00787 onset=0.653>=0.009
2025-11-29 03:54:28 [tracker] [s2] note-start t=7.984 fret=2 midi=47 vel=0.11 env=0.00913
2025-11-29 03:54:28 [tracker] [s1] onset t=7.995 env=0.04671 baseline=0.02321 gate=0.00128 envFloor=0.01263 onset=0.537>=0.006
2025-11-29 03:54:28 [tracker] [s1] note-ended (new onset) t=7.995 fret=5 dur=0.235
2025-11-29 03:54:28 [tracker] [s1] note-start t=7.995 fret=7 midi=47 vel=0.56 env=0.04671
2025-11-29 03:54:28 [tracker] [s1] onset t=8.112 env=0.04341 baseline=0.03979 gate=0.00219 envFloor=0.01643 onset=1.003>=0.006
2025-11-29 03:54:28 [tracker] [s1] note-ended (new onset) t=8.112 fret=7 dur=0.117
2025-11-29 03:54:28 [tracker] [s1] note-start t=8.112 fret=8 midi=48 vel=0.52 env=0.04341
2025-11-29 03:54:28 [tracker] [s2] release-quiet t=8.112 avgEnv=0.00128 floor=0.00551 quietFrames=8
2025-11-29 03:54:28 [tracker] [s2] note-ended t=8.112 fret=2 dur=0.128
2025-11-29 03:54:28 [tracker] [s1] onset t=8.261 env=0.04202 baseline=0.03642 gate=0.00200 envFloor=0.01606 onset=1.216>=0.006
2025-11-29 03:54:28 [tracker] [s1] note-ended (new onset) t=8.261 fret=8 dur=0.149
2025-11-29 03:54:28 [tracker] [s1] onset t=8.357 env=0.06493 baseline=0.03615 gate=0.00199 envFloor=0.01694 onset=1.060>=0.006
2025-11-29 03:54:28 [tracker] [s1] note-ended (new onset) t=8.357 fret=8 dur=0.096
2025-11-29 03:54:28 [tracker] [s1] note-start t=8.357 fret=8 midi=48 vel=0.78 env=0.06493
2025-11-29 03:54:29 [tracker] [s1] onset t=8.485 env=0.04971 baseline=0.05502 gate=0.00303 envFloor=0.01943 onset=0.839>=0.006
2025-11-29 03:54:29 [tracker] [s1] note-ended (new onset) t=8.485 fret=8 dur=0.128
2025-11-29 03:54:29 [tracker] [s1] note-start t=8.485 fret=10 midi=50 vel=0.60 env=0.04971
2025-11-29 03:54:29 [tracker] [s1] onset t=8.549 env=0.05391 baseline=0.04341 gate=0.00239 envFloor=0.01923 onset=1.359>=0.006
2025-11-29 03:54:29 [tracker] [s1] note-ended (new onset) t=8.549 fret=10 dur=0.064
2025-11-29 03:54:29 [tracker] [s1] note-start t=8.549 fret=10 midi=50 vel=0.65 env=0.05391
2025-11-29 03:54:29 [tracker] [s1] onset t=8.709 env=0.07080 baseline=0.04501 gate=0.00248 envFloor=0.02031 onset=1.307>=0.006
2025-11-29 03:54:29 [tracker] [s1] note-ended (new onset) t=8.709 fret=10 dur=0.160
2025-11-29 03:54:29 [tracker] [s1] note-start t=8.709 fret=10 midi=50 vel=0.85 env=0.07080
2025-11-29 03:54:29 [tracker] [s1] onset t=8.795 env=0.06206 baseline=0.06121 gate=0.00337 envFloor=0.02496 onset=1.158>=0.006
2025-11-29 03:54:29 [tracker] [s1] note-ended (new onset) t=8.795 fret=10 dur=0.085
2025-11-29 03:54:29 [tracker] [s1] harmonic-bias t=8.795 pitch=159.62Hz ratio=1.94 harmonic=2 midi=50->40
2025-11-29 03:54:29 [tracker] [s1] open-hold t=8.795 hold=0.360s
2025-11-29 03:54:29 [tracker] [s1] note-start t=8.795 fret=0 midi=40 vel=0.74 env=0.06206
2025-11-29 03:54:29 [tracker] [s1] release-quiet t=9.232 avgEnv=0.00024 floor=0.00735 quietFrames=8
2025-11-29 03:54:29 [tracker] [s1] note-ended t=9.232 fret=0 dur=0.437
2025-11-29 03:54:30 [tracker] [s1] onset t=9.541 env=0.03740 baseline=0.03933 gate=0.00216 envFloor=0.01210 onset=0.732>=0.006
2025-11-29 03:54:30 [tracker] [s1] onset t=9.840 env=0.03273 baseline=0.03418 gate=0.00188 envFloor=0.01315 onset=1.359>=0.006
2025-11-29 03:54:30 [tracker] [s1] note-start t=9.840 fret=0 midi=40 vel=0.39 env=0.03273
2025-11-29 03:54:30 [tracker] [s1] onset t=10.213 env=0.03414 baseline=0.02472 gate=0.00136 envFloor=0.01006 onset=0.559>=0.006
2025-11-29 03:54:30 [tracker] [s1] note-ended (new onset) t=10.213 fret=0 dur=0.373
2025-11-29 03:54:31 [tracker] [s1] onset t=10.437 env=0.02030 baseline=0.02225 gate=0.00122 envFloor=0.00993 onset=1.073>=0.006
2025-11-29 03:54:31 [tracker] [s1] note-start t=10.437 fret=3 midi=43 vel=0.24 env=0.02030
2025-11-29 03:54:31 [tracker] [s1] onset t=10.565 env=0.04477 baseline=0.01720 gate=0.00095 envFloor=0.00969 onset=0.608>=0.006
2025-11-29 03:54:31 [tracker] [s1] note-ended (new onset) t=10.565 fret=3 dur=0.128
2025-11-29 03:54:31 [tracker] [s1] note-start t=10.565 fret=3 midi=43 vel=0.54 env=0.04477
2025-11-29 03:54:31 [tracker] [s1] onset t=10.907 env=0.01773 baseline=0.03432 gate=0.00189 envFloor=0.01032 onset=0.898>=0.006
2025-11-29 03:54:31 [tracker] [s1] note-ended (new onset) t=10.907 fret=3 dur=0.341
2025-11-29 03:54:31 [tracker] [s1] note-start t=10.907 fret=5 midi=45 vel=0.21 env=0.01773
2025-11-29 03:54:31 [tracker] [s4] onset t=10.960 env=0.00191 baseline=0.00201 gate=0.00034 envFloor=0.00171 onset=1.368>=0.014
2025-11-29 03:54:31 [tracker] [s4] note-start t=10.960 fret=3 midi=58 vel=0.02 env=0.00191
2025-11-29 03:54:31 [tracker] [s4] onset t=11.045 env=0.00183 baseline=0.00201 gate=0.00034 envFloor=0.00171 onset=1.005>=0.014
2025-11-29 03:54:31 [tracker] [s4] note-ended (new onset) t=11.045 fret=3 dur=0.085
2025-11-29 03:54:31 [tracker] [s1] onset t=11.056 env=0.02904 baseline=0.01785 gate=0.00098 envFloor=0.01249 onset=1.017>=0.006
2025-11-29 03:54:31 [tracker] [s1] note-ended (new onset) t=11.056 fret=5 dur=0.149
2025-11-29 03:54:31 [tracker] [s1] note-start t=11.056 fret=7 midi=47 vel=0.35 env=0.02904
2025-11-29 03:54:31 [tracker] [s1] onset t=11.280 env=0.04701 baseline=0.02353 gate=0.00129 envFloor=0.01250 onset=0.703>=0.006
2025-11-29 03:54:31 [tracker] [s1] note-ended (new onset) t=11.280 fret=7 dur=0.224
2025-11-29 03:54:31 [tracker] [s1] note-start t=11.280 fret=7 midi=47 vel=0.56 env=0.04701
2025-11-29 03:54:32 [tracker] [s1] onset t=11.440 env=0.02389 baseline=0.03924 gate=0.00216 envFloor=0.01277 onset=0.550>=0.006
2025-11-29 03:54:32 [tracker] [s1] note-ended (new onset) t=11.440 fret=7 dur=0.160
2025-11-29 03:54:32 [tracker] [s1] note-start t=11.440 fret=8 midi=48 vel=0.29 env=0.02389
2025-11-29 03:54:32 [tracker] [s1] onset t=11.685 env=0.09065 baseline=0.02070 gate=0.00114 envFloor=0.01449 onset=0.580>=0.006
2025-11-29 03:54:32 [tracker] [s1] note-ended (new onset) t=11.685 fret=8 dur=0.245
2025-11-29 03:54:32 [tracker] [s1] note-start t=11.685 fret=8 midi=48 vel=1.00 env=0.09065
2025-11-29 03:54:32 [tracker] [s1] onset t=12.037 env=0.04335 baseline=0.06914 gate=0.00380 envFloor=0.02285 onset=1.052>=0.006
2025-11-29 03:54:32 [tracker] [s1] note-ended (new onset) t=12.037 fret=8 dur=0.352
2025-11-29 03:54:32 [tracker] [s1] note-start t=12.037 fret=10 midi=50 vel=0.52 env=0.04335
2025-11-29 03:54:32 [tracker] [s1] onset t=12.155 env=0.03872 baseline=0.03692 gate=0.00203 envFloor=0.02038 onset=0.619>=0.006
2025-11-29 03:54:32 [tracker] [s1] note-ended (new onset) t=12.155 fret=10 dur=0.117
2025-11-29 03:54:32 [tracker] [s1] harmonic-bias t=12.155 pitch=162.95Hz ratio=1.98 harmonic=2 midi=52->40
2025-11-29 03:54:32 [tracker] [s1] open-hold t=12.155 hold=0.360s
2025-11-29 03:54:32 [tracker] [s1] note-start t=12.155 fret=0 midi=40 vel=0.46 env=0.03872
2025-11-29 03:54:32 [tracker] [s1] onset t=12.272 env=0.03024 baseline=0.03298 gate=0.00181 envFloor=0.01811 onset=0.993>=0.006
2025-11-29 03:54:32 [tracker] [s1] note-ended (new onset) t=12.272 fret=0 dur=0.117
2025-11-29 03:54:32 [tracker] [s1] harmonic-bias t=12.272 pitch=164.26Hz ratio=1.99 harmonic=2 midi=52->40
2025-11-29 03:54:32 [tracker] [s1] open-hold t=12.272 hold=0.360s
2025-11-29 03:54:32 [tracker] [s1] note-start t=12.272 fret=0 midi=40 vel=0.36 env=0.03024
2025-11-29 03:54:33 [tracker] [s1] release-quiet t=12.709 avgEnv=0.00014 floor=0.00462 quietFrames=8
2025-11-29 03:54:33 [tracker] [s1] note-ended t=12.709 fret=0 dur=0.437
2025-11-29 03:54:33 [tracker] [s1] onset t=12.816 env=0.06206 baseline=0.02107 gate=0.00116 envFloor=0.01268 onset=1.473>=0.006
2025-11-29 03:54:33 [tracker] [s1] onset t=13.061 env=0.04223 baseline=0.02349 gate=0.00129 envFloor=0.01644 onset=0.993>=0.006
2025-11-29 03:54:33 [tracker] [s1] note-start t=13.061 fret=0 midi=40 vel=0.51 env=0.04223
2025-11-29 03:54:33 [tracker] [s1] release-quiet t=13.360 avgEnv=0.00035 floor=0.00615 quietFrames=8
2025-11-29 03:54:33 [tracker] [s1] note-ended t=13.360 fret=0 dur=0.299
2025-11-29 03:54:34 [tracker] [s1] onset t=13.435 env=0.15445 baseline=0.04198 gate=0.00231 envFloor=0.02939 onset=1.353>=0.006
2025-11-29 03:54:34 [tracker] [s1] onset t=13.563 env=0.10066 baseline=0.05573 gate=0.00307 envFloor=0.03901 onset=0.992>=0.006
2025-11-29 03:54:34 [tracker] [s1] note-start t=13.563 fret=0 midi=40 vel=1.00 env=0.10066
2025-11-29 03:54:34 [tracker] [s1] onset t=13.659 env=0.07538 baseline=0.08660 gate=0.00476 envFloor=0.03626 onset=1.037>=0.006
2025-11-29 03:54:34 [tracker] [s1] note-ended (new onset) t=13.659 fret=0 dur=0.096
2025-11-29 03:54:34 [tracker] [s1] note-start t=13.659 fret=0 midi=40 vel=0.90 env=0.07538
2025-11-29 03:54:34 [tracker] [s1] onset t=13.733 env=0.06402 baseline=0.06550 gate=0.00360 envFloor=0.03352 onset=1.068>=0.006
2025-11-29 03:54:34 [tracker] [s1] note-ended (new onset) t=13.733 fret=0 dur=0.075
2025-11-29 03:54:34 [tracker] [s1] note-start t=13.733 fret=0 midi=40 vel=0.77 env=0.06402
2025-11-29 03:54:34 [tracker] [s1] onset t=13.947 env=0.05227 baseline=0.05212 gate=0.00287 envFloor=0.02606 onset=1.490>=0.006
2025-11-29 03:54:34 [tracker] [s1] note-ended (new onset) t=13.947 fret=0 dur=0.213
2025-11-29 03:54:34 [tracker] [s1] onset t=14.043 env=0.04999 baseline=0.04982 gate=0.00274 envFloor=0.02404 onset=1.009>=0.006
2025-11-29 03:54:34 [tracker] [s1] note-start t=14.043 fret=2 midi=42 vel=0.60 env=0.04999
2025-11-29 03:54:34 [tracker] [s1] onset t=14.277 env=0.03953 baseline=0.04029 gate=0.00222 envFloor=0.01987 onset=0.609>=0.006
2025-11-29 03:54:34 [tracker] [s1] note-ended (new onset) t=14.277 fret=2 dur=0.235
2025-11-29 03:54:34 [tracker] [s1] note-start t=14.277 fret=2 midi=42 vel=0.47 env=0.03953
2025-11-29 03:54:35 [tracker] [s1] onset t=14.384 env=0.09644 baseline=0.03675 gate=0.00202 envFloor=0.02572 onset=1.182>=0.006
2025-11-29 03:54:35 [tracker] [s1] note-ended (new onset) t=14.384 fret=2 dur=0.107
2025-11-29 03:54:35 [tracker] [s1] note-start t=14.384 fret=2 midi=42 vel=1.00 env=0.09644
2025-11-29 03:54:35 [tracker] [s1] onset t=14.501 env=0.08230 baseline=0.08214 gate=0.00452 envFloor=0.02927 onset=1.252>=0.006
2025-11-29 03:54:35 [tracker] [s1] note-ended (new onset) t=14.501 fret=2 dur=0.117
2025-11-29 03:54:35 [tracker] [s1] note-start t=14.501 fret=3 midi=43 vel=0.99 env=0.08230
2025-11-29 03:54:35 [tracker] [s1] onset t=14.565 env=0.06987 baseline=0.07188 gate=0.00395 envFloor=0.02897 onset=1.114>=0.006
2025-11-29 03:54:35 [tracker] [s1] note-ended (new onset) t=14.565 fret=3 dur=0.064
2025-11-29 03:54:35 [tracker] [s1] note-start t=14.565 fret=3 midi=43 vel=0.84 env=0.06987
2025-11-29 03:54:35 [tracker] [s1] onset t=14.651 env=0.06064 baseline=0.06041 gate=0.00332 envFloor=0.02758 onset=0.951>=0.006
2025-11-29 03:54:35 [tracker] [s1] note-ended (new onset) t=14.651 fret=3 dur=0.085
2025-11-29 03:54:35 [tracker] [s1] onset t=14.715 env=0.05570 baseline=0.05296 gate=0.00291 envFloor=0.02631 onset=0.985>=0.006
2025-11-29 03:54:35 [tracker] [s1] note-ended (new onset) t=14.715 fret=3 dur=0.064
2025-11-29 03:54:35 [tracker] [s1] note-start t=14.715 fret=3 midi=43 vel=0.67 env=0.05570
2025-11-29 03:54:35 [tracker] [s1] onset t=14.832 env=0.14725 baseline=0.04959 gate=0.00273 envFloor=0.03471 onset=0.776>=0.006
2025-11-29 03:54:35 [tracker] [s1] note-ended (new onset) t=14.832 fret=3 dur=0.117
2025-11-29 03:54:35 [tracker] [s1] note-start t=14.832 fret=3 midi=43 vel=1.00 env=0.14725
2025-11-29 03:54:35 [tracker] [s4] onset t=14.843 env=0.00760 baseline=0.00349 gate=0.00059 envFloor=0.00244 onset=0.888>=0.014
2025-11-29 03:54:35 [tracker] [s4] note-start t=14.843 fret=3 midi=58 vel=0.09 env=0.00760
2025-11-29 03:54:35 [tracker] [s1] onset t=14.971 env=0.08396 baseline=0.12416 gate=0.00683 envFloor=0.03819 onset=1.222>=0.006
2025-11-29 03:54:35 [tracker] [s1] note-ended (new onset) t=14.971 fret=3 dur=0.139
2025-11-29 03:54:35 [tracker] [s1] note-start t=14.971 fret=3 midi=43 vel=1.00 env=0.08396
2025-11-29 03:54:35 [tracker] [s1] onset t=15.067 env=0.08278 baseline=0.07223 gate=0.00397 envFloor=0.03573 onset=0.918>=0.006
2025-11-29 03:54:35 [tracker] [s1] note-ended (new onset) t=15.067 fret=3 dur=0.096
2025-11-29 03:54:35 [tracker] [s1] note-start t=15.067 fret=5 midi=45 vel=0.99 env=0.08278
2025-11-29 03:54:35 [tracker] [s1] onset t=15.131 env=0.06936 baseline=0.07230 gate=0.00398 envFloor=0.03357 onset=0.955>=0.006
2025-11-29 03:54:35 [tracker] [s1] note-ended (new onset) t=15.131 fret=5 dur=0.064
2025-11-29 03:54:35 [tracker] [s1] note-start t=15.131 fret=5 midi=45 vel=0.83 env=0.06936
2025-11-29 03:54:35 [tracker] [s1] onset t=15.280 env=0.16092 baseline=0.05819 gate=0.00320 envFloor=0.03488 onset=1.227>=0.006
2025-11-29 03:54:35 [tracker] [s1] note-ended (new onset) t=15.280 fret=5 dur=0.149
2025-11-29 03:54:35 [tracker] [s1] note-start t=15.280 fret=5 midi=45 vel=1.00 env=0.16092
2025-11-29 03:54:35 [tracker] [s4] onset t=15.291 env=0.00515 baseline=0.00554 gate=0.00094 envFloor=0.00231 onset=1.218>=0.014
2025-11-29 03:54:35 [tracker] [s4] note-ended (new onset) t=15.291 fret=3 dur=0.448
