# SignalAssistant session log
# Started at 2025-11-29 04:34:15
2025-11-29 04:34:15 [session] mode=recorded session='live/Scales _ Riff' path='/home/general/SignalAssistant/sessions/live/Scales _ Riff' duration=123.65 files=6
2025-11-29 04:34:15 [tracker-settings] TrackerConfig onsetThreshold=0.02000 minNoteDurSec=0.045 hopSec=0.010 slideDelta=120.0 bendDelta=35.0
2025-11-29 04:34:15 [tracker-settings] string1 midi=40 lowCut=37.08Hz highCut=445.00Hz baseline=0.000180 gateRatio=0.05500 envFloor=0.000450 sustainScale=0.580 retriggerScale=1.400 peakRelease=0.120 pitchTol=0.400 onsetScale=0.300
2025-11-29 04:34:15 [tracker-settings] string2 midi=45 lowCut=55.00Hz highCut=563.20Hz baseline=0.000220 gateRatio=0.10000 envFloor=0.000550 sustainScale=0.700 retriggerScale=1.250 peakRelease=0.130 pitchTol=0.400 onsetScale=0.450
2025-11-29 04:34:15 [tracker-settings] string3 midi=50 lowCut=85.16Hz highCut=693.05Hz baseline=0.000260 gateRatio=0.13000 envFloor=0.000650 sustainScale=0.820 retriggerScale=1.100 peakRelease=0.140 pitchTol=0.450 onsetScale=0.580
2025-11-29 04:34:15 [tracker-settings] string4 midi=55 lowCut=127.40Hz highCut=862.39Hz baseline=0.000320 gateRatio=0.17000 envFloor=0.000780 sustainScale=1.000 retriggerScale=1.000 peakRelease=0.160 pitchTol=0.440 onsetScale=0.700
2025-11-29 04:34:15 [tracker-settings] string5 midi=59 lowCut=160.51Hz highCut=1086.54Hz baseline=0.000370 gateRatio=0.21000 envFloor=0.000900 sustainScale=1.000 retriggerScale=1.000 peakRelease=0.180 pitchTol=0.500 onsetScale=0.800
2025-11-29 04:34:15 [tracker-settings] string6 midi=64 lowCut=214.26Hz highCut=1450.36Hz baseline=0.000420 gateRatio=0.25000 envFloor=0.001050 sustainScale=1.000 retriggerScale=1.000 peakRelease=0.200 pitchTol=0.550 onsetScale=0.900
2025-11-29 04:34:15 [tracker] [s1] calibration reset
2025-11-29 04:34:15 [tracker] [s2] calibration reset
2025-11-29 04:34:15 [tracker] [s3] calibration reset
2025-11-29 04:34:15 [tracker] [s4] calibration reset
2025-11-29 04:34:15 [tracker] [s5] calibration reset
2025-11-29 04:34:15 [tracker] [s6] calibration reset
2025-11-29 04:34:15 [tracker] [s1] calibration avg=0.00681 peak=0.01023
2025-11-29 04:34:15 [tracker] [s2] calibration avg=0.00985 peak=0.02604
2025-11-29 04:34:15 [tracker] [s3] calibration avg=0.01634 peak=0.09024
2025-11-29 04:34:15 [tracker] [s4] calibration avg=0.00197 peak=0.01001
2025-11-29 04:34:15 [tracker] [s5] calibration avg=0.01157 peak=0.09657
2025-11-29 04:34:15 [tracker] [s6] calibration avg=0.00432 peak=0.20712
2025-11-29 04:34:25 [test-mode] play session='live/Scales _ Riff' position=0.00 duration=123.65
2025-11-29 04:34:25 [tracker] [s1] configure sr=48000.0 hop=512 fft=4096 low=37.1 high=445.0
2025-11-29 04:34:25 [tracker] [s2] configure sr=48000.0 hop=512 fft=4096 low=55.0 high=563.2
2025-11-29 04:34:25 [tracker] [s3] configure sr=48000.0 hop=512 fft=4096 low=85.2 high=693.0
2025-11-29 04:34:25 [tracker] [s4] configure sr=48000.0 hop=512 fft=4096 low=127.4 high=862.4
2025-11-29 04:34:25 [tracker] [s5] configure sr=48000.0 hop=512 fft=2048 low=160.5 high=1086.5
2025-11-29 04:34:25 [tracker] [s6] configure sr=48000.0 hop=512 fft=2048 low=214.3 high=1450.4
2025-11-29 04:34:28 [tracker] [s1] onset t=2.619 env=0.03473 baseline=0.00918 gate=0.00050 envFloor=0.00642 onset=0.540>=0.006
2025-11-29 04:34:28 [tracker] [s1] onset t=2.704 env=0.02797 baseline=0.01303 gate=0.00072 envFloor=0.00912 onset=1.038>=0.006
2025-11-29 04:34:28 [tracker] [s1] note-start t=2.704 fret=0 midi=40 vel=0.34 env=0.02797
2025-11-29 04:34:29 [tracker] [s1] release-retrigger t=2.949 onset=1.359 gate=0.017 age=0.245
2025-11-29 04:34:29 [tracker] [s1] note-ended t=2.949 fret=0 dur=0.245
2025-11-29 04:34:29 [tracker] [s1] onset t=3.312 env=0.02195 baseline=0.01891 gate=0.00104 envFloor=0.01037 onset=0.994>=0.006
2025-11-29 04:34:29 [tracker] [s1] note-start t=3.312 fret=2 midi=42 vel=0.26 env=0.02195
2025-11-29 04:34:29 [tracker] [s1] onset t=3.376 env=0.01714 baseline=0.01917 gate=0.00105 envFloor=0.01071 onset=1.068>=0.006
2025-11-29 04:34:29 [tracker] [s1] note-ended (new onset) t=3.376 fret=2 dur=0.064
2025-11-29 04:34:29 [tracker] [s1] note-start t=3.376 fret=2 midi=42 vel=0.21 env=0.01714
2025-11-29 04:34:29 [tracker] [s2] onset t=3.749 env=0.00857 baseline=0.00926 gate=0.00093 envFloor=0.00787 onset=0.875>=0.009
2025-11-29 04:34:29 [tracker] [s1] onset t=3.760 env=0.07019 baseline=0.01786 gate=0.00098 envFloor=0.01250 onset=0.766>=0.006
2025-11-29 04:34:29 [tracker] [s1] note-ended (new onset) t=3.760 fret=2 dur=0.384
2025-11-29 04:34:29 [tracker] [s1] note-start t=3.760 fret=3 midi=43 vel=0.84 env=0.07019
2025-11-29 04:34:30 [tracker] [s1] onset t=3.909 env=0.04547 baseline=0.05889 gate=0.00324 envFloor=0.01860 onset=0.934>=0.006
2025-11-29 04:34:30 [tracker] [s1] note-ended (new onset) t=3.909 fret=3 dur=0.149
2025-11-29 04:34:30 [tracker] [s1] note-start t=3.909 fret=5 midi=45 vel=0.55 env=0.04547
2025-11-29 04:34:30 [tracker] [s1] onset t=3.995 env=0.04419 baseline=0.03931 gate=0.00216 envFloor=0.01798 onset=1.088>=0.006
2025-11-29 04:34:30 [tracker] [s1] note-ended (new onset) t=3.995 fret=5 dur=0.085
2025-11-29 04:34:30 [tracker] [s1] note-start t=3.995 fret=5 midi=45 vel=0.53 env=0.04419
2025-11-29 04:34:30 [tracker] [s1] onset t=4.144 env=0.02532 baseline=0.03708 gate=0.00204 envFloor=0.01580 onset=0.759>=0.006
2025-11-29 04:34:30 [tracker] [s1] note-ended (new onset) t=4.144 fret=5 dur=0.149
2025-11-29 04:34:30 [tracker] [s1] note-start t=4.144 fret=5 midi=45 vel=0.30 env=0.02532
2025-11-29 04:34:30 [tracker] [s1] onset t=4.219 env=0.02946 baseline=0.02200 gate=0.00121 envFloor=0.01464 onset=1.126>=0.006
2025-11-29 04:34:30 [tracker] [s1] note-ended (new onset) t=4.219 fret=5 dur=0.075
2025-11-29 04:34:30 [tracker] [s1] onset t=4.293 env=0.02960 baseline=0.02124 gate=0.00117 envFloor=0.01363 onset=1.288>=0.006
2025-11-29 04:34:30 [tracker] [s1] note-start t=4.293 fret=5 midi=45 vel=0.36 env=0.02960
2025-11-29 04:34:30 [tracker] [s1] onset t=4.517 env=0.03182 baseline=0.02398 gate=0.00132 envFloor=0.01163 onset=1.344>=0.006
2025-11-29 04:34:30 [tracker] [s1] note-ended (new onset) t=4.517 fret=5 dur=0.224
2025-11-29 04:34:30 [tracker] [s1] note-start t=4.517 fret=7 midi=47 vel=0.38 env=0.03182
2025-11-29 04:34:30 [tracker] [s1] onset t=4.667 env=0.03709 baseline=0.02670 gate=0.00147 envFloor=0.01276 onset=1.005>=0.006
2025-11-29 04:34:30 [tracker] [s1] note-ended (new onset) t=4.667 fret=7 dur=0.149
2025-11-29 04:34:30 [tracker] [s1] note-start t=4.667 fret=7 midi=47 vel=0.45 env=0.03709
2025-11-29 04:34:31 [tracker] [s1] onset t=4.805 env=0.03179 baseline=0.03128 gate=0.00172 envFloor=0.01224 onset=0.996>=0.006
2025-11-29 04:34:31 [tracker] [s1] note-ended (new onset) t=4.805 fret=7 dur=0.139
2025-11-29 04:34:31 [tracker] [s1] note-start t=4.805 fret=9 midi=49 vel=0.38 env=0.03179
2025-11-29 04:34:31 [tracker] [s1] onset t=5.093 env=0.02731 baseline=0.02499 gate=0.00137 envFloor=0.01057 onset=1.213>=0.006
2025-11-29 04:34:31 [tracker] [s1] note-ended (new onset) t=5.093 fret=9 dur=0.288
2025-11-29 04:34:31 [tracker] [s1] note-start t=5.093 fret=9 midi=49 vel=0.33 env=0.02731
2025-11-29 04:34:31 [tracker] [s1] onset t=5.339 env=0.01570 baseline=0.02190 gate=0.00120 envFloor=0.00886 onset=0.517>=0.006
2025-11-29 04:34:31 [tracker] [s1] note-ended (new onset) t=5.339 fret=9 dur=0.245
2025-11-29 04:34:31 [tracker] [s1] note-start t=5.339 fret=9 midi=49 vel=0.19 env=0.01570
2025-11-29 04:34:31 [tracker] [s1] release-quiet t=5.637 avgEnv=0.00014 floor=0.00351 quietFrames=8
2025-11-29 04:34:31 [tracker] [s1] note-ended t=5.637 fret=9 dur=0.299
2025-11-29 04:34:32 [tracker] [s1] onset t=6.299 env=0.05851 baseline=0.01687 gate=0.00093 envFloor=0.01181 onset=0.552>=0.006
2025-11-29 04:34:32 [tracker] [s1] onset t=6.576 env=0.02094 baseline=0.02167 gate=0.00119 envFloor=0.01517 onset=0.894>=0.006
2025-11-29 04:34:32 [tracker] [s1] note-start t=6.576 fret=0 midi=40 vel=0.25 env=0.02094
2025-11-29 04:34:33 [tracker] [s1] onset t=6.960 env=0.02661 baseline=0.01833 gate=0.00101 envFloor=0.01283 onset=0.987>=0.006
2025-11-29 04:34:33 [tracker] [s1] note-ended (new onset) t=6.960 fret=0 dur=0.384
2025-11-29 04:34:33 [tracker] [s1] note-start t=6.960 fret=2 midi=42 vel=0.32 env=0.02661
2025-11-29 04:34:33 [tracker] [s1] onset t=7.280 env=0.03779 baseline=0.02061 gate=0.00113 envFloor=0.01172 onset=0.546>=0.006
2025-11-29 04:34:33 [tracker] [s1] note-ended (new onset) t=7.280 fret=2 dur=0.320
2025-11-29 04:34:33 [tracker] [s1] onset t=7.429 env=0.02955 baseline=0.01921 gate=0.00106 envFloor=0.01261 onset=0.998>=0.006
2025-11-29 04:34:33 [tracker] [s1] onset t=7.621 env=0.03114 baseline=0.02430 gate=0.00134 envFloor=0.01208 onset=0.572>=0.006
2025-11-29 04:34:33 [tracker] [s1] onset t=7.696 env=0.03284 baseline=0.02346 gate=0.00129 envFloor=0.01231 onset=0.800>=0.006
2025-11-29 04:34:34 [tracker] [s1] onset t=7.760 env=0.02880 baseline=0.02277 gate=0.00125 envFloor=0.01233 onset=1.007>=0.006
2025-11-29 04:34:34 [tracker] [s1] note-start t=7.760 fret=5 midi=45 vel=0.35 env=0.02880
2025-11-29 04:34:34 [tracker] [s2] onset t=7.984 env=0.00913 baseline=0.00926 gate=0.00093 envFloor=0.00787 onset=0.653>=0.009
2025-11-29 04:34:34 [tracker] [s2] note-start t=7.984 fret=2 midi=47 vel=0.11 env=0.00913
2025-11-29 04:34:34 [tracker] [s1] onset t=7.995 env=0.04671 baseline=0.02321 gate=0.00128 envFloor=0.01263 onset=0.537>=0.006
2025-11-29 04:34:34 [tracker] [s1] note-ended (new onset) t=7.995 fret=5 dur=0.235
2025-11-29 04:34:34 [tracker] [s1] note-start t=7.995 fret=7 midi=47 vel=0.56 env=0.04671
2025-11-29 04:34:34 [tracker] [s1] onset t=8.112 env=0.04341 baseline=0.03979 gate=0.00219 envFloor=0.01643 onset=1.003>=0.006
2025-11-29 04:34:34 [tracker] [s1] note-ended (new onset) t=8.112 fret=7 dur=0.117
2025-11-29 04:34:34 [tracker] [s1] note-start t=8.112 fret=8 midi=48 vel=0.52 env=0.04341
2025-11-29 04:34:34 [tracker] [s2] release-quiet t=8.112 avgEnv=0.00128 floor=0.00551 quietFrames=8
2025-11-29 04:34:34 [tracker] [s2] note-ended t=8.112 fret=2 dur=0.128
2025-11-29 04:34:34 [tracker] [s1] onset t=8.261 env=0.04202 baseline=0.03642 gate=0.00200 envFloor=0.01606 onset=1.216>=0.006
2025-11-29 04:34:34 [tracker] [s1] note-ended (new onset) t=8.261 fret=8 dur=0.149
2025-11-29 04:34:34 [tracker] [s1] note-start t=8.261 fret=8 midi=48 vel=0.50 env=0.04202
2025-11-29 04:34:34 [tracker] [s1] onset t=8.357 env=0.06493 baseline=0.03615 gate=0.00199 envFloor=0.01694 onset=1.060>=0.006
2025-11-29 04:34:34 [tracker] [s1] note-ended (new onset) t=8.357 fret=8 dur=0.096
2025-11-29 04:34:34 [tracker] [s1] note-start t=8.357 fret=8 midi=48 vel=0.78 env=0.06493
2025-11-29 04:34:34 [test-mode] stop session='live/Scales _ Riff' position=0.00 duration=123.65
2025-11-29 04:34:35 [test-mode] stop session='live/Scales _ Riff' position=0.00 duration=123.65
2025-11-29 04:34:36 [test-mode] stop session='live/Scales _ Riff' position=0.00 duration=123.65
2025-11-29 04:34:36 [test-mode] play session='live/Scales _ Riff' position=0.00 duration=123.65
2025-11-29 04:34:36 [tracker] [s1] configure sr=48000.0 hop=512 fft=4096 low=37.1 high=445.0
2025-11-29 04:34:36 [tracker] [s2] configure sr=48000.0 hop=512 fft=4096 low=55.0 high=563.2
2025-11-29 04:34:36 [tracker] [s3] configure sr=48000.0 hop=512 fft=4096 low=85.2 high=693.0
2025-11-29 04:34:36 [tracker] [s4] configure sr=48000.0 hop=512 fft=4096 low=127.4 high=862.4
2025-11-29 04:34:36 [tracker] [s5] configure sr=48000.0 hop=512 fft=2048 low=160.5 high=1086.5
2025-11-29 04:34:36 [tracker] [s6] configure sr=48000.0 hop=512 fft=2048 low=214.3 high=1450.4
2025-11-29 04:34:39 [tracker] [s1] onset t=2.619 env=0.03473 baseline=0.00918 gate=0.00050 envFloor=0.00642 onset=0.540>=0.006
2025-11-29 04:34:39 [tracker] [s1] onset t=2.704 env=0.02797 baseline=0.01303 gate=0.00072 envFloor=0.00912 onset=1.038>=0.006
2025-11-29 04:34:39 [tracker] [s1] note-start t=2.704 fret=0 midi=40 vel=0.34 env=0.02797
2025-11-29 04:34:39 [tracker] [s1] release-retrigger t=2.949 onset=1.359 gate=0.017 age=0.245
2025-11-29 04:34:39 [tracker] [s1] note-ended t=2.949 fret=0 dur=0.245
2025-11-29 04:34:40 [tracker] [s1] onset t=3.312 env=0.02195 baseline=0.01891 gate=0.00104 envFloor=0.01037 onset=0.994>=0.006
2025-11-29 04:34:40 [tracker] [s1] note-start t=3.312 fret=2 midi=42 vel=0.26 env=0.02195
2025-11-29 04:34:40 [tracker] [s1] onset t=3.376 env=0.01714 baseline=0.01917 gate=0.00105 envFloor=0.01071 onset=1.068>=0.006
2025-11-29 04:34:40 [tracker] [s1] note-ended (new onset) t=3.376 fret=2 dur=0.064
2025-11-29 04:34:40 [tracker] [s1] note-start t=3.376 fret=2 midi=42 vel=0.21 env=0.01714
2025-11-29 04:34:40 [tracker] [s2] onset t=3.749 env=0.00857 baseline=0.00926 gate=0.00093 envFloor=0.00787 onset=0.875>=0.009
2025-11-29 04:34:40 [tracker] [s1] onset t=3.760 env=0.07019 baseline=0.01786 gate=0.00098 envFloor=0.01250 onset=0.766>=0.006
2025-11-29 04:34:40 [tracker] [s1] note-ended (new onset) t=3.760 fret=2 dur=0.384
2025-11-29 04:34:40 [tracker] [s1] note-start t=3.760 fret=3 midi=43 vel=0.84 env=0.07019
2025-11-29 04:34:40 [tracker] [s1] onset t=3.909 env=0.04547 baseline=0.05889 gate=0.00324 envFloor=0.01860 onset=0.934>=0.006
2025-11-29 04:34:40 [tracker] [s1] note-ended (new onset) t=3.909 fret=3 dur=0.149
2025-11-29 04:34:40 [tracker] [s1] onset t=3.995 env=0.04419 baseline=0.03931 gate=0.00216 envFloor=0.01798 onset=1.088>=0.006
2025-11-29 04:34:40 [tracker] [s1] note-ended (new onset) t=3.995 fret=5 dur=0.085
2025-11-29 04:34:40 [tracker] [s1] note-start t=3.995 fret=5 midi=45 vel=0.53 env=0.04419
2025-11-29 04:34:41 [tracker] [s1] onset t=4.144 env=0.02532 baseline=0.03708 gate=0.00204 envFloor=0.01580 onset=0.759>=0.006
2025-11-29 04:34:41 [tracker] [s1] note-ended (new onset) t=4.144 fret=5 dur=0.149
2025-11-29 04:34:41 [tracker] [s1] note-start t=4.144 fret=5 midi=45 vel=0.30 env=0.02532
2025-11-29 04:34:41 [tracker] [s1] onset t=4.219 env=0.02946 baseline=0.02200 gate=0.00121 envFloor=0.01464 onset=1.126>=0.006
2025-11-29 04:34:41 [tracker] [s1] note-ended (new onset) t=4.219 fret=5 dur=0.075
2025-11-29 04:34:41 [tracker] [s1] onset t=4.293 env=0.02960 baseline=0.02124 gate=0.00117 envFloor=0.01363 onset=1.288>=0.006
2025-11-29 04:34:41 [tracker] [s1] note-start t=4.293 fret=5 midi=45 vel=0.36 env=0.02960
2025-11-29 04:34:41 [tracker] [s1] onset t=4.517 env=0.03182 baseline=0.02398 gate=0.00132 envFloor=0.01163 onset=1.344>=0.006
2025-11-29 04:34:41 [tracker] [s1] note-ended (new onset) t=4.517 fret=5 dur=0.224
2025-11-29 04:34:41 [tracker] [s1] note-start t=4.517 fret=7 midi=47 vel=0.38 env=0.03182
2025-11-29 04:34:41 [tracker] [s1] onset t=4.667 env=0.03709 baseline=0.02670 gate=0.00147 envFloor=0.01276 onset=1.005>=0.006
2025-11-29 04:34:41 [tracker] [s1] note-ended (new onset) t=4.667 fret=7 dur=0.149
2025-11-29 04:34:41 [tracker] [s1] note-start t=4.667 fret=7 midi=47 vel=0.45 env=0.03709
2025-11-29 04:34:41 [tracker] [s1] onset t=4.805 env=0.03179 baseline=0.03128 gate=0.00172 envFloor=0.01224 onset=0.996>=0.006
2025-11-29 04:34:41 [tracker] [s1] note-ended (new onset) t=4.805 fret=7 dur=0.139
2025-11-29 04:34:41 [tracker] [s1] note-start t=4.805 fret=9 midi=49 vel=0.38 env=0.03179
2025-11-29 04:34:42 [tracker] [s1] onset t=5.093 env=0.02731 baseline=0.02499 gate=0.00137 envFloor=0.01057 onset=1.213>=0.006
2025-11-29 04:34:42 [tracker] [s1] note-ended (new onset) t=5.093 fret=9 dur=0.288
2025-11-29 04:34:42 [tracker] [s1] onset t=5.339 env=0.01570 baseline=0.02190 gate=0.00120 envFloor=0.00886 onset=0.517>=0.006
2025-11-29 04:34:42 [tracker] [s1] note-ended (new onset) t=5.339 fret=9 dur=0.245
2025-11-29 04:34:42 [tracker] [s1] note-start t=5.339 fret=9 midi=49 vel=0.19 env=0.01570
2025-11-29 04:34:42 [tracker] [s1] release-quiet t=5.637 avgEnv=0.00014 floor=0.00351 quietFrames=8
2025-11-29 04:34:42 [tracker] [s1] note-ended t=5.637 fret=9 dur=0.299
2025-11-29 04:34:43 [tracker] [s1] onset t=6.299 env=0.05851 baseline=0.01687 gate=0.00093 envFloor=0.01181 onset=0.552>=0.006
2025-11-29 04:34:43 [tracker] [s1] onset t=6.576 env=0.02094 baseline=0.02167 gate=0.00119 envFloor=0.01517 onset=0.894>=0.006
2025-11-29 04:34:43 [tracker] [s1] note-start t=6.576 fret=0 midi=40 vel=0.25 env=0.02094
2025-11-29 04:34:43 [tracker] [s1] onset t=6.960 env=0.02661 baseline=0.01833 gate=0.00101 envFloor=0.01283 onset=0.987>=0.006
2025-11-29 04:34:43 [tracker] [s1] note-ended (new onset) t=6.960 fret=0 dur=0.384
2025-11-29 04:34:43 [tracker] [s1] note-start t=6.960 fret=2 midi=42 vel=0.32 env=0.02661
2025-11-29 04:34:44 [tracker] [s1] onset t=7.280 env=0.03779 baseline=0.02061 gate=0.00113 envFloor=0.01172 onset=0.546>=0.006
2025-11-29 04:34:44 [tracker] [s1] note-ended (new onset) t=7.280 fret=2 dur=0.320
2025-11-29 04:34:44 [tracker] [s1] onset t=7.429 env=0.02955 baseline=0.01921 gate=0.00106 envFloor=0.01261 onset=0.998>=0.006
2025-11-29 04:34:44 [tracker] [s1] note-start t=7.429 fret=5 midi=45 vel=0.35 env=0.02955
2025-11-29 04:34:44 [tracker] [s1] onset t=7.621 env=0.03114 baseline=0.02430 gate=0.00134 envFloor=0.01208 onset=0.572>=0.006
2025-11-29 04:34:44 [tracker] [s1] note-ended (new onset) t=7.621 fret=5 dur=0.192
2025-11-29 04:34:44 [tracker] [s1] onset t=7.696 env=0.03284 baseline=0.02346 gate=0.00129 envFloor=0.01231 onset=0.800>=0.006
2025-11-29 04:34:44 [tracker] [s1] onset t=7.760 env=0.02880 baseline=0.02277 gate=0.00125 envFloor=0.01233 onset=1.007>=0.006
2025-11-29 04:34:44 [tracker] [s1] note-start t=7.760 fret=5 midi=45 vel=0.35 env=0.02880
2025-11-29 04:34:44 [tracker] [s2] onset t=7.984 env=0.00913 baseline=0.00926 gate=0.00093 envFloor=0.00787 onset=0.653>=0.009
2025-11-29 04:34:44 [tracker] [s2] note-start t=7.984 fret=2 midi=47 vel=0.11 env=0.00913
2025-11-29 04:34:44 [tracker] [s1] onset t=7.995 env=0.04671 baseline=0.02321 gate=0.00128 envFloor=0.01263 onset=0.537>=0.006
2025-11-29 04:34:44 [tracker] [s1] note-ended (new onset) t=7.995 fret=5 dur=0.235
2025-11-29 04:34:44 [tracker] [s1] note-start t=7.995 fret=7 midi=47 vel=0.56 env=0.04671
2025-11-29 04:34:45 [tracker] [s1] onset t=8.112 env=0.04341 baseline=0.03979 gate=0.00219 envFloor=0.01643 onset=1.003>=0.006
2025-11-29 04:34:45 [tracker] [s1] note-ended (new onset) t=8.112 fret=7 dur=0.117
2025-11-29 04:34:45 [tracker] [s1] note-start t=8.112 fret=8 midi=48 vel=0.52 env=0.04341
2025-11-29 04:34:45 [tracker] [s2] release-quiet t=8.112 avgEnv=0.00128 floor=0.00551 quietFrames=8
2025-11-29 04:34:45 [tracker] [s2] note-ended t=8.112 fret=2 dur=0.128
2025-11-29 04:34:45 [tracker] [s1] onset t=8.261 env=0.04202 baseline=0.03642 gate=0.00200 envFloor=0.01606 onset=1.216>=0.006
2025-11-29 04:34:45 [tracker] [s1] note-ended (new onset) t=8.261 fret=8 dur=0.149
2025-11-29 04:34:45 [tracker] [s1] note-start t=8.261 fret=8 midi=48 vel=0.50 env=0.04202
2025-11-29 04:34:45 [tracker] [s1] onset t=8.357 env=0.06493 baseline=0.03615 gate=0.00199 envFloor=0.01694 onset=1.060>=0.006
2025-11-29 04:34:45 [tracker] [s1] note-ended (new onset) t=8.357 fret=8 dur=0.096
2025-11-29 04:34:45 [tracker] [s1] note-start t=8.357 fret=8 midi=48 vel=0.78 env=0.06493
2025-11-29 04:34:45 [tracker] [s1] onset t=8.485 env=0.04971 baseline=0.05502 gate=0.00303 envFloor=0.01943 onset=0.839>=0.006
2025-11-29 04:34:45 [tracker] [s1] note-ended (new onset) t=8.485 fret=8 dur=0.128
2025-11-29 04:34:45 [tracker] [s1] note-start t=8.485 fret=10 midi=50 vel=0.60 env=0.04971
2025-11-29 04:34:45 [tracker] [s1] onset t=8.549 env=0.05391 baseline=0.04341 gate=0.00239 envFloor=0.01923 onset=1.359>=0.006
2025-11-29 04:34:45 [tracker] [s1] note-ended (new onset) t=8.549 fret=10 dur=0.064
2025-11-29 04:34:45 [tracker] [s1] note-start t=8.549 fret=10 midi=50 vel=0.65 env=0.05391
2025-11-29 04:34:45 [tracker] [s1] onset t=8.709 env=0.07080 baseline=0.04501 gate=0.00248 envFloor=0.02031 onset=1.307>=0.006
2025-11-29 04:34:45 [tracker] [s1] note-ended (new onset) t=8.709 fret=10 dur=0.160
2025-11-29 04:34:45 [tracker] [s1] note-start t=8.709 fret=10 midi=50 vel=0.85 env=0.07080
2025-11-29 04:34:45 [tracker] [s1] onset t=8.795 env=0.06206 baseline=0.06121 gate=0.00337 envFloor=0.02496 onset=1.158>=0.006
2025-11-29 04:34:45 [tracker] [s1] note-ended (new onset) t=8.795 fret=10 dur=0.085
2025-11-29 04:34:45 [tracker] [s1] harmonic-bias t=8.795 pitch=159.62Hz ratio=1.94 harmonic=2 midi=50->40
2025-11-29 04:34:45 [tracker] [s1] open-hold t=8.795 hold=0.360s
2025-11-29 04:34:45 [tracker] [s1] note-start t=8.795 fret=0 midi=40 vel=0.74 env=0.06206
2025-11-29 04:34:46 [tracker] [s1] release-quiet t=9.232 avgEnv=0.00024 floor=0.00735 quietFrames=8
2025-11-29 04:34:46 [tracker] [s1] note-ended t=9.232 fret=0 dur=0.437
2025-11-29 04:34:46 [test-mode] stop session='live/Scales _ Riff' position=0.00 duration=123.65
2025-11-29 04:34:46 [test-mode] stop session='live/Scales _ Riff' position=0.00 duration=123.65
2025-11-29 04:34:46 [test-mode] play session='live/Scales _ Riff' position=0.00 duration=123.65
2025-11-29 04:34:46 [tracker] [s2] configure sr=48000.0 hop=512 fft=4096 low=55.0 high=563.2
2025-11-29 04:34:46 [tracker] [s3] configure sr=48000.0 hop=512 fft=4096 low=85.2 high=693.0
2025-11-29 04:34:46 [tracker] [s4] configure sr=48000.0 hop=512 fft=4096 low=127.4 high=862.4
2025-11-29 04:34:46 [tracker] [s5] configure sr=48000.0 hop=512 fft=2048 low=160.5 high=1086.5
2025-11-29 04:34:46 [tracker] [s6] configure sr=48000.0 hop=512 fft=2048 low=214.3 high=1450.4
2025-11-29 04:34:49 [tracker] [s1] onset t=2.619 env=0.03473 baseline=0.00918 gate=0.00050 envFloor=0.00642 onset=0.540>=0.006
2025-11-29 04:34:49 [tracker] [s1] onset t=2.704 env=0.02797 baseline=0.01303 gate=0.00072 envFloor=0.00912 onset=1.038>=0.006
2025-11-29 04:34:49 [tracker] [s1] note-start t=2.704 fret=0 midi=40 vel=0.34 env=0.02797
2025-11-29 04:34:49 [tracker] [s1] release-retrigger t=2.949 onset=1.359 gate=0.017 age=0.245
2025-11-29 04:34:49 [tracker] [s1] note-ended t=2.949 fret=0 dur=0.245
2025-11-29 04:34:50 [tracker] [s1] onset t=3.312 env=0.02195 baseline=0.01891 gate=0.00104 envFloor=0.01037 onset=0.994>=0.006
2025-11-29 04:34:50 [tracker] [s1] note-start t=3.312 fret=2 midi=42 vel=0.26 env=0.02195
2025-11-29 04:34:50 [tracker] [s1] onset t=3.376 env=0.01714 baseline=0.01917 gate=0.00105 envFloor=0.01071 onset=1.068>=0.006
2025-11-29 04:34:50 [tracker] [s1] note-ended (new onset) t=3.376 fret=2 dur=0.064
2025-11-29 04:34:50 [tracker] [s1] note-start t=3.376 fret=2 midi=42 vel=0.21 env=0.01714
2025-11-29 04:34:50 [tracker] [s2] onset t=3.749 env=0.00857 baseline=0.00926 gate=0.00093 envFloor=0.00787 onset=0.875>=0.009
2025-11-29 04:34:50 [tracker] [s1] onset t=3.760 env=0.07019 baseline=0.01786 gate=0.00098 envFloor=0.01250 onset=0.766>=0.006
2025-11-29 04:34:50 [tracker] [s1] note-ended (new onset) t=3.760 fret=2 dur=0.384
2025-11-29 04:34:50 [tracker] [s1] note-start t=3.760 fret=3 midi=43 vel=0.84 env=0.07019
2025-11-29 04:34:50 [tracker] [s1] onset t=3.909 env=0.04547 baseline=0.05889 gate=0.00324 envFloor=0.01860 onset=0.934>=0.006
2025-11-29 04:34:50 [tracker] [s1] note-ended (new onset) t=3.909 fret=3 dur=0.149
2025-11-29 04:34:50 [tracker] [s1] onset t=3.995 env=0.04419 baseline=0.03931 gate=0.00216 envFloor=0.01798 onset=1.088>=0.006
2025-11-29 04:34:50 [tracker] [s1] note-ended (new onset) t=3.995 fret=5 dur=0.085
2025-11-29 04:34:50 [tracker] [s1] note-start t=3.995 fret=5 midi=45 vel=0.53 env=0.04419
2025-11-29 04:34:51 [tracker] [s1] onset t=4.144 env=0.02532 baseline=0.03708 gate=0.00204 envFloor=0.01580 onset=0.759>=0.006
2025-11-29 04:34:51 [tracker] [s1] note-ended (new onset) t=4.144 fret=5 dur=0.149
2025-11-29 04:34:51 [tracker] [s1] note-start t=4.144 fret=5 midi=45 vel=0.30 env=0.02532
2025-11-29 04:34:51 [tracker] [s1] onset t=4.219 env=0.02946 baseline=0.02200 gate=0.00121 envFloor=0.01464 onset=1.126>=0.006
2025-11-29 04:34:51 [tracker] [s1] note-ended (new onset) t=4.219 fret=5 dur=0.075
2025-11-29 04:34:51 [tracker] [s1] onset t=4.293 env=0.02960 baseline=0.02124 gate=0.00117 envFloor=0.01363 onset=1.288>=0.006
2025-11-29 04:34:51 [tracker] [s1] note-start t=4.293 fret=5 midi=45 vel=0.36 env=0.02960
2025-11-29 04:34:51 [tracker] [s1] onset t=4.517 env=0.03182 baseline=0.02398 gate=0.00132 envFloor=0.01163 onset=1.344>=0.006
2025-11-29 04:34:51 [tracker] [s1] note-ended (new onset) t=4.517 fret=5 dur=0.224
2025-11-29 04:34:51 [tracker] [s1] note-start t=4.517 fret=7 midi=47 vel=0.38 env=0.03182
2025-11-29 04:34:51 [tracker] [s1] onset t=4.667 env=0.03709 baseline=0.02670 gate=0.00147 envFloor=0.01276 onset=1.005>=0.006
2025-11-29 04:34:51 [tracker] [s1] note-ended (new onset) t=4.667 fret=7 dur=0.149
2025-11-29 04:34:51 [tracker] [s1] note-start t=4.667 fret=7 midi=47 vel=0.45 env=0.03709
2025-11-29 04:34:51 [tracker] [s1] onset t=4.805 env=0.03179 baseline=0.03128 gate=0.00172 envFloor=0.01224 onset=0.996>=0.006
2025-11-29 04:34:51 [tracker] [s1] note-ended (new onset) t=4.805 fret=7 dur=0.139
2025-11-29 04:34:51 [tracker] [s1] note-start t=4.805 fret=9 midi=49 vel=0.38 env=0.03179
2025-11-29 04:34:52 [tracker] [s1] onset t=5.093 env=0.02731 baseline=0.02499 gate=0.00137 envFloor=0.01057 onset=1.213>=0.006
2025-11-29 04:34:52 [tracker] [s1] note-ended (new onset) t=5.093 fret=9 dur=0.288
2025-11-29 04:34:52 [tracker] [s1] note-start t=5.093 fret=9 midi=49 vel=0.33 env=0.02731
2025-11-29 04:34:52 [tracker] [s1] onset t=5.339 env=0.01570 baseline=0.02190 gate=0.00120 envFloor=0.00886 onset=0.517>=0.006
2025-11-29 04:34:52 [tracker] [s1] note-ended (new onset) t=5.339 fret=9 dur=0.245
2025-11-29 04:34:52 [tracker] [s1] note-start t=5.339 fret=9 midi=49 vel=0.19 env=0.01570
2025-11-29 04:34:52 [tracker] [s1] release-quiet t=5.637 avgEnv=0.00014 floor=0.00351 quietFrames=8
2025-11-29 04:34:52 [tracker] [s1] note-ended t=5.637 fret=9 dur=0.299
2025-11-29 04:34:53 [tracker] [s1] onset t=6.299 env=0.05851 baseline=0.01687 gate=0.00093 envFloor=0.01181 onset=0.552>=0.006
2025-11-29 04:34:53 [tracker] [s1] onset t=6.576 env=0.02094 baseline=0.02167 gate=0.00119 envFloor=0.01517 onset=0.894>=0.006
2025-11-29 04:34:53 [tracker] [s1] note-start t=6.576 fret=0 midi=40 vel=0.25 env=0.02094
2025-11-29 04:34:53 [tracker] [s1] onset t=6.960 env=0.02661 baseline=0.01833 gate=0.00101 envFloor=0.01283 onset=0.987>=0.006
2025-11-29 04:34:53 [tracker] [s1] note-ended (new onset) t=6.960 fret=0 dur=0.384
2025-11-29 04:34:53 [tracker] [s1] note-start t=6.960 fret=2 midi=42 vel=0.32 env=0.02661
2025-11-29 04:34:54 [tracker] [s1] onset t=7.280 env=0.03779 baseline=0.02061 gate=0.00113 envFloor=0.01172 onset=0.546>=0.006
2025-11-29 04:34:54 [tracker] [s1] note-ended (new onset) t=7.280 fret=2 dur=0.320
2025-11-29 04:34:54 [tracker] [s1] onset t=7.429 env=0.02955 baseline=0.01921 gate=0.00106 envFloor=0.01261 onset=0.998>=0.006
2025-11-29 04:34:54 [tracker] [s1] note-start t=7.429 fret=5 midi=45 vel=0.35 env=0.02955
2025-11-29 04:34:54 [tracker] [s1] onset t=7.621 env=0.03114 baseline=0.02430 gate=0.00134 envFloor=0.01208 onset=0.572>=0.006
2025-11-29 04:34:54 [tracker] [s1] note-ended (new onset) t=7.621 fret=5 dur=0.192
2025-11-29 04:34:54 [tracker] [s1] onset t=7.696 env=0.03284 baseline=0.02346 gate=0.00129 envFloor=0.01231 onset=0.800>=0.006
2025-11-29 04:34:54 [tracker] [s1] onset t=7.760 env=0.02880 baseline=0.02277 gate=0.00125 envFloor=0.01233 onset=1.007>=0.006
2025-11-29 04:34:54 [tracker] [s1] note-start t=7.760 fret=5 midi=45 vel=0.35 env=0.02880
2025-11-29 04:34:55 [tracker] [s2] onset t=7.984 env=0.00913 baseline=0.00926 gate=0.00093 envFloor=0.00787 onset=0.653>=0.009
2025-11-29 04:34:55 [tracker] [s2] note-start t=7.984 fret=2 midi=47 vel=0.11 env=0.00913
2025-11-29 04:34:55 [tracker] [s1] onset t=7.995 env=0.04671 baseline=0.02321 gate=0.00128 envFloor=0.01263 onset=0.537>=0.006
2025-11-29 04:34:55 [tracker] [s1] note-ended (new onset) t=7.995 fret=5 dur=0.235
2025-11-29 04:34:55 [tracker] [s1] note-start t=7.995 fret=7 midi=47 vel=0.56 env=0.04671
2025-11-29 04:34:55 [tracker] [s1] onset t=8.112 env=0.04341 baseline=0.03979 gate=0.00219 envFloor=0.01643 onset=1.003>=0.006
2025-11-29 04:34:55 [tracker] [s1] note-ended (new onset) t=8.112 fret=7 dur=0.117
2025-11-29 04:34:55 [tracker] [s1] note-start t=8.112 fret=8 midi=48 vel=0.52 env=0.04341
2025-11-29 04:34:55 [tracker] [s2] release-quiet t=8.112 avgEnv=0.00128 floor=0.00551 quietFrames=8
2025-11-29 04:34:55 [tracker] [s2] note-ended t=8.112 fret=2 dur=0.128
2025-11-29 04:34:55 [tracker] [s1] onset t=8.261 env=0.04202 baseline=0.03642 gate=0.00200 envFloor=0.01606 onset=1.216>=0.006
2025-11-29 04:34:55 [tracker] [s1] note-ended (new onset) t=8.261 fret=8 dur=0.149
2025-11-29 04:34:55 [tracker] [s1] note-start t=8.261 fret=8 midi=48 vel=0.50 env=0.04202
2025-11-29 04:34:55 [tracker] [s1] onset t=8.357 env=0.06493 baseline=0.03615 gate=0.00199 envFloor=0.01694 onset=1.060>=0.006
2025-11-29 04:34:55 [tracker] [s1] note-ended (new onset) t=8.357 fret=8 dur=0.096
2025-11-29 04:34:55 [tracker] [s1] note-start t=8.357 fret=8 midi=48 vel=0.78 env=0.06493
2025-11-29 04:34:55 [tracker] [s1] onset t=8.485 env=0.04971 baseline=0.05502 gate=0.00303 envFloor=0.01943 onset=0.839>=0.006
2025-11-29 04:34:55 [tracker] [s1] note-ended (new onset) t=8.485 fret=8 dur=0.128
2025-11-29 04:34:55 [tracker] [s1] note-start t=8.485 fret=10 midi=50 vel=0.60 env=0.04971
2025-11-29 04:34:55 [tracker] [s1] onset t=8.549 env=0.05391 baseline=0.04341 gate=0.00239 envFloor=0.01923 onset=1.359>=0.006
2025-11-29 04:34:55 [tracker] [s1] note-ended (new onset) t=8.549 fret=10 dur=0.064
2025-11-29 04:34:55 [tracker] [s1] note-start t=8.549 fret=10 midi=50 vel=0.65 env=0.05391
2025-11-29 04:34:55 [tracker] [s1] onset t=8.709 env=0.07080 baseline=0.04501 gate=0.00248 envFloor=0.02031 onset=1.307>=0.006
2025-11-29 04:34:55 [tracker] [s1] note-ended (new onset) t=8.709 fret=10 dur=0.160
2025-11-29 04:34:55 [tracker] [s1] note-start t=8.709 fret=10 midi=50 vel=0.85 env=0.07080
2025-11-29 04:34:55 [tracker] [s1] onset t=8.795 env=0.06206 baseline=0.06121 gate=0.00337 envFloor=0.02496 onset=1.158>=0.006
2025-11-29 04:34:55 [tracker] [s1] note-ended (new onset) t=8.795 fret=10 dur=0.085
2025-11-29 04:34:55 [tracker] [s1] harmonic-bias t=8.795 pitch=159.62Hz ratio=1.94 harmonic=2 midi=50->40
2025-11-29 04:34:55 [tracker] [s1] open-hold t=8.795 hold=0.360s
2025-11-29 04:34:55 [tracker] [s1] note-start t=8.795 fret=0 midi=40 vel=0.74 env=0.06206
2025-11-29 04:34:56 [tracker] [s1] release-quiet t=9.232 avgEnv=0.00024 floor=0.00735 quietFrames=8
2025-11-29 04:34:56 [tracker] [s1] note-ended t=9.232 fret=0 dur=0.437
2025-11-29 04:34:56 [tracker] [s1] onset t=9.541 env=0.03740 baseline=0.03933 gate=0.00216 envFloor=0.01210 onset=0.732>=0.006
2025-11-29 04:34:56 [tracker] [s1] onset t=9.840 env=0.03273 baseline=0.03418 gate=0.00188 envFloor=0.01315 onset=1.359>=0.006
2025-11-29 04:34:56 [tracker] [s1] note-start t=9.840 fret=0 midi=40 vel=0.39 env=0.03273
2025-11-29 04:34:57 [tracker] [s1] onset t=10.213 env=0.03414 baseline=0.02472 gate=0.00136 envFloor=0.01006 onset=0.559>=0.006
2025-11-29 04:34:57 [tracker] [s1] note-ended (new onset) t=10.213 fret=0 dur=0.373
2025-11-29 04:34:57 [tracker] [s1] onset t=10.437 env=0.02030 baseline=0.02225 gate=0.00122 envFloor=0.00993 onset=1.073>=0.006
2025-11-29 04:34:57 [tracker] [s1] note-start t=10.437 fret=3 midi=43 vel=0.24 env=0.02030
2025-11-29 04:34:57 [tracker] [s1] onset t=10.565 env=0.04477 baseline=0.01720 gate=0.00095 envFloor=0.00969 onset=0.608>=0.006
2025-11-29 04:34:57 [tracker] [s1] note-ended (new onset) t=10.565 fret=3 dur=0.128
2025-11-29 04:34:57 [tracker] [s1] note-start t=10.565 fret=3 midi=43 vel=0.54 env=0.04477
2025-11-29 04:34:57 [tracker] [s1] onset t=10.907 env=0.01773 baseline=0.03432 gate=0.00189 envFloor=0.01032 onset=0.898>=0.006
2025-11-29 04:34:57 [tracker] [s1] note-ended (new onset) t=10.907 fret=3 dur=0.341
2025-11-29 04:34:57 [tracker] [s1] note-start t=10.907 fret=5 midi=45 vel=0.21 env=0.01773
2025-11-29 04:34:58 [tracker] [s4] onset t=10.960 env=0.00191 baseline=0.00201 gate=0.00034 envFloor=0.00171 onset=1.368>=0.014
2025-11-29 04:34:58 [tracker] [s4] note-start t=10.960 fret=3 midi=58 vel=0.02 env=0.00191
2025-11-29 04:34:58 [tracker] [s4] onset t=11.045 env=0.00183 baseline=0.00201 gate=0.00034 envFloor=0.00171 onset=1.005>=0.014
2025-11-29 04:34:58 [tracker] [s4] note-ended (new onset) t=11.045 fret=3 dur=0.085
2025-11-29 04:34:58 [tracker] [s1] onset t=11.056 env=0.02904 baseline=0.01785 gate=0.00098 envFloor=0.01249 onset=1.017>=0.006
2025-11-29 04:34:58 [tracker] [s1] note-ended (new onset) t=11.056 fret=5 dur=0.149
2025-11-29 04:34:58 [tracker] [s1] note-start t=11.056 fret=7 midi=47 vel=0.35 env=0.02904
2025-11-29 04:34:58 [tracker] [s1] onset t=11.280 env=0.04701 baseline=0.02353 gate=0.00129 envFloor=0.01250 onset=0.703>=0.006
2025-11-29 04:34:58 [tracker] [s1] note-ended (new onset) t=11.280 fret=7 dur=0.224
2025-11-29 04:34:58 [tracker] [s1] note-start t=11.280 fret=7 midi=47 vel=0.56 env=0.04701
2025-11-29 04:34:58 [tracker] [s1] onset t=11.440 env=0.02389 baseline=0.03924 gate=0.00216 envFloor=0.01277 onset=0.550>=0.006
2025-11-29 04:34:58 [tracker] [s1] note-ended (new onset) t=11.440 fret=7 dur=0.160
2025-11-29 04:34:58 [tracker] [s1] note-start t=11.440 fret=8 midi=48 vel=0.29 env=0.02389
2025-11-29 04:34:58 [tracker] [s1] onset t=11.685 env=0.09065 baseline=0.02070 gate=0.00114 envFloor=0.01449 onset=0.580>=0.006
2025-11-29 04:34:58 [tracker] [s1] note-ended (new onset) t=11.685 fret=8 dur=0.245
2025-11-29 04:34:58 [tracker] [s1] note-start t=11.685 fret=8 midi=48 vel=1.00 env=0.09065
2025-11-29 04:34:59 [tracker] [s1] onset t=12.037 env=0.04335 baseline=0.06914 gate=0.00380 envFloor=0.02285 onset=1.052>=0.006
2025-11-29 04:34:59 [tracker] [s1] note-ended (new onset) t=12.037 fret=8 dur=0.352
2025-11-29 04:34:59 [tracker] [s1] note-start t=12.037 fret=10 midi=50 vel=0.52 env=0.04335
2025-11-29 04:34:59 [tracker] [s1] onset t=12.155 env=0.03872 baseline=0.03692 gate=0.00203 envFloor=0.02038 onset=0.619>=0.006
2025-11-29 04:34:59 [tracker] [s1] harmonic-bias t=12.155 pitch=162.95Hz ratio=1.98 harmonic=2 midi=52->40
2025-11-29 04:34:59 [tracker] [s1] open-hold t=12.155 hold=0.360s
2025-11-29 04:34:59 [tracker] [s1] note-start t=12.155 fret=0 midi=40 vel=0.46 env=0.03872
2025-11-29 04:34:59 [tracker] [s1] onset t=12.272 env=0.03024 baseline=0.03298 gate=0.00181 envFloor=0.01811 onset=0.993>=0.006
2025-11-29 04:34:59 [tracker] [s1] note-ended (new onset) t=12.272 fret=0 dur=0.117
2025-11-29 04:34:59 [tracker] [s1] harmonic-bias t=12.272 pitch=164.26Hz ratio=1.99 harmonic=2 midi=52->40
2025-11-29 04:34:59 [tracker] [s1] open-hold t=12.272 hold=0.360s
2025-11-29 04:34:59 [tracker] [s1] note-start t=12.272 fret=0 midi=40 vel=0.36 env=0.03024
2025-11-29 04:34:59 [tracker] [s1] release-quiet t=12.709 avgEnv=0.00014 floor=0.00462 quietFrames=8
2025-11-29 04:34:59 [tracker] [s1] note-ended t=12.709 fret=0 dur=0.437
2025-11-29 04:34:59 [tracker] [s1] onset t=12.816 env=0.06206 baseline=0.02107 gate=0.00116 envFloor=0.01268 onset=1.473>=0.006
2025-11-29 04:35:00 [tracker] [s1] onset t=13.061 env=0.04223 baseline=0.02349 gate=0.00129 envFloor=0.01644 onset=0.993>=0.006
2025-11-29 04:35:00 [tracker] [s1] note-start t=13.061 fret=0 midi=40 vel=0.51 env=0.04223
2025-11-29 04:35:00 [tracker] [s1] release-quiet t=13.360 avgEnv=0.00035 floor=0.00615 quietFrames=8
2025-11-29 04:35:00 [tracker] [s1] note-ended t=13.360 fret=0 dur=0.299
2025-11-29 04:35:00 [tracker] [s1] onset t=13.435 env=0.15445 baseline=0.04198 gate=0.00231 envFloor=0.02939 onset=1.353>=0.006
2025-11-29 04:35:00 [tracker] [s1] onset t=13.563 env=0.10066 baseline=0.05573 gate=0.00307 envFloor=0.03901 onset=0.992>=0.006
2025-11-29 04:35:00 [tracker] [s1] note-start t=13.563 fret=0 midi=40 vel=1.00 env=0.10066
2025-11-29 04:35:00 [tracker] [s1] onset t=13.659 env=0.07538 baseline=0.08660 gate=0.00476 envFloor=0.03626 onset=1.037>=0.006
2025-11-29 04:35:00 [tracker] [s1] note-ended (new onset) t=13.659 fret=0 dur=0.096
2025-11-29 04:35:00 [tracker] [s1] note-start t=13.659 fret=0 midi=40 vel=0.90 env=0.07538
2025-11-29 04:35:00 [tracker] [s1] onset t=13.733 env=0.06402 baseline=0.06550 gate=0.00360 envFloor=0.03352 onset=1.068>=0.006
2025-11-29 04:35:00 [tracker] [s1] note-ended (new onset) t=13.733 fret=0 dur=0.075
2025-11-29 04:35:00 [tracker] [s1] note-start t=13.733 fret=0 midi=40 vel=0.77 env=0.06402
2025-11-29 04:35:01 [tracker] [s1] onset t=13.947 env=0.05227 baseline=0.05212 gate=0.00287 envFloor=0.02606 onset=1.490>=0.006
2025-11-29 04:35:01 [tracker] [s1] note-ended (new onset) t=13.947 fret=0 dur=0.213
2025-11-29 04:35:01 [tracker] [s1] onset t=14.043 env=0.04999 baseline=0.04982 gate=0.00274 envFloor=0.02404 onset=1.009>=0.006
2025-11-29 04:35:01 [tracker] [s1] note-start t=14.043 fret=2 midi=42 vel=0.60 env=0.04999
2025-11-29 04:35:01 [tracker] [s1] onset t=14.277 env=0.03953 baseline=0.04029 gate=0.00222 envFloor=0.01987 onset=0.609>=0.006
2025-11-29 04:35:01 [tracker] [s1] note-ended (new onset) t=14.277 fret=2 dur=0.235
2025-11-29 04:35:01 [tracker] [s1] note-start t=14.277 fret=2 midi=42 vel=0.47 env=0.03953
2025-11-29 04:35:01 [tracker] [s1] onset t=14.384 env=0.09644 baseline=0.03675 gate=0.00202 envFloor=0.02572 onset=1.182>=0.006
2025-11-29 04:35:01 [tracker] [s1] note-ended (new onset) t=14.384 fret=2 dur=0.107
2025-11-29 04:35:01 [tracker] [s1] note-start t=14.384 fret=2 midi=42 vel=1.00 env=0.09644
2025-11-29 04:35:01 [tracker] [s1] onset t=14.501 env=0.08230 baseline=0.08214 gate=0.00452 envFloor=0.02927 onset=1.252>=0.006
2025-11-29 04:35:01 [tracker] [s1] note-ended (new onset) t=14.501 fret=2 dur=0.117
2025-11-29 04:35:01 [tracker] [s1] note-start t=14.501 fret=3 midi=43 vel=0.99 env=0.08230
2025-11-29 04:35:01 [tracker] [s1] onset t=14.565 env=0.06987 baseline=0.07188 gate=0.00395 envFloor=0.02897 onset=1.114>=0.006
2025-11-29 04:35:01 [tracker] [s1] note-ended (new onset) t=14.565 fret=3 dur=0.064
2025-11-29 04:35:01 [tracker] [s1] note-start t=14.565 fret=3 midi=43 vel=0.84 env=0.06987
2025-11-29 04:35:01 [tracker] [s1] onset t=14.651 env=0.06064 baseline=0.06041 gate=0.00332 envFloor=0.02758 onset=0.951>=0.006
2025-11-29 04:35:01 [tracker] [s1] note-ended (new onset) t=14.651 fret=3 dur=0.085
2025-11-29 04:35:01 [tracker] [s1] note-start t=14.651 fret=3 midi=43 vel=0.73 env=0.06064
2025-11-29 04:35:01 [tracker] [s1] onset t=14.715 env=0.05570 baseline=0.05296 gate=0.00291 envFloor=0.02631 onset=0.985>=0.006
2025-11-29 04:35:01 [tracker] [s1] note-ended (new onset) t=14.715 fret=3 dur=0.064
2025-11-29 04:35:01 [tracker] [s1] note-start t=14.715 fret=3 midi=43 vel=0.67 env=0.05570
2025-11-29 04:35:01 [tracker] [s1] onset t=14.832 env=0.14725 baseline=0.04959 gate=0.00273 envFloor=0.03471 onset=0.776>=0.006
2025-11-29 04:35:01 [tracker] [s1] note-ended (new onset) t=14.832 fret=3 dur=0.117
2025-11-29 04:35:01 [tracker] [s1] note-start t=14.832 fret=3 midi=43 vel=1.00 env=0.14725
2025-11-29 04:35:02 [tracker] [s4] onset t=14.843 env=0.00760 baseline=0.00349 gate=0.00059 envFloor=0.00244 onset=0.888>=0.014
2025-11-29 04:35:02 [tracker] [s4] note-start t=14.843 fret=3 midi=58 vel=0.09 env=0.00760
2025-11-29 04:35:02 [tracker] [s1] onset t=14.971 env=0.08396 baseline=0.12416 gate=0.00683 envFloor=0.03819 onset=1.222>=0.006
2025-11-29 04:35:02 [tracker] [s1] note-ended (new onset) t=14.971 fret=3 dur=0.139
2025-11-29 04:35:02 [tracker] [s1] note-start t=14.971 fret=3 midi=43 vel=1.00 env=0.08396
2025-11-29 04:35:02 [tracker] [s1] onset t=15.067 env=0.08278 baseline=0.07223 gate=0.00397 envFloor=0.03573 onset=0.918>=0.006
2025-11-29 04:35:02 [tracker] [s1] note-ended (new onset) t=15.067 fret=3 dur=0.096
2025-11-29 04:35:02 [tracker] [s1] note-start t=15.067 fret=5 midi=45 vel=0.99 env=0.08278
2025-11-29 04:35:02 [tracker] [s1] onset t=15.131 env=0.06936 baseline=0.07230 gate=0.00398 envFloor=0.03357 onset=0.955>=0.006
2025-11-29 04:35:02 [tracker] [s1] note-ended (new onset) t=15.131 fret=5 dur=0.064
2025-11-29 04:35:02 [tracker] [s1] note-start t=15.131 fret=5 midi=45 vel=0.83 env=0.06936
2025-11-29 04:35:02 [tracker] [s1] onset t=15.280 env=0.16092 baseline=0.05819 gate=0.00320 envFloor=0.03488 onset=1.227>=0.006
2025-11-29 04:35:02 [tracker] [s1] note-ended (new onset) t=15.280 fret=5 dur=0.149
2025-11-29 04:35:02 [tracker] [s4] onset t=15.291 env=0.00515 baseline=0.00554 gate=0.00094 envFloor=0.00231 onset=1.218>=0.014
2025-11-29 04:35:02 [tracker] [s4] note-ended (new onset) t=15.291 fret=3 dur=0.448
2025-11-29 04:35:02 [tracker] [s1] onset t=15.483 env=0.10958 baseline=0.13167 gate=0.00724 envFloor=0.04032 onset=1.010>=0.006
2025-11-29 04:35:02 [tracker] [s1] note-ended (new onset) t=15.483 fret=5 dur=0.203
2025-11-29 04:35:02 [tracker] [s1] note-start t=15.483 fret=5 midi=45 vel=1.00 env=0.10958
2025-11-29 04:35:02 [tracker] [s1] onset t=15.622 env=0.07548 baseline=0.09240 gate=0.00508 envFloor=0.03594 onset=0.769>=0.006
2025-11-29 04:35:02 [tracker] [s1] note-ended (new onset) t=15.622 fret=5 dur=0.139
2025-11-29 04:35:02 [tracker] [s1] note-start t=15.622 fret=7 midi=47 vel=0.91 env=0.07548
2025-11-29 04:35:02 [tracker] [s1] onset t=15.760 env=0.11613 baseline=0.06365 gate=0.00350 envFloor=0.03509 onset=0.573>=0.006
2025-11-29 04:35:02 [tracker] [s1] note-ended (new onset) t=15.760 fret=7 dur=0.139
2025-11-29 04:35:02 [tracker] [s1] note-start t=15.760 fret=7 midi=47 vel=1.00 env=0.11613
2025-11-29 04:35:03 [tracker] [s1] onset t=15.899 env=0.08349 baseline=0.09793 gate=0.00539 envFloor=0.03540 onset=1.090>=0.006
2025-11-29 04:35:03 [tracker] [s1] note-ended (new onset) t=15.899 fret=7 dur=0.139
2025-11-29 04:35:03 [tracker] [s1] note-start t=15.899 fret=8 midi=48 vel=1.00 env=0.08349
2025-11-29 04:35:03 [tracker] [s1] onset t=16.091 env=0.06246 baseline=0.06866 gate=0.00378 envFloor=0.03037 onset=0.761>=0.006
2025-11-29 04:35:03 [tracker] [s1] note-ended (new onset) t=16.091 fret=8 dur=0.192
2025-11-29 04:35:03 [tracker] [s1] note-start t=16.091 fret=8 midi=48 vel=0.75 env=0.06246
2025-11-29 04:35:03 [tracker] [s1] onset t=16.251 env=0.14112 baseline=0.05214 gate=0.00287 envFloor=0.03526 onset=0.642>=0.006
2025-11-29 04:35:03 [tracker] [s1] note-ended (new onset) t=16.251 fret=8 dur=0.160
2025-11-29 04:35:03 [tracker] [s1] note-start t=16.251 fret=8 midi=48 vel=1.00 env=0.14112
2025-11-29 04:35:03 [tracker] [s4] onset t=16.251 env=0.00211 baseline=0.00353 gate=0.00060 envFloor=0.00171 onset=1.159>=0.014
2025-11-29 04:35:03 [tracker] [s1] onset t=16.368 env=0.10431 baseline=0.12019 gate=0.00661 envFloor=0.03907 onset=1.158>=0.006
2025-11-29 04:35:03 [tracker] [s1] note-ended (new onset) t=16.368 fret=8 dur=0.117
2025-11-29 04:35:03 [tracker] [s1] note-start t=16.368 fret=8 midi=48 vel=1.00 env=0.10431
2025-11-29 04:35:03 [tracker] [s1] onset t=16.475 env=0.07260 baseline=0.08929 gate=0.00491 envFloor=0.03675 onset=0.640>=0.006
2025-11-29 04:35:03 [tracker] [s1] note-ended (new onset) t=16.475 fret=8 dur=0.107
2025-11-29 04:35:03 [tracker] [s1] note-start t=16.475 fret=10 midi=50 vel=0.87 env=0.07260
2025-11-29 04:35:03 [tracker] [s1] onset t=16.539 env=0.07801 baseline=0.06341 gate=0.00349 envFloor=0.03490 onset=1.427>=0.006
2025-11-29 04:35:03 [tracker] [s1] note-ended (new onset) t=16.539 fret=10 dur=0.064
2025-11-29 04:35:03 [tracker] [s1] onset t=16.731 env=0.21512 baseline=0.07192 gate=0.00396 envFloor=0.05034 onset=0.666>=0.006
2025-11-29 04:35:03 [tracker] [s1] note-ended (new onset) t=16.731 fret=10 dur=0.192
2025-11-29 04:35:03 [tracker] [s1] note-start t=16.731 fret=10 midi=50 vel=1.00 env=0.21512
2025-11-29 04:35:03 [tracker] [s4] onset t=16.741 env=0.00178 baseline=0.00280 gate=0.00048 envFloor=0.00171 onset=0.897>=0.014
2025-11-29 04:35:03 [tracker] [s1] onset t=16.795 env=0.14209 baseline=0.18787 gate=0.01033 envFloor=0.05319 onset=0.743>=0.006
2025-11-29 04:35:03 [tracker] [s1] note-ended (new onset) t=16.795 fret=10 dur=0.064
2025-11-29 04:35:03 [tracker] [s1] harmonic-bias t=16.795 pitch=155.90Hz ratio=1.89 harmonic=2 midi=50->40
2025-11-29 04:35:03 [tracker] [s1] open-hold t=16.795 hold=0.360s
2025-11-29 04:35:03 [tracker] [s1] note-start t=16.795 fret=0 midi=40 vel=1.00 env=0.14209
2025-11-29 04:35:04 [tracker] [s1] onset t=16.912 env=0.08829 baseline=0.12102 gate=0.00666 envFloor=0.04973 onset=0.803>=0.006
2025-11-29 04:35:04 [tracker] [s1] note-ended (new onset) t=16.912 fret=0 dur=0.117
2025-11-29 04:35:04 [tracker] [s1] harmonic-bias t=16.912 pitch=163.76Hz ratio=1.99 harmonic=2 midi=52->40
2025-11-29 04:35:04 [tracker] [s1] open-hold t=16.912 hold=0.360s
2025-11-29 04:35:04 [tracker] [s1] note-start t=16.912 fret=0 midi=40 vel=1.00 env=0.08829
2025-11-29 04:35:04 [tracker] [s1] onset t=17.019 env=0.05906 baseline=0.07557 gate=0.00416 envFloor=0.04401 onset=1.475>=0.006
2025-11-29 04:35:04 [tracker] [s1] note-ended (new onset) t=17.019 fret=0 dur=0.107
2025-11-29 04:35:04 [tracker] [s1] harmonic-bias t=17.019 pitch=166.31Hz ratio=2.02 harmonic=2 midi=52->40
2025-11-29 04:35:04 [tracker] [s1] open-hold t=17.019 hold=0.360s
2025-11-29 04:35:04 [tracker] [s1] note-start t=17.019 fret=0 midi=40 vel=0.71 env=0.05906
2025-11-29 04:35:04 [tracker] [s2] onset t=17.157 env=0.01802 baseline=0.00926 gate=0.00093 envFloor=0.00787 onset=1.047>=0.009
2025-11-29 04:35:04 [tracker] [s1] onset t=17.200 env=0.06912 baseline=0.05010 gate=0.00276 envFloor=0.03507 onset=0.501>=0.006
2025-11-29 04:35:04 [tracker] [s1] note-ended (new onset) t=17.200 fret=0 dur=0.181
2025-11-29 04:35:04 [tracker] [s1] onset t=17.637 env=0.02953 baseline=0.03974 gate=0.00219 envFloor=0.01564 onset=0.689>=0.006
2025-11-29 04:35:05 [tracker] [s1] onset t=18.085 env=0.12533 baseline=0.03220 gate=0.00177 envFloor=0.01297 onset=1.388>=0.006
2025-11-29 04:35:05 [tracker] [s1] onset t=18.544 env=0.05835 baseline=0.02767 gate=0.00152 envFloor=0.01937 onset=1.453>=0.006
2025-11-29 04:35:05 [tracker] [s1] onset t=18.640 env=0.02386 baseline=0.02511 gate=0.00138 envFloor=0.01758 onset=1.005>=0.006
2025-11-29 04:35:05 [tracker] [s1] note-start t=18.640 fret=5 midi=45 vel=0.29 env=0.02386
2025-11-29 04:35:06 [tracker] [s2] onset t=18.960 env=0.00846 baseline=0.00926 gate=0.00093 envFloor=0.00787 onset=0.768>=0.009
2025-11-29 04:35:06 [tracker] [s1] onset t=18.971 env=0.15427 baseline=0.02367 gate=0.00130 envFloor=0.01657 onset=0.724>=0.006
2025-11-29 04:35:06 [tracker] [s1] note-ended (new onset) t=18.971 fret=5 dur=0.331
2025-11-29 04:35:06 [tracker] [s1] onset t=19.099 env=0.02690 baseline=0.02823 gate=0.00155 envFloor=0.01976 onset=1.014>=0.006
2025-11-29 04:35:06 [tracker] [s1] note-start t=19.099 fret=7 midi=47 vel=0.32 env=0.02690
2025-11-29 04:35:06 [tracker] [s1] onset t=19.429 env=0.06631 baseline=0.02383 gate=0.00131 envFloor=0.01668 onset=0.671>=0.006
2025-11-29 04:35:06 [tracker] [s1] note-ended (new onset) t=19.429 fret=7 dur=0.331
2025-11-29 04:35:07 [tracker] [s1] onset t=19.813 env=0.01951 baseline=0.01730 gate=0.00095 envFloor=0.00897 onset=0.670>=0.006
2025-11-29 04:35:07 [tracker] [s1] note-start t=19.813 fret=8 midi=48 vel=0.23 env=0.01951
2025-11-29 04:35:07 [tracker] [s2] onset t=19.813 env=0.01929 baseline=0.00926 gate=0.00093 envFloor=0.00787 onset=0.825>=0.009
2025-11-29 04:35:07 [tracker] [s1] onset t=19.888 env=0.06171 baseline=0.03009 gate=0.00165 envFloor=0.02106 onset=1.137>=0.006
2025-11-29 04:35:07 [tracker] [s1] note-ended (new onset) t=19.888 fret=8 dur=0.075
2025-11-29 04:35:07 [tracker] [s1] onset t=19.973 env=0.02832 baseline=0.02775 gate=0.00153 envFloor=0.01942 onset=1.106>=0.006
2025-11-29 04:35:07 [tracker] [s1] note-start t=19.973 fret=10 midi=50 vel=0.34 env=0.02832
2025-11-29 04:35:07 [tracker] [s1] release-quiet t=20.272 avgEnv=0.00329 floor=0.00821 quietFrames=8
2025-11-29 04:35:07 [tracker] [s1] note-ended t=20.272 fret=10 dur=0.299
2025-11-29 04:35:07 [tracker] [s1] onset t=20.325 env=0.12695 baseline=0.02450 gate=0.00135 envFloor=0.01715 onset=0.622>=0.006
2025-11-29 04:35:07 [tracker] [s1] onset t=20.453 env=0.03071 baseline=0.03070 gate=0.00169 envFloor=0.02149 onset=1.003>=0.006
2025-11-29 04:35:07 [tracker] [s1] harmonic-bias t=20.453 pitch=162.75Hz ratio=1.98 harmonic=2 midi=52->40
2025-11-29 04:35:07 [tracker] [s1] open-hold t=20.453 hold=0.360s
2025-11-29 04:35:07 [tracker] [s1] note-start t=20.453 fret=0 midi=40 vel=0.37 env=0.03071
2025-11-29 04:35:08 [tracker] [s1] release-quiet t=20.890 avgEnv=0.00015 floor=0.00528 quietFrames=8
2025-11-29 04:35:08 [tracker] [s1] note-ended t=20.890 fret=0 dur=0.437
2025-11-29 04:35:08 [tracker] [s2] onset t=21.584 env=0.05819 baseline=0.01250 gate=0.00125 envFloor=0.00875 onset=1.487>=0.009
2025-11-29 04:35:08 [tracker] [s2] note-start t=21.584 fret=0 midi=45 vel=0.70 env=0.05819
2025-11-29 04:35:08 [tracker] [s2] onset t=21.701 env=0.03494 baseline=0.04956 gate=0.00496 envFloor=0.01347 onset=1.272>=0.009
2025-11-29 04:35:08 [tracker] [s2] note-ended (new onset) t=21.701 fret=0 dur=0.117
2025-11-29 04:35:08 [tracker] [s2] note-start t=21.701 fret=0 midi=45 vel=0.42 env=0.03494
2025-11-29 04:35:09 [tracker] [s2] onset t=21.893 env=0.01251 baseline=0.02874 gate=0.00287 envFloor=0.01166 onset=0.590>=0.009
2025-11-29 04:35:09 [tracker] [s2] note-ended (new onset) t=21.893 fret=0 dur=0.192
2025-11-29 04:35:09 [tracker] [s2] note-start t=21.893 fret=0 midi=45 vel=0.15 env=0.01251
2025-11-29 04:35:09 [tracker] [s2] onset t=21.978 env=0.08174 baseline=0.02799 gate=0.00280 envFloor=0.01959 onset=1.280>=0.009
2025-11-29 04:35:09 [tracker] [s2] note-ended (new onset) t=21.978 fret=0 dur=0.085
2025-11-29 04:35:09 [tracker] [s2] onset t=22.106 env=0.06578 baseline=0.03183 gate=0.00318 envFloor=0.02228 onset=1.027>=0.009
2025-11-29 04:35:09 [tracker] [s2] note-start t=22.106 fret=2 midi=47 vel=0.79 env=0.06578
2025-11-29 04:35:09 [tracker] [s2] onset t=22.384 env=0.03905 baseline=0.05197 gate=0.00520 envFloor=0.01812 onset=0.550>=0.009
2025-11-29 04:35:09 [tracker] [s2] note-ended (new onset) t=22.384 fret=2 dur=0.277
2025-11-29 04:35:09 [tracker] [s2] note-start t=22.384 fret=2 midi=47 vel=0.47 env=0.03905
2025-11-29 04:35:09 [tracker] [s2] onset t=22.586 env=0.02750 baseline=0.03195 gate=0.00320 envFloor=0.01553 onset=1.190>=0.009
2025-11-29 04:35:09 [tracker] [s2] note-ended (new onset) t=22.586 fret=2 dur=0.203
2025-11-29 04:35:09 [tracker] [s2] note-start t=22.586 fret=3 midi=48 vel=0.33 env=0.02750
2025-11-29 04:35:10 [tracker] [s2] onset t=22.768 env=0.11076 baseline=0.02629 gate=0.00263 envFloor=0.01840 onset=0.504>=0.009
2025-11-29 04:35:10 [tracker] [s2] note-ended (new onset) t=22.768 fret=3 dur=0.181
2025-11-29 04:35:10 [tracker] [s2] note-start t=22.768 fret=3 midi=48 vel=1.00 env=0.11076
2025-11-29 04:35:10 [tracker] [s2] onset t=22.938 env=0.08060 baseline=0.09201 gate=0.00920 envFloor=0.02801 onset=1.033>=0.009
2025-11-29 04:35:10 [tracker] [s2] note-ended (new onset) t=22.938 fret=3 dur=0.171
2025-11-29 04:35:10 [tracker] [s2] note-start t=22.938 fret=5 midi=50 vel=0.97 env=0.08060
2025-11-29 04:35:10 [tracker] [s2] onset t=23.056 env=0.05114 baseline=0.06865 gate=0.00686 envFloor=0.02635 onset=1.167>=0.009
2025-11-29 04:35:10 [tracker] [s2] note-ended (new onset) t=23.056 fret=5 dur=0.117
2025-11-29 04:35:10 [tracker] [s2] onset t=23.173 env=0.09424 baseline=0.04356 gate=0.00436 envFloor=0.02487 onset=0.814>=0.009
2025-11-29 04:35:10 [tracker] [s2] note-ended (new onset) t=23.173 fret=5 dur=0.117
2025-11-29 04:35:10 [tracker] [s2] note-start t=23.173 fret=5 midi=50 vel=1.00 env=0.09424
2025-11-29 04:35:10 [tracker] [s2] onset t=23.461 env=0.07127 baseline=0.07408 gate=0.00741 envFloor=0.02991 onset=1.417>=0.009
2025-11-29 04:35:10 [tracker] [s2] note-ended (new onset) t=23.461 fret=5 dur=0.288
2025-11-29 04:35:10 [tracker] [s2] note-start t=23.461 fret=7 midi=52 vel=0.86 env=0.07127
2025-11-29 04:35:10 [tracker] [s2] onset t=23.589 env=0.14108 baseline=0.06040 gate=0.00604 envFloor=0.03049 onset=1.024>=0.009
2025-11-29 04:35:10 [tracker] [s2] note-ended (new onset) t=23.589 fret=7 dur=0.128
2025-11-29 04:35:10 [tracker] [s2] note-start t=23.589 fret=7 midi=52 vel=1.00 env=0.14108
2025-11-29 04:35:11 [tracker] [s2] onset t=23.760 env=0.09782 baseline=0.11718 gate=0.01172 envFloor=0.03824 onset=1.168>=0.009
2025-11-29 04:35:11 [tracker] [s2] note-ended (new onset) t=23.760 fret=7 dur=0.171
2025-11-29 04:35:11 [tracker] [s2] note-start t=23.760 fret=8 midi=53 vel=1.00 env=0.09782
2025-11-29 04:35:11 [tracker] [s2] onset t=23.834 env=0.08488 baseline=0.08501 gate=0.00850 envFloor=0.03675 onset=0.981>=0.009
2025-11-29 04:35:11 [tracker] [s2] note-ended (new onset) t=23.834 fret=8 dur=0.075
2025-11-29 04:35:11 [tracker] [s2] note-start t=23.834 fret=8 midi=53 vel=1.00 env=0.08488
2025-11-29 04:35:11 [tracker] [s2] onset t=23.898 env=0.07663 baseline=0.07413 gate=0.00741 envFloor=0.03509 onset=0.908>=0.009
2025-11-29 04:35:11 [tracker] [s2] note-ended (new onset) t=23.898 fret=8 dur=0.064
2025-11-29 04:35:11 [tracker] [s2] note-start t=23.898 fret=8 midi=53 vel=0.92 env=0.07663
2025-11-29 04:35:11 [tracker] [s2] onset t=23.994 env=0.18732 baseline=0.06592 gate=0.00659 envFloor=0.03809 onset=0.634>=0.009
2025-11-29 04:35:11 [tracker] [s2] note-ended (new onset) t=23.994 fret=8 dur=0.096
2025-11-29 04:35:11 [tracker] [s2] note-start t=23.994 fret=8 midi=53 vel=1.00 env=0.18732
2025-11-29 04:35:11 [tracker] [s2] onset t=24.389 env=0.25756 baseline=0.14005 gate=0.01400 envFloor=0.04819 onset=1.368>=0.009
2025-11-29 04:35:11 [tracker] [s2] note-ended (new onset) t=24.389 fret=8 dur=0.395
2025-11-29 04:35:11 [tracker] [s2] note-start t=24.389 fret=10 midi=55 vel=1.00 env=0.25756
2025-11-29 04:35:11 [tracker] [s2] onset t=24.453 env=0.19533 baseline=0.22494 gate=0.02249 envFloor=0.06525 onset=0.630>=0.009
2025-11-29 04:35:11 [tracker] [s2] note-ended (new onset) t=24.453 fret=10 dur=0.064
2025-11-29 04:35:11 [tracker] [s2] onset t=24.570 env=0.14900 baseline=0.21287 gate=0.02129 envFloor=0.06278 onset=0.844>=0.009
2025-11-29 04:35:11 [tracker] [s2] note-start t=24.570 fret=12 midi=57 vel=1.00 env=0.14900
2025-11-29 04:35:11 [tracker] [s2] onset t=24.666 env=0.10658 baseline=0.12819 gate=0.01282 envFloor=0.05764 onset=1.258>=0.009
2025-11-29 04:35:11 [tracker] [s2] note-ended (new onset) t=24.666 fret=12 dur=0.096
2025-11-29 04:35:11 [tracker] [s2] note-start t=24.666 fret=12 midi=57 vel=1.00 env=0.10658
2025-11-29 04:35:12 [tracker] [s2] release-quiet t=24.805 avgEnv=0.00035 floor=0.04046 quietFrames=8
2025-11-29 04:35:12 [tracker] [s2] note-ended t=24.805 fret=12 dur=0.139
2025-11-29 04:35:12 [tracker] [s2] onset t=25.232 env=0.05495 baseline=0.07354 gate=0.00735 envFloor=0.01869 onset=0.593>=0.009
2025-11-29 04:35:12 [tracker] [s2] onset t=25.317 env=0.03425 baseline=0.07065 gate=0.00706 envFloor=0.01791 onset=1.147>=0.009
2025-11-29 04:35:12 [tracker] [s2] note-start t=25.317 fret=0 midi=45 vel=0.41 env=0.03425
2025-11-29 04:35:12 [tracker] [s2] release-retrigger t=25.509 onset=1.196 gate=0.027 age=0.192
2025-11-29 04:35:12 [tracker] [s2] note-ended t=25.509 fret=0 dur=0.192
2025-11-29 04:35:12 [tracker] [s2] onset t=25.647 env=0.05370 baseline=0.02639 gate=0.00264 envFloor=0.01795 onset=1.307>=0.009
2025-11-29 04:35:13 [tracker] [s2] onset t=25.743 env=0.03658 baseline=0.02523 gate=0.00252 envFloor=0.01752 onset=0.581>=0.009
2025-11-29 04:35:13 [tracker] [s2] note-start t=25.743 fret=2 midi=47 vel=0.44 env=0.03658
2025-11-29 04:35:13 [tracker] [s2] release-retrigger t=25.967 onset=0.712 gate=0.024 age=0.224
2025-11-29 04:35:13 [tracker] [s2] note-ended t=25.967 fret=2 dur=0.224
2025-11-29 04:35:13 [tracker] [s2] onset t=26.042 env=0.09041 baseline=0.02861 gate=0.00286 envFloor=0.01345 onset=0.735>=0.009
2025-11-29 04:35:13 [tracker] [s2] onset t=26.490 env=0.05359 baseline=0.02373 gate=0.00237 envFloor=0.01661 onset=1.471>=0.009
2025-11-29 04:35:14 [tracker] [s2] onset t=26.906 env=0.06115 baseline=0.02842 gate=0.00284 envFloor=0.01989 onset=1.412>=0.009
2025-11-29 04:35:14 [tracker] [s2] onset t=27.002 env=0.03407 baseline=0.02696 gate=0.00270 envFloor=0.01887 onset=1.005>=0.009
2025-11-29 04:35:14 [tracker] [s2] note-start t=27.002 fret=7 midi=52 vel=0.41 env=0.03407
2025-11-29 04:35:14 [tracker] [s2] release-retrigger t=27.183 onset=1.316 gate=0.027 age=0.181
2025-11-29 04:35:14 [tracker] [s2] note-ended t=27.183 fret=7 dur=0.181
2025-11-29 04:35:14 [tracker] [s2] onset t=27.322 env=0.06309 baseline=0.02949 gate=0.00295 envFloor=0.02065 onset=0.666>=0.009
2025-11-29 04:35:14 [tracker] [s2] onset t=27.407 env=0.03480 baseline=0.02801 gate=0.00280 envFloor=0.01961 onset=1.108>=0.009
2025-11-29 04:35:14 [tracker] [s2] note-start t=27.407 fret=8 midi=53 vel=0.42 env=0.03480
2025-11-29 04:35:14 [tracker] [s2] release-retrigger t=27.535 onset=0.631 gate=0.031 age=0.128
2025-11-29 04:35:14 [tracker] [s2] note-ended t=27.535 fret=8 dur=0.128
2025-11-29 04:35:15 [tracker] [s2] onset t=27.759 env=0.07414 baseline=0.02927 gate=0.00293 envFloor=0.02049 onset=1.421>=0.009
2025-11-29 04:35:15 [tracker] [s2] onset t=27.855 env=0.03330 baseline=0.02815 gate=0.00281 envFloor=0.01970 onset=1.028>=0.009
2025-11-29 04:35:15 [tracker] [s2] note-start t=27.855 fret=10 midi=55 vel=0.40 env=0.03330
2025-11-29 04:35:15 [tracker] [s2] release-retrigger t=27.994 onset=0.592 gate=0.030 age=0.139
2025-11-29 04:35:15 [tracker] [s2] note-ended t=27.994 fret=10 dur=0.139
2025-11-29 04:35:15 [tracker] [s2] onset t=28.175 env=0.09185 baseline=0.03715 gate=0.00371 envFloor=0.02600 onset=1.475>=0.009
2025-11-29 04:35:15 [tracker] [s2] onset t=28.271 env=0.04584 baseline=0.03622 gate=0.00362 envFloor=0.02535 onset=1.164>=0.009
2025-11-29 04:35:15 [tracker] [s2] note-start t=28.271 fret=12 midi=57 vel=0.55 env=0.04584
2025-11-29 04:35:15 [tracker] [s2] release-retrigger t=28.367 onset=0.691 gate=0.043 age=0.096
2025-11-29 04:35:15 [tracker] [s2] note-ended t=28.367 fret=12 dur=0.096
2025-11-29 04:35:16 [tracker] [s3] onset t=29.199 env=0.05058 baseline=0.01585 gate=0.00206 envFloor=0.01347 onset=1.371>=0.012
2025-11-29 04:35:16 [tracker] [s4] onset t=29.317 env=0.00175 baseline=0.00201 gate=0.00034 envFloor=0.00171 onset=0.902>=0.014
2025-11-29 04:35:16 [tracker] [s4] onset t=29.583 env=0.00553 baseline=0.00204 gate=0.00035 envFloor=0.00171 onset=1.406>=0.014
2025-11-29 04:35:16 [tracker] [s3] onset t=29.594 env=0.07993 baseline=0.01865 gate=0.00243 envFloor=0.01347 onset=0.566>=0.012
2025-11-29 04:35:16 [tracker] [s3] note-start t=29.594 fret=0 midi=50 vel=0.96 env=0.07993
2025-11-29 04:35:17 [tracker] [s3] onset t=29.711 env=0.06720 baseline=0.06808 gate=0.00885 envFloor=0.02158 onset=1.078>=0.012
2025-11-29 04:35:17 [tracker] [s3] note-ended (new onset) t=29.711 fret=0 dur=0.117
2025-11-29 04:35:17 [tracker] [s3] note-start t=29.711 fret=2 midi=52 vel=0.81 env=0.06720
2025-11-29 04:35:17 [tracker] [s3] onset t=29.829 env=0.04994 baseline=0.05724 gate=0.00744 envFloor=0.02162 onset=0.991>=0.012
2025-11-29 04:35:17 [tracker] [s3] note-ended (new onset) t=29.829 fret=2 dur=0.117
2025-11-29 04:35:17 [tracker] [s3] note-start t=29.829 fret=2 midi=52 vel=0.60 env=0.04994
2025-11-29 04:35:17 [tracker] [s4] onset t=29.999 env=0.00277 baseline=0.00204 gate=0.00035 envFloor=0.00171 onset=0.649>=0.014
2025-11-29 04:35:17 [tracker] [s3] onset t=30.010 env=0.14500 baseline=0.04127 gate=0.00537 envFloor=0.02324 onset=0.573>=0.012
2025-11-29 04:35:17 [tracker] [s3] note-ended (new onset) t=30.010 fret=2 dur=0.181
2025-11-29 04:35:17 [tracker] [s3] note-start t=30.010 fret=2 midi=52 vel=1.00 env=0.14500
2025-11-29 04:35:17 [tracker] [s3] onset t=30.138 env=0.10437 baseline=0.12288 gate=0.01597 envFloor=0.04083 onset=1.255>=0.012
2025-11-29 04:35:17 [tracker] [s3] note-ended (new onset) t=30.138 fret=2 dur=0.128
2025-11-29 04:35:17 [tracker] [s3] note-start t=30.138 fret=3 midi=53 vel=1.00 env=0.10437
2025-11-29 04:35:17 [tracker] [s3] onset t=30.276 env=0.09203 baseline=0.08801 gate=0.01144 envFloor=0.03901 onset=1.141>=0.012
2025-11-29 04:35:17 [tracker] [s3] note-ended (new onset) t=30.276 fret=3 dur=0.139
2025-11-29 04:35:17 [tracker] [s3] note-start t=30.276 fret=3 midi=53 vel=1.00 env=0.09203
2025-11-29 04:35:17 [tracker] [s4] onset t=30.415 env=0.01418 baseline=0.00410 gate=0.00070 envFloor=0.00287 onset=1.495>=0.014
2025-11-29 04:35:17 [tracker] [s3] release-retrigger t=30.426 onset=0.663 gate=0.056 age=0.149
2025-11-29 04:35:17 [tracker] [s3] note-ended t=30.426 fret=3 dur=0.149
2025-11-29 04:35:17 [tracker] [s3] onset t=30.490 env=0.09568 baseline=0.07492 gate=0.00974 envFloor=0.03478 onset=0.518>=0.012
2025-11-29 04:35:18 [tracker] [s3] onset t=30.618 env=0.07171 baseline=0.07055 gate=0.00917 envFloor=0.03300 onset=1.043>=0.012
2025-11-29 04:35:18 [tracker] [s3] note-start t=30.618 fret=5 midi=55 vel=0.86 env=0.07171
2025-11-29 04:35:18 [tracker] [s4] onset t=30.842 env=0.00809 baseline=0.00525 gate=0.00089 envFloor=0.00367 onset=1.322>=0.014
2025-11-29 04:35:18 [tracker] [s3] release-retrigger t=30.852 onset=1.406 gate=0.043 age=0.235
2025-11-29 04:35:18 [tracker] [s3] note-ended t=30.852 fret=5 dur=0.235
2025-11-29 04:35:18 [tracker] [s3] onset t=30.916 env=0.09469 baseline=0.05608 gate=0.00729 envFloor=0.03181 onset=1.212>=0.012
2025-11-29 04:35:18 [tracker] [s4] onset t=31.268 env=0.00485 baseline=0.00306 gate=0.00052 envFloor=0.00214 onset=1.292>=0.014
2025-11-29 04:35:18 [tracker] [s3] onset t=31.279 env=0.02259 baseline=0.04730 gate=0.00615 envFloor=0.02221 onset=0.592>=0.012
2025-11-29 04:35:18 [tracker] [s3] note-start t=31.279 fret=7 midi=57 vel=0.27 env=0.02259
2025-11-29 04:35:18 [tracker] [s3] release-retrigger t=31.332 onset=0.813 gate=0.048 age=0.053
2025-11-29 04:35:18 [tracker] [s3] note-ended t=31.332 fret=7 dur=0.053
2025-11-29 04:35:19 [tracker] [s3] onset t=31.706 env=0.05869 baseline=0.02846 gate=0.00370 envFloor=0.01992 onset=0.561>=0.012
2025-11-29 04:35:19 [tracker] [s3] note-start t=31.706 fret=8 midi=58 vel=0.70 env=0.05869
2025-11-29 04:35:19 [tracker] [s3] release-retrigger t=31.759 onset=0.874 gate=0.055 age=0.053
2025-11-29 04:35:19 [tracker] [s3] note-ended t=31.759 fret=8 dur=0.053
2025-11-29 04:35:19 [tracker] [s3] onset t=31.898 env=0.10037 baseline=0.05106 gate=0.00664 envFloor=0.03574 onset=1.003>=0.012
2025-11-29 04:35:19 [tracker] [s3] note-start t=31.898 fret=10 midi=60 vel=1.00 env=0.10037
2025-11-29 04:35:19 [tracker] [s3] onset t=31.994 env=0.08961 baseline=0.08635 gate=0.01123 envFloor=0.03479 onset=0.847>=0.012
2025-11-29 04:35:19 [tracker] [s3] note-ended (new onset) t=31.994 fret=10 dur=0.096
2025-11-29 04:35:19 [tracker] [s3] note-start t=31.994 fret=10 midi=60 vel=1.00 env=0.08961
2025-11-29 04:35:19 [tracker] [s3] release-retrigger t=32.111 onset=0.525 gate=0.051 age=0.117
2025-11-29 04:35:19 [tracker] [s3] note-ended t=32.111 fret=10 dur=0.117
2025-11-29 04:35:19 [tracker] [s4] onset t=32.143 env=0.00285 baseline=0.00201 gate=0.00034 envFloor=0.00171 onset=0.709>=0.014
2025-11-29 04:35:19 [tracker] [s3] onset t=32.175 env=0.12584 baseline=0.07406 gate=0.00963 envFloor=0.03824 onset=0.901>=0.012
2025-11-29 04:35:19 [tracker] [s3] onset t=32.271 env=0.10752 baseline=0.07080 gate=0.00920 envFloor=0.03928 onset=0.889>=0.012
2025-11-29 04:35:19 [tracker] [s3] note-start t=32.271 fret=10 midi=60 vel=1.00 env=0.10752
2025-11-29 04:35:19 [tracker] [s3] onset t=32.346 env=0.10245 baseline=0.09343 gate=0.01215 envFloor=0.03873 onset=1.365>=0.012
2025-11-29 04:35:19 [tracker] [s3] note-ended (new onset) t=32.346 fret=10 dur=0.075
2025-11-29 04:35:19 [tracker] [s3] note-start t=32.346 fret=12 midi=62 vel=1.00 env=0.10245
2025-11-29 04:35:19 [tracker] [s3] onset t=32.452 env=0.06671 baseline=0.08769 gate=0.01140 envFloor=0.03644 onset=0.600>=0.012
2025-11-29 04:35:19 [tracker] [s3] note-ended (new onset) t=32.452 fret=12 dur=0.107
2025-11-29 04:35:19 [tracker] [s3] note-start t=32.452 fret=12 midi=62 vel=0.80 env=0.06671
2025-11-29 04:35:20 [tracker] [s3] release-quiet t=32.612 avgEnv=0.01998 floor=0.03151 quietFrames=8
2025-11-29 04:35:20 [tracker] [s3] note-ended t=32.612 fret=12 dur=0.160
