# SignalAssistant session log
# Started at 2025-11-21 19:58:18
2025-11-21 19:58:18 [tracker] [s1] calibration reset
2025-11-21 19:58:18 [tracker] [s2] calibration reset
2025-11-21 19:58:18 [tracker] [s3] calibration reset
2025-11-21 19:58:18 [tracker] [s4] calibration reset
2025-11-21 19:58:18 [tracker] [s5] calibration reset
2025-11-21 19:58:18 [tracker] [s6] calibration reset
2025-11-21 19:58:18 [tracker] [s1] calibration avg=0.04811 peak=0.15331
2025-11-21 19:58:18 [tracker] [s2] calibration avg=0.02031 peak=0.06319
2025-11-21 19:58:18 [tracker] [s4] calibration avg=0.02562 peak=0.09337
2025-11-21 19:58:18 [tracker] [s5] calibration avg=0.05678 peak=0.31330
2025-11-21 19:58:18 [tracker] [s6] calibration avg=0.07111 peak=0.29434
2025-11-21 19:58:18 [tracker] [s1] configure sr=48000.0 hop=128 fft=1024 low=37.1 high=445.0
2025-11-21 19:58:18 [tracker] [s2] configure sr=48000.0 hop=128 fft=1024 low=55.0 high=563.2
2025-11-21 19:58:18 [tracker] [s3] configure sr=48000.0 hop=128 fft=1024 low=85.2 high=693.0
2025-11-21 19:58:18 [tracker] [s4] configure sr=48000.0 hop=128 fft=1024 low=127.4 high=862.4
2025-11-21 19:58:18 [tracker] [s5] configure sr=48000.0 hop=128 fft=512 low=160.5 high=1086.5
2025-11-21 19:58:18 [tracker] [s6] configure sr=48000.0 hop=128 fft=512 low=214.3 high=1450.4
2025-11-21 19:58:18 [meters] Hex input RMS -> E | 0.001    A | 0.001    D | 0.001    G | 0.001    B | 0.001    e | 0.001
2025-11-21 19:58:19 [meters] Hex input RMS -> E | 0.001    A | 0.001    D | 0.001    G | 0.001    B | 0.001    e | 0.001
2025-11-21 19:58:19 [meters] Hex input RMS -> E | 0.002    A | 0.002    D | 0.002    G | 0.002    B | 0.002    e | 0.002
2025-11-21 19:58:19 [meters] Hex input RMS -> E | 0.002    A | 0.002    D | 0.002    G | 0.002    B | 0.002    e | 0.002
2025-11-21 19:58:19 [meters] Hex input RMS -> E | 0.002    A | 0.002    D | 0.002    G | 0.002    B | 0.002    e | 0.002
2025-11-21 19:58:19 [meters] Hex input RMS -> E | 0.001    A | 0.001    D | 0.001    G | 0.001    B | 0.001    e | 0.001
2025-11-21 19:58:19 [meters] Hex input RMS -> E | 0.001    A | 0.001    D | 0.001    G | 0.001    B | 0.001    e | 0.001
2025-11-21 19:58:19 [meters] Hex input RMS -> E | 0.002    A | 0.002    D | 0.002    G | 0.002    B | 0.002    e | 0.002
2025-11-21 19:58:19 [meters] Hex input RMS -> E | 0.002    A | 0.002    D | 0.002    G | 0.002    B | 0.002    e | 0.002
2025-11-21 19:58:19 [meters] Hex input RMS -> E | 0.002    A | 0.002    D | 0.002    G | 0.002    B | 0.002    e | 0.002
2025-11-21 19:58:19 [meters] Hex input RMS -> E | 0.001    A | 0.001    D | 0.001    G | 0.001    B | 0.001    e | 0.001
2025-11-21 19:58:19 [meters] Hex input RMS -> E | 0.001    A | 0.001    D | 0.001    G | 0.001    B | 0.002    e | 0.001
2025-11-21 19:58:19 [meters] Hex input RMS -> E | 0.002    A | 0.002    D | 0.002    G | 0.002    B | 0.002    e | 0.002
2025-11-21 19:58:20 [meters] Hex input RMS -> E | 0.002    A | 0.002    D | 0.002    G | 0.002    B | 0.002    e | 0.002
2025-11-21 19:58:20 [meters] Hex input RMS -> E | 0.002    A | 0.001    D | 0.002    G | 0.001    B | 0.002    e | 0.001
2025-11-21 19:58:20 [meters] Hex input RMS -> E | 0.001    A | 0.001    D | 0.001    G | 0.001    B | 0.001    e | 0.001
2025-11-21 19:58:20 [meters] Hex input RMS -> E | 0.002    A | 0.002    D | 0.002    G | 0.001    B | 0.002    e | 0.002
2025-11-21 19:58:20 [meters] Hex input RMS -> E | 0.002    A | 0.002    D | 0.002    G | 0.002    B | 0.002    e | 0.002
2025-11-21 19:58:20 [meters] Hex input RMS -> E | 0.002    A | 0.002    D | 0.002    G | 0.002    B | 0.002    e | 0.002
2025-11-21 19:58:20 [meters] Hex input RMS -> E | 0.001    A | 0.001    D | 0.001    G | 0.001    B | 0.001    e | 0.001
2025-11-21 19:58:20 [meters] Hex input RMS -> E | 0.001    A | 0.001    D | 0.001    G | 0.001    B | 0.001    e | 0.001
2025-11-21 19:58:20 [meters] Hex input RMS -> E | 0.002    A | 0.002    D | 0.002    G | 0.002    B | 0.002    e | 0.002
2025-11-21 19:58:20 [meters] Hex input RMS -> E | 0.002    A | 0.002    D | 0.002    G | 0.002    B | 0.002    e | 0.002
2025-11-21 19:58:20 [meters] Hex input RMS -> E | 0.002    A | 0.002    D | 0.002    G | 0.002    B | 0.002    e | 0.002
2025-11-21 19:58:20 [meters] Hex input RMS -> E | 0.002    A | 0.001    D | 0.001    G | 0.001    B | 0.001    e | 0.001
2025-11-21 19:58:20 [meters] Hex input RMS -> E | 0.002    A | 0.001    D | 0.001    G | 0.001    B | 0.001    e | 0.001
2025-11-21 19:58:21 [meters] Hex input RMS -> E | 0.002    A | 0.002    D | 0.002    G | 0.002    B | 0.002    e | 0.002
2025-11-21 19:58:21 [meters] Hex input RMS -> E | 0.002    A | 0.002    D | 0.002    G | 0.002    B | 0.002    e | 0.002
2025-11-21 19:58:21 [meters] Hex input RMS -> E | 0.002    A | 0.002    D | 0.002    G | 0.002    B | 0.002    e | 0.002
2025-11-21 19:58:21 [meters] Hex input RMS -> E | 0.001    A | 0.001    D | 0.001    G | 0.002    B | 0.001    e | 0.001
2025-11-21 19:58:21 [meters] Hex input RMS -> E | 0.001    A | 0.001    D | 0.002    G | 0.002    B | 0.001    e | 0.002
2025-11-21 19:58:21 [meters] Hex input RMS -> E | 0.002    A | 0.002    D | 0.002    G | 0.002    B | 0.002    e | 0.002
2025-11-21 19:58:21 [meters] Hex input RMS -> E | 0.002    A | 0.002    D | 0.002    G | 0.002    B | 0.002    e | 0.002
2025-11-21 19:58:21 [meters] Hex input RMS -> E | 0.002    A | 0.001    D | 0.002    G | 0.002    B | 0.002    e | 0.001
2025-11-21 19:58:21 [meters] Hex input RMS -> E | 0.001    A | 0.001    D | 0.001    G | 0.001    B | 0.001    e | 0.001
2025-11-21 19:58:21 [meters] Hex input RMS -> E | 0.002    A | 0.002    D | 0.002    G | 0.002    B | 0.002    e | 0.002
2025-11-21 19:58:21 [meters] Hex input RMS -> E | 0.002    A | 0.002    D | 0.002    G | 0.002    B | 0.002    e | 0.002
2025-11-21 19:58:21 [meters] Hex input RMS -> E | 0.002    A | 0.002    D | 0.002    G | 0.002    B | 0.002    e | 0.002
2025-11-21 19:58:22 [meters] Hex input RMS -> E | 0.001    A | 0.001    D | 0.001    G | 0.001    B | 0.001    e | 0.001
2025-11-21 19:58:22 [meters] Hex input RMS -> E | 0.001    A | 0.001    D | 0.001    G | 0.001    B | 0.001    e | 0.001
2025-11-21 19:58:22 [meters] Hex input RMS -> E | 0.002    A | 0.002    D | 0.002    G | 0.002    B | 0.002    e | 0.002
2025-11-21 19:58:22 [meters] Hex input RMS -> E | 0.002    A | 0.002    D | 0.002    G | 0.002    B | 0.002    e | 0.002
2025-11-21 19:58:22 [meters] Hex input RMS -> E | 0.002    A | 0.002    D | 0.002    G | 0.002    B | 0.002    e | 0.002
2025-11-21 19:58:22 [meters] Hex input RMS -> E | 0.001    A | 0.001    D | 0.001    G | 0.001    B | 0.001    e | 0.001
2025-11-21 19:58:22 [meters] Hex input RMS -> E | 0.001    A | 0.001    D | 0.001    G | 0.001    B | 0.001    e | 0.001
2025-11-21 19:58:22 [meters] Hex input RMS -> E | 0.002    A | 0.002    D | 0.002    G | 0.002    B | 0.002    e | 0.002
2025-11-21 19:58:22 [meters] Hex input RMS -> E | 0.002    A | 0.002    D | 0.002    G | 0.002    B | 0.002    e | 0.002
2025-11-21 19:58:22 [meters] Hex input RMS -> E | 0.002    A | 0.002    D | 0.002    G | 0.002    B | 0.002    e | 0.002
2025-11-21 19:58:22 [meters] Hex input RMS -> E | 0.001    A | 0.001    D | 0.001    G | 0.001    B | 0.001    e | 0.001
2025-11-21 19:58:22 [meters] Hex input RMS -> E | 0.002    A | 0.002    D | 0.002    G | 0.001    B | 0.001    e | 0.001
2025-11-21 19:58:22 [meters] Hex input RMS -> E | 0.002    A | 0.002    D | 0.002    G | 0.002    B | 0.002    e | 0.002
2025-11-21 19:58:23 [meters] Hex input RMS -> E | 0.002    A | 0.002    D | 0.002    G | 0.002    B | 0.002    e | 0.002
2025-11-21 19:58:23 [meters] Hex input RMS -> E | 0.001    A | 0.001    D | 0.002    G | 0.001    B | 0.001    e | 0.001
2025-11-21 19:58:23 [meters] Hex input RMS -> E | 0.001    A | 0.001    D | 0.001    G | 0.001    B | 0.001    e | 0.001
2025-11-21 19:58:23 [meters] Hex input RMS -> E | 0.002    A | 0.002    D | 0.002    G | 0.002    B | 0.002    e | 0.002
2025-11-21 19:58:23 [meters] Hex input RMS -> E | 0.002    A | 0.002    D | 0.002    G | 0.002    B | 0.002    e | 0.002
2025-11-21 19:58:23 [meters] Hex input RMS -> E | 0.002    A | 0.002    D | 0.002    G | 0.002    B | 0.002    e | 0.002
2025-11-21 19:58:23 [meters] Hex input RMS -> E | 0.001    A | 0.001    D | 0.001    G | 0.001    B | 0.001    e | 0.001
2025-11-21 19:58:23 [meters] Hex input RMS -> E | 0.001    A | 0.001    D | 0.001    G | 0.001    B | 0.001    e | 0.001
2025-11-21 19:58:23 [meters] Hex input RMS -> E | 0.002    A | 0.002    D | 0.002    G | 0.002    B | 0.002    e | 0.002
2025-11-21 19:58:23 [meters] Hex input RMS -> E | 0.002    A | 0.002    D | 0.002    G | 0.002    B | 0.002    e | 0.002
2025-11-21 19:58:23 [meters] Hex input RMS -> E | 0.006    A | 0.002    D | 0.002    G | 0.002    B | 0.002    e | 0.002
2025-11-21 19:58:23 [meters] Hex input RMS -> E | 0.203    A | 0.004    D | 0.002    G | 0.001    B | 0.001    e | 0.002
2025-11-21 19:58:23 [tracker] [s1] onset t=5.175 env=0.21556 baseline=0.09923 gate=0.00546 envFloor=0.06946 onset=0.583>=0.006
2025-11-21 19:58:24 [tracker] [s1] onset t=5.225 env=0.20009 baseline=0.08972 gate=0.00493 envFloor=0.06280 onset=0.771>=0.006
2025-11-21 19:58:24 [meters] Hex input RMS -> E | 0.072    A | 0.002    D | 0.002    G | 0.001    B | 0.002    e | 0.001
2025-11-21 19:58:24 [tracker] [s1] onset t=5.287 env=0.11341 baseline=0.07174 gate=0.00395 envFloor=0.05022 onset=0.544>=0.006
2025-11-21 19:58:24 [meters] Hex input RMS -> E | 0.068    A | 0.003    D | 0.002    G | 0.002    B | 0.002    e | 0.002
2025-11-21 19:58:24 [tracker] [s1] onset t=5.345 env=0.15926 baseline=0.05835 gate=0.00321 envFloor=0.04085 onset=1.364>=0.006
2025-11-21 19:58:24 [meters] Hex input RMS -> E | 0.081    A | 0.003    D | 0.002    G | 0.002    B | 0.002    e | 0.002
2025-11-21 19:58:24 [tracker] [s1] onset t=5.407 env=0.12468 baseline=0.04847 gate=0.00267 envFloor=0.03762 onset=1.408>=0.006
2025-11-21 19:58:24 [tracker] [s1] onset t=5.465 env=0.07894 baseline=0.04426 gate=0.00243 envFloor=0.03762 onset=1.264>=0.006
2025-11-21 19:58:24 [meters] Hex input RMS -> E | 0.049    A | 0.002    D | 0.002    G | 0.002    B | 0.002    e | 0.002
2025-11-21 19:58:24 [meters] Hex input RMS -> E | 0.052    A | 0.003    D | 0.001    G | 0.001    B | 0.001    e | 0.001
2025-11-21 19:58:24 [tracker] [s1] onset t=5.575 env=0.06481 baseline=0.04426 gate=0.00243 envFloor=0.03762 onset=1.427>=0.006
2025-11-21 19:58:24 [meters] Hex input RMS -> E | 0.028    A | 0.002    D | 0.002    G | 0.001    B | 0.002    e | 0.001
2025-11-21 19:58:24 [tracker] [s1] onset t=5.684 env=0.05625 baseline=0.04426 gate=0.00243 envFloor=0.03762 onset=1.380>=0.006
2025-11-21 19:58:24 [meters] Hex input RMS -> E | 0.049    A | 0.003    D | 0.002    G | 0.002    B | 0.002    e | 0.002
2025-11-21 19:58:24 [meters] Hex input RMS -> E | 0.021    A | 0.002    D | 0.002    G | 0.002    B | 0.002    e | 0.002
2025-11-21 19:58:24 [tracker] [s1] onset t=5.793 env=0.04907 baseline=0.04426 gate=0.00243 envFloor=0.03762 onset=1.344>=0.006
2025-11-21 19:58:24 [meters] Hex input RMS -> E | 0.031    A | 0.002    D | 0.002    G | 0.001    B | 0.001    e | 0.001
2025-11-21 19:58:24 [tracker] [s1] onset t=5.905 env=0.05001 baseline=0.04426 gate=0.00243 envFloor=0.03762 onset=0.549>=0.006
2025-11-21 19:58:24 [meters] Hex input RMS -> E | 0.029    A | 0.002    D | 0.001    G | 0.001    B | 0.001    e | 0.001
2025-11-21 19:58:24 [tracker] [s1] onset t=6.012 env=0.03953 baseline=0.04426 gate=0.00243 envFloor=0.03762 onset=1.402>=0.006
2025-11-21 19:58:24 [meters] Hex input RMS -> E | 0.022    A | 0.002    D | 0.002    G | 0.002    B | 0.002    e | 0.002
2025-11-21 19:58:24 [meters] Hex input RMS -> E | 0.034    A | 0.003    D | 0.002    G | 0.002    B | 0.002    e | 0.002
2025-11-21 19:58:24 [tracker] [s1] onset t=6.172 env=0.04834 baseline=0.04426 gate=0.00243 envFloor=0.03762 onset=1.218>=0.006
2025-11-21 19:58:24 [tracker] [s1] note-start t=6.172 fret=7 midi=47 vel=0.58 env=0.04834
2025-11-21 19:58:24 [meters] Hex input RMS -> E | 0.018    A | 0.002    D | 0.002    G | 0.002    B | 0.002    e | 0.002
2025-11-21 19:58:25 [tracker] [s1] release-retrigger t=6.231 onset=1.342 gate=0.038 age=0.059
2025-11-21 19:58:25 [tracker] [s1] note-ended t=6.231 fret=7 dur=0.059
2025-11-21 19:58:25 [meters] Hex input RMS -> E | 0.020    A | 0.002    D | 0.002    G | 0.001    B | 0.001    e | 0.001
2025-11-21 19:58:25 [meters] Hex input RMS -> E | 0.015    A | 0.002    D | 0.002    G | 0.001    B | 0.001    e | 0.001
2025-11-21 19:58:25 [meters] Hex input RMS -> E | 0.015    A | 0.002    D | 0.002    G | 0.002    B | 0.002    e | 0.002
2025-11-21 19:58:25 [meters] Hex input RMS -> E | 0.022    A | 0.002    D | 0.003    G | 0.002    B | 0.002    e | 0.002
2025-11-21 19:58:25 [meters] Hex input RMS -> E | 0.015    A | 0.002    D | 0.002    G | 0.002    B | 0.002    e | 0.002
2025-11-21 19:58:25 [meters] Hex input RMS -> E | 0.023    A | 0.002    D | 0.001    G | 0.001    B | 0.001    e | 0.001
2025-11-21 19:58:25 [meters] Hex input RMS -> E | 0.006    A | 0.001    D | 0.001    G | 0.001    B | 0.001    e | 0.001
2025-11-21 19:58:25 [meters] Hex input RMS -> E | 0.002    A | 0.002    D | 0.002    G | 0.002    B | 0.002    e | 0.002
2025-11-21 19:58:25 [meters] Hex input RMS -> E | 0.002    A | 0.002    D | 0.002    G | 0.002    B | 0.002    e | 0.002
2025-11-21 19:58:25 [meters] Hex input RMS -> E | 0.001    A | 0.001    D | 0.002    G | 0.001    B | 0.002    e | 0.001
2025-11-21 19:58:25 [meters] Hex input RMS -> E | 0.001    A | 0.001    D | 0.001    G | 0.001    B | 0.001    e | 0.001
2025-11-21 19:58:25 [meters] Hex input RMS -> E | 0.002    A | 0.002    D | 0.002    G | 0.002    B | 0.002    e | 0.002
2025-11-21 19:58:26 [meters] Hex input RMS -> E | 0.002    A | 0.002    D | 0.002    G | 0.002    B | 0.002    e | 0.002
2025-11-21 19:58:26 [meters] Hex input RMS -> E | 0.002    A | 0.002    D | 0.002    G | 0.002    B | 0.002    e | 0.002
2025-11-21 19:58:26 [meters] Hex input RMS -> E | 0.005    A | 0.053    D | 0.005    G | 0.002    B | 0.002    e | 0.002
2025-11-21 19:58:26 [meters] Hex input RMS -> E | 0.006    A | 0.048    D | 0.004    G | 0.001    B | 0.001    e | 0.001
2025-11-21 19:58:26 [meters] Hex input RMS -> E | 0.003    A | 0.017    D | 0.002    G | 0.002    B | 0.002    e | 0.002
2025-11-21 19:58:26 [meters] Hex input RMS -> E | 0.004    A | 0.020    D | 0.002    G | 0.002    B | 0.002    e | 0.002
2025-11-21 19:58:26 [meters] Hex input RMS -> E | 0.004    A | 0.020    D | 0.003    G | 0.002    B | 0.002    e | 0.002
2025-11-21 19:58:26 [meters] Hex input RMS -> E | 0.004    A | 0.023    D | 0.004    G | 0.001    B | 0.001    e | 0.001
2025-11-21 19:58:26 [meters] Hex input RMS -> E | 0.003    A | 0.020    D | 0.002    G | 0.001    B | 0.001    e | 0.001
2025-11-21 19:58:26 [meters] Hex input RMS -> E | 0.003    A | 0.016    D | 0.002    G | 0.002    B | 0.002    e | 0.002
2025-11-21 19:58:26 [meters] Hex input RMS -> E | 0.003    A | 0.014    D | 0.002    G | 0.002    B | 0.002    e | 0.002
2025-11-21 19:58:26 [meters] Hex input RMS -> E | 0.003    A | 0.016    D | 0.002    G | 0.002    B | 0.002    e | 0.001
2025-11-21 19:58:26 [meters] Hex input RMS -> E | 0.003    A | 0.016    D | 0.003    G | 0.001    B | 0.001    e | 0.001
2025-11-21 19:58:27 [meters] Hex input RMS -> E | 0.003    A | 0.016    D | 0.002    G | 0.002    B | 0.001    e | 0.001
2025-11-21 19:58:27 [meters] Hex input RMS -> E | 0.002    A | 0.013    D | 0.002    G | 0.002    B | 0.002    e | 0.002
2025-11-21 19:58:27 [meters] Hex input RMS -> E | 0.003    A | 0.013    D | 0.002    G | 0.002    B | 0.002    e | 0.002
2025-11-21 19:58:27 [meters] Hex input RMS -> E | 0.002    A | 0.013    D | 0.002    G | 0.002    B | 0.001    e | 0.001
2025-11-21 19:58:27 [meters] Hex input RMS -> E | 0.002    A | 0.012    D | 0.003    G | 0.002    B | 0.001    e | 0.001
2025-11-21 19:58:27 [meters] Hex input RMS -> E | 0.002    A | 0.013    D | 0.002    G | 0.002    B | 0.002    e | 0.002
2025-11-21 19:58:27 [meters] Hex input RMS -> E | 0.003    A | 0.012    D | 0.003    G | 0.002    B | 0.002    e | 0.002
2025-11-21 19:58:27 [meters] Hex input RMS -> E | 0.002    A | 0.012    D | 0.002    G | 0.002    B | 0.002    e | 0.002
2025-11-21 19:58:27 [meters] Hex input RMS -> E | 0.002    A | 0.010    D | 0.002    G | 0.002    B | 0.001    e | 0.001
2025-11-21 19:58:27 [meters] Hex input RMS -> E | 0.001    A | 0.002    D | 0.001    G | 0.001    B | 0.001    e | 0.001
2025-11-21 19:58:27 [meters] Hex input RMS -> E | 0.002    A | 0.002    D | 0.002    G | 0.002    B | 0.002    e | 0.002
2025-11-21 19:58:27 [meters] Hex input RMS -> E | 0.002    A | 0.002    D | 0.002    G | 0.002    B | 0.002    e | 0.002
2025-11-21 19:58:28 [meters] Hex input RMS -> E | 0.002    A | 0.002    D | 0.002    G | 0.002    B | 0.002    e | 0.002
2025-11-21 19:58:28 [meters] Hex input RMS -> E | 0.001    A | 0.001    D | 0.001    G | 0.001    B | 0.001    e | 0.001
2025-11-21 19:58:28 [meters] Hex input RMS -> E | 0.001    A | 0.001    D | 0.001    G | 0.001    B | 0.001    e | 0.001
2025-11-21 19:58:28 [meters] Hex input RMS -> E | 0.002    A | 0.004    D | 0.058    G | 0.002    B | 0.002    e | 0.002
2025-11-21 19:58:28 [tracker] [s3] onset t=9.478 env=0.05533 baseline=0.01995 gate=0.00259 envFloor=0.01696 onset=1.351>=0.012
2025-11-21 19:58:28 [meters] Hex input RMS -> E | 0.002    A | 0.005    D | 0.011    G | 0.002    B | 0.002    e | 0.002
2025-11-21 19:58:28 [tracker] [s3] onset t=9.574 env=0.03976 baseline=0.01995 gate=0.00259 envFloor=0.01696 onset=1.025>=0.012
2025-11-21 19:58:28 [tracker] [s3] note-start t=9.574 fret=0 midi=50 vel=0.48 env=0.03976
2025-11-21 19:58:28 [meters] Hex input RMS -> E | 0.002    A | 0.005    D | 0.013    G | 0.002    B | 0.002    e | 0.001
2025-11-21 19:58:28 [tracker] [s3] onset t=9.636 env=0.03203 baseline=0.03189 gate=0.00415 envFloor=0.01696 onset=1.002>=0.012
2025-11-21 19:58:28 [tracker] [s3] note-ended (new onset) t=9.636 fret=0 dur=0.061
2025-11-21 19:58:28 [tracker] [s3] note-start t=9.636 fret=0 midi=50 vel=0.38 env=0.03203
2025-11-21 19:58:28 [tracker] [s3] release-quiet t=9.700 avgEnv=0.01613 floor=0.01696 quietFrames=8
2025-11-21 19:58:28 [tracker] [s3] note-ended t=9.700 fret=0 dur=0.064
2025-11-21 19:58:28 [tracker] [s3] onset t=9.710 env=0.02586 baseline=0.02505 gate=0.00326 envFloor=0.01696 onset=1.004>=0.012
2025-11-21 19:58:28 [tracker] [s3] note-start t=9.710 fret=0 midi=50 vel=0.31 env=0.02586
2025-11-21 19:58:28 [meters] Hex input RMS -> E | 0.001    A | 0.004    D | 0.011    G | 0.001    B | 0.001    e | 0.001
2025-11-21 19:58:28 [tracker] [s3] release-quiet t=9.774 avgEnv=0.01433 floor=0.01696 quietFrames=8
2025-11-21 19:58:28 [tracker] [s3] note-ended t=9.774 fret=0 dur=0.064
2025-11-21 19:58:28 [meters] Hex input RMS -> E | 0.002    A | 0.004    D | 0.024    G | 0.003    B | 0.002    e | 0.001
2025-11-21 19:58:28 [tracker] [s3] onset t=9.846 env=0.01919 baseline=0.01995 gate=0.00259 envFloor=0.01696 onset=1.155>=0.012
2025-11-21 19:58:28 [tracker] [s3] note-start t=9.846 fret=0 midi=50 vel=0.23 env=0.01919
2025-11-21 19:58:28 [meters] Hex input RMS -> E | 0.002    A | 0.003    D | 0.007    G | 0.002    B | 0.002    e | 0.002
2025-11-21 19:58:28 [tracker] [s3] release-quiet t=9.910 avgEnv=0.01181 floor=0.01696 quietFrames=8
2025-11-21 19:58:28 [tracker] [s3] note-ended t=9.910 fret=0 dur=0.064
2025-11-21 19:58:28 [meters] Hex input RMS -> E | 0.002    A | 0.003    D | 0.013    G | 0.002    B | 0.002    e | 0.002
2025-11-21 19:58:28 [meters] Hex input RMS -> E | 0.001    A | 0.003    D | 0.018    G | 0.002    B | 0.001    e | 0.001
2025-11-21 19:58:28 [meters] Hex input RMS -> E | 0.001    A | 0.003    D | 0.008    G | 0.002    B | 0.001    e | 0.001
2025-11-21 19:58:28 [meters] Hex input RMS -> E | 0.002    A | 0.002    D | 0.008    G | 0.002    B | 0.002    e | 0.002
2025-11-21 19:58:29 [meters] Hex input RMS -> E | 0.002    A | 0.003    D | 0.013    G | 0.002    B | 0.002    e | 0.002
2025-11-21 19:58:29 [meters] Hex input RMS -> E | 0.002    A | 0.003    D | 0.013    G | 0.002    B | 0.002    e | 0.002
2025-11-21 19:58:29 [meters] Hex input RMS -> E | 0.001    A | 0.002    D | 0.005    G | 0.002    B | 0.001    e | 0.001
2025-11-21 19:58:29 [meters] Hex input RMS -> E | 0.001    A | 0.002    D | 0.010    G | 0.002    B | 0.001    e | 0.001
2025-11-21 19:58:29 [meters] Hex input RMS -> E | 0.002    A | 0.002    D | 0.011    G | 0.002    B | 0.002    e | 0.002
2025-11-21 19:58:29 [meters] Hex input RMS -> E | 0.002    A | 0.003    D | 0.007    G | 0.002    B | 0.002    e | 0.002
2025-11-21 19:58:29 [meters] Hex input RMS -> E | 0.002    A | 0.002    D | 0.008    G | 0.002    B | 0.002    e | 0.001
2025-11-21 19:58:29 [meters] Hex input RMS -> E | 0.001    A | 0.002    D | 0.011    G | 0.001    B | 0.001    e | 0.001
2025-11-21 19:58:29 [meters] Hex input RMS -> E | 0.001    A | 0.002    D | 0.009    G | 0.002    B | 0.001    e | 0.001
2025-11-21 19:58:29 [meters] Hex input RMS -> E | 0.002    A | 0.002    D | 0.004    G | 0.002    B | 0.002    e | 0.002
2025-11-21 19:58:29 [meters] Hex input RMS -> E | 0.002    A | 0.002    D | 0.002    G | 0.002    B | 0.002    e | 0.002
2025-11-21 19:58:29 [meters] Hex input RMS -> E | 0.002    A | 0.002    D | 0.002    G | 0.001    B | 0.002    e | 0.001
2025-11-21 19:58:30 [meters] Hex input RMS -> E | 0.001    A | 0.001    D | 0.001    G | 0.001    B | 0.001    e | 0.001
2025-11-21 19:58:30 [meters] Hex input RMS -> E | 0.002    A | 0.002    D | 0.002    G | 0.002    B | 0.002    e | 0.002
2025-11-21 19:58:30 [meters] Hex input RMS -> E | 0.002    A | 0.002    D | 0.002    G | 0.002    B | 0.002    e | 0.002
2025-11-21 19:58:30 [meters] Hex input RMS -> E | 0.002    A | 0.002    D | 0.002    G | 0.002    B | 0.002    e | 0.002
2025-11-21 19:58:30 [meters] Hex input RMS -> E | 0.001    A | 0.001    D | 0.001    G | 0.001    B | 0.001    e | 0.001
2025-11-21 19:58:30 [meters] Hex input RMS -> E | 0.001    A | 0.002    D | 0.024    G | 0.084    B | 0.006    e | 0.002
2025-11-21 19:58:30 [meters] Hex input RMS -> E | 0.002    A | 0.002    D | 0.022    G | 0.078    B | 0.007    e | 0.002
2025-11-21 19:58:30 [meters] Hex input RMS -> E | 0.002    A | 0.002    D | 0.017    G | 0.067    B | 0.007    e | 0.003
2025-11-21 19:58:30 [meters] Hex input RMS -> E | 0.002    A | 0.002    D | 0.004    G | 0.025    B | 0.004    e | 0.003
2025-11-21 19:58:30 [tracker] [s4] onset t=11.897 env=0.04252 baseline=0.02613 gate=0.00444 envFloor=0.02221 onset=0.585>=0.014
2025-11-21 19:58:30 [tracker] [s4] note-start t=11.897 fret=0 midi=55 vel=0.51 env=0.04252
2025-11-21 19:58:30 [tracker] [s4] release-retrigger t=11.950 onset=0.553 gate=0.023 age=0.053
2025-11-21 19:58:30 [tracker] [s4] note-ended t=11.950 fret=0 dur=0.053
2025-11-21 19:58:30 [meters] Hex input RMS -> E | 0.001    A | 0.001    D | 0.004    G | 0.026    B | 0.004    e | 0.003
2025-11-21 19:58:30 [tracker] [s4] onset t=12.006 env=0.02317 baseline=0.03116 gate=0.00530 envFloor=0.02221 onset=0.866>=0.014
2025-11-21 19:58:30 [tracker] [s4] note-start t=12.006 fret=0 midi=55 vel=0.28 env=0.02317
2025-11-21 19:58:30 [meters] Hex input RMS -> E | 0.001    A | 0.001    D | 0.010    G | 0.051    B | 0.005    e | 0.003
2025-11-21 19:58:30 [meters] Hex input RMS -> E | 0.002    A | 0.002    D | 0.007    G | 0.038    B | 0.005    e | 0.003
2025-11-21 19:58:30 [tracker] [s4] onset t=12.142 env=0.03460 baseline=0.02613 gate=0.00444 envFloor=0.02221 onset=1.262>=0.014
2025-11-21 19:58:30 [tracker] [s4] note-ended (new onset) t=12.142 fret=0 dur=0.136
2025-11-21 19:58:30 [tracker] [s4] note-start t=12.142 fret=0 midi=55 vel=0.42 env=0.03460
2025-11-21 19:58:30 [meters] Hex input RMS -> E | 0.002    A | 0.002    D | 0.004    G | 0.023    B | 0.003    e | 0.002
2025-11-21 19:58:31 [meters] Hex input RMS -> E | 0.002    A | 0.002    D | 0.007    G | 0.036    B | 0.003    e | 0.002
2025-11-21 19:58:31 [tracker] [s4] onset t=12.315 env=0.02640 baseline=0.02613 gate=0.00444 envFloor=0.02221 onset=0.948>=0.014
2025-11-21 19:58:31 [tracker] [s4] note-ended (new onset) t=12.315 fret=0 dur=0.173
2025-11-21 19:58:31 [tracker] [s4] note-start t=12.315 fret=0 midi=55 vel=0.32 env=0.02640
2025-11-21 19:58:31 [meters] Hex input RMS -> E | 0.001    A | 0.001    D | 0.006    G | 0.026    B | 0.003    e | 0.002
2025-11-21 19:58:31 [tracker] [s4] release-quiet t=12.379 avgEnv=0.01891 floor=0.02221 quietFrames=8
2025-11-21 19:58:31 [tracker] [s4] note-ended t=12.379 fret=0 dur=0.064
2025-11-21 19:58:31 [meters] Hex input RMS -> E | 0.001    A | 0.001    D | 0.003    G | 0.019    B | 0.003    e | 0.002
2025-11-21 19:58:31 [meters] Hex input RMS -> E | 0.002    A | 0.002    D | 0.005    G | 0.023    B | 0.003    e | 0.002
2025-11-21 19:58:31 [meters] Hex input RMS -> E | 0.002    A | 0.002    D | 0.005    G | 0.020    B | 0.003    e | 0.002
2025-11-21 19:58:31 [meters] Hex input RMS -> E | 0.001    A | 0.001    D | 0.003    G | 0.018    B | 0.002    e | 0.002
2025-11-21 19:58:31 [meters] Hex input RMS -> E | 0.001    A | 0.001    D | 0.005    G | 0.017    B | 0.002    e | 0.001
2025-11-21 19:58:31 [meters] Hex input RMS -> E | 0.002    A | 0.002    D | 0.004    G | 0.013    B | 0.002    e | 0.002
2025-11-21 19:58:31 [meters] Hex input RMS -> E | 0.002    A | 0.002    D | 0.003    G | 0.014    B | 0.003    e | 0.002
2025-11-21 19:58:31 [meters] Hex input RMS -> E | 0.002    A | 0.002    D | 0.004    G | 0.011    B | 0.003    e | 0.002
2025-11-21 19:58:31 [meters] Hex input RMS -> E | 0.001    A | 0.001    D | 0.003    G | 0.009    B | 0.002    e | 0.001
2025-11-21 19:58:31 [meters] Hex input RMS -> E | 0.001    A | 0.001    D | 0.001    G | 0.001    B | 0.001    e | 0.001
2025-11-21 19:58:32 [meters] Hex input RMS -> E | 0.002    A | 0.002    D | 0.002    G | 0.002    B | 0.002    e | 0.002
2025-11-21 19:58:32 [meters] Hex input RMS -> E | 0.002    A | 0.002    D | 0.002    G | 0.002    B | 0.002    e | 0.002
2025-11-21 19:58:32 [meters] Hex input RMS -> E | 0.002    A | 0.002    D | 0.002    G | 0.002    B | 0.002    e | 0.002
2025-11-21 19:58:32 [meters] Hex input RMS -> E | 0.001    A | 0.001    D | 0.001    G | 0.001    B | 0.001    e | 0.001
2025-11-21 19:58:32 [meters] Hex input RMS -> E | 0.001    A | 0.001    D | 0.002    G | 0.021    B | 0.206    e | 0.002
2025-11-21 19:58:32 [tracker] [s5] onset t=13.603 env=0.07449 baseline=0.06075 gate=0.01276 envFloor=0.05164 onset=0.946>=0.016
2025-11-21 19:58:32 [tracker] [s5] note-start t=13.603 fret=0 midi=59 vel=0.89 env=0.07449
2025-11-21 19:58:32 [meters] Hex input RMS -> E | 0.002    A | 0.002    D | 0.002    G | 0.017    B | 0.147    e | 0.003
2025-11-21 19:58:32 [tracker] [s5] release-retrigger t=13.697 onset=1.338 gate=0.058 age=0.093
2025-11-21 19:58:32 [tracker] [s5] note-ended t=13.697 fret=0 dur=0.093
2025-11-21 19:58:32 [meters] Hex input RMS -> E | 0.002    A | 0.002    D | 0.002    G | 0.014    B | 0.117    e | 0.003
2025-11-21 19:58:32 [meters] Hex input RMS -> E | 0.002    A | 0.002    D | 0.002    G | 0.012    B | 0.088    e | 0.002
2025-11-21 19:58:32 [meters] Hex input RMS -> E | 0.001    A | 0.001    D | 0.001    G | 0.005    B | 0.024    e | 0.001
2025-11-21 19:58:32 [meters] Hex input RMS -> E | 0.002    A | 0.001    D | 0.002    G | 0.003    B | 0.032    e | 0.002
2025-11-21 19:58:32 [meters] Hex input RMS -> E | 0.002    A | 0.002    D | 0.002    G | 0.007    B | 0.060    e | 0.002
2025-11-21 19:58:32 [meters] Hex input RMS -> E | 0.002    A | 0.002    D | 0.002    G | 0.007    B | 0.057    e | 0.002
2025-11-21 19:58:32 [meters] Hex input RMS -> E | 0.001    A | 0.001    D | 0.002    G | 0.006    B | 0.052    e | 0.002
2025-11-21 19:58:33 [meters] Hex input RMS -> E | 0.001    A | 0.001    D | 0.001    G | 0.005    B | 0.041    e | 0.001
2025-11-21 19:58:33 [meters] Hex input RMS -> E | 0.002    A | 0.002    D | 0.002    G | 0.003    B | 0.022    e | 0.002
2025-11-21 19:58:33 [meters] Hex input RMS -> E | 0.002    A | 0.002    D | 0.002    G | 0.004    B | 0.032    e | 0.002
2025-11-21 19:58:33 [meters] Hex input RMS -> E | 0.002    A | 0.002    D | 0.002    G | 0.004    B | 0.036    e | 0.002
2025-11-21 19:58:33 [meters] Hex input RMS -> E | 0.001    A | 0.001    D | 0.001    G | 0.004    B | 0.032    e | 0.002
2025-11-21 19:58:33 [meters] Hex input RMS -> E | 0.001    A | 0.001    D | 0.001    G | 0.003    B | 0.025    e | 0.002
2025-11-21 19:58:33 [meters] Hex input RMS -> E | 0.002    A | 0.002    D | 0.002    G | 0.002    B | 0.019    e | 0.002
2025-11-21 19:58:33 [meters] Hex input RMS -> E | 0.002    A | 0.002    D | 0.002    G | 0.003    B | 0.027    e | 0.002
2025-11-21 19:58:33 [meters] Hex input RMS -> E | 0.002    A | 0.002    D | 0.002    G | 0.003    B | 0.026    e | 0.002
2025-11-21 19:58:33 [meters] Hex input RMS -> E | 0.001    A | 0.002    D | 0.003    G | 0.002    B | 0.010    e | 0.003
2025-11-21 19:58:33 [meters] Hex input RMS -> E | 0.001    A | 0.001    D | 0.001    G | 0.001    B | 0.001    e | 0.001
2025-11-21 19:58:33 [meters] Hex input RMS -> E | 0.002    A | 0.002    D | 0.002    G | 0.002    B | 0.002    e | 0.002
2025-11-21 19:58:34 [meters] Hex input RMS -> E | 0.002    A | 0.002    D | 0.002    G | 0.002    B | 0.002    e | 0.002
2025-11-21 19:58:34 [meters] Hex input RMS -> E | 0.002    A | 0.001    D | 0.002    G | 0.002    B | 0.002    e | 0.001
2025-11-21 19:58:34 [meters] Hex input RMS -> E | 0.001    A | 0.001    D | 0.001    G | 0.001    B | 0.001    e | 0.001
2025-11-21 19:58:34 [tracker] [s6] onset t=15.443 env=0.10073 baseline=0.07822 gate=0.01955 envFloor=0.06648 onset=1.180>=0.018
2025-11-21 19:58:34 [meters] Hex input RMS -> E | 0.002    A | 0.002    D | 0.002    G | 0.002    B | 0.015    e | 0.102
2025-11-21 19:58:34 [meters] Hex input RMS -> E | 0.002    A | 0.002    D | 0.002    G | 0.002    B | 0.007    e | 0.056
2025-11-21 19:58:34 [meters] Hex input RMS -> E | 0.002    A | 0.002    D | 0.002    G | 0.002    B | 0.010    e | 0.066
2025-11-21 19:58:34 [meters] Hex input RMS -> E | 0.001    A | 0.002    D | 0.001    G | 0.001    B | 0.007    e | 0.054
2025-11-21 19:58:34 [meters] Hex input RMS -> E | 0.001    A | 0.002    D | 0.001    G | 0.001    B | 0.007    e | 0.048
2025-11-21 19:58:34 [meters] Hex input RMS -> E | 0.002    A | 0.002    D | 0.002    G | 0.002    B | 0.007    e | 0.041
2025-11-21 19:58:34 [meters] Hex input RMS -> E | 0.002    A | 0.002    D | 0.002    G | 0.002    B | 0.006    e | 0.038
2025-11-21 19:58:34 [meters] Hex input RMS -> E | 0.002    A | 0.002    D | 0.002    G | 0.002    B | 0.006    e | 0.037
2025-11-21 19:58:34 [meters] Hex input RMS -> E | 0.001    A | 0.002    D | 0.001    G | 0.001    B | 0.005    e | 0.033
2025-11-21 19:58:34 [meters] Hex input RMS -> E | 0.001    A | 0.002    D | 0.001    G | 0.001    B | 0.005    e | 0.025
2025-11-21 19:58:35 [meters] Hex input RMS -> E | 0.002    A | 0.002    D | 0.002    G | 0.002    B | 0.005    e | 0.030
2025-11-21 19:58:35 [meters] Hex input RMS -> E | 0.002    A | 0.002    D | 0.002    G | 0.002    B | 0.005    e | 0.028
2025-11-21 19:58:35 [meters] Hex input RMS -> E | 0.002    A | 0.002    D | 0.002    G | 0.002    B | 0.005    e | 0.022
2025-11-21 19:58:35 [meters] Hex input RMS -> E | 0.001    A | 0.001    D | 0.001    G | 0.001    B | 0.004    e | 0.025
2025-11-21 19:58:35 [meters] Hex input RMS -> E | 0.001    A | 0.002    D | 0.001    G | 0.002    B | 0.004    e | 0.022
2025-11-21 19:58:35 [meters] Hex input RMS -> E | 0.002    A | 0.002    D | 0.002    G | 0.002    B | 0.005    e | 0.022
2025-11-21 19:58:35 [tracker] [s1] calibration avg=0.04947 peak=0.28740
2025-11-21 19:58:35 [tracker] [s2] calibration avg=0.01874 peak=0.06333
2025-11-21 19:58:35 [tracker] [s3] calibration avg=0.01507 peak=0.07776
2025-11-21 19:58:35 [tracker] [s4] calibration avg=0.03480 peak=0.10851
2025-11-21 19:58:35 [tracker] [s5] calibration avg=0.05597 peak=0.23850
2025-11-21 19:58:35 [tracker] [s6] calibration avg=0.04146 peak=0.14302
2025-11-21 19:58:35 [meters] Hex input RMS -> E | 0.002    A | 0.002    D | 0.002    G | 0.002    B | 0.005    e | 0.021
2025-11-21 19:58:35 [meters] Hex input RMS -> E | 0.002    A | 0.002    D | 0.002    G | 0.002    B | 0.005    e | 0.019
2025-11-21 19:58:35 [meters] Hex input RMS -> E | 0.001    A | 0.002    D | 0.001    G | 0.001    B | 0.004    e | 0.020
2025-11-21 19:58:35 [meters] Hex input RMS -> E | 0.002    A | 0.002    D | 0.002    G | 0.002    B | 0.005    e | 0.018
2025-11-21 19:58:35 [meters] Hex input RMS -> E | 0.002    A | 0.002    D | 0.002    G | 0.002    B | 0.005    e | 0.018
2025-11-21 19:58:35 [meters] Hex input RMS -> E | 0.002    A | 0.002    D | 0.002    G | 0.002    B | 0.004    e | 0.018
2025-11-21 19:58:36 [meters] Hex input RMS -> E | 0.001    A | 0.002    D | 0.001    G | 0.001    B | 0.004    e | 0.017
2025-11-21 19:58:36 [meters] Hex input RMS -> E | 0.001    A | 0.002    D | 0.001    G | 0.001    B | 0.004    e | 0.016
2025-11-21 19:58:36 [meters] Hex input RMS -> E | 0.002    A | 0.002    D | 0.002    G | 0.002    B | 0.002    e | 0.003
2025-11-21 19:58:36 [meters] Hex input RMS -> E | 0.006    A | 0.005    D | 0.005    G | 0.004    B | 0.002    e | 0.002
2025-11-21 19:58:36 [meters] Hex input RMS -> E | 0.002    A | 0.002    D | 0.002    G | 0.002    B | 0.002    e | 0.002
2025-11-21 19:58:36 [meters] Hex input RMS -> E | 0.001    A | 0.001    D | 0.001    G | 0.001    B | 0.001    e | 0.001
2025-11-21 19:58:36 [meters] Hex input RMS -> E | 0.001    A | 0.001    D | 0.001    G | 0.001    B | 0.001    e | 0.001
2025-11-21 19:58:36 [meters] Hex input RMS -> E | 0.002    A | 0.002    D | 0.002    G | 0.002    B | 0.002    e | 0.002
2025-11-21 19:58:36 [meters] Hex input RMS -> E | 0.002    A | 0.002    D | 0.002    G | 0.002    B | 0.002    e | 0.002
2025-11-21 19:58:36 [meters] Hex input RMS -> E | 0.002    A | 0.002    D | 0.002    G | 0.002    B | 0.002    e | 0.001
2025-11-21 19:58:36 [meters] Hex input RMS -> E | 0.001    A | 0.001    D | 0.001    G | 0.001    B | 0.001    e | 0.001
2025-11-21 19:58:36 [meters] Hex input RMS -> E | 0.001    A | 0.002    D | 0.002    G | 0.002    B | 0.002    e | 0.002
2025-11-21 19:58:36 [meters] Hex input RMS -> E | 0.002    A | 0.002    D | 0.002    G | 0.002    B | 0.002    e | 0.002
2025-11-21 19:58:37 [meters] Hex input RMS -> E | 0.002    A | 0.002    D | 0.002    G | 0.002    B | 0.002    e | 0.002
2025-11-21 19:58:37 [meters] Hex input RMS -> E | 0.001    A | 0.001    D | 0.001    G | 0.002    B | 0.001    e | 0.001
2025-11-21 19:58:37 [meters] Hex input RMS -> E | 0.001    A | 0.001    D | 0.001    G | 0.001    B | 0.001    e | 0.001
2025-11-21 19:58:37 [meters] Hex input RMS -> E | 0.002    A | 0.002    D | 0.002    G | 0.002    B | 0.002    e | 0.002
2025-11-21 19:58:37 [meters] Hex input RMS -> E | 0.002    A | 0.002    D | 0.002    G | 0.002    B | 0.002    e | 0.002
2025-11-21 19:58:37 [meters] Hex input RMS -> E | 0.002    A | 0.002    D | 0.002    G | 0.002    B | 0.002    e | 0.002
2025-11-21 19:58:37 [meters] Hex input RMS -> E | 0.001    A | 0.001    D | 0.001    G | 0.002    B | 0.001    e | 0.001
2025-11-21 19:58:37 [meters] Hex input RMS -> E | 0.076    A | 0.008    D | 0.001    G | 0.002    B | 0.001    e | 0.001
2025-11-21 19:58:37 [tracker] [s1] onset t=18.840 env=0.06604 baseline=0.04551 gate=0.00250 envFloor=0.03869 onset=1.321>=0.006
2025-11-21 19:58:37 [tracker] [s1] onset t=18.891 env=0.10191 baseline=0.04551 gate=0.00250 envFloor=0.03869 onset=1.199>=0.006
2025-11-21 19:58:37 [meters] Hex input RMS -> E | 0.030    A | 0.003    D | 0.002    G | 0.002    B | 0.002    e | 0.002
2025-11-21 19:58:37 [tracker] [s1] onset t=18.952 env=0.08249 baseline=0.04551 gate=0.00250 envFloor=0.03869 onset=1.008>=0.006
2025-11-21 19:58:37 [meters] Hex input RMS -> E | 0.045    A | 0.004    D | 0.002    G | 0.002    B | 0.004    e | 0.002
2025-11-21 19:58:37 [meters] Hex input RMS -> E | 0.025    A | 0.006    D | 0.002    G | 0.002    B | 0.004    e | 0.002
2025-11-21 19:58:37 [meters] Hex input RMS -> E | 0.014    A | 0.003    D | 0.001    G | 0.001    B | 0.004    e | 0.001
2025-11-21 19:58:38 [meters] Hex input RMS -> E | 0.021    A | 0.004    D | 0.001    G | 0.001    B | 0.003    e | 0.001
2025-11-21 19:58:38 [meters] Hex input RMS -> E | 0.059    A | 0.016    D | 0.002    G | 0.002    B | 0.004    e | 0.002
2025-11-21 19:58:38 [tracker] [s1] onset t=19.312 env=0.06847 baseline=0.04551 gate=0.00250 envFloor=0.03869 onset=0.992>=0.006
2025-11-21 19:58:38 [meters] Hex input RMS -> E | 0.024    A | 0.009    D | 0.002    G | 0.002    B | 0.004    e | 0.002
2025-11-21 19:58:38 [tracker] [s1] onset t=19.430 env=0.07349 baseline=0.04551 gate=0.00250 envFloor=0.03869 onset=1.263>=0.006
2025-11-21 19:58:38 [meters] Hex input RMS -> E | 0.038    A | 0.009    D | 0.002    G | 0.002    B | 0.003    e | 0.002
2025-11-21 19:58:38 [meters] Hex input RMS -> E | 0.004    A | 0.001    D | 0.001    G | 0.001    B | 0.004    e | 0.001
2025-11-21 19:58:38 [meters] Hex input RMS -> E | 0.002    A | 0.002    D | 0.002    G | 0.002    B | 0.002    e | 0.002
2025-11-21 19:58:38 [meters] Hex input RMS -> E | 0.002    A | 0.002    D | 0.002    G | 0.002    B | 0.002    e | 0.002
2025-11-21 19:58:38 [tracker] [s2] onset t=19.790 env=0.01809 baseline=0.01762 gate=0.00176 envFloor=0.01498 onset=1.414>=0.009
2025-11-21 19:58:38 [meters] Hex input RMS -> E | 0.162    A | 0.018    D | 0.004    G | 0.002    B | 0.002    e | 0.002
2025-11-21 19:58:38 [tracker] [s1] onset t=19.840 env=0.09599 baseline=0.05521 gate=0.00304 envFloor=0.03869 onset=0.799>=0.006
2025-11-21 19:58:38 [meters] Hex input RMS -> E | 0.047    A | 0.005    D | 0.002    G | 0.001    B | 0.002    e | 0.001
2025-11-21 19:58:38 [meters] Hex input RMS -> E | 0.064    A | 0.006    D | 0.001    G | 0.001    B | 0.004    e | 0.001
2025-11-21 19:58:38 [tracker] [s1] onset t=19.960 env=0.10992 baseline=0.04698 gate=0.00258 envFloor=0.03869 onset=0.774>=0.006
2025-11-21 19:58:38 [meters] Hex input RMS -> E | 0.083    A | 0.007    D | 0.002    G | 0.002    B | 0.004    e | 0.002
2025-11-21 19:58:38 [meters] Hex input RMS -> E | 0.026    A | 0.003    D | 0.002    G | 0.002    B | 0.006    e | 0.002
2025-11-21 19:58:38 [meters] Hex input RMS -> E | 0.030    A | 0.003    D | 0.002    G | 0.002    B | 0.005    e | 0.002
2025-11-21 19:58:39 [meters] Hex input RMS -> E | 0.019    A | 0.004    D | 0.001    G | 0.001    B | 0.005    e | 0.001
2025-11-21 19:58:39 [tracker] [s2] onset t=20.283 env=0.01838 baseline=0.01762 gate=0.00176 envFloor=0.01498 onset=1.368>=0.009
2025-11-21 19:58:39 [tracker] [s1] onset t=20.344 env=0.12991 baseline=0.04551 gate=0.00250 envFloor=0.03869 onset=1.324>=0.006
2025-11-21 19:58:39 [meters] Hex input RMS -> E | 0.044    A | 0.005    D | 0.002    G | 0.001    B | 0.006    e | 0.001
2025-11-21 19:58:39 [tracker] [s1] onset t=20.403 env=0.06661 baseline=0.04551 gate=0.00250 envFloor=0.03869 onset=1.178>=0.006
2025-11-21 19:58:39 [tracker] [s1] note-start t=20.403 fret=12 midi=52 vel=0.80 env=0.06661
2025-11-21 19:58:39 [meters] Hex input RMS -> E | 0.067    A | 0.007    D | 0.002    G | 0.002    B | 0.007    e | 0.002
2025-11-21 19:58:39 [tracker] [s1] release-retrigger t=20.456 onset=0.548 gate=0.039 age=0.053
2025-11-21 19:58:39 [tracker] [s1] note-ended t=20.456 fret=12 dur=0.053
2025-11-21 19:58:39 [meters] Hex input RMS -> E | 0.028    A | 0.004    D | 0.002    G | 0.002    B | 0.008    e | 0.002
2025-11-21 19:58:39 [tracker] [s1] onset t=20.515 env=0.05307 baseline=0.04857 gate=0.00267 envFloor=0.03869 onset=0.665>=0.006
2025-11-21 19:58:39 [tracker] [s1] onset t=20.566 env=0.17854 baseline=0.06348 gate=0.00349 envFloor=0.04444 onset=1.025>=0.006
2025-11-21 19:58:39 [meters] Hex input RMS -> E | 0.090    A | 0.005    D | 0.002    G | 0.002    B | 0.006    e | 0.002
2025-11-21 19:58:39 [tracker] [s1] onset t=20.672 env=0.10928 baseline=0.05562 gate=0.00306 envFloor=0.03893 onset=1.286>=0.006
2025-11-21 19:58:39 [meters] Hex input RMS -> E | 0.089    A | 0.007    D | 0.001    G | 0.001    B | 0.006    e | 0.001
2025-11-21 19:58:39 [meters] Hex input RMS -> E | 0.050    A | 0.003    D | 0.001    G | 0.001    B | 0.005    e | 0.001
2025-11-21 19:58:39 [meters] Hex input RMS -> E | 0.003    A | 0.002    D | 0.002    G | 0.004    B | 0.008    e | 0.003
2025-11-21 19:58:39 [meters] Hex input RMS -> E | 0.002    A | 0.002    D | 0.002    G | 0.002    B | 0.008    e | 0.018
2025-11-21 19:58:39 [meters] Hex input RMS -> E | 0.002    A | 0.001    D | 0.002    G | 0.002    B | 0.002    e | 0.002
2025-11-21 19:58:39 [meters] Hex input RMS -> E | 0.015    A | 0.004    D | 0.001    G | 0.001    B | 0.002    e | 0.002
2025-11-21 19:58:39 [meters] Hex input RMS -> E | 0.024    A | 0.005    D | 0.002    G | 0.002    B | 0.002    e | 0.002
2025-11-21 19:58:40 [meters] Hex input RMS -> E | 0.019    A | 0.004    D | 0.002    G | 0.002    B | 0.002    e | 0.002
2025-11-21 19:58:40 [meters] Hex input RMS -> E | 0.094    A | 0.006    D | 0.002    G | 0.002    B | 0.002    e | 0.002
2025-11-21 19:58:40 [tracker] [s1] onset t=21.333 env=0.13134 baseline=0.04551 gate=0.00250 envFloor=0.03869 onset=1.393>=0.006
2025-11-21 19:58:40 [meters] Hex input RMS -> E | 0.048    A | 0.004    D | 0.001    G | 0.001    B | 0.003    e | 0.001
2025-11-21 19:58:40 [tracker] [s1] onset t=21.456 env=0.09377 baseline=0.04551 gate=0.00250 envFloor=0.03869 onset=1.011>=0.006
2025-11-21 19:58:40 [meters] Hex input RMS -> E | 0.035    A | 0.002    D | 0.001    G | 0.001    B | 0.004    e | 0.001
2025-11-21 19:58:40 [tracker] [s1] onset t=21.517 env=0.06129 baseline=0.04551 gate=0.00250 envFloor=0.03869 onset=0.500>=0.006
2025-11-21 19:58:40 [meters] Hex input RMS -> E | 0.028    A | 0.005    D | 0.002    G | 0.002    B | 0.006    e | 0.002
2025-11-21 19:58:40 [meters] Hex input RMS -> E | 0.020    A | 0.003    D | 0.002    G | 0.002    B | 0.006    e | 0.002
2025-11-21 19:58:40 [meters] Hex input RMS -> E | 0.023    A | 0.003    D | 0.002    G | 0.002    B | 0.007    e | 0.002
2025-11-21 19:58:40 [meters] Hex input RMS -> E | 0.024    A | 0.004    D | 0.001    G | 0.002    B | 0.007    e | 0.001
2025-11-21 19:58:40 [meters] Hex input RMS -> E | 0.003    A | 0.001    D | 0.001    G | 0.001    B | 0.001    e | 0.001
2025-11-21 19:58:40 [meters] Hex input RMS -> E | 0.002    A | 0.002    D | 0.002    G | 0.002    B | 0.002    e | 0.002
2025-11-21 19:58:40 [meters] Hex input RMS -> E | 0.007    A | 0.003    D | 0.002    G | 0.002    B | 0.002    e | 0.002
2025-11-21 19:58:40 [tracker] [s1] onset t=22.077 env=0.10291 baseline=0.04632 gate=0.00255 envFloor=0.03869 onset=0.547>=0.006
2025-11-21 19:58:40 [meters] Hex input RMS -> E | 0.100    A | 0.010    D | 0.002    G | 0.002    B | 0.003    e | 0.002
2025-11-21 19:58:40 [tracker] [s1] onset t=22.136 env=0.14324 baseline=0.04878 gate=0.00268 envFloor=0.03869 onset=1.239>=0.006
2025-11-21 19:58:40 [meters] Hex input RMS -> E | 0.040    A | 0.004    D | 0.002    G | 0.001    B | 0.004    e | 0.001
2025-11-21 19:58:41 [tracker] [s1] onset t=22.259 env=0.06039 baseline=0.04551 gate=0.00250 envFloor=0.03869 onset=0.550>=0.006
2025-11-21 19:58:41 [meters] Hex input RMS -> E | 0.046    A | 0.007    D | 0.002    G | 0.002    B | 0.005    e | 0.002
2025-11-21 19:58:41 [tracker] [s1] onset t=22.317 env=0.15170 baseline=0.05954 gate=0.00327 envFloor=0.04168 onset=1.249>=0.006
2025-11-21 19:58:41 [meters] Hex input RMS -> E | 0.069    A | 0.007    D | 0.002    G | 0.002    B | 0.007    e | 0.003
2025-11-21 19:58:41 [meters] Hex input RMS -> E | 0.056    A | 0.005    D | 0.003    G | 0.002    B | 0.003    e | 0.003
2025-11-21 19:58:41 [tracker] [s1] onset t=22.440 env=0.09279 baseline=0.04551 gate=0.00250 envFloor=0.03869 onset=0.659>=0.006
2025-11-21 19:58:41 [meters] Hex input RMS -> E | 0.029    A | 0.005    D | 0.002    G | 0.002    B | 0.002    e | 0.002
2025-11-21 19:58:41 [meters] Hex input RMS -> E | 0.020    A | 0.002    D | 0.002    G | 0.002    B | 0.002    e | 0.001
2025-11-21 19:58:41 [meters] Hex input RMS -> E | 0.029    A | 0.003    D | 0.002    G | 0.003    B | 0.003    e | 0.005
2025-11-21 19:58:41 [meters] Hex input RMS -> E | 0.018    A | 0.002    D | 0.002    G | 0.003    B | 0.002    e | 0.002
2025-11-21 19:58:41 [meters] Hex input RMS -> E | 0.016    A | 0.002    D | 0.002    G | 0.003    B | 0.002    e | 0.002
2025-11-21 19:58:41 [meters] Hex input RMS -> E | 0.016    A | 0.001    D | 0.002    G | 0.003    B | 0.001    e | 0.001
2025-11-21 19:58:41 [meters] Hex input RMS -> E | 0.017    A | 0.001    D | 0.002    G | 0.004    B | 0.001    e | 0.001
2025-11-21 19:58:41 [meters] Hex input RMS -> E | 0.015    A | 0.002    D | 0.002    G | 0.004    B | 0.002    e | 0.002
2025-11-21 19:58:41 [meters] Hex input RMS -> E | 0.013    A | 0.002    D | 0.002    G | 0.004    B | 0.002    e | 0.002
2025-11-21 19:58:42 [meters] Hex input RMS -> E | 0.010    A | 0.002    D | 0.002    G | 0.004    B | 0.002    e | 0.002
2025-11-21 19:58:42 [meters] Hex input RMS -> E | 0.079    A | 0.010    D | 0.002    G | 0.004    B | 0.001    e | 0.001
2025-11-21 19:58:42 [meters] Hex input RMS -> E | 0.076    A | 0.006    D | 0.002    G | 0.008    B | 0.001    e | 0.002
2025-11-21 19:58:42 [meters] Hex input RMS -> E | 0.085    A | 0.005    D | 0.003    G | 0.010    B | 0.002    e | 0.002
2025-11-21 19:58:42 [meters] Hex input RMS -> E | 0.018    A | 0.002    D | 0.003    G | 0.009    B | 0.002    e | 0.002
2025-11-21 19:58:42 [meters] Hex input RMS -> E | 0.016    A | 0.002    D | 0.002    G | 0.008    B | 0.002    e | 0.001
2025-11-21 19:58:42 [meters] Hex input RMS -> E | 0.015    A | 0.002    D | 0.001    G | 0.009    B | 0.001    e | 0.001
2025-11-21 19:58:42 [tracker] [s2] onset t=23.765 env=0.03773 baseline=0.01762 gate=0.00176 envFloor=0.01498 onset=1.442>=0.009
2025-11-21 19:58:42 [tracker] [s1] onset t=23.779 env=0.33316 baseline=0.06969 gate=0.00383 envFloor=0.04878 onset=0.801>=0.006
2025-11-21 19:58:42 [meters] Hex input RMS -> E | 0.208    A | 0.023    D | 0.003    G | 0.008    B | 0.002    e | 0.004
2025-11-21 19:58:42 [meters] Hex input RMS -> E | 0.153    A | 0.007    D | 0.002    G | 0.006    B | 0.002    e | 0.002
2025-11-21 19:58:42 [tracker] [s1] onset t=23.933 env=0.08488 baseline=0.08500 gate=0.00467 envFloor=0.05950 onset=1.145>=0.006
2025-11-21 19:58:42 [tracker] [s1] note-start t=23.933 fret=3 midi=43 vel=1.00 env=0.08488
2025-11-21 19:58:42 [meters] Hex input RMS -> E | 0.159    A | 0.004    D | 0.003    G | 0.003    B | 0.002    e | 0.002
2025-11-21 19:58:42 [tracker] [s1] release-retrigger t=23.984 onset=1.128 gate=0.085 age=0.051
2025-11-21 19:58:42 [tracker] [s1] note-ended t=23.984 fret=3 dur=0.051
2025-11-21 19:58:42 [meters] Hex input RMS -> E | 0.014    A | 0.003    D | 0.002    G | 0.003    B | 0.002    e | 0.002
2025-11-21 19:58:42 [meters] Hex input RMS -> E | 0.023    A | 0.002    D | 0.002    G | 0.002    B | 0.001    e | 0.001
2025-11-21 19:58:42 [meters] Hex input RMS -> E | 0.027    A | 0.002    D | 0.002    G | 0.002    B | 0.002    e | 0.002
2025-11-21 19:58:43 [meters] Hex input RMS -> E | 0.019    A | 0.004    D | 0.003    G | 0.003    B | 0.002    e | 0.002
2025-11-21 19:58:43 [meters] Hex input RMS -> E | 0.049    A | 0.005    D | 0.002    G | 0.004    B | 0.002    e | 0.002
2025-11-21 19:58:43 [tracker] [s1] onset t=24.416 env=0.06480 baseline=0.04803 gate=0.00264 envFloor=0.03869 onset=0.993>=0.006
2025-11-21 19:58:43 [tracker] [s1] note-start t=24.416 fret=3 midi=43 vel=0.78 env=0.06480
2025-11-21 19:58:43 [meters] Hex input RMS -> E | 0.053    A | 0.003    D | 0.003    G | 0.006    B | 0.001    e | 0.001
2025-11-21 19:58:43 [tracker] [s1] release-retrigger t=24.467 onset=1.234 gate=0.049 age=0.051
2025-11-21 19:58:43 [tracker] [s1] note-ended t=24.467 fret=3 dur=0.051
2025-11-21 19:58:43 [meters] Hex input RMS -> E | 0.040    A | 0.002    D | 0.003    G | 0.006    B | 0.001    e | 0.001
2025-11-21 19:58:43 [tracker] [s1] onset t=24.517 env=0.09308 baseline=0.04821 gate=0.00265 envFloor=0.03869 onset=1.285>=0.006
2025-11-21 19:58:43 [tracker] [s1] note-start t=24.517 fret=3 midi=43 vel=1.00 env=0.09308
2025-11-21 19:58:43 [tracker] [s2] onset t=24.536 env=0.02780 baseline=0.01762 gate=0.00176 envFloor=0.01498 onset=0.919>=0.009
2025-11-21 19:58:43 [tracker] [s1] onset t=24.581 env=0.26956 baseline=0.10897 gate=0.00599 envFloor=0.07628 onset=0.792>=0.006
2025-11-21 19:58:43 [tracker] [s1] note-ended (new onset) t=24.581 fret=3 dur=0.064
2025-11-21 19:58:43 [meters] Hex input RMS -> E | 0.249    A | 0.011    D | 0.004    G | 0.005    B | 0.002    e | 0.002
2025-11-21 19:58:43 [tracker] [s1] release-retrigger t=24.632 onset=0.936 gate=0.122 age=0.051
2025-11-21 19:58:43 [tracker] [s1] note-ended t=24.632 fret=3 dur=0.051
2025-11-21 19:58:43 [meters] Hex input RMS -> E | 0.204    A | 0.005    D | 0.003    G | 0.007    B | 0.002    e | 0.002
2025-11-21 19:58:43 [tracker] [s1] onset t=24.683 env=0.24137 baseline=0.20053 gate=0.01103 envFloor=0.07257 onset=0.825>=0.006
2025-11-21 19:58:43 [tracker] [s1] note-start t=24.683 fret=3 midi=43 vel=1.00 env=0.24137
2025-11-21 19:58:43 [tracker] [s1] onset t=24.744 env=0.19365 baseline=0.19358 gate=0.01065 envFloor=0.06400 onset=1.166>=0.006
2025-11-21 19:58:43 [tracker] [s1] note-ended (new onset) t=24.744 fret=3 dur=0.061
2025-11-21 19:58:43 [tracker] [s1] note-start t=24.744 fret=3 midi=43 vel=1.00 env=0.19365
2025-11-21 19:58:43 [meters] Hex input RMS -> E | 0.130    A | 0.003    D | 0.002    G | 0.010    B | 0.002    e | 0.002
2025-11-21 19:58:43 [tracker] [s1] release-quiet t=24.808 avgEnv=0.00079 floor=0.05015 quietFrames=8
2025-11-21 19:58:43 [tracker] [s1] note-ended t=24.808 fret=3 dur=0.064
2025-11-21 19:58:43 [meters] Hex input RMS -> E | 0.002    A | 0.002    D | 0.002    G | 0.010    B | 0.001    e | 0.001
2025-11-21 19:58:43 [meters] Hex input RMS -> E | 0.001    A | 0.001    D | 0.002    G | 0.010    B | 0.001    e | 0.001
2025-11-21 19:58:43 [meters] Hex input RMS -> E | 0.002    A | 0.002    D | 0.002    G | 0.008    B | 0.002    e | 0.002
2025-11-21 19:58:43 [meters] Hex input RMS -> E | 0.151    A | 0.005    D | 0.003    G | 0.009    B | 0.002    e | 0.002
2025-11-21 19:58:43 [tracker] [s1] onset t=25.085 env=0.07765 baseline=0.09175 gate=0.00505 envFloor=0.04956 onset=1.211>=0.006
2025-11-21 19:58:43 [tracker] [s1] note-start t=25.085 fret=3 midi=43 vel=0.93 env=0.07765
2025-11-21 19:58:43 [tracker] [s1] release-retrigger t=25.136 onset=1.086 gate=0.075 age=0.051
2025-11-21 19:58:43 [tracker] [s1] note-ended t=25.136 fret=3 dur=0.051
2025-11-21 19:58:43 [meters] Hex input RMS -> E | 0.058    A | 0.003    D | 0.003    G | 0.011    B | 0.003    e | 0.002
2025-11-21 19:58:43 [tracker] [s1] onset t=25.187 env=0.12873 baseline=0.06146 gate=0.00338 envFloor=0.04302 onset=1.186>=0.006
2025-11-21 19:58:43 [tracker] [s1] note-start t=25.187 fret=3 midi=43 vel=1.00 env=0.12873
2025-11-21 19:58:44 [meters] Hex input RMS -> E | 0.049    A | 0.002    D | 0.004    G | 0.014    B | 0.002    e | 0.001
2025-11-21 19:58:44 [tracker] [s1] release-retrigger t=25.240 onset=0.796 gate=0.061 age=0.053
2025-11-21 19:58:44 [tracker] [s1] note-ended t=25.240 fret=3 dur=0.053
2025-11-21 19:58:44 [tracker] [s1] onset t=25.293 env=0.10527 baseline=0.09481 gate=0.00521 envFloor=0.04696 onset=0.521>=0.006
2025-11-21 19:58:44 [meters] Hex input RMS -> E | 0.038    A | 0.009    D | 0.004    G | 0.015    B | 0.002    e | 0.002
2025-11-21 19:58:44 [tracker] [s1] onset t=25.347 env=0.03900 baseline=0.08576 gate=0.00472 envFloor=0.03869 onset=1.065>=0.006
2025-11-21 19:58:44 [tracker] [s1] note-start t=25.347 fret=3 midi=43 vel=0.47 env=0.03900
2025-11-21 19:58:44 [meters] Hex input RMS -> E | 0.042    A | 0.003    D | 0.004    G | 0.020    B | 0.002    e | 0.002
2025-11-21 19:58:44 [tracker] [s1] release-retrigger t=25.397 onset=1.156 gate=0.040 age=0.051
2025-11-21 19:58:44 [tracker] [s1] note-ended t=25.397 fret=3 dur=0.051
2025-11-21 19:58:44 [tracker] [s1] onset t=25.448 env=0.07295 baseline=0.04551 gate=0.00250 envFloor=0.03869 onset=1.495>=0.006
2025-11-21 19:58:44 [tracker] [s1] note-start t=25.448 fret=3 midi=43 vel=0.88 env=0.07295
2025-11-21 19:58:44 [meters] Hex input RMS -> E | 0.030    A | 0.002    D | 0.003    G | 0.021    B | 0.002    e | 0.002
2025-11-21 19:58:44 [tracker] [s1] release-retrigger t=25.501 onset=0.846 gate=0.039 age=0.053
2025-11-21 19:58:44 [tracker] [s1] note-ended t=25.501 fret=3 dur=0.053
2025-11-21 19:58:44 [meters] Hex input RMS -> E | 0.046    A | 0.007    D | 0.003    G | 0.016    B | 0.002    e | 0.003
2025-11-21 19:58:44 [meters] Hex input RMS -> E | 0.054    A | 0.004    D | 0.004    G | 0.013    B | 0.001    e | 0.002
2025-11-21 19:58:44 [meters] Hex input RMS -> E | 0.066    A | 0.003    D | 0.003    G | 0.010    B | 0.002    e | 0.002
2025-11-21 19:58:44 [tracker] [s1] onset t=25.722 env=0.05380 baseline=0.04551 gate=0.00250 envFloor=0.03869 onset=0.917>=0.006
2025-11-21 19:58:44 [tracker] [s1] note-start t=25.722 fret=3 midi=43 vel=0.65 env=0.05380
2025-11-21 19:58:44 [tracker] [s1] release-quiet t=25.786 avgEnv=0.00206 floor=0.03869 quietFrames=8
2025-11-21 19:58:44 [tracker] [s1] note-ended t=25.786 fret=3 dur=0.064
2025-11-21 19:58:44 [meters] Hex input RMS -> E | 0.004    A | 0.002    D | 0.005    G | 0.010    B | 0.002    e | 0.003
2025-11-21 19:58:44 [meters] Hex input RMS -> E | 0.003    A | 0.002    D | 0.004    G | 0.009    B | 0.002    e | 0.003
2025-11-21 19:58:44 [meters] Hex input RMS -> E | 0.003    A | 0.003    D | 0.004    G | 0.008    B | 0.002    e | 0.002
2025-11-21 19:58:44 [meters] Hex input RMS -> E | 0.055    A | 0.003    D | 0.003    G | 0.006    B | 0.002    e | 0.003
2025-11-21 19:58:44 [tracker] [s1] onset t=26.064 env=0.11143 baseline=0.04796 gate=0.00264 envFloor=0.03869 onset=0.932>=0.006
2025-11-21 19:58:44 [tracker] [s1] note-start t=26.064 fret=24 midi=64 vel=1.00 env=0.11143
2025-11-21 19:58:44 [meters] Hex input RMS -> E | 0.108    A | 0.004    D | 0.003    G | 0.007    B | 0.003    e | 0.002
2025-11-21 19:58:44 [tracker] [s1] release-retrigger t=26.122 onset=0.693 gate=0.058 age=0.059
2025-11-21 19:58:44 [tracker] [s1] note-ended t=26.122 fret=24 dur=0.059
2025-11-21 19:58:44 [tracker] [s1] onset t=26.178 env=0.12037 baseline=0.08084 gate=0.00445 envFloor=0.03869 onset=0.999>=0.006
2025-11-21 19:58:44 [tracker] [s1] note-start t=26.178 fret=12 midi=52 vel=1.00 env=0.12037
2025-11-21 19:58:44 [meters] Hex input RMS -> E | 0.099    A | 0.003    D | 0.004    G | 0.005    B | 0.003    e | 0.002
2025-11-21 19:58:45 [tracker] [s1] release-retrigger t=26.229 onset=0.931 gate=0.053 age=0.051
2025-11-21 19:58:45 [tracker] [s1] note-ended t=26.229 fret=12 dur=0.051
2025-11-21 19:58:45 [meters] Hex input RMS -> E | 0.099    A | 0.010    D | 0.004    G | 0.004    B | 0.003    e | 0.002
2025-11-21 19:58:45 [meters] Hex input RMS -> E | 0.054    A | 0.003    D | 0.003    G | 0.006    B | 0.003    e | 0.001
2025-11-21 19:58:45 [meters] Hex input RMS -> E | 0.043    A | 0.003    D | 0.003    G | 0.004    B | 0.003    e | 0.001
2025-11-21 19:58:45 [meters] Hex input RMS -> E | 0.181    A | 0.018    D | 0.003    G | 0.005    B | 0.003    e | 0.002
2025-11-21 19:58:45 [tracker] [s1] onset t=26.562 env=0.13954 baseline=0.06974 gate=0.00384 envFloor=0.04882 onset=1.011>=0.006
2025-11-21 19:58:45 [tracker] [s1] note-start t=26.562 fret=12 midi=52 vel=1.00 env=0.13954
2025-11-21 19:58:45 [meters] Hex input RMS -> E | 0.134    A | 0.006    D | 0.002    G | 0.002    B | 0.003    e | 0.002
2025-11-21 19:58:45 [tracker] [s1] release-retrigger t=26.618 onset=0.789 gate=0.070 age=0.056
2025-11-21 19:58:45 [tracker] [s1] note-ended t=26.618 fret=12 dur=0.056
2025-11-21 19:58:45 [meters] Hex input RMS -> E | 0.108    A | 0.005    D | 0.002    G | 0.002    B | 0.003    e | 0.002
2025-11-21 19:58:45 [tracker] [s1] onset t=26.685 env=0.07028 baseline=0.09973 gate=0.00548 envFloor=0.03869 onset=1.253>=0.006
2025-11-21 19:58:45 [tracker] [s1] note-start t=26.685 fret=12 midi=52 vel=0.84 env=0.07028
2025-11-21 19:58:45 [tracker] [s1] release-retrigger t=26.741 onset=1.001 gate=0.043 age=0.056
2025-11-21 19:58:45 [tracker] [s1] note-ended t=26.741 fret=12 dur=0.056
2025-11-21 19:58:45 [meters] Hex input RMS -> E | 0.097    A | 0.016    D | 0.002    G | 0.001    B | 0.003    e | 0.005
2025-11-21 19:58:45 [tracker] [s1] onset t=26.792 env=0.12716 baseline=0.07012 gate=0.00386 envFloor=0.04909 onset=1.092>=0.006
2025-11-21 19:58:45 [meters] Hex input RMS -> E | 0.093    A | 0.009    D | 0.002    G | 0.002    B | 0.002    e | 0.003
2025-11-21 19:58:45 [meters] Hex input RMS -> E | 0.118    A | 0.010    D | 0.003    G | 0.002    B | 0.003    e | 0.002
2025-11-21 19:58:45 [tracker] [s1] onset t=26.912 env=0.14429 baseline=0.06049 gate=0.00333 envFloor=0.04234 onset=1.015>=0.006
2025-11-21 19:58:45 [tracker] [s1] onset t=26.973 env=0.05268 baseline=0.05479 gate=0.00301 envFloor=0.03869 onset=0.528>=0.006
2025-11-21 19:58:45 [meters] Hex input RMS -> E | 0.039    A | 0.006    D | 0.002    G | 0.002    B | 0.002    e | 0.003
2025-11-21 19:58:45 [meters] Hex input RMS -> E | 0.057    A | 0.004    D | 0.002    G | 0.001    B | 0.003    e | 0.002
2025-11-21 19:58:45 [tracker] [s1] onset t=27.090 env=0.07712 baseline=0.04551 gate=0.00250 envFloor=0.03869 onset=1.401>=0.006
2025-11-21 19:58:45 [tracker] [s1] note-start t=27.090 fret=12 midi=52 vel=0.93 env=0.07712
2025-11-21 19:58:45 [tracker] [s1] release-retrigger t=27.144 onset=0.605 gate=0.042 age=0.053
2025-11-21 19:58:45 [tracker] [s1] note-ended t=27.144 fret=12 dur=0.053
2025-11-21 19:58:45 [meters] Hex input RMS -> E | 0.068    A | 0.006    D | 0.001    G | 0.001    B | 0.003    e | 0.001
2025-11-21 19:58:46 [tracker] [s1] onset t=27.202 env=0.05844 baseline=0.05623 gate=0.00309 envFloor=0.03869 onset=0.529>=0.006
2025-11-21 19:58:46 [meters] Hex input RMS -> E | 0.037    A | 0.004    D | 0.002    G | 0.002    B | 0.006    e | 0.002
2025-11-21 19:58:46 [meters] Hex input RMS -> E | 0.022    A | 0.003    D | 0.002    G | 0.002    B | 0.005    e | 0.002
2025-11-21 19:58:46 [meters] Hex input RMS -> E | 0.027    A | 0.003    D | 0.002    G | 0.002    B | 0.004    e | 0.002
2025-11-21 19:58:46 [meters] Hex input RMS -> E | 0.017    A | 0.002    D | 0.002    G | 0.001    B | 0.005    e | 0.001
2025-11-21 19:58:46 [tracker] [s1] onset t=27.536 env=0.17173 baseline=0.07013 gate=0.00386 envFloor=0.04909 onset=1.111>=0.006
2025-11-21 19:58:46 [meters] Hex input RMS -> E | 0.068    A | 0.025    D | 0.002    G | 0.002    B | 0.004    e | 0.002
2025-11-21 19:58:46 [tracker] [s1] onset t=27.594 env=0.20174 baseline=0.06947 gate=0.00382 envFloor=0.04863 onset=1.243>=0.006
2025-11-21 19:58:46 [meters] Hex input RMS -> E | 0.112    A | 0.020    D | 0.003    G | 0.002    B | 0.005    e | 0.002
2025-11-21 19:58:46 [tracker] [s1] onset t=27.653 env=0.11152 baseline=0.05751 gate=0.00316 envFloor=0.04026 onset=1.364>=0.006
2025-11-21 19:58:46 [meters] Hex input RMS -> E | 0.050    A | 0.016    D | 0.005    G | 0.002    B | 0.009    e | 0.002
2025-11-21 19:58:46 [tracker] [s2] onset t=27.776 env=0.02293 baseline=0.01762 gate=0.00176 envFloor=0.01498 onset=1.026>=0.009
2025-11-21 19:58:46 [tracker] [s2] note-start t=27.776 fret=2 midi=47 vel=0.28 env=0.02293
2025-11-21 19:58:46 [meters] Hex input RMS -> E | 0.026    A | 0.020    D | 0.003    G | 0.002    B | 0.010    e | 0.002
2025-11-21 19:58:46 [tracker] [s2] release-quiet t=27.840 avgEnv=0.01361 floor=0.01498 quietFrames=8
2025-11-21 19:58:46 [tracker] [s2] note-ended t=27.840 fret=2 dur=0.064
2025-11-21 19:58:46 [meters] Hex input RMS -> E | 0.020    A | 0.018    D | 0.002    G | 0.001    B | 0.011    e | 0.001
2025-11-21 19:58:46 [meters] Hex input RMS -> E | 0.024    A | 0.013    D | 0.002    G | 0.002    B | 0.014    e | 0.002
2025-11-21 19:58:46 [meters] Hex input RMS -> E | 0.036    A | 0.004    D | 0.002    G | 0.002    B | 0.013    e | 0.002
2025-11-21 19:58:46 [tracker] [s1] onset t=28.032 env=0.04982 baseline=0.04551 gate=0.00250 envFloor=0.03869 onset=1.342>=0.006
2025-11-21 19:58:46 [tracker] [s1] onset t=28.082 env=0.07140 baseline=0.04551 gate=0.00250 envFloor=0.03869 onset=1.311>=0.006
2025-11-21 19:58:46 [meters] Hex input RMS -> E | 0.037    A | 0.004    D | 0.002    G | 0.002    B | 0.002    e | 0.002
2025-11-21 19:58:46 [meters] Hex input RMS -> E | 0.051    A | 0.004    D | 0.002    G | 0.001    B | 0.001    e | 0.001
2025-11-21 19:58:47 [tracker] [s1] onset t=28.202 env=0.04378 baseline=0.04551 gate=0.00250 envFloor=0.03869 onset=1.434>=0.006
2025-11-21 19:58:47 [tracker] [s1] onset t=28.264 env=0.07564 baseline=0.04551 gate=0.00250 envFloor=0.03869 onset=1.023>=0.006
2025-11-21 19:58:47 [meters] Hex input RMS -> E | 0.032    A | 0.004    D | 0.001    G | 0.001    B | 0.001    e | 0.002
2025-11-21 19:58:47 [tracker] [s1] onset t=28.322 env=0.08665 baseline=0.04551 gate=0.00250 envFloor=0.03869 onset=1.214>=0.006
2025-11-21 19:58:47 [meters] Hex input RMS -> E | 0.041    A | 0.005    D | 0.002    G | 0.002    B | 0.002    e | 0.002
2025-11-21 19:58:47 [meters] Hex input RMS -> E | 0.051    A | 0.006    D | 0.003    G | 0.002    B | 0.002    e | 0.002
2025-11-21 19:58:47 [tracker] [s1] onset t=28.445 env=0.05482 baseline=0.04551 gate=0.00250 envFloor=0.03869 onset=0.687>=0.006
2025-11-21 19:58:47 [tracker] [s1] onset t=28.504 env=0.29653 baseline=0.09498 gate=0.00522 envFloor=0.06649 onset=0.854>=0.006
2025-11-21 19:58:47 [meters] Hex input RMS -> E | 0.088    A | 0.006    D | 0.002    G | 0.002    B | 0.002    e | 0.002
2025-11-21 19:58:47 [meters] Hex input RMS -> E | 0.087    A | 0.005    D | 0.002    G | 0.002    B | 0.003    e | 0.002
2025-11-21 19:58:47 [tracker] [s1] onset t=28.648 env=0.22150 baseline=0.08157 gate=0.00449 envFloor=0.05710 onset=1.036>=0.006
2025-11-21 19:58:47 [meters] Hex input RMS -> E | 0.141    A | 0.008    D | 0.001    G | 0.001    B | 0.005    e | 0.001
2025-11-21 19:58:47 [tracker] [s1] onset t=28.706 env=0.10204 baseline=0.06506 gate=0.00358 envFloor=0.04555 onset=1.351>=0.006
2025-11-21 19:58:47 [meters] Hex input RMS -> E | 0.006    A | 0.004    D | 0.002    G | 0.002    B | 0.007    e | 0.004
2025-11-21 19:58:47 [meters] Hex input RMS -> E | 0.002    A | 0.002    D | 0.002    G | 0.002    B | 0.002    e | 0.002
2025-11-21 19:58:47 [meters] Hex input RMS -> E | 0.002    A | 0.002    D | 0.002    G | 0.002    B | 0.007    e | 0.004
2025-11-21 19:58:47 [meters] Hex input RMS -> E | 0.051    A | 0.007    D | 0.004    G | 0.002    B | 0.002    e | 0.001
2025-11-21 19:58:47 [tracker] [s1] onset t=29.029 env=0.07334 baseline=0.04551 gate=0.00250 envFloor=0.03869 onset=1.399>=0.006
2025-11-21 19:58:47 [tracker] [s1] note-start t=29.029 fret=12 midi=52 vel=0.88 env=0.07334
2025-11-21 19:58:47 [meters] Hex input RMS -> E | 0.031    A | 0.003    D | 0.003    G | 0.001    B | 0.001    e | 0.002
2025-11-21 19:58:47 [tracker] [s1] release-retrigger t=29.093 onset=0.747 gate=0.039 age=0.064
2025-11-21 19:58:47 [tracker] [s1] note-ended t=29.093 fret=12 dur=0.064
2025-11-21 19:58:47 [tracker] [s1] onset t=29.149 env=0.03987 baseline=0.05268 gate=0.00290 envFloor=0.03869 onset=1.340>=0.006
2025-11-21 19:58:47 [tracker] [s1] note-start t=29.149 fret=12 midi=52 vel=0.48 env=0.03987
2025-11-21 19:58:47 [meters] Hex input RMS -> E | 0.048    A | 0.006    D | 0.003    G | 0.002    B | 0.002    e | 0.002
2025-11-21 19:58:48 [tracker] [s1] release-retrigger t=29.202 onset=0.609 gate=0.039 age=0.053
2025-11-21 19:58:48 [tracker] [s1] note-ended t=29.202 fret=12 dur=0.053
2025-11-21 19:58:48 [meters] Hex input RMS -> E | 0.042    A | 0.011    D | 0.004    G | 0.002    B | 0.002    e | 0.002
2025-11-21 19:58:48 [tracker] [s1] onset t=29.258 env=0.07919 baseline=0.04551 gate=0.00250 envFloor=0.03869 onset=1.207>=0.006
2025-11-21 19:58:48 [meters] Hex input RMS -> E | 0.047    A | 0.005    D | 0.003    G | 0.002    B | 0.002    e | 0.002
2025-11-21 19:58:48 [tracker] [s1] onset t=29.322 env=0.04026 baseline=0.04551 gate=0.00250 envFloor=0.03869 onset=0.612>=0.006
2025-11-21 19:58:48 [tracker] [s1] onset t=29.381 env=0.08627 baseline=0.04551 gate=0.00250 envFloor=0.03869 onset=1.383>=0.006
2025-11-21 19:58:48 [meters] Hex input RMS -> E | 0.055    A | 0.004    D | 0.004    G | 0.001    B | 0.001    e | 0.001
2025-11-21 19:58:48 [tracker] [s1] onset t=29.440 env=0.05939 baseline=0.04551 gate=0.00250 envFloor=0.03869 onset=1.370>=0.006
2025-11-21 19:58:48 [meters] Hex input RMS -> E | 0.008    A | 0.005    D | 0.003    G | 0.003    B | 0.005    e | 0.007
2025-11-21 19:58:48 [meters] Hex input RMS -> E | 0.035    A | 0.004    D | 0.003    G | 0.002    B | 0.002    e | 0.002
2025-11-21 19:58:48 [meters] Hex input RMS -> E | 0.027    A | 0.003    D | 0.003    G | 0.002    B | 0.002    e | 0.002
2025-11-21 19:58:48 [meters] Hex input RMS -> E | 0.028    A | 0.003    D | 0.001    G | 0.001    B | 0.001    e | 0.001
2025-11-21 19:58:48 [meters] Hex input RMS -> E | 0.002    A | 0.001    D | 0.001    G | 0.001    B | 0.001    e | 0.001
2025-11-21 19:58:48 [meters] Hex input RMS -> E | 0.002    A | 0.002    D | 0.002    G | 0.002    B | 0.002    e | 0.002
2025-11-21 19:58:48 [meters] Hex input RMS -> E | 0.011    A | 0.002    D | 0.002    G | 0.002    B | 0.002    e | 0.002
2025-11-21 19:58:48 [meters] Hex input RMS -> E | 0.011    A | 0.002    D | 0.002    G | 0.002    B | 0.002    e | 0.002
2025-11-21 19:58:48 [meters] Hex input RMS -> E | 0.012    A | 0.002    D | 0.001    G | 0.001    B | 0.001    e | 0.001
2025-11-21 19:58:48 [meters] Hex input RMS -> E | 0.012    A | 0.002    D | 0.001    G | 0.001    B | 0.001    e | 0.001
2025-11-21 19:58:49 [tracker] [s1] onset t=30.255 env=0.13668 baseline=0.04551 gate=0.00250 envFloor=0.03869 onset=1.093>=0.006
2025-11-21 19:58:49 [meters] Hex input RMS -> E | 0.087    A | 0.006    D | 0.002    G | 0.002    B | 0.004    e | 0.002
2025-11-21 19:58:49 [tracker] [s1] onset t=30.314 env=0.06919 baseline=0.04551 gate=0.00250 envFloor=0.03869 onset=1.488>=0.006
2025-11-21 19:58:49 [meters] Hex input RMS -> E | 0.034    A | 0.006    D | 0.002    G | 0.003    B | 0.007    e | 0.003
2025-11-21 19:58:49 [tracker] [s1] onset t=30.375 env=0.09246 baseline=0.04551 gate=0.00250 envFloor=0.03869 onset=1.369>=0.006
2025-11-21 19:58:49 [meters] Hex input RMS -> E | 0.035    A | 0.007    D | 0.002    G | 0.002    B | 0.002    e | 0.006
2025-11-21 19:58:49 [tracker] [s1] onset t=30.506 env=0.10267 baseline=0.04551 gate=0.00250 envFloor=0.03869 onset=1.194>=0.006
2025-11-21 19:58:49 [tracker] [s1] note-start t=30.506 fret=2 midi=42 vel=1.00 env=0.10267
2025-11-21 19:58:49 [meters] Hex input RMS -> E | 0.057    A | 0.003    D | 0.002    G | 0.003    B | 0.001    e | 0.002
2025-11-21 19:58:49 [tracker] [s1] release-retrigger t=30.559 onset=1.108 gate=0.043 age=0.053
2025-11-21 19:58:49 [tracker] [s1] note-ended t=30.559 fret=2 dur=0.053
2025-11-21 19:58:49 [meters] Hex input RMS -> E | 0.070    A | 0.004    D | 0.002    G | 0.002    B | 0.001    e | 0.002
2025-11-21 19:58:49 [tracker] [s1] onset t=30.669 env=0.06798 baseline=0.06806 gate=0.00374 envFloor=0.03869 onset=0.998>=0.006
2025-11-21 19:58:49 [tracker] [s1] note-start t=30.669 fret=2 midi=42 vel=0.82 env=0.06798
2025-11-21 19:58:49 [meters] Hex input RMS -> E | 0.040    A | 0.003    D | 0.002    G | 0.002    B | 0.002    e | 0.002
2025-11-21 19:58:49 [tracker] [s1] release-retrigger t=30.722 onset=1.197 gate=0.039 age=0.053
2025-11-21 19:58:49 [tracker] [s1] note-ended t=30.722 fret=2 dur=0.053
2025-11-21 19:58:49 [meters] Hex input RMS -> E | 0.104    A | 0.015    D | 0.002    G | 0.002    B | 0.002    e | 0.003
2025-11-21 19:58:49 [meters] Hex input RMS -> E | 0.095    A | 0.003    D | 0.002    G | 0.003    B | 0.003    e | 0.002
2025-11-21 19:58:49 [meters] Hex input RMS -> E | 0.134    A | 0.002    D | 0.003    G | 0.007    B | 0.002    e | 0.002
2025-11-21 19:58:49 [tracker] [s1] onset t=30.983 env=0.06364 baseline=0.06422 gate=0.00353 envFloor=0.04496 onset=1.082>=0.006
2025-11-21 19:58:49 [tracker] [s1] note-start t=30.983 fret=3 midi=43 vel=0.76 env=0.06364
2025-11-21 19:58:49 [meters] Hex input RMS -> E | 0.058    A | 0.002    D | 0.002    G | 0.008    B | 0.002    e | 0.002
2025-11-21 19:58:49 [tracker] [s1] release-retrigger t=31.034 onset=1.106 gate=0.062 age=0.051
2025-11-21 19:58:49 [tracker] [s1] note-ended t=31.034 fret=3 dur=0.051
2025-11-21 19:58:49 [meters] Hex input RMS -> E | 0.084    A | 0.003    D | 0.002    G | 0.007    B | 0.002    e | 0.002
2025-11-21 19:58:49 [meters] Hex input RMS -> E | 0.066    A | 0.002    D | 0.003    G | 0.003    B | 0.002    e | 0.002
2025-11-21 19:58:49 [tracker] [s1] onset t=31.186 env=0.04539 baseline=0.04551 gate=0.00250 envFloor=0.03869 onset=1.044>=0.006
2025-11-21 19:58:49 [tracker] [s1] note-start t=31.186 fret=3 midi=43 vel=0.54 env=0.04539
2025-11-21 19:58:50 [meters] Hex input RMS -> E | 0.052    A | 0.004    D | 0.003    G | 0.004    B | 0.002    e | 0.004
2025-11-21 19:58:50 [tracker] [s1] onset t=31.255 env=0.07834 baseline=0.04551 gate=0.00250 envFloor=0.03869 onset=1.208>=0.006
2025-11-21 19:58:50 [tracker] [s1] note-ended (new onset) t=31.255 fret=3 dur=0.069
2025-11-21 19:58:50 [tracker] [s1] note-start t=31.255 fret=3 midi=43 vel=0.94 env=0.07834
2025-11-21 19:58:50 [tracker] [s1] release-retrigger t=31.306 onset=1.050 gate=0.042 age=0.051
2025-11-21 19:58:50 [tracker] [s1] note-ended t=31.306 fret=3 dur=0.051
2025-11-21 19:58:50 [meters] Hex input RMS -> E | 0.044    A | 0.003    D | 0.002    G | 0.003    B | 0.001    e | 0.002
2025-11-21 19:58:50 [tracker] [s1] onset t=31.357 env=0.08033 baseline=0.05828 gate=0.00321 envFloor=0.03869 onset=1.060>=0.006
2025-11-21 19:58:50 [tracker] [s1] note-start t=31.357 fret=3 midi=43 vel=0.96 env=0.08033
2025-11-21 19:58:50 [meters] Hex input RMS -> E | 0.034    A | 0.002    D | 0.004    G | 0.003    B | 0.002    e | 0.002
2025-11-21 19:58:50 [tracker] [s1] release-retrigger t=31.407 onset=1.459 gate=0.039 age=0.051
2025-11-21 19:58:50 [tracker] [s1] note-ended t=31.407 fret=3 dur=0.051
2025-11-21 19:58:50 [meters] Hex input RMS -> E | 0.023    A | 0.004    D | 0.005    G | 0.003    B | 0.002    e | 0.002
2025-11-21 19:58:50 [meters] Hex input RMS -> E | 0.052    A | 0.003    D | 0.004    G | 0.005    B | 0.002    e | 0.002
2025-11-21 19:58:50 [meters] Hex input RMS -> E | 0.048    A | 0.003    D | 0.003    G | 0.006    B | 0.001    e | 0.001
2025-11-21 19:58:50 [meters] Hex input RMS -> E | 0.050    A | 0.003    D | 0.003    G | 0.007    B | 0.001    e | 0.001
2025-11-21 19:58:50 [meters] Hex input RMS -> E | 0.087    A | 0.010    D | 0.003    G | 0.004    B | 0.002    e | 0.002
2025-11-21 19:58:50 [meters] Hex input RMS -> E | 0.079    A | 0.004    D | 0.002    G | 0.002    B | 0.002    e | 0.002
2025-11-21 19:58:50 [meters] Hex input RMS -> E | 0.052    A | 0.002    D | 0.002    G | 0.006    B | 0.002    e | 0.002
2025-11-21 19:58:50 [meters] Hex input RMS -> E | 0.021    A | 0.002    D | 0.002    G | 0.005    B | 0.001    e | 0.001
2025-11-21 19:58:50 [meters] Hex input RMS -> E | 0.015    A | 0.002    D | 0.002    G | 0.006    B | 0.002    e | 0.002
2025-11-21 19:58:50 [meters] Hex input RMS -> E | 0.013    A | 0.002    D | 0.002    G | 0.008    B | 0.002    e | 0.002
2025-11-21 19:58:51 [tracker] [s1] onset t=32.210 env=0.10618 baseline=0.04551 gate=0.00250 envFloor=0.03869 onset=0.940>=0.006
2025-11-21 19:58:51 [tracker] [s1] onset t=32.266 env=0.07865 baseline=0.05483 gate=0.00302 envFloor=0.03869 onset=1.109>=0.006
2025-11-21 19:58:51 [tracker] [s1] note-start t=32.266 fret=3 midi=43 vel=0.94 env=0.07865
2025-11-21 19:58:51 [meters] Hex input RMS -> E | 0.057    A | 0.011    D | 0.003    G | 0.011    B | 0.002    e | 0.003
2025-11-21 19:58:51 [tracker] [s1] release-retrigger t=32.317 onset=1.020 gate=0.055 age=0.051
2025-11-21 19:58:51 [tracker] [s1] note-ended t=32.317 fret=3 dur=0.051
2025-11-21 19:58:51 [meters] Hex input RMS -> E | 0.059    A | 0.003    D | 0.003    G | 0.012    B | 0.001    e | 0.002
2025-11-21 19:58:51 [meters] Hex input RMS -> E | 0.074    A | 0.002    D | 0.003    G | 0.017    B | 0.001    e | 0.002
2025-11-21 19:58:51 [tracker] [s2] onset t=32.458 env=0.02951 baseline=0.01762 gate=0.00176 envFloor=0.01498 onset=1.310>=0.009
2025-11-21 19:58:51 [meters] Hex input RMS -> E | 0.183    A | 0.007    D | 0.002    G | 0.013    B | 0.002    e | 0.002
2025-11-21 19:58:51 [tracker] [s1] onset t=32.554 env=0.14305 baseline=0.08726 gate=0.00480 envFloor=0.06108 onset=1.253>=0.006
2025-11-21 19:58:51 [tracker] [s1] note-start t=32.554 fret=3 midi=43 vel=1.00 env=0.14305
2025-11-21 19:58:51 [meters] Hex input RMS -> E | 0.077    A | 0.004    D | 0.002    G | 0.014    B | 0.003    e | 0.002
2025-11-21 19:58:51 [tracker] [s1] onset t=32.615 env=0.11891 baseline=0.11473 gate=0.00631 envFloor=0.05730 onset=1.123>=0.006
2025-11-21 19:58:51 [tracker] [s1] note-ended (new onset) t=32.615 fret=3 dur=0.061
2025-11-21 19:58:51 [tracker] [s1] note-start t=32.615 fret=3 midi=43 vel=1.00 env=0.11891
2025-11-21 19:58:51 [tracker] [s1] release-retrigger t=32.666 onset=1.243 gate=0.078 age=0.051
2025-11-21 19:58:51 [tracker] [s1] note-ended t=32.666 fret=3 dur=0.051
2025-11-21 19:58:51 [meters] Hex input RMS -> E | 0.079    A | 0.003    D | 0.002    G | 0.018    B | 0.003    e | 0.002
2025-11-21 19:58:51 [meters] Hex input RMS -> E | 0.012    A | 0.003    D | 0.002    G | 0.013    B | 0.003    e | 0.002
2025-11-21 19:58:51 [meters] Hex input RMS -> E | 0.011    A | 0.002    D | 0.001    G | 0.018    B | 0.003    e | 0.006
2025-11-21 19:58:51 [meters] Hex input RMS -> E | 0.123    A | 0.008    D | 0.002    G | 0.016    B | 0.003    e | 0.007
2025-11-21 19:58:51 [tracker] [s1] onset t=32.954 env=0.11572 baseline=0.05662 gate=0.00311 envFloor=0.03869 onset=0.545>=0.006
2025-11-21 19:58:51 [tracker] [s1] note-start t=32.954 fret=10 midi=50 vel=1.00 env=0.11572
2025-11-21 19:58:51 [meters] Hex input RMS -> E | 0.095    A | 0.005    D | 0.002    G | 0.014    B | 0.003    e | 0.005
2025-11-21 19:58:51 [tracker] [s1] onset t=33.034 env=0.10435 baseline=0.08960 gate=0.00493 envFloor=0.03869 onset=0.742>=0.006
2025-11-21 19:58:51 [tracker] [s1] note-ended (new onset) t=33.034 fret=10 dur=0.080
2025-11-21 19:58:51 [tracker] [s1] note-start t=33.034 fret=12 midi=52 vel=1.00 env=0.10435
2025-11-21 19:58:51 [meters] Hex input RMS -> E | 0.076    A | 0.003    D | 0.002    G | 0.014    B | 0.004    e | 0.008
2025-11-21 19:58:51 [tracker] [s1] onset t=33.095 env=0.09361 baseline=0.08369 gate=0.00460 envFloor=0.03869 onset=1.236>=0.006
2025-11-21 19:58:51 [tracker] [s1] note-ended (new onset) t=33.095 fret=12 dur=0.061
2025-11-21 19:58:51 [tracker] [s1] note-start t=33.095 fret=12 midi=52 vel=1.00 env=0.09361
2025-11-21 19:58:51 [meters] Hex input RMS -> E | 0.074    A | 0.003    D | 0.001    G | 0.011    B | 0.003    e | 0.012
2025-11-21 19:58:51 [tracker] [s1] onset t=33.191 env=0.04939 baseline=0.07034 gate=0.00387 envFloor=0.03869 onset=1.001>=0.006
2025-11-21 19:58:51 [tracker] [s1] note-ended (new onset) t=33.191 fret=12 dur=0.096
2025-11-21 19:58:51 [tracker] [s1] note-start t=33.191 fret=12 midi=52 vel=0.59 env=0.04939
2025-11-21 19:58:52 [meters] Hex input RMS -> E | 0.148    A | 0.013    D | 0.002    G | 0.010    B | 0.003    e | 0.015
2025-11-21 19:58:52 [tracker] [s1] onset t=33.258 env=0.07082 baseline=0.07197 gate=0.00396 envFloor=0.05038 onset=1.199>=0.006
2025-11-21 19:58:52 [tracker] [s1] note-ended (new onset) t=33.258 fret=12 dur=0.067
2025-11-21 19:58:52 [tracker] [s1] note-start t=33.258 fret=12 midi=52 vel=0.85 env=0.07082
2025-11-21 19:58:52 [meters] Hex input RMS -> E | 0.104    A | 0.010    D | 0.002    G | 0.009    B | 0.006    e | 0.017
2025-11-21 19:58:52 [tracker] [s1] release-retrigger t=33.314 onset=1.260 gate=0.064 age=0.056
2025-11-21 19:58:52 [tracker] [s1] note-ended t=33.314 fret=12 dur=0.056
2025-11-21 19:58:52 [tracker] [s1] onset t=33.375 env=0.06987 baseline=0.05112 gate=0.00281 envFloor=0.03869 onset=1.173>=0.006
2025-11-21 19:58:52 [tracker] [s1] note-start t=33.375 fret=12 midi=52 vel=0.84 env=0.06987
2025-11-21 19:58:52 [meters] Hex input RMS -> E | 0.070    A | 0.005    D | 0.002    G | 0.012    B | 0.007    e | 0.024
2025-11-21 19:58:52 [tracker] [s1] release-retrigger t=33.461 onset=0.683 gate=0.039 age=0.085
2025-11-21 19:58:52 [tracker] [s1] note-ended t=33.461 fret=12 dur=0.085
2025-11-21 19:58:52 [meters] Hex input RMS -> E | 0.263    A | 0.036    D | 0.006    G | 0.011    B | 0.010    e | 0.022
2025-11-21 19:58:52 [tracker] [s1] onset t=33.514 env=0.20887 baseline=0.12242 gate=0.00673 envFloor=0.08570 onset=1.224>=0.006
2025-11-21 19:58:52 [tracker] [s1] note-start t=33.514 fret=12 midi=52 vel=1.00 env=0.20887
2025-11-21 19:58:52 [meters] Hex input RMS -> E | 0.198    A | 0.013    D | 0.002    G | 0.009    B | 0.008    e | 0.017
2025-11-21 19:58:52 [tracker] [s1] onset t=33.575 env=0.17232 baseline=0.16752 gate=0.00921 envFloor=0.06895 onset=0.959>=0.006
2025-11-21 19:58:52 [tracker] [s1] note-ended (new onset) t=33.575 fret=12 dur=0.061
2025-11-21 19:58:52 [tracker] [s1] note-start t=33.575 fret=12 midi=52 vel=1.00 env=0.17232
2025-11-21 19:58:52 [meters] Hex input RMS -> E | 0.115    A | 0.013    D | 0.002    G | 0.009    B | 0.009    e | 0.016
2025-11-21 19:58:52 [tracker] [s1] onset t=33.637 env=0.14991 baseline=0.13820 gate=0.00760 envFloor=0.05278 onset=0.736>=0.006
2025-11-21 19:58:52 [tracker] [s1] note-ended (new onset) t=33.637 fret=12 dur=0.061
2025-11-21 19:58:52 [tracker] [s1] note-start t=33.637 fret=12 midi=52 vel=1.00 env=0.14991
2025-11-21 19:58:52 [tracker] [s1] release-retrigger t=33.706 onset=0.689 gate=0.059 age=0.069
2025-11-21 19:58:52 [tracker] [s1] note-ended t=33.706 fret=12 dur=0.069
2025-11-21 19:58:52 [meters] Hex input RMS -> E | 0.021    A | 0.008    D | 0.002    G | 0.008    B | 0.009    e | 0.022
2025-11-21 19:58:52 [meters] Hex input RMS -> E | 0.005    A | 0.006    D | 0.002    G | 0.008    B | 0.009    e | 0.002
2025-11-21 19:58:52 [meters] Hex input RMS -> E | 0.002    A | 0.004    D | 0.002    G | 0.008    B | 0.009    e | 0.001
2025-11-21 19:58:52 [meters] Hex input RMS -> E | 0.154    A | 0.008    D | 0.001    G | 0.007    B | 0.002    e | 0.001
2025-11-21 19:58:52 [meters] Hex input RMS -> E | 0.095    A | 0.006    D | 0.002    G | 0.008    B | 0.002    e | 0.002
2025-11-21 19:58:52 [tracker] [s1] onset t=34.079 env=0.06436 baseline=0.05871 gate=0.00323 envFloor=0.03869 onset=0.829>=0.006
2025-11-21 19:58:52 [tracker] [s1] note-start t=34.079 fret=12 midi=52 vel=0.77 env=0.06436
2025-11-21 19:58:52 [meters] Hex input RMS -> E | 0.064    A | 0.004    D | 0.002    G | 0.008    B | 0.002    e | 0.002
2025-11-21 19:58:52 [tracker] [s1] release-retrigger t=34.157 onset=0.998 gate=0.039 age=0.077
2025-11-21 19:58:52 [tracker] [s1] note-ended t=34.157 fret=12 dur=0.077
2025-11-21 19:58:52 [meters] Hex input RMS -> E | 0.237    A | 0.036    D | 0.003    G | 0.006    B | 0.003    e | 0.010
2025-11-21 19:58:53 [tracker] [s1] onset t=34.234 env=0.15360 baseline=0.08641 gate=0.00475 envFloor=0.06049 onset=0.563>=0.006
2025-11-21 19:58:53 [tracker] [s1] note-start t=34.234 fret=12 midi=52 vel=1.00 env=0.15360
2025-11-21 19:58:53 [meters] Hex input RMS -> E | 0.104    A | 0.006    D | 0.001    G | 0.006    B | 0.002    e | 0.006
2025-11-21 19:58:53 [tracker] [s1] release-retrigger t=34.293 onset=0.687 gate=0.078 age=0.059
2025-11-21 19:58:53 [tracker] [s1] note-ended t=34.293 fret=12 dur=0.059
2025-11-21 19:58:53 [meters] Hex input RMS -> E | 0.081    A | 0.006    D | 0.002    G | 0.007    B | 0.002    e | 0.011
2025-11-21 19:58:53 [meters] Hex input RMS -> E | 0.100    A | 0.005    D | 0.002    G | 0.006    B | 0.002    e | 0.008
2025-11-21 19:58:53 [tracker] [s1] onset t=34.434 env=0.04471 baseline=0.09492 gate=0.00522 envFloor=0.03869 onset=0.665>=0.006
2025-11-21 19:58:53 [meters] Hex input RMS -> E | 0.048    A | 0.003    D | 0.002    G | 0.006    B | 0.003    e | 0.014
2025-11-21 19:58:53 [tracker] [s1] onset t=34.589 env=0.04225 baseline=0.07098 gate=0.00390 envFloor=0.03869 onset=1.445>=0.006
2025-11-21 19:58:53 [tracker] [s1] note-start t=34.589 fret=7 midi=47 vel=0.51 env=0.04225
2025-11-21 19:58:53 [meters] Hex input RMS -> E | 0.034    A | 0.002    D | 0.002    G | 0.005    B | 0.003    e | 0.012
2025-11-21 19:58:53 [tracker] [s1] release-quiet t=34.652 avgEnv=0.01562 floor=0.03869 quietFrames=8
2025-11-21 19:58:53 [tracker] [s1] note-ended t=34.652 fret=7 dur=0.064
2025-11-21 19:58:53 [meters] Hex input RMS -> E | 0.007    A | 0.002    D | 0.002    G | 0.006    B | 0.003    e | 0.001
2025-11-21 19:58:53 [tracker] [s1] onset t=34.711 env=0.05130 baseline=0.06018 gate=0.00331 envFloor=0.04213 onset=1.145>=0.006
2025-11-21 19:58:53 [meters] Hex input RMS -> E | 0.065    A | 0.005    D | 0.003    G | 0.002    B | 0.003    e | 0.002
2025-11-21 19:58:53 [tracker] [s1] onset t=34.770 env=0.17712 baseline=0.06650 gate=0.00366 envFloor=0.04655 onset=1.240>=0.006
2025-11-21 19:58:53 [meters] Hex input RMS -> E | 0.096    A | 0.006    D | 0.004    G | 0.002    B | 0.005    e | 0.002
2025-11-21 19:58:53 [tracker] [s1] onset t=34.831 env=0.14186 baseline=0.06016 gate=0.00331 envFloor=0.04211 onset=0.845>=0.006
2025-11-21 19:58:53 [tracker] [s1] onset t=34.890 env=0.16329 baseline=0.05700 gate=0.00313 envFloor=0.03990 onset=1.238>=0.006
2025-11-21 19:58:53 [meters] Hex input RMS -> E | 0.052    A | 0.006    D | 0.005    G | 0.002    B | 0.007    e | 0.002
2025-11-21 19:58:53 [tracker] [s1] onset t=34.964 env=0.05702 baseline=0.04946 gate=0.00272 envFloor=0.03869 onset=1.214>=0.006
2025-11-21 19:58:53 [meters] Hex input RMS -> E | 0.032    A | 0.006    D | 0.003    G | 0.002    B | 0.008    e | 0.002
2025-11-21 19:58:53 [meters] Hex input RMS -> E | 0.030    A | 0.006    D | 0.003    G | 0.001    B | 0.006    e | 0.001
2025-11-21 19:58:53 [meters] Hex input RMS -> E | 0.025    A | 0.006    D | 0.005    G | 0.002    B | 0.005    e | 0.002
2025-11-21 19:58:53 [tracker] [s1] onset t=35.194 env=0.31920 baseline=0.08866 gate=0.00488 envFloor=0.06206 onset=1.123>=0.006
2025-11-21 19:58:54 [meters] Hex input RMS -> E | 0.148    A | 0.023    D | 0.005    G | 0.002    B | 0.009    e | 0.002
2025-11-21 19:58:54 [tracker] [s1] onset t=35.252 env=0.21455 baseline=0.08820 gate=0.00485 envFloor=0.06174 onset=0.647>=0.006
2025-11-21 19:58:54 [meters] Hex input RMS -> E | 0.070    A | 0.024    D | 0.003    G | 0.002    B | 0.009    e | 0.003
2025-11-21 19:58:54 [tracker] [s1] onset t=35.314 env=0.24600 baseline=0.08300 gate=0.00457 envFloor=0.05810 onset=1.127>=0.006
2025-11-21 19:58:54 [tracker] [s1] onset t=35.372 env=0.13839 baseline=0.07116 gate=0.00391 envFloor=0.04982 onset=1.435>=0.006
2025-11-21 19:58:54 [meters] Hex input RMS -> E | 0.097    A | 0.018    D | 0.007    G | 0.001    B | 0.014    e | 0.001
2025-11-21 19:58:54 [tracker] [s2] onset t=35.404 env=0.01563 baseline=0.01762 gate=0.00176 envFloor=0.01498 onset=0.873>=0.009
2025-11-21 19:58:54 [tracker] [s2] note-start t=35.404 fret=2 midi=47 vel=0.19 env=0.01563
2025-11-21 19:58:54 [meters] Hex input RMS -> E | 0.059    A | 0.022    D | 0.003    G | 0.002    B | 0.013    e | 0.001
2025-11-21 19:58:54 [tracker] [s2] release-retrigger t=35.476 onset=0.613 gate=0.015 age=0.072
2025-11-21 19:58:54 [tracker] [s2] note-ended t=35.476 fret=2 dur=0.072
2025-11-21 19:58:54 [tracker] [s1] onset t=35.492 env=0.07596 baseline=0.04551 gate=0.00250 envFloor=0.03869 onset=1.278>=0.006
2025-11-21 19:58:54 [tracker] [s1] note-start t=35.492 fret=7 midi=47 vel=0.91 env=0.07596
2025-11-21 19:58:54 [meters] Hex input RMS -> E | 0.046    A | 0.020    D | 0.007    G | 0.002    B | 0.016    e | 0.002
2025-11-21 19:58:54 [tracker] [s1] release-retrigger t=35.551 onset=1.254 gate=0.039 age=0.059
2025-11-21 19:58:54 [tracker] [s1] note-ended t=35.551 fret=7 dur=0.059
2025-11-21 19:58:54 [meters] Hex input RMS -> E | 0.043    A | 0.008    D | 0.007    G | 0.002    B | 0.017    e | 0.002
2025-11-21 19:58:54 [tracker] [s1] onset t=35.660 env=0.06512 baseline=0.04985 gate=0.00274 envFloor=0.03869 onset=1.249>=0.006
2025-11-21 19:58:54 [meters] Hex input RMS -> E | 0.006    A | 0.003    D | 0.003    G | 0.002    B | 0.002    e | 0.002
2025-11-21 19:58:54 [meters] Hex input RMS -> E | 0.001    A | 0.001    D | 0.001    G | 0.001    B | 0.001    e | 0.001
2025-11-21 19:58:54 [meters] Hex input RMS -> E | 0.001    A | 0.001    D | 0.001    G | 0.001    B | 0.001    e | 0.001
2025-11-21 19:58:54 [meters] Hex input RMS -> E | 0.095    A | 0.009    D | 0.002    G | 0.002    B | 0.002    e | 0.002
2025-11-21 19:58:54 [tracker] [s1] onset t=35.986 env=0.14789 baseline=0.04974 gate=0.00274 envFloor=0.03869 onset=1.134>=0.006
2025-11-21 19:58:54 [meters] Hex input RMS -> E | 0.041    A | 0.003    D | 0.002    G | 0.002    B | 0.002    e | 0.002
2025-11-21 19:58:54 [tracker] [s1] onset t=36.108 env=0.09667 baseline=0.04551 gate=0.00250 envFloor=0.03869 onset=0.736>=0.006
2025-11-21 19:58:54 [meters] Hex input RMS -> E | 0.051    A | 0.004    D | 0.002    G | 0.002    B | 0.002    e | 0.002
2025-11-21 19:58:54 [meters] Hex input RMS -> E | 0.068    A | 0.003    D | 0.002    G | 0.001    B | 0.001    e | 0.001
2025-11-21 19:58:55 [tracker] [s1] onset t=36.231 env=0.12325 baseline=0.05416 gate=0.00298 envFloor=0.03869 onset=0.627>=0.006
2025-11-21 19:58:55 [meters] Hex input RMS -> E | 0.046    A | 0.003    D | 0.002    G | 0.001    B | 0.002    e | 0.002
2025-11-21 19:58:55 [tracker] [s1] onset t=36.340 env=0.10981 baseline=0.04551 gate=0.00250 envFloor=0.03869 onset=0.668>=0.006
2025-11-21 19:58:55 [meters] Hex input RMS -> E | 0.080    A | 0.003    D | 0.002    G | 0.002    B | 0.003    e | 0.002
2025-11-21 19:58:55 [meters] Hex input RMS -> E | 0.179    A | 0.012    D | 0.002    G | 0.002    B | 0.002    e | 0.002
2025-11-21 19:58:55 [tracker] [s1] onset t=36.450 env=0.34369 baseline=0.10190 gate=0.00560 envFloor=0.07133 onset=1.405>=0.006
2025-11-21 19:58:55 [meters] Hex input RMS -> E | 0.181    A | 0.008    D | 0.003    G | 0.002    B | 0.004    e | 0.003
2025-11-21 19:58:55 [tracker] [s1] onset t=36.511 env=0.24549 baseline=0.09431 gate=0.00519 envFloor=0.06602 onset=1.015>=0.006
2025-11-21 19:58:55 [tracker] [s1] onset t=36.572 env=0.17458 baseline=0.08010 gate=0.00441 envFloor=0.05607 onset=0.530>=0.006
2025-11-21 19:58:55 [meters] Hex input RMS -> E | 0.050    A | 0.003    D | 0.002    G | 0.001    B | 0.007    e | 0.002
2025-11-21 19:58:55 [tracker] [s1] onset t=36.631 env=0.18987 baseline=0.07021 gate=0.00386 envFloor=0.04915 onset=1.412>=0.006
2025-11-21 19:58:55 [meters] Hex input RMS -> E | 0.016    A | 0.005    D | 0.002    G | 0.002    B | 0.002    e | 0.002
2025-11-21 19:58:55 [meters] Hex input RMS -> E | 0.002    A | 0.002    D | 0.002    G | 0.002    B | 0.002    e | 0.002
2025-11-21 19:58:55 [meters] Hex input RMS -> E | 0.002    A | 0.002    D | 0.002    G | 0.002    B | 0.002    e | 0.002
2025-11-21 19:58:55 [tracker] [s2] onset t=36.906 env=0.01552 baseline=0.01762 gate=0.00176 envFloor=0.01498 onset=0.615>=0.009
2025-11-21 19:58:55 [meters] Hex input RMS -> E | 0.088    A | 0.012    D | 0.005    G | 0.002    B | 0.002    e | 0.002
2025-11-21 19:58:55 [tracker] [s1] onset t=36.930 env=0.22721 baseline=0.07265 gate=0.00400 envFloor=0.05085 onset=1.090>=0.006
2025-11-21 19:58:55 [meters] Hex input RMS -> E | 0.115    A | 0.006    D | 0.001    G | 0.001    B | 0.002    e | 0.001
2025-11-21 19:58:55 [tracker] [s1] onset t=36.991 env=0.13429 baseline=0.07059 gate=0.00388 envFloor=0.04941 onset=1.033>=0.006
2025-11-21 19:58:55 [meters] Hex input RMS -> E | 0.044    A | 0.005    D | 0.002    G | 0.002    B | 0.002    e | 0.002
2025-11-21 19:58:55 [meters] Hex input RMS -> E | 0.085    A | 0.006    D | 0.003    G | 0.002    B | 0.002    e | 0.002
2025-11-21 19:58:56 [tracker] [s1] onset t=37.228 env=0.16033 baseline=0.07221 gate=0.00397 envFloor=0.05055 onset=1.321>=0.006
2025-11-21 19:58:56 [meters] Hex input RMS -> E | 0.128    A | 0.006    D | 0.002    G | 0.002    B | 0.003    e | 0.002
2025-11-21 19:58:56 [meters] Hex input RMS -> E | 0.057    A | 0.004    D | 0.001    G | 0.001    B | 0.001    e | 0.001
2025-11-21 19:58:56 [tracker] [s1] onset t=37.348 env=0.11553 baseline=0.05737 gate=0.00316 envFloor=0.04016 onset=1.175>=0.006
2025-11-21 19:58:56 [meters] Hex input RMS -> E | 0.233    A | 0.019    D | 0.004    G | 0.003    B | 0.003    e | 0.019
2025-11-21 19:58:56 [tracker] [s1] onset t=37.402 env=0.34432 baseline=0.09697 gate=0.00533 envFloor=0.06788 onset=1.289>=0.006
2025-11-21 19:58:56 [tracker] [s1] onset t=37.463 env=0.21993 baseline=0.09254 gate=0.00509 envFloor=0.06478 onset=0.555>=0.006
2025-11-21 19:58:56 [meters] Hex input RMS -> E | 0.088    A | 0.005    D | 0.002    G | 0.002    B | 0.002    e | 0.002
2025-11-21 19:58:56 [meters] Hex input RMS -> E | 0.135    A | 0.005    D | 0.002    G | 0.002    B | 0.002    e | 0.002
2025-11-21 19:58:56 [tracker] [s1] onset t=37.583 env=0.21996 baseline=0.07623 gate=0.00419 envFloor=0.05336 onset=1.367>=0.006
2025-11-21 19:58:56 [meters] Hex input RMS -> E | 0.007    A | 0.004    D | 0.002    G | 0.003    B | 0.005    e | 0.006
2025-11-21 19:58:56 [meters] Hex input RMS -> E | 0.001    A | 0.001    D | 0.001    G | 0.001    B | 0.001    e | 0.001
2025-11-21 19:58:56 [meters] Hex input RMS -> E | 0.002    A | 0.001    D | 0.002    G | 0.002    B | 0.002    e | 0.001
2025-11-21 19:58:56 [meters] Hex input RMS -> E | 0.002    A | 0.002    D | 0.002    G | 0.002    B | 0.002    e | 0.002
2025-11-21 19:58:56 [meters] Hex input RMS -> E | 0.002    A | 0.002    D | 0.002    G | 0.002    B | 0.002    e | 0.002
2025-11-21 19:58:56 [meters] Hex input RMS -> E | 0.001    A | 0.001    D | 0.001    G | 0.001    B | 0.002    e | 0.001
2025-11-21 19:58:56 [meters] Hex input RMS -> E | 0.001    A | 0.001    D | 0.001    G | 0.001    B | 0.001    e | 0.001
2025-11-21 19:58:56 [meters] Hex input RMS -> E | 0.002    A | 0.002    D | 0.002    G | 0.002    B | 0.002    e | 0.002
2025-11-21 19:58:57 [meters] Hex input RMS -> E | 0.002    A | 0.002    D | 0.002    G | 0.002    B | 0.002    e | 0.002
2025-11-21 19:58:57 [meters] Hex input RMS -> E | 0.002    A | 0.002    D | 0.002    G | 0.002    B | 0.002    e | 0.002
2025-11-21 19:58:57 [meters] Hex input RMS -> E | 0.001    A | 0.001    D | 0.001    G | 0.001    B | 0.001    e | 0.002
2025-11-21 19:58:57 [meters] Hex input RMS -> E | 0.001    A | 0.001    D | 0.001    G | 0.001    B | 0.001    e | 0.002
2025-11-21 19:58:57 [meters] Hex input RMS -> E | 0.002    A | 0.002    D | 0.002    G | 0.002    B | 0.002    e | 0.002
2025-11-21 19:58:57 [meters] Hex input RMS -> E | 0.002    A | 0.002    D | 0.002    G | 0.002    B | 0.002    e | 0.002
2025-11-21 19:58:57 [meters] Hex input RMS -> E | 0.002    A | 0.002    D | 0.002    G | 0.002    B | 0.002    e | 0.002
2025-11-21 19:58:57 [meters] Hex input RMS -> E | 0.001    A | 0.001    D | 0.001    G | 0.001    B | 0.001    e | 0.002
2025-11-21 19:58:57 [meters] Hex input RMS -> E | 0.001    A | 0.001    D | 0.001    G | 0.001    B | 0.001    e | 0.002
2025-11-21 19:58:57 [meters] Hex input RMS -> E | 0.002    A | 0.002    D | 0.002    G | 0.002    B | 0.002    e | 0.002
2025-11-21 19:58:57 [meters] Hex input RMS -> E | 0.002    A | 0.002    D | 0.002    G | 0.002    B | 0.002    e | 0.002
2025-11-21 19:58:57 [meters] Hex input RMS -> E | 0.002    A | 0.001    D | 0.002    G | 0.001    B | 0.001    e | 0.002
2025-11-21 19:58:58 [meters] Hex input RMS -> E | 0.001    A | 0.001    D | 0.001    G | 0.001    B | 0.001    e | 0.002
2025-11-21 19:58:58 [meters] Hex input RMS -> E | 0.002    A | 0.001    D | 0.002    G | 0.002    B | 0.002    e | 0.002
2025-11-21 19:58:58 [meters] Hex input RMS -> E | 0.002    A | 0.002    D | 0.002    G | 0.002    B | 0.002    e | 0.002
2025-11-21 19:58:58 [meters] Hex input RMS -> E | 0.002    A | 0.002    D | 0.002    G | 0.002    B | 0.002    e | 0.002
2025-11-21 19:58:58 [meters] Hex input RMS -> E | 0.001    A | 0.001    D | 0.001    G | 0.001    B | 0.001    e | 0.002
2025-11-21 19:58:58 [meters] Hex input RMS -> E | 0.001    A | 0.001    D | 0.001    G | 0.001    B | 0.001    e | 0.001
2025-11-21 19:58:58 [meters] Hex input RMS -> E | 0.002    A | 0.002    D | 0.002    G | 0.002    B | 0.002    e | 0.002
2025-11-21 19:58:58 [meters] Hex input RMS -> E | 0.002    A | 0.002    D | 0.002    G | 0.002    B | 0.002    e | 0.002
2025-11-21 19:58:58 [meters] Hex input RMS -> E | 0.002    A | 0.002    D | 0.002    G | 0.002    B | 0.002    e | 0.002
2025-11-21 19:58:58 [meters] Hex input RMS -> E | 0.001    A | 0.001    D | 0.001    G | 0.001    B | 0.001    e | 0.001
2025-11-21 19:58:58 [meters] Hex input RMS -> E | 0.001    A | 0.001    D | 0.001    G | 0.001    B | 0.001    e | 0.002
2025-11-21 19:58:58 [meters] Hex input RMS -> E | 0.002    A | 0.002    D | 0.002    G | 0.002    B | 0.002    e | 0.002
2025-11-21 19:58:58 [meters] Hex input RMS -> E | 0.002    A | 0.002    D | 0.002    G | 0.002    B | 0.002    e | 0.002
2025-11-21 19:58:59 [meters] Hex input RMS -> E | 0.002    A | 0.002    D | 0.002    G | 0.002    B | 0.002    e | 0.002
2025-11-21 19:58:59 [meters] Hex input RMS -> E | 0.001    A | 0.001    D | 0.001    G | 0.001    B | 0.001    e | 0.001
2025-11-21 19:58:59 [meters] Hex input RMS -> E | 0.001    A | 0.001    D | 0.001    G | 0.001    B | 0.001    e | 0.002
2025-11-21 19:58:59 [meters] Hex input RMS -> E | 0.002    A | 0.002    D | 0.002    G | 0.002    B | 0.002    e | 0.002
2025-11-21 19:58:59 [meters] Hex input RMS -> E | 0.002    A | 0.002    D | 0.002    G | 0.002    B | 0.002    e | 0.002
2025-11-21 19:58:59 [meters] Hex input RMS -> E | 0.001    A | 0.001    D | 0.002    G | 0.001    B | 0.001    e | 0.001
2025-11-21 19:58:59 [meters] Hex input RMS -> E | 0.001    A | 0.001    D | 0.001    G | 0.001    B | 0.001    e | 0.001
