# SignalAssistant session log
# Started at 2025-11-24 07:04:52
2025-11-24 07:04:52 [tracker-settings] TrackerConfig onsetThreshold=0.02000 minNoteDurSec=0.045 hopSec=0.010 slideDelta=120.0 bendDelta=35.0
2025-11-24 07:04:52 [tracker-settings] string1 midi=40 lowCut=37.08Hz highCut=445.00Hz baseline=0.000180 gateRatio=0.05500 envFloor=0.000450 sustainScale=0.580 retriggerScale=1.400 peakRelease=0.120 pitchTol=0.400 onsetScale=0.300
2025-11-24 07:04:52 [tracker-settings] string2 midi=45 lowCut=55.00Hz highCut=563.20Hz baseline=0.000220 gateRatio=0.10000 envFloor=0.000550 sustainScale=0.700 retriggerScale=1.250 peakRelease=0.130 pitchTol=0.400 onsetScale=0.450
2025-11-24 07:04:52 [tracker-settings] string3 midi=50 lowCut=85.16Hz highCut=693.05Hz baseline=0.000260 gateRatio=0.13000 envFloor=0.000650 sustainScale=0.820 retriggerScale=1.100 peakRelease=0.140 pitchTol=0.450 onsetScale=0.580
2025-11-24 07:04:52 [tracker-settings] string4 midi=55 lowCut=127.40Hz highCut=862.39Hz baseline=0.000320 gateRatio=0.17000 envFloor=0.000780 sustainScale=1.000 retriggerScale=1.000 peakRelease=0.160 pitchTol=0.440 onsetScale=0.700
2025-11-24 07:04:52 [tracker] [s1] calibration avg=0.00681 peak=0.01023
2025-11-24 07:04:52 [tracker] [s2] calibration avg=0.00985 peak=0.02604
2025-11-24 07:04:52 [tracker] [s4] calibration avg=0.00197 peak=0.01001
2025-11-24 07:04:52 [tracker] [s5] calibration avg=0.01157 peak=0.09657
2025-11-24 07:04:52 [tracker] [s6] calibration avg=0.00432 peak=0.20712
2025-11-24 07:04:52 [tracker] [s1] configure sr=48000.0 hop=128 fft=1024 low=37.1 high=445.0
2025-11-24 07:04:52 [tracker] [s2] configure sr=48000.0 hop=128 fft=1024 low=55.0 high=563.2
2025-11-24 07:04:52 [tracker] [s3] configure sr=48000.0 hop=128 fft=1024 low=85.2 high=693.0
2025-11-24 07:04:52 [tracker] [s4] configure sr=48000.0 hop=128 fft=1024 low=127.4 high=862.4
2025-11-24 07:04:52 [tracker] [s5] configure sr=48000.0 hop=128 fft=512 low=160.5 high=1086.5
2025-11-24 07:04:52 [tracker] [s6] configure sr=48000.0 hop=128 fft=512 low=214.3 high=1450.4
2025-11-24 07:04:52 [meters] Hex input RMS -> E | 0.001    A | 0.001    D | 0.001    G | 0.001    B | 0.001    e | 0.001
2025-11-24 07:04:52 [meters] Hex input RMS -> E | 0.002    A | 0.001    D | 0.001    G | 0.001    B | 0.002    e | 0.001
2025-11-24 07:04:52 [meters] Hex input RMS -> E | 0.002    A | 0.002    D | 0.002    G | 0.002    B | 0.002    e | 0.002
2025-11-24 07:04:52 [meters] Hex input RMS -> E | 0.002    A | 0.002    D | 0.002    G | 0.002    B | 0.002    e | 0.002
2025-11-24 07:04:53 [meters] Hex input RMS -> E | 0.001    A | 0.001    D | 0.002    G | 0.001    B | 0.002    e | 0.001
2025-11-24 07:04:53 [meters] Hex input RMS -> E | 0.001    A | 0.001    D | 0.001    G | 0.001    B | 0.001    e | 0.001
2025-11-24 07:04:53 [meters] Hex input RMS -> E | 0.002    A | 0.002    D | 0.002    G | 0.002    B | 0.002    e | 0.002
2025-11-24 07:04:53 [meters] Hex input RMS -> E | 0.002    A | 0.002    D | 0.002    G | 0.002    B | 0.002    e | 0.002
2025-11-24 07:04:53 [meters] Hex input RMS -> E | 0.002    A | 0.002    D | 0.002    G | 0.002    B | 0.002    e | 0.002
2025-11-24 07:04:53 [meters] Hex input RMS -> E | 0.001    A | 0.001    D | 0.001    G | 0.001    B | 0.001    e | 0.001
2025-11-24 07:04:53 [meters] Hex input RMS -> E | 0.001    A | 0.001    D | 0.001    G | 0.001    B | 0.001    e | 0.001
2025-11-24 07:04:53 [meters] Hex input RMS -> E | 0.002    A | 0.002    D | 0.002    G | 0.002    B | 0.002    e | 0.002
2025-11-24 07:04:53 [meters] Hex input RMS -> E | 0.002    A | 0.002    D | 0.002    G | 0.002    B | 0.002    e | 0.002
2025-11-24 07:04:53 [meters] Hex input RMS -> E | 0.002    A | 0.002    D | 0.002    G | 0.002    B | 0.002    e | 0.002
2025-11-24 07:04:53 [meters] Hex input RMS -> E | 0.001    A | 0.001    D | 0.001    G | 0.001    B | 0.001    e | 0.001
2025-11-24 07:04:53 [meters] Hex input RMS -> E | 0.001    A | 0.001    D | 0.002    G | 0.001    B | 0.001    e | 0.001
2025-11-24 07:04:54 [meters] Hex input RMS -> E | 0.002    A | 0.002    D | 0.002    G | 0.002    B | 0.002    e | 0.002
2025-11-24 07:04:54 [meters] Hex input RMS -> E | 0.002    A | 0.002    D | 0.002    G | 0.002    B | 0.002    e | 0.002
2025-11-24 07:04:54 [meters] Hex input RMS -> E | 0.002    A | 0.002    D | 0.002    G | 0.001    B | 0.001    e | 0.001
2025-11-24 07:04:54 [meters] Hex input RMS -> E | 0.001    A | 0.001    D | 0.001    G | 0.001    B | 0.001    e | 0.001
2025-11-24 07:04:54 [meters] Hex input RMS -> E | 0.002    A | 0.002    D | 0.002    G | 0.002    B | 0.002    e | 0.002
2025-11-24 07:04:54 [meters] Hex input RMS -> E | 0.002    A | 0.002    D | 0.002    G | 0.002    B | 0.002    e | 0.002
2025-11-24 07:04:54 [meters] Hex input RMS -> E | 0.002    A | 0.002    D | 0.002    G | 0.002    B | 0.002    e | 0.002
2025-11-24 07:04:54 [meters] Hex input RMS -> E | 0.001    A | 0.001    D | 0.001    G | 0.001    B | 0.001    e | 0.001
2025-11-24 07:04:54 [meters] Hex input RMS -> E | 0.001    A | 0.001    D | 0.001    G | 0.001    B | 0.001    e | 0.001
2025-11-24 07:04:54 [meters] Hex input RMS -> E | 0.002    A | 0.002    D | 0.002    G | 0.002    B | 0.002    e | 0.002
2025-11-24 07:04:54 [meters] Hex input RMS -> E | 0.002    A | 0.002    D | 0.002    G | 0.002    B | 0.002    e | 0.002
2025-11-24 07:04:54 [meters] Hex input RMS -> E | 0.002    A | 0.002    D | 0.002    G | 0.002    B | 0.002    e | 0.002
2025-11-24 07:04:54 [meters] Hex input RMS -> E | 0.001    A | 0.001    D | 0.001    G | 0.001    B | 0.001    e | 0.001
2025-11-24 07:04:55 [meters] Hex input RMS -> E | 0.001    A | 0.001    D | 0.001    G | 0.001    B | 0.001    e | 0.001
2025-11-24 07:04:55 [meters] Hex input RMS -> E | 0.002    A | 0.002    D | 0.002    G | 0.002    B | 0.002    e | 0.002
2025-11-24 07:04:55 [meters] Hex input RMS -> E | 0.002    A | 0.002    D | 0.002    G | 0.002    B | 0.002    e | 0.002
2025-11-24 07:04:55 [meters] Hex input RMS -> E | 0.002    A | 0.002    D | 0.002    G | 0.002    B | 0.002    e | 0.002
2025-11-24 07:04:55 [meters] Hex input RMS -> E | 0.001    A | 0.001    D | 0.001    G | 0.001    B | 0.001    e | 0.001
2025-11-24 07:04:55 [meters] Hex input RMS -> E | 0.001    A | 0.001    D | 0.002    G | 0.002    B | 0.002    e | 0.002
2025-11-24 07:04:55 [meters] Hex input RMS -> E | 0.002    A | 0.002    D | 0.002    G | 0.002    B | 0.002    e | 0.002
2025-11-24 07:04:55 [meters] Hex input RMS -> E | 0.002    A | 0.002    D | 0.002    G | 0.002    B | 0.002    e | 0.002
2025-11-24 07:04:55 [meters] Hex input RMS -> E | 0.002    A | 0.001    D | 0.002    G | 0.002    B | 0.001    e | 0.001
2025-11-24 07:04:55 [meters] Hex input RMS -> E | 0.001    A | 0.001    D | 0.001    G | 0.001    B | 0.001    e | 0.001
2025-11-24 07:04:55 [meters] Hex input RMS -> E | 0.002    A | 0.002    D | 0.002    G | 0.002    B | 0.002    e | 0.002
2025-11-24 07:04:55 [meters] Hex input RMS -> E | 0.002    A | 0.002    D | 0.002    G | 0.002    B | 0.002    e | 0.002
2025-11-24 07:04:56 [meters] Hex input RMS -> E | 0.002    A | 0.002    D | 0.002    G | 0.002    B | 0.002    e | 0.002
2025-11-24 07:04:56 [meters] Hex input RMS -> E | 0.001    A | 0.001    D | 0.001    G | 0.001    B | 0.001    e | 0.001
2025-11-24 07:04:56 [meters] Hex input RMS -> E | 0.001    A | 0.001    D | 0.001    G | 0.001    B | 0.001    e | 0.001
2025-11-24 07:04:56 [meters] Hex input RMS -> E | 0.002    A | 0.002    D | 0.002    G | 0.002    B | 0.002    e | 0.002
2025-11-24 07:04:56 [meters] Hex input RMS -> E | 0.002    A | 0.002    D | 0.002    G | 0.002    B | 0.002    e | 0.002
2025-11-24 07:04:56 [meters] Hex input RMS -> E | 0.002    A | 0.002    D | 0.002    G | 0.002    B | 0.002    e | 0.002
2025-11-24 07:04:56 [meters] Hex input RMS -> E | 0.001    A | 0.001    D | 0.001    G | 0.001    B | 0.001    e | 0.001
2025-11-24 07:04:56 [meters] Hex input RMS -> E | 0.001    A | 0.001    D | 0.001    G | 0.001    B | 0.001    e | 0.001
2025-11-24 07:04:56 [meters] Hex input RMS -> E | 0.002    A | 0.002    D | 0.002    G | 0.002    B | 0.002    e | 0.002
2025-11-24 07:04:56 [meters] Hex input RMS -> E | 0.002    A | 0.002    D | 0.002    G | 0.002    B | 0.002    e | 0.002
2025-11-24 07:04:56 [meters] Hex input RMS -> E | 0.002    A | 0.002    D | 0.002    G | 0.002    B | 0.002    e | 0.001
2025-11-24 07:04:56 [meters] Hex input RMS -> E | 0.001    A | 0.001    D | 0.001    G | 0.001    B | 0.001    e | 0.001
2025-11-24 07:04:56 [meters] Hex input RMS -> E | 0.002    A | 0.002    D | 0.001    G | 0.001    B | 0.001    e | 0.001
2025-11-24 07:04:57 [meters] Hex input RMS -> E | 0.002    A | 0.002    D | 0.002    G | 0.002    B | 0.002    e | 0.002
2025-11-24 07:04:57 [meters] Hex input RMS -> E | 0.002    A | 0.002    D | 0.002    G | 0.002    B | 0.002    e | 0.002
2025-11-24 07:04:57 [meters] Hex input RMS -> E | 0.001    A | 0.001    D | 0.002    G | 0.001    B | 0.002    e | 0.001
2025-11-24 07:04:57 [meters] Hex input RMS -> E | 0.001    A | 0.001    D | 0.001    G | 0.001    B | 0.001    e | 0.001
2025-11-24 07:04:57 [meters] Hex input RMS -> E | 0.002    A | 0.002    D | 0.002    G | 0.002    B | 0.002    e | 0.002
2025-11-24 07:04:57 [meters] Hex input RMS -> E | 0.002    A | 0.002    D | 0.002    G | 0.002    B | 0.002    e | 0.002
2025-11-24 07:04:57 [meters] Hex input RMS -> E | 0.002    A | 0.002    D | 0.002    G | 0.002    B | 0.002    e | 0.002
2025-11-24 07:04:57 [meters] Hex input RMS -> E | 0.001    A | 0.001    D | 0.001    G | 0.001    B | 0.001    e | 0.001
2025-11-24 07:04:57 [meters] Hex input RMS -> E | 0.001    A | 0.001    D | 0.001    G | 0.001    B | 0.001    e | 0.001
2025-11-24 07:04:57 [meters] Hex input RMS -> E | 0.002    A | 0.002    D | 0.002    G | 0.002    B | 0.002    e | 0.002
2025-11-24 07:04:57 [meters] Hex input RMS -> E | 0.002    A | 0.002    D | 0.002    G | 0.002    B | 0.002    e | 0.002
2025-11-24 07:04:57 [meters] Hex input RMS -> E | 0.002    A | 0.002    D | 0.002    G | 0.002    B | 0.002    e | 0.002
2025-11-24 07:04:58 [meters] Hex input RMS -> E | 0.001    A | 0.001    D | 0.001    G | 0.001    B | 0.001    e | 0.001
2025-11-24 07:04:58 [meters] Hex input RMS -> E | 0.001    A | 0.001    D | 0.001    G | 0.001    B | 0.001    e | 0.002
2025-11-24 07:04:58 [meters] Hex input RMS -> E | 0.002    A | 0.002    D | 0.002    G | 0.002    B | 0.002    e | 0.002
2025-11-24 07:04:58 [meters] Hex input RMS -> E | 0.002    A | 0.002    D | 0.002    G | 0.002    B | 0.002    e | 0.002
2025-11-24 07:04:58 [meters] Hex input RMS -> E | 0.002    A | 0.002    D | 0.001    G | 0.001    B | 0.002    e | 0.001
2025-11-24 07:04:58 [meters] Hex input RMS -> E | 0.001    A | 0.001    D | 0.001    G | 0.001    B | 0.001    e | 0.001
2025-11-24 07:04:58 [meters] Hex input RMS -> E | 0.002    A | 0.002    D | 0.002    G | 0.002    B | 0.002    e | 0.001
2025-11-24 07:04:58 [meters] Hex input RMS -> E | 0.002    A | 0.002    D | 0.002    G | 0.002    B | 0.002    e | 0.002
2025-11-24 07:04:58 [meters] Hex input RMS -> E | 0.002    A | 0.002    D | 0.002    G | 0.002    B | 0.002    e | 0.002
2025-11-24 07:04:58 [meters] Hex input RMS -> E | 0.001    A | 0.001    D | 0.001    G | 0.001    B | 0.001    e | 0.001
2025-11-24 07:04:58 [meters] Hex input RMS -> E | 0.001    A | 0.001    D | 0.001    G | 0.001    B | 0.001    e | 0.001
2025-11-24 07:04:58 [meters] Hex input RMS -> E | 0.002    A | 0.002    D | 0.002    G | 0.002    B | 0.002    e | 0.002
2025-11-24 07:04:58 [meters] Hex input RMS -> E | 0.002    A | 0.002    D | 0.002    G | 0.002    B | 0.002    e | 0.002
2025-11-24 07:04:59 [meters] Hex input RMS -> E | 0.002    A | 0.002    D | 0.002    G | 0.002    B | 0.002    e | 0.002
2025-11-24 07:04:59 [meters] Hex input RMS -> E | 0.001    A | 0.001    D | 0.001    G | 0.001    B | 0.001    e | 0.001
2025-11-24 07:04:59 [meters] Hex input RMS -> E | 0.001    A | 0.001    D | 0.001    G | 0.001    B | 0.001    e | 0.001
2025-11-24 07:04:59 [meters] Hex input RMS -> E | 0.002    A | 0.002    D | 0.002    G | 0.002    B | 0.002    e | 0.002
2025-11-24 07:04:59 [meters] Hex input RMS -> E | 0.002    A | 0.002    D | 0.002    G | 0.002    B | 0.002    e | 0.002
2025-11-24 07:04:59 [meters] Hex input RMS -> E | 0.002    A | 0.002    D | 0.002    G | 0.002    B | 0.002    e | 0.001
2025-11-24 07:04:59 [meters] Hex input RMS -> E | 0.001    A | 0.001    D | 0.001    G | 0.001    B | 0.001    e | 0.001
2025-11-24 07:04:59 [meters] Hex input RMS -> E | 0.002    A | 0.002    D | 0.002    G | 0.001    B | 0.002    e | 0.002
2025-11-24 07:04:59 [meters] Hex input RMS -> E | 0.002    A | 0.002    D | 0.002    G | 0.002    B | 0.002    e | 0.002
2025-11-24 07:04:59 [meters] Hex input RMS -> E | 0.002    A | 0.002    D | 0.002    G | 0.002    B | 0.002    e | 0.002
2025-11-24 07:04:59 [meters] Hex input RMS -> E | 0.002    A | 0.002    D | 0.002    G | 0.001    B | 0.001    e | 0.001
2025-11-24 07:04:59 [meters] Hex input RMS -> E | 0.001    A | 0.001    D | 0.001    G | 0.001    B | 0.001    e | 0.001
2025-11-24 07:05:00 [meters] Hex input RMS -> E | 0.002    A | 0.002    D | 0.002    G | 0.002    B | 0.002    e | 0.002
2025-11-24 07:05:00 [meters] Hex input RMS -> E | 0.002    A | 0.002    D | 0.002    G | 0.002    B | 0.002    e | 0.002
2025-11-24 07:05:00 [meters] Hex input RMS -> E | 0.002    A | 0.002    D | 0.002    G | 0.002    B | 0.002    e | 0.002
2025-11-24 07:05:00 [meters] Hex input RMS -> E | 0.001    A | 0.001    D | 0.001    G | 0.001    B | 0.001    e | 0.001
2025-11-24 07:05:00 [meters] Hex input RMS -> E | 0.001    A | 0.001    D | 0.001    G | 0.001    B | 0.001    e | 0.001
2025-11-24 07:05:00 [meters] Hex input RMS -> E | 0.002    A | 0.002    D | 0.002    G | 0.002    B | 0.002    e | 0.002
2025-11-24 07:05:00 [meters] Hex input RMS -> E | 0.002    A | 0.002    D | 0.002    G | 0.002    B | 0.002    e | 0.002
2025-11-24 07:05:00 [meters] Hex input RMS -> E | 0.002    A | 0.002    D | 0.002    G | 0.002    B | 0.002    e | 0.002
2025-11-24 07:05:00 [meters] Hex input RMS -> E | 0.001    A | 0.001    D | 0.001    G | 0.001    B | 0.001    e | 0.001
2025-11-24 07:05:00 [meters] Hex input RMS -> E | 0.001    A | 0.001    D | 0.002    G | 0.001    B | 0.001    e | 0.001
2025-11-24 07:05:00 [meters] Hex input RMS -> E | 0.002    A | 0.002    D | 0.002    G | 0.002    B | 0.002    e | 0.002
2025-11-24 07:05:00 [meters] Hex input RMS -> E | 0.002    A | 0.002    D | 0.002    G | 0.002    B | 0.002    e | 0.002
2025-11-24 07:05:00 [meters] Hex input RMS -> E | 0.002    A | 0.002    D | 0.002    G | 0.002    B | 0.002    e | 0.001
2025-11-24 07:05:01 [meters] Hex input RMS -> E | 0.001    A | 0.001    D | 0.001    G | 0.001    B | 0.001    e | 0.001
2025-11-24 07:05:01 [meters] Hex input RMS -> E | 0.002    A | 0.002    D | 0.002    G | 0.001    B | 0.002    e | 0.001
2025-11-24 07:05:01 [meters] Hex input RMS -> E | 0.002    A | 0.002    D | 0.002    G | 0.002    B | 0.002    e | 0.002
2025-11-24 07:05:01 [meters] Hex input RMS -> E | 0.002    A | 0.002    D | 0.002    G | 0.002    B | 0.002    e | 0.002
2025-11-24 07:05:01 [meters] Hex input RMS -> E | 0.001    A | 0.001    D | 0.001    G | 0.001    B | 0.002    e | 0.001
2025-11-24 07:05:01 [meters] Hex input RMS -> E | 0.001    A | 0.001    D | 0.001    G | 0.001    B | 0.001    e | 0.001
2025-11-24 07:05:01 [meters] Hex input RMS -> E | 0.002    A | 0.002    D | 0.002    G | 0.002    B | 0.002    e | 0.002
2025-11-24 07:05:01 [meters] Hex input RMS -> E | 0.002    A | 0.002    D | 0.002    G | 0.002    B | 0.002    e | 0.002
2025-11-24 07:05:01 [meters] Hex input RMS -> E | 0.002    A | 0.002    D | 0.002    G | 0.002    B | 0.002    e | 0.002
2025-11-24 07:05:01 [meters] Hex input RMS -> E | 0.001    A | 0.001    D | 0.001    G | 0.001    B | 0.001    e | 0.001
2025-11-24 07:05:01 [meters] Hex input RMS -> E | 0.001    A | 0.001    D | 0.001    G | 0.001    B | 0.001    e | 0.001
2025-11-24 07:05:01 [meters] Hex input RMS -> E | 0.002    A | 0.002    D | 0.002    G | 0.002    B | 0.002    e | 0.002
2025-11-24 07:05:02 [meters] Hex input RMS -> E | 0.002    A | 0.002    D | 0.002    G | 0.002    B | 0.002    e | 0.002
2025-11-24 07:05:02 [meters] Hex input RMS -> E | 0.002    A | 0.002    D | 0.002    G | 0.002    B | 0.002    e | 0.002
2025-11-24 07:05:02 [meters] Hex input RMS -> E | 0.001    A | 0.001    D | 0.001    G | 0.001    B | 0.001    e | 0.001
2025-11-24 07:05:02 [meters] Hex input RMS -> E | 0.001    A | 0.001    D | 0.002    G | 0.001    B | 0.001    e | 0.001
2025-11-24 07:05:02 [meters] Hex input RMS -> E | 0.002    A | 0.002    D | 0.002    G | 0.002    B | 0.002    e | 0.002
2025-11-24 07:05:02 [meters] Hex input RMS -> E | 0.002    A | 0.002    D | 0.002    G | 0.002    B | 0.002    e | 0.002
2025-11-24 07:05:02 [meters] Hex input RMS -> E | 0.002    A | 0.001    D | 0.002    G | 0.001    B | 0.001    e | 0.001
2025-11-24 07:05:02 [meters] Hex input RMS -> E | 0.001    A | 0.001    D | 0.001    G | 0.001    B | 0.001    e | 0.001
2025-11-24 07:05:02 [meters] Hex input RMS -> E | 0.002    A | 0.002    D | 0.002    G | 0.002    B | 0.002    e | 0.002
2025-11-24 07:05:02 [meters] Hex input RMS -> E | 0.002    A | 0.002    D | 0.002    G | 0.002    B | 0.002    e | 0.002
2025-11-24 07:05:02 [meters] Hex input RMS -> E | 0.002    A | 0.002    D | 0.002    G | 0.002    B | 0.002    e | 0.002
2025-11-24 07:05:02 [meters] Hex input RMS -> E | 0.001    A | 0.001    D | 0.001    G | 0.001    B | 0.001    e | 0.001
2025-11-24 07:05:02 [meters] Hex input RMS -> E | 0.001    A | 0.001    D | 0.001    G | 0.001    B | 0.001    e | 0.001
2025-11-24 07:05:03 [meters] Hex input RMS -> E | 0.002    A | 0.002    D | 0.002    G | 0.002    B | 0.002    e | 0.002
2025-11-24 07:05:03 [meters] Hex input RMS -> E | 0.002    A | 0.002    D | 0.002    G | 0.002    B | 0.002    e | 0.002
2025-11-24 07:05:03 [meters] Hex input RMS -> E | 0.002    A | 0.002    D | 0.002    G | 0.002    B | 0.002    e | 0.002
2025-11-24 07:05:03 [meters] Hex input RMS -> E | 0.001    A | 0.001    D | 0.001    G | 0.001    B | 0.001    e | 0.001
2025-11-24 07:05:03 [meters] Hex input RMS -> E | 0.001    A | 0.001    D | 0.001    G | 0.001    B | 0.001    e | 0.001
2025-11-24 07:05:03 [meters] Hex input RMS -> E | 0.002    A | 0.002    D | 0.002    G | 0.002    B | 0.002    e | 0.002
2025-11-24 07:05:03 [meters] Hex input RMS -> E | 0.002    A | 0.002    D | 0.002    G | 0.002    B | 0.002    e | 0.002
2025-11-24 07:05:03 [meters] Hex input RMS -> E | 0.002    A | 0.002    D | 0.002    G | 0.002    B | 0.002    e | 0.001
2025-11-24 07:05:03 [meters] Hex input RMS -> E | 0.001    A | 0.001    D | 0.001    G | 0.001    B | 0.001    e | 0.001
2025-11-24 07:05:03 [meters] Hex input RMS -> E | 0.002    A | 0.002    D | 0.002    G | 0.002    B | 0.001    e | 0.002
2025-11-24 07:05:03 [meters] Hex input RMS -> E | 0.002    A | 0.002    D | 0.002    G | 0.002    B | 0.002    e | 0.002
2025-11-24 07:05:03 [meters] Hex input RMS -> E | 0.002    A | 0.002    D | 0.002    G | 0.002    B | 0.002    e | 0.002
2025-11-24 07:05:04 [meters] Hex input RMS -> E | 0.002    A | 0.001    D | 0.002    G | 0.002    B | 0.001    e | 0.001
2025-11-24 07:05:04 [meters] Hex input RMS -> E | 0.001    A | 0.001    D | 0.001    G | 0.001    B | 0.001    e | 0.001
2025-11-24 07:05:04 [meters] Hex input RMS -> E | 0.002    A | 0.002    D | 0.002    G | 0.002    B | 0.002    e | 0.002
2025-11-24 07:05:04 [meters] Hex input RMS -> E | 0.002    A | 0.002    D | 0.002    G | 0.002    B | 0.002    e | 0.002
2025-11-24 07:05:04 [meters] Hex input RMS -> E | 0.002    A | 0.002    D | 0.002    G | 0.002    B | 0.002    e | 0.002
2025-11-24 07:05:04 [meters] Hex input RMS -> E | 0.001    A | 0.001    D | 0.001    G | 0.001    B | 0.001    e | 0.001
2025-11-24 07:05:04 [meters] Hex input RMS -> E | 0.001    A | 0.001    D | 0.001    G | 0.001    B | 0.001    e | 0.001
2025-11-24 07:05:04 [meters] Hex input RMS -> E | 0.002    A | 0.002    D | 0.002    G | 0.002    B | 0.002    e | 0.002
2025-11-24 07:05:04 [meters] Hex input RMS -> E | 0.002    A | 0.002    D | 0.002    G | 0.002    B | 0.002    e | 0.002
2025-11-24 07:05:04 [meters] Hex input RMS -> E | 0.002    A | 0.002    D | 0.002    G | 0.002    B | 0.002    e | 0.002
2025-11-24 07:05:04 [meters] Hex input RMS -> E | 0.001    A | 0.001    D | 0.001    G | 0.001    B | 0.001    e | 0.001
2025-11-24 07:05:04 [meters] Hex input RMS -> E | 0.001    A | 0.001    D | 0.002    G | 0.001    B | 0.001    e | 0.001
2025-11-24 07:05:04 [meters] Hex input RMS -> E | 0.002    A | 0.002    D | 0.002    G | 0.002    B | 0.002    e | 0.002
2025-11-24 07:05:05 [meters] Hex input RMS -> E | 0.002    A | 0.002    D | 0.002    G | 0.002    B | 0.002    e | 0.002
2025-11-24 07:05:05 [meters] Hex input RMS -> E | 0.002    A | 0.002    D | 0.002    G | 0.002    B | 0.002    e | 0.001
2025-11-24 07:05:05 [meters] Hex input RMS -> E | 0.001    A | 0.001    D | 0.001    G | 0.001    B | 0.001    e | 0.001
2025-11-24 07:05:05 [meters] Hex input RMS -> E | 0.002    A | 0.002    D | 0.002    G | 0.002    B | 0.002    e | 0.002
2025-11-24 07:05:05 [meters] Hex input RMS -> E | 0.002    A | 0.002    D | 0.002    G | 0.002    B | 0.002    e | 0.002
2025-11-24 07:05:05 [meters] Hex input RMS -> E | 0.002    A | 0.002    D | 0.002    G | 0.002    B | 0.002    e | 0.002
2025-11-24 07:05:05 [meters] Hex input RMS -> E | 0.001    A | 0.001    D | 0.001    G | 0.001    B | 0.001    e | 0.001
2025-11-24 07:05:05 [meters] Hex input RMS -> E | 0.001    A | 0.001    D | 0.001    G | 0.001    B | 0.001    e | 0.001
2025-11-24 07:05:05 [meters] Hex input RMS -> E | 0.002    A | 0.002    D | 0.002    G | 0.002    B | 0.002    e | 0.002
2025-11-24 07:05:05 [meters] Hex input RMS -> E | 0.002    A | 0.002    D | 0.002    G | 0.002    B | 0.002    e | 0.002
2025-11-24 07:05:05 [meters] Hex input RMS -> E | 0.002    A | 0.002    D | 0.002    G | 0.002    B | 0.002    e | 0.002
2025-11-24 07:05:05 [meters] Hex input RMS -> E | 0.001    A | 0.001    D | 0.001    G | 0.001    B | 0.001    e | 0.001
2025-11-24 07:05:06 [meters] Hex input RMS -> E | 0.001    A | 0.001    D | 0.001    G | 0.001    B | 0.001    e | 0.001
2025-11-24 07:05:06 [meters] Hex input RMS -> E | 0.002    A | 0.002    D | 0.002    G | 0.002    B | 0.002    e | 0.002
2025-11-24 07:05:06 [meters] Hex input RMS -> E | 0.002    A | 0.002    D | 0.002    G | 0.002    B | 0.002    e | 0.002
2025-11-24 07:05:06 [meters] Hex input RMS -> E | 0.002    A | 0.002    D | 0.002    G | 0.002    B | 0.002    e | 0.002
2025-11-24 07:05:06 [meters] Hex input RMS -> E | 0.001    A | 0.001    D | 0.001    G | 0.001    B | 0.001    e | 0.001
2025-11-24 07:05:06 [meters] Hex input RMS -> E | 0.001    A | 0.001    D | 0.002    G | 0.001    B | 0.002    e | 0.002
2025-11-24 07:05:06 [meters] Hex input RMS -> E | 0.002    A | 0.002    D | 0.002    G | 0.002    B | 0.002    e | 0.002
2025-11-24 07:05:06 [meters] Hex input RMS -> E | 0.002    A | 0.002    D | 0.002    G | 0.002    B | 0.002    e | 0.002
2025-11-24 07:05:06 [meters] Hex input RMS -> E | 0.001    A | 0.001    D | 0.002    G | 0.001    B | 0.001    e | 0.001
2025-11-24 07:05:06 [meters] Hex input RMS -> E | 0.001    A | 0.001    D | 0.001    G | 0.001    B | 0.001    e | 0.001
2025-11-24 07:05:06 [meters] Hex input RMS -> E | 0.002    A | 0.002    D | 0.002    G | 0.002    B | 0.002    e | 0.002
2025-11-24 07:05:06 [meters] Hex input RMS -> E | 0.002    A | 0.002    D | 0.002    G | 0.002    B | 0.002    e | 0.002
2025-11-24 07:05:06 [meters] Hex input RMS -> E | 0.002    A | 0.002    D | 0.002    G | 0.002    B | 0.002    e | 0.002
2025-11-24 07:05:07 [meters] Hex input RMS -> E | 0.001    A | 0.001    D | 0.001    G | 0.001    B | 0.001    e | 0.001
2025-11-24 07:05:07 [meters] Hex input RMS -> E | 0.001    A | 0.001    D | 0.001    G | 0.001    B | 0.001    e | 0.001
2025-11-24 07:05:07 [meters] Hex input RMS -> E | 0.002    A | 0.002    D | 0.002    G | 0.002    B | 0.002    e | 0.002
2025-11-24 07:05:07 [meters] Hex input RMS -> E | 0.002    A | 0.002    D | 0.002    G | 0.002    B | 0.002    e | 0.002
2025-11-24 07:05:07 [meters] Hex input RMS -> E | 0.002    A | 0.002    D | 0.002    G | 0.002    B | 0.002    e | 0.002
2025-11-24 07:05:07 [meters] Hex input RMS -> E | 0.001    A | 0.001    D | 0.001    G | 0.001    B | 0.001    e | 0.001
2025-11-24 07:05:07 [meters] Hex input RMS -> E | 0.001    A | 0.001    D | 0.002    G | 0.002    B | 0.002    e | 0.002
2025-11-24 07:05:07 [meters] Hex input RMS -> E | 0.002    A | 0.002    D | 0.002    G | 0.002    B | 0.002    e | 0.002
2025-11-24 07:05:07 [meters] Hex input RMS -> E | 0.002    A | 0.002    D | 0.002    G | 0.002    B | 0.002    e | 0.002
2025-11-24 07:05:07 [meters] Hex input RMS -> E | 0.002    A | 0.001    D | 0.002    G | 0.002    B | 0.002    e | 0.001
2025-11-24 07:05:07 [meters] Hex input RMS -> E | 0.001    A | 0.001    D | 0.001    G | 0.001    B | 0.001    e | 0.001
2025-11-24 07:05:07 [meters] Hex input RMS -> E | 0.002    A | 0.002    D | 0.002    G | 0.002    B | 0.002    e | 0.002
2025-11-24 07:05:08 [meters] Hex input RMS -> E | 0.002    A | 0.002    D | 0.002    G | 0.002    B | 0.002    e | 0.002
2025-11-24 07:05:08 [meters] Hex input RMS -> E | 0.002    A | 0.002    D | 0.002    G | 0.002    B | 0.002    e | 0.002
2025-11-24 07:05:08 [meters] Hex input RMS -> E | 0.001    A | 0.001    D | 0.001    G | 0.001    B | 0.001    e | 0.001
2025-11-24 07:05:08 [meters] Hex input RMS -> E | 0.001    A | 0.001    D | 0.001    G | 0.001    B | 0.001    e | 0.001
2025-11-24 07:05:08 [meters] Hex input RMS -> E | 0.002    A | 0.002    D | 0.002    G | 0.002    B | 0.002    e | 0.002
2025-11-24 07:05:08 [meters] Hex input RMS -> E | 0.002    A | 0.002    D | 0.002    G | 0.002    B | 0.002    e | 0.002
2025-11-24 07:05:08 [meters] Hex input RMS -> E | 0.002    A | 0.002    D | 0.002    G | 0.002    B | 0.002    e | 0.002
2025-11-24 07:05:08 [meters] Hex input RMS -> E | 0.001    A | 0.001    D | 0.001    G | 0.001    B | 0.001    e | 0.001
2025-11-24 07:05:08 [meters] Hex input RMS -> E | 0.001    A | 0.001    D | 0.001    G | 0.001    B | 0.001    e | 0.001
2025-11-24 07:05:08 [meters] Hex input RMS -> E | 0.002    A | 0.002    D | 0.002    G | 0.002    B | 0.002    e | 0.002
2025-11-24 07:05:08 [meters] Hex input RMS -> E | 0.002    A | 0.002    D | 0.002    G | 0.002    B | 0.002    e | 0.002
2025-11-24 07:05:08 [meters] Hex input RMS -> E | 0.002    A | 0.002    D | 0.002    G | 0.002    B | 0.002    e | 0.002
2025-11-24 07:05:08 [meters] Hex input RMS -> E | 0.001    A | 0.001    D | 0.001    G | 0.001    B | 0.001    e | 0.001
2025-11-24 07:05:09 [meters] Hex input RMS -> E | 0.001    A | 0.001    D | 0.001    G | 0.001    B | 0.001    e | 0.001
2025-11-24 07:05:09 [meters] Hex input RMS -> E | 0.002    A | 0.002    D | 0.002    G | 0.002    B | 0.002    e | 0.002
2025-11-24 07:05:09 [meters] Hex input RMS -> E | 0.002    A | 0.002    D | 0.002    G | 0.002    B | 0.002    e | 0.002
2025-11-24 07:05:09 [meters] Hex input RMS -> E | 0.002    A | 0.001    D | 0.002    G | 0.002    B | 0.002    e | 0.001
2025-11-24 07:05:09 [meters] Hex input RMS -> E | 0.001    A | 0.001    D | 0.001    G | 0.001    B | 0.001    e | 0.001
2025-11-24 07:05:09 [meters] Hex input RMS -> E | 0.002    A | 0.002    D | 0.002    G | 0.002    B | 0.002    e | 0.002
2025-11-24 07:05:09 [meters] Hex input RMS -> E | 0.002    A | 0.002    D | 0.002    G | 0.002    B | 0.002    e | 0.002
2025-11-24 07:05:09 [meters] Hex input RMS -> E | 0.002    A | 0.002    D | 0.002    G | 0.002    B | 0.002    e | 0.002
2025-11-24 07:05:09 [meters] Hex input RMS -> E | 0.001    A | 0.001    D | 0.001    G | 0.001    B | 0.001    e | 0.001
2025-11-24 07:05:09 [meters] Hex input RMS -> E | 0.001    A | 0.001    D | 0.001    G | 0.001    B | 0.001    e | 0.001
2025-11-24 07:05:09 [meters] Hex input RMS -> E | 0.002    A | 0.002    D | 0.002    G | 0.002    B | 0.002    e | 0.002
2025-11-24 07:05:09 [meters] Hex input RMS -> E | 0.002    A | 0.002    D | 0.002    G | 0.002    B | 0.002    e | 0.002
2025-11-24 07:05:10 [meters] Hex input RMS -> E | 0.002    A | 0.002    D | 0.002    G | 0.002    B | 0.002    e | 0.002
2025-11-24 07:05:10 [meters] Hex input RMS -> E | 0.001    A | 0.001    D | 0.001    G | 0.001    B | 0.001    e | 0.001
2025-11-24 07:05:10 [meters] Hex input RMS -> E | 0.001    A | 0.001    D | 0.001    G | 0.001    B | 0.001    e | 0.001
2025-11-24 07:05:10 [meters] Hex input RMS -> E | 0.002    A | 0.002    D | 0.002    G | 0.002    B | 0.002    e | 0.002
2025-11-24 07:05:10 [meters] Hex input RMS -> E | 0.002    A | 0.002    D | 0.002    G | 0.002    B | 0.002    e | 0.002
2025-11-24 07:05:10 [meters] Hex input RMS -> E | 0.002    A | 0.002    D | 0.002    G | 0.002    B | 0.002    e | 0.001
2025-11-24 07:05:10 [meters] Hex input RMS -> E | 0.001    A | 0.001    D | 0.001    G | 0.001    B | 0.001    e | 0.001
2025-11-24 07:05:10 [meters] Hex input RMS -> E | 0.002    A | 0.002    D | 0.002    G | 0.001    B | 0.002    e | 0.002
2025-11-24 07:05:10 [meters] Hex input RMS -> E | 0.002    A | 0.002    D | 0.002    G | 0.002    B | 0.002    e | 0.002
2025-11-24 07:05:10 [meters] Hex input RMS -> E | 0.002    A | 0.002    D | 0.002    G | 0.002    B | 0.002    e | 0.002
2025-11-24 07:05:10 [meters] Hex input RMS -> E | 0.001    A | 0.001    D | 0.001    G | 0.001    B | 0.001    e | 0.001
2025-11-24 07:05:10 [meters] Hex input RMS -> E | 0.001    A | 0.001    D | 0.001    G | 0.001    B | 0.001    e | 0.001
2025-11-24 07:05:10 [meters] Hex input RMS -> E | 0.002    A | 0.002    D | 0.002    G | 0.002    B | 0.002    e | 0.002
2025-11-24 07:05:11 [meters] Hex input RMS -> E | 0.002    A | 0.002    D | 0.002    G | 0.002    B | 0.002    e | 0.002
2025-11-24 07:05:11 [meters] Hex input RMS -> E | 0.002    A | 0.002    D | 0.002    G | 0.002    B | 0.002    e | 0.002
2025-11-24 07:05:11 [meters] Hex input RMS -> E | 0.001    A | 0.001    D | 0.001    G | 0.001    B | 0.001    e | 0.001
2025-11-24 07:05:11 [meters] Hex input RMS -> E | 0.001    A | 0.001    D | 0.001    G | 0.001    B | 0.001    e | 0.001
2025-11-24 07:05:11 [meters] Hex input RMS -> E | 0.002    A | 0.002    D | 0.002    G | 0.002    B | 0.002    e | 0.002
2025-11-24 07:05:11 [meters] Hex input RMS -> E | 0.002    A | 0.002    D | 0.002    G | 0.002    B | 0.002    e | 0.002
2025-11-24 07:05:11 [meters] Hex input RMS -> E | 0.002    A | 0.002    D | 0.002    G | 0.002    B | 0.002    e | 0.002
2025-11-24 07:05:11 [meters] Hex input RMS -> E | 0.001    A | 0.001    D | 0.001    G | 0.001    B | 0.001    e | 0.001
2025-11-24 07:05:11 [meters] Hex input RMS -> E | 0.001    A | 0.001    D | 0.002    G | 0.001    B | 0.001    e | 0.001
2025-11-24 07:05:11 [meters] Hex input RMS -> E | 0.002    A | 0.002    D | 0.002    G | 0.002    B | 0.002    e | 0.002
2025-11-24 07:05:11 [meters] Hex input RMS -> E | 0.002    A | 0.002    D | 0.002    G | 0.002    B | 0.002    e | 0.002
2025-11-24 07:05:11 [meters] Hex input RMS -> E | 0.002    A | 0.002    D | 0.002    G | 0.002    B | 0.002    e | 0.001
2025-11-24 07:05:12 [meters] Hex input RMS -> E | 0.001    A | 0.001    D | 0.001    G | 0.001    B | 0.001    e | 0.001
2025-11-24 07:05:12 [meters] Hex input RMS -> E | 0.002    A | 0.002    D | 0.002    G | 0.002    B | 0.002    e | 0.002
2025-11-24 07:05:12 [meters] Hex input RMS -> E | 0.002    A | 0.002    D | 0.002    G | 0.002    B | 0.002    e | 0.002
2025-11-24 07:05:12 [meters] Hex input RMS -> E | 0.002    A | 0.002    D | 0.002    G | 0.002    B | 0.002    e | 0.002
2025-11-24 07:05:12 [meters] Hex input RMS -> E | 0.001    A | 0.001    D | 0.001    G | 0.001    B | 0.001    e | 0.001
2025-11-24 07:05:12 [meters] Hex input RMS -> E | 0.001    A | 0.001    D | 0.001    G | 0.001    B | 0.001    e | 0.001
2025-11-24 07:05:12 [meters] Hex input RMS -> E | 0.002    A | 0.002    D | 0.002    G | 0.002    B | 0.002    e | 0.002
2025-11-24 07:05:12 [meters] Hex input RMS -> E | 0.002    A | 0.002    D | 0.002    G | 0.002    B | 0.002    e | 0.002
2025-11-24 07:05:12 [meters] Hex input RMS -> E | 0.002    A | 0.002    D | 0.002    G | 0.002    B | 0.002    e | 0.002
2025-11-24 07:05:12 [meters] Hex input RMS -> E | 0.001    A | 0.001    D | 0.001    G | 0.001    B | 0.001    e | 0.001
2025-11-24 07:05:12 [meters] Hex input RMS -> E | 0.001    A | 0.001    D | 0.001    G | 0.001    B | 0.001    e | 0.001
2025-11-24 07:05:12 [meters] Hex input RMS -> E | 0.002    A | 0.002    D | 0.002    G | 0.002    B | 0.002    e | 0.002
2025-11-24 07:05:12 [meters] Hex input RMS -> E | 0.002    A | 0.002    D | 0.002    G | 0.002    B | 0.002    e | 0.002
2025-11-24 07:05:13 [meters] Hex input RMS -> E | 0.002    A | 0.002    D | 0.002    G | 0.002    B | 0.002    e | 0.002
2025-11-24 07:05:13 [meters] Hex input RMS -> E | 0.001    A | 0.001    D | 0.001    G | 0.001    B | 0.001    e | 0.001
2025-11-24 07:05:13 [meters] Hex input RMS -> E | 0.001    A | 0.001    D | 0.002    G | 0.002    B | 0.002    e | 0.002
2025-11-24 07:05:13 [meters] Hex input RMS -> E | 0.002    A | 0.002    D | 0.002    G | 0.002    B | 0.002    e | 0.002
2025-11-24 07:05:13 [meters] Hex input RMS -> E | 0.002    A | 0.002    D | 0.002    G | 0.002    B | 0.002    e | 0.002
2025-11-24 07:05:13 [meters] Hex input RMS -> E | 0.002    A | 0.001    D | 0.002    G | 0.002    B | 0.002    e | 0.001
2025-11-24 07:05:13 [meters] Hex input RMS -> E | 0.001    A | 0.001    D | 0.001    G | 0.001    B | 0.001    e | 0.001
2025-11-24 07:05:13 [meters] Hex input RMS -> E | 0.002    A | 0.002    D | 0.002    G | 0.002    B | 0.002    e | 0.002
2025-11-24 07:05:13 [meters] Hex input RMS -> E | 0.002    A | 0.002    D | 0.002    G | 0.002    B | 0.002    e | 0.002
2025-11-24 07:05:13 [meters] Hex input RMS -> E | 0.002    A | 0.002    D | 0.002    G | 0.002    B | 0.002    e | 0.002
2025-11-24 07:05:13 [meters] Hex input RMS -> E | 0.001    A | 0.001    D | 0.001    G | 0.001    B | 0.001    e | 0.001
2025-11-24 07:05:13 [meters] Hex input RMS -> E | 0.001    A | 0.001    D | 0.001    G | 0.001    B | 0.001    e | 0.001
2025-11-24 07:05:14 [meters] Hex input RMS -> E | 0.002    A | 0.002    D | 0.002    G | 0.002    B | 0.002    e | 0.002
2025-11-24 07:05:14 [meters] Hex input RMS -> E | 0.002    A | 0.002    D | 0.002    G | 0.002    B | 0.002    e | 0.002
2025-11-24 07:05:14 [meters] Hex input RMS -> E | 0.002    A | 0.002    D | 0.002    G | 0.002    B | 0.002    e | 0.002
2025-11-24 07:05:14 [meters] Hex input RMS -> E | 0.001    A | 0.001    D | 0.001    G | 0.001    B | 0.001    e | 0.001
2025-11-24 07:05:14 [meters] Hex input RMS -> E | 0.001    A | 0.001    D | 0.001    G | 0.001    B | 0.001    e | 0.001
2025-11-24 07:05:14 [meters] Hex input RMS -> E | 0.002    A | 0.002    D | 0.002    G | 0.002    B | 0.002    e | 0.002
2025-11-24 07:05:14 [meters] Hex input RMS -> E | 0.002    A | 0.002    D | 0.002    G | 0.002    B | 0.002    e | 0.002
2025-11-24 07:05:14 [meters] Hex input RMS -> E | 0.002    A | 0.002    D | 0.002    G | 0.002    B | 0.002    e | 0.002
2025-11-24 07:05:14 [meters] Hex input RMS -> E | 0.001    A | 0.001    D | 0.001    G | 0.001    B | 0.001    e | 0.001
2025-11-24 07:05:14 [meters] Hex input RMS -> E | 0.002    A | 0.002    D | 0.002    G | 0.002    B | 0.002    e | 0.002
2025-11-24 07:05:14 [meters] Hex input RMS -> E | 0.002    A | 0.002    D | 0.002    G | 0.002    B | 0.002    e | 0.002
2025-11-24 07:05:14 [meters] Hex input RMS -> E | 0.002    A | 0.002    D | 0.002    G | 0.002    B | 0.002    e | 0.002
2025-11-24 07:05:14 [meters] Hex input RMS -> E | 0.001    A | 0.001    D | 0.002    G | 0.001    B | 0.001    e | 0.001
2025-11-24 07:05:15 [meters] Hex input RMS -> E | 0.001    A | 0.001    D | 0.001    G | 0.001    B | 0.001    e | 0.001
2025-11-24 07:05:15 [meters] Hex input RMS -> E | 0.002    A | 0.002    D | 0.002    G | 0.002    B | 0.002    e | 0.002
2025-11-24 07:05:15 [meters] Hex input RMS -> E | 0.002    A | 0.002    D | 0.002    G | 0.002    B | 0.002    e | 0.002
2025-11-24 07:05:15 [meters] Hex input RMS -> E | 0.002    A | 0.002    D | 0.002    G | 0.002    B | 0.002    e | 0.002
2025-11-24 07:05:15 [meters] Hex input RMS -> E | 0.001    A | 0.001    D | 0.001    G | 0.001    B | 0.001    e | 0.001
2025-11-24 07:05:15 [meters] Hex input RMS -> E | 0.001    A | 0.001    D | 0.001    G | 0.001    B | 0.001    e | 0.001
2025-11-24 07:05:15 [meters] Hex input RMS -> E | 0.002    A | 0.002    D | 0.002    G | 0.002    B | 0.002    e | 0.002
2025-11-24 07:05:15 [meters] Hex input RMS -> E | 0.002    A | 0.002    D | 0.002    G | 0.002    B | 0.002    e | 0.002
2025-11-24 07:05:15 [meters] Hex input RMS -> E | 0.002    A | 0.002    D | 0.002    G | 0.002    B | 0.002    e | 0.001
2025-11-24 07:05:15 [meters] Hex input RMS -> E | 0.001    A | 0.001    D | 0.001    G | 0.001    B | 0.001    e | 0.001
2025-11-24 07:05:15 [meters] Hex input RMS -> E | 0.001    A | 0.001    D | 0.002    G | 0.002    B | 0.001    e | 0.001
2025-11-24 07:05:15 [meters] Hex input RMS -> E | 0.002    A | 0.002    D | 0.002    G | 0.002    B | 0.002    e | 0.002
2025-11-24 07:05:16 [meters] Hex input RMS -> E | 0.002    A | 0.002    D | 0.002    G | 0.002    B | 0.002    e | 0.002
2025-11-24 07:05:16 [meters] Hex input RMS -> E | 0.002    A | 0.001    D | 0.002    G | 0.002    B | 0.002    e | 0.001
2025-11-24 07:05:16 [meters] Hex input RMS -> E | 0.001    A | 0.001    D | 0.001    G | 0.001    B | 0.001    e | 0.001
2025-11-24 07:05:16 [meters] Hex input RMS -> E | 0.002    A | 0.002    D | 0.002    G | 0.002    B | 0.002    e | 0.002
2025-11-24 07:05:16 [meters] Hex input RMS -> E | 0.002    A | 0.002    D | 0.002    G | 0.002    B | 0.002    e | 0.002
2025-11-24 07:05:16 [meters] Hex input RMS -> E | 0.002    A | 0.002    D | 0.002    G | 0.002    B | 0.002    e | 0.002
2025-11-24 07:05:16 [meters] Hex input RMS -> E | 0.001    A | 0.001    D | 0.001    G | 0.001    B | 0.001    e | 0.001
2025-11-24 07:05:16 [meters] Hex input RMS -> E | 0.001    A | 0.001    D | 0.001    G | 0.001    B | 0.001    e | 0.001
2025-11-24 07:05:16 [meters] Hex input RMS -> E | 0.002    A | 0.002    D | 0.002    G | 0.002    B | 0.002    e | 0.002
2025-11-24 07:05:16 [meters] Hex input RMS -> E | 0.002    A | 0.002    D | 0.002    G | 0.002    B | 0.002    e | 0.002
2025-11-24 07:05:16 [meters] Hex input RMS -> E | 0.002    A | 0.002    D | 0.002    G | 0.002    B | 0.002    e | 0.002
2025-11-24 07:05:16 [meters] Hex input RMS -> E | 0.001    A | 0.001    D | 0.001    G | 0.001    B | 0.001    e | 0.001
2025-11-24 07:05:16 [meters] Hex input RMS -> E | 0.001    A | 0.001    D | 0.001    G | 0.001    B | 0.001    e | 0.001
2025-11-24 07:05:17 [meters] Hex input RMS -> E | 0.002    A | 0.002    D | 0.002    G | 0.002    B | 0.002    e | 0.002
2025-11-24 07:05:17 [meters] Hex input RMS -> E | 0.002    A | 0.002    D | 0.002    G | 0.002    B | 0.002    e | 0.002
2025-11-24 07:05:17 [meters] Hex input RMS -> E | 0.002    A | 0.002    D | 0.002    G | 0.002    B | 0.002    e | 0.002
2025-11-24 07:05:17 [meters] Hex input RMS -> E | 0.001    A | 0.001    D | 0.001    G | 0.001    B | 0.001    e | 0.001
2025-11-24 07:05:17 [meters] Hex input RMS -> E | 0.002    A | 0.002    D | 0.002    G | 0.002    B | 0.001    e | 0.001
2025-11-24 07:05:17 [meters] Hex input RMS -> E | 0.002    A | 0.002    D | 0.002    G | 0.002    B | 0.002    e | 0.002
2025-11-24 07:05:17 [meters] Hex input RMS -> E | 0.002    A | 0.002    D | 0.002    G | 0.002    B | 0.002    e | 0.002
2025-11-24 07:05:17 [meters] Hex input RMS -> E | 0.002    A | 0.001    D | 0.002    G | 0.002    B | 0.002    e | 0.001
2025-11-24 07:05:17 [meters] Hex input RMS -> E | 0.001    A | 0.001    D | 0.001    G | 0.001    B | 0.001    e | 0.001
2025-11-24 07:05:17 [meters] Hex input RMS -> E | 0.002    A | 0.002    D | 0.002    G | 0.002    B | 0.002    e | 0.002
2025-11-24 07:05:17 [meters] Hex input RMS -> E | 0.002    A | 0.002    D | 0.002    G | 0.002    B | 0.002    e | 0.002
2025-11-24 07:05:17 [meters] Hex input RMS -> E | 0.002    A | 0.002    D | 0.002    G | 0.002    B | 0.002    e | 0.002
2025-11-24 07:05:18 [meters] Hex input RMS -> E | 0.001    A | 0.001    D | 0.001    G | 0.001    B | 0.002    e | 0.001
2025-11-24 07:05:18 [meters] Hex input RMS -> E | 0.001    A | 0.001    D | 0.001    G | 0.001    B | 0.001    e | 0.001
2025-11-24 07:05:18 [meters] Hex input RMS -> E | 0.002    A | 0.002    D | 0.002    G | 0.002    B | 0.002    e | 0.002
2025-11-24 07:05:18 [meters] Hex input RMS -> E | 0.002    A | 0.002    D | 0.002    G | 0.002    B | 0.002    e | 0.002
2025-11-24 07:05:18 [meters] Hex input RMS -> E | 0.002    A | 0.002    D | 0.002    G | 0.002    B | 0.002    e | 0.002
2025-11-24 07:05:18 [meters] Hex input RMS -> E | 0.001    A | 0.001    D | 0.001    G | 0.001    B | 0.001    e | 0.001
2025-11-24 07:05:18 [meters] Hex input RMS -> E | 0.001    A | 0.001    D | 0.001    G | 0.001    B | 0.001    e | 0.001
2025-11-24 07:05:18 [meters] Hex input RMS -> E | 0.002    A | 0.002    D | 0.002    G | 0.002    B | 0.002    e | 0.002
2025-11-24 07:05:18 [meters] Hex input RMS -> E | 0.002    A | 0.002    D | 0.002    G | 0.002    B | 0.002    e | 0.002
2025-11-24 07:05:18 [meters] Hex input RMS -> E | 0.002    A | 0.002    D | 0.002    G | 0.001    B | 0.002    e | 0.001
2025-11-24 07:05:18 [meters] Hex input RMS -> E | 0.001    A | 0.001    D | 0.001    G | 0.001    B | 0.001    e | 0.001
2025-11-24 07:05:18 [meters] Hex input RMS -> E | 0.002    A | 0.002    D | 0.002    G | 0.002    B | 0.002    e | 0.002
2025-11-24 07:05:18 [meters] Hex input RMS -> E | 0.002    A | 0.002    D | 0.002    G | 0.002    B | 0.002    e | 0.002
2025-11-24 07:05:19 [meters] Hex input RMS -> E | 0.002    A | 0.002    D | 0.002    G | 0.002    B | 0.002    e | 0.002
2025-11-24 07:05:19 [meters] Hex input RMS -> E | 0.001    A | 0.001    D | 0.001    G | 0.001    B | 0.001    e | 0.001
2025-11-24 07:05:19 [meters] Hex input RMS -> E | 0.001    A | 0.001    D | 0.001    G | 0.001    B | 0.001    e | 0.001
2025-11-24 07:05:19 [meters] Hex input RMS -> E | 0.002    A | 0.002    D | 0.002    G | 0.002    B | 0.002    e | 0.002
2025-11-24 07:05:19 [meters] Hex input RMS -> E | 0.002    A | 0.002    D | 0.002    G | 0.002    B | 0.002    e | 0.002
2025-11-24 07:05:19 [meters] Hex input RMS -> E | 0.002    A | 0.002    D | 0.002    G | 0.002    B | 0.002    e | 0.002
2025-11-24 07:05:19 [meters] Hex input RMS -> E | 0.001    A | 0.001    D | 0.001    G | 0.001    B | 0.001    e | 0.001
2025-11-24 07:05:19 [meters] Hex input RMS -> E | 0.001    A | 0.001    D | 0.001    G | 0.001    B | 0.001    e | 0.001
2025-11-24 07:05:19 [meters] Hex input RMS -> E | 0.002    A | 0.002    D | 0.002    G | 0.002    B | 0.002    e | 0.002
2025-11-24 07:05:19 [meters] Hex input RMS -> E | 0.002    A | 0.002    D | 0.002    G | 0.002    B | 0.002    e | 0.002
2025-11-24 07:05:19 [meters] Hex input RMS -> E | 0.002    A | 0.002    D | 0.002    G | 0.002    B | 0.002    e | 0.002
2025-11-24 07:05:19 [meters] Hex input RMS -> E | 0.001    A | 0.001    D | 0.001    G | 0.001    B | 0.001    e | 0.001
2025-11-24 07:05:20 [meters] Hex input RMS -> E | 0.001    A | 0.001    D | 0.002    G | 0.002    B | 0.002    e | 0.002
2025-11-24 07:05:20 [meters] Hex input RMS -> E | 0.002    A | 0.002    D | 0.002    G | 0.002    B | 0.002    e | 0.002
2025-11-24 07:05:20 [meters] Hex input RMS -> E | 0.002    A | 0.002    D | 0.002    G | 0.002    B | 0.002    e | 0.002
2025-11-24 07:05:20 [meters] Hex input RMS -> E | 0.002    A | 0.001    D | 0.002    G | 0.001    B | 0.002    e | 0.001
2025-11-24 07:05:20 [meters] Hex input RMS -> E | 0.001    A | 0.001    D | 0.001    G | 0.001    B | 0.001    e | 0.001
2025-11-24 07:05:20 [meters] Hex input RMS -> E | 0.002    A | 0.002    D | 0.002    G | 0.002    B | 0.002    e | 0.002
2025-11-24 07:05:20 [meters] Hex input RMS -> E | 0.002    A | 0.002    D | 0.002    G | 0.002    B | 0.002    e | 0.002
2025-11-24 07:05:20 [meters] Hex input RMS -> E | 0.002    A | 0.002    D | 0.002    G | 0.002    B | 0.002    e | 0.002
2025-11-24 07:05:20 [meters] Hex input RMS -> E | 0.001    A | 0.001    D | 0.001    G | 0.001    B | 0.001    e | 0.001
2025-11-24 07:05:20 [meters] Hex input RMS -> E | 0.001    A | 0.001    D | 0.001    G | 0.001    B | 0.001    e | 0.001
2025-11-24 07:05:20 [meters] Hex input RMS -> E | 0.002    A | 0.002    D | 0.002    G | 0.002    B | 0.002    e | 0.002
2025-11-24 07:05:20 [meters] Hex input RMS -> E | 0.002    A | 0.002    D | 0.002    G | 0.002    B | 0.002    e | 0.002
2025-11-24 07:05:20 [meters] Hex input RMS -> E | 0.002    A | 0.002    D | 0.002    G | 0.002    B | 0.002    e | 0.002
2025-11-24 07:05:21 [meters] Hex input RMS -> E | 0.001    A | 0.001    D | 0.001    G | 0.001    B | 0.001    e | 0.001
2025-11-24 07:05:21 [meters] Hex input RMS -> E | 0.001    A | 0.001    D | 0.001    G | 0.001    B | 0.001    e | 0.001
2025-11-24 07:05:21 [meters] Hex input RMS -> E | 0.002    A | 0.002    D | 0.002    G | 0.002    B | 0.002    e | 0.002
2025-11-24 07:05:21 [meters] Hex input RMS -> E | 0.002    A | 0.002    D | 0.002    G | 0.002    B | 0.002    e | 0.002
2025-11-24 07:05:21 [meters] Hex input RMS -> E | 0.002    A | 0.002    D | 0.002    G | 0.002    B | 0.002    e | 0.001
2025-11-24 07:05:21 [meters] Hex input RMS -> E | 0.001    A | 0.001    D | 0.001    G | 0.001    B | 0.001    e | 0.001
2025-11-24 07:05:21 [meters] Hex input RMS -> E | 0.002    A | 0.001    D | 0.002    G | 0.002    B | 0.002    e | 0.002
2025-11-24 07:05:21 [meters] Hex input RMS -> E | 0.002    A | 0.002    D | 0.002    G | 0.002    B | 0.002    e | 0.002
2025-11-24 07:05:21 [meters] Hex input RMS -> E | 0.002    A | 0.002    D | 0.002    G | 0.002    B | 0.002    e | 0.002
2025-11-24 07:05:21 [meters] Hex input RMS -> E | 0.001    A | 0.001    D | 0.002    G | 0.001    B | 0.001    e | 0.001
2025-11-24 07:05:21 [meters] Hex input RMS -> E | 0.001    A | 0.001    D | 0.001    G | 0.001    B | 0.001    e | 0.001
2025-11-24 07:05:21 [meters] Hex input RMS -> E | 0.002    A | 0.002    D | 0.002    G | 0.002    B | 0.002    e | 0.002
2025-11-24 07:05:22 [meters] Hex input RMS -> E | 0.002    A | 0.002    D | 0.002    G | 0.002    B | 0.002    e | 0.002
2025-11-24 07:05:22 [meters] Hex input RMS -> E | 0.002    A | 0.002    D | 0.002    G | 0.002    B | 0.002    e | 0.002
2025-11-24 07:05:22 [meters] Hex input RMS -> E | 0.001    A | 0.001    D | 0.001    G | 0.001    B | 0.001    e | 0.001
2025-11-24 07:05:22 [meters] Hex input RMS -> E | 0.001    A | 0.001    D | 0.001    G | 0.001    B | 0.001    e | 0.001
2025-11-24 07:05:22 [meters] Hex input RMS -> E | 0.002    A | 0.002    D | 0.002    G | 0.002    B | 0.002    e | 0.002
2025-11-24 07:05:22 [meters] Hex input RMS -> E | 0.002    A | 0.002    D | 0.002    G | 0.002    B | 0.002    e | 0.002
2025-11-24 07:05:22 [meters] Hex input RMS -> E | 0.002    A | 0.002    D | 0.002    G | 0.002    B | 0.002    e | 0.002
2025-11-24 07:05:22 [meters] Hex input RMS -> E | 0.001    A | 0.001    D | 0.001    G | 0.001    B | 0.001    e | 0.001
2025-11-24 07:05:22 [meters] Hex input RMS -> E | 0.001    A | 0.001    D | 0.001    G | 0.001    B | 0.001    e | 0.001
2025-11-24 07:05:22 [meters] Hex input RMS -> E | 0.002    A | 0.002    D | 0.002    G | 0.002    B | 0.002    e | 0.002
2025-11-24 07:05:22 [meters] Hex input RMS -> E | 0.002    A | 0.002    D | 0.002    G | 0.002    B | 0.002    e | 0.002
2025-11-24 07:05:22 [meters] Hex input RMS -> E | 0.002    A | 0.002    D | 0.002    G | 0.001    B | 0.001    e | 0.001
2025-11-24 07:05:22 [meters] Hex input RMS -> E | 0.001    A | 0.001    D | 0.001    G | 0.001    B | 0.001    e | 0.001
2025-11-24 07:05:23 [meters] Hex input RMS -> E | 0.002    A | 0.002    D | 0.002    G | 0.001    B | 0.002    e | 0.002
2025-11-24 07:05:23 [meters] Hex input RMS -> E | 0.002    A | 0.002    D | 0.002    G | 0.002    B | 0.002    e | 0.002
2025-11-24 07:05:23 [meters] Hex input RMS -> E | 0.002    A | 0.002    D | 0.002    G | 0.002    B | 0.002    e | 0.002
2025-11-24 07:05:23 [meters] Hex input RMS -> E | 0.001    A | 0.001    D | 0.001    G | 0.001    B | 0.001    e | 0.001
2025-11-24 07:05:23 [meters] Hex input RMS -> E | 0.001    A | 0.001    D | 0.001    G | 0.001    B | 0.001    e | 0.001
2025-11-24 07:05:23 [meters] Hex input RMS -> E | 0.002    A | 0.002    D | 0.002    G | 0.002    B | 0.002    e | 0.002
2025-11-24 07:05:23 [meters] Hex input RMS -> E | 0.002    A | 0.002    D | 0.002    G | 0.002    B | 0.002    e | 0.002
2025-11-24 07:05:23 [meters] Hex input RMS -> E | 0.002    A | 0.002    D | 0.002    G | 0.002    B | 0.002    e | 0.002
2025-11-24 07:05:23 [meters] Hex input RMS -> E | 0.001    A | 0.001    D | 0.001    G | 0.001    B | 0.001    e | 0.001
2025-11-24 07:05:23 [meters] Hex input RMS -> E | 0.001    A | 0.001    D | 0.001    G | 0.001    B | 0.001    e | 0.001
2025-11-24 07:05:23 [meters] Hex input RMS -> E | 0.002    A | 0.002    D | 0.002    G | 0.002    B | 0.002    e | 0.002
2025-11-24 07:05:23 [meters] Hex input RMS -> E | 0.002    A | 0.002    D | 0.002    G | 0.002    B | 0.002    e | 0.002
2025-11-24 07:05:24 [meters] Hex input RMS -> E | 0.002    A | 0.002    D | 0.002    G | 0.002    B | 0.002    e | 0.002
2025-11-24 07:05:24 [meters] Hex input RMS -> E | 0.001    A | 0.001    D | 0.001    G | 0.001    B | 0.001    e | 0.001
2025-11-24 07:05:24 [meters] Hex input RMS -> E | 0.001    A | 0.001    D | 0.002    G | 0.001    B | 0.002    e | 0.002
2025-11-24 07:05:24 [meters] Hex input RMS -> E | 0.002    A | 0.002    D | 0.002    G | 0.002    B | 0.002    e | 0.002
2025-11-24 07:05:24 [meters] Hex input RMS -> E | 0.002    A | 0.002    D | 0.002    G | 0.002    B | 0.002    e | 0.002
2025-11-24 07:05:24 [meters] Hex input RMS -> E | 0.002    A | 0.001    D | 0.002    G | 0.001    B | 0.002    e | 0.001
2025-11-24 07:05:24 [meters] Hex input RMS -> E | 0.001    A | 0.001    D | 0.001    G | 0.001    B | 0.001    e | 0.001
2025-11-24 07:05:24 [meters] Hex input RMS -> E | 0.002    A | 0.002    D | 0.002    G | 0.002    B | 0.002    e | 0.002
2025-11-24 07:05:24 [meters] Hex input RMS -> E | 0.002    A | 0.002    D | 0.002    G | 0.002    B | 0.002    e | 0.002
2025-11-24 07:05:24 [meters] Hex input RMS -> E | 0.002    A | 0.002    D | 0.002    G | 0.002    B | 0.002    e | 0.002
2025-11-24 07:05:24 [meters] Hex input RMS -> E | 0.001    A | 0.001    D | 0.001    G | 0.001    B | 0.001    e | 0.001
2025-11-24 07:05:24 [meters] Hex input RMS -> E | 0.001    A | 0.001    D | 0.001    G | 0.001    B | 0.001    e | 0.001
2025-11-24 07:05:24 [meters] Hex input RMS -> E | 0.002    A | 0.002    D | 0.002    G | 0.002    B | 0.002    e | 0.002
2025-11-24 07:05:25 [meters] Hex input RMS -> E | 0.002    A | 0.002    D | 0.002    G | 0.002    B | 0.002    e | 0.002
2025-11-24 07:05:25 [meters] Hex input RMS -> E | 0.002    A | 0.002    D | 0.002    G | 0.002    B | 0.002    e | 0.002
2025-11-24 07:05:25 [meters] Hex input RMS -> E | 0.001    A | 0.001    D | 0.001    G | 0.001    B | 0.001    e | 0.001
2025-11-24 07:05:25 [meters] Hex input RMS -> E | 0.001    A | 0.001    D | 0.002    G | 0.001    B | 0.002    e | 0.001
2025-11-24 07:05:25 [meters] Hex input RMS -> E | 0.002    A | 0.002    D | 0.002    G | 0.002    B | 0.002    e | 0.002
2025-11-24 07:05:25 [meters] Hex input RMS -> E | 0.002    A | 0.002    D | 0.002    G | 0.002    B | 0.002    e | 0.002
2025-11-24 07:05:25 [meters] Hex input RMS -> E | 0.002    A | 0.002    D | 0.002    G | 0.002    B | 0.002    e | 0.001
2025-11-24 07:05:25 [meters] Hex input RMS -> E | 0.001    A | 0.001    D | 0.001    G | 0.001    B | 0.001    e | 0.001
2025-11-24 07:05:25 [meters] Hex input RMS -> E | 0.001    A | 0.002    D | 0.002    G | 0.001    B | 0.002    e | 0.002
2025-11-24 07:05:25 [meters] Hex input RMS -> E | 0.002    A | 0.002    D | 0.002    G | 0.002    B | 0.002    e | 0.002
2025-11-24 07:05:25 [meters] Hex input RMS -> E | 0.002    A | 0.002    D | 0.002    G | 0.002    B | 0.002    e | 0.002
2025-11-24 07:05:25 [meters] Hex input RMS -> E | 0.001    A | 0.001    D | 0.002    G | 0.001    B | 0.001    e | 0.001
2025-11-24 07:05:26 [meters] Hex input RMS -> E | 0.001    A | 0.001    D | 0.001    G | 0.001    B | 0.001    e | 0.001
2025-11-24 07:05:26 [meters] Hex input RMS -> E | 0.002    A | 0.002    D | 0.002    G | 0.002    B | 0.002    e | 0.002
2025-11-24 07:05:26 [meters] Hex input RMS -> E | 0.002    A | 0.002    D | 0.002    G | 0.002    B | 0.002    e | 0.002
2025-11-24 07:05:26 [meters] Hex input RMS -> E | 0.002    A | 0.002    D | 0.002    G | 0.002    B | 0.002    e | 0.002
2025-11-24 07:05:26 [meters] Hex input RMS -> E | 0.001    A | 0.001    D | 0.001    G | 0.001    B | 0.001    e | 0.001
2025-11-24 07:05:26 [meters] Hex input RMS -> E | 0.001    A | 0.001    D | 0.001    G | 0.001    B | 0.001    e | 0.001
2025-11-24 07:05:26 [meters] Hex input RMS -> E | 0.002    A | 0.002    D | 0.002    G | 0.002    B | 0.002    e | 0.002
2025-11-24 07:05:26 [meters] Hex input RMS -> E | 0.002    A | 0.002    D | 0.002    G | 0.002    B | 0.002    e | 0.002
2025-11-24 07:05:26 [meters] Hex input RMS -> E | 0.002    A | 0.002    D | 0.002    G | 0.002    B | 0.002    e | 0.002
2025-11-24 07:05:26 [meters] Hex input RMS -> E | 0.001    A | 0.001    D | 0.001    G | 0.001    B | 0.001    e | 0.001
2025-11-24 07:05:26 [meters] Hex input RMS -> E | 0.001    A | 0.001    D | 0.001    G | 0.001    B | 0.002    e | 0.001
2025-11-24 07:05:26 [meters] Hex input RMS -> E | 0.002    A | 0.002    D | 0.002    G | 0.002    B | 0.002    e | 0.002
2025-11-24 07:05:26 [meters] Hex input RMS -> E | 0.002    A | 0.002    D | 0.002    G | 0.002    B | 0.002    e | 0.002
2025-11-24 07:05:27 [meters] Hex input RMS -> E | 0.002    A | 0.002    D | 0.002    G | 0.002    B | 0.002    e | 0.001
2025-11-24 07:05:27 [meters] Hex input RMS -> E | 0.001    A | 0.001    D | 0.001    G | 0.001    B | 0.001    e | 0.001
2025-11-24 07:05:27 [meters] Hex input RMS -> E | 0.002    A | 0.002    D | 0.002    G | 0.001    B | 0.002    e | 0.002
2025-11-24 07:05:27 [meters] Hex input RMS -> E | 0.002    A | 0.002    D | 0.002    G | 0.002    B | 0.002    e | 0.002
2025-11-24 07:05:27 [meters] Hex input RMS -> E | 0.002    A | 0.002    D | 0.002    G | 0.002    B | 0.002    e | 0.002
2025-11-24 07:05:27 [meters] Hex input RMS -> E | 0.001    A | 0.001    D | 0.001    G | 0.001    B | 0.001    e | 0.001
2025-11-24 07:05:27 [meters] Hex input RMS -> E | 0.001    A | 0.001    D | 0.001    G | 0.001    B | 0.001    e | 0.001
2025-11-24 07:05:27 [meters] Hex input RMS -> E | 0.002    A | 0.002    D | 0.002    G | 0.002    B | 0.002    e | 0.002
2025-11-24 07:05:27 [meters] Hex input RMS -> E | 0.002    A | 0.002    D | 0.002    G | 0.002    B | 0.002    e | 0.002
2025-11-24 07:05:27 [meters] Hex input RMS -> E | 0.002    A | 0.002    D | 0.002    G | 0.002    B | 0.002    e | 0.002
2025-11-24 07:05:27 [meters] Hex input RMS -> E | 0.001    A | 0.001    D | 0.001    G | 0.001    B | 0.001    e | 0.001
2025-11-24 07:05:27 [meters] Hex input RMS -> E | 0.001    A | 0.001    D | 0.001    G | 0.001    B | 0.001    e | 0.001
2025-11-24 07:05:28 [meters] Hex input RMS -> E | 0.002    A | 0.002    D | 0.002    G | 0.002    B | 0.002    e | 0.002
2025-11-24 07:05:28 [meters] Hex input RMS -> E | 0.002    A | 0.002    D | 0.002    G | 0.002    B | 0.002    e | 0.002
2025-11-24 07:05:28 [meters] Hex input RMS -> E | 0.002    A | 0.002    D | 0.002    G | 0.002    B | 0.002    e | 0.002
2025-11-24 07:05:28 [meters] Hex input RMS -> E | 0.001    A | 0.001    D | 0.001    G | 0.001    B | 0.001    e | 0.001
2025-11-24 07:05:28 [meters] Hex input RMS -> E | 0.001    A | 0.002    D | 0.002    G | 0.002    B | 0.002    e | 0.002
2025-11-24 07:05:28 [meters] Hex input RMS -> E | 0.002    A | 0.002    D | 0.002    G | 0.002    B | 0.002    e | 0.002
2025-11-24 07:05:28 [meters] Hex input RMS -> E | 0.002    A | 0.002    D | 0.002    G | 0.002    B | 0.002    e | 0.002
2025-11-24 07:05:28 [meters] Hex input RMS -> E | 0.001    A | 0.001    D | 0.001    G | 0.001    B | 0.001    e | 0.001
2025-11-24 07:05:28 [meters] Hex input RMS -> E | 0.001    A | 0.001    D | 0.001    G | 0.001    B | 0.001    e | 0.001
2025-11-24 07:05:28 [meters] Hex input RMS -> E | 0.002    A | 0.002    D | 0.002    G | 0.002    B | 0.002    e | 0.002
2025-11-24 07:05:28 [meters] Hex input RMS -> E | 0.002    A | 0.002    D | 0.002    G | 0.002    B | 0.002    e | 0.002
2025-11-24 07:05:28 [meters] Hex input RMS -> E | 0.002    A | 0.002    D | 0.002    G | 0.002    B | 0.002    e | 0.002
2025-11-24 07:05:28 [meters] Hex input RMS -> E | 0.001    A | 0.001    D | 0.001    G | 0.001    B | 0.001    e | 0.001
2025-11-24 07:05:29 [meters] Hex input RMS -> E | 0.001    A | 0.001    D | 0.001    G | 0.001    B | 0.001    e | 0.001
