# SignalAssistant session log
# Started at 2025-11-24 08:58:41
2025-11-24 08:58:41 [session] mode=recorded session='live/test' path='/home/general/SignalAssistant/sessions/live/test' duration=40.20 files=6
2025-11-24 08:58:41 [tracker-settings] TrackerConfig onsetThreshold=0.02000 minNoteDurSec=0.045 hopSec=0.010 slideDelta=120.0 bendDelta=35.0
2025-11-24 08:58:41 [tracker-settings] string1 midi=40 lowCut=37.08Hz highCut=445.00Hz baseline=0.000180 gateRatio=0.05500 envFloor=0.000450 sustainScale=0.580 retriggerScale=1.400 peakRelease=0.120 pitchTol=0.400 onsetScale=0.300
2025-11-24 08:58:41 [tracker-settings] string2 midi=45 lowCut=55.00Hz highCut=563.20Hz baseline=0.000220 gateRatio=0.10000 envFloor=0.000550 sustainScale=0.700 retriggerScale=1.250 peakRelease=0.130 pitchTol=0.400 onsetScale=0.450
2025-11-24 08:58:41 [tracker-settings] string3 midi=50 lowCut=85.16Hz highCut=693.05Hz baseline=0.000260 gateRatio=0.13000 envFloor=0.000650 sustainScale=0.820 retriggerScale=1.100 peakRelease=0.140 pitchTol=0.450 onsetScale=0.580
2025-11-24 08:58:41 [tracker-settings] string4 midi=55 lowCut=127.40Hz highCut=862.39Hz baseline=0.000320 gateRatio=0.17000 envFloor=0.000780 sustainScale=1.000 retriggerScale=1.000 peakRelease=0.160 pitchTol=0.440 onsetScale=0.700
2025-11-24 08:58:41 [tracker-settings] string5 midi=59 lowCut=160.51Hz highCut=1086.54Hz baseline=0.000370 gateRatio=0.21000 envFloor=0.000900 sustainScale=1.000 retriggerScale=1.000 peakRelease=0.180 pitchTol=0.500 onsetScale=0.800
2025-11-24 08:58:41 [tracker-settings] string6 midi=64 lowCut=214.26Hz highCut=1450.36Hz baseline=0.000420 gateRatio=0.25000 envFloor=0.001050 sustainScale=1.000 retriggerScale=1.000 peakRelease=0.200 pitchTol=0.550 onsetScale=0.900
2025-11-24 08:58:41 [tracker] [s1] calibration reset
2025-11-24 08:58:41 [tracker] [s2] calibration reset
2025-11-24 08:58:41 [tracker] [s3] calibration reset
2025-11-24 08:58:41 [tracker] [s4] calibration reset
2025-11-24 08:58:41 [tracker] [s5] calibration reset
2025-11-24 08:58:41 [tracker] [s6] calibration reset
2025-11-24 08:58:41 [tracker] [s1] calibration avg=0.00681 peak=0.01023
2025-11-24 08:58:41 [tracker] [s2] calibration avg=0.00985 peak=0.02604
2025-11-24 08:58:41 [tracker] [s3] calibration avg=0.01634 peak=0.09024
2025-11-24 08:58:41 [tracker] [s4] calibration avg=0.00197 peak=0.01001
2025-11-24 08:58:41 [tracker] [s5] calibration avg=0.01157 peak=0.09657
2025-11-24 08:58:41 [tracker] [s6] calibration avg=0.00432 peak=0.20712
2025-11-24 08:58:44 [test-mode] play session='live/test' position=0.00 duration=40.20
2025-11-24 08:58:44 [tracker] [s1] configure sr=48000.0 hop=512 fft=4096 low=37.1 high=445.0
2025-11-24 08:58:44 [tracker] [s2] configure sr=48000.0 hop=512 fft=4096 low=55.0 high=563.2
2025-11-24 08:58:44 [tracker] [s3] configure sr=48000.0 hop=512 fft=4096 low=85.2 high=693.0
2025-11-24 08:58:44 [tracker] [s4] configure sr=48000.0 hop=512 fft=4096 low=127.4 high=862.4
2025-11-24 08:58:44 [tracker] [s5] configure sr=48000.0 hop=512 fft=2048 low=160.5 high=1086.5
2025-11-24 08:58:44 [tracker] [s6] configure sr=48000.0 hop=512 fft=2048 low=214.3 high=1450.4
2025-11-24 08:58:50 [tracker] [s4] onset t=2.672 env=0.00463 baseline=0.00201 gate=0.00034 envFloor=0.00171 onset=0.866>=0.014
2025-11-24 08:58:50 [tracker] [s1] onset t=2.683 env=0.06051 baseline=0.01307 gate=0.00072 envFloor=0.00915 onset=1.360>=0.006
2025-11-24 08:58:50 [tracker] [s1] onset t=2.875 env=0.04037 baseline=0.02603 gate=0.00143 envFloor=0.01822 onset=0.621>=0.006
2025-11-24 08:58:50 [tracker] [s1] note-start t=2.875 fret=0 midi=40 vel=0.48 env=0.04037
2025-11-24 08:58:50 [tracker] [s1] onset t=2.992 env=0.04715 baseline=0.03438 gate=0.00189 envFloor=0.01793 onset=0.888>=0.006
2025-11-24 08:58:50 [tracker] [s1] note-ended (new onset) t=2.992 fret=0 dur=0.117
2025-11-24 08:58:50 [tracker] [s1] note-start t=2.992 fret=0 midi=40 vel=0.57 env=0.04715
2025-11-24 08:58:50 [tracker] [s1] onset t=3.088 env=0.04383 baseline=0.04057 gate=0.00223 envFloor=0.01725 onset=0.939>=0.006
2025-11-24 08:58:50 [tracker] [s1] note-ended (new onset) t=3.088 fret=0 dur=0.096
2025-11-24 08:58:50 [tracker] [s1] note-start t=3.088 fret=0 midi=40 vel=0.53 env=0.04383
2025-11-24 08:58:51 [tracker] [s1] onset t=3.792 env=0.01759 baseline=0.02834 gate=0.00156 envFloor=0.01373 onset=1.267>=0.006
2025-11-24 08:58:51 [tracker] [s1] note-ended (new onset) t=3.792 fret=0 dur=0.704
2025-11-24 08:58:52 [tracker] [s1] onset t=4.005 env=0.01409 baseline=0.02563 gate=0.00141 envFloor=0.01209 onset=1.435>=0.006
2025-11-24 08:58:52 [tracker] [s1] harmonic-bias t=4.005 pitch=164.41Hz ratio=2.00 harmonic=2 midi=52->40
2025-11-24 08:58:52 [tracker] [s1] open-hold t=4.005 hold=0.360s
2025-11-24 08:58:52 [tracker] [s1] note-start t=4.005 fret=0 midi=40 vel=0.17 env=0.01409
2025-11-24 08:58:52 [tracker] [s1] onset t=4.101 env=0.01131 baseline=0.01462 gate=0.00080 envFloor=0.01024 onset=1.004>=0.006
2025-11-24 08:58:52 [tracker] [s1] note-ended (new onset) t=4.101 fret=0 dur=0.096
2025-11-24 08:58:52 [tracker] [s1] harmonic-bias t=4.101 pitch=164.33Hz ratio=1.99 harmonic=2 midi=52->40
2025-11-24 08:58:52 [tracker] [s1] open-hold t=4.101 hold=0.360s
2025-11-24 08:58:52 [tracker] [s1] note-start t=4.101 fret=0 midi=40 vel=0.14 env=0.01131
2025-11-24 08:58:52 [tracker] [s2] onset t=4.208 env=0.00940 baseline=0.00926 gate=0.00093 envFloor=0.00787 onset=0.523>=0.009
2025-11-24 08:58:52 [tracker] [s4] onset t=4.208 env=0.00289 baseline=0.00201 gate=0.00034 envFloor=0.00171 onset=1.082>=0.014
2025-11-24 08:58:52 [tracker] [s1] onset t=4.251 env=0.22152 baseline=0.06783 gate=0.00373 envFloor=0.04748 onset=1.452>=0.006
2025-11-24 08:58:52 [tracker] [s1] note-ended (new onset) t=4.251 fret=0 dur=0.149
2025-11-24 08:58:52 [tracker] [s1] harmonic-bias t=4.251 pitch=166.19Hz ratio=2.02 harmonic=2 midi=52->40
2025-11-24 08:58:52 [tracker] [s1] open-hold t=4.251 hold=0.360s
2025-11-24 08:58:52 [tracker] [s1] note-start t=4.251 fret=0 midi=40 vel=1.00 env=0.22152
2025-11-24 08:58:52 [tracker] [s1] onset t=4.336 env=0.17980 baseline=0.19153 gate=0.01053 envFloor=0.06746 onset=1.048>=0.006
2025-11-24 08:58:52 [tracker] [s1] note-ended (new onset) t=4.336 fret=0 dur=0.085
2025-11-24 08:58:52 [tracker] [s1] harmonic-bias t=4.336 pitch=165.06Hz ratio=2.00 harmonic=2 midi=52->40
2025-11-24 08:58:52 [tracker] [s1] open-hold t=4.336 hold=0.360s
2025-11-24 08:58:52 [tracker] [s1] note-start t=4.336 fret=0 midi=40 vel=1.00 env=0.17980
2025-11-24 08:58:52 [tracker] [s1] onset t=4.485 env=0.10748 baseline=0.15085 gate=0.00830 envFloor=0.06315 onset=0.821>=0.006
2025-11-24 08:58:52 [tracker] [s1] note-ended (new onset) t=4.485 fret=0 dur=0.149
2025-11-24 08:58:52 [tracker] [s1] harmonic-bias t=4.485 pitch=166.00Hz ratio=2.01 harmonic=2 midi=52->40
2025-11-24 08:58:52 [tracker] [s1] open-hold t=4.485 hold=0.360s
2025-11-24 08:58:52 [tracker] [s1] note-start t=4.485 fret=0 midi=40 vel=1.00 env=0.10748
2025-11-24 08:58:53 [tracker] [s4] onset t=4.645 env=0.00174 baseline=0.00201 gate=0.00034 envFloor=0.00171 onset=0.628>=0.014
2025-11-24 08:58:53 [tracker] [s1] release-quiet t=4.923 avgEnv=0.00016 floor=0.01737 quietFrames=8
2025-11-24 08:58:53 [tracker] [s1] note-ended t=4.923 fret=0 dur=0.437
2025-11-24 08:58:55 [tracker] [s2] onset t=5.840 env=0.05683 baseline=0.01866 gate=0.00187 envFloor=0.01306 onset=0.580>=0.009
2025-11-24 08:58:55 [tracker] [s2] onset t=5.915 env=0.07330 baseline=0.02948 gate=0.00295 envFloor=0.02064 onset=0.801>=0.009
2025-11-24 08:58:55 [tracker] [s2] note-start t=5.915 fret=3 midi=48 vel=0.88 env=0.07330
2025-11-24 08:58:55 [tracker] [s2] onset t=6.021 env=0.05127 baseline=0.06274 gate=0.00627 envFloor=0.02222 onset=1.116>=0.009
2025-11-24 08:58:55 [tracker] [s2] note-ended (new onset) t=6.021 fret=3 dur=0.107
2025-11-24 08:58:55 [tracker] [s2] note-start t=6.021 fret=3 midi=48 vel=0.62 env=0.05127
2025-11-24 08:58:56 [tracker] [s4] onset t=6.277 env=0.00179 baseline=0.00201 gate=0.00034 envFloor=0.00171 onset=0.811>=0.014
2025-11-24 08:58:56 [tracker] [s3] onset t=6.405 env=0.12402 baseline=0.03417 gate=0.00444 envFloor=0.02392 onset=0.712>=0.012
2025-11-24 08:58:56 [tracker] [s2] release-retrigger t=6.416 onset=0.675 gate=0.034 age=0.395
2025-11-24 08:58:56 [tracker] [s2] note-ended t=6.416 fret=3 dur=0.395
2025-11-24 08:58:56 [tracker] [s3] onset t=6.491 env=0.08798 baseline=0.04625 gate=0.00601 envFloor=0.03238 onset=1.079>=0.012
2025-11-24 08:58:56 [tracker] [s3] note-start t=6.491 fret=7 midi=57 vel=1.00 env=0.08798
2025-11-24 08:58:56 [tracker] [s3] onset t=6.555 env=0.04230 baseline=0.07683 gate=0.00999 envFloor=0.03064 onset=0.658>=0.012
2025-11-24 08:58:56 [tracker] [s3] note-ended (new onset) t=6.555 fret=7 dur=0.064
2025-11-24 08:58:56 [tracker] [s3] note-start t=6.555 fret=7 midi=57 vel=0.51 env=0.04230
2025-11-24 08:58:56 [tracker] [s3] release-retrigger t=6.608 onset=0.638 gate=0.047 age=0.053
2025-11-24 08:58:56 [tracker] [s3] note-ended t=6.608 fret=7 dur=0.053
2025-11-24 08:58:57 [tracker] [s4] onset t=6.949 env=0.11826 baseline=0.02582 gate=0.00439 envFloor=0.01807 onset=1.361>=0.014
2025-11-24 08:58:57 [tracker] [s4] onset t=7.045 env=0.08706 baseline=0.04388 gate=0.00746 envFloor=0.03072 onset=1.175>=0.014
2025-11-24 08:58:57 [tracker] [s4] note-start t=7.045 fret=5 midi=60 vel=1.00 env=0.08706
2025-11-24 08:58:57 [tracker] [s4] onset t=7.184 env=0.08132 baseline=0.07341 gate=0.01248 envFloor=0.02991 onset=0.692>=0.014
2025-11-24 08:58:57 [tracker] [s4] note-ended (new onset) t=7.184 fret=5 dur=0.139
2025-11-24 08:58:57 [tracker] [s4] note-start t=7.184 fret=5 midi=60 vel=0.98 env=0.08132
2025-11-24 08:58:57 [tracker] [s4] onset t=7.280 env=0.06529 baseline=0.06996 gate=0.01189 envFloor=0.02873 onset=0.786>=0.014
2025-11-24 08:58:57 [tracker] [s4] note-ended (new onset) t=7.280 fret=5 dur=0.096
2025-11-24 08:58:58 [tracker] [s4] release-retrigger t=7.579 onset=1.016 gate=0.034 age=0.299
2025-11-24 08:58:58 [tracker] [s4] note-ended t=7.579 fret=5 dur=0.299
2025-11-24 08:58:58 [tracker] [s4] onset t=7.792 env=0.11560 baseline=0.04620 gate=0.00785 envFloor=0.02904 onset=0.837>=0.014
2025-11-24 08:58:58 [tracker] [s4] onset t=7.877 env=0.09111 baseline=0.04657 gate=0.00792 envFloor=0.03260 onset=1.064>=0.014
2025-11-24 08:58:58 [tracker] [s4] note-start t=7.877 fret=5 midi=60 vel=1.00 env=0.09111
2025-11-24 08:58:58 [tracker] [s5] onset t=7.952 env=0.01094 baseline=0.01238 gate=0.00260 envFloor=0.01053 onset=0.755>=0.016
2025-11-24 08:58:58 [tracker] [s4] onset t=7.963 env=0.06324 baseline=0.07878 gate=0.01339 envFloor=0.03108 onset=0.627>=0.014
2025-11-24 08:58:58 [tracker] [s4] note-ended (new onset) t=7.963 fret=5 dur=0.085
2025-11-24 08:58:59 [tracker] [s4] onset t=8.048 env=0.06621 baseline=0.05468 gate=0.00929 envFloor=0.02934 onset=0.998>=0.014
2025-11-24 08:58:59 [tracker] [s4] note-ended (new onset) t=8.048 fret=5 dur=0.085
2025-11-24 08:58:59 [tracker] [s4] note-start t=8.048 fret=5 midi=60 vel=0.79 env=0.06621
2025-11-24 08:58:59 [tracker] [s4] onset t=8.133 env=0.02913 baseline=0.05725 gate=0.00973 envFloor=0.02643 onset=0.576>=0.014
2025-11-24 08:58:59 [tracker] [s4] note-ended (new onset) t=8.133 fret=5 dur=0.085
2025-11-24 08:58:59 [tracker] [s4] note-start t=8.133 fret=7 midi=62 vel=0.35 env=0.02913
2025-11-24 08:58:59 [tracker] [s4] release-quiet t=8.261 avgEnv=0.02571 floor=0.02999 quietFrames=8
2025-11-24 08:58:59 [tracker] [s4] note-ended t=8.261 fret=7 dur=0.128
2025-11-24 08:58:59 [tracker] [s4] onset t=8.336 env=0.02139 baseline=0.02665 gate=0.00453 envFloor=0.01866 onset=0.597>=0.014
2025-11-24 08:58:59 [tracker] [s4] note-start t=8.336 fret=5 midi=60 vel=0.26 env=0.02139
2025-11-24 08:58:59 [tracker] [s4] release-quiet t=8.464 avgEnv=0.01006 floor=0.02070 quietFrames=8
2025-11-24 08:58:59 [tracker] [s4] note-ended t=8.464 fret=5 dur=0.128
2025-11-24 08:58:59 [tracker] [s3] onset t=8.485 env=0.04868 baseline=0.01585 gate=0.00206 envFloor=0.01347 onset=1.006>=0.012
2025-11-24 08:59:00 [tracker] [s3] onset t=8.603 env=0.03840 baseline=0.02046 gate=0.00266 envFloor=0.01433 onset=1.291>=0.012
2025-11-24 08:59:00 [tracker] [s3] note-start t=8.603 fret=5 midi=55 vel=0.46 env=0.03840
2025-11-24 08:59:00 [tracker] [s3] release-retrigger t=8.667 onset=1.335 gate=0.023 age=0.064
2025-11-24 08:59:00 [tracker] [s3] note-ended t=8.667 fret=5 dur=0.064
2025-11-24 08:59:00 [tracker] [s3] onset t=9.040 env=0.10097 baseline=0.02814 gate=0.00366 envFloor=0.01911 onset=1.230>=0.012
2025-11-24 08:59:01 [tracker] [s3] onset t=9.125 env=0.10000 baseline=0.04339 gate=0.00564 envFloor=0.03037 onset=0.959>=0.012
2025-11-24 08:59:01 [tracker] [s3] note-start t=9.125 fret=5 midi=55 vel=1.00 env=0.10000
2025-11-24 08:59:01 [tracker] [s5] onset t=9.189 env=0.01109 baseline=0.01238 gate=0.00260 envFloor=0.01053 onset=1.278>=0.016
2025-11-24 08:59:01 [tracker] [s3] onset t=9.200 env=0.05683 baseline=0.08690 gate=0.01130 envFloor=0.03053 onset=1.172>=0.012
2025-11-24 08:59:01 [tracker] [s3] note-ended (new onset) t=9.200 fret=5 dur=0.075
2025-11-24 08:59:01 [tracker] [s3] note-start t=9.200 fret=5 midi=55 vel=0.68 env=0.05683
2025-11-24 08:59:01 [tracker] [s4] onset t=9.200 env=0.00816 baseline=0.01283 gate=0.00218 envFloor=0.00288 onset=1.293>=0.014
2025-11-24 08:59:01 [tracker] [s3] release-retrigger t=9.381 onset=0.611 gate=0.041 age=0.181
2025-11-24 08:59:01 [tracker] [s3] note-ended t=9.381 fret=5 dur=0.181
2025-11-24 08:59:01 [tracker] [s2] onset t=9.520 env=0.03188 baseline=0.00926 gate=0.00093 envFloor=0.00787 onset=1.147>=0.009
2025-11-24 08:59:01 [tracker] [s2] onset t=9.648 env=0.02348 baseline=0.01229 gate=0.00123 envFloor=0.00861 onset=1.011>=0.009
2025-11-24 08:59:01 [tracker] [s2] note-start t=9.648 fret=7 midi=52 vel=0.28 env=0.02348
2025-11-24 08:59:02 [tracker] [s2] release-retrigger t=9.744 onset=0.610 gate=0.015 age=0.096
2025-11-24 08:59:02 [tracker] [s2] note-ended t=9.744 fret=7 dur=0.096
2025-11-24 08:59:02 [tracker] [s3] onset t=10.117 env=0.16822 baseline=0.03945 gate=0.00513 envFloor=0.02761 onset=1.409>=0.012
2025-11-24 08:59:02 [tracker] [s3] onset t=10.277 env=0.07031 baseline=0.06018 gate=0.00782 envFloor=0.04213 onset=1.001>=0.012
2025-11-24 08:59:02 [tracker] [s3] note-start t=10.277 fret=5 midi=55 vel=0.84 env=0.07031
2025-11-24 08:59:02 [tracker] [s4] onset t=10.277 env=0.00736 baseline=0.00773 gate=0.00131 envFloor=0.00175 onset=1.135>=0.014
2025-11-24 08:59:03 [tracker] [s3] onset t=10.373 env=0.05503 baseline=0.06049 gate=0.00786 envFloor=0.03725 onset=0.968>=0.012
2025-11-24 08:59:03 [tracker] [s3] note-ended (new onset) t=10.373 fret=5 dur=0.096
2025-11-24 08:59:03 [tracker] [s3] note-start t=10.373 fret=5 midi=55 vel=0.66 env=0.05503
2025-11-24 08:59:03 [tracker] [s3] release-retrigger t=10.448 onset=0.561 gate=0.057 age=0.075
2025-11-24 08:59:03 [tracker] [s3] note-ended t=10.448 fret=5 dur=0.075
2025-11-24 08:59:03 [tracker] [s2] onset t=10.608 env=0.06245 baseline=0.01346 gate=0.00135 envFloor=0.00787 onset=0.898>=0.009
2025-11-24 08:59:03 [tracker] [s2] onset t=10.725 env=0.03961 baseline=0.02134 gate=0.00213 envFloor=0.01494 onset=1.405>=0.009
2025-11-24 08:59:03 [tracker] [s2] note-start t=10.725 fret=8 midi=53 vel=0.48 env=0.03961
2025-11-24 08:59:03 [tracker] [s2] release-retrigger t=10.821 onset=1.372 gate=0.026 age=0.096
2025-11-24 08:59:03 [tracker] [s2] note-ended t=10.821 fret=8 dur=0.096
2025-11-24 08:59:04 [tracker] [s3] onset t=10.960 env=0.10274 baseline=0.03759 gate=0.00489 envFloor=0.02435 onset=0.716>=0.012
2025-11-24 08:59:04 [test-mode] pause session='live/test' position=11.09 duration=40.20
