# SignalAssistant session log
# Started at 2025-11-29 05:25:16
2025-11-29 05:25:16 [session] mode=recorded session='live/Scales _ Riff' path='/home/general/SignalAssistant/sessions/live/Scales _ Riff' duration=123.65 files=6
2025-11-29 05:25:16 [tracker-settings] TrackerConfig onsetThreshold=0.02000 minNoteDurSec=0.045 hopSec=0.010 slideDelta=120.0 bendDelta=35.0
2025-11-29 05:25:16 [tracker-settings] string1 midi=40 lowCut=37.08Hz highCut=445.00Hz baseline=0.000180 gateRatio=0.05500 envFloor=0.000450 sustainScale=0.580 retriggerScale=1.400 peakRelease=0.120 pitchTol=0.400 onsetScale=0.300
2025-11-29 05:25:16 [tracker-settings] string2 midi=45 lowCut=55.00Hz highCut=563.20Hz baseline=0.000220 gateRatio=0.10000 envFloor=0.000550 sustainScale=0.700 retriggerScale=1.250 peakRelease=0.130 pitchTol=0.400 onsetScale=0.450
2025-11-29 05:25:16 [tracker-settings] string3 midi=50 lowCut=85.16Hz highCut=693.05Hz baseline=0.000260 gateRatio=0.13000 envFloor=0.000650 sustainScale=0.820 retriggerScale=1.100 peakRelease=0.140 pitchTol=0.450 onsetScale=0.580
2025-11-29 05:25:16 [tracker-settings] string4 midi=55 lowCut=127.40Hz highCut=862.39Hz baseline=0.000320 gateRatio=0.17000 envFloor=0.000780 sustainScale=1.000 retriggerScale=1.000 peakRelease=0.160 pitchTol=0.440 onsetScale=0.700
2025-11-29 05:25:16 [tracker-settings] string5 midi=59 lowCut=160.51Hz highCut=1086.54Hz baseline=0.000370 gateRatio=0.21000 envFloor=0.000900 sustainScale=1.000 retriggerScale=1.000 peakRelease=0.180 pitchTol=0.500 onsetScale=0.800
2025-11-29 05:25:16 [tracker-settings] string6 midi=64 lowCut=214.26Hz highCut=1450.36Hz baseline=0.000420 gateRatio=0.25000 envFloor=0.001050 sustainScale=1.000 retriggerScale=1.000 peakRelease=0.200 pitchTol=0.550 onsetScale=0.900
2025-11-29 05:25:16 [tracker] [s1] calibration reset
2025-11-29 05:25:16 [tracker] [s2] calibration reset
2025-11-29 05:25:16 [tracker] [s3] calibration reset
2025-11-29 05:25:16 [tracker] [s4] calibration reset
2025-11-29 05:25:16 [tracker] [s5] calibration reset
2025-11-29 05:25:16 [tracker] [s6] calibration reset
2025-11-29 05:25:16 [tracker] [s1] calibration avg=0.00681 peak=0.01023
2025-11-29 05:25:16 [tracker] [s2] calibration avg=0.00985 peak=0.02604
2025-11-29 05:25:16 [tracker] [s3] calibration avg=0.01634 peak=0.09024
2025-11-29 05:25:16 [tracker] [s4] calibration avg=0.00197 peak=0.01001
2025-11-29 05:25:16 [tracker] [s5] calibration avg=0.01157 peak=0.09657
2025-11-29 05:25:16 [tracker] [s6] calibration avg=0.00432 peak=0.20712
2025-11-29 05:25:19 [test-mode] play session='live/Scales _ Riff' position=0.00 duration=123.65
2025-11-29 05:25:19 [tracker] [s1] configure sr=48000.0 hop=512 fft=4096 low=37.1 high=445.0
2025-11-29 05:25:19 [tracker] [s2] configure sr=48000.0 hop=512 fft=4096 low=55.0 high=563.2
2025-11-29 05:25:19 [tracker] [s3] configure sr=48000.0 hop=512 fft=4096 low=85.2 high=693.0
2025-11-29 05:25:19 [tracker] [s4] configure sr=48000.0 hop=512 fft=4096 low=127.4 high=862.4
2025-11-29 05:25:19 [tracker] [s5] configure sr=48000.0 hop=512 fft=2048 low=160.5 high=1086.5
2025-11-29 05:25:19 [tracker] [s6] configure sr=48000.0 hop=512 fft=2048 low=214.3 high=1450.4
2025-11-29 05:25:21 [test-mode] pause session='live/Scales _ Riff' position=2.15 duration=123.65
2025-11-29 05:25:22 [test-mode] stop session='live/Scales _ Riff' position=0.00 duration=123.65
2025-11-29 05:25:23 [test-mode] play session='live/Scales _ Riff' position=0.00 duration=123.65
2025-11-29 05:25:23 [tracker] [s1] configure sr=48000.0 hop=512 fft=4096 low=37.1 high=445.0
2025-11-29 05:25:23 [tracker] [s2] configure sr=48000.0 hop=512 fft=4096 low=55.0 high=563.2
2025-11-29 05:25:23 [tracker] [s3] configure sr=48000.0 hop=512 fft=4096 low=85.2 high=693.0
2025-11-29 05:25:23 [tracker] [s4] configure sr=48000.0 hop=512 fft=4096 low=127.4 high=862.4
2025-11-29 05:25:23 [tracker] [s5] configure sr=48000.0 hop=512 fft=2048 low=160.5 high=1086.5
2025-11-29 05:25:23 [tracker] [s6] configure sr=48000.0 hop=512 fft=2048 low=214.3 high=1450.4
2025-11-29 05:25:25 [tracker] [s1] onset t=2.619 env=0.03473 baseline=0.00918 gate=0.00050 envFloor=0.00642 onset=0.540>=0.006
2025-11-29 05:25:25 [tracker] [s1] onset t=2.704 env=0.02797 baseline=0.01303 gate=0.00072 envFloor=0.00912 onset=1.038>=0.006
2025-11-29 05:25:25 [tracker] [s1] note-start t=2.704 fret=0 midi=40 vel=0.34 env=0.02797
2025-11-29 05:25:26 [tracker] [s1] release-retrigger t=2.949 onset=1.359 gate=0.017 age=0.245
2025-11-29 05:25:26 [tracker] [s1] note-ended t=2.949 fret=0 dur=0.245
2025-11-29 05:25:26 [tracker] [s1] onset t=3.312 env=0.02195 baseline=0.01891 gate=0.00104 envFloor=0.01037 onset=0.994>=0.006
2025-11-29 05:25:26 [tracker] [s1] note-start t=3.312 fret=2 midi=42 vel=0.26 env=0.02195
2025-11-29 05:25:26 [test-mode] stop session='live/Scales _ Riff' position=0.00 duration=123.65
2025-11-29 05:25:28 [test-mode] stop session='live/Scales _ Riff' position=0.00 duration=123.65
2025-11-29 05:25:29 [test-mode] play session='live/Scales _ Riff' position=0.00 duration=123.65
2025-11-29 05:25:29 [tracker] [s1] configure sr=48000.0 hop=512 fft=4096 low=37.1 high=445.0
2025-11-29 05:25:29 [tracker] [s2] configure sr=48000.0 hop=512 fft=4096 low=55.0 high=563.2
2025-11-29 05:25:29 [tracker] [s3] configure sr=48000.0 hop=512 fft=4096 low=85.2 high=693.0
2025-11-29 05:25:29 [tracker] [s4] configure sr=48000.0 hop=512 fft=4096 low=127.4 high=862.4
2025-11-29 05:25:29 [tracker] [s5] configure sr=48000.0 hop=512 fft=2048 low=160.5 high=1086.5
2025-11-29 05:25:29 [tracker] [s6] configure sr=48000.0 hop=512 fft=2048 low=214.3 high=1450.4
2025-11-29 05:25:29 [test-mode] pause session='live/Scales _ Riff' position=0.61 duration=123.65
2025-11-29 05:25:30 [test-mode] play session='live/Scales _ Riff' position=0.62 duration=123.65
2025-11-29 05:25:31 [test-mode] stop session='live/Scales _ Riff' position=0.00 duration=123.65
2025-11-29 05:25:33 [test-mode] stop session='live/Scales _ Riff' position=0.00 duration=123.65
2025-11-29 05:25:36 [test-mode] play session='live/Scales _ Riff' position=0.00 duration=123.65
2025-11-29 05:25:36 [tracker] [s1] configure sr=48000.0 hop=512 fft=4096 low=37.1 high=445.0
2025-11-29 05:25:36 [tracker] [s2] configure sr=48000.0 hop=512 fft=4096 low=55.0 high=563.2
2025-11-29 05:25:36 [tracker] [s3] configure sr=48000.0 hop=512 fft=4096 low=85.2 high=693.0
2025-11-29 05:25:36 [tracker] [s4] configure sr=48000.0 hop=512 fft=4096 low=127.4 high=862.4
2025-11-29 05:25:36 [tracker] [s5] configure sr=48000.0 hop=512 fft=2048 low=160.5 high=1086.5
2025-11-29 05:25:36 [tracker] [s6] configure sr=48000.0 hop=512 fft=2048 low=214.3 high=1450.4
2025-11-29 05:25:38 [test-mode] play session='live/Scales _ Riff' position=2.23 duration=123.65
2025-11-29 05:25:38 [tracker] [s1] onset t=2.619 env=0.03473 baseline=0.00918 gate=0.00050 envFloor=0.00642 onset=0.540>=0.006
2025-11-29 05:25:38 [tracker] [s1] onset t=2.704 env=0.02797 baseline=0.01303 gate=0.00072 envFloor=0.00912 onset=1.038>=0.006
2025-11-29 05:25:38 [tracker] [s1] note-start t=2.704 fret=0 midi=40 vel=0.34 env=0.02797
2025-11-29 05:25:38 [tracker] [s1] release-retrigger t=2.949 onset=1.359 gate=0.017 age=0.245
2025-11-29 05:25:38 [tracker] [s1] note-ended t=2.949 fret=0 dur=0.245
2025-11-29 05:25:39 [tracker] [s1] onset t=3.312 env=0.02195 baseline=0.01891 gate=0.00104 envFloor=0.01037 onset=0.994>=0.006
2025-11-29 05:25:39 [tracker] [s1] note-start t=3.312 fret=2 midi=42 vel=0.26 env=0.02195
2025-11-29 05:25:39 [tracker] [s1] onset t=3.376 env=0.01714 baseline=0.01917 gate=0.00105 envFloor=0.01071 onset=1.068>=0.006
2025-11-29 05:25:39 [tracker] [s1] note-ended (new onset) t=3.376 fret=2 dur=0.064
2025-11-29 05:25:39 [tracker] [s1] note-start t=3.376 fret=2 midi=42 vel=0.21 env=0.01714
2025-11-29 05:25:39 [test-mode] pause session='live/Scales _ Riff' position=3.54 duration=123.65
2025-11-29 05:25:40 [test-mode] play session='live/Scales _ Riff' position=3.55 duration=123.65
2025-11-29 05:25:40 [tracker] [s2] onset t=3.749 env=0.00857 baseline=0.00926 gate=0.00093 envFloor=0.00787 onset=0.875>=0.009
2025-11-29 05:25:40 [tracker] [s1] onset t=3.760 env=0.07019 baseline=0.01786 gate=0.00098 envFloor=0.01250 onset=0.766>=0.006
2025-11-29 05:25:40 [tracker] [s1] note-ended (new onset) t=3.760 fret=2 dur=0.384
2025-11-29 05:25:40 [tracker] [s1] note-start t=3.760 fret=3 midi=43 vel=0.84 env=0.07019
2025-11-29 05:25:40 [tracker] [s1] onset t=3.909 env=0.04547 baseline=0.05889 gate=0.00324 envFloor=0.01860 onset=0.934>=0.006
2025-11-29 05:25:40 [tracker] [s1] note-ended (new onset) t=3.909 fret=3 dur=0.149
2025-11-29 05:25:40 [tracker] [s1] note-start t=3.909 fret=5 midi=45 vel=0.55 env=0.04547
2025-11-29 05:25:40 [tracker] [s1] onset t=3.995 env=0.04419 baseline=0.03931 gate=0.00216 envFloor=0.01798 onset=1.088>=0.006
2025-11-29 05:25:40 [tracker] [s1] note-ended (new onset) t=3.995 fret=5 dur=0.085
2025-11-29 05:25:40 [tracker] [s1] note-start t=3.995 fret=5 midi=45 vel=0.53 env=0.04419
2025-11-29 05:25:40 [test-mode] stop session='live/Scales _ Riff' position=0.00 duration=123.65
