# SignalAssistant session log
# Started at 2025-11-24 07:11:54
2025-11-24 07:11:54 [session] mode=recorded session='live/test' path='/home/general/SignalAssistant/sessions/live/test' duration=40.20 files=6
2025-11-24 07:11:55 [tracker-settings] TrackerConfig onsetThreshold=0.02000 minNoteDurSec=0.045 hopSec=0.010 slideDelta=120.0 bendDelta=35.0
2025-11-24 07:11:55 [tracker-settings] string1 midi=40 lowCut=37.08Hz highCut=445.00Hz baseline=0.000180 gateRatio=0.05500 envFloor=0.000450 sustainScale=0.580 retriggerScale=1.400 peakRelease=0.120 pitchTol=0.400 onsetScale=0.300
2025-11-24 07:11:55 [tracker-settings] string2 midi=45 lowCut=55.00Hz highCut=563.20Hz baseline=0.000220 gateRatio=0.10000 envFloor=0.000550 sustainScale=0.700 retriggerScale=1.250 peakRelease=0.130 pitchTol=0.400 onsetScale=0.450
2025-11-24 07:11:55 [tracker-settings] string3 midi=50 lowCut=85.16Hz highCut=693.05Hz baseline=0.000260 gateRatio=0.13000 envFloor=0.000650 sustainScale=0.820 retriggerScale=1.100 peakRelease=0.140 pitchTol=0.450 onsetScale=0.580
2025-11-24 07:11:55 [tracker-settings] string4 midi=55 lowCut=127.40Hz highCut=862.39Hz baseline=0.000320 gateRatio=0.17000 envFloor=0.000780 sustainScale=1.000 retriggerScale=1.000 peakRelease=0.160 pitchTol=0.440 onsetScale=0.700
2025-11-24 07:11:55 [tracker-settings] string5 midi=59 lowCut=160.51Hz highCut=1086.54Hz baseline=0.000370 gateRatio=0.21000 envFloor=0.000900 sustainScale=1.000 retriggerScale=1.000 peakRelease=0.180 pitchTol=0.500 onsetScale=0.800
2025-11-24 07:11:55 [tracker-settings] string6 midi=64 lowCut=214.26Hz highCut=1450.36Hz baseline=0.000420 gateRatio=0.25000 envFloor=0.001050 sustainScale=1.000 retriggerScale=1.000 peakRelease=0.200 pitchTol=0.550 onsetScale=0.900
2025-11-24 07:11:55 [tracker] [s1] calibration reset
2025-11-24 07:11:55 [tracker] [s2] calibration reset
2025-11-24 07:11:55 [tracker] [s3] calibration reset
2025-11-24 07:11:55 [tracker] [s4] calibration reset
2025-11-24 07:11:55 [tracker] [s5] calibration reset
2025-11-24 07:11:55 [tracker] [s6] calibration reset
2025-11-24 07:11:55 [tracker] [s1] calibration avg=0.00681 peak=0.01023
2025-11-24 07:11:55 [tracker] [s2] calibration avg=0.00985 peak=0.02604
2025-11-24 07:11:55 [tracker] [s3] calibration avg=0.01634 peak=0.09024
2025-11-24 07:11:55 [tracker] [s4] calibration avg=0.00197 peak=0.01001
2025-11-24 07:11:55 [tracker] [s5] calibration avg=0.01157 peak=0.09657
2025-11-24 07:11:55 [tracker] [s6] calibration avg=0.00432 peak=0.20712
2025-11-24 07:11:58 [test-mode] play session='live/test' position=0.00 duration=40.20
2025-11-24 07:11:58 [tracker] [s1] configure sr=48000.0 hop=512 fft=4096 low=37.1 high=445.0
2025-11-24 07:11:58 [tracker] [s2] configure sr=48000.0 hop=512 fft=4096 low=55.0 high=563.2
2025-11-24 07:11:58 [tracker] [s3] configure sr=48000.0 hop=512 fft=4096 low=85.2 high=693.0
2025-11-24 07:11:58 [tracker] [s4] configure sr=48000.0 hop=512 fft=4096 low=127.4 high=862.4
2025-11-24 07:11:58 [tracker] [s5] configure sr=48000.0 hop=512 fft=2048 low=160.5 high=1086.5
2025-11-24 07:11:58 [tracker] [s6] configure sr=48000.0 hop=512 fft=2048 low=214.3 high=1450.4
2025-11-24 07:12:04 [tracker] [s4] onset t=2.672 env=0.00463 baseline=0.00201 gate=0.00034 envFloor=0.00171 onset=0.866>=0.014
2025-11-24 07:12:04 [tracker] [s1] onset t=2.683 env=0.06051 baseline=0.01307 gate=0.00072 envFloor=0.00915 onset=1.360>=0.006
2025-11-24 07:12:04 [tracker] [s1] onset t=2.875 env=0.04037 baseline=0.02603 gate=0.00143 envFloor=0.01822 onset=0.621>=0.006
2025-11-24 07:12:04 [tracker] [s1] note-start t=2.875 fret=0 midi=40 vel=0.48 env=0.04037
2025-11-24 07:12:04 [tracker] [s1] onset t=2.992 env=0.04715 baseline=0.03438 gate=0.00189 envFloor=0.01793 onset=0.888>=0.006
2025-11-24 07:12:04 [tracker] [s1] note-ended (new onset) t=2.992 fret=0 dur=0.117
2025-11-24 07:12:04 [tracker] [s1] note-start t=2.992 fret=0 midi=40 vel=0.57 env=0.04715
2025-11-24 07:12:04 [tracker] [s1] onset t=3.088 env=0.04383 baseline=0.04057 gate=0.00223 envFloor=0.01725 onset=0.939>=0.006
2025-11-24 07:12:04 [tracker] [s1] note-ended (new onset) t=3.088 fret=0 dur=0.096
2025-11-24 07:12:04 [tracker] [s1] note-start t=3.088 fret=0 midi=40 vel=0.53 env=0.04383
2025-11-24 07:12:05 [tracker] [s1] onset t=3.792 env=0.01759 baseline=0.02834 gate=0.00156 envFloor=0.01373 onset=1.267>=0.006
2025-11-24 07:12:05 [tracker] [s1] note-ended (new onset) t=3.792 fret=0 dur=0.704
2025-11-24 07:12:06 [tracker] [s1] onset t=4.005 env=0.01409 baseline=0.02563 gate=0.00141 envFloor=0.01209 onset=1.435>=0.006
2025-11-24 07:12:06 [tracker] [s1] harmonic-bias t=4.005 pitch=164.41Hz ratio=2.00 harmonic=2 midi=52->40
2025-11-24 07:12:06 [tracker] [s1] open-hold t=4.005 hold=0.360s
2025-11-24 07:12:06 [tracker] [s1] note-start t=4.005 fret=0 midi=40 vel=0.17 env=0.01409
2025-11-24 07:12:06 [tracker] [s1] onset t=4.101 env=0.01131 baseline=0.01462 gate=0.00080 envFloor=0.01024 onset=1.004>=0.006
2025-11-24 07:12:06 [tracker] [s1] note-ended (new onset) t=4.101 fret=0 dur=0.096
2025-11-24 07:12:06 [tracker] [s1] harmonic-bias t=4.101 pitch=164.33Hz ratio=1.99 harmonic=2 midi=52->40
2025-11-24 07:12:06 [tracker] [s1] open-hold t=4.101 hold=0.360s
2025-11-24 07:12:06 [tracker] [s1] note-start t=4.101 fret=0 midi=40 vel=0.14 env=0.01131
2025-11-24 07:12:06 [tracker] [s2] onset t=4.208 env=0.00940 baseline=0.00926 gate=0.00093 envFloor=0.00787 onset=0.523>=0.009
2025-11-24 07:12:06 [tracker] [s4] onset t=4.208 env=0.00289 baseline=0.00201 gate=0.00034 envFloor=0.00171 onset=1.082>=0.014
2025-11-24 07:12:06 [tracker] [s1] onset t=4.251 env=0.22152 baseline=0.06783 gate=0.00373 envFloor=0.04748 onset=1.452>=0.006
2025-11-24 07:12:06 [tracker] [s1] note-ended (new onset) t=4.251 fret=0 dur=0.149
2025-11-24 07:12:06 [tracker] [s1] harmonic-bias t=4.251 pitch=166.19Hz ratio=2.02 harmonic=2 midi=52->40
2025-11-24 07:12:06 [tracker] [s1] note-start t=4.251 fret=0 midi=40 vel=1.00 env=0.22152
2025-11-24 07:12:06 [tracker] [s1] onset t=4.336 env=0.17980 baseline=0.19153 gate=0.01053 envFloor=0.06746 onset=1.048>=0.006
2025-11-24 07:12:06 [tracker] [s1] note-ended (new onset) t=4.336 fret=0 dur=0.085
2025-11-24 07:12:06 [tracker] [s1] harmonic-bias t=4.336 pitch=165.06Hz ratio=2.00 harmonic=2 midi=52->40
2025-11-24 07:12:06 [tracker] [s1] open-hold t=4.336 hold=0.360s
2025-11-24 07:12:06 [tracker] [s1] note-start t=4.336 fret=0 midi=40 vel=1.00 env=0.17980
2025-11-24 07:12:06 [tracker] [s1] onset t=4.485 env=0.10748 baseline=0.15085 gate=0.00830 envFloor=0.06315 onset=0.821>=0.006
2025-11-24 07:12:06 [tracker] [s1] note-ended (new onset) t=4.485 fret=0 dur=0.149
2025-11-24 07:12:06 [tracker] [s1] harmonic-bias t=4.485 pitch=166.00Hz ratio=2.01 harmonic=2 midi=52->40
2025-11-24 07:12:06 [tracker] [s1] open-hold t=4.485 hold=0.360s
2025-11-24 07:12:06 [tracker] [s1] note-start t=4.485 fret=0 midi=40 vel=1.00 env=0.10748
2025-11-24 07:12:07 [tracker] [s4] onset t=4.645 env=0.00174 baseline=0.00201 gate=0.00034 envFloor=0.00171 onset=0.628>=0.014
2025-11-24 07:12:07 [tracker] [s1] release-quiet t=4.923 avgEnv=0.00016 floor=0.01737 quietFrames=8
2025-11-24 07:12:07 [tracker] [s1] note-ended t=4.923 fret=0 dur=0.437
2025-11-24 07:12:09 [tracker] [s2] onset t=5.840 env=0.05683 baseline=0.01866 gate=0.00187 envFloor=0.01306 onset=0.580>=0.009
2025-11-24 07:12:09 [tracker] [s2] onset t=5.915 env=0.07330 baseline=0.02948 gate=0.00295 envFloor=0.02064 onset=0.801>=0.009
2025-11-24 07:12:09 [tracker] [s2] note-start t=5.915 fret=3 midi=48 vel=0.88 env=0.07330
2025-11-24 07:12:09 [tracker] [s2] onset t=6.021 env=0.05127 baseline=0.06274 gate=0.00627 envFloor=0.02222 onset=1.116>=0.009
2025-11-24 07:12:09 [tracker] [s2] note-ended (new onset) t=6.021 fret=3 dur=0.107
2025-11-24 07:12:09 [tracker] [s2] note-start t=6.021 fret=3 midi=48 vel=0.62 env=0.05127
2025-11-24 07:12:10 [tracker] [s4] onset t=6.277 env=0.00179 baseline=0.00201 gate=0.00034 envFloor=0.00171 onset=0.811>=0.014
2025-11-24 07:12:10 [tracker] [s3] onset t=6.405 env=0.12402 baseline=0.03417 gate=0.00444 envFloor=0.02392 onset=0.712>=0.012
2025-11-24 07:12:10 [tracker] [s2] release-retrigger t=6.416 onset=0.675 gate=0.034 age=0.395
2025-11-24 07:12:10 [tracker] [s2] note-ended t=6.416 fret=3 dur=0.395
2025-11-24 07:12:10 [tracker] [s3] onset t=6.491 env=0.08798 baseline=0.04625 gate=0.00601 envFloor=0.03238 onset=1.079>=0.012
2025-11-24 07:12:10 [tracker] [s3] note-start t=6.491 fret=7 midi=57 vel=1.00 env=0.08798
2025-11-24 07:12:10 [tracker] [s3] onset t=6.555 env=0.04230 baseline=0.07683 gate=0.00999 envFloor=0.03064 onset=0.658>=0.012
2025-11-24 07:12:10 [tracker] [s3] note-ended (new onset) t=6.555 fret=7 dur=0.064
2025-11-24 07:12:10 [tracker] [s3] note-start t=6.555 fret=7 midi=57 vel=0.51 env=0.04230
2025-11-24 07:12:10 [tracker] [s3] release-retrigger t=6.608 onset=0.638 gate=0.047 age=0.053
2025-11-24 07:12:10 [tracker] [s3] note-ended t=6.608 fret=7 dur=0.053
2025-11-24 07:12:11 [tracker] [s4] onset t=6.949 env=0.11826 baseline=0.02582 gate=0.00439 envFloor=0.01807 onset=1.361>=0.014
2025-11-24 07:12:11 [tracker] [s4] onset t=7.045 env=0.08706 baseline=0.04388 gate=0.00746 envFloor=0.03072 onset=1.175>=0.014
2025-11-24 07:12:11 [tracker] [s4] note-start t=7.045 fret=5 midi=60 vel=1.00 env=0.08706
2025-11-24 07:12:11 [tracker] [s4] onset t=7.184 env=0.08132 baseline=0.07341 gate=0.01248 envFloor=0.02991 onset=0.692>=0.014
2025-11-24 07:12:11 [tracker] [s4] note-ended (new onset) t=7.184 fret=5 dur=0.139
2025-11-24 07:12:11 [tracker] [s4] note-start t=7.184 fret=5 midi=60 vel=0.98 env=0.08132
2025-11-24 07:12:11 [tracker] [s4] onset t=7.280 env=0.06529 baseline=0.06996 gate=0.01189 envFloor=0.02873 onset=0.786>=0.014
2025-11-24 07:12:11 [tracker] [s4] note-ended (new onset) t=7.280 fret=5 dur=0.096
2025-11-24 07:12:11 [tracker] [s4] note-start t=7.280 fret=5 midi=60 vel=0.78 env=0.06529
2025-11-24 07:12:12 [tracker] [s4] release-retrigger t=7.579 onset=1.016 gate=0.034 age=0.299
2025-11-24 07:12:12 [tracker] [s4] note-ended t=7.579 fret=5 dur=0.299
2025-11-24 07:12:12 [tracker] [s4] onset t=7.792 env=0.11560 baseline=0.04620 gate=0.00785 envFloor=0.02904 onset=0.837>=0.014
2025-11-24 07:12:12 [tracker] [s4] onset t=7.877 env=0.09111 baseline=0.04657 gate=0.00792 envFloor=0.03260 onset=1.064>=0.014
2025-11-24 07:12:12 [tracker] [s4] note-start t=7.877 fret=5 midi=60 vel=1.00 env=0.09111
2025-11-24 07:12:12 [tracker] [s5] onset t=7.952 env=0.01094 baseline=0.01238 gate=0.00260 envFloor=0.01053 onset=0.755>=0.016
2025-11-24 07:12:12 [tracker] [s4] onset t=7.963 env=0.06324 baseline=0.07878 gate=0.01339 envFloor=0.03108 onset=0.627>=0.014
2025-11-24 07:12:12 [tracker] [s4] note-ended (new onset) t=7.963 fret=5 dur=0.085
2025-11-24 07:12:12 [tracker] [s4] note-start t=7.963 fret=5 midi=60 vel=0.76 env=0.06324
2025-11-24 07:12:13 [tracker] [s4] onset t=8.048 env=0.06621 baseline=0.05468 gate=0.00929 envFloor=0.02934 onset=0.998>=0.014
2025-11-24 07:12:13 [tracker] [s4] note-ended (new onset) t=8.048 fret=5 dur=0.085
2025-11-24 07:12:13 [tracker] [s4] note-start t=8.048 fret=5 midi=60 vel=0.79 env=0.06621
2025-11-24 07:12:13 [tracker] [s4] onset t=8.133 env=0.02913 baseline=0.05725 gate=0.00973 envFloor=0.02643 onset=0.576>=0.014
2025-11-24 07:12:13 [tracker] [s4] note-ended (new onset) t=8.133 fret=5 dur=0.085
2025-11-24 07:12:13 [tracker] [s4] note-start t=8.133 fret=7 midi=62 vel=0.35 env=0.02913
2025-11-24 07:12:13 [tracker] [s4] release-quiet t=8.261 avgEnv=0.02571 floor=0.02999 quietFrames=8
2025-11-24 07:12:13 [tracker] [s4] note-ended t=8.261 fret=7 dur=0.128
2025-11-24 07:12:13 [tracker] [s4] onset t=8.336 env=0.02139 baseline=0.02665 gate=0.00453 envFloor=0.01866 onset=0.597>=0.014
2025-11-24 07:12:13 [tracker] [s4] note-start t=8.336 fret=5 midi=60 vel=0.26 env=0.02139
2025-11-24 07:12:13 [tracker] [s4] release-quiet t=8.464 avgEnv=0.01006 floor=0.02070 quietFrames=8
2025-11-24 07:12:13 [tracker] [s4] note-ended t=8.464 fret=5 dur=0.128
2025-11-24 07:12:13 [tracker] [s3] onset t=8.485 env=0.04868 baseline=0.01585 gate=0.00206 envFloor=0.01347 onset=1.006>=0.012
2025-11-24 07:12:14 [tracker] [s3] onset t=8.603 env=0.03840 baseline=0.02046 gate=0.00266 envFloor=0.01433 onset=1.291>=0.012
2025-11-24 07:12:14 [tracker] [s3] note-start t=8.603 fret=5 midi=55 vel=0.46 env=0.03840
2025-11-24 07:12:14 [tracker] [s3] release-retrigger t=8.667 onset=1.335 gate=0.023 age=0.064
2025-11-24 07:12:14 [tracker] [s3] note-ended t=8.667 fret=5 dur=0.064
2025-11-24 07:12:14 [tracker] [s3] onset t=9.040 env=0.10097 baseline=0.02814 gate=0.00366 envFloor=0.01911 onset=1.230>=0.012
2025-11-24 07:12:15 [tracker] [s3] onset t=9.125 env=0.10000 baseline=0.04339 gate=0.00564 envFloor=0.03037 onset=0.959>=0.012
2025-11-24 07:12:15 [tracker] [s3] note-start t=9.125 fret=5 midi=55 vel=1.00 env=0.10000
2025-11-24 07:12:15 [tracker] [s5] onset t=9.189 env=0.01109 baseline=0.01238 gate=0.00260 envFloor=0.01053 onset=1.278>=0.016
2025-11-24 07:12:15 [tracker] [s3] onset t=9.200 env=0.05683 baseline=0.08690 gate=0.01130 envFloor=0.03053 onset=1.172>=0.012
2025-11-24 07:12:15 [tracker] [s3] note-ended (new onset) t=9.200 fret=5 dur=0.075
2025-11-24 07:12:15 [tracker] [s3] note-start t=9.200 fret=5 midi=55 vel=0.68 env=0.05683
2025-11-24 07:12:15 [tracker] [s4] onset t=9.200 env=0.00816 baseline=0.01283 gate=0.00218 envFloor=0.00288 onset=1.293>=0.014
2025-11-24 07:12:15 [tracker] [s3] release-retrigger t=9.381 onset=0.611 gate=0.041 age=0.181
2025-11-24 07:12:15 [tracker] [s3] note-ended t=9.381 fret=5 dur=0.181
2025-11-24 07:12:15 [tracker] [s2] onset t=9.520 env=0.03188 baseline=0.00926 gate=0.00093 envFloor=0.00787 onset=1.147>=0.009
2025-11-24 07:12:15 [tracker] [s2] onset t=9.648 env=0.02348 baseline=0.01229 gate=0.00123 envFloor=0.00861 onset=1.011>=0.009
2025-11-24 07:12:15 [tracker] [s2] note-start t=9.648 fret=7 midi=52 vel=0.28 env=0.02348
2025-11-24 07:12:16 [tracker] [s2] release-retrigger t=9.744 onset=0.610 gate=0.015 age=0.096
2025-11-24 07:12:16 [tracker] [s2] note-ended t=9.744 fret=7 dur=0.096
2025-11-24 07:12:16 [tracker] [s3] onset t=10.117 env=0.16822 baseline=0.03945 gate=0.00513 envFloor=0.02761 onset=1.409>=0.012
2025-11-24 07:12:17 [tracker] [s3] onset t=10.277 env=0.07031 baseline=0.06018 gate=0.00782 envFloor=0.04213 onset=1.001>=0.012
2025-11-24 07:12:17 [tracker] [s3] note-start t=10.277 fret=5 midi=55 vel=0.84 env=0.07031
2025-11-24 07:12:17 [tracker] [s4] onset t=10.277 env=0.00736 baseline=0.00773 gate=0.00131 envFloor=0.00175 onset=1.135>=0.014
2025-11-24 07:12:17 [tracker] [s3] onset t=10.373 env=0.05503 baseline=0.06049 gate=0.00786 envFloor=0.03725 onset=0.968>=0.012
2025-11-24 07:12:17 [tracker] [s3] note-ended (new onset) t=10.373 fret=5 dur=0.096
2025-11-24 07:12:17 [tracker] [s3] note-start t=10.373 fret=5 midi=55 vel=0.66 env=0.05503
2025-11-24 07:12:17 [tracker] [s3] release-retrigger t=10.448 onset=0.561 gate=0.057 age=0.075
2025-11-24 07:12:17 [tracker] [s3] note-ended t=10.448 fret=5 dur=0.075
2025-11-24 07:12:17 [tracker] [s2] onset t=10.608 env=0.06245 baseline=0.01346 gate=0.00135 envFloor=0.00787 onset=0.898>=0.009
2025-11-24 07:12:17 [tracker] [s2] onset t=10.725 env=0.03961 baseline=0.02134 gate=0.00213 envFloor=0.01494 onset=1.405>=0.009
2025-11-24 07:12:17 [tracker] [s2] note-start t=10.725 fret=8 midi=53 vel=0.48 env=0.03961
2025-11-24 07:12:17 [tracker] [s2] release-retrigger t=10.821 onset=1.372 gate=0.026 age=0.096
2025-11-24 07:12:17 [tracker] [s2] note-ended t=10.821 fret=8 dur=0.096
2025-11-24 07:12:18 [tracker] [s3] onset t=10.960 env=0.10274 baseline=0.03759 gate=0.00489 envFloor=0.02435 onset=0.716>=0.012
2025-11-24 07:12:18 [tracker] [s3] onset t=11.141 env=0.05279 baseline=0.03971 gate=0.00516 envFloor=0.02780 onset=0.518>=0.012
2025-11-24 07:12:18 [tracker] [s3] note-start t=11.141 fret=5 midi=55 vel=0.63 env=0.05279
2025-11-24 07:12:18 [tracker] [s3] onset t=11.291 env=0.06324 baseline=0.04430 gate=0.00576 envFloor=0.02363 onset=0.823>=0.012
2025-11-24 07:12:18 [tracker] [s3] note-ended (new onset) t=11.291 fret=5 dur=0.149
2025-11-24 07:12:18 [tracker] [s3] note-start t=11.291 fret=7 midi=57 vel=0.76 env=0.06324
2025-11-24 07:12:18 [tracker] [s3] release-retrigger t=11.525 onset=1.115 gate=0.030 age=0.235
2025-11-24 07:12:18 [tracker] [s3] note-ended t=11.525 fret=7 dur=0.235
2025-11-24 07:12:20 [tracker] [s3] onset t=12.048 env=0.05386 baseline=0.03988 gate=0.00518 envFloor=0.01347 onset=0.579>=0.012
2025-11-24 07:12:20 [tracker] [s3] onset t=12.496 env=0.05672 baseline=0.03231 gate=0.00420 envFloor=0.01454 onset=1.431>=0.012
2025-11-24 07:12:21 [tracker] [s3] onset t=12.677 env=0.03836 baseline=0.02967 gate=0.00386 envFloor=0.01722 onset=0.717>=0.012
2025-11-24 07:12:21 [tracker] [s3] note-start t=12.677 fret=5 midi=55 vel=0.46 env=0.03836
2025-11-24 07:12:21 [tracker] [s3] onset t=12.763 env=0.02431 baseline=0.03317 gate=0.00431 envFloor=0.01573 onset=1.032>=0.012
2025-11-24 07:12:21 [tracker] [s3] note-ended (new onset) t=12.763 fret=5 dur=0.085
2025-11-24 07:12:21 [tracker] [s4] onset t=12.795 env=0.00316 baseline=0.00237 gate=0.00040 envFloor=0.00171 onset=0.587>=0.014
2025-11-24 07:12:21 [tracker] [s4] onset t=12.848 env=0.01699 baseline=0.01632 gate=0.00278 envFloor=0.01143 onset=0.575>=0.014
2025-11-24 07:12:21 [tracker] [s3] release-retrigger t=12.859 onset=0.538 gate=0.023 age=0.096
2025-11-24 07:12:21 [tracker] [s3] note-ended t=12.859 fret=5 dur=0.096
2025-11-24 07:12:23 [tracker] [s3] onset t=13.733 env=0.06786 baseline=0.01885 gate=0.00245 envFloor=0.01347 onset=1.373>=0.012
2025-11-24 07:12:23 [tracker] [s3] onset t=13.904 env=0.04420 baseline=0.02792 gate=0.00363 envFloor=0.01954 onset=0.698>=0.012
2025-11-24 07:12:23 [tracker] [s3] note-start t=13.904 fret=5 midi=55 vel=0.53 env=0.04420
2025-11-24 07:12:23 [tracker] [s3] onset t=14.075 env=0.04515 baseline=0.03672 gate=0.00477 envFloor=0.01746 onset=0.623>=0.012
2025-11-24 07:12:23 [tracker] [s3] note-ended (new onset) t=14.075 fret=5 dur=0.171
2025-11-24 07:12:23 [tracker] [s3] note-start t=14.075 fret=7 midi=57 vel=0.54 env=0.04515
2025-11-24 07:12:23 [tracker] [s3] onset t=14.181 env=0.03282 baseline=0.03864 gate=0.00502 envFloor=0.01641 onset=1.235>=0.012
2025-11-24 07:12:23 [tracker] [s3] note-ended (new onset) t=14.181 fret=7 dur=0.107
2025-11-24 07:12:23 [tracker] [s3] note-start t=14.181 fret=7 midi=57 vel=0.39 env=0.03282
2025-11-24 07:12:24 [tracker] [s3] release-quiet t=14.309 avgEnv=0.00020 floor=0.01335 quietFrames=8
2025-11-24 07:12:24 [tracker] [s3] note-ended t=14.309 fret=7 dur=0.128
2025-11-24 07:12:24 [tracker] [s3] onset t=14.693 env=0.03609 baseline=0.02322 gate=0.00302 envFloor=0.01347 onset=0.538>=0.012
2025-11-24 07:12:25 [tracker] [s3] onset t=14.886 env=0.02684 baseline=0.02122 gate=0.00276 envFloor=0.01347 onset=0.792>=0.012
2025-11-24 07:12:25 [tracker] [s3] note-start t=14.886 fret=5 midi=55 vel=0.32 env=0.02684
2025-11-24 07:12:25 [tracker] [s3] onset t=15.035 env=0.03352 baseline=0.02252 gate=0.00293 envFloor=0.01347 onset=0.998>=0.012
2025-11-24 07:12:25 [tracker] [s3] note-ended (new onset) t=15.035 fret=5 dur=0.149
2025-11-24 07:12:25 [tracker] [s3] note-start t=15.035 fret=7 midi=57 vel=0.40 env=0.03352
2025-11-24 07:12:25 [tracker] [s3] onset t=15.142 env=0.01617 baseline=0.02869 gate=0.00373 envFloor=0.01347 onset=0.833>=0.012
2025-11-24 07:12:25 [tracker] [s3] note-ended (new onset) t=15.142 fret=7 dur=0.107
2025-11-24 07:12:25 [tracker] [s3] note-start t=15.142 fret=7 midi=57 vel=0.19 env=0.01617
2025-11-24 07:12:25 [tracker] [s3] release-retrigger t=15.227 onset=1.109 gate=0.016 age=0.085
2025-11-24 07:12:25 [tracker] [s3] note-ended t=15.227 fret=7 dur=0.085
2025-11-24 07:12:27 [tracker] [s3] onset t=16.315 env=0.05069 baseline=0.01585 gate=0.00206 envFloor=0.01347 onset=0.528>=0.012
2025-11-24 07:12:28 [tracker] [s3] onset t=16.496 env=0.04220 baseline=0.02161 gate=0.00281 envFloor=0.01513 onset=1.339>=0.012
2025-11-24 07:12:28 [tracker] [s3] note-start t=16.496 fret=5 midi=55 vel=0.51 env=0.04220
2025-11-24 07:12:28 [tracker] [s4] onset t=16.496 env=0.01031 baseline=0.00300 gate=0.00051 envFloor=0.00210 onset=1.389>=0.014
2025-11-24 07:12:28 [tracker] [s3] release-retrigger t=16.645 onset=1.419 gate=0.024 age=0.149
2025-11-24 07:12:28 [tracker] [s3] note-ended t=16.645 fret=5 dur=0.149
2025-11-24 07:12:28 [tracker] [s4] onset t=16.699 env=0.19868 baseline=0.05035 gate=0.00856 envFloor=0.03525 onset=1.309>=0.014
2025-11-24 07:12:30 [tracker] [s1] onset t=17.744 env=0.07697 baseline=0.01941 gate=0.00107 envFloor=0.01359 onset=1.305>=0.006
2025-11-24 07:12:30 [tracker] [s2] onset t=17.840 env=0.00885 baseline=0.00926 gate=0.00093 envFloor=0.00787 onset=1.195>=0.009
2025-11-24 07:12:30 [tracker] [s2] note-start t=17.840 fret=5 midi=50 vel=0.11 env=0.00885
2025-11-24 07:12:30 [tracker] [s2] release-retrigger t=17.968 onset=0.818 gate=0.010 age=0.128
2025-11-24 07:12:30 [tracker] [s2] note-ended t=17.968 fret=5 dur=0.128
2025-11-24 07:12:31 [tracker] [s2] onset t=18.416 env=0.07172 baseline=0.02665 gate=0.00267 envFloor=0.01866 onset=0.515>=0.009
2025-11-24 07:12:31 [tracker] [s2] onset t=18.640 env=0.04826 baseline=0.03788 gate=0.00379 envFloor=0.02652 onset=1.298>=0.009
2025-11-24 07:12:31 [tracker] [s2] note-start t=18.640 fret=5 midi=50 vel=0.58 env=0.04826
2025-11-24 07:12:32 [tracker] [s2] release-retrigger t=18.928 onset=1.065 gate=0.035 age=0.288
2025-11-24 07:12:32 [tracker] [s2] note-ended t=18.928 fret=5 dur=0.288
2025-11-24 07:12:32 [tracker] [s4] onset t=19.195 env=0.00215 baseline=0.00201 gate=0.00034 envFloor=0.00171 onset=0.845>=0.014
2025-11-24 07:12:37 [tracker] [s2] onset t=21.434 env=0.05032 baseline=0.01893 gate=0.00189 envFloor=0.01325 onset=1.286>=0.009
2025-11-24 07:12:37 [tracker] [s3] onset t=21.445 env=0.01778 baseline=0.01585 gate=0.00206 envFloor=0.01347 onset=1.467>=0.012
2025-11-24 07:12:38 [tracker] [s4] onset t=22.064 env=0.04389 baseline=0.01132 gate=0.00192 envFloor=0.00792 onset=1.294>=0.014
2025-11-24 07:12:38 [tracker] [s4] onset t=22.149 env=0.06057 baseline=0.02285 gate=0.00388 envFloor=0.01599 onset=1.131>=0.014
2025-11-24 07:12:39 [tracker] [s4] onset t=22.501 env=0.10054 baseline=0.03134 gate=0.00533 envFloor=0.02194 onset=1.443>=0.014
2025-11-24 07:12:39 [tracker] [s4] onset t=22.597 env=0.07372 baseline=0.04182 gate=0.00711 envFloor=0.02928 onset=0.874>=0.014
2025-11-24 07:12:39 [tracker] [s4] note-start t=22.597 fret=5 midi=60 vel=0.88 env=0.07372
2025-11-24 07:12:39 [tracker] [s4] release-retrigger t=22.682 onset=0.903 gate=0.041 age=0.085
2025-11-24 07:12:39 [tracker] [s4] note-ended t=22.682 fret=5 dur=0.085
2025-11-24 07:12:40 [tracker] [s3] onset t=23.120 env=0.01565 baseline=0.01585 gate=0.00206 envFloor=0.01347 onset=1.478>=0.012
2025-11-24 07:12:40 [tracker] [s3] note-start t=23.120 fret=21 midi=71 vel=0.19 env=0.01565
2025-11-24 07:12:40 [tracker] [s3] release-retrigger t=23.237 onset=1.016 gate=0.015 age=0.117
2025-11-24 07:12:40 [tracker] [s3] note-ended t=23.237 fret=21 dur=0.117
2025-11-24 07:12:40 [tracker] [s6] onset t=23.280 env=0.03515 baseline=0.00751 gate=0.00188 envFloor=0.00526 onset=1.261>=0.018
2025-11-24 07:12:40 [tracker] [s1] onset t=23.301 env=0.00898 baseline=0.00627 gate=0.00034 envFloor=0.00533 onset=0.684>=0.006
2025-11-24 07:12:40 [tracker] [s2] onset t=23.322 env=0.01337 baseline=0.00926 gate=0.00093 envFloor=0.00787 onset=0.523>=0.009
2025-11-24 07:12:40 [tracker] [s6] onset t=23.376 env=0.01026 baseline=0.01445 gate=0.00361 envFloor=0.01011 onset=1.476>=0.018
2025-11-24 07:12:40 [tracker] [s6] note-start t=23.376 fret=8 midi=72 vel=0.12 env=0.01026
2025-11-24 07:12:40 [tracker] [s3] onset t=23.461 env=0.02193 baseline=0.01585 gate=0.00206 envFloor=0.01347 onset=1.224>=0.012
2025-11-24 07:12:40 [tracker] [s6] release-retrigger t=23.461 onset=0.669 gate=0.042 age=0.085
2025-11-24 07:12:40 [tracker] [s6] note-ended t=23.461 fret=8 dur=0.085
2025-11-24 07:12:40 [tracker] [s3] onset t=23.546 env=0.01717 baseline=0.01585 gate=0.00206 envFloor=0.01347 onset=1.284>=0.012
2025-11-24 07:12:40 [tracker] [s3] note-start t=23.546 fret=5 midi=55 vel=0.21 env=0.01717
2025-11-24 07:12:40 [tracker] [s2] onset t=23.610 env=0.03082 baseline=0.01121 gate=0.00112 envFloor=0.00787 onset=0.580>=0.009
2025-11-24 07:12:40 [tracker] [s3] release-retrigger t=23.610 onset=1.396 gate=0.015 age=0.064
2025-11-24 07:12:40 [tracker] [s3] note-ended t=23.610 fret=5 dur=0.064
2025-11-24 07:12:41 [tracker] [s2] onset t=23.696 env=0.01931 baseline=0.01252 gate=0.00125 envFloor=0.00876 onset=1.218>=0.009
2025-11-24 07:12:41 [tracker] [s2] note-start t=23.696 fret=8 midi=53 vel=0.23 env=0.01931
2025-11-24 07:12:41 [tracker] [s2] release-retrigger t=23.781 onset=0.596 gate=0.015 age=0.085
2025-11-24 07:12:41 [tracker] [s2] note-ended t=23.781 fret=8 dur=0.085
2025-11-24 07:12:42 [tracker] [s2] onset t=24.197 env=0.01225 baseline=0.01373 gate=0.00137 envFloor=0.00787 onset=1.128>=0.009
2025-11-24 07:12:42 [tracker] [s2] onset t=24.282 env=0.01173 baseline=0.01319 gate=0.00132 envFloor=0.00787 onset=0.933>=0.009
2025-11-24 07:12:42 [tracker] [s4] onset t=24.517 env=0.11506 baseline=0.03028 gate=0.00515 envFloor=0.02120 onset=1.354>=0.014
2025-11-24 07:12:42 [tracker] [s4] onset t=24.634 env=0.04369 baseline=0.04440 gate=0.00755 envFloor=0.03108 onset=0.623>=0.014
2025-11-24 07:12:42 [tracker] [s4] note-start t=24.634 fret=7 midi=62 vel=0.52 env=0.04369
2025-11-24 07:12:43 [tracker] [s4] release-retrigger t=24.720 onset=1.037 gate=0.040 age=0.085
2025-11-24 07:12:43 [tracker] [s4] note-ended t=24.720 fret=7 dur=0.085
2025-11-24 07:12:43 [tracker] [s5] onset t=25.168 env=0.12969 baseline=0.03069 gate=0.00645 envFloor=0.02148 onset=0.600>=0.016
2025-11-24 07:12:44 [tracker] [s5] onset t=25.349 env=0.07529 baseline=0.05666 gate=0.01190 envFloor=0.03966 onset=1.158>=0.016
2025-11-24 07:12:44 [tracker] [s5] note-start t=25.349 fret=6 midi=65 vel=0.90 env=0.07529
2025-11-24 07:12:44 [tracker] [s4] onset t=25.413 env=0.01987 baseline=0.02727 gate=0.00464 envFloor=0.00446 onset=1.129>=0.014
2025-11-24 07:12:44 [tracker] [s5] onset t=25.434 env=0.06859 baseline=0.06510 gate=0.01367 envFloor=0.03558 onset=0.793>=0.016
2025-11-24 07:12:44 [tracker] [s5] note-ended (new onset) t=25.434 fret=6 dur=0.085
2025-11-24 07:12:44 [tracker] [s5] note-start t=25.434 fret=6 midi=65 vel=0.82 env=0.06859
2025-11-24 07:12:44 [tracker] [s4] onset t=25.466 env=0.03369 baseline=0.02660 gate=0.00452 envFloor=0.01001 onset=0.989>=0.014
2025-11-24 07:12:44 [tracker] [s5] onset t=25.509 env=0.04329 baseline=0.05960 gate=0.01252 envFloor=0.03298 onset=0.947>=0.016
2025-11-24 07:12:44 [tracker] [s5] note-ended (new onset) t=25.509 fret=6 dur=0.075
2025-11-24 07:12:44 [tracker] [s5] note-start t=25.509 fret=7 midi=66 vel=0.52 env=0.04329
2025-11-24 07:12:44 [test-mode] pause session='live/test' position=25.51 duration=40.20
