# SignalAssistant session log
# Started at 2025-12-16 05:45:26
2025-12-16 05:45:26 [session] mode=live session='' path='' duration=0.00 files=0
2025-12-16 05:45:26 [tracker-settings] TrackerConfig onsetThreshold=0.02000 minNoteDurSec=0.045 hopSec=0.010 slideDelta=120.0 bendDelta=35.0
2025-12-16 05:45:26 [tracker-settings] string1 midi=40 lowCut=37.08Hz highCut=445.00Hz baseline=0.000180 gateRatio=0.05500 envFloor=0.000450 sustainScale=0.580 retriggerScale=1.400 peakRelease=0.120 pitchTol=0.400 onsetScale=0.006
2025-12-16 05:45:26 [tracker-settings] string2 midi=45 lowCut=55.00Hz highCut=563.20Hz baseline=0.000220 gateRatio=0.10000 envFloor=0.000550 sustainScale=0.700 retriggerScale=1.250 peakRelease=0.130 pitchTol=0.400 onsetScale=0.009
2025-12-16 05:45:26 [tracker-settings] string3 midi=50 lowCut=85.16Hz highCut=693.05Hz baseline=0.000260 gateRatio=0.13000 envFloor=0.000650 sustainScale=0.820 retriggerScale=1.100 peakRelease=0.140 pitchTol=0.450 onsetScale=0.012
2025-12-16 05:45:26 [tracker-settings] string4 midi=55 lowCut=127.40Hz highCut=862.39Hz baseline=0.000320 gateRatio=0.17000 envFloor=0.000780 sustainScale=1.000 retriggerScale=1.000 peakRelease=0.160 pitchTol=0.440 onsetScale=0.014
2025-12-16 05:45:26 [tracker-settings] string5 midi=59 lowCut=160.51Hz highCut=1086.54Hz baseline=0.000370 gateRatio=0.21000 envFloor=0.000900 sustainScale=1.000 retriggerScale=1.000 peakRelease=0.180 pitchTol=0.500 onsetScale=0.016
2025-12-16 05:45:26 [tracker-settings] string6 midi=64 lowCut=214.26Hz highCut=1450.36Hz baseline=0.000420 gateRatio=0.25000 envFloor=0.001050 sustainScale=1.000 retriggerScale=1.000 peakRelease=0.200 pitchTol=0.550 onsetScale=0.018
2025-12-16 05:45:26 [tracker] [s1] calibration reset target=0.00180 gain=1.000
2025-12-16 05:45:26 [tracker] [s2] calibration reset target=0.00180 gain=1.000
2025-12-16 05:45:26 [tracker] [s3] calibration reset target=0.00180 gain=1.000
2025-12-16 05:45:26 [tracker] [s4] calibration reset target=0.00180 gain=1.000
2025-12-16 05:45:26 [tracker] [s5] calibration reset target=0.00180 gain=1.000
2025-12-16 05:45:26 [tracker] [s6] calibration reset target=0.00180 gain=1.000
2025-12-16 05:45:26 [calibration] Loading calibration profile multipliers into parameters
2025-12-16 05:45:26 [calibration] String 1: setting multiplier to 6.317
2025-12-16 05:45:26 [calibration] String 2: setting multiplier to 8.000
2025-12-16 05:45:26 [calibration] String 3: setting multiplier to 8.000
2025-12-16 05:45:26 [calibration] String 4: setting multiplier to 8.000
2025-12-16 05:45:26 [calibration] String 5: setting multiplier to 8.000
2025-12-16 05:45:26 [calibration] String 6: setting multiplier to 8.000
2025-12-16 05:45:26 [tracker] [s1] calibration avg=0.03970 target=0.00180 gain=1.000
2025-12-16 05:45:26 [tracker] [s2] calibration avg=0.01940 target=0.00180 gain=1.000
2025-12-16 05:45:26 [tracker] [s3] calibration avg=0.01411 target=0.00180 gain=1.000
2025-12-16 05:45:26 [tracker] [s4] calibration avg=0.03018 target=0.00180 gain=1.000
2025-12-16 05:45:26 [tracker] [s5] calibration avg=0.02970 target=0.00180 gain=1.000
2025-12-16 05:45:26 [tracker] [s6] calibration avg=0.02331 target=0.00180 gain=1.000
2025-12-16 05:45:27 [tracker] [s1] configure sr=48000.0 hop=128 fft=1024 low=37.1 high=445.0
2025-12-16 05:45:27 [tracker] [s1] params baseline=0.000180 gate=0.0550 envFloor=0.000450 sustain=0.580 retrigger=1.400 peakRelease=0.120 pitchTol=0.400 onsetScale=0.006 aubioScale=1.20 aubioThresh=0.024 onsetSilence=-85.0 pitchSilence=-90.0
2025-12-16 05:45:27 [tracker] [s2] configure sr=48000.0 hop=128 fft=1024 low=55.0 high=563.2
2025-12-16 05:45:27 [tracker] [s2] params baseline=0.000220 gate=0.0100 envFloor=0.000100 sustain=1.500 retrigger=1.250 peakRelease=0.130 pitchTol=0.400 onsetScale=0.009 aubioScale=1.35 aubioThresh=0.027 onsetSilence=-85.0 pitchSilence=-90.0
2025-12-16 05:45:27 [tracker] [s3] configure sr=48000.0 hop=128 fft=1024 low=85.2 high=693.0
2025-12-16 05:45:27 [tracker] [s3] params baseline=0.000260 gate=0.1300 envFloor=0.000650 sustain=0.820 retrigger=1.100 peakRelease=0.140 pitchTol=0.450 onsetScale=0.012 aubioScale=1.60 aubioThresh=0.032 onsetSilence=-75.0 pitchSilence=-80.0
2025-12-16 05:45:27 [tracker] [s4] configure sr=48000.0 hop=128 fft=1024 low=127.4 high=862.4
2025-12-16 05:45:27 [tracker] [s4] params baseline=0.000320 gate=0.1700 envFloor=0.000780 sustain=1.000 retrigger=1.000 peakRelease=0.160 pitchTol=0.440 onsetScale=0.014 aubioScale=1.80 aubioThresh=0.036 onsetSilence=-75.0 pitchSilence=-80.0
2025-12-16 05:45:27 [tracker] [s5] configure sr=48000.0 hop=128 fft=512 low=160.5 high=1086.5
2025-12-16 05:45:27 [tracker] [s5] params baseline=0.000370 gate=0.2100 envFloor=0.000900 sustain=1.000 retrigger=1.000 peakRelease=0.180 pitchTol=0.500 onsetScale=0.016 aubioScale=1.80 aubioThresh=0.036 onsetSilence=-75.0 pitchSilence=-80.0
2025-12-16 05:45:27 [tracker] [s6] configure sr=48000.0 hop=128 fft=512 low=214.3 high=1450.4
2025-12-16 05:45:27 [tracker] [s6] params baseline=0.000420 gate=0.2500 envFloor=0.001050 sustain=1.000 retrigger=1.000 peakRelease=0.200 pitchTol=0.550 onsetScale=0.018 aubioScale=1.80 aubioThresh=0.036 onsetSilence=-75.0 pitchSilence=-80.0
2025-12-16 05:45:27 [tracker] [s1] aubio-raw t=0.0147 onset=4.000000 env=0.000553 peak=0.001305 gain=1.000
2025-12-16 05:45:27 [tracker] [s1] onset-below-env-floor t=0.0147 env=0.000553 gate=0.000022 envDelta=0.000531 envFloor=0.000592 onset=4.000000 thresh=0.006000 onsetDelta=3.994000 baseline=0.000395 floor=0.000180 adapt=0.000987 lastPeak=0.000000 baseParam=0.000180 gateRatio=0.0550 envParam=0.000450 onsetScale=0.300 retriggerScale=1.400 guard=0.060 guardRemain=0.000 activeAge=-1.000 retrigRemain=0.000 pitchHz=125.16 pitchCents=723.6
2025-12-16 05:45:27 [tracker] [s2] onset t=0.015 env=0.00120 gate=0.00000 envDelta=0.00120 envFloor=0.00062 onset=4.000 thresh=0.009 onsetDelta=3.99100 baseline=0.00041 adaptive=0.00103 lastPeak=0.00000 guard=0.060 activeAge=-1.000 pitch=125.16Hz pitchCents=223.6
2025-12-16 05:45:27 [tracker] [s3] onset t=0.015 env=0.00103 gate=0.00005 envDelta=0.00098 envFloor=0.00065 onset=4.000 thresh=0.012 onsetDelta=3.98840 baseline=0.00040 adaptive=0.00100 lastPeak=0.00000 guard=0.060 activeAge=-1.000 pitch=125.16Hz pitchCents=-276.4
2025-12-16 05:45:27 [tracker] [s4] onset t=0.015 env=0.00126 gate=0.00007 envDelta=0.00119 envFloor=0.00078 onset=4.000 thresh=0.014 onsetDelta=3.98600 baseline=0.00042 adaptive=0.00104 lastPeak=0.00000 guard=0.060 activeAge=-1.000 pitch=125.16Hz pitchCents=-776.4
2025-12-16 05:45:27 [tracker] [s5] onset t=0.015 env=0.00150 gate=0.00009 envDelta=0.00141 envFloor=0.00090 onset=4.000 thresh=0.016 onsetDelta=3.98400 baseline=0.00043 adaptive=0.00108 lastPeak=0.00000 guard=0.060 activeAge=-1.000 pitch=376.47Hz pitchCents=730.0
2025-12-16 05:45:27 [tracker] [s6] onset t=0.015 env=0.00179 gate=0.00011 envDelta=0.00168 envFloor=0.00105 onset=4.000 thresh=0.018 onsetDelta=3.98200 baseline=0.00045 adaptive=0.00112 lastPeak=0.00000 guard=0.060 activeAge=-1.000 pitch=376.47Hz pitchCents=230.0
2025-12-16 05:45:27 [tracker] [s2] onset t=0.089 env=0.00144 gate=0.00001 envDelta=0.00143 envFloor=0.00076 onset=0.994 thresh=0.009 onsetDelta=0.98539 baseline=0.00051 adaptive=0.00126 lastPeak=0.00000 guard=0.060 activeAge=-1.000 pitch=-1.00Hz pitchCents=0.0
2025-12-16 05:45:27 [tracker] [s4] onset t=0.116 env=0.00155 gate=0.00011 envDelta=0.00145 envFloor=0.00094 onset=0.994 thresh=0.014 onsetDelta=0.97964 baseline=0.00063 adaptive=0.00157 lastPeak=0.00000 guard=0.060 activeAge=-1.000 pitch=-1.00Hz pitchCents=0.0
2025-12-16 05:45:27 [tracker] [s5] onset t=0.180 env=0.00159 gate=0.00014 envDelta=0.00145 envFloor=0.00101 onset=1.009 thresh=0.016 onsetDelta=0.99272 baseline=0.00068 adaptive=0.00169 lastPeak=0.00000 guard=0.060 activeAge=-1.000 pitch=-1.00Hz pitchCents=0.0
2025-12-16 05:45:27 [tracker] [s4] onset t=0.199 env=0.00132 gate=0.00010 envDelta=0.00121 envFloor=0.00092 onset=0.797 thresh=0.014 onsetDelta=0.78341 baseline=0.00061 adaptive=0.00153 lastPeak=0.00000 guard=0.060 activeAge=-1.000 pitch=-1.00Hz pitchCents=0.0
2025-12-16 05:45:27 [tracker] [s6] onset t=0.204 env=0.00165 gate=0.00020 envDelta=0.00144 envFloor=0.00121 onset=0.885 thresh=0.018 onsetDelta=0.86723 baseline=0.00081 adaptive=0.00202 lastPeak=0.00000 guard=0.060 activeAge=-1.000 pitch=-1.00Hz pitchCents=0.0
2025-12-16 05:45:27 [tracker] [s1] aubio-raw t=0.2867 onset=0.967287 env=0.000766 peak=0.001567 gain=1.000
2025-12-16 05:45:27 [tracker] [s1] onset-accepted t=0.2867 env=0.000766 gate=0.000017 envDelta=0.000749 envFloor=0.000458 onset=0.967287 thresh=0.006000 onsetDelta=0.961287 baseline=0.000305 floor=0.000180 adapt=0.000763 lastPeak=0.000000 baseParam=0.000180 gateRatio=0.0550 envParam=0.000450 onsetScale=0.300 retriggerScale=1.400 guard=0.060 guardRemain=0.000 activeAge=-1.000 retrigRemain=0.000 pitchHz=444.42 pitchCents=2917.3
2025-12-16 05:45:27 [tracker] [s1] onset t=0.287 env=0.00077 gate=0.00002 envDelta=0.00075 envFloor=0.00046 onset=0.967 thresh=0.006 onsetDelta=0.96129 baseline=0.00031 adaptive=0.00076 lastPeak=0.00000 guard=0.060 activeAge=-1.000 pitch=444.42Hz pitchCents=2917.3
2025-12-16 05:45:27 [tracker] [s6] onset t=0.340 env=0.00177 gate=0.00020 envDelta=0.00158 envFloor=0.00117 onset=1.025 thresh=0.018 onsetDelta=1.00739 baseline=0.00078 adaptive=0.00195 lastPeak=0.00000 guard=0.060 activeAge=-1.000 pitch=-1.00Hz pitchCents=0.0
2025-12-16 05:45:27 [tracker] [s1] aubio-raw t=0.4733 onset=0.842256 env=0.000727 peak=0.001487 gain=1.000
2025-12-16 05:45:27 [tracker] [s1] onset-accepted t=0.4733 env=0.000727 gate=0.000019 envDelta=0.000708 envFloor=0.000515 onset=0.842256 thresh=0.006000 onsetDelta=0.836256 baseline=0.000344 floor=0.000180 adapt=0.000859 lastPeak=0.000000 baseParam=0.000180 gateRatio=0.0550 envParam=0.000450 onsetScale=0.300 retriggerScale=1.400 guard=0.060 guardRemain=0.000 activeAge=-1.000 retrigRemain=0.000 pitchHz=106.67 pitchCents=446.7
2025-12-16 05:45:27 [tracker] [s1] onset t=0.473 env=0.00073 gate=0.00002 envDelta=0.00071 envFloor=0.00052 onset=0.842 thresh=0.006 onsetDelta=0.83626 baseline=0.00034 adaptive=0.00086 lastPeak=0.00000 guard=0.060 activeAge=-1.000 pitch=106.67Hz pitchCents=446.7
2025-12-16 05:45:28 [tracker] [s1] aubio-raw t=0.5480 onset=0.978686 env=0.001205 peak=0.002763 gain=1.000
2025-12-16 05:45:28 [tracker] [s1] onset-accepted t=0.5480 env=0.001205 gate=0.000021 envDelta=0.001184 envFloor=0.000577 onset=0.978686 thresh=0.006000 onsetDelta=0.972686 baseline=0.000384 floor=0.000180 adapt=0.000961 lastPeak=0.000000 baseParam=0.000180 gateRatio=0.0550 envParam=0.000450 onsetScale=0.300 retriggerScale=1.400 guard=0.060 guardRemain=0.000 activeAge=-1.000 retrigRemain=0.000 pitchHz=100.00 pitchCents=335.0
2025-12-16 05:45:28 [tracker] [s1] onset t=0.548 env=0.00121 gate=0.00002 envDelta=0.00118 envFloor=0.00058 onset=0.979 thresh=0.006 onsetDelta=0.97269 baseline=0.00038 adaptive=0.00096 lastPeak=0.00000 guard=0.060 activeAge=-1.000 pitch=100.00Hz pitchCents=335.0
2025-12-16 05:45:28 [tracker] [s6] onset t=0.649 env=0.00180 gate=0.00019 envDelta=0.00161 envFloor=0.00115 onset=1.000 thresh=0.018 onsetDelta=0.98249 baseline=0.00077 adaptive=0.00192 lastPeak=0.00000 guard=0.060 activeAge=-1.000 pitch=-1.00Hz pitchCents=0.0
2025-12-16 05:45:28 [tracker] [s5] onset t=0.703 env=0.00173 gate=0.00014 envDelta=0.00159 envFloor=0.00102 onset=0.686 thresh=0.016 onsetDelta=0.66959 baseline=0.00068 adaptive=0.00169 lastPeak=0.00000 guard=0.060 activeAge=-1.000 pitch=-1.00Hz pitchCents=0.0
2025-12-16 05:45:28 [tracker] [s2] onset t=0.724 env=0.00129 gate=0.00001 envDelta=0.00129 envFloor=0.00078 onset=0.996 thresh=0.009 onsetDelta=0.98726 baseline=0.00052 adaptive=0.00131 lastPeak=0.00000 guard=0.060 activeAge=-1.000 pitch=98.77Hz pitchCents=-186.5
2025-12-16 05:45:28 [tracker] [s1] aubio-raw t=0.7560 onset=0.998967 env=0.000838 peak=0.002451 gain=1.000
2025-12-16 05:45:28 [tracker] [s1] onset t=0.756 env=0.00084 gate=0.00002 envDelta=0.00082 envFloor=0.00055 onset=0.999 thresh=0.006 onsetDelta=0.99297 baseline=0.00037 adaptive=0.00092 lastPeak=0.00000 guard=0.060 activeAge=-1.000 pitch=94.11Hz pitchCents=230.0
2025-12-16 05:45:28 [tracker] [s1] aubio-raw t=0.8360 onset=0.998295 env=0.000712 peak=0.001683 gain=1.000
2025-12-16 05:45:28 [tracker] [s1] onset-accepted t=0.8360 env=0.000712 gate=0.000020 envDelta=0.000691 envFloor=0.000551 onset=0.998295 thresh=0.006000 onsetDelta=0.992295 baseline=0.000367 floor=0.000180 adapt=0.000918 lastPeak=0.000000 baseParam=0.000180 gateRatio=0.0550 envParam=0.000450 onsetScale=0.300 retriggerScale=1.400 guard=0.060 guardRemain=0.000 activeAge=-1.000 retrigRemain=0.000 pitchHz=94.12 pitchCents=230.1
2025-12-16 05:45:28 [tracker] [s1] onset t=0.836 env=0.00071 gate=0.00002 envDelta=0.00069 envFloor=0.00055 onset=0.998 thresh=0.006 onsetDelta=0.99229 baseline=0.00037 adaptive=0.00092 lastPeak=0.00000 guard=0.060 activeAge=-1.000 pitch=94.12Hz pitchCents=230.1
2025-12-16 05:45:28 [tracker] [s2] onset t=0.889 env=0.00129 gate=0.00001 envDelta=0.00128 envFloor=0.00083 onset=0.865 thresh=0.009 onsetDelta=0.85635 baseline=0.00055 adaptive=0.00138 lastPeak=0.00000 guard=0.060 activeAge=-1.000 pitch=163.27Hz pitchCents=683.7
2025-12-16 05:45:28 [tracker] [s1] aubio-raw t=0.9373 onset=0.997115 env=0.000640 peak=0.002002 gain=1.000
2025-12-16 05:45:28 [tracker] [s1] onset-accepted t=0.9373 env=0.000640 gate=0.000019 envDelta=0.000621 envFloor=0.000513 onset=0.997115 thresh=0.006000 onsetDelta=0.991115 baseline=0.000342 floor=0.000180 adapt=0.000855 lastPeak=0.000000 baseParam=0.000180 gateRatio=0.0550 envParam=0.000450 onsetScale=0.300 retriggerScale=1.400 guard=0.060 guardRemain=0.000 activeAge=-1.000 retrigRemain=0.000 pitchHz=250.00 pitchCents=1921.3
2025-12-16 05:45:28 [tracker] [s1] onset t=0.937 env=0.00064 gate=0.00002 envDelta=0.00062 envFloor=0.00051 onset=0.997 thresh=0.006 onsetDelta=0.99111 baseline=0.00034 adaptive=0.00086 lastPeak=0.00000 guard=0.060 activeAge=-1.000 pitch=250.00Hz pitchCents=1921.3
2025-12-16 05:45:28 [tracker] [s2] onset t=0.996 env=0.00136 gate=0.00001 envDelta=0.00136 envFloor=0.00084 onset=1.001 thresh=0.009 onsetDelta=0.99183 baseline=0.00056 adaptive=0.00141 lastPeak=0.00000 guard=0.060 activeAge=-1.000 pitch=114.29Hz pitchCents=66.3
2025-12-16 05:45:28 [tracker] [s1] aubio-raw t=1.0467 onset=1.303682 env=0.000936 peak=0.002046 gain=1.000
2025-12-16 05:45:28 [tracker] [s1] onset-accepted t=1.0467 env=0.000936 gate=0.000026 envDelta=0.000910 envFloor=0.000518 onset=1.303682 thresh=0.006000 onsetDelta=1.297682 baseline=0.000469 floor=0.000180 adapt=0.000864 lastPeak=0.000521 baseParam=0.000180 gateRatio=0.0550 envParam=0.000450 onsetScale=0.300 retriggerScale=1.400 guard=0.060 guardRemain=0.000 activeAge=0.109 retrigRemain=0.111 pitchHz=142.85 pitchCents=952.4
2025-12-16 05:45:28 [tracker] [s1] onset t=1.047 env=0.00094 gate=0.00003 envDelta=0.00091 envFloor=0.00052 onset=1.304 thresh=0.006 onsetDelta=1.29768 baseline=0.00047 adaptive=0.00086 lastPeak=0.00052 guard=0.060 activeAge=0.109 pitch=142.85Hz pitchCents=952.4
2025-12-16 05:45:28 [tracker] [s1] note-ended (new onset) t=1.047 fret=19 dur=0.109
2025-12-16 05:45:28 [tracker] [s2] onset t=1.116 env=0.00116 gate=0.00001 envDelta=0.00116 envFloor=0.00079 onset=0.869 thresh=0.009 onsetDelta=0.86016 baseline=0.00053 adaptive=0.00132 lastPeak=0.00000 guard=0.060 activeAge=-1.000 pitch=-1.00Hz pitchCents=0.0
2025-12-16 05:45:28 [tracker] [s5] onset t=1.140 env=0.00159 gate=0.00015 envDelta=0.00144 envFloor=0.00104 onset=0.700 thresh=0.016 onsetDelta=0.68369 baseline=0.00069 adaptive=0.00174 lastPeak=0.00000 guard=0.060 activeAge=-1.000 pitch=-1.00Hz pitchCents=0.0
2025-12-16 05:45:28 [tracker] [s3] onset t=1.207 env=0.00135 gate=0.00007 envDelta=0.00127 envFloor=0.00084 onset=0.778 thresh=0.012 onsetDelta=0.76621 baseline=0.00056 adaptive=0.00140 lastPeak=0.00000 guard=0.060 activeAge=-1.000 pitch=-1.00Hz pitchCents=0.0
2025-12-16 05:45:28 [tracker] [s1] aubio-raw t=1.2867 onset=1.000734 env=0.000614 peak=0.001567 gain=1.000
2025-12-16 05:45:28 [tracker] [s1] onset-accepted t=1.2867 env=0.000614 gate=0.000019 envDelta=0.000595 envFloor=0.000507 onset=1.000734 thresh=0.006000 onsetDelta=0.994734 baseline=0.000338 floor=0.000180 adapt=0.000845 lastPeak=0.000332 baseParam=0.000180 gateRatio=0.0550 envParam=0.000450 onsetScale=0.300 retriggerScale=1.400 guard=0.060 guardRemain=0.000 activeAge=-1.000 retrigRemain=0.000 pitchHz=-1.00 pitchCents=0.0
2025-12-16 05:45:28 [tracker] [s1] onset t=1.287 env=0.00061 gate=0.00002 envDelta=0.00060 envFloor=0.00051 onset=1.001 thresh=0.006 onsetDelta=0.99473 baseline=0.00034 adaptive=0.00084 lastPeak=0.00033 guard=0.060 activeAge=-1.000 pitch=-1.00Hz pitchCents=0.0
2025-12-16 05:45:28 [tracker] [s4] onset t=1.367 env=0.00111 gate=0.00010 envDelta=0.00101 envFloor=0.00089 onset=0.992 thresh=0.014 onsetDelta=0.97755 baseline=0.00059 adaptive=0.00149 lastPeak=0.00000 guard=0.060 activeAge=-1.000 pitch=-1.00Hz pitchCents=0.0
2025-12-16 05:45:28 [tracker] [s5] onset t=1.377 env=0.00156 gate=0.00014 envDelta=0.00142 envFloor=0.00100 onset=1.237 thresh=0.016 onsetDelta=1.22099 baseline=0.00067 adaptive=0.00167 lastPeak=0.00000 guard=0.060 activeAge=-1.000 pitch=-1.00Hz pitchCents=0.0
2025-12-16 05:45:28 [tracker] [s3] onset t=1.393 env=0.00168 gate=0.00007 envDelta=0.00160 envFloor=0.00086 onset=1.350 thresh=0.012 onsetDelta=1.33791 baseline=0.00057 adaptive=0.00143 lastPeak=0.00000 guard=0.060 activeAge=-1.000 pitch=-1.00Hz pitchCents=0.0
2025-12-16 05:45:29 [tracker] [s3] onset t=1.529 env=0.00128 gate=0.00007 envDelta=0.00120 envFloor=0.00085 onset=0.847 thresh=0.012 onsetDelta=0.83570 baseline=0.00056 adaptive=0.00141 lastPeak=0.00000 guard=0.060 activeAge=-1.000 pitch=-1.00Hz pitchCents=0.0
2025-12-16 05:45:29 [tracker] [s6] onset t=1.617 env=0.00201 gate=0.00022 envDelta=0.00179 envFloor=0.00130 onset=0.849 thresh=0.018 onsetDelta=0.83097 baseline=0.00086 adaptive=0.00216 lastPeak=0.00000 guard=0.060 activeAge=-1.000 pitch=-1.00Hz pitchCents=0.0
2025-12-16 05:45:29 [tracker] [s1] aubio-raw t=1.6813 onset=1.231734 env=0.000823 peak=0.002097 gain=1.000
2025-12-16 05:45:29 [tracker] [s1] onset-accepted t=1.6813 env=0.000823 gate=0.000021 envDelta=0.000803 envFloor=0.000562 onset=1.231734 thresh=0.006000 onsetDelta=1.225734 baseline=0.000374 floor=0.000180 adapt=0.000936 lastPeak=0.000158 baseParam=0.000180 gateRatio=0.0550 envParam=0.000450 onsetScale=0.300 retriggerScale=1.400 guard=0.060 guardRemain=0.000 activeAge=-1.000 retrigRemain=0.000 pitchHz=363.59 pitchCents=2569.8
2025-12-16 05:45:29 [tracker] [s1] onset t=1.681 env=0.00082 gate=0.00002 envDelta=0.00080 envFloor=0.00056 onset=1.232 thresh=0.006 onsetDelta=1.22573 baseline=0.00037 adaptive=0.00094 lastPeak=0.00016 guard=0.060 activeAge=-1.000 pitch=363.59Hz pitchCents=2569.8
2025-12-16 05:45:29 [tracker] [s4] onset t=1.793 env=0.00175 gate=0.00010 envDelta=0.00164 envFloor=0.00090 onset=1.068 thresh=0.014 onsetDelta=1.05379 baseline=0.00060 adaptive=0.00149 lastPeak=0.00000 guard=0.060 activeAge=-1.000 pitch=-1.00Hz pitchCents=0.0
2025-12-16 05:45:29 [tracker] [s2] onset t=1.804 env=0.00100 gate=0.00000 envDelta=0.00100 envFloor=0.00073 onset=0.794 thresh=0.009 onsetDelta=0.78521 baseline=0.00048 adaptive=0.00121 lastPeak=0.00000 guard=0.060 activeAge=-1.000 pitch=181.81Hz pitchCents=869.9
2025-12-16 05:45:29 [tracker] [s2] note-start t=1.804 fret=3 midi=48 vel=0.01 env=0.00100
2025-12-16 05:45:29 [tracker] [s2] onset t=1.865 env=0.00095 gate=0.00001 envDelta=0.00094 envFloor=0.00073 onset=1.100 thresh=0.009 onsetDelta=1.09102 baseline=0.00080 adaptive=0.00121 lastPeak=0.00089 guard=0.060 activeAge=0.061 pitch=109.59Hz pitchCents=-6.5
2025-12-16 05:45:29 [tracker] [s2] note-ended (new onset) t=1.865 fret=3 dur=0.061
2025-12-16 05:45:29 [tracker] [s1] aubio-raw t=1.8973 onset=0.905175 env=0.000569 peak=0.001710 gain=1.000
2025-12-16 05:45:29 [tracker] [s1] onset-accepted t=1.8973 env=0.000569 gate=0.000018 envDelta=0.000552 envFloor=0.000490 onset=0.905175 thresh=0.006000 onsetDelta=0.899175 baseline=0.000327 floor=0.000180 adapt=0.000817 lastPeak=0.000105 baseParam=0.000180 gateRatio=0.0550 envParam=0.000450 onsetScale=0.300 retriggerScale=1.400 guard=0.060 guardRemain=0.000 activeAge=-1.000 retrigRemain=0.000 pitchHz=200.00 pitchCents=1535.0
2025-12-16 05:45:29 [tracker] [s1] onset t=1.897 env=0.00057 gate=0.00002 envDelta=0.00055 envFloor=0.00049 onset=0.905 thresh=0.006 onsetDelta=0.89918 baseline=0.00033 adaptive=0.00082 lastPeak=0.00011 guard=0.060 activeAge=-1.000 pitch=200.00Hz pitchCents=1535.0
2025-12-16 05:45:29 [tracker] [s4] onset t=1.985 env=0.00119 gate=0.00011 envDelta=0.00109 envFloor=0.00095 onset=0.877 thresh=0.014 onsetDelta=0.86310 baseline=0.00064 adaptive=0.00159 lastPeak=0.00000 guard=0.060 activeAge=-1.000 pitch=-1.00Hz pitchCents=0.0
2025-12-16 05:45:29 [tracker] [s2] onset t=2.012 env=0.00132 gate=0.00001 envDelta=0.00131 envFloor=0.00082 onset=1.012 thresh=0.009 onsetDelta=1.00257 baseline=0.00061 adaptive=0.00137 lastPeak=0.00068 guard=0.060 activeAge=-1.000 pitch=123.08Hz pitchCents=194.4
2025-12-16 05:45:29 [tracker] [s5] onset t=2.052 env=0.00168 gate=0.00015 envDelta=0.00153 envFloor=0.00108 onset=1.087 thresh=0.016 onsetDelta=1.07099 baseline=0.00072 adaptive=0.00180 lastPeak=0.00000 guard=0.060 activeAge=-1.000 pitch=-1.00Hz pitchCents=0.0
2025-12-16 05:45:29 [tracker] [s6] onset t=2.127 env=0.00211 gate=0.00020 envDelta=0.00191 envFloor=0.00120 onset=0.899 thresh=0.018 onsetDelta=0.88110 baseline=0.00080 adaptive=0.00200 lastPeak=0.00000 guard=0.060 activeAge=-1.000 pitch=-1.00Hz pitchCents=0.0
2025-12-16 05:45:29 [tracker] [s2] onset t=2.153 env=0.00140 gate=0.00001 envDelta=0.00140 envFloor=0.00076 onset=0.997 thresh=0.009 onsetDelta=0.98800 baseline=0.00051 adaptive=0.00127 lastPeak=0.00052 guard=0.060 activeAge=-1.000 pitch=285.72Hz pitchCents=1652.5
2025-12-16 05:45:29 [tracker] [s2] note-start t=2.153 fret=11 midi=56 vel=0.02 env=0.00140
2025-12-16 05:45:29 [tracker] [s3] onset t=2.156 env=0.00130 gate=0.00007 envDelta=0.00122 envFloor=0.00086 onset=0.927 thresh=0.012 onsetDelta=0.91505 baseline=0.00057 adaptive=0.00143 lastPeak=0.00000 guard=0.060 activeAge=-1.000 pitch=-1.00Hz pitchCents=0.0
2025-12-16 05:45:29 [tracker] [s1] aubio-raw t=2.1720 onset=1.339854 env=0.000590 peak=0.001340 gain=1.000
2025-12-16 05:45:29 [tracker] [s1] onset-accepted t=2.1720 env=0.000590 gate=0.000018 envDelta=0.000572 envFloor=0.000492 onset=1.339854 thresh=0.006000 onsetDelta=1.333854 baseline=0.000328 floor=0.000180 adapt=0.000820 lastPeak=0.000063 baseParam=0.000180 gateRatio=0.0550 envParam=0.000450 onsetScale=0.300 retriggerScale=1.400 guard=0.060 guardRemain=0.000 activeAge=-1.000 retrigRemain=0.000 pitchHz=94.11 pitchCents=229.9
2025-12-16 05:45:29 [tracker] [s1] onset t=2.172 env=0.00059 gate=0.00002 envDelta=0.00057 envFloor=0.00049 onset=1.340 thresh=0.006 onsetDelta=1.33385 baseline=0.00033 adaptive=0.00082 lastPeak=0.00006 guard=0.060 activeAge=-1.000 pitch=94.11Hz pitchCents=229.9
2025-12-16 05:45:29 [tracker] [s5] onset t=2.305 env=0.00166 gate=0.00015 envDelta=0.00151 envFloor=0.00107 onset=1.003 thresh=0.016 onsetDelta=0.98655 baseline=0.00071 adaptive=0.00178 lastPeak=0.00000 guard=0.060 activeAge=-1.000 pitch=-1.00Hz pitchCents=0.0
2025-12-16 05:45:29 [tracker] [s2] onset t=2.319 env=0.00112 gate=0.00001 envDelta=0.00111 envFloor=0.00080 onset=0.997 thresh=0.009 onsetDelta=0.98811 baseline=0.00093 adaptive=0.00134 lastPeak=0.00103 guard=0.060 activeAge=0.165 pitch=181.81Hz pitchCents=869.9
2025-12-16 05:45:29 [tracker] [s2] note-ended (new onset) t=2.319 fret=11 dur=0.165
2025-12-16 05:45:29 [tracker] [s3] onset t=2.383 env=0.00108 gate=0.00007 envDelta=0.00101 envFloor=0.00083 onset=0.998 thresh=0.012 onsetDelta=0.98639 baseline=0.00055 adaptive=0.00138 lastPeak=0.00000 guard=0.060 activeAge=-1.000 pitch=-1.00Hz pitchCents=0.0
2025-12-16 05:45:29 [tracker] [s6] onset t=2.388 env=0.00209 gate=0.00021 envDelta=0.00187 envFloor=0.00129 onset=0.966 thresh=0.018 onsetDelta=0.94797 baseline=0.00086 adaptive=0.00214 lastPeak=0.00000 guard=0.060 activeAge=-1.000 pitch=-1.00Hz pitchCents=0.0
2025-12-16 05:45:29 [tracker] [s1] aubio-raw t=2.4547 onset=1.173357 env=0.000794 peak=0.001875 gain=1.000
2025-12-16 05:45:29 [tracker] [s1] onset-accepted t=2.4547 env=0.000794 gate=0.000021 envDelta=0.000773 envFloor=0.000560 onset=1.173357 thresh=0.006000 onsetDelta=1.167356 baseline=0.000373 floor=0.000180 adapt=0.000933 lastPeak=0.000037 baseParam=0.000180 gateRatio=0.0550 envParam=0.000450 onsetScale=0.300 retriggerScale=1.400 guard=0.060 guardRemain=0.000 activeAge=-1.000 retrigRemain=0.000 pitchHz=115.93 pitchCents=590.9
2025-12-16 05:45:29 [tracker] [s1] onset t=2.455 env=0.00079 gate=0.00002 envDelta=0.00077 envFloor=0.00056 onset=1.173 thresh=0.006 onsetDelta=1.16736 baseline=0.00037 adaptive=0.00093 lastPeak=0.00004 guard=0.060 activeAge=-1.000 pitch=115.93Hz pitchCents=590.9
2025-12-16 05:45:29 [tracker] [s2] onset t=2.497 env=0.00098 gate=0.00001 envDelta=0.00097 envFloor=0.00084 onset=0.997 thresh=0.009 onsetDelta=0.98802 baseline=0.00066 adaptive=0.00140 lastPeak=0.00074 guard=0.060 activeAge=-1.000 pitch=499.91Hz pitchCents=2621.0
2025-12-16 05:45:29 [tracker] [s2] note-start t=2.497 fret=0 midi=45 vel=0.01 env=0.00098
2025-12-16 05:45:30 [tracker] [s2] onset t=2.564 env=0.00141 gate=0.00001 envDelta=0.00141 envFloor=0.00085 onset=1.163 thresh=0.009 onsetDelta=1.15416 baseline=0.00078 adaptive=0.00141 lastPeak=0.00086 guard=0.060 activeAge=0.067 pitch=347.77Hz pitchCents=1992.7
2025-12-16 05:45:30 [tracker] [s2] note-ended (new onset) t=2.564 fret=0 dur=0.067
2025-12-16 05:45:30 [tracker] [s6] onset t=2.567 env=0.00199 gate=0.00019 envDelta=0.00180 envFloor=0.00117 onset=1.004 thresh=0.018 onsetDelta=0.98576 baseline=0.00078 adaptive=0.00194 lastPeak=0.00000 guard=0.060 activeAge=-1.000 pitch=-1.00Hz pitchCents=0.0
2025-12-16 05:45:30 [tracker] [s4] onset t=2.599 env=0.00151 gate=0.00010 envDelta=0.00141 envFloor=0.00090 onset=0.942 thresh=0.014 onsetDelta=0.92842 baseline=0.00060 adaptive=0.00150 lastPeak=0.00000 guard=0.060 activeAge=-1.000 pitch=-1.00Hz pitchCents=0.0
2025-12-16 05:45:30 [tracker] [s2] onset t=2.623 env=0.00140 gate=0.00001 envDelta=0.00139 envFloor=0.00080 onset=0.990 thresh=0.009 onsetDelta=0.98082 baseline=0.00069 adaptive=0.00134 lastPeak=0.00077 guard=0.060 activeAge=-1.000 pitch=258.03Hz pitchCents=1476.1
2025-12-16 05:45:30 [tracker] [s6] onset t=2.644 env=0.00223 gate=0.00021 envDelta=0.00202 envFloor=0.00126 onset=1.029 thresh=0.018 onsetDelta=1.01059 baseline=0.00084 adaptive=0.00211 lastPeak=0.00000 guard=0.060 activeAge=-1.000 pitch=-1.00Hz pitchCents=0.0
2025-12-16 05:45:30 [tracker] [s3] onset t=2.647 env=0.00126 gate=0.00008 envDelta=0.00118 envFloor=0.00087 onset=0.952 thresh=0.012 onsetDelta=0.94027 baseline=0.00058 adaptive=0.00145 lastPeak=0.00000 guard=0.060 activeAge=-1.000 pitch=-1.00Hz pitchCents=0.0
2025-12-16 05:45:30 [tracker] [s5] onset t=2.689 env=0.00190 gate=0.00015 envDelta=0.00175 envFloor=0.00108 onset=1.055 thresh=0.016 onsetDelta=1.03932 baseline=0.00072 adaptive=0.00180 lastPeak=0.00000 guard=0.060 activeAge=-1.000 pitch=-1.00Hz pitchCents=0.0
2025-12-16 05:45:30 [tracker] [s4] onset t=2.692 env=0.00148 gate=0.00011 envDelta=0.00138 envFloor=0.00094 onset=0.951 thresh=0.014 onsetDelta=0.93679 baseline=0.00063 adaptive=0.00157 lastPeak=0.00000 guard=0.060 activeAge=-1.000 pitch=-1.00Hz pitchCents=0.0
2025-12-16 05:45:30 [tracker] [s2] onset t=2.708 env=0.00131 gate=0.00001 envDelta=0.00131 envFloor=0.00086 onset=0.862 thresh=0.009 onsetDelta=0.85312 baseline=0.00059 adaptive=0.00144 lastPeak=0.00066 guard=0.060 activeAge=-1.000 pitch=571.40Hz pitchCents=2852.4
2025-12-16 05:45:30 [tracker] [s2] onset t=2.759 env=0.00103 gate=0.00001 envDelta=0.00103 envFloor=0.00085 onset=1.004 thresh=0.009 onsetDelta=0.99509 baseline=0.00056 adaptive=0.00141 lastPeak=0.00060 guard=0.060 activeAge=-1.000 pitch=470.57Hz pitchCents=2516.3
2025-12-16 05:45:30 [tracker] [s1] aubio-raw t=2.7960 onset=0.995971 env=0.000865 peak=0.002166 gain=1.000
2025-12-16 05:45:30 [tracker] [s1] onset-accepted t=2.7960 env=0.000865 gate=0.000022 envDelta=0.000843 envFloor=0.000592 onset=0.995971 thresh=0.006000 onsetDelta=0.989971 baseline=0.000395 floor=0.000180 adapt=0.000987 lastPeak=0.000019 baseParam=0.000180 gateRatio=0.0550 envParam=0.000450 onsetScale=0.300 retriggerScale=1.400 guard=0.060 guardRemain=0.000 activeAge=-1.000 retrigRemain=0.000 pitchHz=-1.00 pitchCents=0.0
2025-12-16 05:45:30 [tracker] [s1] onset t=2.796 env=0.00087 gate=0.00002 envDelta=0.00084 envFloor=0.00059 onset=0.996 thresh=0.006 onsetDelta=0.98997 baseline=0.00039 adaptive=0.00099 lastPeak=0.00002 guard=0.060 activeAge=-1.000 pitch=-1.00Hz pitchCents=0.0
2025-12-16 05:45:30 [tracker] [s3] onset t=2.796 env=0.00135 gate=0.00008 envDelta=0.00127 envFloor=0.00091 onset=1.042 thresh=0.012 onsetDelta=1.03047 baseline=0.00060 adaptive=0.00151 lastPeak=0.00000 guard=0.060 activeAge=-1.000 pitch=-1.00Hz pitchCents=0.0
2025-12-16 05:45:30 [tracker] [s5] onset t=2.801 env=0.00175 gate=0.00015 envDelta=0.00160 envFloor=0.00110 onset=1.031 thresh=0.016 onsetDelta=1.01491 baseline=0.00073 adaptive=0.00183 lastPeak=0.00000 guard=0.060 activeAge=-1.000 pitch=-1.00Hz pitchCents=0.0
2025-12-16 05:45:30 [tracker] [s6] onset t=2.836 env=0.00190 gate=0.00020 envDelta=0.00169 envFloor=0.00123 onset=0.999 thresh=0.018 onsetDelta=0.98143 baseline=0.00082 adaptive=0.00205 lastPeak=0.00000 guard=0.060 activeAge=-1.000 pitch=-1.00Hz pitchCents=0.0
2025-12-16 05:45:30 [tracker] [s6] onset t=2.889 env=0.00182 gate=0.00020 envDelta=0.00162 envFloor=0.00120 onset=0.998 thresh=0.018 onsetDelta=0.97973 baseline=0.00080 adaptive=0.00199 lastPeak=0.00000 guard=0.060 activeAge=-1.000 pitch=-1.00Hz pitchCents=0.0
2025-12-16 05:45:30 [tracker] [s6] onset t=2.983 env=0.00209 gate=0.00020 envDelta=0.00189 envFloor=0.00119 onset=1.345 thresh=0.018 onsetDelta=1.32743 baseline=0.00079 adaptive=0.00198 lastPeak=0.00000 guard=0.060 activeAge=-1.000 pitch=-1.00Hz pitchCents=0.0
2025-12-16 05:45:30 [tracker] [s1] aubio-raw t=3.0120 onset=1.207547 env=0.000876 peak=0.002189 gain=1.000
2025-12-16 05:45:30 [tracker] [s1] onset-accepted t=3.0120 env=0.000876 gate=0.000020 envDelta=0.000856 envFloor=0.000555 onset=1.207547 thresh=0.006000 onsetDelta=1.201547 baseline=0.000370 floor=0.000180 adapt=0.000924 lastPeak=0.000013 baseParam=0.000180 gateRatio=0.0550 envParam=0.000450 onsetScale=0.300 retriggerScale=1.400 guard=0.060 guardRemain=0.000 activeAge=-1.000 retrigRemain=0.000 pitchHz=-1.00 pitchCents=0.0
2025-12-16 05:45:30 [tracker] [s1] onset t=3.012 env=0.00088 gate=0.00002 envDelta=0.00086 envFloor=0.00055 onset=1.208 thresh=0.006 onsetDelta=1.20155 baseline=0.00037 adaptive=0.00092 lastPeak=0.00001 guard=0.060 activeAge=-1.000 pitch=-1.00Hz pitchCents=0.0
2025-12-16 05:45:30 [tracker] [s5] onset t=3.055 env=0.00170 gate=0.00015 envDelta=0.00155 envFloor=0.00106 onset=0.996 thresh=0.016 onsetDelta=0.98021 baseline=0.00071 adaptive=0.00177 lastPeak=0.00000 guard=0.060 activeAge=-1.000 pitch=-1.00Hz pitchCents=0.0
2025-12-16 05:45:30 [tracker] [s4] onset t=3.116 env=0.00145 gate=0.00011 envDelta=0.00134 envFloor=0.00100 onset=1.450 thresh=0.014 onsetDelta=1.43591 baseline=0.00066 adaptive=0.00166 lastPeak=0.00000 guard=0.060 activeAge=-1.000 pitch=-1.00Hz pitchCents=0.0
2025-12-16 05:45:30 [tracker] [s5] onset t=3.153 env=0.00171 gate=0.00015 envDelta=0.00156 envFloor=0.00111 onset=1.434 thresh=0.016 onsetDelta=1.41826 baseline=0.00074 adaptive=0.00184 lastPeak=0.00000 guard=0.060 activeAge=-1.000 pitch=-1.00Hz pitchCents=0.0
2025-12-16 05:45:30 [tracker] [s6] onset t=3.183 env=0.00181 gate=0.00021 envDelta=0.00160 envFloor=0.00127 onset=0.976 thresh=0.018 onsetDelta=0.95752 baseline=0.00085 adaptive=0.00212 lastPeak=0.00000 guard=0.060 activeAge=-1.000 pitch=-1.00Hz pitchCents=0.0
2025-12-16 05:45:30 [tracker] [s1] aubio-raw t=3.2280 onset=0.998422 env=0.000920 peak=0.002527 gain=1.000
2025-12-16 05:45:30 [tracker] [s1] onset-accepted t=3.2280 env=0.000920 gate=0.000020 envDelta=0.000900 envFloor=0.000541 onset=0.998422 thresh=0.006000 onsetDelta=0.992422 baseline=0.000361 floor=0.000180 adapt=0.000902 lastPeak=0.000009 baseParam=0.000180 gateRatio=0.0550 envParam=0.000450 onsetScale=0.300 retriggerScale=1.400 guard=0.060 guardRemain=0.000 activeAge=-1.000 retrigRemain=0.000 pitchHz=-1.00 pitchCents=0.0
2025-12-16 05:45:30 [tracker] [s1] onset t=3.228 env=0.00092 gate=0.00002 envDelta=0.00090 envFloor=0.00054 onset=0.998 thresh=0.006 onsetDelta=0.99242 baseline=0.00036 adaptive=0.00090 lastPeak=0.00001 guard=0.060 activeAge=-1.000 pitch=-1.00Hz pitchCents=0.0
2025-12-16 05:45:30 [tracker] [s2] onset t=3.239 env=0.00106 gate=0.00001 envDelta=0.00106 envFloor=0.00084 onset=1.000 thresh=0.009 onsetDelta=0.99057 baseline=0.00056 adaptive=0.00140 lastPeak=0.00024 guard=0.060 activeAge=-1.000 pitch=615.57Hz pitchCents=2981.3
2025-12-16 05:45:30 [tracker] [s5] onset t=3.332 env=0.00195 gate=0.00014 envDelta=0.00181 envFloor=0.00100 onset=0.856 thresh=0.016 onsetDelta=0.83986 baseline=0.00067 adaptive=0.00167 lastPeak=0.00000 guard=0.060 activeAge=-1.000 pitch=-1.00Hz pitchCents=0.0
2025-12-16 05:45:30 [tracker] [s4] onset t=3.345 env=0.00120 gate=0.00011 envDelta=0.00110 envFloor=0.00094 onset=1.097 thresh=0.014 onsetDelta=1.08337 baseline=0.00062 adaptive=0.00156 lastPeak=0.00000 guard=0.060 activeAge=-1.000 pitch=-1.00Hz pitchCents=0.0
2025-12-16 05:45:30 [tracker] [s2] onset t=3.353 env=0.00133 gate=0.00001 envDelta=0.00133 envFloor=0.00088 onset=1.112 thresh=0.009 onsetDelta=1.10299 baseline=0.00059 adaptive=0.00146 lastPeak=0.00020 guard=0.060 activeAge=-1.000 pitch=148.14Hz pitchCents=515.4
2025-12-16 05:45:30 [tracker] [s3] onset t=3.404 env=0.00127 gate=0.00007 envDelta=0.00119 envFloor=0.00084 onset=1.044 thresh=0.012 onsetDelta=1.03289 baseline=0.00056 adaptive=0.00141 lastPeak=0.00000 guard=0.060 activeAge=-1.000 pitch=-1.00Hz pitchCents=0.0
2025-12-16 05:45:30 [tracker] [s4] onset t=3.423 env=0.00144 gate=0.00010 envDelta=0.00134 envFloor=0.00088 onset=0.641 thresh=0.014 onsetDelta=0.62700 baseline=0.00059 adaptive=0.00146 lastPeak=0.00000 guard=0.060 activeAge=-1.000 pitch=-1.00Hz pitchCents=0.0
2025-12-16 05:45:30 [tracker] [s5] onset t=3.428 env=0.00204 gate=0.00015 envDelta=0.00189 envFloor=0.00109 onset=0.967 thresh=0.016 onsetDelta=0.95088 baseline=0.00073 adaptive=0.00182 lastPeak=0.00000 guard=0.060 activeAge=-1.000 pitch=-1.00Hz pitchCents=0.0
2025-12-16 05:45:30 [tracker] [s1] aubio-raw t=3.4467 onset=1.014010 env=0.000555 peak=0.001477 gain=1.000
2025-12-16 05:45:30 [tracker] [s1] onset-accepted t=3.4467 env=0.000555 gate=0.000020 envDelta=0.000535 envFloor=0.000536 onset=1.014010 thresh=0.006000 onsetDelta=1.008010 baseline=0.000357 floor=0.000180 adapt=0.000893 lastPeak=0.000006 baseParam=0.000180 gateRatio=0.0550 envParam=0.000450 onsetScale=0.300 retriggerScale=1.400 guard=0.060 guardRemain=0.000 activeAge=-1.000 retrigRemain=0.000 pitchHz=112.68 pitchCents=541.6
2025-12-16 05:45:30 [tracker] [s1] onset t=3.447 env=0.00055 gate=0.00002 envDelta=0.00054 envFloor=0.00054 onset=1.014 thresh=0.006 onsetDelta=1.00801 baseline=0.00036 adaptive=0.00089 lastPeak=0.00001 guard=0.060 activeAge=-1.000 pitch=112.68Hz pitchCents=541.6
2025-12-16 05:45:30 [tracker] [s2] onset t=3.452 env=0.00114 gate=0.00001 envDelta=0.00114 envFloor=0.00081 onset=0.957 thresh=0.009 onsetDelta=0.94809 baseline=0.00054 adaptive=0.00135 lastPeak=0.00016 guard=0.060 activeAge=-1.000 pitch=363.64Hz pitchCents=2070.0
2025-12-16 05:45:31 [tracker] [s6] onset t=3.540 env=0.00198 gate=0.00021 envDelta=0.00178 envFloor=0.00126 onset=0.751 thresh=0.018 onsetDelta=0.73310 baseline=0.00084 adaptive=0.00210 lastPeak=0.00000 guard=0.060 activeAge=-1.000 pitch=-1.00Hz pitchCents=0.0
2025-12-16 05:45:31 [tracker] [s3] onset t=3.583 env=0.00127 gate=0.00007 envDelta=0.00120 envFloor=0.00084 onset=0.996 thresh=0.012 onsetDelta=0.98460 baseline=0.00056 adaptive=0.00141 lastPeak=0.00000 guard=0.060 activeAge=-1.000 pitch=-1.00Hz pitchCents=0.0
2025-12-16 05:45:31 [tracker] [s2] onset t=3.676 env=0.00130 gate=0.00001 envDelta=0.00129 envFloor=0.00078 onset=0.618 thresh=0.009 onsetDelta=0.60889 baseline=0.00067 adaptive=0.00131 lastPeak=0.00075 guard=0.060 activeAge=0.224 pitch=195.13Hz pitchCents=992.3
2025-12-16 05:45:31 [tracker] [s2] note-ended (new onset) t=3.676 fret=18 dur=0.224
2025-12-16 05:45:31 [tracker] [s4] onset t=3.692 env=0.00161 gate=0.00010 envDelta=0.00151 envFloor=0.00089 onset=0.885 thresh=0.014 onsetDelta=0.87109 baseline=0.00059 adaptive=0.00149 lastPeak=0.00000 guard=0.060 activeAge=-1.000 pitch=-1.00Hz pitchCents=0.0
2025-12-16 05:45:31 [tracker] [s5] onset t=3.785 env=0.00168 gate=0.00015 envDelta=0.00154 envFloor=0.00104 onset=1.215 thresh=0.016 onsetDelta=1.19892 baseline=0.00069 adaptive=0.00173 lastPeak=0.00000 guard=0.060 activeAge=-1.000 pitch=-1.00Hz pitchCents=0.0
2025-12-16 05:45:31 [tracker] [s3] onset t=3.815 env=0.00129 gate=0.00007 envDelta=0.00122 envFloor=0.00085 onset=0.985 thresh=0.012 onsetDelta=0.97345 baseline=0.00056 adaptive=0.00141 lastPeak=0.00000 guard=0.060 activeAge=-1.000 pitch=-1.00Hz pitchCents=0.0
2025-12-16 05:45:31 [tracker] [s3] onset t=3.881 env=0.00171 gate=0.00008 envDelta=0.00163 envFloor=0.00087 onset=0.998 thresh=0.012 onsetDelta=0.98595 baseline=0.00058 adaptive=0.00145 lastPeak=0.00000 guard=0.060 activeAge=-1.000 pitch=-1.00Hz pitchCents=0.0
2025-12-16 05:45:31 [tracker] [s5] onset t=3.961 env=0.00176 gate=0.00015 envDelta=0.00162 envFloor=0.00105 onset=0.999 thresh=0.016 onsetDelta=0.98284 baseline=0.00070 adaptive=0.00174 lastPeak=0.00000 guard=0.060 activeAge=-1.000 pitch=-1.00Hz pitchCents=0.0
2025-12-16 05:45:31 [tracker] [s6] onset t=3.967 env=0.00175 gate=0.00021 envDelta=0.00154 envFloor=0.00125 onset=0.788 thresh=0.018 onsetDelta=0.77034 baseline=0.00083 adaptive=0.00208 lastPeak=0.00000 guard=0.060 activeAge=-1.000 pitch=-1.00Hz pitchCents=0.0
2025-12-16 05:45:31 [tracker] [s3] onset t=3.977 env=0.00110 gate=0.00007 envDelta=0.00103 envFloor=0.00085 onset=0.799 thresh=0.012 onsetDelta=0.78746 baseline=0.00057 adaptive=0.00142 lastPeak=0.00000 guard=0.060 activeAge=-1.000 pitch=-1.00Hz pitchCents=0.0
2025-12-16 05:45:31 [tracker] [s4] onset t=4.092 env=0.00174 gate=0.00010 envDelta=0.00164 envFloor=0.00092 onset=0.854 thresh=0.014 onsetDelta=0.83956 baseline=0.00061 adaptive=0.00153 lastPeak=0.00000 guard=0.060 activeAge=-1.000 pitch=-1.00Hz pitchCents=0.0
2025-12-16 05:45:31 [tracker] [s1] aubio-raw t=4.1534 onset=1.393400 env=0.000505 peak=0.001239 gain=1.000
2025-12-16 05:45:31 [tracker] [s1] onset-below-env-floor t=4.1534 env=0.000505 gate=0.000019 envDelta=0.000486 envFloor=0.000509 onset=1.393400 thresh=0.006000 onsetDelta=1.387400 baseline=0.000339 floor=0.000180 adapt=0.000849 lastPeak=0.000002 baseParam=0.000180 gateRatio=0.0550 envParam=0.000450 onsetScale=0.300 retriggerScale=1.400 guard=0.060 guardRemain=0.000 activeAge=-1.000 retrigRemain=0.000 pitchHz=98.76 pitchCents=313.5
2025-12-16 05:45:31 [tracker] [s3] onset t=4.183 env=0.00143 gate=0.00007 envDelta=0.00135 envFloor=0.00084 onset=0.996 thresh=0.012 onsetDelta=0.98465 baseline=0.00056 adaptive=0.00141 lastPeak=0.00000 guard=0.060 activeAge=-1.000 pitch=-1.00Hz pitchCents=0.0
2025-12-16 05:45:31 [tracker] [s4] onset t=4.236 env=0.00147 gate=0.00010 envDelta=0.00137 envFloor=0.00091 onset=1.243 thresh=0.014 onsetDelta=1.22912 baseline=0.00060 adaptive=0.00151 lastPeak=0.00000 guard=0.060 activeAge=-1.000 pitch=-1.00Hz pitchCents=0.0
2025-12-16 05:45:31 [tracker] [s6] onset t=4.305 env=0.00178 gate=0.00021 envDelta=0.00157 envFloor=0.00127 onset=1.324 thresh=0.018 onsetDelta=1.30555 baseline=0.00085 adaptive=0.00212 lastPeak=0.00000 guard=0.060 activeAge=-1.000 pitch=-1.00Hz pitchCents=0.0
2025-12-16 05:45:31 [tracker] [s4] onset t=4.308 env=0.00119 gate=0.00010 envDelta=0.00109 envFloor=0.00091 onset=1.242 thresh=0.014 onsetDelta=1.22825 baseline=0.00061 adaptive=0.00152 lastPeak=0.00000 guard=0.060 activeAge=-1.000 pitch=-1.00Hz pitchCents=0.0
2025-12-16 05:45:31 [tracker] [s1] aubio-raw t=4.3240 onset=1.079475 env=0.001076 peak=0.002492 gain=1.000
2025-12-16 05:45:31 [tracker] [s1] onset-accepted t=4.3240 env=0.001076 gate=0.000020 envDelta=0.001057 envFloor=0.000532 onset=1.079475 thresh=0.006000 onsetDelta=1.073475 baseline=0.000355 floor=0.000180 adapt=0.000887 lastPeak=0.000001 baseParam=0.000180 gateRatio=0.0550 envParam=0.000450 onsetScale=0.300 retriggerScale=1.400 guard=0.060 guardRemain=0.000 activeAge=-1.000 retrigRemain=0.000 pitchHz=296.31 pitchCents=2215.6
2025-12-16 05:45:31 [tracker] [s1] onset t=4.324 env=0.00108 gate=0.00002 envDelta=0.00106 envFloor=0.00053 onset=1.079 thresh=0.006 onsetDelta=1.07348 baseline=0.00035 adaptive=0.00089 lastPeak=0.00000 guard=0.060 activeAge=-1.000 pitch=296.31Hz pitchCents=2215.6
2025-12-16 05:45:31 [tracker] [s2] onset t=4.332 env=0.00107 gate=0.00001 envDelta=0.00107 envFloor=0.00078 onset=0.923 thresh=0.009 onsetDelta=0.91449 baseline=0.00052 adaptive=0.00130 lastPeak=0.00022 guard=0.060 activeAge=-1.000 pitch=126.98Hz pitchCents=248.5
2025-12-16 05:45:31 [tracker] [s2] onset t=4.492 env=0.00085 gate=0.00001 envDelta=0.00084 envFloor=0.00075 onset=0.990 thresh=0.009 onsetDelta=0.98105 baseline=0.00072 adaptive=0.00125 lastPeak=0.00079 guard=0.060 activeAge=0.160 pitch=181.79Hz pitchCents=869.8
2025-12-16 05:45:31 [tracker] [s2] note-ended (new onset) t=4.492 fret=2 dur=0.160
2025-12-16 05:45:31 [tracker] [s3] onset t=4.503 env=0.00112 gate=0.00007 envDelta=0.00105 envFloor=0.00078 onset=1.017 thresh=0.012 onsetDelta=1.00549 baseline=0.00052 adaptive=0.00130 lastPeak=0.00000 guard=0.060 activeAge=-1.000 pitch=-1.00Hz pitchCents=0.0
2025-12-16 05:45:32 [tracker] [s4] onset t=4.524 env=0.00139 gate=0.00010 envDelta=0.00129 envFloor=0.00089 onset=1.077 thresh=0.014 onsetDelta=1.06291 baseline=0.00059 adaptive=0.00148 lastPeak=0.00000 guard=0.060 activeAge=-1.000 pitch=-1.00Hz pitchCents=0.0
2025-12-16 05:45:32 [tracker] [s5] onset t=4.548 env=0.00149 gate=0.00014 envDelta=0.00134 envFloor=0.00103 onset=0.762 thresh=0.016 onsetDelta=0.74565 baseline=0.00069 adaptive=0.00172 lastPeak=0.00000 guard=0.060 activeAge=-1.000 pitch=-1.00Hz pitchCents=0.0
2025-12-16 05:45:32 [tracker] [s1] aubio-raw t=4.6253 onset=1.078286 env=0.000809 peak=0.002098 gain=1.000
2025-12-16 05:45:32 [tracker] [s1] onset-accepted t=4.6253 env=0.000809 gate=0.000019 envDelta=0.000789 envFloor=0.000530 onset=1.078286 thresh=0.006000 onsetDelta=1.072286 baseline=0.000354 floor=0.000180 adapt=0.000884 lastPeak=0.000001 baseParam=0.000180 gateRatio=0.0550 envParam=0.000450 onsetScale=0.300 retriggerScale=1.400 guard=0.060 guardRemain=0.000 activeAge=-1.000 retrigRemain=0.000 pitchHz=109.59 pitchCents=493.5
2025-12-16 05:45:32 [tracker] [s1] onset t=4.625 env=0.00081 gate=0.00002 envDelta=0.00079 envFloor=0.00053 onset=1.078 thresh=0.006 onsetDelta=1.07229 baseline=0.00035 adaptive=0.00088 lastPeak=0.00000 guard=0.060 activeAge=-1.000 pitch=109.59Hz pitchCents=493.5
2025-12-16 05:45:32 [tracker] [s3] onset t=4.681 env=0.00160 gate=0.00008 envDelta=0.00152 envFloor=0.00090 onset=0.956 thresh=0.012 onsetDelta=0.94463 baseline=0.00060 adaptive=0.00150 lastPeak=0.00000 guard=0.060 activeAge=-1.000 pitch=-1.00Hz pitchCents=0.0
2025-12-16 05:45:32 [tracker] [s5] onset t=4.700 env=0.00175 gate=0.00016 envDelta=0.00159 envFloor=0.00111 onset=1.008 thresh=0.016 onsetDelta=0.99202 baseline=0.00074 adaptive=0.00185 lastPeak=0.00000 guard=0.060 activeAge=-1.000 pitch=-1.00Hz pitchCents=0.0
2025-12-16 05:45:32 [tracker] [s6] onset t=4.721 env=0.00164 gate=0.00021 envDelta=0.00143 envFloor=0.00123 onset=0.997 thresh=0.018 onsetDelta=0.97896 baseline=0.00082 adaptive=0.00206 lastPeak=0.00000 guard=0.060 activeAge=-1.000 pitch=-1.00Hz pitchCents=0.0
2025-12-16 05:45:32 [tracker] [s1] aubio-raw t=4.7613 onset=0.997420 env=0.000529 peak=0.001350 gain=1.000
2025-12-16 05:45:32 [tracker] [s1] onset-accepted t=4.7613 env=0.000529 gate=0.000019 envDelta=0.000511 envFloor=0.000512 onset=0.997420 thresh=0.006000 onsetDelta=0.991420 baseline=0.000342 floor=0.000180 adapt=0.000854 lastPeak=0.000000 baseParam=0.000180 gateRatio=0.0550 envParam=0.000450 onsetScale=0.300 retriggerScale=1.400 guard=0.060 guardRemain=0.000 activeAge=-1.000 retrigRemain=0.000 pitchHz=135.59 pitchCents=862.1
2025-12-16 05:45:32 [tracker] [s1] onset t=4.761 env=0.00053 gate=0.00002 envDelta=0.00051 envFloor=0.00051 onset=0.997 thresh=0.006 onsetDelta=0.99142 baseline=0.00034 adaptive=0.00085 lastPeak=0.00000 guard=0.060 activeAge=-1.000 pitch=135.59Hz pitchCents=862.1
2025-12-16 05:45:32 [tracker] [s1] note-start t=4.761 fret=9 midi=49 vel=0.01 env=0.00053
2025-12-16 05:45:32 [tracker] [s4] onset t=4.900 env=0.00174 gate=0.00011 envDelta=0.00164 envFloor=0.00094 onset=0.715 thresh=0.014 onsetDelta=0.70063 baseline=0.00063 adaptive=0.00157 lastPeak=0.00000 guard=0.060 activeAge=-1.000 pitch=-1.00Hz pitchCents=0.0
2025-12-16 05:45:32 [tracker] [s5] onset t=4.905 env=0.00153 gate=0.00014 envDelta=0.00139 envFloor=0.00102 onset=1.149 thresh=0.016 onsetDelta=1.13301 baseline=0.00068 adaptive=0.00170 lastPeak=0.00000 guard=0.060 activeAge=-1.000 pitch=-1.00Hz pitchCents=0.0
2025-12-16 05:45:32 [tracker] [s1] aubio-raw t=5.0573 onset=0.998351 env=0.000662 peak=0.001602 gain=1.000
2025-12-16 05:45:32 [tracker] [s1] onset-accepted t=5.0573 env=0.000662 gate=0.000019 envDelta=0.000643 envFloor=0.000515 onset=0.998351 thresh=0.006000 onsetDelta=0.992351 baseline=0.000343 floor=0.000180 adapt=0.000859 lastPeak=0.000304 baseParam=0.000180 gateRatio=0.0550 envParam=0.000450 onsetScale=0.300 retriggerScale=1.400 guard=0.060 guardRemain=0.000 activeAge=0.296 retrigRemain=0.000 pitchHz=96.38 pitchCents=271.2
2025-12-16 05:45:32 [tracker] [s1] note-ended (new onset) t=5.057 fret=9 dur=0.296
2025-12-16 05:45:32 [tracker] [s2] onset t=5.103 env=0.00123 gate=0.00001 envDelta=0.00122 envFloor=0.00076 onset=0.999 thresh=0.009 onsetDelta=0.99004 baseline=0.00050 adaptive=0.00126 lastPeak=0.00025 guard=0.060 activeAge=-1.000 pitch=131.14Hz pitchCents=304.4
2025-12-16 05:45:32 [tracker] [s5] onset t=5.169 env=0.00149 gate=0.00014 envDelta=0.00135 envFloor=0.00102 onset=0.995 thresh=0.016 onsetDelta=0.97911 baseline=0.00068 adaptive=0.00170 lastPeak=0.00000 guard=0.060 activeAge=-1.000 pitch=-1.00Hz pitchCents=0.0
2025-12-16 05:45:32 [tracker] [s1] aubio-raw t=5.2413 onset=1.057505 env=0.000691 peak=0.002264 gain=1.000
2025-12-16 05:45:32 [tracker] [s1] onset-accepted t=5.2413 env=0.000691 gate=0.000017 envDelta=0.000674 envFloor=0.000473 onset=1.057505 thresh=0.006000 onsetDelta=1.051505 baseline=0.000315 floor=0.000180 adapt=0.000788 lastPeak=0.000215 baseParam=0.000180 gateRatio=0.0550 envParam=0.000450 onsetScale=0.300 retriggerScale=1.400 guard=0.060 guardRemain=0.000 activeAge=-1.000 retrigRemain=0.000 pitchHz=111.11 pitchCents=517.3
2025-12-16 05:45:32 [tracker] [s1] onset t=5.241 env=0.00069 gate=0.00002 envDelta=0.00067 envFloor=0.00047 onset=1.058 thresh=0.006 onsetDelta=1.05151 baseline=0.00032 adaptive=0.00079 lastPeak=0.00021 guard=0.060 activeAge=-1.000 pitch=111.11Hz pitchCents=517.3
2025-12-16 05:45:32 [tracker] [s1] note-start t=5.241 fret=17 midi=57 vel=0.01 env=0.00069
2025-12-16 05:45:32 [tracker] [s5] onset t=5.364 env=0.00170 gate=0.00015 envDelta=0.00155 envFloor=0.00108 onset=0.783 thresh=0.016 onsetDelta=0.76673 baseline=0.00072 adaptive=0.00180 lastPeak=0.00000 guard=0.060 activeAge=-1.000 pitch=-1.00Hz pitchCents=0.0
2025-12-16 05:45:32 [tracker] [s1] aubio-raw t=5.3933 onset=0.902413 env=0.000692 peak=0.001841 gain=1.000
2025-12-16 05:45:32 [tracker] [s1] onset-accepted t=5.3933 env=0.000692 gate=0.000026 envDelta=0.000667 envFloor=0.000518 onset=0.902413 thresh=0.006000 onsetDelta=0.896413 baseline=0.000467 floor=0.000180 adapt=0.000863 lastPeak=0.000519 baseParam=0.000180 gateRatio=0.0550 envParam=0.000450 onsetScale=0.300 retriggerScale=1.400 guard=0.060 guardRemain=0.000 activeAge=0.152 retrigRemain=0.068 pitchHz=126.99 pitchCents=748.6
2025-12-16 05:45:32 [tracker] [s1] onset t=5.393 env=0.00069 gate=0.00003 envDelta=0.00067 envFloor=0.00052 onset=0.902 thresh=0.006 onsetDelta=0.89641 baseline=0.00047 adaptive=0.00086 lastPeak=0.00052 guard=0.060 activeAge=0.152 pitch=126.99Hz pitchCents=748.6
2025-12-16 05:45:33 [tracker] [s2] onset t=5.545 env=0.00134 gate=0.00001 envDelta=0.00134 envFloor=0.00082 onset=0.997 thresh=0.009 onsetDelta=0.98833 baseline=0.00054 adaptive=0.00136 lastPeak=0.00011 guard=0.060 activeAge=-1.000 pitch=199.98Hz pitchCents=1034.8
2025-12-16 05:45:33 [tracker] [s4] onset t=5.551 env=0.00106 gate=0.00010 envDelta=0.00096 envFloor=0.00089 onset=1.031 thresh=0.014 onsetDelta=1.01712 baseline=0.00059 adaptive=0.00149 lastPeak=0.00000 guard=0.060 activeAge=-1.000 pitch=-1.00Hz pitchCents=0.0
2025-12-16 05:45:33 [tracker] [s5] onset t=5.556 env=0.00198 gate=0.00014 envDelta=0.00184 envFloor=0.00103 onset=1.196 thresh=0.016 onsetDelta=1.17982 baseline=0.00069 adaptive=0.00172 lastPeak=0.00000 guard=0.060 activeAge=-1.000 pitch=-1.00Hz pitchCents=0.0
2025-12-16 05:45:33 [tracker] [s3] onset t=5.596 env=0.00098 gate=0.00007 envDelta=0.00091 envFloor=0.00079 onset=0.841 thresh=0.012 onsetDelta=0.82952 baseline=0.00052 adaptive=0.00131 lastPeak=0.00000 guard=0.060 activeAge=-1.000 pitch=-1.00Hz pitchCents=0.0
2025-12-16 05:45:33 [tracker] [s1] aubio-raw t=5.6599 onset=1.166823 env=0.000694 peak=0.001716 gain=1.000
2025-12-16 05:45:33 [tracker] [s1] onset-accepted t=5.6599 env=0.000694 gate=0.000019 envDelta=0.000676 envFloor=0.000512 onset=1.166823 thresh=0.006000 onsetDelta=1.160823 baseline=0.000341 floor=0.000180 adapt=0.000853 lastPeak=0.000315 baseParam=0.000180 gateRatio=0.0550 envParam=0.000450 onsetScale=0.300 retriggerScale=1.400 guard=0.060 guardRemain=0.000 activeAge=-1.000 retrigRemain=0.000 pitchHz=-1.00 pitchCents=0.0
2025-12-16 05:45:33 [tracker] [s1] onset t=5.660 env=0.00069 gate=0.00002 envDelta=0.00068 envFloor=0.00051 onset=1.167 thresh=0.006 onsetDelta=1.16082 baseline=0.00034 adaptive=0.00085 lastPeak=0.00031 guard=0.060 activeAge=-1.000 pitch=-1.00Hz pitchCents=0.0
2025-12-16 05:45:33 [tracker] [s5] onset t=5.681 env=0.00170 gate=0.00014 envDelta=0.00156 envFloor=0.00100 onset=0.995 thresh=0.016 onsetDelta=0.97874 baseline=0.00067 adaptive=0.00167 lastPeak=0.00000 guard=0.060 activeAge=-1.000 pitch=-1.00Hz pitchCents=0.0
2025-12-16 05:45:33 [tracker] [s6] onset t=5.865 env=0.00167 gate=0.00021 envDelta=0.00146 envFloor=0.00123 onset=1.001 thresh=0.018 onsetDelta=0.98305 baseline=0.00082 adaptive=0.00205 lastPeak=0.00000 guard=0.060 activeAge=-1.000 pitch=-1.00Hz pitchCents=0.0
2025-12-16 05:45:33 [tracker] [s4] onset t=5.884 env=0.00113 gate=0.00010 envDelta=0.00103 envFloor=0.00087 onset=1.081 thresh=0.014 onsetDelta=1.06710 baseline=0.00058 adaptive=0.00145 lastPeak=0.00000 guard=0.060 activeAge=-1.000 pitch=-1.00Hz pitchCents=0.0
2025-12-16 05:45:33 [tracker] [s1] aubio-raw t=5.9186 onset=1.116525 env=0.000843 peak=0.002354 gain=1.000
2025-12-16 05:45:33 [tracker] [s1] onset-accepted t=5.9186 env=0.000843 gate=0.000019 envDelta=0.000824 envFloor=0.000513 onset=1.116525 thresh=0.006000 onsetDelta=1.110525 baseline=0.000342 floor=0.000180 adapt=0.000855 lastPeak=0.000193 baseParam=0.000180 gateRatio=0.0550 envParam=0.000450 onsetScale=0.300 retriggerScale=1.400 guard=0.060 guardRemain=0.000 activeAge=-1.000 retrigRemain=0.000 pitchHz=153.85 pitchCents=1080.8
2025-12-16 05:45:33 [tracker] [s1] onset t=5.919 env=0.00084 gate=0.00002 envDelta=0.00082 envFloor=0.00051 onset=1.117 thresh=0.006 onsetDelta=1.11052 baseline=0.00034 adaptive=0.00085 lastPeak=0.00019 guard=0.060 activeAge=-1.000 pitch=153.85Hz pitchCents=1080.8
2025-12-16 05:45:33 [tracker] [s1] note-start t=5.919 fret=14 midi=54 vel=0.01 env=0.00084
2025-12-16 05:45:33 [tracker] [s5] onset t=6.060 env=0.00179 gate=0.00015 envDelta=0.00164 envFloor=0.00107 onset=0.694 thresh=0.016 onsetDelta=0.67761 baseline=0.00071 adaptive=0.00178 lastPeak=0.00000 guard=0.060 activeAge=-1.000 pitch=-1.00Hz pitchCents=0.0
2025-12-16 05:45:33 [tracker] [s4] onset t=6.105 env=0.00133 gate=0.00010 envDelta=0.00123 envFloor=0.00090 onset=1.078 thresh=0.014 onsetDelta=1.06390 baseline=0.00060 adaptive=0.00150 lastPeak=0.00000 guard=0.060 activeAge=-1.000 pitch=-1.00Hz pitchCents=0.0
2025-12-16 05:45:33 [tracker] [s2] onset t=6.164 env=0.00150 gate=0.00001 envDelta=0.00150 envFloor=0.00086 onset=0.998 thresh=0.009 onsetDelta=0.98871 baseline=0.00057 adaptive=0.00143 lastPeak=0.00003 guard=0.060 activeAge=-1.000 pitch=153.84Hz pitchCents=580.7
2025-12-16 05:45:33 [tracker] [s6] onset t=6.169 env=0.00194 gate=0.00022 envDelta=0.00172 envFloor=0.00132 onset=0.634 thresh=0.018 onsetDelta=0.61635 baseline=0.00088 adaptive=0.00220 lastPeak=0.00000 guard=0.060 activeAge=-1.000 pitch=-1.00Hz pitchCents=0.0
2025-12-16 05:45:33 [tracker] [s4] onset t=6.239 env=0.00136 gate=0.00011 envDelta=0.00126 envFloor=0.00093 onset=0.935 thresh=0.014 onsetDelta=0.92149 baseline=0.00062 adaptive=0.00155 lastPeak=0.00000 guard=0.060 activeAge=-1.000 pitch=-1.00Hz pitchCents=0.0
2025-12-16 05:45:33 [tracker] [s3] onset t=6.241 env=0.00116 gate=0.00007 envDelta=0.00108 envFloor=0.00084 onset=1.204 thresh=0.012 onsetDelta=1.19235 baseline=0.00056 adaptive=0.00140 lastPeak=0.00000 guard=0.060 activeAge=-1.000 pitch=-1.00Hz pitchCents=0.0
2025-12-16 05:45:33 [tracker] [s1] aubio-raw t=6.2705 onset=0.997136 env=0.000574 peak=0.001626 gain=1.000
2025-12-16 05:45:33 [tracker] [s1] onset-accepted t=6.2705 env=0.000574 gate=0.000022 envDelta=0.000552 envFloor=0.000516 onset=0.997136 thresh=0.006000 onsetDelta=0.991136 baseline=0.000391 floor=0.000180 adapt=0.000860 lastPeak=0.000435 baseParam=0.000180 gateRatio=0.0550 envParam=0.000450 onsetScale=0.300 retriggerScale=1.400 guard=0.060 guardRemain=0.000 activeAge=0.352 retrigRemain=0.000 pitchHz=275.86 pitchCents=2091.7
2025-12-16 05:45:33 [tracker] [s1] onset t=6.271 env=0.00057 gate=0.00002 envDelta=0.00055 envFloor=0.00052 onset=0.997 thresh=0.006 onsetDelta=0.99114 baseline=0.00039 adaptive=0.00086 lastPeak=0.00043 guard=0.060 activeAge=0.352 pitch=275.86Hz pitchCents=2091.7
2025-12-16 05:45:33 [tracker] [s1] note-ended (new onset) t=6.271 fret=14 dur=0.352
2025-12-16 05:45:33 [tracker] [s1] note-start t=6.271 fret=21 midi=61 vel=0.01 env=0.00057
2025-12-16 05:45:33 [tracker] [s5] onset t=6.300 env=0.00152 gate=0.00014 envDelta=0.00138 envFloor=0.00098 onset=0.914 thresh=0.016 onsetDelta=0.89757 baseline=0.00065 adaptive=0.00163 lastPeak=0.00000 guard=0.060 activeAge=-1.000 pitch=-1.00Hz pitchCents=0.0
2025-12-16 05:45:33 [tracker] [s5] onset t=6.415 env=0.00181 gate=0.00014 envDelta=0.00166 envFloor=0.00103 onset=0.806 thresh=0.016 onsetDelta=0.78998 baseline=0.00069 adaptive=0.00172 lastPeak=0.00000 guard=0.060 activeAge=-1.000 pitch=-1.00Hz pitchCents=0.0
2025-12-16 05:45:33 [tracker] [s1] aubio-raw t=6.4199 onset=1.020403 env=0.000634 peak=0.001721 gain=1.000
2025-12-16 05:45:33 [tracker] [s1] onset-accepted t=6.4199 env=0.000634 gate=0.000021 envDelta=0.000613 envFloor=0.000496 onset=1.020403 thresh=0.006000 onsetDelta=1.014403 baseline=0.000390 floor=0.000180 adapt=0.000827 lastPeak=0.000433 baseParam=0.000180 gateRatio=0.0550 envParam=0.000450 onsetScale=0.300 retriggerScale=1.400 guard=0.060 guardRemain=0.000 activeAge=0.149 retrigRemain=0.071 pitchHz=177.78 pitchCents=1331.1
2025-12-16 05:45:33 [tracker] [s1] onset t=6.420 env=0.00063 gate=0.00002 envDelta=0.00061 envFloor=0.00050 onset=1.020 thresh=0.006 onsetDelta=1.01440 baseline=0.00039 adaptive=0.00083 lastPeak=0.00043 guard=0.060 activeAge=0.149 pitch=177.78Hz pitchCents=1331.1
2025-12-16 05:45:33 [tracker] [s1] note-ended (new onset) t=6.420 fret=21 dur=0.149
2025-12-16 05:45:33 [tracker] [s1] note-start t=6.420 fret=4 midi=44 vel=0.01 env=0.00063
2025-12-16 05:45:33 [tracker] [s2] onset t=6.465 env=0.00087 gate=0.00001 envDelta=0.00087 envFloor=0.00077 onset=1.104 thresh=0.009 onsetDelta=1.09513 baseline=0.00051 adaptive=0.00128 lastPeak=0.00002 guard=0.060 activeAge=-1.000 pitch=96.38Hz pitchCents=-228.8
2025-12-16 05:45:34 [tracker] [s3] onset t=6.535 env=0.00104 gate=0.00007 envDelta=0.00097 envFloor=0.00085 onset=0.804 thresh=0.012 onsetDelta=0.79280 baseline=0.00056 adaptive=0.00141 lastPeak=0.00000 guard=0.060 activeAge=-1.000 pitch=-1.00Hz pitchCents=0.0
2025-12-16 05:45:34 [tracker] [s5] onset t=6.599 env=0.00153 gate=0.00015 envDelta=0.00139 envFloor=0.00105 onset=0.881 thresh=0.016 onsetDelta=0.86462 baseline=0.00070 adaptive=0.00175 lastPeak=0.00000 guard=0.060 activeAge=-1.000 pitch=-1.00Hz pitchCents=0.0
2025-12-16 05:45:34 [tracker] [s4] onset t=6.617 env=0.00137 gate=0.00011 envDelta=0.00126 envFloor=0.00094 onset=1.401 thresh=0.014 onsetDelta=1.38672 baseline=0.00063 adaptive=0.00157 lastPeak=0.00000 guard=0.060 activeAge=-1.000 pitch=-1.00Hz pitchCents=0.0
2025-12-16 05:45:34 [tracker] [s2] onset t=6.673 env=0.00111 gate=0.00000 envDelta=0.00110 envFloor=0.00074 onset=1.021 thresh=0.009 onsetDelta=1.01188 baseline=0.00049 adaptive=0.00123 lastPeak=0.00001 guard=0.060 activeAge=-1.000 pitch=285.70Hz pitchCents=1652.4
2025-12-16 05:45:34 [tracker] [s2] note-start t=6.673 fret=17 midi=62 vel=0.01 env=0.00111
2025-12-16 05:45:34 [tracker] [s5] onset t=6.756 env=0.00174 gate=0.00014 envDelta=0.00160 envFloor=0.00100 onset=1.066 thresh=0.016 onsetDelta=1.04994 baseline=0.00067 adaptive=0.00167 lastPeak=0.00000 guard=0.060 activeAge=-1.000 pitch=-1.00Hz pitchCents=0.0
2025-12-16 05:45:34 [tracker] [s1] aubio-raw t=6.8252 onset=0.670177 env=0.000843 peak=0.002434 gain=1.000
2025-12-16 05:45:34 [tracker] [s1] onset-accepted t=6.8252 env=0.000843 gate=0.000019 envDelta=0.000824 envFloor=0.000517 onset=0.670177 thresh=0.006000 onsetDelta=0.664177 baseline=0.000344 floor=0.000180 adapt=0.000861 lastPeak=0.000296 baseParam=0.000180 gateRatio=0.0550 envParam=0.000450 onsetScale=0.300 retriggerScale=1.400 guard=0.060 guardRemain=0.000 activeAge=0.405 retrigRemain=0.000 pitchHz=-1.00 pitchCents=0.0
2025-12-16 05:45:34 [tracker] [s1] onset t=6.825 env=0.00084 gate=0.00002 envDelta=0.00082 envFloor=0.00052 onset=0.670 thresh=0.006 onsetDelta=0.66418 baseline=0.00034 adaptive=0.00086 lastPeak=0.00030 guard=0.060 activeAge=0.405 pitch=-1.00Hz pitchCents=0.0
2025-12-16 05:45:34 [tracker] [s1] note-ended (new onset) t=6.825 fret=4 dur=0.405
2025-12-16 05:45:34 [tracker] [s5] onset t=6.863 env=0.00190 gate=0.00015 envDelta=0.00175 envFloor=0.00105 onset=0.855 thresh=0.016 onsetDelta=0.83927 baseline=0.00070 adaptive=0.00176 lastPeak=0.00000 guard=0.060 activeAge=-1.000 pitch=-1.00Hz pitchCents=0.0
2025-12-16 05:45:34 [tracker] [s4] onset t=6.887 env=0.00118 gate=0.00011 envDelta=0.00107 envFloor=0.00096 onset=0.973 thresh=0.014 onsetDelta=0.95912 baseline=0.00064 adaptive=0.00159 lastPeak=0.00000 guard=0.060 activeAge=-1.000 pitch=-1.00Hz pitchCents=0.0
2025-12-16 05:45:34 [tracker] [s3] onset t=6.895 env=0.00126 gate=0.00008 envDelta=0.00119 envFloor=0.00088 onset=0.997 thresh=0.012 onsetDelta=0.98535 baseline=0.00058 adaptive=0.00146 lastPeak=0.00000 guard=0.060 activeAge=-1.000 pitch=-1.00Hz pitchCents=0.0
2025-12-16 05:45:34 [tracker] [s2] onset t=6.969 env=0.00093 gate=0.00001 envDelta=0.00093 envFloor=0.00078 onset=1.102 thresh=0.009 onsetDelta=1.09343 baseline=0.00057 adaptive=0.00130 lastPeak=0.00063 guard=0.060 activeAge=0.296 pitch=-1.00Hz pitchCents=0.0
2025-12-16 05:45:34 [tracker] [s2] note-ended (new onset) t=6.969 fret=17 dur=0.296
2025-12-16 05:45:34 [tracker] [s6] onset t=6.990 env=0.00175 gate=0.00021 envDelta=0.00155 envFloor=0.00124 onset=0.724 thresh=0.018 onsetDelta=0.70608 baseline=0.00083 adaptive=0.00207 lastPeak=0.00000 guard=0.060 activeAge=-1.000 pitch=-1.00Hz pitchCents=0.0
2025-12-16 05:45:34 [tracker] [s5] onset t=7.006 env=0.00156 gate=0.00014 envDelta=0.00141 envFloor=0.00102 onset=0.996 thresh=0.016 onsetDelta=0.98023 baseline=0.00068 adaptive=0.00170 lastPeak=0.00000 guard=0.060 activeAge=-1.000 pitch=-1.00Hz pitchCents=0.0
2025-12-16 05:45:34 [tracker] [s4] onset t=7.033 env=0.00144 gate=0.00010 envDelta=0.00134 envFloor=0.00089 onset=0.891 thresh=0.014 onsetDelta=0.87661 baseline=0.00059 adaptive=0.00149 lastPeak=0.00000 guard=0.060 activeAge=-1.000 pitch=-1.00Hz pitchCents=0.0
2025-12-16 05:45:34 [tracker] [s4] onset t=7.102 env=0.00121 gate=0.00010 envDelta=0.00111 envFloor=0.00088 onset=0.836 thresh=0.014 onsetDelta=0.82217 baseline=0.00059 adaptive=0.00147 lastPeak=0.00000 guard=0.060 activeAge=-1.000 pitch=-1.00Hz pitchCents=0.0
2025-12-16 05:45:34 [tracker] [s1] aubio-raw t=7.1105 onset=0.996666 env=0.000633 peak=0.002021 gain=1.000
2025-12-16 05:45:34 [tracker] [s1] onset-accepted t=7.1105 env=0.000633 gate=0.000018 envDelta=0.000614 envFloor=0.000497 onset=0.996666 thresh=0.006000 onsetDelta=0.990666 baseline=0.000331 floor=0.000180 adapt=0.000828 lastPeak=0.000173 baseParam=0.000180 gateRatio=0.0550 envParam=0.000450 onsetScale=0.300 retriggerScale=1.400 guard=0.060 guardRemain=0.000 activeAge=-1.000 retrigRemain=0.000 pitchHz=-1.00 pitchCents=0.0
2025-12-16 05:45:34 [tracker] [s1] onset t=7.110 env=0.00063 gate=0.00002 envDelta=0.00061 envFloor=0.00050 onset=0.997 thresh=0.006 onsetDelta=0.99067 baseline=0.00033 adaptive=0.00083 lastPeak=0.00017 guard=0.060 activeAge=-1.000 pitch=-1.00Hz pitchCents=0.0
2025-12-16 05:45:34 [tracker] [s2] onset t=7.246 env=0.00116 gate=0.00001 envDelta=0.00115 envFloor=0.00081 onset=0.995 thresh=0.009 onsetDelta=0.98640 baseline=0.00054 adaptive=0.00135 lastPeak=0.00038 guard=0.060 activeAge=-1.000 pitch=-1.00Hz pitchCents=0.0
2025-12-16 05:45:34 [tracker] [s1] aubio-raw t=7.3131 onset=0.573138 env=0.000778 peak=0.001740 gain=1.000
2025-12-16 05:45:34 [tracker] [s1] onset-accepted t=7.3131 env=0.000778 gate=0.000019 envDelta=0.000759 envFloor=0.000527 onset=0.573138 thresh=0.006000 onsetDelta=0.567138 baseline=0.000351 floor=0.000180 adapt=0.000878 lastPeak=0.000118 baseParam=0.000180 gateRatio=0.0550 envParam=0.000450 onsetScale=0.300 retriggerScale=1.400 guard=0.060 guardRemain=0.000 activeAge=-1.000 retrigRemain=0.000 pitchHz=108.11 pitchCents=470.0
2025-12-16 05:45:34 [tracker] [s1] onset t=7.313 env=0.00078 gate=0.00002 envDelta=0.00076 envFloor=0.00053 onset=0.573 thresh=0.006 onsetDelta=0.56714 baseline=0.00035 adaptive=0.00088 lastPeak=0.00012 guard=0.060 activeAge=-1.000 pitch=108.11Hz pitchCents=470.0
2025-12-16 05:45:34 [tracker] [s6] onset t=7.476 env=0.00182 gate=0.00019 envDelta=0.00163 envFloor=0.00117 onset=1.019 thresh=0.018 onsetDelta=1.00119 baseline=0.00078 adaptive=0.00194 lastPeak=0.00000 guard=0.060 activeAge=-1.000 pitch=-1.00Hz pitchCents=0.0
2025-12-16 05:45:34 [sessionwavs] wrote 6 wav files to /home/general/SignalAssistant/logs/sessionwavs/session-20251216-054526 (shutdown)
2025-12-16 05:45:35 [tracker] [s4] onset t=7.516 env=0.00124 gate=0.00010 envDelta=0.00114 envFloor=0.00090 onset=0.786 thresh=0.014 onsetDelta=0.77221 baseline=0.00060 adaptive=0.00149 lastPeak=0.00000 guard=0.060 activeAge=-1.000 pitch=-1.00Hz pitchCents=0.0
# Session closed at 2025-12-16 05:45:35
