# SignalAssistant session log
# Started at 2025-12-07 22:56:25
2025-12-07 22:56:25 [session] mode=recorded session='live/efasef' path='/home/general/SignalAssistant/sessions/live/efasef' duration=9.42 files=6
2025-12-07 22:56:25 [tracker-settings] TrackerConfig onsetThreshold=0.02000 minNoteDurSec=0.045 hopSec=0.010 slideDelta=120.0 bendDelta=35.0
2025-12-07 22:56:25 [tracker-settings] string1 midi=40 lowCut=37.08Hz highCut=445.00Hz baseline=0.000180 gateRatio=0.05500 envFloor=0.000450 sustainScale=0.580 retriggerScale=1.400 peakRelease=0.120 pitchTol=0.400 onsetScale=0.300
2025-12-07 22:56:25 [tracker-settings] string2 midi=45 lowCut=55.00Hz highCut=563.20Hz baseline=0.000220 gateRatio=0.10000 envFloor=0.000550 sustainScale=0.700 retriggerScale=1.250 peakRelease=0.130 pitchTol=0.400 onsetScale=0.450
2025-12-07 22:56:25 [tracker-settings] string3 midi=50 lowCut=85.16Hz highCut=693.05Hz baseline=0.000260 gateRatio=0.13000 envFloor=0.000650 sustainScale=0.820 retriggerScale=1.100 peakRelease=0.140 pitchTol=0.450 onsetScale=0.580
2025-12-07 22:56:25 [tracker-settings] string4 midi=55 lowCut=127.40Hz highCut=862.39Hz baseline=0.000320 gateRatio=0.17000 envFloor=0.000780 sustainScale=1.000 retriggerScale=1.000 peakRelease=0.160 pitchTol=0.440 onsetScale=0.700
2025-12-07 22:56:25 [tracker-settings] string5 midi=59 lowCut=160.51Hz highCut=1086.54Hz baseline=0.000370 gateRatio=0.21000 envFloor=0.000900 sustainScale=1.000 retriggerScale=1.000 peakRelease=0.180 pitchTol=0.500 onsetScale=0.800
2025-12-07 22:56:25 [tracker-settings] string6 midi=64 lowCut=214.26Hz highCut=1450.36Hz baseline=0.000420 gateRatio=0.25000 envFloor=0.001050 sustainScale=1.000 retriggerScale=1.000 peakRelease=0.200 pitchTol=0.550 onsetScale=0.900
2025-12-07 22:56:25 [tracker] [s1] calibration reset
2025-12-07 22:56:25 [tracker] [s2] calibration reset
2025-12-07 22:56:25 [tracker] [s3] calibration reset
2025-12-07 22:56:25 [tracker] [s4] calibration reset
2025-12-07 22:56:25 [tracker] [s5] calibration reset
2025-12-07 22:56:25 [tracker] [s6] calibration reset
2025-12-07 22:56:25 [tracker] [s1] calibration avg=0.02438 peak=0.12303
2025-12-07 22:56:25 [tracker] [s2] calibration avg=0.00170 peak=0.00719
2025-12-07 22:56:25 [tracker] [s3] calibration avg=0.01229 peak=0.05820
2025-12-07 22:56:25 [tracker] [s4] calibration avg=0.04010 peak=0.10998
2025-12-07 22:56:25 [tracker] [s5] calibration avg=0.03693 peak=0.11674
2025-12-07 22:56:25 [tracker] [s6] calibration avg=0.04155 peak=0.13520
2025-12-07 22:56:28 [test-mode] play session='live/efasef' position=0.00 duration=9.42
2025-12-07 22:56:28 [tracker] [s1] configure sr=48000.0 hop=512 fft=4096 low=37.1 high=445.0
2025-12-07 22:56:28 [tracker] [s1] params baseline=0.000180 gate=0.0550 envFloor=0.000450 sustain=0.580 retrigger=1.400 peakRelease=0.120 pitchTol=0.400 onsetScale=0.006 aubioScale=1.20 aubioThresh=0.024 onsetSilence=-85.0 pitchSilence=-90.0
2025-12-07 22:56:28 [tracker] [s1] onset-below-gate t=0.0053 env=0.000129 onset=4.000000 thresh=0.006000 baseline=0.022429 gate=0.001234 envFloor=0.019065 floor=0.022429 adapt=0.022429 lastPeak=0.000000 calib=0.022429 baseParam=0.000180 gateRatio=0.0550 envParam=0.000450
2025-12-07 22:56:28 [tracker] [s2] configure sr=48000.0 hop=512 fft=4096 low=55.0 high=563.2
2025-12-07 22:56:28 [tracker] [s2] params baseline=0.000220 gate=0.1000 envFloor=0.000550 sustain=0.700 retrigger=1.250 peakRelease=0.130 pitchTol=0.400 onsetScale=0.009 aubioScale=1.35 aubioThresh=0.027 onsetSilence=-85.0 pitchSilence=-90.0
2025-12-07 22:56:28 [tracker] [s3] configure sr=48000.0 hop=512 fft=4096 low=85.2 high=693.0
2025-12-07 22:56:28 [tracker] [s3] params baseline=0.000260 gate=0.1300 envFloor=0.000650 sustain=0.820 retrigger=1.100 peakRelease=0.140 pitchTol=0.450 onsetScale=0.012 aubioScale=1.60 aubioThresh=0.032 onsetSilence=-75.0 pitchSilence=-80.0
2025-12-07 22:56:28 [tracker] [s4] configure sr=48000.0 hop=512 fft=4096 low=127.4 high=862.4
2025-12-07 22:56:28 [tracker] [s4] params baseline=0.000320 gate=0.1700 envFloor=0.000780 sustain=1.000 retrigger=1.000 peakRelease=0.160 pitchTol=0.440 onsetScale=0.014 aubioScale=1.80 aubioThresh=0.036 onsetSilence=-75.0 pitchSilence=-80.0
2025-12-07 22:56:28 [tracker] [s5] configure sr=48000.0 hop=512 fft=2048 low=160.5 high=1086.5
2025-12-07 22:56:28 [tracker] [s5] params baseline=0.000370 gate=0.2100 envFloor=0.000900 sustain=1.000 retrigger=1.000 peakRelease=0.180 pitchTol=0.500 onsetScale=0.016 aubioScale=1.80 aubioThresh=0.036 onsetSilence=-75.0 pitchSilence=-80.0
2025-12-07 22:56:28 [tracker] [s6] configure sr=48000.0 hop=512 fft=2048 low=214.3 high=1450.4
2025-12-07 22:56:28 [tracker] [s6] params baseline=0.000420 gate=0.2500 envFloor=0.001050 sustain=1.000 retrigger=1.000 peakRelease=0.200 pitchTol=0.550 onsetScale=0.018 aubioScale=1.80 aubioThresh=0.036 onsetSilence=-75.0 pitchSilence=-80.0
2025-12-07 22:56:30 [tracker] [s1] onset-accepted t=1.3493 env=0.042743 onset=1.227486 thresh=0.006000 baseline=0.022429 gate=0.001234 envFloor=0.019065 floor=0.022429 adapt=0.022429 lastPeak=0.000000 calib=0.022429 baseParam=0.000180 gateRatio=0.0550 envParam=0.000450
2025-12-07 22:56:30 [tracker] [s1] onset t=1.349 env=0.04274 baseline=0.02243 gate=0.00123 envFloor=0.01907 onset=1.227>=0.006
2025-12-07 22:56:30 [tracker] [s2] onset t=1.360 env=0.04811 baseline=0.01742 gate=0.00174 envFloor=0.01219 onset=1.047>=0.009
2025-12-07 22:56:30 [tracker] [s3] onset t=1.371 env=0.02980 baseline=0.01192 gate=0.00155 envFloor=0.01013 onset=0.513>=0.012
2025-12-07 22:56:30 [tracker] [s1] onset-accepted t=1.4347 env=0.030817 onset=1.305254 thresh=0.006000 baseline=0.022429 gate=0.001234 envFloor=0.019065 floor=0.022429 adapt=0.022429 lastPeak=0.000000 calib=0.022429 baseParam=0.000180 gateRatio=0.0550 envParam=0.000450
2025-12-07 22:56:30 [tracker] [s1] onset t=1.435 env=0.03082 baseline=0.02243 gate=0.00123 envFloor=0.01907 onset=1.305>=0.006
2025-12-07 22:56:30 [tracker] [s1] note-start t=1.435 fret=5 midi=45 vel=0.37 env=0.03082
2025-12-07 22:56:30 [tracker] [s3] onset t=1.456 env=0.02562 baseline=0.01249 gate=0.00162 envFloor=0.01013 onset=1.117>=0.012
2025-12-07 22:56:30 [tracker] [s3] note-start t=1.456 fret=7 midi=57 vel=0.31 env=0.02562
2025-12-07 22:56:30 [tracker] [s1] onset-accepted t=1.6907 env=0.057585 onset=1.089719 thresh=0.006000 baseline=0.024591 gate=0.001353 envFloor=0.019065 floor=0.022429 adapt=0.024488 lastPeak=0.027324 calib=0.022429 baseParam=0.000180 gateRatio=0.0550 envParam=0.000450
2025-12-07 22:56:30 [tracker] [s1] onset t=1.691 env=0.05759 baseline=0.02459 gate=0.00135 envFloor=0.01907 onset=1.090>=0.006
2025-12-07 22:56:30 [tracker] [s1] note-ended (new onset) t=1.691 fret=5 dur=0.256
2025-12-07 22:56:30 [tracker] [s2] onset t=1.701 env=0.03983 baseline=0.02343 gate=0.00234 envFloor=0.01640 onset=1.282>=0.009
2025-12-07 22:56:30 [tracker] [s3] onset t=1.712 env=0.01694 baseline=0.02045 gate=0.00266 envFloor=0.01013 onset=1.048>=0.012
2025-12-07 22:56:30 [tracker] [s3] note-ended (new onset) t=1.712 fret=7 dur=0.256
2025-12-07 22:56:30 [tracker] [s3] note-start t=1.712 fret=7 midi=57 vel=0.20 env=0.01694
2025-12-07 22:56:30 [tracker] [s1] onset-accepted t=1.7760 env=0.037181 onset=1.078240 thresh=0.006000 baseline=0.024034 gate=0.001322 envFloor=0.019065 floor=0.022429 adapt=0.024034 lastPeak=0.026250 calib=0.022429 baseParam=0.000180 gateRatio=0.0550 envParam=0.000450
2025-12-07 22:56:30 [tracker] [s1] onset t=1.776 env=0.03718 baseline=0.02403 gate=0.00132 envFloor=0.01907 onset=1.078>=0.006
2025-12-07 22:56:30 [tracker] [s1] note-start t=1.776 fret=5 midi=45 vel=0.45 env=0.03718
2025-12-07 22:56:30 [tracker] [s2] onset t=1.787 env=0.03384 baseline=0.02219 gate=0.00222 envFloor=0.01554 onset=1.053>=0.009
2025-12-07 22:56:30 [tracker] [s2] note-start t=1.787 fret=7 midi=52 vel=0.41 env=0.03384
2025-12-07 22:56:30 [tracker] [s2] onset t=1.947 env=0.02246 baseline=0.02825 gate=0.00283 envFloor=0.01354 onset=0.865>=0.009
2025-12-07 22:56:30 [tracker] [s2] note-ended (new onset) t=1.947 fret=7 dur=0.160
2025-12-07 22:56:30 [tracker] [s2] note-start t=1.947 fret=7 midi=52 vel=0.27 env=0.02246
2025-12-07 22:56:30 [tracker] [s1] onset-below-env-floor t=2.0000 env=0.003626 onset=0.976774 thresh=0.006000 baseline=0.030119 gate=0.001657 envFloor=0.019065 floor=0.022429 adapt=0.022429 lastPeak=0.033466 calib=0.022429 baseParam=0.000180 gateRatio=0.0550 envParam=0.000450
2025-12-07 22:56:30 [tracker] [s1] release-retrigger t=2.000 onset=0.977 gate=0.030 age=0.224
2025-12-07 22:56:30 [tracker] [s3] release-retrigger t=2.000 onset=1.255 gate=0.011 age=0.288
2025-12-07 22:56:30 [tracker] [s3] note-ended t=2.000 fret=7 dur=0.288
2025-12-07 22:56:30 [tracker] [s2] release-retrigger t=2.053 onset=1.107 gate=0.021 age=0.107
2025-12-07 22:56:30 [tracker] [s2] note-ended t=2.053 fret=7 dur=0.107
2025-12-07 22:56:31 [tracker] [s1] onset-below-env-floor t=2.3413 env=0.002722 onset=0.984402 thresh=0.006000 baseline=0.025656 gate=0.001411 envFloor=0.019065 floor=0.022429 adapt=0.022429 lastPeak=0.028506 calib=0.022429 baseParam=0.000180 gateRatio=0.0550 envParam=0.000450
2025-12-07 22:56:31 [tracker] [s2] onset t=2.352 env=0.04960 baseline=0.01701 gate=0.00170 envFloor=0.01190 onset=0.705>=0.009
2025-12-07 22:56:31 [tracker] [s3] onset t=2.352 env=0.04647 baseline=0.01632 gate=0.00212 envFloor=0.01142 onset=1.434>=0.012
2025-12-07 22:56:31 [tracker] [s4] onset t=2.363 env=0.04570 baseline=0.04090 gate=0.00695 envFloor=0.03477 onset=0.976>=0.014
2025-12-07 22:56:31 [tracker] [s2] onset t=2.437 env=0.03486 baseline=0.01999 gate=0.00200 envFloor=0.01400 onset=1.004>=0.009
2025-12-07 22:56:31 [tracker] [s2] note-start t=2.437 fret=5 midi=50 vel=0.42 env=0.03486
2025-12-07 22:56:31 [tracker] [s3] onset t=2.448 env=0.03886 baseline=0.02049 gate=0.00266 envFloor=0.01434 onset=1.254>=0.012
2025-12-07 22:56:31 [tracker] [s3] note-start t=2.448 fret=7 midi=57 vel=0.47 env=0.03886
2025-12-07 22:56:31 [tracker] [s4] onset t=2.448 env=0.03719 baseline=0.04090 gate=0.00695 envFloor=0.03477 onset=1.130>=0.014
2025-12-07 22:56:31 [tracker] [s4] note-start t=2.448 fret=7 midi=62 vel=0.45 env=0.03719
2025-12-07 22:56:31 [tracker] [s4] release-quiet t=2.576 avgEnv=0.03060 floor=0.03477 quietFrames=8
2025-12-07 22:56:31 [tracker] [s4] note-ended t=2.576 fret=7 dur=0.128
2025-12-07 22:56:31 [tracker] [s2] onset t=2.672 env=0.05971 baseline=0.02810 gate=0.00281 envFloor=0.01701 onset=1.064>=0.009
2025-12-07 22:56:31 [tracker] [s3] onset t=2.672 env=0.06789 baseline=0.03148 gate=0.00409 envFloor=0.02017 onset=1.363>=0.012
2025-12-07 22:56:31 [tracker] [s3] note-ended (new onset) t=2.672 fret=7 dur=0.224
2025-12-07 22:56:31 [tracker] [s3] note-start t=2.672 fret=7 midi=57 vel=0.81 env=0.06789
2025-12-07 22:56:31 [tracker] [s4] onset t=2.683 env=0.05790 baseline=0.04090 gate=0.00695 envFloor=0.03477 onset=1.228>=0.014
2025-12-07 22:56:31 [tracker] [s4] note-start t=2.683 fret=7 midi=62 vel=0.69 env=0.05790
2025-12-07 22:56:31 [tracker] [s1] onset-below-env-floor t=2.6933 env=0.001266 onset=0.732420 thresh=0.006000 baseline=0.022429 gate=0.001234 envFloor=0.019065 floor=0.022429 adapt=0.022429 lastPeak=0.024160 calib=0.022429 baseParam=0.000180 gateRatio=0.0550 envParam=0.000450
2025-12-07 22:56:31 [tracker] [s2] onset t=2.757 env=0.03893 baseline=0.02699 gate=0.00270 envFloor=0.01771 onset=1.008>=0.009
2025-12-07 22:56:31 [tracker] [s2] note-start t=2.757 fret=5 midi=50 vel=0.47 env=0.03893
2025-12-07 22:56:31 [tracker] [s1] onset-below-gate t=2.7680 env=0.001086 onset=1.002096 thresh=0.006000 baseline=0.022429 gate=0.001234 envFloor=0.019065 floor=0.022429 adapt=0.022429 lastPeak=0.023327 calib=0.022429 baseParam=0.000180 gateRatio=0.0550 envParam=0.000450
2025-12-07 22:56:31 [tracker] [s3] onset t=2.768 env=0.05196 baseline=0.05841 gate=0.00759 envFloor=0.02135 onset=1.349>=0.012
2025-12-07 22:56:31 [tracker] [s3] note-ended (new onset) t=2.768 fret=7 dur=0.096
2025-12-07 22:56:31 [tracker] [s3] note-start t=2.768 fret=7 midi=57 vel=0.62 env=0.05196
2025-12-07 22:56:31 [tracker] [s4] onset t=2.768 env=0.04817 baseline=0.05006 gate=0.00851 envFloor=0.03477 onset=1.370>=0.014
2025-12-07 22:56:31 [tracker] [s4] note-ended (new onset) t=2.768 fret=7 dur=0.085
2025-12-07 22:56:31 [tracker] [s4] note-start t=2.768 fret=7 midi=62 vel=0.58 env=0.04817
2025-12-07 22:56:31 [tracker] [s3] release-retrigger t=2.896 onset=1.242 gate=0.033 age=0.128
2025-12-07 22:56:31 [tracker] [s3] note-ended t=2.896 fret=7 dur=0.128
2025-12-07 22:56:31 [tracker] [s2] release-retrigger t=2.939 onset=0.938 gate=0.031 age=0.181
2025-12-07 22:56:31 [tracker] [s2] note-ended t=2.939 fret=5 dur=0.181
2025-12-07 22:56:31 [tracker] [s4] release-retrigger t=2.981 onset=1.100 gate=0.035 age=0.213
2025-12-07 22:56:31 [tracker] [s4] note-ended t=2.981 fret=7 dur=0.213
2025-12-07 22:56:32 [tracker] [s1] onset-below-gate t=3.6000 env=0.000529 onset=0.948374 thresh=0.006000 baseline=0.022429 gate=0.001234 envFloor=0.019065 floor=0.022429 adapt=0.022429 lastPeak=0.015778 calib=0.022429 baseParam=0.000180 gateRatio=0.0550 envParam=0.000450
2025-12-07 22:56:32 [tracker] [s1] onset-below-env-floor t=3.9093 env=0.007798 onset=0.713846 thresh=0.006000 baseline=0.022429 gate=0.001234 envFloor=0.019065 floor=0.022429 adapt=0.022429 lastPeak=0.013644 calib=0.022429 baseParam=0.000180 gateRatio=0.0550 envParam=0.000450
2025-12-07 22:56:32 [tracker] [s2] onset t=3.909 env=0.06030 baseline=0.02039 gate=0.00204 envFloor=0.01310 onset=1.484>=0.009
2025-12-07 22:56:32 [tracker] [s3] onset t=3.920 env=0.08929 baseline=0.02721 gate=0.00354 envFloor=0.01736 onset=1.377>=0.012
2025-12-07 22:56:32 [tracker] [s4] onset t=3.931 env=0.06195 baseline=0.04090 gate=0.00695 envFloor=0.03477 onset=1.219>=0.014
2025-12-07 22:56:32 [tracker] [s2] onset t=4.005 env=0.05579 baseline=0.02793 gate=0.00279 envFloor=0.01955 onset=0.524>=0.009
2025-12-07 22:56:32 [tracker] [s2] note-start t=4.005 fret=5 midi=50 vel=0.67 env=0.05579
2025-12-07 22:56:32 [tracker] [s4] onset t=4.016 env=0.04526 baseline=0.04090 gate=0.00695 envFloor=0.03477 onset=1.159>=0.014
2025-12-07 22:56:32 [tracker] [s4] note-start t=4.016 fret=7 midi=62 vel=0.54 env=0.04526
2025-12-07 22:56:32 [tracker] [s4] release-quiet t=4.208 avgEnv=0.02872 floor=0.03477 quietFrames=8
2025-12-07 22:56:32 [tracker] [s4] note-ended t=4.208 fret=7 dur=0.192
2025-12-07 22:56:33 [tracker] [s2] onset t=4.261 env=0.13959 baseline=0.04927 gate=0.00493 envFloor=0.03449 onset=1.208>=0.009
2025-12-07 22:56:33 [tracker] [s2] note-ended (new onset) t=4.261 fret=5 dur=0.256
2025-12-07 22:56:33 [tracker] [s2] note-start t=4.261 fret=5 midi=50 vel=1.00 env=0.13959
2025-12-07 22:56:33 [tracker] [s3] onset t=4.272 env=0.12865 baseline=0.05109 gate=0.00664 envFloor=0.03576 onset=1.254>=0.012
2025-12-07 22:56:33 [tracker] [s3] note-start t=4.272 fret=7 midi=57 vel=1.00 env=0.12865
2025-12-07 22:56:33 [tracker] [s1] onset-below-env-floor t=4.2827 env=0.002507 onset=1.011835 thresh=0.006000 baseline=0.022429 gate=0.001234 envFloor=0.019065 floor=0.022429 adapt=0.022429 lastPeak=0.011448 calib=0.022429 baseParam=0.000180 gateRatio=0.0550 envParam=0.000450
2025-12-07 22:56:33 [tracker] [s4] onset t=4.283 env=0.07277 baseline=0.04090 gate=0.00695 envFloor=0.03477 onset=0.895>=0.014
2025-12-07 22:56:33 [tracker] [s4] note-start t=4.283 fret=7 midi=62 vel=0.87 env=0.07277
2025-12-07 22:56:33 [tracker] [s2] onset t=4.347 env=0.09488 baseline=0.12069 gate=0.01207 envFloor=0.04028 onset=1.108>=0.009
2025-12-07 22:56:33 [tracker] [s2] note-ended (new onset) t=4.347 fret=5 dur=0.085
2025-12-07 22:56:33 [tracker] [s2] note-start t=4.347 fret=5 midi=50 vel=1.00 env=0.09488
2025-12-07 22:56:33 [tracker] [s3] onset t=4.357 env=0.09236 baseline=0.11124 gate=0.01446 envFloor=0.03551 onset=1.046>=0.012
2025-12-07 22:56:33 [tracker] [s3] note-ended (new onset) t=4.357 fret=7 dur=0.085
2025-12-07 22:56:33 [tracker] [s3] note-start t=4.357 fret=7 midi=57 vel=1.00 env=0.09236
2025-12-07 22:56:33 [tracker] [s1] onset-below-env-floor t=4.3680 env=0.002283 onset=1.000973 thresh=0.006000 baseline=0.022429 gate=0.001234 envFloor=0.019065 floor=0.022429 adapt=0.022429 lastPeak=0.010998 calib=0.022429 baseParam=0.000180 gateRatio=0.0550 envParam=0.000450
2025-12-07 22:56:33 [tracker] [s4] onset t=4.368 env=0.04716 baseline=0.06291 gate=0.01070 envFloor=0.03477 onset=1.150>=0.014
2025-12-07 22:56:33 [tracker] [s4] note-ended (new onset) t=4.368 fret=7 dur=0.085
2025-12-07 22:56:33 [tracker] [s4] note-start t=4.368 fret=7 midi=62 vel=0.57 env=0.04716
2025-12-07 22:56:33 [tracker] [s2] release-retrigger t=4.400 onset=0.965 gate=0.081 age=0.053
2025-12-07 22:56:33 [tracker] [s2] note-ended t=4.400 fret=5 dur=0.053
2025-12-07 22:56:33 [tracker] [s3] onset t=4.453 env=0.06559 baseline=0.07946 gate=0.01033 envFloor=0.03309 onset=0.782>=0.012
2025-12-07 22:56:33 [tracker] [s3] note-ended (new onset) t=4.453 fret=7 dur=0.096
2025-12-07 22:56:33 [tracker] [s3] note-start t=4.453 fret=7 midi=57 vel=0.79 env=0.06559
2025-12-07 22:56:33 [tracker] [s3] release-retrigger t=4.528 onset=1.264 gate=0.051 age=0.075
2025-12-07 22:56:33 [tracker] [s3] note-ended t=4.528 fret=7 dur=0.075
2025-12-07 22:56:33 [tracker] [s4] release-quiet t=4.549 avgEnv=0.02560 floor=0.03477 quietFrames=8
2025-12-07 22:56:33 [tracker] [s4] note-ended t=4.549 fret=7 dur=0.181
2025-12-07 22:56:33 [tracker] [s1] onset-below-env-floor t=4.8800 env=0.006237 onset=1.327234 thresh=0.006000 baseline=0.022429 gate=0.001234 envFloor=0.019065 floor=0.022429 adapt=0.022429 lastPeak=0.008646 calib=0.022429 baseParam=0.000180 gateRatio=0.0550 envParam=0.000450
2025-12-07 22:56:33 [tracker] [s2] onset t=4.901 env=0.10232 baseline=0.06580 gate=0.00658 envFloor=0.02700 onset=0.540>=0.009
2025-12-07 22:56:33 [tracker] [s3] onset t=4.901 env=0.07025 baseline=0.04782 gate=0.00622 envFloor=0.01872 onset=1.280>=0.012
2025-12-07 22:56:33 [tracker] [s4] onset t=4.912 env=0.07134 baseline=0.04090 gate=0.00695 envFloor=0.03477 onset=0.545>=0.014
2025-12-07 22:56:33 [tracker] [s2] onset t=4.987 env=0.06400 baseline=0.06321 gate=0.00632 envFloor=0.02926 onset=1.018>=0.009
2025-12-07 22:56:33 [tracker] [s2] note-start t=4.987 fret=3 midi=48 vel=0.77 env=0.06400
2025-12-07 22:56:33 [tracker] [s3] onset t=4.987 env=0.06092 baseline=0.04595 gate=0.00597 envFloor=0.02105 onset=1.012>=0.012
2025-12-07 22:56:33 [tracker] [s3] note-start t=4.987 fret=5 midi=55 vel=0.73 env=0.06092
2025-12-07 22:56:33 [tracker] [s4] onset t=4.997 env=0.05683 baseline=0.04090 gate=0.00695 envFloor=0.03477 onset=1.055>=0.014
2025-12-07 22:56:33 [tracker] [s4] note-start t=4.997 fret=5 midi=60 vel=0.68 env=0.05683
2025-12-07 22:56:33 [tracker] [s2] onset t=5.093 env=0.04884 baseline=0.05478 gate=0.00548 envFloor=0.02747 onset=1.416>=0.009
2025-12-07 22:56:33 [tracker] [s2] note-ended (new onset) t=5.093 fret=3 dur=0.107
2025-12-07 22:56:33 [tracker] [s4] onset t=5.093 env=0.03667 baseline=0.04889 gate=0.00831 envFloor=0.03477 onset=1.456>=0.014
2025-12-07 22:56:33 [tracker] [s4] note-ended (new onset) t=5.093 fret=5 dur=0.096
2025-12-07 22:56:33 [tracker] [s4] note-start t=5.093 fret=5 midi=60 vel=0.44 env=0.03667
2025-12-07 22:56:33 [tracker] [s1] onset-below-env-floor t=5.1040 env=0.001549 onset=0.939250 thresh=0.006000 baseline=0.022429 gate=0.001234 envFloor=0.019065 floor=0.022429 adapt=0.022429 lastPeak=0.007783 calib=0.022429 baseParam=0.000180 gateRatio=0.0550 envParam=0.000450
2025-12-07 22:56:33 [tracker] [s3] onset t=5.104 env=0.04264 baseline=0.05188 gate=0.00674 envFloor=0.02054 onset=0.510>=0.012
2025-12-07 22:56:33 [tracker] [s3] note-ended (new onset) t=5.104 fret=5 dur=0.117
2025-12-07 22:56:33 [tracker] [s1] onset-below-env-floor t=5.1573 env=0.013938 onset=0.978939 thresh=0.006000 baseline=0.022429 gate=0.001234 envFloor=0.019065 floor=0.022429 adapt=0.022429 lastPeak=0.007590 calib=0.022429 baseParam=0.000180 gateRatio=0.0550 envParam=0.000450
2025-12-07 22:56:33 [tracker] [s3] onset t=5.168 env=0.02573 baseline=0.03724 gate=0.00484 envFloor=0.02033 onset=1.238>=0.012
2025-12-07 22:56:33 [tracker] [s3] note-ended (new onset) t=5.168 fret=5 dur=0.064
2025-12-07 22:56:33 [tracker] [s4] release-retrigger t=5.179 onset=1.271 gate=0.035 age=0.085
2025-12-07 22:56:33 [tracker] [s4] note-ended t=5.179 fret=5 dur=0.085
2025-12-07 22:56:34 [tracker] [s1] onset-below-env-floor t=5.2320 env=0.005450 onset=1.066460 thresh=0.006000 baseline=0.022429 gate=0.001234 envFloor=0.019065 floor=0.022429 adapt=0.022429 lastPeak=0.007328 calib=0.022429 baseParam=0.000180 gateRatio=0.0550 envParam=0.000450
2025-12-07 22:56:34 [tracker] [s3] onset t=5.243 env=0.03029 baseline=0.03596 gate=0.00467 envFloor=0.01852 onset=1.059>=0.012
2025-12-07 22:56:34 [tracker] [s3] note-start t=5.243 fret=5 midi=55 vel=0.36 env=0.03029
2025-12-07 22:56:34 [tracker] [s2] onset t=5.264 env=0.03034 baseline=0.04057 gate=0.00406 envFloor=0.02400 onset=1.425>=0.009
2025-12-07 22:56:34 [tracker] [s2] note-ended (new onset) t=5.264 fret=3 dur=0.171
2025-12-07 22:56:34 [tracker] [s1] onset-below-env-floor t=5.2853 env=0.002621 onset=1.079107 thresh=0.006000 baseline=0.022429 gate=0.001234 envFloor=0.019065 floor=0.022429 adapt=0.022429 lastPeak=0.007147 calib=0.022429 baseParam=0.000180 gateRatio=0.0550 envParam=0.000450
2025-12-07 22:56:34 [tracker] [s3] release-retrigger t=5.317 onset=0.651 gate=0.028 age=0.075
2025-12-07 22:56:34 [tracker] [s3] note-ended t=5.317 fret=5 dur=0.075
2025-12-07 22:56:34 [tracker] [s1] onset-below-gate t=5.3707 env=0.000569 onset=0.771331 thresh=0.006000 baseline=0.022429 gate=0.001234 envFloor=0.019065 floor=0.022429 adapt=0.022429 lastPeak=0.006866 calib=0.022429 baseParam=0.000180 gateRatio=0.0550 envParam=0.000450
2025-12-07 22:56:34 [tracker] [s1] onset-below-gate t=5.4667 env=0.001122 onset=0.747928 thresh=0.006000 baseline=0.022429 gate=0.001234 envFloor=0.019065 floor=0.022429 adapt=0.022429 lastPeak=0.006563 calib=0.022429 baseParam=0.000180 gateRatio=0.0550 envParam=0.000450
2025-12-07 22:56:34 [tracker] [s1] onset-below-gate t=5.6373 env=0.000961 onset=0.756101 thresh=0.006000 baseline=0.022429 gate=0.001234 envFloor=0.019065 floor=0.022429 adapt=0.022429 lastPeak=0.006057 calib=0.022429 baseParam=0.000180 gateRatio=0.0550 envParam=0.000450
2025-12-07 22:56:34 [tracker] [s1] onset-below-env-floor t=5.7120 env=0.002203 onset=0.957147 thresh=0.006000 baseline=0.022429 gate=0.001234 envFloor=0.019065 floor=0.022429 adapt=0.022429 lastPeak=0.005848 calib=0.022429 baseParam=0.000180 gateRatio=0.0550 envParam=0.000450
2025-12-07 22:56:34 [tracker] [s1] onset-below-env-floor t=5.7973 env=0.005057 onset=1.051273 thresh=0.006000 baseline=0.022429 gate=0.001234 envFloor=0.019065 floor=0.022429 adapt=0.022429 lastPeak=0.005618 calib=0.022429 baseParam=0.000180 gateRatio=0.0550 envParam=0.000450
2025-12-07 22:56:34 [tracker] [s1] onset-accepted t=5.8933 env=0.068109 onset=1.099847 thresh=0.006000 baseline=0.022429 gate=0.001234 envFloor=0.019065 floor=0.022429 adapt=0.022429 lastPeak=0.005371 calib=0.022429 baseParam=0.000180 gateRatio=0.0550 envParam=0.000450
2025-12-07 22:56:34 [tracker] [s1] onset t=5.893 env=0.06811 baseline=0.02243 gate=0.00123 envFloor=0.01907 onset=1.100>=0.006
2025-12-07 22:56:34 [tracker] [s2] onset t=5.893 env=0.05354 baseline=0.03018 gate=0.00302 envFloor=0.01101 onset=1.395>=0.009
2025-12-07 22:56:34 [tracker] [s3] onset t=5.893 env=0.02161 baseline=0.02008 gate=0.00261 envFloor=0.01013 onset=1.484>=0.012
2025-12-07 22:56:34 [tracker] [s2] onset t=5.979 env=0.04147 baseline=0.02900 gate=0.00290 envFloor=0.01493 onset=0.637>=0.009
2025-12-07 22:56:34 [tracker] [s2] note-start t=5.979 fret=17 midi=62 vel=0.50 env=0.04147
2025-12-07 22:56:34 [tracker] [s3] onset t=5.979 env=0.01749 baseline=0.01929 gate=0.00251 envFloor=0.01013 onset=1.007>=0.012
2025-12-07 22:56:34 [tracker] [s3] note-start t=5.979 fret=0 midi=50 vel=0.21 env=0.01749
2025-12-07 22:56:34 [tracker] [s1] onset-accepted t=5.9894 env=0.052851 onset=0.895556 thresh=0.006000 baseline=0.028823 gate=0.001585 envFloor=0.020176 floor=0.022429 adapt=0.028823 lastPeak=0.005134 calib=0.022429 baseParam=0.000180 gateRatio=0.0550 envParam=0.000450
2025-12-07 22:56:34 [tracker] [s1] onset t=5.989 env=0.05285 baseline=0.02882 gate=0.00159 envFloor=0.02018 onset=0.896>=0.006
2025-12-07 22:56:34 [tracker] [s3] release-retrigger t=6.032 onset=1.001 gate=0.011 age=0.053
2025-12-07 22:56:34 [tracker] [s3] note-ended t=6.032 fret=0 dur=0.053
2025-12-07 22:56:34 [tracker] [s1] onset-accepted t=6.0854 env=0.065475 onset=1.410633 thresh=0.006000 baseline=0.030097 gate=0.001655 envFloor=0.021068 floor=0.022429 adapt=0.030097 lastPeak=0.004907 calib=0.022429 baseParam=0.000180 gateRatio=0.0550 envParam=0.000450
2025-12-07 22:56:34 [tracker] [s1] onset t=6.085 env=0.06547 baseline=0.03010 gate=0.00166 envFloor=0.02107 onset=1.411>=0.006
2025-12-07 22:56:34 [tracker] [s3] onset t=6.085 env=0.04761 baseline=0.02187 gate=0.00284 envFloor=0.01531 onset=1.431>=0.012
2025-12-07 22:56:34 [tracker] [s2] onset t=6.096 env=0.06653 baseline=0.05019 gate=0.00502 envFloor=0.03513 onset=0.711>=0.009
2025-12-07 22:56:34 [tracker] [s2] note-ended (new onset) t=6.096 fret=17 dur=0.117
2025-12-07 22:56:34 [tracker] [s2] onset t=6.171 env=0.04773 baseline=0.05014 gate=0.00501 envFloor=0.03510 onset=1.148>=0.009
2025-12-07 22:56:34 [tracker] [s3] onset t=6.171 env=0.03431 baseline=0.02131 gate=0.00277 envFloor=0.01491 onset=1.161>=0.012
2025-12-07 22:56:34 [tracker] [s1] onset-accepted t=6.1920 env=0.057593 onset=1.097393 thresh=0.006000 baseline=0.034102 gate=0.001876 envFloor=0.023872 floor=0.022429 adapt=0.034102 lastPeak=0.004667 calib=0.022429 baseParam=0.000180 gateRatio=0.0550 envParam=0.000450
2025-12-07 22:56:34 [tracker] [s1] onset t=6.192 env=0.05759 baseline=0.03410 gate=0.00188 envFloor=0.02387 onset=1.097>=0.006
2025-12-07 22:56:34 [tracker] [s1] note-start t=6.192 fret=3 midi=43 vel=0.69 env=0.05759
2025-12-07 22:56:35 [tracker] [s1] onset-below-gate t=6.2987 env=0.000208 onset=1.014955 thresh=0.006000 baseline=0.049299 gate=0.002711 envFloor=0.019065 floor=0.022429 adapt=0.026277 lastPeak=0.054777 calib=0.022429 baseParam=0.000180 gateRatio=0.0550 envParam=0.000450
2025-12-07 22:56:35 [tracker] [s1] onset-below-env-floor t=6.3627 env=0.002958 onset=1.462255 thresh=0.006000 baseline=0.047839 gate=0.002631 envFloor=0.019065 floor=0.022429 adapt=0.022429 lastPeak=0.053154 calib=0.022429 baseParam=0.000180 gateRatio=0.0550 envParam=0.000450
2025-12-07 22:56:35 [tracker] [s1] onset-accepted t=6.4480 env=0.065667 onset=1.461129 thresh=0.006000 baseline=0.045958 gate=0.002528 envFloor=0.019193 floor=0.022429 adapt=0.027419 lastPeak=0.051065 calib=0.022429 baseParam=0.000180 gateRatio=0.0550 envParam=0.000450
2025-12-07 22:56:35 [tracker] [s1] note-ended (new onset) t=6.448 fret=3 dur=0.256
2025-12-07 22:56:35 [tracker] [s2] onset t=6.459 env=0.07218 baseline=0.03514 gate=0.00351 envFloor=0.02460 onset=1.135>=0.009
2025-12-07 22:56:35 [tracker] [s3] onset t=6.459 env=0.04649 baseline=0.01939 gate=0.00252 envFloor=0.01357 onset=1.285>=0.012
2025-12-07 22:56:35 [tracker] [s1] onset-accepted t=6.5334 env=0.030306 onset=0.815620 thresh=0.006000 baseline=0.044152 gate=0.002428 envFloor=0.019065 floor=0.022429 adapt=0.027215 lastPeak=0.049058 calib=0.022429 baseParam=0.000180 gateRatio=0.0550 envParam=0.000450
2025-12-07 22:56:35 [tracker] [s1] onset t=6.533 env=0.03031 baseline=0.04415 gate=0.00243 envFloor=0.01907 onset=0.816>=0.006
2025-12-07 22:56:35 [tracker] [s3] onset t=6.544 env=0.03124 baseline=0.01909 gate=0.00248 envFloor=0.01336 onset=1.004>=0.012
2025-12-07 22:56:35 [tracker] [s1] onset-accepted t=6.5867 env=0.054809 onset=1.082836 thresh=0.006000 baseline=0.043059 gate=0.002368 envFloor=0.019065 floor=0.022429 adapt=0.026802 lastPeak=0.047843 calib=0.022429 baseParam=0.000180 gateRatio=0.0550 envParam=0.000450
2025-12-07 22:56:35 [tracker] [s1] onset t=6.587 env=0.05481 baseline=0.04306 gate=0.00237 envFloor=0.01907 onset=1.083>=0.006
2025-12-07 22:56:35 [tracker] [s1] note-start t=6.587 fret=0 midi=40 vel=0.66 env=0.05481
2025-12-07 22:56:35 [tracker] [s3] onset t=6.597 env=0.02282 baseline=0.01802 gate=0.00234 envFloor=0.01261 onset=0.758>=0.012
2025-12-07 22:56:35 [tracker] [s3] note-start t=6.597 fret=1 midi=51 vel=0.27 env=0.02282
2025-12-07 22:56:35 [tracker] [s1] onset-accepted t=6.6614 env=0.104996 onset=0.645027 thresh=0.006000 baseline=0.047627 gate=0.002619 envFloor=0.027120 floor=0.022429 adapt=0.038743 lastPeak=0.052919 calib=0.022429 baseParam=0.000180 gateRatio=0.0550 envParam=0.000450
2025-12-07 22:56:35 [tracker] [s1] onset t=6.661 env=0.10500 baseline=0.04763 gate=0.00262 envFloor=0.02712 onset=0.645>=0.006
2025-12-07 22:56:35 [tracker] [s1] note-ended (new onset) t=6.661 fret=0 dur=0.075
2025-12-07 22:56:35 [tracker] [s2] onset t=6.661 env=0.09400 baseline=0.04129 gate=0.00413 envFloor=0.02891 onset=0.684>=0.009
2025-12-07 22:56:35 [tracker] [s3] onset t=6.661 env=0.02650 baseline=0.01993 gate=0.00259 envFloor=0.01355 onset=1.260>=0.012
2025-12-07 22:56:35 [tracker] [s3] note-ended (new onset) t=6.661 fret=1 dur=0.064
2025-12-07 22:56:35 [tracker] [s1] onset-accepted t=6.7254 env=0.039798 onset=1.330689 thresh=0.006000 baseline=0.046216 gate=0.002542 envFloor=0.029027 floor=0.022429 adapt=0.041467 lastPeak=0.051351 calib=0.022429 baseParam=0.000180 gateRatio=0.0550 envParam=0.000450
2025-12-07 22:56:35 [tracker] [s1] onset t=6.725 env=0.03980 baseline=0.04622 gate=0.00254 envFloor=0.02903 onset=1.331>=0.006
2025-12-07 22:56:35 [tracker] [s1] note-start t=6.725 fret=0 midi=40 vel=0.48 env=0.03980
2025-12-07 22:56:35 [tracker] [s3] onset t=6.747 env=0.01436 baseline=0.01914 gate=0.00249 envFloor=0.01258 onset=0.784>=0.012
2025-12-07 22:56:35 [tracker] [s3] note-start t=6.747 fret=0 midi=50 vel=0.17 env=0.01436
2025-12-07 22:56:35 [tracker] [s1] onset-below-gate t=6.8427 env=0.000740 onset=0.945606 thresh=0.006000 baseline=0.033897 gate=0.001864 envFloor=0.021229 floor=0.022429 adapt=0.030327 lastPeak=0.037663 calib=0.022429 baseParam=0.000180 gateRatio=0.0550 envParam=0.000450
2025-12-07 22:56:35 [tracker] [s3] release-quiet t=6.875 avgEnv=0.00090 floor=0.01034 quietFrames=8
2025-12-07 22:56:35 [tracker] [s3] note-ended t=6.875 fret=0 dur=0.128
2025-12-07 22:56:35 [tracker] [s1] onset-below-gate t=6.9067 env=0.000986 onset=1.327913 thresh=0.006000 baseline=0.032893 gate=0.001809 envFloor=0.019065 floor=0.022429 adapt=0.025466 lastPeak=0.036547 calib=0.022429 baseParam=0.000180 gateRatio=0.0550 envParam=0.000450
2025-12-07 22:56:35 [tracker] [s1] onset-accepted t=7.0027 env=0.044409 onset=1.479374 thresh=0.006000 baseline=0.031442 gate=0.001729 envFloor=0.019065 floor=0.022429 adapt=0.026609 lastPeak=0.034935 calib=0.022429 baseParam=0.000180 gateRatio=0.0550 envParam=0.000450
2025-12-07 22:56:35 [tracker] [s1] onset t=7.003 env=0.04441 baseline=0.03144 gate=0.00173 envFloor=0.01907 onset=1.479>=0.006
2025-12-07 22:56:35 [tracker] [s1] note-ended (new onset) t=7.003 fret=0 dur=0.277
2025-12-07 22:56:35 [tracker] [s2] onset t=7.003 env=0.03565 baseline=0.02442 gate=0.00244 envFloor=0.01710 onset=1.495>=0.009
2025-12-07 22:56:35 [tracker] [s3] onset t=7.013 env=0.02108 baseline=0.01221 gate=0.00159 envFloor=0.01013 onset=1.377>=0.012
2025-12-07 22:56:35 [tracker] [s3] onset t=7.099 env=0.01761 baseline=0.01192 gate=0.00155 envFloor=0.01013 onset=1.064>=0.012
2025-12-07 22:56:35 [tracker] [s2] onset t=7.109 env=0.02398 baseline=0.02579 gate=0.00258 envFloor=0.01805 onset=0.643>=0.009
2025-12-07 22:56:35 [tracker] [s2] note-start t=7.109 fret=2 midi=47 vel=0.29 env=0.02398
2025-12-07 22:56:35 [tracker] [s1] onset-accepted t=7.1200 env=0.030250 onset=0.884431 thresh=0.006000 baseline=0.029755 gate=0.001637 envFloor=0.019065 floor=0.022429 adapt=0.024424 lastPeak=0.033061 calib=0.022429 baseParam=0.000180 gateRatio=0.0550 envParam=0.000450
2025-12-07 22:56:35 [tracker] [s1] onset t=7.120 env=0.03025 baseline=0.02976 gate=0.00164 envFloor=0.01907 onset=0.884>=0.006
2025-12-07 22:56:35 [tracker] [s1] onset-accepted t=7.1734 env=0.091362 onset=1.225888 thresh=0.006000 baseline=0.029019 gate=0.001596 envFloor=0.019065 floor=0.022429 adapt=0.026573 lastPeak=0.032243 calib=0.022429 baseParam=0.000180 gateRatio=0.0550 envParam=0.000450
2025-12-07 22:56:35 [tracker] [s1] onset t=7.173 env=0.09136 baseline=0.02902 gate=0.00160 envFloor=0.01907 onset=1.226>=0.006
2025-12-07 22:56:36 [tracker] [s2] onset t=7.227 env=0.07126 baseline=0.02865 gate=0.00287 envFloor=0.02006 onset=0.903>=0.009
2025-12-07 22:56:36 [tracker] [s2] note-ended (new onset) t=7.227 fret=2 dur=0.117
2025-12-07 22:56:36 [tracker] [s3] onset t=7.227 env=0.04690 baseline=0.01632 gate=0.00212 envFloor=0.01142 onset=0.928>=0.012
2025-12-07 22:56:36 [tracker] [s3] note-start t=7.227 fret=18 midi=68 vel=0.56 env=0.04690
2025-12-07 22:56:36 [tracker] [s1] onset-accepted t=7.3014 env=0.034814 onset=1.049136 thresh=0.006000 baseline=0.030802 gate=0.001694 envFloor=0.021561 floor=0.022429 adapt=0.030802 lastPeak=0.030361 calib=0.022429 baseParam=0.000180 gateRatio=0.0550 envParam=0.000450
2025-12-07 22:56:36 [tracker] [s1] onset t=7.301 env=0.03481 baseline=0.03080 gate=0.00169 envFloor=0.02156 onset=1.049>=0.006
2025-12-07 22:56:36 [tracker] [s2] onset t=7.323 env=0.02474 baseline=0.02991 gate=0.00299 envFloor=0.02094 onset=1.256>=0.009
2025-12-07 22:56:36 [tracker] [s2] note-start t=7.323 fret=14 midi=59 vel=0.30 env=0.02474
2025-12-07 22:56:36 [tracker] [s1] onset-accepted t=7.3654 env=0.042155 onset=0.940776 thresh=0.006000 baseline=0.028858 gate=0.001587 envFloor=0.020201 floor=0.022429 adapt=0.028858 lastPeak=0.029461 calib=0.022429 baseParam=0.000180 gateRatio=0.0550 envParam=0.000450
2025-12-07 22:56:36 [tracker] [s1] onset t=7.365 env=0.04215 baseline=0.02886 gate=0.00159 envFloor=0.02020 onset=0.941>=0.006
2025-12-07 22:56:36 [tracker] [s1] onset-accepted t=7.4294 env=0.042780 onset=1.177279 thresh=0.006000 baseline=0.026808 gate=0.001474 envFloor=0.019065 floor=0.022429 adapt=0.026808 lastPeak=0.028588 calib=0.022429 baseParam=0.000180 gateRatio=0.0550 envParam=0.000450
2025-12-07 22:56:36 [tracker] [s1] onset t=7.429 env=0.04278 baseline=0.02681 gate=0.00147 envFloor=0.01907 onset=1.177>=0.006
2025-12-07 22:56:36 [tracker] [s2] onset t=7.429 env=0.04566 baseline=0.02793 gate=0.00279 envFloor=0.01955 onset=1.036>=0.009
2025-12-07 22:56:36 [tracker] [s2] note-ended (new onset) t=7.429 fret=14 dur=0.107
2025-12-07 22:56:36 [tracker] [s2] note-start t=7.429 fret=14 midi=59 vel=0.55 env=0.04566
2025-12-07 22:56:36 [tracker] [s3] onset t=7.451 env=0.01721 baseline=0.03799 gate=0.00494 envFloor=0.01029 onset=1.002>=0.012
2025-12-07 22:56:36 [tracker] [s3] note-ended (new onset) t=7.451 fret=18 dur=0.224
2025-12-07 22:56:36 [tracker] [s2] onset t=7.493 env=0.03714 baseline=0.03987 gate=0.00399 envFloor=0.01819 onset=0.870>=0.009
2025-12-07 22:56:36 [tracker] [s2] note-ended (new onset) t=7.493 fret=14 dur=0.064
2025-12-07 22:56:36 [tracker] [s2] note-start t=7.493 fret=2 midi=47 vel=0.45 env=0.03714
2025-12-07 22:56:36 [tracker] [s3] onset t=7.547 env=0.01366 baseline=0.03632 gate=0.00472 envFloor=0.01013 onset=0.640>=0.012
2025-12-07 22:56:36 [tracker] [s1] onset-accepted t=7.5787 env=0.019927 onset=0.764604 thresh=0.006000 baseline=0.023986 gate=0.001319 envFloor=0.019065 floor=0.022429 adapt=0.022429 lastPeak=0.026651 calib=0.022429 baseParam=0.000180 gateRatio=0.0550 envParam=0.000450
2025-12-07 22:56:36 [tracker] [s1] onset t=7.579 env=0.01993 baseline=0.02399 gate=0.00132 envFloor=0.01907 onset=0.765>=0.006
2025-12-07 22:56:36 [tracker] [s1] note-start t=7.579 fret=0 midi=40 vel=0.24 env=0.01993
2025-12-07 22:56:36 [tracker] [s2] onset t=7.579 env=0.02023 baseline=0.03212 gate=0.00321 envFloor=0.01677 onset=0.942>=0.009
2025-12-07 22:56:36 [tracker] [s2] note-ended (new onset) t=7.579 fret=2 dur=0.085
2025-12-07 22:56:36 [tracker] [s2] note-start t=7.579 fret=14 midi=59 vel=0.24 env=0.02023
2025-12-07 22:56:36 [tracker] [s2] release-retrigger t=7.632 onset=0.698 gate=0.031 age=0.053
2025-12-07 22:56:36 [tracker] [s2] note-ended t=7.632 fret=14 dur=0.053
2025-12-07 22:56:36 [tracker] [s1] onset-accepted t=7.6854 env=0.019291 onset=1.000383 thresh=0.006000 baseline=0.022429 gate=0.001234 envFloor=0.019065 floor=0.022429 adapt=0.022429 lastPeak=0.018952 calib=0.022429 baseParam=0.000180 gateRatio=0.0550 envParam=0.000450
2025-12-07 22:56:36 [tracker] [s1] onset t=7.685 env=0.01929 baseline=0.02243 gate=0.00123 envFloor=0.01907 onset=1.000>=0.006
2025-12-07 22:56:36 [tracker] [s1] note-ended (new onset) t=7.685 fret=0 dur=0.107
2025-12-07 22:56:36 [tracker] [s1] note-start t=7.685 fret=0 midi=40 vel=0.23 env=0.01929
2025-12-07 22:56:36 [tracker] [s2] onset t=7.696 env=0.02634 baseline=0.02049 gate=0.00205 envFloor=0.01435 onset=1.211>=0.009
2025-12-07 22:56:36 [tracker] [s2] onset t=7.771 env=0.02190 baseline=0.01840 gate=0.00184 envFloor=0.01288 onset=0.993>=0.009
2025-12-07 22:56:36 [tracker] [s1] onset-below-env-floor t=7.8347 env=0.014405 onset=1.334068 thresh=0.006000 baseline=0.022429 gate=0.001234 envFloor=0.019065 floor=0.022429 adapt=0.022429 lastPeak=0.017983 calib=0.022429 baseParam=0.000180 gateRatio=0.0550 envParam=0.000450
2025-12-07 22:56:36 [tracker] [s2] onset t=7.963 env=0.00991 baseline=0.01520 gate=0.00152 envFloor=0.00926 onset=0.973>=0.009
2025-12-07 22:56:36 [tracker] [s2] note-start t=7.963 fret=2 midi=47 vel=0.12 env=0.00991
2025-12-07 22:56:36 [tracker] [s1] release-quiet t=8.005 avgEnv=0.00049 floor=0.01106 quietFrames=8
2025-12-07 22:56:36 [tracker] [s1] note-ended t=8.005 fret=0 dur=0.320
2025-12-07 22:56:36 [tracker] [s1] onset-below-gate t=8.0161 env=0.000346 onset=1.170940 thresh=0.006000 baseline=0.022429 gate=0.001234 envFloor=0.019065 floor=0.022429 adapt=0.022429 lastPeak=0.016514 calib=0.022429 baseParam=0.000180 gateRatio=0.0550 envParam=0.000450
2025-12-07 22:56:36 [tracker] [s1] onset-below-env-floor t=8.0694 env=0.011669 onset=1.016881 thresh=0.006000 baseline=0.022429 gate=0.001234 envFloor=0.019065 floor=0.022429 adapt=0.022429 lastPeak=0.016106 calib=0.022429 baseParam=0.000180 gateRatio=0.0550 envParam=0.000450
2025-12-07 22:56:36 [tracker] [s2] onset t=8.069 env=0.02965 baseline=0.01836 gate=0.00184 envFloor=0.01285 onset=1.350>=0.009
2025-12-07 22:56:36 [tracker] [s2] note-ended (new onset) t=8.069 fret=2 dur=0.107
2025-12-07 22:56:36 [tracker] [s3] onset t=8.069 env=0.06911 baseline=0.02841 gate=0.00369 envFloor=0.01330 onset=1.339>=0.012
2025-12-07 22:56:36 [tracker] [s2] onset t=8.165 env=0.05036 baseline=0.02096 gate=0.00210 envFloor=0.01468 onset=0.944>=0.009
2025-12-07 22:56:36 [tracker] [s2] note-start t=8.165 fret=9 midi=54 vel=0.60 env=0.05036
2025-12-07 22:56:37 [tracker] [s1] onset-below-env-floor t=8.2081 env=0.010057 onset=1.063372 thresh=0.006000 baseline=0.022429 gate=0.001234 envFloor=0.019065 floor=0.022429 adapt=0.022429 lastPeak=0.015090 calib=0.022429 baseParam=0.000180 gateRatio=0.0550 envParam=0.000450
2025-12-07 22:56:37 [tracker] [s3] onset t=8.219 env=0.03580 baseline=0.02648 gate=0.00344 envFloor=0.01674 onset=1.096>=0.012
2025-12-07 22:56:37 [tracker] [s1] onset-below-env-floor t=8.2721 env=0.010540 onset=1.354782 thresh=0.006000 baseline=0.022429 gate=0.001234 envFloor=0.019065 floor=0.022429 adapt=0.022429 lastPeak=0.014642 calib=0.022429 baseParam=0.000180 gateRatio=0.0550 envParam=0.000450
2025-12-07 22:56:37 [tracker] [s2] onset t=8.293 env=0.02865 baseline=0.04268 gate=0.00427 envFloor=0.01375 onset=0.986>=0.009
2025-12-07 22:56:37 [tracker] [s2] note-ended (new onset) t=8.293 fret=9 dur=0.128
2025-12-07 22:56:37 [tracker] [s3] onset t=8.293 env=0.04759 baseline=0.02557 gate=0.00332 envFloor=0.01637 onset=1.148>=0.012
2025-12-07 22:56:37 [tracker] [s3] note-start t=8.293 fret=12 midi=62 vel=0.57 env=0.04759
2025-12-07 22:56:37 [tracker] [s2] onset t=8.368 env=0.03380 baseline=0.02489 gate=0.00249 envFloor=0.01284 onset=1.007>=0.009
2025-12-07 22:56:37 [tracker] [s2] note-ended (new onset) t=8.368 fret=9 dur=0.075
2025-12-07 22:56:37 [tracker] [s2] note-start t=8.368 fret=9 midi=54 vel=0.41 env=0.03380
2025-12-07 22:56:37 [tracker] [s3] onset t=8.400 env=0.02115 baseline=0.04074 gate=0.00530 envFloor=0.01492 onset=1.230>=0.012
2025-12-07 22:56:37 [tracker] [s3] note-ended (new onset) t=8.400 fret=12 dur=0.107
2025-12-07 22:56:37 [tracker] [s3] note-start t=8.400 fret=12 midi=62 vel=0.25 env=0.02115
2025-12-07 22:56:37 [tracker] [s1] onset-below-env-floor t=8.4107 env=0.010670 onset=0.759207 thresh=0.006000 baseline=0.022429 gate=0.001234 envFloor=0.019065 floor=0.022429 adapt=0.022429 lastPeak=0.013719 calib=0.022429 baseParam=0.000180 gateRatio=0.0550 envParam=0.000450
2025-12-07 22:56:37 [tracker] [s1] onset-accepted t=8.4854 env=0.042273 onset=0.610613 thresh=0.006000 baseline=0.026296 gate=0.001446 envFloor=0.019065 floor=0.022429 adapt=0.026296 lastPeak=0.013246 calib=0.022429 baseParam=0.000180 gateRatio=0.0550 envParam=0.000450
2025-12-07 22:56:37 [tracker] [s1] onset t=8.485 env=0.04227 baseline=0.02630 gate=0.00145 envFloor=0.01907 onset=0.611>=0.006
2025-12-07 22:56:37 [tracker] [s2] onset t=8.496 env=0.06562 baseline=0.03216 gate=0.00322 envFloor=0.02252 onset=0.708>=0.009
2025-12-07 22:56:37 [tracker] [s2] note-ended (new onset) t=8.496 fret=9 dur=0.128
2025-12-07 22:56:37 [tracker] [s3] onset t=8.496 env=0.02339 baseline=0.01932 gate=0.00251 envFloor=0.01353 onset=0.667>=0.012
2025-12-07 22:56:37 [tracker] [s3] note-ended (new onset) t=8.496 fret=12 dur=0.096
2025-12-07 22:56:37 [tracker] [s2] onset t=8.571 env=0.06070 baseline=0.03386 gate=0.00339 envFloor=0.02370 onset=1.071>=0.009
2025-12-07 22:56:37 [tracker] [s2] note-start t=8.571 fret=0 midi=45 vel=0.73 env=0.06070
2025-12-07 22:56:37 [tracker] [s3] onset t=8.571 env=0.01813 baseline=0.01757 gate=0.00228 envFloor=0.01222 onset=0.938>=0.012
2025-12-07 22:56:37 [tracker] [s1] onset-below-env-floor t=8.6027 env=0.010750 onset=0.815112 thresh=0.006000 baseline=0.030343 gate=0.001669 envFloor=0.021240 floor=0.022429 adapt=0.030343 lastPeak=0.012535 calib=0.022429 baseParam=0.000180 gateRatio=0.0550 envParam=0.000450
2025-12-07 22:56:37 [tracker] [s2] release-quiet t=8.699 avgEnv=0.00023 floor=0.01675 quietFrames=8
2025-12-07 22:56:37 [tracker] [s2] note-ended t=8.699 fret=0 dur=0.128
2025-12-07 22:56:37 [tracker] [s1] onset-below-gate t=8.7201 env=0.000159 onset=1.136311 thresh=0.006000 baseline=0.022429 gate=0.001234 envFloor=0.019065 floor=0.022429 adapt=0.022429 lastPeak=0.011863 calib=0.022429 baseParam=0.000180 gateRatio=0.0550 envParam=0.000450
2025-12-07 22:56:38 [tracker] [s1] onset-below-gate t=9.3707 env=0.000194 onset=0.998396 thresh=0.006000 baseline=0.022429 gate=0.001234 envFloor=0.019065 floor=0.022429 adapt=0.022429 lastPeak=0.008738 calib=0.022429 baseParam=0.000180 gateRatio=0.0550 envParam=0.000450
2025-12-07 22:56:38 [tracker] [s1] configure sr=48000.0 hop=384 fft=4096 low=37.1 high=445.0
2025-12-07 22:56:38 [tracker] [s1] params baseline=0.000180 gate=0.0550 envFloor=0.000450 sustain=0.580 retrigger=1.400 peakRelease=0.120 pitchTol=0.400 onsetScale=0.006 aubioScale=1.20 aubioThresh=0.024 onsetSilence=-85.0 pitchSilence=-90.0
2025-12-07 22:56:38 [tracker] [s1] onset-below-gate t=9.4121 env=0.000202 onset=4.000000 thresh=0.006000 baseline=0.022429 gate=0.001234 envFloor=0.019065 floor=0.022429 adapt=0.022429 lastPeak=0.008564 calib=0.022429 baseParam=0.000180 gateRatio=0.0550 envParam=0.000450
2025-12-07 22:56:38 [tracker] [s2] configure sr=48000.0 hop=384 fft=4096 low=55.0 high=563.2
2025-12-07 22:56:38 [tracker] [s2] params baseline=0.000220 gate=0.1000 envFloor=0.000550 sustain=0.700 retrigger=1.250 peakRelease=0.130 pitchTol=0.400 onsetScale=0.009 aubioScale=1.35 aubioThresh=0.027 onsetSilence=-85.0 pitchSilence=-90.0
2025-12-07 22:56:38 [tracker] [s3] configure sr=48000.0 hop=384 fft=4096 low=85.2 high=693.0
2025-12-07 22:56:38 [tracker] [s3] params baseline=0.000260 gate=0.1300 envFloor=0.000650 sustain=0.820 retrigger=1.100 peakRelease=0.140 pitchTol=0.450 onsetScale=0.012 aubioScale=1.60 aubioThresh=0.032 onsetSilence=-75.0 pitchSilence=-80.0
2025-12-07 22:56:38 [tracker] [s4] configure sr=48000.0 hop=384 fft=2048 low=127.4 high=862.4
2025-12-07 22:56:38 [tracker] [s4] params baseline=0.000320 gate=0.1700 envFloor=0.000780 sustain=1.000 retrigger=1.000 peakRelease=0.160 pitchTol=0.440 onsetScale=0.014 aubioScale=1.80 aubioThresh=0.036 onsetSilence=-75.0 pitchSilence=-80.0
2025-12-07 22:56:38 [tracker] [s5] configure sr=48000.0 hop=384 fft=2048 low=160.5 high=1086.5
2025-12-07 22:56:38 [tracker] [s5] params baseline=0.000370 gate=0.2100 envFloor=0.000900 sustain=1.000 retrigger=1.000 peakRelease=0.180 pitchTol=0.500 onsetScale=0.016 aubioScale=1.80 aubioThresh=0.036 onsetSilence=-75.0 pitchSilence=-80.0
2025-12-07 22:56:38 [tracker] [s6] configure sr=48000.0 hop=384 fft=2048 low=214.3 high=1450.4
2025-12-07 22:56:38 [tracker] [s6] params baseline=0.000420 gate=0.2500 envFloor=0.001050 sustain=1.000 retrigger=1.000 peakRelease=0.200 pitchTol=0.550 onsetScale=0.018 aubioScale=1.80 aubioThresh=0.036 onsetSilence=-75.0 pitchSilence=-80.0
2025-12-07 22:56:39 [test-mode] play session='live/efasef' position=0.00 duration=9.42
2025-12-07 22:56:39 [tracker] [s1] configure sr=48000.0 hop=512 fft=4096 low=37.1 high=445.0
2025-12-07 22:56:39 [tracker] [s1] params baseline=0.000180 gate=0.0550 envFloor=0.000450 sustain=0.580 retrigger=1.400 peakRelease=0.120 pitchTol=0.400 onsetScale=0.006 aubioScale=1.20 aubioThresh=0.024 onsetSilence=-85.0 pitchSilence=-90.0
2025-12-07 22:56:39 [tracker] [s1] onset-below-gate t=0.0053 env=0.000129 onset=4.000000 thresh=0.006000 baseline=0.022429 gate=0.001234 envFloor=0.019065 floor=0.022429 adapt=0.022429 lastPeak=0.000000 calib=0.022429 baseParam=0.000180 gateRatio=0.0550 envParam=0.000450
2025-12-07 22:56:39 [tracker] [s2] configure sr=48000.0 hop=512 fft=4096 low=55.0 high=563.2
2025-12-07 22:56:39 [tracker] [s2] params baseline=0.000220 gate=0.1000 envFloor=0.000550 sustain=0.700 retrigger=1.250 peakRelease=0.130 pitchTol=0.400 onsetScale=0.009 aubioScale=1.35 aubioThresh=0.027 onsetSilence=-85.0 pitchSilence=-90.0
2025-12-07 22:56:39 [tracker] [s3] configure sr=48000.0 hop=512 fft=4096 low=85.2 high=693.0
2025-12-07 22:56:39 [tracker] [s3] params baseline=0.000260 gate=0.1300 envFloor=0.000650 sustain=0.820 retrigger=1.100 peakRelease=0.140 pitchTol=0.450 onsetScale=0.012 aubioScale=1.60 aubioThresh=0.032 onsetSilence=-75.0 pitchSilence=-80.0
2025-12-07 22:56:39 [tracker] [s4] configure sr=48000.0 hop=512 fft=4096 low=127.4 high=862.4
2025-12-07 22:56:39 [tracker] [s4] params baseline=0.000320 gate=0.1700 envFloor=0.000780 sustain=1.000 retrigger=1.000 peakRelease=0.160 pitchTol=0.440 onsetScale=0.014 aubioScale=1.80 aubioThresh=0.036 onsetSilence=-75.0 pitchSilence=-80.0
2025-12-07 22:56:39 [tracker] [s5] configure sr=48000.0 hop=512 fft=2048 low=160.5 high=1086.5
2025-12-07 22:56:39 [tracker] [s5] params baseline=0.000370 gate=0.2100 envFloor=0.000900 sustain=1.000 retrigger=1.000 peakRelease=0.180 pitchTol=0.500 onsetScale=0.016 aubioScale=1.80 aubioThresh=0.036 onsetSilence=-75.0 pitchSilence=-80.0
2025-12-07 22:56:39 [tracker] [s6] configure sr=48000.0 hop=512 fft=2048 low=214.3 high=1450.4
2025-12-07 22:56:39 [tracker] [s6] params baseline=0.000420 gate=0.2500 envFloor=0.001050 sustain=1.000 retrigger=1.000 peakRelease=0.200 pitchTol=0.550 onsetScale=0.018 aubioScale=1.80 aubioThresh=0.036 onsetSilence=-75.0 pitchSilence=-80.0
2025-12-07 22:56:41 [tracker] [s1] onset-accepted t=1.3493 env=0.042743 onset=1.227486 thresh=0.006000 baseline=0.022429 gate=0.001234 envFloor=0.019065 floor=0.022429 adapt=0.022429 lastPeak=0.000000 calib=0.022429 baseParam=0.000180 gateRatio=0.0550 envParam=0.000450
2025-12-07 22:56:41 [tracker] [s1] onset t=1.349 env=0.04274 baseline=0.02243 gate=0.00123 envFloor=0.01907 onset=1.227>=0.006
2025-12-07 22:56:41 [tracker] [s2] onset t=1.360 env=0.04811 baseline=0.01742 gate=0.00174 envFloor=0.01219 onset=1.047>=0.009
2025-12-07 22:56:41 [tracker] [s3] onset t=1.371 env=0.02980 baseline=0.01192 gate=0.00155 envFloor=0.01013 onset=0.513>=0.012
2025-12-07 22:56:41 [tracker] [s1] onset-accepted t=1.4347 env=0.030817 onset=1.305254 thresh=0.006000 baseline=0.022429 gate=0.001234 envFloor=0.019065 floor=0.022429 adapt=0.022429 lastPeak=0.000000 calib=0.022429 baseParam=0.000180 gateRatio=0.0550 envParam=0.000450
2025-12-07 22:56:41 [tracker] [s1] onset t=1.435 env=0.03082 baseline=0.02243 gate=0.00123 envFloor=0.01907 onset=1.305>=0.006
2025-12-07 22:56:41 [tracker] [s1] note-start t=1.435 fret=5 midi=45 vel=0.37 env=0.03082
2025-12-07 22:56:41 [tracker] [s3] onset t=1.456 env=0.02562 baseline=0.01249 gate=0.00162 envFloor=0.01013 onset=1.117>=0.012
2025-12-07 22:56:41 [tracker] [s3] note-start t=1.456 fret=7 midi=57 vel=0.31 env=0.02562
2025-12-07 22:56:41 [tracker] [s1] onset-accepted t=1.6907 env=0.057585 onset=1.089719 thresh=0.006000 baseline=0.024591 gate=0.001353 envFloor=0.019065 floor=0.022429 adapt=0.024488 lastPeak=0.027324 calib=0.022429 baseParam=0.000180 gateRatio=0.0550 envParam=0.000450
2025-12-07 22:56:41 [tracker] [s1] onset t=1.691 env=0.05759 baseline=0.02459 gate=0.00135 envFloor=0.01907 onset=1.090>=0.006
2025-12-07 22:56:41 [tracker] [s1] note-ended (new onset) t=1.691 fret=5 dur=0.256
2025-12-07 22:56:41 [tracker] [s2] onset t=1.701 env=0.03983 baseline=0.02343 gate=0.00234 envFloor=0.01640 onset=1.282>=0.009
2025-12-07 22:56:41 [tracker] [s3] onset t=1.712 env=0.01694 baseline=0.02045 gate=0.00266 envFloor=0.01013 onset=1.048>=0.012
2025-12-07 22:56:41 [tracker] [s3] note-ended (new onset) t=1.712 fret=7 dur=0.256
2025-12-07 22:56:41 [tracker] [s3] note-start t=1.712 fret=7 midi=57 vel=0.20 env=0.01694
2025-12-07 22:56:41 [tracker] [s1] onset-accepted t=1.7760 env=0.037181 onset=1.078240 thresh=0.006000 baseline=0.024034 gate=0.001322 envFloor=0.019065 floor=0.022429 adapt=0.024034 lastPeak=0.026250 calib=0.022429 baseParam=0.000180 gateRatio=0.0550 envParam=0.000450
2025-12-07 22:56:41 [tracker] [s1] onset t=1.776 env=0.03718 baseline=0.02403 gate=0.00132 envFloor=0.01907 onset=1.078>=0.006
2025-12-07 22:56:41 [tracker] [s1] note-start t=1.776 fret=5 midi=45 vel=0.45 env=0.03718
2025-12-07 22:56:41 [tracker] [s2] onset t=1.787 env=0.03384 baseline=0.02219 gate=0.00222 envFloor=0.01554 onset=1.053>=0.009
2025-12-07 22:56:41 [tracker] [s2] note-start t=1.787 fret=7 midi=52 vel=0.41 env=0.03384
2025-12-07 22:56:41 [tracker] [s2] onset t=1.947 env=0.02246 baseline=0.02825 gate=0.00283 envFloor=0.01354 onset=0.865>=0.009
2025-12-07 22:56:41 [tracker] [s2] note-ended (new onset) t=1.947 fret=7 dur=0.160
2025-12-07 22:56:41 [tracker] [s2] note-start t=1.947 fret=7 midi=52 vel=0.27 env=0.02246
2025-12-07 22:56:41 [tracker] [s1] onset-below-env-floor t=2.0000 env=0.003626 onset=0.976774 thresh=0.006000 baseline=0.030119 gate=0.001657 envFloor=0.019065 floor=0.022429 adapt=0.022429 lastPeak=0.033466 calib=0.022429 baseParam=0.000180 gateRatio=0.0550 envParam=0.000450
2025-12-07 22:56:41 [tracker] [s1] release-retrigger t=2.000 onset=0.977 gate=0.030 age=0.224
2025-12-07 22:56:41 [tracker] [s1] note-ended t=2.000 fret=5 dur=0.224
2025-12-07 22:56:41 [tracker] [s3] release-retrigger t=2.000 onset=1.255 gate=0.011 age=0.288
2025-12-07 22:56:41 [tracker] [s3] note-ended t=2.000 fret=7 dur=0.288
2025-12-07 22:56:41 [tracker] [s2] release-retrigger t=2.053 onset=1.107 gate=0.021 age=0.107
2025-12-07 22:56:41 [tracker] [s2] note-ended t=2.053 fret=7 dur=0.107
2025-12-07 22:56:42 [tracker] [s1] onset-below-env-floor t=2.3413 env=0.002722 onset=0.984402 thresh=0.006000 baseline=0.025656 gate=0.001411 envFloor=0.019065 floor=0.022429 adapt=0.022429 lastPeak=0.028506 calib=0.022429 baseParam=0.000180 gateRatio=0.0550 envParam=0.000450
2025-12-07 22:56:42 [tracker] [s2] onset t=2.352 env=0.04960 baseline=0.01701 gate=0.00170 envFloor=0.01190 onset=0.705>=0.009
2025-12-07 22:56:42 [tracker] [s3] onset t=2.352 env=0.04647 baseline=0.01632 gate=0.00212 envFloor=0.01142 onset=1.434>=0.012
2025-12-07 22:56:42 [tracker] [s4] onset t=2.363 env=0.04570 baseline=0.04090 gate=0.00695 envFloor=0.03477 onset=0.976>=0.014
2025-12-07 22:56:42 [tracker] [s2] onset t=2.437 env=0.03486 baseline=0.01999 gate=0.00200 envFloor=0.01400 onset=1.004>=0.009
2025-12-07 22:56:42 [tracker] [s2] note-start t=2.437 fret=5 midi=50 vel=0.42 env=0.03486
2025-12-07 22:56:42 [tracker] [s3] onset t=2.448 env=0.03886 baseline=0.02049 gate=0.00266 envFloor=0.01434 onset=1.254>=0.012
2025-12-07 22:56:42 [tracker] [s3] note-start t=2.448 fret=7 midi=57 vel=0.47 env=0.03886
2025-12-07 22:56:42 [tracker] [s4] onset t=2.448 env=0.03719 baseline=0.04090 gate=0.00695 envFloor=0.03477 onset=1.130>=0.014
2025-12-07 22:56:42 [tracker] [s4] note-start t=2.448 fret=7 midi=62 vel=0.45 env=0.03719
2025-12-07 22:56:42 [tracker] [s4] release-quiet t=2.576 avgEnv=0.03060 floor=0.03477 quietFrames=8
2025-12-07 22:56:42 [tracker] [s4] note-ended t=2.576 fret=7 dur=0.128
2025-12-07 22:56:42 [tracker] [s2] onset t=2.672 env=0.05971 baseline=0.02810 gate=0.00281 envFloor=0.01701 onset=1.064>=0.009
2025-12-07 22:56:42 [tracker] [s2] note-ended (new onset) t=2.672 fret=5 dur=0.235
2025-12-07 22:56:42 [tracker] [s3] onset t=2.672 env=0.06789 baseline=0.03148 gate=0.00409 envFloor=0.02017 onset=1.363>=0.012
2025-12-07 22:56:42 [tracker] [s3] note-ended (new onset) t=2.672 fret=7 dur=0.224
2025-12-07 22:56:42 [tracker] [s3] note-start t=2.672 fret=7 midi=57 vel=0.81 env=0.06789
2025-12-07 22:56:42 [tracker] [s4] onset t=2.683 env=0.05790 baseline=0.04090 gate=0.00695 envFloor=0.03477 onset=1.228>=0.014
2025-12-07 22:56:42 [tracker] [s4] note-start t=2.683 fret=7 midi=62 vel=0.69 env=0.05790
2025-12-07 22:56:42 [tracker] [s1] onset-below-env-floor t=2.6933 env=0.001266 onset=0.732420 thresh=0.006000 baseline=0.022429 gate=0.001234 envFloor=0.019065 floor=0.022429 adapt=0.022429 lastPeak=0.024160 calib=0.022429 baseParam=0.000180 gateRatio=0.0550 envParam=0.000450
2025-12-07 22:56:42 [tracker] [s2] onset t=2.757 env=0.03893 baseline=0.02699 gate=0.00270 envFloor=0.01771 onset=1.008>=0.009
2025-12-07 22:56:42 [tracker] [s2] note-start t=2.757 fret=5 midi=50 vel=0.47 env=0.03893
2025-12-07 22:56:42 [tracker] [s1] onset-below-gate t=2.7680 env=0.001086 onset=1.002096 thresh=0.006000 baseline=0.022429 gate=0.001234 envFloor=0.019065 floor=0.022429 adapt=0.022429 lastPeak=0.023327 calib=0.022429 baseParam=0.000180 gateRatio=0.0550 envParam=0.000450
2025-12-07 22:56:42 [tracker] [s3] onset t=2.768 env=0.05196 baseline=0.05841 gate=0.00759 envFloor=0.02135 onset=1.349>=0.012
2025-12-07 22:56:42 [tracker] [s3] note-ended (new onset) t=2.768 fret=7 dur=0.096
2025-12-07 22:56:42 [tracker] [s3] note-start t=2.768 fret=7 midi=57 vel=0.62 env=0.05196
2025-12-07 22:56:42 [tracker] [s4] onset t=2.768 env=0.04817 baseline=0.05006 gate=0.00851 envFloor=0.03477 onset=1.370>=0.014
2025-12-07 22:56:42 [tracker] [s4] note-ended (new onset) t=2.768 fret=7 dur=0.085
2025-12-07 22:56:42 [tracker] [s4] note-start t=2.768 fret=7 midi=62 vel=0.58 env=0.04817
2025-12-07 22:56:42 [tracker] [s3] release-retrigger t=2.896 onset=1.242 gate=0.033 age=0.128
2025-12-07 22:56:42 [tracker] [s3] note-ended t=2.896 fret=7 dur=0.128
2025-12-07 22:56:42 [tracker] [s2] release-retrigger t=2.939 onset=0.938 gate=0.031 age=0.181
2025-12-07 22:56:42 [tracker] [s2] note-ended t=2.939 fret=5 dur=0.181
2025-12-07 22:56:42 [tracker] [s4] release-retrigger t=2.981 onset=1.100 gate=0.035 age=0.213
2025-12-07 22:56:42 [tracker] [s4] note-ended t=2.981 fret=7 dur=0.213
2025-12-07 22:56:43 [tracker] [s1] onset-below-gate t=3.6000 env=0.000529 onset=0.948374 thresh=0.006000 baseline=0.022429 gate=0.001234 envFloor=0.019065 floor=0.022429 adapt=0.022429 lastPeak=0.015778 calib=0.022429 baseParam=0.000180 gateRatio=0.0550 envParam=0.000450
2025-12-07 22:56:43 [tracker] [s1] onset-below-env-floor t=3.9093 env=0.007798 onset=0.713846 thresh=0.006000 baseline=0.022429 gate=0.001234 envFloor=0.019065 floor=0.022429 adapt=0.022429 lastPeak=0.013644 calib=0.022429 baseParam=0.000180 gateRatio=0.0550 envParam=0.000450
2025-12-07 22:56:43 [tracker] [s2] onset t=3.909 env=0.06030 baseline=0.02039 gate=0.00204 envFloor=0.01310 onset=1.484>=0.009
2025-12-07 22:56:43 [tracker] [s3] onset t=3.920 env=0.08929 baseline=0.02721 gate=0.00354 envFloor=0.01736 onset=1.377>=0.012
2025-12-07 22:56:43 [tracker] [s4] onset t=3.931 env=0.06195 baseline=0.04090 gate=0.00695 envFloor=0.03477 onset=1.219>=0.014
2025-12-07 22:56:43 [tracker] [s2] onset t=4.005 env=0.05579 baseline=0.02793 gate=0.00279 envFloor=0.01955 onset=0.524>=0.009
2025-12-07 22:56:43 [tracker] [s2] note-start t=4.005 fret=5 midi=50 vel=0.67 env=0.05579
2025-12-07 22:56:44 [tracker] [s4] onset t=4.016 env=0.04526 baseline=0.04090 gate=0.00695 envFloor=0.03477 onset=1.159>=0.014
2025-12-07 22:56:44 [tracker] [s4] note-start t=4.016 fret=7 midi=62 vel=0.54 env=0.04526
2025-12-07 22:56:44 [tracker] [s4] release-quiet t=4.208 avgEnv=0.02872 floor=0.03477 quietFrames=8
2025-12-07 22:56:44 [tracker] [s4] note-ended t=4.208 fret=7 dur=0.192
2025-12-07 22:56:44 [tracker] [s2] onset t=4.261 env=0.13959 baseline=0.04927 gate=0.00493 envFloor=0.03449 onset=1.208>=0.009
2025-12-07 22:56:44 [tracker] [s2] note-ended (new onset) t=4.261 fret=5 dur=0.256
2025-12-07 22:56:44 [tracker] [s2] note-start t=4.261 fret=5 midi=50 vel=1.00 env=0.13959
2025-12-07 22:56:44 [tracker] [s3] onset t=4.272 env=0.12865 baseline=0.05109 gate=0.00664 envFloor=0.03576 onset=1.254>=0.012
2025-12-07 22:56:44 [tracker] [s1] onset-below-env-floor t=4.2827 env=0.002507 onset=1.011835 thresh=0.006000 baseline=0.022429 gate=0.001234 envFloor=0.019065 floor=0.022429 adapt=0.022429 lastPeak=0.011448 calib=0.022429 baseParam=0.000180 gateRatio=0.0550 envParam=0.000450
2025-12-07 22:56:44 [tracker] [s4] onset t=4.283 env=0.07277 baseline=0.04090 gate=0.00695 envFloor=0.03477 onset=0.895>=0.014
2025-12-07 22:56:44 [tracker] [s4] note-start t=4.283 fret=7 midi=62 vel=0.87 env=0.07277
2025-12-07 22:56:44 [tracker] [s2] onset t=4.347 env=0.09488 baseline=0.12069 gate=0.01207 envFloor=0.04028 onset=1.108>=0.009
2025-12-07 22:56:44 [tracker] [s2] note-ended (new onset) t=4.347 fret=5 dur=0.085
2025-12-07 22:56:44 [tracker] [s2] note-start t=4.347 fret=5 midi=50 vel=1.00 env=0.09488
2025-12-07 22:56:44 [tracker] [s3] onset t=4.357 env=0.09236 baseline=0.11124 gate=0.01446 envFloor=0.03551 onset=1.046>=0.012
2025-12-07 22:56:44 [tracker] [s3] note-ended (new onset) t=4.357 fret=7 dur=0.085
2025-12-07 22:56:44 [tracker] [s3] note-start t=4.357 fret=7 midi=57 vel=1.00 env=0.09236
2025-12-07 22:56:44 [tracker] [s1] onset-below-env-floor t=4.3680 env=0.002283 onset=1.000973 thresh=0.006000 baseline=0.022429 gate=0.001234 envFloor=0.019065 floor=0.022429 adapt=0.022429 lastPeak=0.010998 calib=0.022429 baseParam=0.000180 gateRatio=0.0550 envParam=0.000450
2025-12-07 22:56:44 [tracker] [s4] onset t=4.368 env=0.04716 baseline=0.06291 gate=0.01070 envFloor=0.03477 onset=1.150>=0.014
2025-12-07 22:56:44 [tracker] [s4] note-ended (new onset) t=4.368 fret=7 dur=0.085
2025-12-07 22:56:44 [tracker] [s4] note-start t=4.368 fret=7 midi=62 vel=0.57 env=0.04716
2025-12-07 22:56:44 [tracker] [s2] release-retrigger t=4.400 onset=0.965 gate=0.081 age=0.053
2025-12-07 22:56:44 [tracker] [s2] note-ended t=4.400 fret=5 dur=0.053
2025-12-07 22:56:44 [tracker] [s3] onset t=4.453 env=0.06559 baseline=0.07946 gate=0.01033 envFloor=0.03309 onset=0.782>=0.012
2025-12-07 22:56:44 [tracker] [s3] note-ended (new onset) t=4.453 fret=7 dur=0.096
2025-12-07 22:56:44 [tracker] [s3] note-start t=4.453 fret=7 midi=57 vel=0.79 env=0.06559
2025-12-07 22:56:44 [tracker] [s3] release-retrigger t=4.528 onset=1.264 gate=0.051 age=0.075
2025-12-07 22:56:44 [tracker] [s3] note-ended t=4.528 fret=7 dur=0.075
2025-12-07 22:56:44 [tracker] [s4] release-quiet t=4.549 avgEnv=0.02560 floor=0.03477 quietFrames=8
2025-12-07 22:56:44 [tracker] [s4] note-ended t=4.549 fret=7 dur=0.181
2025-12-07 22:56:44 [tracker] [s1] onset-below-env-floor t=4.8800 env=0.006237 onset=1.327234 thresh=0.006000 baseline=0.022429 gate=0.001234 envFloor=0.019065 floor=0.022429 adapt=0.022429 lastPeak=0.008646 calib=0.022429 baseParam=0.000180 gateRatio=0.0550 envParam=0.000450
2025-12-07 22:56:44 [tracker] [s2] onset t=4.901 env=0.10232 baseline=0.06580 gate=0.00658 envFloor=0.02700 onset=0.540>=0.009
2025-12-07 22:56:44 [tracker] [s3] onset t=4.901 env=0.07025 baseline=0.04782 gate=0.00622 envFloor=0.01872 onset=1.280>=0.012
2025-12-07 22:56:44 [tracker] [s4] onset t=4.912 env=0.07134 baseline=0.04090 gate=0.00695 envFloor=0.03477 onset=0.545>=0.014
2025-12-07 22:56:45 [tracker] [s2] onset t=4.987 env=0.06400 baseline=0.06321 gate=0.00632 envFloor=0.02926 onset=1.018>=0.009
2025-12-07 22:56:45 [tracker] [s2] note-start t=4.987 fret=3 midi=48 vel=0.77 env=0.06400
2025-12-07 22:56:45 [tracker] [s3] onset t=4.987 env=0.06092 baseline=0.04595 gate=0.00597 envFloor=0.02105 onset=1.012>=0.012
2025-12-07 22:56:45 [tracker] [s3] note-start t=4.987 fret=5 midi=55 vel=0.73 env=0.06092
2025-12-07 22:56:45 [tracker] [s4] onset t=4.997 env=0.05683 baseline=0.04090 gate=0.00695 envFloor=0.03477 onset=1.055>=0.014
2025-12-07 22:56:45 [tracker] [s4] note-start t=4.997 fret=5 midi=60 vel=0.68 env=0.05683
2025-12-07 22:56:45 [tracker] [s2] onset t=5.093 env=0.04884 baseline=0.05478 gate=0.00548 envFloor=0.02747 onset=1.416>=0.009
2025-12-07 22:56:45 [tracker] [s2] note-ended (new onset) t=5.093 fret=3 dur=0.107
2025-12-07 22:56:45 [tracker] [s2] note-start t=5.093 fret=3 midi=48 vel=0.59 env=0.04884
2025-12-07 22:56:45 [tracker] [s4] onset t=5.093 env=0.03667 baseline=0.04889 gate=0.00831 envFloor=0.03477 onset=1.456>=0.014
2025-12-07 22:56:45 [tracker] [s4] note-ended (new onset) t=5.093 fret=5 dur=0.096
2025-12-07 22:56:45 [tracker] [s4] note-start t=5.093 fret=5 midi=60 vel=0.44 env=0.03667
2025-12-07 22:56:45 [tracker] [s1] onset-below-env-floor t=5.1040 env=0.001549 onset=0.939250 thresh=0.006000 baseline=0.022429 gate=0.001234 envFloor=0.019065 floor=0.022429 adapt=0.022429 lastPeak=0.007783 calib=0.022429 baseParam=0.000180 gateRatio=0.0550 envParam=0.000450
2025-12-07 22:56:45 [tracker] [s3] onset t=5.104 env=0.04264 baseline=0.05188 gate=0.00674 envFloor=0.02054 onset=0.510>=0.012
2025-12-07 22:56:45 [tracker] [s3] note-ended (new onset) t=5.104 fret=5 dur=0.117
2025-12-07 22:56:45 [tracker] [s3] note-start t=5.104 fret=5 midi=55 vel=0.51 env=0.04264
2025-12-07 22:56:45 [tracker] [s1] onset-below-env-floor t=5.1573 env=0.013938 onset=0.978939 thresh=0.006000 baseline=0.022429 gate=0.001234 envFloor=0.019065 floor=0.022429 adapt=0.022429 lastPeak=0.007590 calib=0.022429 baseParam=0.000180 gateRatio=0.0550 envParam=0.000450
2025-12-07 22:56:45 [tracker] [s3] onset t=5.168 env=0.02573 baseline=0.03724 gate=0.00484 envFloor=0.02033 onset=1.238>=0.012
2025-12-07 22:56:45 [tracker] [s3] note-ended (new onset) t=5.168 fret=5 dur=0.064
2025-12-07 22:56:45 [tracker] [s4] release-retrigger t=5.179 onset=1.271 gate=0.035 age=0.085
2025-12-07 22:56:45 [tracker] [s4] note-ended t=5.179 fret=5 dur=0.085
2025-12-07 22:56:45 [tracker] [s1] onset-below-env-floor t=5.2320 env=0.005450 onset=1.066460 thresh=0.006000 baseline=0.022429 gate=0.001234 envFloor=0.019065 floor=0.022429 adapt=0.022429 lastPeak=0.007328 calib=0.022429 baseParam=0.000180 gateRatio=0.0550 envParam=0.000450
2025-12-07 22:56:45 [tracker] [s3] onset t=5.243 env=0.03029 baseline=0.03596 gate=0.00467 envFloor=0.01852 onset=1.059>=0.012
2025-12-07 22:56:45 [tracker] [s3] note-start t=5.243 fret=5 midi=55 vel=0.36 env=0.03029
2025-12-07 22:56:45 [tracker] [s2] onset t=5.264 env=0.03034 baseline=0.04057 gate=0.00406 envFloor=0.02400 onset=1.425>=0.009
2025-12-07 22:56:45 [tracker] [s2] note-ended (new onset) t=5.264 fret=3 dur=0.171
2025-12-07 22:56:45 [tracker] [s1] onset-below-env-floor t=5.2853 env=0.002621 onset=1.079107 thresh=0.006000 baseline=0.022429 gate=0.001234 envFloor=0.019065 floor=0.022429 adapt=0.022429 lastPeak=0.007147 calib=0.022429 baseParam=0.000180 gateRatio=0.0550 envParam=0.000450
2025-12-07 22:56:45 [tracker] [s3] release-retrigger t=5.317 onset=0.651 gate=0.028 age=0.075
2025-12-07 22:56:45 [tracker] [s3] note-ended t=5.317 fret=5 dur=0.075
2025-12-07 22:56:45 [tracker] [s1] onset-below-gate t=5.3707 env=0.000569 onset=0.771331 thresh=0.006000 baseline=0.022429 gate=0.001234 envFloor=0.019065 floor=0.022429 adapt=0.022429 lastPeak=0.006866 calib=0.022429 baseParam=0.000180 gateRatio=0.0550 envParam=0.000450
2025-12-07 22:56:45 [tracker] [s1] onset-below-gate t=5.4667 env=0.001122 onset=0.747928 thresh=0.006000 baseline=0.022429 gate=0.001234 envFloor=0.019065 floor=0.022429 adapt=0.022429 lastPeak=0.006563 calib=0.022429 baseParam=0.000180 gateRatio=0.0550 envParam=0.000450
2025-12-07 22:56:45 [tracker] [s1] onset-below-gate t=5.6373 env=0.000961 onset=0.756101 thresh=0.006000 baseline=0.022429 gate=0.001234 envFloor=0.019065 floor=0.022429 adapt=0.022429 lastPeak=0.006057 calib=0.022429 baseParam=0.000180 gateRatio=0.0550 envParam=0.000450
2025-12-07 22:56:45 [tracker] [s1] onset-below-env-floor t=5.7120 env=0.002203 onset=0.957147 thresh=0.006000 baseline=0.022429 gate=0.001234 envFloor=0.019065 floor=0.022429 adapt=0.022429 lastPeak=0.005848 calib=0.022429 baseParam=0.000180 gateRatio=0.0550 envParam=0.000450
2025-12-07 22:56:45 [tracker] [s1] onset-below-env-floor t=5.7973 env=0.005057 onset=1.051273 thresh=0.006000 baseline=0.022429 gate=0.001234 envFloor=0.019065 floor=0.022429 adapt=0.022429 lastPeak=0.005618 calib=0.022429 baseParam=0.000180 gateRatio=0.0550 envParam=0.000450
2025-12-07 22:56:46 [tracker] [s1] onset-accepted t=5.8933 env=0.068109 onset=1.099847 thresh=0.006000 baseline=0.022429 gate=0.001234 envFloor=0.019065 floor=0.022429 adapt=0.022429 lastPeak=0.005371 calib=0.022429 baseParam=0.000180 gateRatio=0.0550 envParam=0.000450
2025-12-07 22:56:46 [tracker] [s1] onset t=5.893 env=0.06811 baseline=0.02243 gate=0.00123 envFloor=0.01907 onset=1.100>=0.006
2025-12-07 22:56:46 [tracker] [s2] onset t=5.893 env=0.05354 baseline=0.03018 gate=0.00302 envFloor=0.01101 onset=1.395>=0.009
2025-12-07 22:56:46 [tracker] [s3] onset t=5.893 env=0.02161 baseline=0.02008 gate=0.00261 envFloor=0.01013 onset=1.484>=0.012
2025-12-07 22:56:46 [tracker] [s2] onset t=5.979 env=0.04147 baseline=0.02900 gate=0.00290 envFloor=0.01493 onset=0.637>=0.009
2025-12-07 22:56:46 [tracker] [s2] note-start t=5.979 fret=17 midi=62 vel=0.50 env=0.04147
2025-12-07 22:56:46 [tracker] [s3] onset t=5.979 env=0.01749 baseline=0.01929 gate=0.00251 envFloor=0.01013 onset=1.007>=0.012
2025-12-07 22:56:46 [tracker] [s3] note-start t=5.979 fret=0 midi=50 vel=0.21 env=0.01749
2025-12-07 22:56:46 [tracker] [s1] onset-accepted t=5.9894 env=0.052851 onset=0.895556 thresh=0.006000 baseline=0.028823 gate=0.001585 envFloor=0.020176 floor=0.022429 adapt=0.028823 lastPeak=0.005134 calib=0.022429 baseParam=0.000180 gateRatio=0.0550 envParam=0.000450
2025-12-07 22:56:46 [tracker] [s1] onset t=5.989 env=0.05285 baseline=0.02882 gate=0.00159 envFloor=0.02018 onset=0.896>=0.006
2025-12-07 22:56:46 [tracker] [s3] release-retrigger t=6.032 onset=1.001 gate=0.011 age=0.053
2025-12-07 22:56:46 [tracker] [s3] note-ended t=6.032 fret=0 dur=0.053
2025-12-07 22:56:46 [tracker] [s1] onset-accepted t=6.0854 env=0.065475 onset=1.410633 thresh=0.006000 baseline=0.030097 gate=0.001655 envFloor=0.021068 floor=0.022429 adapt=0.030097 lastPeak=0.004907 calib=0.022429 baseParam=0.000180 gateRatio=0.0550 envParam=0.000450
2025-12-07 22:56:46 [tracker] [s1] onset t=6.085 env=0.06547 baseline=0.03010 gate=0.00166 envFloor=0.02107 onset=1.411>=0.006
2025-12-07 22:56:46 [tracker] [s3] onset t=6.085 env=0.04761 baseline=0.02187 gate=0.00284 envFloor=0.01531 onset=1.431>=0.012
2025-12-07 22:56:46 [tracker] [s2] onset t=6.096 env=0.06653 baseline=0.05019 gate=0.00502 envFloor=0.03513 onset=0.711>=0.009
2025-12-07 22:56:46 [tracker] [s2] note-ended (new onset) t=6.096 fret=17 dur=0.117
2025-12-07 22:56:46 [tracker] [s2] onset t=6.171 env=0.04773 baseline=0.05014 gate=0.00501 envFloor=0.03510 onset=1.148>=0.009
2025-12-07 22:56:46 [tracker] [s3] onset t=6.171 env=0.03431 baseline=0.02131 gate=0.00277 envFloor=0.01491 onset=1.161>=0.012
2025-12-07 22:56:46 [tracker] [s1] onset-accepted t=6.1920 env=0.057593 onset=1.097393 thresh=0.006000 baseline=0.034102 gate=0.001876 envFloor=0.023872 floor=0.022429 adapt=0.034102 lastPeak=0.004667 calib=0.022429 baseParam=0.000180 gateRatio=0.0550 envParam=0.000450
2025-12-07 22:56:46 [tracker] [s1] onset t=6.192 env=0.05759 baseline=0.03410 gate=0.00188 envFloor=0.02387 onset=1.097>=0.006
2025-12-07 22:56:46 [tracker] [s1] note-start t=6.192 fret=3 midi=43 vel=0.69 env=0.05759
2025-12-07 22:56:46 [tracker] [s1] onset-below-gate t=6.2987 env=0.000208 onset=1.014955 thresh=0.006000 baseline=0.049299 gate=0.002711 envFloor=0.019065 floor=0.022429 adapt=0.026277 lastPeak=0.054777 calib=0.022429 baseParam=0.000180 gateRatio=0.0550 envParam=0.000450
2025-12-07 22:56:46 [tracker] [s1] onset-below-env-floor t=6.3627 env=0.002958 onset=1.462255 thresh=0.006000 baseline=0.047839 gate=0.002631 envFloor=0.019065 floor=0.022429 adapt=0.022429 lastPeak=0.053154 calib=0.022429 baseParam=0.000180 gateRatio=0.0550 envParam=0.000450
2025-12-07 22:56:46 [tracker] [s1] onset-accepted t=6.4480 env=0.065667 onset=1.461129 thresh=0.006000 baseline=0.045958 gate=0.002528 envFloor=0.019193 floor=0.022429 adapt=0.027419 lastPeak=0.051065 calib=0.022429 baseParam=0.000180 gateRatio=0.0550 envParam=0.000450
2025-12-07 22:56:46 [tracker] [s1] onset t=6.448 env=0.06567 baseline=0.04596 gate=0.00253 envFloor=0.01919 onset=1.461>=0.006
2025-12-07 22:56:46 [tracker] [s1] note-ended (new onset) t=6.448 fret=3 dur=0.256
2025-12-07 22:56:46 [tracker] [s2] onset t=6.459 env=0.07218 baseline=0.03514 gate=0.00351 envFloor=0.02460 onset=1.135>=0.009
2025-12-07 22:56:46 [tracker] [s3] onset t=6.459 env=0.04649 baseline=0.01939 gate=0.00252 envFloor=0.01357 onset=1.285>=0.012
2025-12-07 22:56:46 [tracker] [s1] onset-accepted t=6.5334 env=0.030306 onset=0.815620 thresh=0.006000 baseline=0.044152 gate=0.002428 envFloor=0.019065 floor=0.022429 adapt=0.027215 lastPeak=0.049058 calib=0.022429 baseParam=0.000180 gateRatio=0.0550 envParam=0.000450
2025-12-07 22:56:46 [tracker] [s3] onset t=6.544 env=0.03124 baseline=0.01909 gate=0.00248 envFloor=0.01336 onset=1.004>=0.012
2025-12-07 22:56:46 [tracker] [s1] onset-accepted t=6.5867 env=0.054809 onset=1.082836 thresh=0.006000 baseline=0.043059 gate=0.002368 envFloor=0.019065 floor=0.022429 adapt=0.026802 lastPeak=0.047843 calib=0.022429 baseParam=0.000180 gateRatio=0.0550 envParam=0.000450
2025-12-07 22:56:46 [tracker] [s1] onset t=6.587 env=0.05481 baseline=0.04306 gate=0.00237 envFloor=0.01907 onset=1.083>=0.006
2025-12-07 22:56:46 [tracker] [s1] note-start t=6.587 fret=0 midi=40 vel=0.66 env=0.05481
2025-12-07 22:56:46 [tracker] [s3] onset t=6.597 env=0.02282 baseline=0.01802 gate=0.00234 envFloor=0.01261 onset=0.758>=0.012
2025-12-07 22:56:46 [tracker] [s3] note-start t=6.597 fret=1 midi=51 vel=0.27 env=0.02282
2025-12-07 22:56:46 [tracker] [s1] onset-accepted t=6.6614 env=0.104996 onset=0.645027 thresh=0.006000 baseline=0.047627 gate=0.002619 envFloor=0.027120 floor=0.022429 adapt=0.038743 lastPeak=0.052919 calib=0.022429 baseParam=0.000180 gateRatio=0.0550 envParam=0.000450
2025-12-07 22:56:46 [tracker] [s1] onset t=6.661 env=0.10500 baseline=0.04763 gate=0.00262 envFloor=0.02712 onset=0.645>=0.006
2025-12-07 22:56:46 [tracker] [s1] note-ended (new onset) t=6.661 fret=0 dur=0.075
2025-12-07 22:56:46 [tracker] [s2] onset t=6.661 env=0.09400 baseline=0.04129 gate=0.00413 envFloor=0.02891 onset=0.684>=0.009
2025-12-07 22:56:46 [tracker] [s3] onset t=6.661 env=0.02650 baseline=0.01993 gate=0.00259 envFloor=0.01355 onset=1.260>=0.012
2025-12-07 22:56:46 [tracker] [s3] note-ended (new onset) t=6.661 fret=1 dur=0.064
2025-12-07 22:56:46 [tracker] [s1] onset-accepted t=6.7254 env=0.039798 onset=1.330689 thresh=0.006000 baseline=0.046216 gate=0.002542 envFloor=0.029027 floor=0.022429 adapt=0.041467 lastPeak=0.051351 calib=0.022429 baseParam=0.000180 gateRatio=0.0550 envParam=0.000450
2025-12-07 22:56:46 [tracker] [s1] onset t=6.725 env=0.03980 baseline=0.04622 gate=0.00254 envFloor=0.02903 onset=1.331>=0.006
2025-12-07 22:56:46 [tracker] [s1] note-start t=6.725 fret=0 midi=40 vel=0.48 env=0.03980
2025-12-07 22:56:47 [tracker] [s3] onset t=6.747 env=0.01436 baseline=0.01914 gate=0.00249 envFloor=0.01258 onset=0.784>=0.012
2025-12-07 22:56:47 [tracker] [s3] note-start t=6.747 fret=0 midi=50 vel=0.17 env=0.01436
2025-12-07 22:56:47 [tracker] [s1] onset-below-gate t=6.8427 env=0.000740 onset=0.945606 thresh=0.006000 baseline=0.033897 gate=0.001864 envFloor=0.021229 floor=0.022429 adapt=0.030327 lastPeak=0.037663 calib=0.022429 baseParam=0.000180 gateRatio=0.0550 envParam=0.000450
2025-12-07 22:56:47 [tracker] [s3] release-quiet t=6.875 avgEnv=0.00090 floor=0.01034 quietFrames=8
2025-12-07 22:56:47 [tracker] [s3] note-ended t=6.875 fret=0 dur=0.128
2025-12-07 22:56:47 [tracker] [s1] onset-below-gate t=6.9067 env=0.000986 onset=1.327913 thresh=0.006000 baseline=0.032893 gate=0.001809 envFloor=0.019065 floor=0.022429 adapt=0.025466 lastPeak=0.036547 calib=0.022429 baseParam=0.000180 gateRatio=0.0550 envParam=0.000450
2025-12-07 22:56:47 [tracker] [s1] onset-accepted t=7.0027 env=0.044409 onset=1.479374 thresh=0.006000 baseline=0.031442 gate=0.001729 envFloor=0.019065 floor=0.022429 adapt=0.026609 lastPeak=0.034935 calib=0.022429 baseParam=0.000180 gateRatio=0.0550 envParam=0.000450
2025-12-07 22:56:47 [tracker] [s1] onset t=7.003 env=0.04441 baseline=0.03144 gate=0.00173 envFloor=0.01907 onset=1.479>=0.006
2025-12-07 22:56:47 [tracker] [s1] note-ended (new onset) t=7.003 fret=0 dur=0.277
2025-12-07 22:56:47 [tracker] [s2] onset t=7.003 env=0.03565 baseline=0.02442 gate=0.00244 envFloor=0.01710 onset=1.495>=0.009
2025-12-07 22:56:47 [tracker] [s3] onset t=7.013 env=0.02108 baseline=0.01221 gate=0.00159 envFloor=0.01013 onset=1.377>=0.012
2025-12-07 22:56:47 [tracker] [s3] onset t=7.099 env=0.01761 baseline=0.01192 gate=0.00155 envFloor=0.01013 onset=1.064>=0.012
2025-12-07 22:56:47 [tracker] [s2] onset t=7.109 env=0.02398 baseline=0.02579 gate=0.00258 envFloor=0.01805 onset=0.643>=0.009
2025-12-07 22:56:47 [tracker] [s2] note-start t=7.109 fret=2 midi=47 vel=0.29 env=0.02398
2025-12-07 22:56:47 [tracker] [s1] onset-accepted t=7.1200 env=0.030250 onset=0.884431 thresh=0.006000 baseline=0.029755 gate=0.001637 envFloor=0.019065 floor=0.022429 adapt=0.024424 lastPeak=0.033061 calib=0.022429 baseParam=0.000180 gateRatio=0.0550 envParam=0.000450
2025-12-07 22:56:47 [tracker] [s1] onset t=7.120 env=0.03025 baseline=0.02976 gate=0.00164 envFloor=0.01907 onset=0.884>=0.006
2025-12-07 22:56:47 [tracker] [s1] onset-accepted t=7.1734 env=0.091362 onset=1.225888 thresh=0.006000 baseline=0.029019 gate=0.001596 envFloor=0.019065 floor=0.022429 adapt=0.026573 lastPeak=0.032243 calib=0.022429 baseParam=0.000180 gateRatio=0.0550 envParam=0.000450
2025-12-07 22:56:47 [tracker] [s1] onset t=7.173 env=0.09136 baseline=0.02902 gate=0.00160 envFloor=0.01907 onset=1.226>=0.006
2025-12-07 22:56:47 [tracker] [s2] onset t=7.227 env=0.07126 baseline=0.02865 gate=0.00287 envFloor=0.02006 onset=0.903>=0.009
2025-12-07 22:56:47 [tracker] [s2] note-ended (new onset) t=7.227 fret=2 dur=0.117
2025-12-07 22:56:47 [tracker] [s3] onset t=7.227 env=0.04690 baseline=0.01632 gate=0.00212 envFloor=0.01142 onset=0.928>=0.012
2025-12-07 22:56:47 [tracker] [s3] note-start t=7.227 fret=18 midi=68 vel=0.56 env=0.04690
2025-12-07 22:56:47 [tracker] [s1] onset-accepted t=7.3014 env=0.034814 onset=1.049136 thresh=0.006000 baseline=0.030802 gate=0.001694 envFloor=0.021561 floor=0.022429 adapt=0.030802 lastPeak=0.030361 calib=0.022429 baseParam=0.000180 gateRatio=0.0550 envParam=0.000450
2025-12-07 22:56:47 [tracker] [s1] onset t=7.301 env=0.03481 baseline=0.03080 gate=0.00169 envFloor=0.02156 onset=1.049>=0.006
2025-12-07 22:56:47 [tracker] [s2] onset t=7.323 env=0.02474 baseline=0.02991 gate=0.00299 envFloor=0.02094 onset=1.256>=0.009
2025-12-07 22:56:47 [tracker] [s2] note-start t=7.323 fret=14 midi=59 vel=0.30 env=0.02474
2025-12-07 22:56:47 [tracker] [s1] onset-accepted t=7.3654 env=0.042155 onset=0.940776 thresh=0.006000 baseline=0.028858 gate=0.001587 envFloor=0.020201 floor=0.022429 adapt=0.028858 lastPeak=0.029461 calib=0.022429 baseParam=0.000180 gateRatio=0.0550 envParam=0.000450
2025-12-07 22:56:47 [tracker] [s1] onset t=7.365 env=0.04215 baseline=0.02886 gate=0.00159 envFloor=0.02020 onset=0.941>=0.006
2025-12-07 22:56:47 [tracker] [s1] onset-accepted t=7.4294 env=0.042780 onset=1.177279 thresh=0.006000 baseline=0.026808 gate=0.001474 envFloor=0.019065 floor=0.022429 adapt=0.026808 lastPeak=0.028588 calib=0.022429 baseParam=0.000180 gateRatio=0.0550 envParam=0.000450
2025-12-07 22:56:47 [tracker] [s1] onset t=7.429 env=0.04278 baseline=0.02681 gate=0.00147 envFloor=0.01907 onset=1.177>=0.006
2025-12-07 22:56:47 [tracker] [s2] onset t=7.429 env=0.04566 baseline=0.02793 gate=0.00279 envFloor=0.01955 onset=1.036>=0.009
2025-12-07 22:56:47 [tracker] [s2] note-start t=7.429 fret=14 midi=59 vel=0.55 env=0.04566
2025-12-07 22:56:47 [tracker] [s3] onset t=7.451 env=0.01721 baseline=0.03799 gate=0.00494 envFloor=0.01029 onset=1.002>=0.012
2025-12-07 22:56:47 [tracker] [s3] note-ended (new onset) t=7.451 fret=18 dur=0.224
2025-12-07 22:56:47 [tracker] [s2] onset t=7.493 env=0.03714 baseline=0.03987 gate=0.00399 envFloor=0.01819 onset=0.870>=0.009
2025-12-07 22:56:47 [tracker] [s2] note-ended (new onset) t=7.493 fret=14 dur=0.064
2025-12-07 22:56:47 [tracker] [s2] note-start t=7.493 fret=2 midi=47 vel=0.45 env=0.03714
2025-12-07 22:56:47 [tracker] [s3] onset t=7.547 env=0.01366 baseline=0.03632 gate=0.00472 envFloor=0.01013 onset=0.640>=0.012
2025-12-07 22:56:47 [tracker] [s1] onset-accepted t=7.5787 env=0.019927 onset=0.764604 thresh=0.006000 baseline=0.023986 gate=0.001319 envFloor=0.019065 floor=0.022429 adapt=0.022429 lastPeak=0.026651 calib=0.022429 baseParam=0.000180 gateRatio=0.0550 envParam=0.000450
2025-12-07 22:56:47 [tracker] [s1] onset t=7.579 env=0.01993 baseline=0.02399 gate=0.00132 envFloor=0.01907 onset=0.765>=0.006
2025-12-07 22:56:47 [tracker] [s2] onset t=7.579 env=0.02023 baseline=0.03212 gate=0.00321 envFloor=0.01677 onset=0.942>=0.009
2025-12-07 22:56:47 [tracker] [s2] note-ended (new onset) t=7.579 fret=2 dur=0.085
2025-12-07 22:56:47 [tracker] [s2] note-start t=7.579 fret=14 midi=59 vel=0.24 env=0.02023
2025-12-07 22:56:47 [tracker] [s2] release-retrigger t=7.632 onset=0.698 gate=0.031 age=0.053
2025-12-07 22:56:47 [tracker] [s2] note-ended t=7.632 fret=14 dur=0.053
2025-12-07 22:56:48 [tracker] [s1] onset-accepted t=7.6854 env=0.019291 onset=1.000383 thresh=0.006000 baseline=0.022429 gate=0.001234 envFloor=0.019065 floor=0.022429 adapt=0.022429 lastPeak=0.018952 calib=0.022429 baseParam=0.000180 gateRatio=0.0550 envParam=0.000450
2025-12-07 22:56:48 [tracker] [s1] onset t=7.685 env=0.01929 baseline=0.02243 gate=0.00123 envFloor=0.01907 onset=1.000>=0.006
2025-12-07 22:56:48 [tracker] [s1] note-ended (new onset) t=7.685 fret=0 dur=0.107
2025-12-07 22:56:48 [tracker] [s1] note-start t=7.685 fret=0 midi=40 vel=0.23 env=0.01929
2025-12-07 22:56:48 [tracker] [s2] onset t=7.696 env=0.02634 baseline=0.02049 gate=0.00205 envFloor=0.01435 onset=1.211>=0.009
2025-12-07 22:56:48 [tracker] [s2] onset t=7.771 env=0.02190 baseline=0.01840 gate=0.00184 envFloor=0.01288 onset=0.993>=0.009
2025-12-07 22:56:48 [tracker] [s1] onset-below-env-floor t=7.8347 env=0.014405 onset=1.334068 thresh=0.006000 baseline=0.022429 gate=0.001234 envFloor=0.019065 floor=0.022429 adapt=0.022429 lastPeak=0.017983 calib=0.022429 baseParam=0.000180 gateRatio=0.0550 envParam=0.000450
2025-12-07 22:56:48 [tracker] [s2] onset t=7.963 env=0.00991 baseline=0.01520 gate=0.00152 envFloor=0.00926 onset=0.973>=0.009
2025-12-07 22:56:48 [tracker] [s2] note-start t=7.963 fret=2 midi=47 vel=0.12 env=0.00991
2025-12-07 22:56:48 [tracker] [s1] release-quiet t=8.005 avgEnv=0.00049 floor=0.01106 quietFrames=8
2025-12-07 22:56:48 [tracker] [s1] note-ended t=8.005 fret=0 dur=0.320
2025-12-07 22:56:48 [tracker] [s1] onset-below-gate t=8.0161 env=0.000346 onset=1.170940 thresh=0.006000 baseline=0.022429 gate=0.001234 envFloor=0.019065 floor=0.022429 adapt=0.022429 lastPeak=0.016514 calib=0.022429 baseParam=0.000180 gateRatio=0.0550 envParam=0.000450
2025-12-07 22:56:48 [tracker] [s1] onset-below-env-floor t=8.0694 env=0.011669 onset=1.016881 thresh=0.006000 baseline=0.022429 gate=0.001234 envFloor=0.019065 floor=0.022429 adapt=0.022429 lastPeak=0.016106 calib=0.022429 baseParam=0.000180 gateRatio=0.0550 envParam=0.000450
2025-12-07 22:56:48 [tracker] [s2] onset t=8.069 env=0.02965 baseline=0.01836 gate=0.00184 envFloor=0.01285 onset=1.350>=0.009
2025-12-07 22:56:48 [tracker] [s2] note-ended (new onset) t=8.069 fret=2 dur=0.107
2025-12-07 22:56:48 [tracker] [s3] onset t=8.069 env=0.06911 baseline=0.02841 gate=0.00369 envFloor=0.01330 onset=1.339>=0.012
2025-12-07 22:56:48 [tracker] [s2] onset t=8.165 env=0.05036 baseline=0.02096 gate=0.00210 envFloor=0.01468 onset=0.944>=0.009
2025-12-07 22:56:48 [tracker] [s2] note-start t=8.165 fret=9 midi=54 vel=0.60 env=0.05036
2025-12-07 22:56:48 [tracker] [s1] onset-below-env-floor t=8.2081 env=0.010057 onset=1.063372 thresh=0.006000 baseline=0.022429 gate=0.001234 envFloor=0.019065 floor=0.022429 adapt=0.022429 lastPeak=0.015090 calib=0.022429 baseParam=0.000180 gateRatio=0.0550 envParam=0.000450
2025-12-07 22:56:48 [tracker] [s3] onset t=8.219 env=0.03580 baseline=0.02648 gate=0.00344 envFloor=0.01674 onset=1.096>=0.012
2025-12-07 22:56:48 [tracker] [s1] onset-below-env-floor t=8.2721 env=0.010540 onset=1.354782 thresh=0.006000 baseline=0.022429 gate=0.001234 envFloor=0.019065 floor=0.022429 adapt=0.022429 lastPeak=0.014642 calib=0.022429 baseParam=0.000180 gateRatio=0.0550 envParam=0.000450
2025-12-07 22:56:48 [tracker] [s2] onset t=8.293 env=0.02865 baseline=0.04268 gate=0.00427 envFloor=0.01375 onset=0.986>=0.009
2025-12-07 22:56:48 [tracker] [s2] note-ended (new onset) t=8.293 fret=9 dur=0.128
2025-12-07 22:56:48 [tracker] [s2] note-start t=8.293 fret=9 midi=54 vel=0.34 env=0.02865
2025-12-07 22:56:48 [tracker] [s3] onset t=8.293 env=0.04759 baseline=0.02557 gate=0.00332 envFloor=0.01637 onset=1.148>=0.012
2025-12-07 22:56:48 [tracker] [s3] note-start t=8.293 fret=12 midi=62 vel=0.57 env=0.04759
2025-12-07 22:56:48 [tracker] [s2] onset t=8.368 env=0.03380 baseline=0.02489 gate=0.00249 envFloor=0.01284 onset=1.007>=0.009
2025-12-07 22:56:48 [tracker] [s2] note-ended (new onset) t=8.368 fret=9 dur=0.075
2025-12-07 22:56:48 [tracker] [s2] note-start t=8.368 fret=9 midi=54 vel=0.41 env=0.03380
2025-12-07 22:56:48 [tracker] [s3] onset t=8.400 env=0.02115 baseline=0.04074 gate=0.00530 envFloor=0.01492 onset=1.230>=0.012
2025-12-07 22:56:48 [tracker] [s3] note-ended (new onset) t=8.400 fret=12 dur=0.107
2025-12-07 22:56:48 [tracker] [s3] note-start t=8.400 fret=12 midi=62 vel=0.25 env=0.02115
2025-12-07 22:56:48 [tracker] [s1] onset-below-env-floor t=8.4107 env=0.010670 onset=0.759207 thresh=0.006000 baseline=0.022429 gate=0.001234 envFloor=0.019065 floor=0.022429 adapt=0.022429 lastPeak=0.013719 calib=0.022429 baseParam=0.000180 gateRatio=0.0550 envParam=0.000450
2025-12-07 22:56:48 [tracker] [s1] onset-accepted t=8.4854 env=0.042273 onset=0.610613 thresh=0.006000 baseline=0.026296 gate=0.001446 envFloor=0.019065 floor=0.022429 adapt=0.026296 lastPeak=0.013246 calib=0.022429 baseParam=0.000180 gateRatio=0.0550 envParam=0.000450
2025-12-07 22:56:48 [tracker] [s1] onset t=8.485 env=0.04227 baseline=0.02630 gate=0.00145 envFloor=0.01907 onset=0.611>=0.006
2025-12-07 22:56:48 [tracker] [s2] onset t=8.496 env=0.06562 baseline=0.03216 gate=0.00322 envFloor=0.02252 onset=0.708>=0.009
2025-12-07 22:56:48 [tracker] [s2] note-ended (new onset) t=8.496 fret=9 dur=0.128
2025-12-07 22:56:48 [tracker] [s3] onset t=8.496 env=0.02339 baseline=0.01932 gate=0.00251 envFloor=0.01353 onset=0.667>=0.012
2025-12-07 22:56:48 [tracker] [s3] note-ended (new onset) t=8.496 fret=12 dur=0.096
2025-12-07 22:56:48 [tracker] [s2] onset t=8.571 env=0.06070 baseline=0.03386 gate=0.00339 envFloor=0.02370 onset=1.071>=0.009
2025-12-07 22:56:48 [tracker] [s2] note-start t=8.571 fret=0 midi=45 vel=0.73 env=0.06070
2025-12-07 22:56:48 [tracker] [s3] onset t=8.571 env=0.01813 baseline=0.01757 gate=0.00228 envFloor=0.01222 onset=0.938>=0.012
2025-12-07 22:56:49 [tracker] [s1] onset-below-env-floor t=8.6027 env=0.010750 onset=0.815112 thresh=0.006000 baseline=0.030343 gate=0.001669 envFloor=0.021240 floor=0.022429 adapt=0.030343 lastPeak=0.012535 calib=0.022429 baseParam=0.000180 gateRatio=0.0550 envParam=0.000450
2025-12-07 22:56:49 [tracker] [s2] release-quiet t=8.699 avgEnv=0.00023 floor=0.01675 quietFrames=8
2025-12-07 22:56:49 [tracker] [s2] note-ended t=8.699 fret=0 dur=0.128
2025-12-07 22:56:49 [tracker] [s1] onset-below-gate t=8.7201 env=0.000159 onset=1.136311 thresh=0.006000 baseline=0.022429 gate=0.001234 envFloor=0.019065 floor=0.022429 adapt=0.022429 lastPeak=0.011863 calib=0.022429 baseParam=0.000180 gateRatio=0.0550 envParam=0.000450
2025-12-07 22:56:49 [test-mode] stop session='live/efasef' position=0.00 duration=9.42
2025-12-07 22:58:24 [sessionwavs] wrote 6 wav files to /home/general/SignalAssistant/logs/sessionwavs/session-20251207-225625 (shutdown)
# Session closed at 2025-12-07 22:58:24
