# SignalAssistant session log
# Started at 2025-12-16 06:03:21
2025-12-16 06:03:21 [session] mode=live session='' path='' duration=0.00 files=0
2025-12-16 06:03:21 [tracker-settings] TrackerConfig onsetThreshold=0.02000 minNoteDurSec=0.045 hopSec=0.010 slideDelta=120.0 bendDelta=35.0
2025-12-16 06:03:21 [tracker-settings] string1 midi=40 lowCut=37.08Hz highCut=445.00Hz baseline=0.000180 gateRatio=0.05500 envFloor=0.000450 sustainScale=0.580 retriggerScale=1.400 peakRelease=0.120 pitchTol=0.400 onsetScale=0.006
2025-12-16 06:03:21 [tracker-settings] string2 midi=45 lowCut=55.00Hz highCut=563.20Hz baseline=0.000220 gateRatio=0.10000 envFloor=0.000550 sustainScale=0.700 retriggerScale=1.250 peakRelease=0.130 pitchTol=0.400 onsetScale=0.009
2025-12-16 06:03:21 [tracker-settings] string3 midi=50 lowCut=85.16Hz highCut=693.05Hz baseline=0.000260 gateRatio=0.13000 envFloor=0.000650 sustainScale=0.820 retriggerScale=1.100 peakRelease=0.140 pitchTol=0.450 onsetScale=0.012
2025-12-16 06:03:21 [tracker-settings] string4 midi=55 lowCut=127.40Hz highCut=862.39Hz baseline=0.000320 gateRatio=0.17000 envFloor=0.000780 sustainScale=1.000 retriggerScale=1.000 peakRelease=0.160 pitchTol=0.440 onsetScale=0.014
2025-12-16 06:03:21 [tracker-settings] string5 midi=59 lowCut=160.51Hz highCut=1086.54Hz baseline=0.000370 gateRatio=0.21000 envFloor=0.000900 sustainScale=1.000 retriggerScale=1.000 peakRelease=0.180 pitchTol=0.500 onsetScale=0.016
2025-12-16 06:03:21 [tracker-settings] string6 midi=64 lowCut=214.26Hz highCut=1450.36Hz baseline=0.000420 gateRatio=0.25000 envFloor=0.001050 sustainScale=1.000 retriggerScale=1.000 peakRelease=0.200 pitchTol=0.550 onsetScale=0.018
2025-12-16 06:03:21 [tracker] [s1] calibration reset target=0.00180 gain=1.000
2025-12-16 06:03:21 [tracker] [s2] calibration reset target=0.00180 gain=1.000
2025-12-16 06:03:21 [tracker] [s4] calibration reset target=0.00180 gain=1.000
2025-12-16 06:03:21 [tracker] [s5] calibration reset target=0.00180 gain=1.000
2025-12-16 06:03:21 [tracker] [s6] calibration reset target=0.00180 gain=1.000
2025-12-16 06:03:21 [calibration] Loading calibration profile multipliers into parameters
2025-12-16 06:03:21 [calibration] String 2: setting multiplier to 8.000
2025-12-16 06:03:21 [calibration] String 3: setting multiplier to 8.000
2025-12-16 06:03:21 [calibration] String 4: setting multiplier to 8.000
2025-12-16 06:03:21 [calibration] String 5: setting multiplier to 8.000
2025-12-16 06:03:21 [calibration] String 6: setting multiplier to 8.000
2025-12-16 06:03:21 [tracker] [s1] calibration avg=0.03970 target=0.00180 gain=1.000
2025-12-16 06:03:21 [tracker] [s2] calibration avg=0.01940 target=0.00180 gain=1.000
2025-12-16 06:03:21 [tracker] [s3] calibration avg=0.01411 target=0.00180 gain=1.000
2025-12-16 06:03:21 [tracker] [s4] calibration avg=0.03018 target=0.00180 gain=1.000
2025-12-16 06:03:21 [tracker] [s5] calibration avg=0.02970 target=0.00180 gain=1.000
2025-12-16 06:03:21 [tracker] [s6] calibration avg=0.02331 target=0.00180 gain=1.000
2025-12-16 06:03:21 [tracker] [s1] configure sr=48000.0 hop=128 fft=1024 low=37.1 high=445.0
2025-12-16 06:03:21 [tracker] [s1] params baseline=0.000180 gate=0.0550 envFloor=0.000450 sustain=0.580 retrigger=1.400 peakRelease=0.120 pitchTol=0.400 onsetScale=0.006 aubioScale=1.20 aubioThresh=0.024 onsetSilence=-85.0 pitchSilence=-90.0
2025-12-16 06:03:21 [tracker] [s2] configure sr=48000.0 hop=128 fft=1024 low=55.0 high=563.2
2025-12-16 06:03:21 [tracker] [s2] params baseline=0.000220 gate=0.0100 envFloor=0.000100 sustain=1.500 retrigger=1.250 peakRelease=0.130 pitchTol=0.400 onsetScale=0.009 aubioScale=1.35 aubioThresh=0.027 onsetSilence=-85.0 pitchSilence=-90.0
2025-12-16 06:03:21 [tracker] [s3] configure sr=48000.0 hop=128 fft=1024 low=85.2 high=693.0
2025-12-16 06:03:21 [tracker] [s3] params baseline=0.000260 gate=0.1300 envFloor=0.000650 sustain=0.820 retrigger=1.100 peakRelease=0.140 pitchTol=0.450 onsetScale=0.012 aubioScale=1.60 aubioThresh=0.032 onsetSilence=-75.0 pitchSilence=-80.0
2025-12-16 06:03:21 [tracker] [s4] configure sr=48000.0 hop=128 fft=1024 low=127.4 high=862.4
2025-12-16 06:03:21 [tracker] [s4] params baseline=0.000320 gate=0.1700 envFloor=0.000780 sustain=1.000 retrigger=1.000 peakRelease=0.160 pitchTol=0.440 onsetScale=0.014 aubioScale=1.80 aubioThresh=0.036 onsetSilence=-75.0 pitchSilence=-80.0
2025-12-16 06:03:21 [tracker] [s5] configure sr=48000.0 hop=128 fft=512 low=160.5 high=1086.5
2025-12-16 06:03:21 [tracker] [s5] params baseline=0.000370 gate=0.2100 envFloor=0.000900 sustain=1.000 retrigger=1.000 peakRelease=0.180 pitchTol=0.500 onsetScale=0.016 aubioScale=1.80 aubioThresh=0.036 onsetSilence=-75.0 pitchSilence=-80.0
2025-12-16 06:03:21 [tracker] [s6] configure sr=48000.0 hop=128 fft=512 low=214.3 high=1450.4
2025-12-16 06:03:21 [tracker] [s6] params baseline=0.000420 gate=0.2500 envFloor=0.001050 sustain=1.000 retrigger=1.000 peakRelease=0.200 pitchTol=0.550 onsetScale=0.018 aubioScale=1.80 aubioThresh=0.036 onsetSilence=-75.0 pitchSilence=-80.0
2025-12-16 06:03:21 [tracker] [s1] aubio-raw t=0.0120 onset=4.000000 env=0.000813 peak=0.001780 gain=1.000
2025-12-16 06:03:21 [tracker] [s1] onset-accepted t=0.0120 env=0.000813 gate=0.000022 envDelta=0.000791 envFloor=0.000597 onset=4.000000 thresh=0.006000 onsetDelta=3.994000 baseline=0.000398 floor=0.000180 adapt=0.000994 lastPeak=0.000000 baseParam=0.000180 gateRatio=0.0550 envParam=0.000450 onsetScale=0.300 retriggerScale=1.400 guard=0.060 guardRemain=0.000 activeAge=-1.000 retrigRemain=0.000 pitchHz=125.16 pitchCents=723.6
2025-12-16 06:03:21 [tracker] [s1] onset t=0.012 env=0.00081 gate=0.00002 envDelta=0.00079 envFloor=0.00060 onset=4.000 thresh=0.006 onsetDelta=3.99400 baseline=0.00040 adaptive=0.00099 lastPeak=0.00000 guard=0.060 activeAge=-1.000 pitch=125.16Hz pitchCents=723.6
2025-12-16 06:03:21 [tracker] [s2] onset t=0.012 env=0.00089 gate=0.00000 envDelta=0.00088 envFloor=0.00060 onset=4.000 thresh=0.009 onsetDelta=3.99100 baseline=0.00040 adaptive=0.00100 lastPeak=0.00000 guard=0.060 activeAge=-1.000 pitch=125.16Hz pitchCents=223.6
2025-12-16 06:03:21 [tracker] [s3] onset t=0.012 env=0.00155 gate=0.00006 envDelta=0.00149 envFloor=0.00065 onset=4.000 thresh=0.012 onsetDelta=3.98840 baseline=0.00043 adaptive=0.00108 lastPeak=0.00000 guard=0.060 activeAge=-1.000 pitch=125.16Hz pitchCents=-276.4
2025-12-16 06:03:21 [tracker] [s4] onset t=0.012 env=0.00153 gate=0.00007 envDelta=0.00146 envFloor=0.00078 onset=4.000 thresh=0.014 onsetDelta=3.98600 baseline=0.00043 adaptive=0.00108 lastPeak=0.00000 guard=0.060 activeAge=-1.000 pitch=125.16Hz pitchCents=-776.4
2025-12-16 06:03:21 [tracker] [s5] onset t=0.012 env=0.00158 gate=0.00009 envDelta=0.00149 envFloor=0.00090 onset=4.000 thresh=0.016 onsetDelta=3.98400 baseline=0.00043 adaptive=0.00109 lastPeak=0.00000 guard=0.060 activeAge=-1.000 pitch=376.47Hz pitchCents=730.0
2025-12-16 06:03:21 [tracker] [s6] onset t=0.012 env=0.00222 gate=0.00012 envDelta=0.00210 envFloor=0.00105 onset=4.000 thresh=0.018 onsetDelta=3.98200 baseline=0.00047 adaptive=0.00118 lastPeak=0.00000 guard=0.060 activeAge=-1.000 pitch=376.47Hz pitchCents=230.0
2025-12-16 06:03:21 [tracker] [s4] onset t=0.121 env=0.00161 gate=0.00011 envDelta=0.00150 envFloor=0.00093 onset=1.144 thresh=0.014 onsetDelta=1.13000 baseline=0.00062 adaptive=0.00155 lastPeak=0.00000 guard=0.060 activeAge=-1.000 pitch=-1.00Hz pitchCents=0.0
2025-12-16 06:03:21 [tracker] [s5] onset t=0.148 env=0.00161 gate=0.00014 envDelta=0.00147 envFloor=0.00103 onset=0.820 thresh=0.016 onsetDelta=0.80406 baseline=0.00069 adaptive=0.00172 lastPeak=0.00000 guard=0.060 activeAge=-1.000 pitch=-1.00Hz pitchCents=0.0
2025-12-16 06:03:21 [tracker] [s6] onset t=0.201 env=0.00205 gate=0.00021 envDelta=0.00184 envFloor=0.00127 onset=1.006 thresh=0.018 onsetDelta=0.98808 baseline=0.00085 adaptive=0.00212 lastPeak=0.00000 guard=0.060 activeAge=-1.000 pitch=-1.00Hz pitchCents=0.0
2025-12-16 06:03:21 [tracker] [s2] onset t=0.204 env=0.00113 gate=0.00001 envDelta=0.00112 envFloor=0.00082 onset=1.072 thresh=0.009 onsetDelta=1.06297 baseline=0.00055 adaptive=0.00137 lastPeak=0.00000 guard=0.060 activeAge=-1.000 pitch=210.54Hz pitchCents=1123.9
2025-12-16 06:03:21 [tracker] [s1] aubio-raw t=0.2387 onset=1.064732 env=0.000641 peak=0.001848 gain=1.000
2025-12-16 06:03:21 [tracker] [s1] onset-accepted t=0.2387 env=0.000641 gate=0.000019 envDelta=0.000622 envFloor=0.000509 onset=1.064732 thresh=0.006000 onsetDelta=1.058732 baseline=0.000339 floor=0.000180 adapt=0.000848 lastPeak=0.000000 baseParam=0.000180 gateRatio=0.0550 envParam=0.000450 onsetScale=0.300 retriggerScale=1.400 guard=0.060 guardRemain=0.000 activeAge=-1.000 retrigRemain=0.000 pitchHz=195.13 pitchCents=1492.3
2025-12-16 06:03:21 [tracker] [s1] onset t=0.239 env=0.00064 gate=0.00002 envDelta=0.00062 envFloor=0.00051 onset=1.065 thresh=0.006 onsetDelta=1.05873 baseline=0.00034 adaptive=0.00085 lastPeak=0.00000 guard=0.060 activeAge=-1.000 pitch=195.13Hz pitchCents=1492.3
2025-12-16 06:03:21 [tracker] [s6] onset t=0.255 env=0.00186 gate=0.00021 envDelta=0.00165 envFloor=0.00124 onset=1.127 thresh=0.018 onsetDelta=1.10946 baseline=0.00083 adaptive=0.00206 lastPeak=0.00000 guard=0.060 activeAge=-1.000 pitch=-1.00Hz pitchCents=0.0
2025-12-16 06:03:21 [tracker] [s2] onset t=0.297 env=0.00088 gate=0.00001 envDelta=0.00087 envFloor=0.00075 onset=0.694 thresh=0.009 onsetDelta=0.68533 baseline=0.00050 adaptive=0.00125 lastPeak=0.00000 guard=0.060 activeAge=-1.000 pitch=101.26Hz pitchCents=-143.3
2025-12-16 06:03:22 [tracker] [s6] onset t=0.337 env=0.00169 gate=0.00020 envDelta=0.00149 envFloor=0.00118 onset=1.344 thresh=0.018 onsetDelta=1.32556 baseline=0.00079 adaptive=0.00197 lastPeak=0.00000 guard=0.060 activeAge=-1.000 pitch=-1.00Hz pitchCents=0.0
2025-12-16 06:03:22 [tracker] [s2] onset t=0.348 env=0.00131 gate=0.00000 envDelta=0.00130 envFloor=0.00071 onset=0.998 thresh=0.009 onsetDelta=0.98878 baseline=0.00047 adaptive=0.00118 lastPeak=0.00000 guard=0.060 activeAge=-1.000 pitch=195.13Hz pitchCents=992.3
2025-12-16 06:03:22 [tracker] [s2] onset t=0.431 env=0.00147 gate=0.00001 envDelta=0.00146 envFloor=0.00078 onset=0.852 thresh=0.009 onsetDelta=0.84306 baseline=0.00052 adaptive=0.00130 lastPeak=0.00000 guard=0.060 activeAge=-1.000 pitch=115.94Hz pitchCents=91.1
2025-12-16 06:03:22 [tracker] [s1] aubio-raw t=0.5000 onset=0.740975 env=0.001036 peak=0.002725 gain=1.000
2025-12-16 06:03:22 [tracker] [s1] onset-accepted t=0.5000 env=0.001036 gate=0.000018 envDelta=0.001018 envFloor=0.000496 onset=0.740975 thresh=0.006000 onsetDelta=0.734975 baseline=0.000331 floor=0.000180 adapt=0.000827 lastPeak=0.000000 baseParam=0.000180 gateRatio=0.0550 envParam=0.000450 onsetScale=0.300 retriggerScale=1.400 guard=0.060 guardRemain=0.000 activeAge=-1.000 retrigRemain=0.000 pitchHz=156.86 pitchCents=1114.4
2025-12-16 06:03:22 [tracker] [s1] onset t=0.500 env=0.00104 gate=0.00002 envDelta=0.00102 envFloor=0.00050 onset=0.741 thresh=0.006 onsetDelta=0.73497 baseline=0.00033 adaptive=0.00083 lastPeak=0.00000 guard=0.060 activeAge=-1.000 pitch=156.86Hz pitchCents=1114.4
2025-12-16 06:03:22 [tracker] [s1] harmonic-bias t=0.500 pitch=156.86Hz ratio=1.90 harmonic=2 midi=43->40
2025-12-16 06:03:22 [tracker] [s1] open-hold t=0.500 hold=0.360s
2025-12-16 06:03:22 [tracker] [s1] note-start t=0.500 fret=0 midi=40 vel=0.01 env=0.00104
2025-12-16 06:03:22 [tracker] [s6] onset t=0.601 env=0.00206 gate=0.00021 envDelta=0.00184 envFloor=0.00128 onset=0.996 thresh=0.018 onsetDelta=0.97811 baseline=0.00085 adaptive=0.00213 lastPeak=0.00000 guard=0.060 activeAge=-1.000 pitch=-1.00Hz pitchCents=0.0
2025-12-16 06:03:22 [tracker] [s1] aubio-raw t=0.6573 onset=1.155675 env=0.000598 peak=0.002214 gain=1.000
2025-12-16 06:03:22 [tracker] [s1] onset-accepted t=0.6573 env=0.000598 gate=0.000038 envDelta=0.000560 envFloor=0.000496 onset=1.155675 thresh=0.006000 onsetDelta=1.149675 baseline=0.000694 floor=0.000180 adapt=0.000827 lastPeak=0.000771 baseParam=0.000180 gateRatio=0.0550 envParam=0.000450 onsetScale=0.300 retriggerScale=1.400 guard=0.060 guardRemain=0.000 activeAge=0.157 retrigRemain=0.063 pitchHz=-1.00 pitchCents=0.0
2025-12-16 06:03:22 [tracker] [s1] onset t=0.657 env=0.00060 gate=0.00004 envDelta=0.00056 envFloor=0.00050 onset=1.156 thresh=0.006 onsetDelta=1.14967 baseline=0.00069 adaptive=0.00083 lastPeak=0.00077 guard=0.060 activeAge=0.157 pitch=-1.00Hz pitchCents=0.0
2025-12-16 06:03:22 [tracker] [s1] note-ended (new onset) t=0.657 fret=0 dur=0.157
2025-12-16 06:03:22 [tracker] [s6] onset t=0.689 env=0.00175 gate=0.00020 envDelta=0.00155 envFloor=0.00120 onset=0.992 thresh=0.018 onsetDelta=0.97385 baseline=0.00080 adaptive=0.00200 lastPeak=0.00000 guard=0.060 activeAge=-1.000 pitch=-1.00Hz pitchCents=0.0
2025-12-16 06:03:22 [tracker] [s3] onset t=0.729 env=0.00114 gate=0.00007 envDelta=0.00107 envFloor=0.00079 onset=1.364 thresh=0.012 onsetDelta=1.35236 baseline=0.00053 adaptive=0.00132 lastPeak=0.00000 guard=0.060 activeAge=-1.000 pitch=-1.00Hz pitchCents=0.0
2025-12-16 06:03:22 [tracker] [s5] onset t=0.737 env=0.00150 gate=0.00014 envDelta=0.00136 envFloor=0.00100 onset=0.706 thresh=0.016 onsetDelta=0.69019 baseline=0.00067 adaptive=0.00167 lastPeak=0.00000 guard=0.060 activeAge=-1.000 pitch=-1.00Hz pitchCents=0.0
2025-12-16 06:03:22 [tracker] [s1] aubio-raw t=0.7427 onset=1.132745 env=0.001422 peak=0.002556 gain=1.000
2025-12-16 06:03:22 [tracker] [s1] onset-accepted t=0.7427 env=0.001422 gate=0.000033 envDelta=0.001390 envFloor=0.000557 onset=1.132745 thresh=0.006000 onsetDelta=1.126745 baseline=0.000591 floor=0.000180 adapt=0.000929 lastPeak=0.000657 baseParam=0.000180 gateRatio=0.0550 envParam=0.000450 onsetScale=0.300 retriggerScale=1.400 guard=0.060 guardRemain=0.000 activeAge=-1.000 retrigRemain=0.000 pitchHz=150.93 pitchCents=1047.7
2025-12-16 06:03:22 [tracker] [s1] onset t=0.743 env=0.00142 gate=0.00003 envDelta=0.00139 envFloor=0.00056 onset=1.133 thresh=0.006 onsetDelta=1.12675 baseline=0.00059 adaptive=0.00093 lastPeak=0.00066 guard=0.060 activeAge=-1.000 pitch=150.93Hz pitchCents=1047.7
2025-12-16 06:03:22 [tracker] [s6] onset t=0.780 env=0.00195 gate=0.00019 envDelta=0.00176 envFloor=0.00112 onset=0.919 thresh=0.018 onsetDelta=0.90115 baseline=0.00075 adaptive=0.00187 lastPeak=0.00000 guard=0.060 activeAge=-1.000 pitch=-1.00Hz pitchCents=0.0
2025-12-16 06:03:22 [tracker] [s1] aubio-raw t=0.8200 onset=1.154003 env=0.000670 peak=0.001791 gain=1.000
2025-12-16 06:03:22 [tracker] [s1] onset-accepted t=0.8200 env=0.000670 gate=0.000028 envDelta=0.000642 envFloor=0.000538 onset=1.154003 thresh=0.006000 onsetDelta=1.148003 baseline=0.000511 floor=0.000180 adapt=0.000896 lastPeak=0.000568 baseParam=0.000180 gateRatio=0.0550 envParam=0.000450 onsetScale=0.300 retriggerScale=1.400 guard=0.060 guardRemain=0.000 activeAge=-1.000 retrigRemain=0.000 pitchHz=156.86 pitchCents=1114.4
2025-12-16 06:03:22 [tracker] [s1] onset t=0.820 env=0.00067 gate=0.00003 envDelta=0.00064 envFloor=0.00054 onset=1.154 thresh=0.006 onsetDelta=1.14800 baseline=0.00051 adaptive=0.00090 lastPeak=0.00057 guard=0.060 activeAge=-1.000 pitch=156.86Hz pitchCents=1114.4
2025-12-16 06:03:22 [tracker] [s1] note-start t=0.820 fret=4 midi=44 vel=0.01 env=0.00067
2025-12-16 06:03:22 [tracker] [s2] onset t=0.839 env=0.00112 gate=0.00001 envDelta=0.00111 envFloor=0.00077 onset=0.819 thresh=0.009 onsetDelta=0.81006 baseline=0.00051 adaptive=0.00129 lastPeak=0.00000 guard=0.060 activeAge=-1.000 pitch=100.00Hz pitchCents=-165.0
2025-12-16 06:03:22 [tracker] [s3] onset t=0.913 env=0.00129 gate=0.00008 envDelta=0.00122 envFloor=0.00087 onset=0.999 thresh=0.012 onsetDelta=0.98778 baseline=0.00058 adaptive=0.00146 lastPeak=0.00000 guard=0.060 activeAge=-1.000 pitch=-1.00Hz pitchCents=0.0
2025-12-16 06:03:22 [tracker] [s6] onset t=0.924 env=0.00216 gate=0.00021 envDelta=0.00195 envFloor=0.00125 onset=0.997 thresh=0.018 onsetDelta=0.97937 baseline=0.00084 adaptive=0.00209 lastPeak=0.00000 guard=0.060 activeAge=-1.000 pitch=-1.00Hz pitchCents=0.0
2025-12-16 06:03:22 [tracker] [s4] onset t=0.951 env=0.00164 gate=0.00011 envDelta=0.00153 envFloor=0.00101 onset=1.201 thresh=0.014 onsetDelta=1.18686 baseline=0.00067 adaptive=0.00168 lastPeak=0.00000 guard=0.060 activeAge=-1.000 pitch=-1.00Hz pitchCents=0.0
2025-12-16 06:03:22 [tracker] [s3] onset t=0.991 env=0.00144 gate=0.00008 envDelta=0.00137 envFloor=0.00088 onset=0.826 thresh=0.012 onsetDelta=0.81485 baseline=0.00058 adaptive=0.00146 lastPeak=0.00000 guard=0.060 activeAge=-1.000 pitch=-1.00Hz pitchCents=0.0
2025-12-16 06:03:22 [tracker] [s2] onset t=1.039 env=0.00094 gate=0.00000 envDelta=0.00093 envFloor=0.00075 onset=0.893 thresh=0.009 onsetDelta=0.88363 baseline=0.00050 adaptive=0.00124 lastPeak=0.00000 guard=0.060 activeAge=-1.000 pitch=105.26Hz pitchCents=-76.2
2025-12-16 06:03:22 [tracker] [s6] onset t=1.132 env=0.00163 gate=0.00019 envDelta=0.00144 envFloor=0.00117 onset=0.998 thresh=0.018 onsetDelta=0.97973 baseline=0.00078 adaptive=0.00194 lastPeak=0.00000 guard=0.060 activeAge=-1.000 pitch=-1.00Hz pitchCents=0.0
2025-12-16 06:03:22 [tracker] [s5] onset t=1.231 env=0.00190 gate=0.00014 envDelta=0.00175 envFloor=0.00103 onset=0.941 thresh=0.016 onsetDelta=0.92483 baseline=0.00069 adaptive=0.00172 lastPeak=0.00000 guard=0.060 activeAge=-1.000 pitch=-1.00Hz pitchCents=0.0
2025-12-16 06:03:22 [tracker] [s3] onset t=1.252 env=0.00118 gate=0.00008 envDelta=0.00111 envFloor=0.00087 onset=1.027 thresh=0.012 onsetDelta=1.01564 baseline=0.00058 adaptive=0.00146 lastPeak=0.00000 guard=0.060 activeAge=-1.000 pitch=-1.00Hz pitchCents=0.0
2025-12-16 06:03:22 [tracker] [s5] onset t=1.313 env=0.00174 gate=0.00015 envDelta=0.00159 envFloor=0.00109 onset=1.453 thresh=0.016 onsetDelta=1.43683 baseline=0.00073 adaptive=0.00182 lastPeak=0.00000 guard=0.060 activeAge=-1.000 pitch=-1.00Hz pitchCents=0.0
2025-12-16 06:03:23 [tracker] [s4] onset t=1.364 env=0.00151 gate=0.00011 envDelta=0.00140 envFloor=0.00094 onset=0.829 thresh=0.014 onsetDelta=0.81525 baseline=0.00063 adaptive=0.00157 lastPeak=0.00000 guard=0.060 activeAge=-1.000 pitch=-1.00Hz pitchCents=0.0
2025-12-16 06:03:23 [tracker] [s2] onset t=1.503 env=0.00121 gate=0.00001 envDelta=0.00121 envFloor=0.00077 onset=1.486 thresh=0.009 onsetDelta=1.47692 baseline=0.00051 adaptive=0.00128 lastPeak=0.00039 guard=0.060 activeAge=0.464 pitch=216.19Hz pitchCents=1169.8
2025-12-16 06:03:23 [tracker] [s2] note-ended (new onset) t=1.503 fret=9 dur=0.464
2025-12-16 06:03:23 [tracker] [s1] aubio-raw t=1.5053 onset=0.743565 env=0.000541 peak=0.001378 gain=1.000
2025-12-16 06:03:23 [tracker] [s1] onset-accepted t=1.5053 env=0.000541 gate=0.000018 envDelta=0.000522 envFloor=0.000501 onset=0.743565 thresh=0.006000 onsetDelta=0.737565 baseline=0.000334 floor=0.000180 adapt=0.000835 lastPeak=0.000185 baseParam=0.000180 gateRatio=0.0550 envParam=0.000450 onsetScale=0.300 retriggerScale=1.400 guard=0.060 guardRemain=0.000 activeAge=0.685 retrigRemain=0.000 pitchHz=100.00 pitchCents=334.9
2025-12-16 06:03:23 [tracker] [s1] onset t=1.505 env=0.00054 gate=0.00002 envDelta=0.00052 envFloor=0.00050 onset=0.744 thresh=0.006 onsetDelta=0.73757 baseline=0.00033 adaptive=0.00083 lastPeak=0.00018 guard=0.060 activeAge=0.685 pitch=100.00Hz pitchCents=334.9
2025-12-16 06:03:23 [tracker] [s1] note-ended (new onset) t=1.505 fret=4 dur=0.685
2025-12-16 06:03:23 [tracker] [s3] onset t=1.524 env=0.00092 gate=0.00007 envDelta=0.00086 envFloor=0.00081 onset=1.043 thresh=0.012 onsetDelta=1.03177 baseline=0.00054 adaptive=0.00134 lastPeak=0.00000 guard=0.060 activeAge=-1.000 pitch=-1.00Hz pitchCents=0.0
2025-12-16 06:03:23 [tracker] [s2] onset t=1.623 env=0.00125 gate=0.00001 envDelta=0.00125 envFloor=0.00076 onset=0.566 thresh=0.009 onsetDelta=0.55708 baseline=0.00051 adaptive=0.00127 lastPeak=0.00031 guard=0.060 activeAge=-1.000 pitch=347.83Hz pitchCents=1993.1
2025-12-16 06:03:23 [tracker] [s6] onset t=1.655 env=0.00200 gate=0.00022 envDelta=0.00178 envFloor=0.00130 onset=0.996 thresh=0.018 onsetDelta=0.97793 baseline=0.00087 adaptive=0.00217 lastPeak=0.00000 guard=0.060 activeAge=-1.000 pitch=-1.00Hz pitchCents=0.0
2025-12-16 06:03:23 [tracker] [s5] onset t=1.740 env=0.00163 gate=0.00015 envDelta=0.00148 envFloor=0.00108 onset=0.984 thresh=0.016 onsetDelta=0.96774 baseline=0.00072 adaptive=0.00179 lastPeak=0.00000 guard=0.060 activeAge=-1.000 pitch=-1.00Hz pitchCents=0.0
2025-12-16 06:03:23 [tracker] [s2] onset t=1.759 env=0.00110 gate=0.00001 envDelta=0.00109 envFloor=0.00079 onset=0.999 thresh=0.009 onsetDelta=0.98998 baseline=0.00052 adaptive=0.00131 lastPeak=0.00024 guard=0.060 activeAge=-1.000 pitch=98.76Hz pitchCents=-186.6
2025-12-16 06:03:23 [tracker] [s1] aubio-raw t=1.7747 onset=1.001319 env=0.000665 peak=0.001702 gain=1.000
2025-12-16 06:03:23 [tracker] [s1] onset-accepted t=1.7747 env=0.000665 gate=0.000017 envDelta=0.000648 envFloor=0.000477 onset=1.001319 thresh=0.006000 onsetDelta=0.995319 baseline=0.000318 floor=0.000180 adapt=0.000795 lastPeak=0.000111 baseParam=0.000180 gateRatio=0.0550 envParam=0.000450 onsetScale=0.300 retriggerScale=1.400 guard=0.060 guardRemain=0.000 activeAge=-1.000 retrigRemain=0.000 pitchHz=125.00 pitchCents=721.3
2025-12-16 06:03:23 [tracker] [s1] onset t=1.775 env=0.00067 gate=0.00002 envDelta=0.00065 envFloor=0.00048 onset=1.001 thresh=0.006 onsetDelta=0.99532 baseline=0.00032 adaptive=0.00080 lastPeak=0.00011 guard=0.060 activeAge=-1.000 pitch=125.00Hz pitchCents=721.3
2025-12-16 06:03:23 [tracker] [s1] aubio-raw t=1.8467 onset=0.997449 env=0.000726 peak=0.001869 gain=1.000
2025-12-16 06:03:23 [tracker] [s1] onset-accepted t=1.8467 env=0.000726 gate=0.000018 envDelta=0.000707 envFloor=0.000502 onset=0.997449 thresh=0.006000 onsetDelta=0.991449 baseline=0.000334 floor=0.000180 adapt=0.000836 lastPeak=0.000097 baseParam=0.000180 gateRatio=0.0550 envParam=0.000450 onsetScale=0.300 retriggerScale=1.400 guard=0.060 guardRemain=0.000 activeAge=-1.000 retrigRemain=0.000 pitchHz=135.59 pitchCents=862.1
2025-12-16 06:03:23 [tracker] [s1] onset t=1.847 env=0.00073 gate=0.00002 envDelta=0.00071 envFloor=0.00050 onset=0.997 thresh=0.006 onsetDelta=0.99145 baseline=0.00033 adaptive=0.00084 lastPeak=0.00010 guard=0.060 activeAge=-1.000 pitch=135.59Hz pitchCents=862.1
2025-12-16 06:03:23 [tracker] [s1] aubio-raw t=1.9587 onset=0.997042 env=0.000897 peak=0.002004 gain=1.000
2025-12-16 06:03:23 [tracker] [s1] onset-accepted t=1.9587 env=0.000897 gate=0.000019 envDelta=0.000878 envFloor=0.000525 onset=0.997042 thresh=0.006000 onsetDelta=0.991042 baseline=0.000350 floor=0.000180 adapt=0.000875 lastPeak=0.000079 baseParam=0.000180 gateRatio=0.0550 envParam=0.000450 onsetScale=0.300 retriggerScale=1.400 guard=0.060 guardRemain=0.000 activeAge=-1.000 retrigRemain=0.000 pitchHz=112.68 pitchCents=541.6
2025-12-16 06:03:23 [tracker] [s1] onset t=1.959 env=0.00090 gate=0.00002 envDelta=0.00088 envFloor=0.00052 onset=0.997 thresh=0.006 onsetDelta=0.99104 baseline=0.00035 adaptive=0.00087 lastPeak=0.00008 guard=0.060 activeAge=-1.000 pitch=112.68Hz pitchCents=541.6
2025-12-16 06:03:23 [tracker] [s6] onset t=2.017 env=0.00192 gate=0.00021 envDelta=0.00171 envFloor=0.00126 onset=0.994 thresh=0.018 onsetDelta=0.97592 baseline=0.00084 adaptive=0.00209 lastPeak=0.00000 guard=0.060 activeAge=-1.000 pitch=-1.00Hz pitchCents=0.0
2025-12-16 06:03:23 [tracker] [s2] onset t=2.068 env=0.00147 gate=0.00001 envDelta=0.00146 envFloor=0.00080 onset=0.689 thresh=0.009 onsetDelta=0.67965 baseline=0.00053 adaptive=0.00133 lastPeak=0.00014 guard=0.060 activeAge=-1.000 pitch=-1.00Hz pitchCents=0.0
2025-12-16 06:03:23 [tracker] [s2] onset t=2.252 env=0.00108 gate=0.00001 envDelta=0.00107 envFloor=0.00079 onset=1.287 thresh=0.009 onsetDelta=1.27774 baseline=0.00053 adaptive=0.00132 lastPeak=0.00010 guard=0.060 activeAge=-1.000 pitch=126.97Hz pitchCents=248.4
2025-12-16 06:03:24 [tracker] [s2] onset t=2.316 env=0.00113 gate=0.00001 envDelta=0.00113 envFloor=0.00078 onset=1.086 thresh=0.009 onsetDelta=1.07677 baseline=0.00052 adaptive=0.00130 lastPeak=0.00009 guard=0.060 activeAge=-1.000 pitch=266.65Hz pitchCents=1533.0
2025-12-16 06:03:24 [tracker] [s1] aubio-raw t=2.3907 onset=0.779706 env=0.000876 peak=0.002350 gain=1.000
2025-12-16 06:03:24 [tracker] [s1] onset-accepted t=2.3907 env=0.000876 gate=0.000018 envDelta=0.000858 envFloor=0.000497 onset=0.779706 thresh=0.006000 onsetDelta=0.773706 baseline=0.000331 floor=0.000180 adapt=0.000828 lastPeak=0.000035 baseParam=0.000180 gateRatio=0.0550 envParam=0.000450 onsetScale=0.300 retriggerScale=1.400 guard=0.060 guardRemain=0.000 activeAge=-1.000 retrigRemain=0.000 pitchHz=210.53 pitchCents=1623.8
2025-12-16 06:03:24 [tracker] [s2] onset t=2.396 env=0.00119 gate=0.00000 envDelta=0.00118 envFloor=0.00074 onset=1.133 thresh=0.009 onsetDelta=1.12380 baseline=0.00050 adaptive=0.00124 lastPeak=0.00007 guard=0.060 activeAge=-1.000 pitch=109.59Hz pitchCents=-6.5
2025-12-16 06:03:24 [tracker] [s1] aubio-raw t=2.5080 onset=0.687734 env=0.000677 peak=0.001913 gain=1.000
2025-12-16 06:03:24 [tracker] [s1] onset-accepted t=2.5080 env=0.000677 gate=0.000019 envDelta=0.000658 envFloor=0.000519 onset=0.687734 thresh=0.006000 onsetDelta=0.681735 baseline=0.000346 floor=0.000180 adapt=0.000865 lastPeak=0.000028 baseParam=0.000180 gateRatio=0.0550 envParam=0.000450 onsetScale=0.300 retriggerScale=1.400 guard=0.060 guardRemain=0.000 activeAge=-1.000 retrigRemain=0.000 pitchHz=111.11 pitchCents=517.4
2025-12-16 06:03:24 [tracker] [s1] onset t=2.508 env=0.00068 gate=0.00002 envDelta=0.00066 envFloor=0.00052 onset=0.688 thresh=0.006 onsetDelta=0.68173 baseline=0.00035 adaptive=0.00087 lastPeak=0.00003 guard=0.060 activeAge=-1.000 pitch=111.11Hz pitchCents=517.4
2025-12-16 06:03:24 [tracker] [s3] onset t=2.540 env=0.00118 gate=0.00008 envDelta=0.00111 envFloor=0.00088 onset=0.992 thresh=0.012 onsetDelta=0.98089 baseline=0.00058 adaptive=0.00146 lastPeak=0.00000 guard=0.060 activeAge=-1.000 pitch=-1.00Hz pitchCents=0.0
2025-12-16 06:03:24 [tracker] [s4] onset t=2.545 env=0.00118 gate=0.00010 envDelta=0.00108 envFloor=0.00091 onset=1.279 thresh=0.014 onsetDelta=1.26479 baseline=0.00061 adaptive=0.00152 lastPeak=0.00000 guard=0.060 activeAge=-1.000 pitch=-1.00Hz pitchCents=0.0
2025-12-16 06:03:24 [tracker] [s5] onset t=2.583 env=0.00174 gate=0.00014 envDelta=0.00159 envFloor=0.00102 onset=0.997 thresh=0.016 onsetDelta=0.98101 baseline=0.00068 adaptive=0.00170 lastPeak=0.00000 guard=0.060 activeAge=-1.000 pitch=-1.00Hz pitchCents=0.0
2025-12-16 06:03:24 [tracker] [s1] aubio-raw t=2.5907 onset=0.904188 env=0.000789 peak=0.002073 gain=1.000
2025-12-16 06:03:24 [tracker] [s1] onset-accepted t=2.5907 env=0.000789 gate=0.000018 envDelta=0.000771 envFloor=0.000495 onset=0.904188 thresh=0.006000 onsetDelta=0.898188 baseline=0.000330 floor=0.000180 adapt=0.000824 lastPeak=0.000024 baseParam=0.000180 gateRatio=0.0550 envParam=0.000450 onsetScale=0.300 retriggerScale=1.400 guard=0.060 guardRemain=0.000 activeAge=-1.000 retrigRemain=0.000 pitchHz=115.94 pitchCents=591.0
2025-12-16 06:03:24 [tracker] [s1] onset t=2.591 env=0.00079 gate=0.00002 envDelta=0.00077 envFloor=0.00049 onset=0.904 thresh=0.006 onsetDelta=0.89819 baseline=0.00033 adaptive=0.00082 lastPeak=0.00002 guard=0.060 activeAge=-1.000 pitch=115.94Hz pitchCents=591.0
2025-12-16 06:03:24 [tracker] [s1] note-start t=2.591 fret=8 midi=48 vel=0.01 env=0.00079
2025-12-16 06:03:24 [tracker] [s2] onset t=2.700 env=0.00121 gate=0.00001 envDelta=0.00120 envFloor=0.00075 onset=0.979 thresh=0.009 onsetDelta=0.97000 baseline=0.00060 adaptive=0.00126 lastPeak=0.00067 guard=0.060 activeAge=0.304 pitch=97.56Hz pitchCents=-207.7
2025-12-16 06:03:24 [tracker] [s2] note-ended (new onset) t=2.700 fret=0 dur=0.304
2025-12-16 06:03:24 [tracker] [s2] onset t=2.852 env=0.00099 gate=0.00001 envDelta=0.00098 envFloor=0.00078 onset=1.055 thresh=0.009 onsetDelta=1.04556 baseline=0.00082 adaptive=0.00130 lastPeak=0.00091 guard=0.060 activeAge=0.152 pitch=105.26Hz pitchCents=-76.2
2025-12-16 06:03:24 [tracker] [s2] note-ended (new onset) t=2.852 fret=12 dur=0.152
2025-12-16 06:03:24 [tracker] [s2] note-start t=2.852 fret=4 midi=49 vel=0.01 env=0.00099
2025-12-16 06:03:24 [tracker] [s3] onset t=2.972 env=0.00164 gate=0.00007 envDelta=0.00157 envFloor=0.00086 onset=0.997 thresh=0.012 onsetDelta=0.98547 baseline=0.00057 adaptive=0.00143 lastPeak=0.00000 guard=0.060 activeAge=-1.000 pitch=-1.00Hz pitchCents=0.0
2025-12-16 06:03:24 [tracker] [s3] onset t=3.063 env=0.00114 gate=0.00007 envDelta=0.00106 envFloor=0.00084 onset=0.947 thresh=0.012 onsetDelta=0.93496 baseline=0.00056 adaptive=0.00139 lastPeak=0.00000 guard=0.060 activeAge=-1.000 pitch=-1.00Hz pitchCents=0.0
2025-12-16 06:03:24 [tracker] [s4] onset t=3.071 env=0.00127 gate=0.00010 envDelta=0.00117 envFloor=0.00091 onset=1.023 thresh=0.014 onsetDelta=1.00916 baseline=0.00060 adaptive=0.00151 lastPeak=0.00000 guard=0.060 activeAge=-1.000 pitch=-1.00Hz pitchCents=0.0
2025-12-16 06:03:24 [tracker] [s1] aubio-raw t=3.0787 onset=1.273621 env=0.000782 peak=0.001974 gain=1.000
2025-12-16 06:03:24 [tracker] [s1] onset-accepted t=3.0787 env=0.000782 gate=0.000018 envDelta=0.000764 envFloor=0.000498 onset=1.273621 thresh=0.006000 onsetDelta=1.267621 baseline=0.000332 floor=0.000180 adapt=0.000830 lastPeak=0.000315 baseParam=0.000180 gateRatio=0.0550 envParam=0.000450 onsetScale=0.300 retriggerScale=1.400 guard=0.060 guardRemain=0.000 activeAge=0.488 retrigRemain=0.000 pitchHz=145.44 pitchCents=983.5
2025-12-16 06:03:24 [tracker] [s1] onset t=3.079 env=0.00078 gate=0.00002 envDelta=0.00076 envFloor=0.00050 onset=1.274 thresh=0.006 onsetDelta=1.26762 baseline=0.00033 adaptive=0.00083 lastPeak=0.00032 guard=0.060 activeAge=0.488 pitch=145.44Hz pitchCents=983.5
2025-12-16 06:03:24 [tracker] [s1] note-ended (new onset) t=3.079 fret=8 dur=0.488
2025-12-16 06:03:24 [tracker] [s1] note-start t=3.079 fret=7 midi=47 vel=0.01 env=0.00078
2025-12-16 06:03:24 [tracker] [s2] onset t=3.129 env=0.00125 gate=0.00001 envDelta=0.00125 envFloor=0.00086 onset=0.802 thresh=0.009 onsetDelta=0.79342 baseline=0.00057 adaptive=0.00143 lastPeak=0.00059 guard=0.060 activeAge=0.277 pitch=94.12Hz pitchCents=-270.0
2025-12-16 06:03:24 [tracker] [s2] note-ended (new onset) t=3.129 fret=4 dur=0.277
2025-12-16 06:03:24 [tracker] [s2] note-start t=3.129 fret=2 midi=47 vel=0.02 env=0.00125
2025-12-16 06:03:24 [tracker] [s6] onset t=3.148 env=0.00239 gate=0.00021 envDelta=0.00217 envFloor=0.00127 onset=1.094 thresh=0.018 onsetDelta=1.07629 baseline=0.00085 adaptive=0.00212 lastPeak=0.00000 guard=0.060 activeAge=-1.000 pitch=-1.00Hz pitchCents=0.0
2025-12-16 06:03:24 [tracker] [s3] onset t=3.180 env=0.00124 gate=0.00007 envDelta=0.00116 envFloor=0.00083 onset=1.090 thresh=0.012 onsetDelta=1.07845 baseline=0.00055 adaptive=0.00138 lastPeak=0.00000 guard=0.060 activeAge=-1.000 pitch=-1.00Hz pitchCents=0.0
2025-12-16 06:03:24 [tracker] [s1] aubio-raw t=3.2494 onset=0.879076 env=0.000937 peak=0.002089 gain=1.000
2025-12-16 06:03:24 [tracker] [s1] onset-accepted t=3.2494 env=0.000937 gate=0.000028 envDelta=0.000909 envFloor=0.000523 onset=0.879076 thresh=0.006000 onsetDelta=0.873076 baseline=0.000511 floor=0.000180 adapt=0.000872 lastPeak=0.000568 baseParam=0.000180 gateRatio=0.0550 envParam=0.000450 onsetScale=0.300 retriggerScale=1.400 guard=0.060 guardRemain=0.000 activeAge=0.171 retrigRemain=0.049 pitchHz=888.78 pitchCents=4117.2
2025-12-16 06:03:24 [tracker] [s1] onset t=3.249 env=0.00094 gate=0.00003 envDelta=0.00091 envFloor=0.00052 onset=0.879 thresh=0.006 onsetDelta=0.87308 baseline=0.00051 adaptive=0.00087 lastPeak=0.00057 guard=0.060 activeAge=0.171 pitch=888.78Hz pitchCents=4117.2
2025-12-16 06:03:24 [tracker] [s1] note-ended (new onset) t=3.249 fret=7 dur=0.171
2025-12-16 06:03:24 [tracker] [s3] onset t=3.257 env=0.00129 gate=0.00007 envDelta=0.00122 envFloor=0.00084 onset=1.003 thresh=0.012 onsetDelta=0.99093 baseline=0.00056 adaptive=0.00141 lastPeak=0.00000 guard=0.060 activeAge=-1.000 pitch=-1.00Hz pitchCents=0.0
2025-12-16 06:03:25 [tracker] [s2] onset t=3.385 env=0.00115 gate=0.00001 envDelta=0.00114 envFloor=0.00074 onset=1.149 thresh=0.009 onsetDelta=1.13988 baseline=0.00070 adaptive=0.00124 lastPeak=0.00077 guard=0.060 activeAge=0.256 pitch=258.06Hz pitchCents=1476.2
2025-12-16 06:03:25 [tracker] [s2] note-ended (new onset) t=3.385 fret=2 dur=0.256
2025-12-16 06:03:25 [tracker] [s4] onset t=3.439 env=0.00137 gate=0.00010 envDelta=0.00127 envFloor=0.00085 onset=1.287 thresh=0.014 onsetDelta=1.27343 baseline=0.00057 adaptive=0.00142 lastPeak=0.00000 guard=0.060 activeAge=-1.000 pitch=-1.00Hz pitchCents=0.0
2025-12-16 06:03:25 [tracker] [s1] aubio-raw t=3.4867 onset=1.288857 env=0.000706 peak=0.001971 gain=1.000
2025-12-16 06:03:25 [tracker] [s1] onset-accepted t=3.4867 env=0.000706 gate=0.000020 envDelta=0.000686 envFloor=0.000539 onset=1.288857 thresh=0.006000 onsetDelta=1.282857 baseline=0.000360 floor=0.000180 adapt=0.000899 lastPeak=0.000363 baseParam=0.000180 gateRatio=0.0550 envParam=0.000450 onsetScale=0.300 retriggerScale=1.400 guard=0.060 guardRemain=0.000 activeAge=-1.000 retrigRemain=0.000 pitchHz=95.24 pitchCents=250.5
2025-12-16 06:03:25 [tracker] [s1] onset t=3.487 env=0.00071 gate=0.00002 envDelta=0.00069 envFloor=0.00054 onset=1.289 thresh=0.006 onsetDelta=1.28286 baseline=0.00036 adaptive=0.00090 lastPeak=0.00036 guard=0.060 activeAge=-1.000 pitch=95.24Hz pitchCents=250.5
2025-12-16 06:03:25 [tracker] [s1] note-start t=3.487 fret=17 midi=57 vel=0.01 env=0.00071
2025-12-16 06:03:25 [tracker] [s3] onset t=3.521 env=0.00107 gate=0.00008 envDelta=0.00099 envFloor=0.00091 onset=1.077 thresh=0.012 onsetDelta=1.06508 baseline=0.00060 adaptive=0.00151 lastPeak=0.00000 guard=0.060 activeAge=-1.000 pitch=-1.00Hz pitchCents=0.0
2025-12-16 06:03:25 [tracker] [s2] onset t=3.535 env=0.00104 gate=0.00001 envDelta=0.00104 envFloor=0.00078 onset=1.258 thresh=0.009 onsetDelta=1.24899 baseline=0.00053 adaptive=0.00131 lastPeak=0.00058 guard=0.060 activeAge=-1.000 pitch=258.05Hz pitchCents=1476.2
2025-12-16 06:03:25 [tracker] [s1] aubio-raw t=3.5427 onset=1.000483 env=0.000579 peak=0.001622 gain=1.000
2025-12-16 06:03:25 [tracker] [s1] onset-separation-guard t=3.5427 env=0.000579 gate=0.000031 envDelta=0.000547 envFloor=0.000525 onset=1.000483 thresh=0.006000 onsetDelta=0.994483 baseline=0.000572 floor=0.000180 adapt=0.000875 lastPeak=0.000635 baseParam=0.000180 gateRatio=0.0550 envParam=0.000450 onsetScale=0.300 retriggerScale=1.400 guard=0.060 guardRemain=0.004 activeAge=0.056 retrigRemain=0.164 pitchHz=115.94 pitchCents=591.0
2025-12-16 06:03:25 [tracker] [s2] onset t=3.628 env=0.00117 gate=0.00001 envDelta=0.00116 envFloor=0.00081 onset=1.246 thresh=0.009 onsetDelta=1.23697 baseline=0.00054 adaptive=0.00135 lastPeak=0.00049 guard=0.060 activeAge=-1.000 pitch=95.24Hz pitchCents=-249.5
2025-12-16 06:03:25 [tracker] [s2] note-start t=3.628 fret=0 midi=45 vel=0.01 env=0.00117
2025-12-16 06:03:25 [tracker] [s4] onset t=3.692 env=0.00157 gate=0.00010 envDelta=0.00147 envFloor=0.00091 onset=0.995 thresh=0.014 onsetDelta=0.98081 baseline=0.00061 adaptive=0.00152 lastPeak=0.00000 guard=0.060 activeAge=-1.000 pitch=-1.00Hz pitchCents=0.0
2025-12-16 06:03:25 [tracker] [s1] aubio-raw t=3.7027 onset=0.909128 env=0.000685 peak=0.001878 gain=1.000
2025-12-16 06:03:25 [tracker] [s1] onset-accepted t=3.7027 env=0.000685 gate=0.000023 envDelta=0.000662 envFloor=0.000499 onset=0.909128 thresh=0.006000 onsetDelta=0.903128 baseline=0.000423 floor=0.000180 adapt=0.000831 lastPeak=0.000470 baseParam=0.000180 gateRatio=0.0550 envParam=0.000450 onsetScale=0.300 retriggerScale=1.400 guard=0.060 guardRemain=0.000 activeAge=0.216 retrigRemain=0.004 pitchHz=320.00 pitchCents=2348.7
2025-12-16 06:03:25 [tracker] [s1] onset t=3.703 env=0.00069 gate=0.00002 envDelta=0.00066 envFloor=0.00050 onset=0.909 thresh=0.006 onsetDelta=0.90313 baseline=0.00042 adaptive=0.00083 lastPeak=0.00047 guard=0.060 activeAge=0.216 pitch=320.00Hz pitchCents=2348.7
2025-12-16 06:03:25 [tracker] [s1] note-ended (new onset) t=3.703 fret=17 dur=0.216
2025-12-16 06:03:25 [tracker] [s5] onset t=3.767 env=0.00139 gate=0.00014 envDelta=0.00125 envFloor=0.00099 onset=0.837 thresh=0.016 onsetDelta=0.82072 baseline=0.00066 adaptive=0.00165 lastPeak=0.00000 guard=0.060 activeAge=-1.000 pitch=-1.00Hz pitchCents=0.0
2025-12-16 06:03:25 [tracker] [s2] onset t=3.807 env=0.00105 gate=0.00001 envDelta=0.00105 envFloor=0.00075 onset=0.998 thresh=0.009 onsetDelta=0.98858 baseline=0.00075 adaptive=0.00126 lastPeak=0.00083 guard=0.060 activeAge=0.179 pitch=228.57Hz pitchCents=1266.1
2025-12-16 06:03:25 [tracker] [s2] note-ended (new onset) t=3.807 fret=0 dur=0.179
2025-12-16 06:03:25 [tracker] [s5] onset t=3.820 env=0.00177 gate=0.00014 envDelta=0.00162 envFloor=0.00102 onset=0.932 thresh=0.016 onsetDelta=0.91568 baseline=0.00068 adaptive=0.00171 lastPeak=0.00000 guard=0.060 activeAge=-1.000 pitch=-1.00Hz pitchCents=0.0
2025-12-16 06:03:25 [tracker] [s4] onset t=3.871 env=0.00115 gate=0.00010 envDelta=0.00105 envFloor=0.00089 onset=0.953 thresh=0.014 onsetDelta=0.93882 baseline=0.00059 adaptive=0.00148 lastPeak=0.00000 guard=0.060 activeAge=-1.000 pitch=-1.00Hz pitchCents=0.0
2025-12-16 06:03:25 [tracker] [s1] aubio-raw t=3.9240 onset=1.148079 env=0.000656 peak=0.001602 gain=1.000
2025-12-16 06:03:25 [tracker] [s1] onset-accepted t=3.9240 env=0.000656 gate=0.000019 envDelta=0.000637 envFloor=0.000525 onset=1.148079 thresh=0.006000 onsetDelta=1.142079 baseline=0.000350 floor=0.000180 adapt=0.000874 lastPeak=0.000310 baseParam=0.000180 gateRatio=0.0550 envParam=0.000450 onsetScale=0.300 retriggerScale=1.400 guard=0.060 guardRemain=0.000 activeAge=-1.000 retrigRemain=0.000 pitchHz=160.00 pitchCents=1148.7
2025-12-16 06:03:25 [tracker] [s1] onset t=3.924 env=0.00066 gate=0.00002 envDelta=0.00064 envFloor=0.00052 onset=1.148 thresh=0.006 onsetDelta=1.14208 baseline=0.00035 adaptive=0.00087 lastPeak=0.00031 guard=0.060 activeAge=-1.000 pitch=160.00Hz pitchCents=1148.7
2025-12-16 06:03:25 [tracker] [s6] onset t=3.927 env=0.00220 gate=0.00021 envDelta=0.00199 envFloor=0.00126 onset=0.997 thresh=0.018 onsetDelta=0.97892 baseline=0.00084 adaptive=0.00210 lastPeak=0.00000 guard=0.060 activeAge=-1.000 pitch=-1.00Hz pitchCents=0.0
2025-12-16 06:03:25 [tracker] [s2] onset t=3.932 env=0.00101 gate=0.00001 envDelta=0.00100 envFloor=0.00081 onset=0.996 thresh=0.009 onsetDelta=0.98711 baseline=0.00059 adaptive=0.00135 lastPeak=0.00066 guard=0.060 activeAge=-1.000 pitch=186.06Hz pitchCents=909.9
2025-12-16 06:03:25 [tracker] [s3] onset t=3.935 env=0.00158 gate=0.00007 envDelta=0.00151 envFloor=0.00084 onset=0.973 thresh=0.012 onsetDelta=0.96105 baseline=0.00056 adaptive=0.00139 lastPeak=0.00000 guard=0.060 activeAge=-1.000 pitch=-1.00Hz pitchCents=0.0
2025-12-16 06:03:25 [tracker] [s1] aubio-raw t=4.0760 onset=0.873935 env=0.000678 peak=0.002121 gain=1.000
2025-12-16 06:03:25 [tracker] [s1] onset-accepted t=4.0760 env=0.000678 gate=0.000020 envDelta=0.000658 envFloor=0.000537 onset=0.873935 thresh=0.006000 onsetDelta=0.867935 baseline=0.000358 floor=0.000180 adapt=0.000895 lastPeak=0.000233 baseParam=0.000180 gateRatio=0.0550 envParam=0.000450 onsetScale=0.300 retriggerScale=1.400 guard=0.060 guardRemain=0.000 activeAge=-1.000 retrigRemain=0.000 pitchHz=186.04 pitchCents=1409.8
2025-12-16 06:03:25 [tracker] [s1] onset t=4.076 env=0.00068 gate=0.00002 envDelta=0.00066 envFloor=0.00054 onset=0.874 thresh=0.006 onsetDelta=0.86793 baseline=0.00036 adaptive=0.00090 lastPeak=0.00023 guard=0.060 activeAge=-1.000 pitch=186.04Hz pitchCents=1409.8
2025-12-16 06:03:25 [tracker] [s5] onset t=4.127 env=0.00152 gate=0.00014 envDelta=0.00138 envFloor=0.00098 onset=1.400 thresh=0.016 onsetDelta=1.38398 baseline=0.00065 adaptive=0.00163 lastPeak=0.00000 guard=0.060 activeAge=-1.000 pitch=-1.00Hz pitchCents=0.0
2025-12-16 06:03:25 [tracker] [s1] aubio-raw t=4.1827 onset=0.999165 env=0.000737 peak=0.001899 gain=1.000
2025-12-16 06:03:25 [tracker] [s1] onset-accepted t=4.1827 env=0.000737 gate=0.000019 envDelta=0.000718 envFloor=0.000513 onset=0.999165 thresh=0.006000 onsetDelta=0.993165 baseline=0.000342 floor=0.000180 adapt=0.000854 lastPeak=0.000191 baseParam=0.000180 gateRatio=0.0550 envParam=0.000450 onsetScale=0.300 retriggerScale=1.400 guard=0.060 guardRemain=0.000 activeAge=-1.000 retrigRemain=0.000 pitchHz=140.35 pitchCents=921.8
2025-12-16 06:03:25 [tracker] [s1] onset t=4.183 env=0.00074 gate=0.00002 envDelta=0.00072 envFloor=0.00051 onset=0.999 thresh=0.006 onsetDelta=0.99316 baseline=0.00034 adaptive=0.00085 lastPeak=0.00019 guard=0.060 activeAge=-1.000 pitch=140.35Hz pitchCents=921.8
2025-12-16 06:03:25 [tracker] [s2] onset t=4.185 env=0.00098 gate=0.00000 envDelta=0.00098 envFloor=0.00072 onset=0.844 thresh=0.009 onsetDelta=0.83512 baseline=0.00048 adaptive=0.00121 lastPeak=0.00041 guard=0.060 activeAge=-1.000 pitch=186.05Hz pitchCents=909.8
2025-12-16 06:03:25 [tracker] [s2] note-start t=4.185 fret=1 midi=46 vel=0.01 env=0.00098
2025-12-16 06:03:25 [tracker] [s6] onset t=4.191 env=0.00186 gate=0.00019 envDelta=0.00167 envFloor=0.00114 onset=1.233 thresh=0.018 onsetDelta=1.21463 baseline=0.00076 adaptive=0.00190 lastPeak=0.00000 guard=0.060 activeAge=-1.000 pitch=-1.00Hz pitchCents=0.0
2025-12-16 06:03:25 [tracker] [s6] onset t=4.247 env=0.00204 gate=0.00020 envDelta=0.00183 envFloor=0.00123 onset=0.997 thresh=0.018 onsetDelta=0.97880 baseline=0.00082 adaptive=0.00205 lastPeak=0.00000 guard=0.060 activeAge=-1.000 pitch=-1.00Hz pitchCents=0.0
2025-12-16 06:03:26 [tracker] [s1] aubio-raw t=4.3160 onset=0.995582 env=0.000841 peak=0.002113 gain=1.000
2025-12-16 06:03:26 [tracker] [s1] onset-accepted t=4.3160 env=0.000841 gate=0.000019 envDelta=0.000822 envFloor=0.000514 onset=0.995582 thresh=0.006000 onsetDelta=0.989582 baseline=0.000343 floor=0.000180 adapt=0.000857 lastPeak=0.000148 baseParam=0.000180 gateRatio=0.0550 envParam=0.000450 onsetScale=0.300 retriggerScale=1.400 guard=0.060 guardRemain=0.000 activeAge=-1.000 retrigRemain=0.000 pitchHz=195.13 pitchCents=1492.3
2025-12-16 06:03:26 [tracker] [s1] onset t=4.316 env=0.00084 gate=0.00002 envDelta=0.00082 envFloor=0.00051 onset=0.996 thresh=0.006 onsetDelta=0.98958 baseline=0.00034 adaptive=0.00086 lastPeak=0.00015 guard=0.060 activeAge=-1.000 pitch=195.13Hz pitchCents=1492.3
2025-12-16 06:03:26 [tracker] [s6] onset t=4.337 env=0.00189 gate=0.00021 envDelta=0.00168 envFloor=0.00126 onset=1.142 thresh=0.018 onsetDelta=1.12447 baseline=0.00084 adaptive=0.00210 lastPeak=0.00000 guard=0.060 activeAge=-1.000 pitch=-1.00Hz pitchCents=0.0
2025-12-16 06:03:26 [tracker] [s3] onset t=4.436 env=0.00114 gate=0.00007 envDelta=0.00107 envFloor=0.00081 onset=1.233 thresh=0.012 onsetDelta=1.22124 baseline=0.00054 adaptive=0.00136 lastPeak=0.00000 guard=0.060 activeAge=-1.000 pitch=-1.00Hz pitchCents=0.0
2025-12-16 06:03:26 [tracker] [s5] onset t=4.489 env=0.00155 gate=0.00014 envDelta=0.00140 envFloor=0.00103 onset=0.990 thresh=0.016 onsetDelta=0.97429 baseline=0.00069 adaptive=0.00172 lastPeak=0.00000 guard=0.060 activeAge=-1.000 pitch=-1.00Hz pitchCents=0.0
2025-12-16 06:03:26 [tracker] [s2] onset t=4.559 env=0.00093 gate=0.00000 envDelta=0.00092 envFloor=0.00075 onset=0.998 thresh=0.009 onsetDelta=0.98894 baseline=0.00050 adaptive=0.00124 lastPeak=0.00049 guard=0.060 activeAge=0.373 pitch=210.53Hz pitchCents=1123.8
2025-12-16 06:03:26 [tracker] [s2] note-ended (new onset) t=4.559 fret=1 dur=0.373
2025-12-16 06:03:26 [tracker] [s1] aubio-raw t=4.6307 onset=1.371936 env=0.000699 peak=0.001381 gain=1.000
2025-12-16 06:03:26 [tracker] [s1] onset-accepted t=4.6307 env=0.000699 gate=0.000019 envDelta=0.000679 envFloor=0.000529 onset=1.371936 thresh=0.006000 onsetDelta=1.365936 baseline=0.000352 floor=0.000180 adapt=0.000881 lastPeak=0.000082 baseParam=0.000180 gateRatio=0.0550 envParam=0.000450 onsetScale=0.300 retriggerScale=1.400 guard=0.060 guardRemain=0.000 activeAge=-1.000 retrigRemain=0.000 pitchHz=319.99 pitchCents=2348.6
2025-12-16 06:03:26 [tracker] [s1] onset t=4.631 env=0.00070 gate=0.00002 envDelta=0.00068 envFloor=0.00053 onset=1.372 thresh=0.006 onsetDelta=1.36594 baseline=0.00035 adaptive=0.00088 lastPeak=0.00008 guard=0.060 activeAge=-1.000 pitch=319.99Hz pitchCents=2348.6
2025-12-16 06:03:26 [tracker] [s6] onset t=4.636 env=0.00184 gate=0.00021 envDelta=0.00163 envFloor=0.00124 onset=0.609 thresh=0.018 onsetDelta=0.59104 baseline=0.00083 adaptive=0.00207 lastPeak=0.00000 guard=0.060 activeAge=-1.000 pitch=-1.00Hz pitchCents=0.0
2025-12-16 06:03:26 [tracker] [s4] onset t=4.689 env=0.00139 gate=0.00011 envDelta=0.00128 envFloor=0.00096 onset=1.100 thresh=0.014 onsetDelta=1.08577 baseline=0.00064 adaptive=0.00160 lastPeak=0.00000 guard=0.060 activeAge=-1.000 pitch=-1.00Hz pitchCents=0.0
2025-12-16 06:03:26 [tracker] [s4] onset t=4.740 env=0.00154 gate=0.00011 envDelta=0.00143 envFloor=0.00096 onset=0.926 thresh=0.014 onsetDelta=0.91154 baseline=0.00064 adaptive=0.00160 lastPeak=0.00000 guard=0.060 activeAge=-1.000 pitch=-1.00Hz pitchCents=0.0
2025-12-16 06:03:26 [tracker] [s4] onset t=4.809 env=0.00156 gate=0.00010 envDelta=0.00146 envFloor=0.00093 onset=1.047 thresh=0.014 onsetDelta=1.03262 baseline=0.00062 adaptive=0.00154 lastPeak=0.00000 guard=0.060 activeAge=-1.000 pitch=-1.00Hz pitchCents=0.0
2025-12-16 06:03:26 [tracker] [s3] onset t=4.812 env=0.00103 gate=0.00007 envDelta=0.00096 envFloor=0.00083 onset=1.322 thresh=0.012 onsetDelta=1.31077 baseline=0.00056 adaptive=0.00139 lastPeak=0.00000 guard=0.060 activeAge=-1.000 pitch=-1.00Hz pitchCents=0.0
2025-12-16 06:03:26 [tracker] [s6] onset t=4.929 env=0.00171 gate=0.00019 envDelta=0.00152 envFloor=0.00116 onset=0.853 thresh=0.018 onsetDelta=0.83514 baseline=0.00077 adaptive=0.00193 lastPeak=0.00000 guard=0.060 activeAge=-1.000 pitch=-1.00Hz pitchCents=0.0
2025-12-16 06:03:26 [tracker] [s2] onset t=4.935 env=0.00126 gate=0.00001 envDelta=0.00125 envFloor=0.00082 onset=0.999 thresh=0.009 onsetDelta=0.98978 baseline=0.00054 adaptive=0.00136 lastPeak=0.00024 guard=0.060 activeAge=-1.000 pitch=470.51Hz pitchCents=2516.1
2025-12-16 06:03:26 [tracker] [s2] onset t=5.076 env=0.00107 gate=0.00001 envDelta=0.00106 envFloor=0.00076 onset=0.997 thresh=0.009 onsetDelta=0.98839 baseline=0.00051 adaptive=0.00126 lastPeak=0.00018 guard=0.060 activeAge=-1.000 pitch=222.21Hz pitchCents=1217.3
2025-12-16 06:03:26 [tracker] [s1] aubio-raw t=5.1426 onset=1.134624 env=0.000754 peak=0.001972 gain=1.000
2025-12-16 06:03:26 [tracker] [s1] onset-accepted t=5.1426 env=0.000754 gate=0.000020 envDelta=0.000735 envFloor=0.000535 onset=1.134624 thresh=0.006000 onsetDelta=1.128623 baseline=0.000357 floor=0.000180 adapt=0.000892 lastPeak=0.000031 baseParam=0.000180 gateRatio=0.0550 envParam=0.000450 onsetScale=0.300 retriggerScale=1.400 guard=0.060 guardRemain=0.000 activeAge=-1.000 retrigRemain=0.000 pitchHz=156.86 pitchCents=1114.3
2025-12-16 06:03:26 [tracker] [s1] onset t=5.143 env=0.00075 gate=0.00002 envDelta=0.00073 envFloor=0.00054 onset=1.135 thresh=0.006 onsetDelta=1.12862 baseline=0.00036 adaptive=0.00089 lastPeak=0.00003 guard=0.060 activeAge=-1.000 pitch=156.86Hz pitchCents=1114.3
2025-12-16 06:03:26 [tracker] [s4] onset t=5.151 env=0.00161 gate=0.00011 envDelta=0.00151 envFloor=0.00094 onset=1.073 thresh=0.014 onsetDelta=1.05890 baseline=0.00063 adaptive=0.00157 lastPeak=0.00000 guard=0.060 activeAge=-1.000 pitch=-1.00Hz pitchCents=0.0
2025-12-16 06:03:26 [tracker] [s6] onset t=5.159 env=0.00175 gate=0.00021 envDelta=0.00154 envFloor=0.00129 onset=0.724 thresh=0.018 onsetDelta=0.70624 baseline=0.00086 adaptive=0.00215 lastPeak=0.00000 guard=0.060 activeAge=-1.000 pitch=-1.00Hz pitchCents=0.0
2025-12-16 06:03:26 [tracker] [s5] onset t=5.199 env=0.00145 gate=0.00014 envDelta=0.00131 envFloor=0.00102 onset=0.563 thresh=0.016 onsetDelta=0.54737 baseline=0.00068 adaptive=0.00170 lastPeak=0.00000 guard=0.060 activeAge=-1.000 pitch=-1.00Hz pitchCents=0.0
2025-12-16 06:03:26 [tracker] [s5] onset t=5.260 env=0.00142 gate=0.00014 envDelta=0.00128 envFloor=0.00099 onset=0.994 thresh=0.016 onsetDelta=0.97787 baseline=0.00066 adaptive=0.00166 lastPeak=0.00000 guard=0.060 activeAge=-1.000 pitch=-1.00Hz pitchCents=0.0
2025-12-16 06:03:26 [tracker] [s1] aubio-raw t=5.2840 onset=1.130010 env=0.000656 peak=0.001407 gain=1.000
2025-12-16 06:03:26 [tracker] [s1] onset-accepted t=5.2840 env=0.000656 gate=0.000019 envDelta=0.000637 envFloor=0.000514 onset=1.130010 thresh=0.006000 onsetDelta=1.124010 baseline=0.000343 floor=0.000180 adapt=0.000857 lastPeak=0.000024 baseParam=0.000180 gateRatio=0.0550 envParam=0.000450 onsetScale=0.300 retriggerScale=1.400 guard=0.060 guardRemain=0.000 activeAge=-1.000 retrigRemain=0.000 pitchHz=140.35 pitchCents=921.8
2025-12-16 06:03:26 [tracker] [s1] onset t=5.284 env=0.00066 gate=0.00002 envDelta=0.00064 envFloor=0.00051 onset=1.130 thresh=0.006 onsetDelta=1.12401 baseline=0.00034 adaptive=0.00086 lastPeak=0.00002 guard=0.060 activeAge=-1.000 pitch=140.35Hz pitchCents=921.8
2025-12-16 06:03:26 [tracker] [s6] onset t=5.313 env=0.00152 gate=0.00019 envDelta=0.00133 envFloor=0.00114 onset=1.207 thresh=0.018 onsetDelta=1.18947 baseline=0.00076 adaptive=0.00190 lastPeak=0.00000 guard=0.060 activeAge=-1.000 pitch=-1.00Hz pitchCents=0.0
2025-12-16 06:03:27 [tracker] [s4] onset t=5.375 env=0.00119 gate=0.00010 envDelta=0.00109 envFloor=0.00088 onset=0.769 thresh=0.014 onsetDelta=0.75517 baseline=0.00059 adaptive=0.00146 lastPeak=0.00000 guard=0.060 activeAge=-1.000 pitch=-1.00Hz pitchCents=0.0
2025-12-16 06:03:27 [tracker] [s3] onset t=5.380 env=0.00140 gate=0.00008 envDelta=0.00132 envFloor=0.00090 onset=0.846 thresh=0.012 onsetDelta=0.83480 baseline=0.00060 adaptive=0.00150 lastPeak=0.00000 guard=0.060 activeAge=-1.000 pitch=-1.00Hz pitchCents=0.0
2025-12-16 06:03:27 [tracker] [s6] onset t=5.479 env=0.00204 gate=0.00022 envDelta=0.00182 envFloor=0.00130 onset=0.904 thresh=0.018 onsetDelta=0.88593 baseline=0.00087 adaptive=0.00217 lastPeak=0.00000 guard=0.060 activeAge=-1.000 pitch=-1.00Hz pitchCents=0.0
2025-12-16 06:03:27 [tracker] [s2] onset t=5.487 env=0.00078 gate=0.00001 envDelta=0.00077 envFloor=0.00076 onset=0.817 thresh=0.009 onsetDelta=0.80830 baseline=0.00051 adaptive=0.00127 lastPeak=0.00009 guard=0.060 activeAge=-1.000 pitch=135.59Hz pitchCents=362.1
2025-12-16 06:03:27 [tracker] [s6] onset t=5.687 env=0.00199 gate=0.00020 envDelta=0.00179 envFloor=0.00119 onset=1.407 thresh=0.018 onsetDelta=1.38860 baseline=0.00079 adaptive=0.00198 lastPeak=0.00000 guard=0.060 activeAge=-1.000 pitch=-1.00Hz pitchCents=0.0
2025-12-16 06:03:27 [tracker] [s4] onset t=5.745 env=0.00135 gate=0.00010 envDelta=0.00124 envFloor=0.00092 onset=1.003 thresh=0.014 onsetDelta=0.98944 baseline=0.00061 adaptive=0.00153 lastPeak=0.00000 guard=0.060 activeAge=-1.000 pitch=-1.00Hz pitchCents=0.0
2025-12-16 06:03:27 [tracker] [s2] onset t=5.865 env=0.00114 gate=0.00001 envDelta=0.00113 envFloor=0.00078 onset=0.629 thresh=0.009 onsetDelta=0.62035 baseline=0.00052 adaptive=0.00130 lastPeak=0.00004 guard=0.060 activeAge=-1.000 pitch=100.00Hz pitchCents=-165.0
2025-12-16 06:03:27 [tracker] [s4] onset t=5.927 env=0.00130 gate=0.00010 envDelta=0.00119 envFloor=0.00092 onset=1.104 thresh=0.014 onsetDelta=1.09028 baseline=0.00062 adaptive=0.00154 lastPeak=0.00000 guard=0.060 activeAge=-1.000 pitch=-1.00Hz pitchCents=0.0
2025-12-16 06:03:27 [tracker] [s6] onset t=5.956 env=0.00171 gate=0.00020 envDelta=0.00150 envFloor=0.00123 onset=0.996 thresh=0.018 onsetDelta=0.97759 baseline=0.00082 adaptive=0.00204 lastPeak=0.00000 guard=0.060 activeAge=-1.000 pitch=-1.00Hz pitchCents=0.0
2025-12-16 06:03:27 [tracker] [s2] onset t=6.028 env=0.00098 gate=0.00000 envDelta=0.00098 envFloor=0.00074 onset=1.025 thresh=0.009 onsetDelta=1.01603 baseline=0.00049 adaptive=0.00123 lastPeak=0.00003 guard=0.060 activeAge=-1.000 pitch=126.98Hz pitchCents=248.5
2025-12-16 06:03:27 [tracker] [s2] note-start t=6.028 fret=0 midi=45 vel=0.01 env=0.00098
2025-12-16 06:03:27 [tracker] [s1] aubio-raw t=6.0759 onset=0.994006 env=0.000497 peak=0.001281 gain=1.000
2025-12-16 06:03:27 [tracker] [s1] onset-below-env-floor t=6.0759 env=0.000497 gate=0.000019 envDelta=0.000479 envFloor=0.000505 onset=0.994006 thresh=0.006000 onsetDelta=0.988006 baseline=0.000337 floor=0.000180 adapt=0.000841 lastPeak=0.000005 baseParam=0.000180 gateRatio=0.0550 envParam=0.000450 onsetScale=0.300 retriggerScale=1.400 guard=0.060 guardRemain=0.000 activeAge=-1.000 retrigRemain=0.000 pitchHz=102.56 pitchCents=378.7
2025-12-16 06:03:27 [tracker] [s6] onset t=6.076 env=0.00190 gate=0.00019 envDelta=0.00171 envFloor=0.00115 onset=1.223 thresh=0.018 onsetDelta=1.20521 baseline=0.00076 adaptive=0.00191 lastPeak=0.00000 guard=0.060 activeAge=-1.000 pitch=-1.00Hz pitchCents=0.0
2025-12-16 06:03:27 [tracker] [s6] onset t=6.161 env=0.00185 gate=0.00021 envDelta=0.00164 envFloor=0.00127 onset=0.977 thresh=0.018 onsetDelta=0.95850 baseline=0.00084 adaptive=0.00211 lastPeak=0.00000 guard=0.060 activeAge=-1.000 pitch=-1.00Hz pitchCents=0.0
2025-12-16 06:03:27 [tracker] [s2] onset t=6.231 env=0.00129 gate=0.00001 envDelta=0.00128 envFloor=0.00078 onset=0.994 thresh=0.009 onsetDelta=0.98510 baseline=0.00060 adaptive=0.00131 lastPeak=0.00067 guard=0.060 activeAge=0.203 pitch=115.94Hz pitchCents=91.1
2025-12-16 06:03:27 [tracker] [s2] note-ended (new onset) t=6.231 fret=0 dur=0.203
2025-12-16 06:03:27 [tracker] [s3] onset t=6.249 env=0.00125 gate=0.00008 envDelta=0.00117 envFloor=0.00087 onset=1.251 thresh=0.012 onsetDelta=1.23960 baseline=0.00058 adaptive=0.00144 lastPeak=0.00000 guard=0.060 activeAge=-1.000 pitch=-1.00Hz pitchCents=0.0
2025-12-16 06:03:27 [tracker] [s5] onset t=6.295 env=0.00175 gate=0.00015 envDelta=0.00160 envFloor=0.00107 onset=0.687 thresh=0.016 onsetDelta=0.67132 baseline=0.00071 adaptive=0.00178 lastPeak=0.00000 guard=0.060 activeAge=-1.000 pitch=-1.00Hz pitchCents=0.0
2025-12-16 06:03:28 [tracker] [s3] onset t=6.351 env=0.00128 gate=0.00007 envDelta=0.00121 envFloor=0.00081 onset=0.995 thresh=0.012 onsetDelta=0.98316 baseline=0.00054 adaptive=0.00135 lastPeak=0.00000 guard=0.060 activeAge=-1.000 pitch=-1.00Hz pitchCents=0.0
2025-12-16 06:03:28 [tracker] [s2] onset t=6.372 env=0.00083 gate=0.00001 envDelta=0.00082 envFloor=0.00078 onset=1.067 thresh=0.009 onsetDelta=1.05761 baseline=0.00052 adaptive=0.00130 lastPeak=0.00051 guard=0.060 activeAge=-1.000 pitch=94.12Hz pitchCents=-269.9
2025-12-16 06:03:28 [tracker] [s2] note-start t=6.372 fret=12 midi=57 vel=0.01 env=0.00083
2025-12-16 06:03:28 [tracker] [s2] release-retrigger t=6.425 onset=0.997 gate=0.000 age=0.053
2025-12-16 06:03:28 [tracker] [s2] note-ended t=6.425 fret=12 dur=0.053
2025-12-16 06:03:28 [tracker] [s6] onset t=6.532 env=0.00182 gate=0.00021 envDelta=0.00161 envFloor=0.00124 onset=0.999 thresh=0.018 onsetDelta=0.98072 baseline=0.00082 adaptive=0.00206 lastPeak=0.00000 guard=0.060 activeAge=-1.000 pitch=-1.00Hz pitchCents=0.0
2025-12-16 06:03:28 [tracker] [s1] aubio-raw t=6.5452 onset=1.116077 env=0.000764 peak=0.002310 gain=1.000
2025-12-16 06:03:28 [tracker] [s1] onset-accepted t=6.5452 env=0.000764 gate=0.000017 envDelta=0.000747 envFloor=0.000470 onset=1.116077 thresh=0.006000 onsetDelta=1.110077 baseline=0.000313 floor=0.000180 adapt=0.000784 lastPeak=0.000002 baseParam=0.000180 gateRatio=0.0550 envParam=0.000450 onsetScale=0.300 retriggerScale=1.400 guard=0.060 guardRemain=0.000 activeAge=-1.000 retrigRemain=0.000 pitchHz=135.59 pitchCents=862.1
2025-12-16 06:03:28 [tracker] [s1] onset t=6.545 env=0.00076 gate=0.00002 envDelta=0.00075 envFloor=0.00047 onset=1.116 thresh=0.006 onsetDelta=1.11008 baseline=0.00031 adaptive=0.00078 lastPeak=0.00000 guard=0.060 activeAge=-1.000 pitch=135.59Hz pitchCents=862.1
2025-12-16 06:03:28 [tracker] [s2] onset t=6.617 env=0.00101 gate=0.00001 envDelta=0.00101 envFloor=0.00075 onset=1.061 thresh=0.009 onsetDelta=1.05160 baseline=0.00050 adaptive=0.00125 lastPeak=0.00052 guard=0.060 activeAge=-1.000 pitch=166.66Hz pitchCents=719.3
2025-12-16 06:03:28 [tracker] [s2] note-start t=6.617 fret=0 midi=45 vel=0.01 env=0.00101
2025-12-16 06:03:28 [tracker] [s3] onset t=6.617 env=0.00120 gate=0.00007 envDelta=0.00112 envFloor=0.00084 onset=1.152 thresh=0.012 onsetDelta=1.13995 baseline=0.00056 adaptive=0.00140 lastPeak=0.00000 guard=0.060 activeAge=-1.000 pitch=-1.00Hz pitchCents=0.0
2025-12-16 06:03:28 [tracker] [s5] onset t=6.623 env=0.00179 gate=0.00015 envDelta=0.00164 envFloor=0.00109 onset=1.118 thresh=0.016 onsetDelta=1.10163 baseline=0.00073 adaptive=0.00182 lastPeak=0.00000 guard=0.060 activeAge=-1.000 pitch=-1.00Hz pitchCents=0.0
2025-12-16 06:03:28 [tracker] [s5] onset t=6.673 env=0.00175 gate=0.00015 envDelta=0.00159 envFloor=0.00108 onset=1.117 thresh=0.016 onsetDelta=1.10106 baseline=0.00072 adaptive=0.00180 lastPeak=0.00000 guard=0.060 activeAge=-1.000 pitch=-1.00Hz pitchCents=0.0
2025-12-16 06:03:28 [tracker] [s2] onset t=6.695 env=0.00130 gate=0.00001 envDelta=0.00130 envFloor=0.00077 onset=1.055 thresh=0.009 onsetDelta=1.04628 baseline=0.00079 adaptive=0.00128 lastPeak=0.00087 guard=0.060 activeAge=0.077 pitch=173.91Hz pitchCents=793.0
2025-12-16 06:03:28 [tracker] [s2] note-ended (new onset) t=6.695 fret=0 dur=0.077
2025-12-16 06:03:28 [tracker] [s2] note-start t=6.695 fret=0 midi=45 vel=0.02 env=0.00130
2025-12-16 06:03:28 [tracker] [s6] onset t=6.724 env=0.00209 gate=0.00020 envDelta=0.00189 envFloor=0.00120 onset=1.112 thresh=0.018 onsetDelta=1.09382 baseline=0.00080 adaptive=0.00201 lastPeak=0.00000 guard=0.060 activeAge=-1.000 pitch=-1.00Hz pitchCents=0.0
2025-12-16 06:03:28 [tracker] [s5] onset t=6.740 env=0.00129 gate=0.00014 envDelta=0.00115 envFloor=0.00098 onset=0.910 thresh=0.016 onsetDelta=0.89361 baseline=0.00065 adaptive=0.00163 lastPeak=0.00000 guard=0.060 activeAge=-1.000 pitch=-1.00Hz pitchCents=0.0
2025-12-16 06:03:28 [tracker] [s3] onset t=6.764 env=0.00126 gate=0.00007 envDelta=0.00119 envFloor=0.00079 onset=0.956 thresh=0.012 onsetDelta=0.94409 baseline=0.00053 adaptive=0.00132 lastPeak=0.00000 guard=0.060 activeAge=-1.000 pitch=-1.00Hz pitchCents=0.0
2025-12-16 06:03:28 [tracker] [s2] onset t=6.871 env=0.00094 gate=0.00001 envDelta=0.00093 envFloor=0.00070 onset=1.030 thresh=0.009 onsetDelta=1.02133 baseline=0.00084 adaptive=0.00116 lastPeak=0.00094 guard=0.060 activeAge=0.176 pitch=129.03Hz pitchCents=276.3
2025-12-16 06:03:28 [tracker] [s2] note-ended (new onset) t=6.871 fret=0 dur=0.176
2025-12-16 06:03:28 [tracker] [s4] onset t=6.972 env=0.00133 gate=0.00010 envDelta=0.00123 envFloor=0.00090 onset=0.995 thresh=0.014 onsetDelta=0.98099 baseline=0.00060 adaptive=0.00150 lastPeak=0.00000 guard=0.060 activeAge=-1.000 pitch=-1.00Hz pitchCents=0.0
2025-12-16 06:03:28 [tracker] [s3] onset t=6.988 env=0.00114 gate=0.00008 envDelta=0.00107 envFloor=0.00087 onset=0.952 thresh=0.012 onsetDelta=0.94051 baseline=0.00058 adaptive=0.00144 lastPeak=0.00000 guard=0.060 activeAge=-1.000 pitch=-1.00Hz pitchCents=0.0
2025-12-16 06:03:28 [tracker] [s2] onset t=6.993 env=0.00122 gate=0.00001 envDelta=0.00121 envFloor=0.00078 onset=1.077 thresh=0.009 onsetDelta=1.06815 baseline=0.00067 adaptive=0.00130 lastPeak=0.00074 guard=0.060 activeAge=-1.000 pitch=-1.00Hz pitchCents=0.0
2025-12-16 06:03:28 [tracker] [s2] onset t=7.076 env=0.00147 gate=0.00001 envDelta=0.00146 envFloor=0.00084 onset=0.998 thresh=0.009 onsetDelta=0.98867 baseline=0.00057 adaptive=0.00140 lastPeak=0.00064 guard=0.060 activeAge=-1.000 pitch=109.59Hz pitchCents=-6.4
2025-12-16 06:03:28 [tracker] [s5] onset t=7.110 env=0.00138 gate=0.00014 envDelta=0.00124 envFloor=0.00102 onset=0.994 thresh=0.016 onsetDelta=0.97760 baseline=0.00068 adaptive=0.00170 lastPeak=0.00000 guard=0.060 activeAge=-1.000 pitch=-1.00Hz pitchCents=0.0
2025-12-16 06:03:28 [tracker] [s3] onset t=7.148 env=0.00094 gate=0.00007 envDelta=0.00087 envFloor=0.00082 onset=1.289 thresh=0.012 onsetDelta=1.27710 baseline=0.00055 adaptive=0.00137 lastPeak=0.00000 guard=0.060 activeAge=-1.000 pitch=-1.00Hz pitchCents=0.0
2025-12-16 06:03:28 [tracker] [s6] onset t=7.185 env=0.00158 gate=0.00020 envDelta=0.00139 envFloor=0.00118 onset=0.999 thresh=0.018 onsetDelta=0.98132 baseline=0.00079 adaptive=0.00197 lastPeak=0.00000 guard=0.060 activeAge=-1.000 pitch=-1.00Hz pitchCents=0.0
2025-12-16 06:03:28 [tracker] [s2] onset t=7.193 env=0.00111 gate=0.00001 envDelta=0.00110 envFloor=0.00075 onset=0.992 thresh=0.009 onsetDelta=0.98293 baseline=0.00050 adaptive=0.00125 lastPeak=0.00051 guard=0.060 activeAge=-1.000 pitch=103.89Hz pitchCents=-98.9
2025-12-16 06:03:28 [tracker] [s2] note-start t=7.193 fret=3 midi=48 vel=0.01 env=0.00111
2025-12-16 06:03:28 [tracker] [s2] onset t=7.257 env=0.00161 gate=0.00001 envDelta=0.00160 envFloor=0.00079 onset=1.046 thresh=0.009 onsetDelta=1.03743 baseline=0.00088 adaptive=0.00131 lastPeak=0.00098 guard=0.060 activeAge=0.064 pitch=195.11Hz pitchCents=992.1
2025-12-16 06:03:28 [tracker] [s2] note-ended (new onset) t=7.257 fret=3 dur=0.064
2025-12-16 06:03:28 [tracker] [s2] note-start t=7.257 fret=3 midi=48 vel=0.02 env=0.00161
2025-12-16 06:03:29 [tracker] [s3] onset t=7.372 env=0.00129 gate=0.00007 envDelta=0.00122 envFloor=0.00082 onset=0.998 thresh=0.012 onsetDelta=0.98656 baseline=0.00055 adaptive=0.00137 lastPeak=0.00000 guard=0.060 activeAge=-1.000 pitch=-1.00Hz pitchCents=0.0
2025-12-16 06:03:29 [tracker] [s6] onset t=7.385 env=0.00187 gate=0.00021 envDelta=0.00165 envFloor=0.00128 onset=0.996 thresh=0.018 onsetDelta=0.97794 baseline=0.00086 adaptive=0.00214 lastPeak=0.00000 guard=0.060 activeAge=-1.000 pitch=-1.00Hz pitchCents=0.0
2025-12-16 06:03:29 [tracker] [s2] onset t=7.417 env=0.00111 gate=0.00001 envDelta=0.00110 envFloor=0.00076 onset=0.996 thresh=0.009 onsetDelta=0.98713 baseline=0.00107 adaptive=0.00127 lastPeak=0.00119 guard=0.060 activeAge=0.160 pitch=131.14Hz pitchCents=304.3
2025-12-16 06:03:29 [tracker] [s2] note-ended (new onset) t=7.417 fret=3 dur=0.160
2025-12-16 06:03:29 [tracker] [s3] onset t=7.478 env=0.00106 gate=0.00007 envDelta=0.00098 envFloor=0.00083 onset=1.464 thresh=0.012 onsetDelta=1.45262 baseline=0.00055 adaptive=0.00138 lastPeak=0.00000 guard=0.060 activeAge=-1.000 pitch=-1.00Hz pitchCents=0.0
2025-12-16 06:03:29 [tracker] [s2] onset t=7.486 env=0.00144 gate=0.00001 envDelta=0.00143 envFloor=0.00075 onset=1.009 thresh=0.009 onsetDelta=0.99993 baseline=0.00094 adaptive=0.00125 lastPeak=0.00104 guard=0.060 activeAge=-1.000 pitch=163.26Hz pitchCents=683.6
2025-12-16 06:03:29 [tracker] [s5] onset t=7.532 env=0.00152 gate=0.00013 envDelta=0.00138 envFloor=0.00096 onset=1.074 thresh=0.016 onsetDelta=1.05848 baseline=0.00064 adaptive=0.00160 lastPeak=0.00000 guard=0.060 activeAge=-1.000 pitch=-1.00Hz pitchCents=0.0
2025-12-16 06:03:29 [tracker] [s6] onset t=7.553 env=0.00182 gate=0.00019 envDelta=0.00164 envFloor=0.00112 onset=1.183 thresh=0.018 onsetDelta=1.16520 baseline=0.00075 adaptive=0.00187 lastPeak=0.00000 guard=0.060 activeAge=-1.000 pitch=-1.00Hz pitchCents=0.0
2025-12-16 06:03:29 [tracker] [s3] onset t=7.588 env=0.00171 gate=0.00007 envDelta=0.00164 envFloor=0.00084 onset=0.850 thresh=0.012 onsetDelta=0.83815 baseline=0.00056 adaptive=0.00141 lastPeak=0.00000 guard=0.060 activeAge=-1.000 pitch=-1.00Hz pitchCents=0.0
2025-12-16 06:03:29 [tracker] [s1] aubio-raw t=7.6491 onset=0.995756 env=0.000778 peak=0.001982 gain=1.000
2025-12-16 06:03:29 [tracker] [s1] onset-accepted t=7.6491 env=0.000778 gate=0.000019 envDelta=0.000759 envFloor=0.000505 onset=0.995756 thresh=0.006000 onsetDelta=0.989756 baseline=0.000337 floor=0.000180 adapt=0.000842 lastPeak=0.000000 baseParam=0.000180 gateRatio=0.0550 envParam=0.000450 onsetScale=0.300 retriggerScale=1.400 guard=0.060 guardRemain=0.000 activeAge=-1.000 retrigRemain=0.000 pitchHz=129.04 pitchCents=776.3
2025-12-16 06:03:29 [tracker] [s1] onset t=7.649 env=0.00078 gate=0.00002 envDelta=0.00076 envFloor=0.00051 onset=0.996 thresh=0.006 onsetDelta=0.98976 baseline=0.00034 adaptive=0.00084 lastPeak=0.00000 guard=0.060 activeAge=-1.000 pitch=129.04Hz pitchCents=776.3
2025-12-16 06:03:29 [tracker] [s6] onset t=7.649 env=0.00190 gate=0.00020 envDelta=0.00170 envFloor=0.00119 onset=0.593 thresh=0.018 onsetDelta=0.57462 baseline=0.00079 adaptive=0.00198 lastPeak=0.00000 guard=0.060 activeAge=-1.000 pitch=-1.00Hz pitchCents=0.0
2025-12-16 06:03:29 [tracker] [s3] onset t=7.708 env=0.00149 gate=0.00007 envDelta=0.00142 envFloor=0.00084 onset=0.777 thresh=0.012 onsetDelta=0.76497 baseline=0.00056 adaptive=0.00139 lastPeak=0.00000 guard=0.060 activeAge=-1.000 pitch=-1.00Hz pitchCents=0.0
2025-12-16 06:03:29 [tracker] [s2] onset t=7.801 env=0.00129 gate=0.00001 envDelta=0.00128 envFloor=0.00081 onset=0.970 thresh=0.009 onsetDelta=0.96131 baseline=0.00054 adaptive=0.00135 lastPeak=0.00058 guard=0.060 activeAge=-1.000 pitch=266.65Hz pitchCents=1532.9
2025-12-16 06:03:29 [tracker] [s3] onset t=7.873 env=0.00116 gate=0.00007 envDelta=0.00109 envFloor=0.00082 onset=1.155 thresh=0.012 onsetDelta=1.14322 baseline=0.00055 adaptive=0.00136 lastPeak=0.00000 guard=0.060 activeAge=-1.000 pitch=-1.00Hz pitchCents=0.0
2025-12-16 06:03:29 [tracker] [s5] onset t=7.916 env=0.00171 gate=0.00014 envDelta=0.00157 envFloor=0.00100 onset=1.095 thresh=0.016 onsetDelta=1.07898 baseline=0.00067 adaptive=0.00167 lastPeak=0.00000 guard=0.060 activeAge=-1.000 pitch=-1.00Hz pitchCents=0.0
2025-12-16 06:03:29 [tracker] [s2] onset t=7.929 env=0.00124 gate=0.00001 envDelta=0.00123 envFloor=0.00078 onset=1.000 thresh=0.009 onsetDelta=0.99082 baseline=0.00052 adaptive=0.00130 lastPeak=0.00045 guard=0.060 activeAge=-1.000 pitch=173.93Hz pitchCents=793.2
2025-12-16 06:03:29 [tracker] [s6] onset t=7.942 env=0.00184 gate=0.00020 envDelta=0.00164 envFloor=0.00120 onset=1.394 thresh=0.018 onsetDelta=1.37550 baseline=0.00080 adaptive=0.00200 lastPeak=0.00000 guard=0.060 activeAge=-1.000 pitch=-1.00Hz pitchCents=0.0
2025-12-16 06:03:29 [tracker] [s1] aubio-raw t=7.9478 onset=0.910879 env=0.000620 peak=0.001452 gain=1.000
2025-12-16 06:03:29 [tracker] [s1] onset-accepted t=7.9478 env=0.000620 gate=0.000018 envDelta=0.000602 envFloor=0.000483 onset=0.910879 thresh=0.006000 onsetDelta=0.904879 baseline=0.000322 floor=0.000180 adapt=0.000805 lastPeak=0.000000 baseParam=0.000180 gateRatio=0.0550 envParam=0.000450 onsetScale=0.300 retriggerScale=1.400 guard=0.060 guardRemain=0.000 activeAge=-1.000 retrigRemain=0.000 pitchHz=115.94 pitchCents=591.1
2025-12-16 06:03:29 [tracker] [s1] onset t=7.948 env=0.00062 gate=0.00002 envDelta=0.00060 envFloor=0.00048 onset=0.911 thresh=0.006 onsetDelta=0.90488 baseline=0.00032 adaptive=0.00080 lastPeak=0.00000 guard=0.060 activeAge=-1.000 pitch=115.94Hz pitchCents=591.1
2025-12-16 06:03:29 [tracker] [s5] onset t=8.188 env=0.00186 gate=0.00015 envDelta=0.00171 envFloor=0.00106 onset=1.068 thresh=0.016 onsetDelta=1.05180 baseline=0.00071 adaptive=0.00177 lastPeak=0.00000 guard=0.060 activeAge=-1.000 pitch=-1.00Hz pitchCents=0.0
2025-12-16 06:03:29 [tracker] [s1] aubio-raw t=8.2677 onset=1.119874 env=0.000622 peak=0.001709 gain=1.000
2025-12-16 06:03:29 [tracker] [s1] onset-accepted t=8.2677 env=0.000622 gate=0.000018 envDelta=0.000604 envFloor=0.000501 onset=1.119874 thresh=0.006000 onsetDelta=1.113873 baseline=0.000334 floor=0.000180 adapt=0.000836 lastPeak=0.000000 baseParam=0.000180 gateRatio=0.0550 envParam=0.000450 onsetScale=0.300 retriggerScale=1.400 guard=0.060 guardRemain=0.000 activeAge=-1.000 retrigRemain=0.000 pitchHz=170.20 pitchCents=1255.7
2025-12-16 06:03:29 [tracker] [s1] onset t=8.268 env=0.00062 gate=0.00002 envDelta=0.00060 envFloor=0.00050 onset=1.120 thresh=0.006 onsetDelta=1.11387 baseline=0.00033 adaptive=0.00084 lastPeak=0.00000 guard=0.060 activeAge=-1.000 pitch=170.20Hz pitchCents=1255.7
2025-12-16 06:03:29 [tracker] [s1] note-start t=8.268 fret=15 midi=55 vel=0.01 env=0.00062
2025-12-16 06:03:30 [tracker] [s5] onset t=8.374 env=0.00177 gate=0.00014 envDelta=0.00163 envFloor=0.00100 onset=1.449 thresh=0.016 onsetDelta=1.43252 baseline=0.00067 adaptive=0.00167 lastPeak=0.00000 guard=0.060 activeAge=-1.000 pitch=-1.00Hz pitchCents=0.0
2025-12-16 06:03:30 [tracker] [s6] onset t=8.409 env=0.00204 gate=0.00021 envDelta=0.00183 envFloor=0.00123 onset=0.995 thresh=0.018 onsetDelta=0.97653 baseline=0.00082 adaptive=0.00205 lastPeak=0.00000 guard=0.060 activeAge=-1.000 pitch=-1.00Hz pitchCents=0.0
2025-12-16 06:03:30 [tracker] [s3] onset t=8.449 env=0.00130 gate=0.00008 envDelta=0.00123 envFloor=0.00088 onset=0.917 thresh=0.012 onsetDelta=0.90557 baseline=0.00059 adaptive=0.00147 lastPeak=0.00000 guard=0.060 activeAge=-1.000 pitch=-1.00Hz pitchCents=0.0
2025-12-16 06:03:30 [tracker] [s1] aubio-raw t=8.6917 onset=0.998609 env=0.000453 peak=0.001182 gain=1.000
2025-12-16 06:03:30 [tracker] [s1] onset-below-env-floor t=8.6917 env=0.000453 gate=0.000018 envDelta=0.000435 envFloor=0.000490 onset=0.998609 thresh=0.006000 onsetDelta=0.992609 baseline=0.000327 floor=0.000180 adapt=0.000817 lastPeak=0.000280 baseParam=0.000180 gateRatio=0.0550 envParam=0.000450 onsetScale=0.300 retriggerScale=1.400 guard=0.060 guardRemain=0.000 activeAge=0.424 retrigRemain=0.000 pitchHz=444.49 pitchCents=2917.6
2025-12-16 06:03:30 [tracker] [s1] release-retrigger t=8.692 onset=0.999 gate=0.000 age=0.424
2025-12-16 06:03:30 [tracker] [s1] note-ended t=8.692 fret=15 dur=0.424
2025-12-16 06:03:30 [tracker] [s6] onset t=8.740 env=0.00169 gate=0.00019 envDelta=0.00151 envFloor=0.00113 onset=0.987 thresh=0.018 onsetDelta=0.96865 baseline=0.00076 adaptive=0.00189 lastPeak=0.00000 guard=0.060 activeAge=-1.000 pitch=-1.00Hz pitchCents=0.0
2025-12-16 06:03:30 [tracker] [s5] onset t=8.820 env=0.00160 gate=0.00015 envDelta=0.00145 envFloor=0.00106 onset=1.072 thresh=0.016 onsetDelta=1.05586 baseline=0.00071 adaptive=0.00177 lastPeak=0.00000 guard=0.060 activeAge=-1.000 pitch=-1.00Hz pitchCents=0.0
2025-12-16 06:03:30 [tracker] [s6] onset t=8.873 env=0.00216 gate=0.00021 envDelta=0.00195 envFloor=0.00127 onset=0.999 thresh=0.018 onsetDelta=0.98075 baseline=0.00084 adaptive=0.00211 lastPeak=0.00000 guard=0.060 activeAge=-1.000 pitch=-1.00Hz pitchCents=0.0
2025-12-16 06:03:30 [tracker] [s4] onset t=8.958 env=0.00121 gate=0.00010 envDelta=0.00111 envFloor=0.00090 onset=0.921 thresh=0.014 onsetDelta=0.90703 baseline=0.00060 adaptive=0.00150 lastPeak=0.00000 guard=0.060 activeAge=-1.000 pitch=-1.00Hz pitchCents=0.0
2025-12-16 06:03:30 [tracker] [s1] aubio-raw t=8.9904 onset=0.999166 env=0.000839 peak=0.002219 gain=1.000
2025-12-16 06:03:30 [tracker] [s1] onset-accepted t=8.9904 env=0.000839 gate=0.000019 envDelta=0.000820 envFloor=0.000511 onset=0.999166 thresh=0.006000 onsetDelta=0.993166 baseline=0.000341 floor=0.000180 adapt=0.000852 lastPeak=0.000160 baseParam=0.000180 gateRatio=0.0550 envParam=0.000450 onsetScale=0.300 retriggerScale=1.400 guard=0.060 guardRemain=0.000 activeAge=-1.000 retrigRemain=0.000 pitchHz=-1.00 pitchCents=0.0
2025-12-16 06:03:30 [tracker] [s1] onset t=8.990 env=0.00084 gate=0.00002 envDelta=0.00082 envFloor=0.00051 onset=0.999 thresh=0.006 onsetDelta=0.99317 baseline=0.00034 adaptive=0.00085 lastPeak=0.00016 guard=0.060 activeAge=-1.000 pitch=-1.00Hz pitchCents=0.0
2025-12-16 06:03:30 [tracker] [s6] onset t=9.110 env=0.00208 gate=0.00020 envDelta=0.00188 envFloor=0.00122 onset=0.986 thresh=0.018 onsetDelta=0.96785 baseline=0.00081 adaptive=0.00203 lastPeak=0.00000 guard=0.060 activeAge=-1.000 pitch=-1.00Hz pitchCents=0.0
2025-12-16 06:03:30 [tracker] [s5] onset t=9.132 env=0.00151 gate=0.00014 envDelta=0.00137 envFloor=0.00097 onset=0.993 thresh=0.016 onsetDelta=0.97713 baseline=0.00065 adaptive=0.00161 lastPeak=0.00000 guard=0.060 activeAge=-1.000 pitch=-1.00Hz pitchCents=0.0
2025-12-16 06:03:30 [tracker] [s6] onset t=9.204 env=0.00196 gate=0.00021 envDelta=0.00175 envFloor=0.00126 onset=0.994 thresh=0.018 onsetDelta=0.97560 baseline=0.00084 adaptive=0.00210 lastPeak=0.00000 guard=0.060 activeAge=-1.000 pitch=-1.00Hz pitchCents=0.0
2025-12-16 06:03:30 [tracker] [s1] aubio-raw t=9.2650 onset=0.997460 env=0.000602 peak=0.001444 gain=1.000
2025-12-16 06:03:30 [tracker] [s1] onset-accepted t=9.2650 env=0.000602 gate=0.000019 envDelta=0.000584 envFloor=0.000505 onset=0.997460 thresh=0.006000 onsetDelta=0.991460 baseline=0.000337 floor=0.000180 adapt=0.000842 lastPeak=0.000095 baseParam=0.000180 gateRatio=0.0550 envParam=0.000450 onsetScale=0.300 retriggerScale=1.400 guard=0.060 guardRemain=0.000 activeAge=-1.000 retrigRemain=0.000 pitchHz=166.67 pitchCents=1219.4
2025-12-16 06:03:30 [tracker] [s1] onset t=9.265 env=0.00060 gate=0.00002 envDelta=0.00058 envFloor=0.00051 onset=0.997 thresh=0.006 onsetDelta=0.99146 baseline=0.00034 adaptive=0.00084 lastPeak=0.00010 guard=0.060 activeAge=-1.000 pitch=166.67Hz pitchCents=1219.4
2025-12-16 06:03:31 [tracker] [s1] aubio-raw t=9.3770 onset=1.010816 env=0.000938 peak=0.002398 gain=1.000
2025-12-16 06:03:31 [tracker] [s1] onset-accepted t=9.3770 env=0.000938 gate=0.000019 envDelta=0.000920 envFloor=0.000506 onset=1.010816 thresh=0.006000 onsetDelta=1.004815 baseline=0.000338 floor=0.000180 adapt=0.000844 lastPeak=0.000077 baseParam=0.000180 gateRatio=0.0550 envParam=0.000450 onsetScale=0.300 retriggerScale=1.400 guard=0.060 guardRemain=0.000 activeAge=-1.000 retrigRemain=0.000 pitchHz=98.77 pitchCents=313.5
2025-12-16 06:03:31 [tracker] [s1] onset t=9.377 env=0.00094 gate=0.00002 envDelta=0.00092 envFloor=0.00051 onset=1.011 thresh=0.006 onsetDelta=1.00482 baseline=0.00034 adaptive=0.00084 lastPeak=0.00008 guard=0.060 activeAge=-1.000 pitch=98.77Hz pitchCents=313.5
2025-12-16 06:03:31 [tracker] [s4] onset t=9.425 env=0.00125 gate=0.00010 envDelta=0.00116 envFloor=0.00087 onset=1.001 thresh=0.014 onsetDelta=0.98686 baseline=0.00058 adaptive=0.00146 lastPeak=0.00000 guard=0.060 activeAge=-1.000 pitch=-1.00Hz pitchCents=0.0
2025-12-16 06:03:31 [tracker] [s2] onset t=9.500 env=0.00116 gate=0.00001 envDelta=0.00115 envFloor=0.00077 onset=1.190 thresh=0.009 onsetDelta=1.18060 baseline=0.00051 adaptive=0.00128 lastPeak=0.00002 guard=0.060 activeAge=-1.000 pitch=135.59Hz pitchCents=362.1
2025-12-16 06:03:31 [tracker] [s5] onset t=9.526 env=0.00163 gate=0.00014 envDelta=0.00149 envFloor=0.00103 onset=0.999 thresh=0.016 onsetDelta=0.98339 baseline=0.00068 adaptive=0.00171 lastPeak=0.00000 guard=0.060 activeAge=-1.000 pitch=-1.00Hz pitchCents=0.0
2025-12-16 06:03:31 [tracker] [s5] onset t=9.630 env=0.00176 gate=0.00015 envDelta=0.00160 envFloor=0.00110 onset=1.047 thresh=0.016 onsetDelta=1.03083 baseline=0.00073 adaptive=0.00183 lastPeak=0.00000 guard=0.060 activeAge=-1.000 pitch=-1.00Hz pitchCents=0.0
2025-12-16 06:03:31 [tracker] [s6] onset t=9.630 env=0.00218 gate=0.00022 envDelta=0.00196 envFloor=0.00130 onset=0.844 thresh=0.018 onsetDelta=0.82609 baseline=0.00087 adaptive=0.00217 lastPeak=0.00000 guard=0.060 activeAge=-1.000 pitch=-1.00Hz pitchCents=0.0
2025-12-16 06:03:31 [tracker] [s2] onset t=9.702 env=0.00111 gate=0.00001 envDelta=0.00110 envFloor=0.00081 onset=0.996 thresh=0.009 onsetDelta=0.98700 baseline=0.00054 adaptive=0.00134 lastPeak=0.00002 guard=0.060 activeAge=-1.000 pitch=242.41Hz pitchCents=1367.9
2025-12-16 06:03:31 [tracker] [s1] aubio-raw t=9.7396 onset=1.160895 env=0.000986 peak=0.002600 gain=1.000
2025-12-16 06:03:31 [tracker] [s1] onset-accepted t=9.7396 env=0.000986 gate=0.000019 envDelta=0.000967 envFloor=0.000520 onset=1.160895 thresh=0.006000 onsetDelta=1.154895 baseline=0.000347 floor=0.000180 adapt=0.000867 lastPeak=0.000039 baseParam=0.000180 gateRatio=0.0550 envParam=0.000450 onsetScale=0.300 retriggerScale=1.400 guard=0.060 guardRemain=0.000 activeAge=-1.000 retrigRemain=0.000 pitchHz=105.26 pitchCents=423.7
2025-12-16 06:03:31 [tracker] [s1] onset t=9.740 env=0.00099 gate=0.00002 envDelta=0.00097 envFloor=0.00052 onset=1.161 thresh=0.006 onsetDelta=1.15490 baseline=0.00035 adaptive=0.00087 lastPeak=0.00004 guard=0.060 activeAge=-1.000 pitch=105.26Hz pitchCents=423.7
2025-12-16 06:03:31 [tracker] [s1] aubio-raw t=9.8116 onset=1.343104 env=0.000976 peak=0.002885 gain=1.000
2025-12-16 06:03:31 [tracker] [s1] onset-accepted t=9.8116 env=0.000976 gate=0.000019 envDelta=0.000958 envFloor=0.000506 onset=1.343104 thresh=0.006000 onsetDelta=1.337104 baseline=0.000337 floor=0.000180 adapt=0.000843 lastPeak=0.000034 baseParam=0.000180 gateRatio=0.0550 envParam=0.000450 onsetScale=0.300 retriggerScale=1.400 guard=0.060 guardRemain=0.000 activeAge=-1.000 retrigRemain=0.000 pitchHz=142.85 pitchCents=952.5
2025-12-16 06:03:31 [tracker] [s1] onset t=9.812 env=0.00098 gate=0.00002 envDelta=0.00096 envFloor=0.00051 onset=1.343 thresh=0.006 onsetDelta=1.33710 baseline=0.00034 adaptive=0.00084 lastPeak=0.00003 guard=0.060 activeAge=-1.000 pitch=142.85Hz pitchCents=952.5
2025-12-16 06:03:31 [tracker] [s6] onset t=9.913 env=0.00226 gate=0.00021 envDelta=0.00205 envFloor=0.00124 onset=1.246 thresh=0.018 onsetDelta=1.22799 baseline=0.00083 adaptive=0.00207 lastPeak=0.00000 guard=0.060 activeAge=-1.000 pitch=-1.00Hz pitchCents=0.0
2025-12-16 06:03:31 [tracker] [s5] onset t=10.022 env=0.00185 gate=0.00016 envDelta=0.00169 envFloor=0.00112 onset=0.871 thresh=0.016 onsetDelta=0.85543 baseline=0.00075 adaptive=0.00187 lastPeak=0.00000 guard=0.060 activeAge=-1.000 pitch=-1.00Hz pitchCents=0.0
2025-12-16 06:03:31 [tracker] [s1] aubio-raw t=10.0649 onset=1.328272 env=0.000593 peak=0.001286 gain=1.000
2025-12-16 06:03:31 [tracker] [s1] onset-accepted t=10.0649 env=0.000593 gate=0.000020 envDelta=0.000573 envFloor=0.000544 onset=1.328272 thresh=0.006000 onsetDelta=1.322272 baseline=0.000362 floor=0.000180 adapt=0.000906 lastPeak=0.000021 baseParam=0.000180 gateRatio=0.0550 envParam=0.000450 onsetScale=0.300 retriggerScale=1.400 guard=0.060 guardRemain=0.000 activeAge=-1.000 retrigRemain=0.000 pitchHz=-1.00 pitchCents=0.0
2025-12-16 06:03:31 [tracker] [s1] onset t=10.065 env=0.00059 gate=0.00002 envDelta=0.00057 envFloor=0.00054 onset=1.328 thresh=0.006 onsetDelta=1.32227 baseline=0.00036 adaptive=0.00091 lastPeak=0.00002 guard=0.060 activeAge=-1.000 pitch=-1.00Hz pitchCents=0.0
2025-12-16 06:03:31 [tracker] [s6] onset t=10.102 env=0.00192 gate=0.00020 envDelta=0.00171 envFloor=0.00122 onset=1.079 thresh=0.018 onsetDelta=1.06140 baseline=0.00081 adaptive=0.00203 lastPeak=0.00000 guard=0.060 activeAge=-1.000 pitch=-1.00Hz pitchCents=0.0
2025-12-16 06:03:31 [tracker] [s4] onset t=10.142 env=0.00151 gate=0.00010 envDelta=0.00141 envFloor=0.00088 onset=0.622 thresh=0.014 onsetDelta=0.60832 baseline=0.00059 adaptive=0.00147 lastPeak=0.00000 guard=0.060 activeAge=-1.000 pitch=-1.00Hz pitchCents=0.0
2025-12-16 06:03:31 [tracker] [s1] aubio-raw t=10.1449 onset=0.998572 env=0.001073 peak=0.002279 gain=1.000
2025-12-16 06:03:31 [tracker] [s1] onset-accepted t=10.1449 env=0.001073 gate=0.000021 envDelta=0.001052 envFloor=0.000585 onset=0.998572 thresh=0.006000 onsetDelta=0.992572 baseline=0.000390 floor=0.000180 adapt=0.000975 lastPeak=0.000018 baseParam=0.000180 gateRatio=0.0550 envParam=0.000450 onsetScale=0.300 retriggerScale=1.400 guard=0.060 guardRemain=0.000 activeAge=-1.000 retrigRemain=0.000 pitchHz=195.10 pitchCents=1492.1
2025-12-16 06:03:31 [tracker] [s1] onset t=10.145 env=0.00107 gate=0.00002 envDelta=0.00105 envFloor=0.00058 onset=0.999 thresh=0.006 onsetDelta=0.99257 baseline=0.00039 adaptive=0.00097 lastPeak=0.00002 guard=0.060 activeAge=-1.000 pitch=195.10Hz pitchCents=1492.1
2025-12-16 06:03:31 [tracker] [s1] aubio-raw t=10.2089 onset=1.489173 env=0.000806 peak=0.001551 gain=1.000
2025-12-16 06:03:31 [tracker] [s1] onset-accepted t=10.2089 env=0.000806 gate=0.000020 envDelta=0.000786 envFloor=0.000555 onset=1.489173 thresh=0.006000 onsetDelta=1.483173 baseline=0.000370 floor=0.000180 adapt=0.000926 lastPeak=0.000016 baseParam=0.000180 gateRatio=0.0550 envParam=0.000450 onsetScale=0.300 retriggerScale=1.400 guard=0.060 guardRemain=0.000 activeAge=-1.000 retrigRemain=0.000 pitchHz=115.94 pitchCents=591.1
2025-12-16 06:03:31 [tracker] [s1] onset t=10.209 env=0.00081 gate=0.00002 envDelta=0.00079 envFloor=0.00056 onset=1.489 thresh=0.006 onsetDelta=1.48317 baseline=0.00037 adaptive=0.00093 lastPeak=0.00002 guard=0.060 activeAge=-1.000 pitch=115.94Hz pitchCents=591.1
2025-12-16 06:03:31 [tracker] [s3] onset t=10.254 env=0.00122 gate=0.00007 envDelta=0.00115 envFloor=0.00078 onset=0.998 thresh=0.012 onsetDelta=0.98643 baseline=0.00052 adaptive=0.00129 lastPeak=0.00000 guard=0.060 activeAge=-1.000 pitch=-1.00Hz pitchCents=0.0
2025-12-16 06:03:32 [tracker] [s3] onset t=10.361 env=0.00145 gate=0.00008 envDelta=0.00137 envFloor=0.00092 onset=1.020 thresh=0.012 onsetDelta=1.00840 baseline=0.00061 adaptive=0.00153 lastPeak=0.00000 guard=0.060 activeAge=-1.000 pitch=-1.00Hz pitchCents=0.0
2025-12-16 06:03:32 [tracker] [s5] onset t=10.372 env=0.00162 gate=0.00015 envDelta=0.00147 envFloor=0.00106 onset=1.470 thresh=0.016 onsetDelta=1.45388 baseline=0.00071 adaptive=0.00177 lastPeak=0.00000 guard=0.060 activeAge=-1.000 pitch=-1.00Hz pitchCents=0.0
2025-12-16 06:03:32 [tracker] [s1] aubio-raw t=10.4169 onset=0.999493 env=0.000870 peak=0.002727 gain=1.000
2025-12-16 06:03:32 [tracker] [s1] onset-accepted t=10.4169 env=0.000870 gate=0.000019 envDelta=0.000851 envFloor=0.000513 onset=0.999493 thresh=0.006000 onsetDelta=0.993493 baseline=0.000342 floor=0.000180 adapt=0.000856 lastPeak=0.000011 baseParam=0.000180 gateRatio=0.0550 envParam=0.000450 onsetScale=0.300 retriggerScale=1.400 guard=0.060 guardRemain=0.000 activeAge=-1.000 retrigRemain=0.000 pitchHz=142.86 pitchCents=952.5
2025-12-16 06:03:32 [tracker] [s1] onset t=10.417 env=0.00087 gate=0.00002 envDelta=0.00085 envFloor=0.00051 onset=0.999 thresh=0.006 onsetDelta=0.99349 baseline=0.00034 adaptive=0.00086 lastPeak=0.00001 guard=0.060 activeAge=-1.000 pitch=142.86Hz pitchCents=952.5
2025-12-16 06:03:32 [tracker] [s6] onset t=10.497 env=0.00173 gate=0.00021 envDelta=0.00152 envFloor=0.00125 onset=1.129 thresh=0.018 onsetDelta=1.11108 baseline=0.00084 adaptive=0.00209 lastPeak=0.00000 guard=0.060 activeAge=-1.000 pitch=-1.00Hz pitchCents=0.0
2025-12-16 06:03:32 [tracker] [s2] onset t=10.521 env=0.00088 gate=0.00000 envDelta=0.00088 envFloor=0.00074 onset=0.996 thresh=0.009 onsetDelta=0.98658 baseline=0.00049 adaptive=0.00123 lastPeak=0.00000 guard=0.060 activeAge=-1.000 pitch=190.50Hz pitchCents=950.7
2025-12-16 06:03:32 [tracker] [s2] note-start t=10.521 fret=12 midi=57 vel=0.01 env=0.00088
2025-12-16 06:03:32 [tracker] [s5] onset t=10.577 env=0.00143 gate=0.00013 envDelta=0.00130 envFloor=0.00096 onset=0.857 thresh=0.016 onsetDelta=0.84102 baseline=0.00064 adaptive=0.00160 lastPeak=0.00000 guard=0.060 activeAge=-1.000 pitch=-1.00Hz pitchCents=0.0
2025-12-16 06:03:32 [tracker] [s1] aubio-raw t=10.5849 onset=0.989326 env=0.000680 peak=0.001717 gain=1.000
2025-12-16 06:03:32 [tracker] [s1] onset-accepted t=10.5849 env=0.000680 gate=0.000018 envDelta=0.000663 envFloor=0.000483 onset=0.989326 thresh=0.006000 onsetDelta=0.983326 baseline=0.000322 floor=0.000180 adapt=0.000806 lastPeak=0.000008 baseParam=0.000180 gateRatio=0.0550 envParam=0.000450 onsetScale=0.300 retriggerScale=1.400 guard=0.060 guardRemain=0.000 activeAge=-1.000 retrigRemain=0.000 pitchHz=145.44 pitchCents=983.5
2025-12-16 06:03:32 [tracker] [s1] onset t=10.585 env=0.00068 gate=0.00002 envDelta=0.00066 envFloor=0.00048 onset=0.989 thresh=0.006 onsetDelta=0.98333 baseline=0.00032 adaptive=0.00081 lastPeak=0.00001 guard=0.060 activeAge=-1.000 pitch=145.44Hz pitchCents=983.5
2025-12-16 06:03:32 [tracker] [s1] aubio-raw t=10.6676 onset=1.161848 env=0.000758 peak=0.002023 gain=1.000
2025-12-16 06:03:32 [tracker] [s1] onset-accepted t=10.6676 env=0.000758 gate=0.000017 envDelta=0.000741 envFloor=0.000476 onset=1.161848 thresh=0.006000 onsetDelta=1.155848 baseline=0.000317 floor=0.000180 adapt=0.000794 lastPeak=0.000007 baseParam=0.000180 gateRatio=0.0550 envParam=0.000450 onsetScale=0.300 retriggerScale=1.400 guard=0.060 guardRemain=0.000 activeAge=-1.000 retrigRemain=0.000 pitchHz=105.26 pitchCents=423.8
2025-12-16 06:03:32 [tracker] [s1] onset t=10.668 env=0.00076 gate=0.00002 envDelta=0.00074 envFloor=0.00048 onset=1.162 thresh=0.006 onsetDelta=1.15585 baseline=0.00032 adaptive=0.00079 lastPeak=0.00001 guard=0.060 activeAge=-1.000 pitch=105.26Hz pitchCents=423.8
2025-12-16 06:03:32 [tracker] [s1] note-start t=10.668 fret=10 midi=50 vel=0.01 env=0.00076
2025-12-16 06:03:32 [tracker] [s5] onset t=10.814 env=0.00164 gate=0.00015 envDelta=0.00149 envFloor=0.00108 onset=0.944 thresh=0.016 onsetDelta=0.92844 baseline=0.00072 adaptive=0.00179 lastPeak=0.00000 guard=0.060 activeAge=-1.000 pitch=-1.00Hz pitchCents=0.0
2025-12-16 06:03:32 [sessionwavs] wrote 6 wav files to /home/general/SignalAssistant/logs/sessionwavs/session-20251216-060321 (shutdown)
