# SignalAssistant session log
# Started at 2025-12-05 20:35:57
2025-12-05 20:35:57 [session] mode=recorded session='live/Test2' path='/home/general/SignalAssistant/sessions/live/Test2' duration=53.29 files=6
2025-12-05 20:35:57 [tracker-settings] TrackerConfig onsetThreshold=0.02000 minNoteDurSec=0.045 hopSec=0.010 slideDelta=120.0 bendDelta=35.0
2025-12-05 20:35:57 [tracker-settings] string1 midi=40 lowCut=37.08Hz highCut=445.00Hz baseline=0.000180 gateRatio=0.05500 envFloor=0.000450 sustainScale=0.580 retriggerScale=1.400 peakRelease=0.120 pitchTol=0.400 onsetScale=0.300
2025-12-05 20:35:57 [tracker-settings] string2 midi=45 lowCut=55.00Hz highCut=563.20Hz baseline=0.000220 gateRatio=0.10000 envFloor=0.000550 sustainScale=0.700 retriggerScale=1.250 peakRelease=0.130 pitchTol=0.400 onsetScale=0.450
2025-12-05 20:35:57 [tracker-settings] string3 midi=50 lowCut=85.16Hz highCut=693.05Hz baseline=0.000260 gateRatio=0.13000 envFloor=0.000650 sustainScale=0.820 retriggerScale=1.100 peakRelease=0.140 pitchTol=0.450 onsetScale=0.580
2025-12-05 20:35:57 [tracker-settings] string4 midi=55 lowCut=127.40Hz highCut=862.39Hz baseline=0.000320 gateRatio=0.17000 envFloor=0.000780 sustainScale=1.000 retriggerScale=1.000 peakRelease=0.160 pitchTol=0.440 onsetScale=0.700
2025-12-05 20:35:57 [tracker-settings] string5 midi=59 lowCut=160.51Hz highCut=1086.54Hz baseline=0.000370 gateRatio=0.21000 envFloor=0.000900 sustainScale=1.000 retriggerScale=1.000 peakRelease=0.180 pitchTol=0.500 onsetScale=0.800
2025-12-05 20:35:57 [tracker-settings] string6 midi=64 lowCut=214.26Hz highCut=1450.36Hz baseline=0.000420 gateRatio=0.25000 envFloor=0.001050 sustainScale=1.000 retriggerScale=1.000 peakRelease=0.200 pitchTol=0.550 onsetScale=0.900
2025-12-05 20:35:57 [tracker] [s1] calibration reset
2025-12-05 20:35:57 [tracker] [s2] calibration reset
2025-12-05 20:35:57 [tracker] [s3] calibration reset
2025-12-05 20:35:57 [tracker] [s4] calibration reset
2025-12-05 20:35:57 [tracker] [s5] calibration reset
2025-12-05 20:35:57 [tracker] [s6] calibration reset
2025-12-05 20:35:57 [tracker] [s1] calibration avg=0.00681 peak=0.01023
2025-12-05 20:35:57 [tracker] [s2] calibration avg=0.00985 peak=0.02604
2025-12-05 20:35:57 [tracker] [s3] calibration avg=0.01634 peak=0.09024
2025-12-05 20:35:57 [tracker] [s4] calibration avg=0.00197 peak=0.01001
2025-12-05 20:35:57 [tracker] [s5] calibration avg=0.01157 peak=0.09657
2025-12-05 20:35:57 [tracker] [s6] calibration avg=0.00432 peak=0.20712
2025-12-05 20:36:34 [test-mode] play session='live/Test2' position=0.00 duration=53.29
2025-12-05 20:36:34 [tracker] [s1] configure sr=48000.0 hop=512 fft=4096 low=37.1 high=445.0
2025-12-05 20:36:34 [tracker] [s1] params baseline=0.000180 gate=0.0550 envFloor=0.000450 sustain=0.580 retrigger=1.400 peakRelease=0.120 pitchTol=0.400 onsetScale=0.006 aubioScale=1.20 aubioThresh=0.024 onsetSilence=-85.0 pitchSilence=-90.0
2025-12-05 20:36:34 [tracker] [s2] configure sr=48000.0 hop=512 fft=4096 low=55.0 high=563.2
2025-12-05 20:36:34 [tracker] [s2] params baseline=0.000220 gate=0.1000 envFloor=0.000550 sustain=0.700 retrigger=1.250 peakRelease=0.130 pitchTol=0.400 onsetScale=0.009 aubioScale=1.35 aubioThresh=0.027 onsetSilence=-85.0 pitchSilence=-90.0
2025-12-05 20:36:34 [tracker] [s3] configure sr=48000.0 hop=512 fft=4096 low=85.2 high=693.0
2025-12-05 20:36:34 [tracker] [s3] params baseline=0.000260 gate=0.1300 envFloor=0.000650 sustain=0.820 retrigger=1.100 peakRelease=0.140 pitchTol=0.450 onsetScale=0.012 aubioScale=1.60 aubioThresh=0.032 onsetSilence=-75.0 pitchSilence=-80.0
2025-12-05 20:36:34 [tracker] [s4] configure sr=48000.0 hop=512 fft=4096 low=127.4 high=862.4
2025-12-05 20:36:34 [tracker] [s4] params baseline=0.000320 gate=0.1700 envFloor=0.000780 sustain=1.000 retrigger=1.000 peakRelease=0.160 pitchTol=0.440 onsetScale=0.014 aubioScale=1.80 aubioThresh=0.036 onsetSilence=-75.0 pitchSilence=-80.0
2025-12-05 20:36:34 [tracker] [s5] configure sr=48000.0 hop=512 fft=2048 low=160.5 high=1086.5
2025-12-05 20:36:34 [tracker] [s5] params baseline=0.000370 gate=0.2100 envFloor=0.000900 sustain=1.000 retrigger=1.000 peakRelease=0.180 pitchTol=0.500 onsetScale=0.016 aubioScale=1.80 aubioThresh=0.036 onsetSilence=-75.0 pitchSilence=-80.0
2025-12-05 20:36:34 [tracker] [s6] configure sr=48000.0 hop=512 fft=2048 low=214.3 high=1450.4
2025-12-05 20:36:34 [tracker] [s6] params baseline=0.000420 gate=0.2500 envFloor=0.001050 sustain=1.000 retrigger=1.000 peakRelease=0.200 pitchTol=0.550 onsetScale=0.018 aubioScale=1.80 aubioThresh=0.036 onsetSilence=-75.0 pitchSilence=-80.0
2025-12-05 20:36:36 [tracker] [s2] onset t=1.691 env=0.07589 baseline=0.02274 gate=0.00227 envFloor=0.01592 onset=1.362>=0.009
2025-12-05 20:36:36 [tracker] [s1] onset t=1.701 env=0.09017 baseline=0.03551 gate=0.00195 envFloor=0.02485 onset=0.566>=0.006
2025-12-05 20:36:36 [tracker] [s2] onset t=1.787 env=0.06540 baseline=0.03079 gate=0.00308 envFloor=0.02155 onset=1.253>=0.009
2025-12-05 20:36:36 [tracker] [s2] note-start t=1.787 fret=7 midi=52 vel=0.78 env=0.06540
2025-12-05 20:36:36 [tracker] [s3] onset t=1.787 env=0.02652 baseline=0.01607 gate=0.00209 envFloor=0.01347 onset=1.395>=0.012
2025-12-05 20:36:36 [tracker] [s3] note-start t=1.787 fret=7 midi=57 vel=0.32 env=0.02652
2025-12-05 20:36:36 [tracker] [s3] onset t=1.883 env=0.01437 baseline=0.02281 gate=0.00297 envFloor=0.01347 onset=1.353>=0.012
2025-12-05 20:36:36 [tracker] [s3] note-ended (new onset) t=1.883 fret=7 dur=0.096
2025-12-05 20:36:36 [tracker] [s3] note-start t=1.883 fret=7 midi=57 vel=0.17 env=0.01437
2025-12-05 20:36:36 [tracker] [s1] onset t=2.011 env=0.02777 baseline=0.03525 gate=0.00194 envFloor=0.02468 onset=1.463>=0.006
2025-12-05 20:36:36 [tracker] [s1] note-start t=2.011 fret=5 midi=45 vel=0.33 env=0.02777
2025-12-05 20:36:36 [tracker] [s2] onset t=2.021 env=0.03147 baseline=0.05271 gate=0.00527 envFloor=0.02092 onset=0.985>=0.009
2025-12-05 20:36:36 [tracker] [s2] note-ended (new onset) t=2.021 fret=7 dur=0.235
2025-12-05 20:36:36 [tracker] [s2] note-start t=2.021 fret=7 midi=52 vel=0.38 env=0.03147
2025-12-05 20:36:36 [tracker] [s3] onset t=2.021 env=0.04260 baseline=0.01827 gate=0.00237 envFloor=0.01347 onset=1.257>=0.012
2025-12-05 20:36:36 [tracker] [s3] note-ended (new onset) t=2.021 fret=7 dur=0.139
2025-12-05 20:36:36 [tracker] [s2] onset t=2.107 env=0.02853 baseline=0.02721 gate=0.00272 envFloor=0.01865 onset=1.159>=0.009
2025-12-05 20:36:36 [tracker] [s2] note-ended (new onset) t=2.107 fret=7 dur=0.085
2025-12-05 20:36:36 [tracker] [s2] note-start t=2.107 fret=7 midi=52 vel=0.34 env=0.02853
2025-12-05 20:36:36 [tracker] [s3] onset t=2.117 env=0.03770 baseline=0.01980 gate=0.00257 envFloor=0.01386 onset=1.013>=0.012
2025-12-05 20:36:36 [tracker] [s3] note-start t=2.117 fret=7 midi=57 vel=0.45 env=0.03770
2025-12-05 20:36:37 [tracker] [s1] release-retrigger t=2.341 onset=1.199 gate=0.032 age=0.331
2025-12-05 20:36:37 [tracker] [s1] note-ended t=2.341 fret=5 dur=0.331
2025-12-05 20:36:37 [tracker] [s2] release-retrigger t=2.341 onset=0.891 gate=0.027 age=0.235
2025-12-05 20:36:37 [tracker] [s2] note-ended t=2.341 fret=7 dur=0.235
2025-12-05 20:36:37 [tracker] [s3] release-retrigger t=2.341 onset=0.916 gate=0.020 age=0.224
2025-12-05 20:36:37 [tracker] [s3] note-ended t=2.341 fret=7 dur=0.224
2025-12-05 20:36:37 [tracker] [s1] onset t=2.949 env=0.05638 baseline=0.02724 gate=0.00150 envFloor=0.01907 onset=1.197>=0.006
2025-12-05 20:36:37 [tracker] [s2] onset t=2.960 env=0.07250 baseline=0.02684 gate=0.00268 envFloor=0.01879 onset=1.212>=0.009
2025-12-05 20:36:37 [tracker] [s6] onset t=2.960 env=0.01014 baseline=0.00475 gate=0.00119 envFloor=0.00404 onset=0.705>=0.018
2025-12-05 20:36:37 [tracker] [s3] onset t=2.971 env=0.10761 baseline=0.03237 gate=0.00421 envFloor=0.02266 onset=0.665>=0.012
2025-12-05 20:36:37 [tracker] [s5] onset t=2.971 env=0.02258 baseline=0.01598 gate=0.00336 envFloor=0.01119 onset=1.334>=0.016
2025-12-05 20:36:37 [tracker] [s3] onset t=3.056 env=0.07599 baseline=0.03856 gate=0.00501 envFloor=0.02699 onset=0.966>=0.012
2025-12-05 20:36:37 [tracker] [s3] note-start t=3.056 fret=7 midi=57 vel=0.91 env=0.07599
2025-12-05 20:36:37 [tracker] [s2] onset t=3.195 env=0.04679 baseline=0.02917 gate=0.00292 envFloor=0.02042 onset=1.053>=0.009
2025-12-05 20:36:37 [tracker] [s2] note-start t=3.195 fret=7 midi=52 vel=0.56 env=0.04679
2025-12-05 20:36:37 [tracker] [s1] onset t=3.269 env=0.13445 baseline=0.04633 gate=0.00255 envFloor=0.03243 onset=1.296>=0.006
2025-12-05 20:36:37 [tracker] [s2] onset t=3.280 env=0.12087 baseline=0.04830 gate=0.00483 envFloor=0.03381 onset=0.986>=0.009
2025-12-05 20:36:37 [tracker] [s2] note-ended (new onset) t=3.280 fret=7 dur=0.085
2025-12-05 20:36:37 [tracker] [s2] note-start t=3.280 fret=7 midi=52 vel=1.00 env=0.12087
2025-12-05 20:36:37 [tracker] [s3] onset t=3.280 env=0.02811 baseline=0.06155 gate=0.00800 envFloor=0.02617 onset=1.387>=0.012
2025-12-05 20:36:37 [tracker] [s3] note-ended (new onset) t=3.280 fret=7 dur=0.224
2025-12-05 20:36:37 [tracker] [s3] note-start t=3.280 fret=7 midi=57 vel=0.34 env=0.02811
2025-12-05 20:36:38 [tracker] [s3] onset t=3.376 env=0.02590 baseline=0.03162 gate=0.00411 envFloor=0.02213 onset=1.103>=0.012
2025-12-05 20:36:38 [tracker] [s3] note-ended (new onset) t=3.376 fret=7 dur=0.096
2025-12-05 20:36:38 [tracker] [s3] note-start t=3.376 fret=7 midi=57 vel=0.31 env=0.02590
2025-12-05 20:36:38 [tracker] [s1] onset t=3.387 env=0.08990 baseline=0.04847 gate=0.00267 envFloor=0.03393 onset=1.150>=0.006
2025-12-05 20:36:38 [tracker] [s1] note-start t=3.387 fret=5 midi=45 vel=1.00 env=0.08990
2025-12-05 20:36:38 [tracker] [s2] onset t=3.408 env=0.09510 baseline=0.10243 gate=0.01024 envFloor=0.03993 onset=1.220>=0.009
2025-12-05 20:36:38 [tracker] [s2] note-ended (new onset) t=3.408 fret=7 dur=0.128
2025-12-05 20:36:38 [tracker] [s2] note-start t=3.408 fret=7 midi=52 vel=1.00 env=0.09510
2025-12-05 20:36:38 [tracker] [s1] onset t=3.461 env=0.08629 baseline=0.07812 gate=0.00430 envFloor=0.03271 onset=1.006>=0.006
2025-12-05 20:36:38 [tracker] [s1] note-ended (new onset) t=3.461 fret=5 dur=0.075
2025-12-05 20:36:38 [tracker] [s1] note-start t=3.461 fret=5 midi=45 vel=1.00 env=0.08629
2025-12-05 20:36:38 [tracker] [s2] onset t=3.493 env=0.04735 baseline=0.08222 gate=0.00822 envFloor=0.03796 onset=0.876>=0.009
2025-12-05 20:36:38 [tracker] [s2] note-ended (new onset) t=3.493 fret=7 dur=0.085
2025-12-05 20:36:38 [tracker] [s2] note-start t=3.493 fret=7 midi=52 vel=0.57 env=0.04735
2025-12-05 20:36:38 [tracker] [s2] release-retrigger t=3.579 onset=1.010 gate=0.064 age=0.085
2025-12-05 20:36:38 [tracker] [s2] note-ended t=3.579 fret=7 dur=0.085
2025-12-05 20:36:38 [tracker] [s3] release-retrigger t=3.579 onset=0.761 gate=0.028 age=0.203
2025-12-05 20:36:38 [tracker] [s3] note-ended t=3.579 fret=7 dur=0.203
2025-12-05 20:36:38 [tracker] [s4] onset t=3.579 env=0.00516 baseline=0.00547 gate=0.00093 envFloor=0.00383 onset=0.833>=0.014
2025-12-05 20:36:38 [tracker] [s6] onset t=3.579 env=0.01253 baseline=0.00475 gate=0.00119 envFloor=0.00404 onset=0.803>=0.018
2025-12-05 20:36:38 [tracker] [s1] release-retrigger t=3.728 onset=0.630 gate=0.046 age=0.267
2025-12-05 20:36:38 [tracker] [s1] note-ended t=3.728 fret=5 dur=0.267
2025-12-05 20:36:38 [tracker] [s1] onset t=3.781 env=0.10245 baseline=0.06682 gate=0.00368 envFloor=0.03295 onset=1.348>=0.006
2025-12-05 20:36:38 [tracker] [s2] onset t=3.792 env=0.06569 baseline=0.04181 gate=0.00418 envFloor=0.02927 onset=1.120>=0.009
2025-12-05 20:36:38 [tracker] [s3] onset t=3.792 env=0.04179 baseline=0.01917 gate=0.00249 envFloor=0.01347 onset=1.454>=0.012
2025-12-05 20:36:38 [tracker] [s1] onset t=3.899 env=0.09710 baseline=0.06323 gate=0.00348 envFloor=0.03675 onset=1.041>=0.006
2025-12-05 20:36:38 [tracker] [s1] note-start t=3.899 fret=3 midi=43 vel=1.00 env=0.09710
2025-12-05 20:36:38 [tracker] [s1] onset t=3.973 env=0.08545 baseline=0.08437 gate=0.00464 envFloor=0.03576 onset=0.963>=0.006
2025-12-05 20:36:38 [tracker] [s1] note-ended (new onset) t=3.973 fret=3 dur=0.075
2025-12-05 20:36:38 [tracker] [s1] note-start t=3.973 fret=3 midi=43 vel=1.00 env=0.08545
2025-12-05 20:36:38 [tracker] [s2] onset t=4.005 env=0.06824 baseline=0.03783 gate=0.00378 envFloor=0.02648 onset=1.414>=0.009
2025-12-05 20:36:38 [tracker] [s2] note-start t=4.005 fret=5 midi=50 vel=0.82 env=0.06824
2025-12-05 20:36:38 [tracker] [s1] onset t=4.069 env=0.08073 baseline=0.07352 gate=0.00404 envFloor=0.03395 onset=1.024>=0.006
2025-12-05 20:36:38 [tracker] [s1] note-ended (new onset) t=4.069 fret=3 dur=0.096
2025-12-05 20:36:38 [tracker] [s1] onset t=4.155 env=0.06286 baseline=0.06980 gate=0.00384 envFloor=0.03168 onset=0.991>=0.006
2025-12-05 20:36:38 [tracker] [s1] note-ended (new onset) t=4.155 fret=3 dur=0.085
2025-12-05 20:36:38 [tracker] [s1] note-start t=4.155 fret=3 midi=43 vel=0.75 env=0.06286
2025-12-05 20:36:38 [tracker] [s1] onset t=4.240 env=0.08598 baseline=0.05435 gate=0.00299 envFloor=0.03604 onset=1.272>=0.006
2025-12-05 20:36:38 [tracker] [s1] note-ended (new onset) t=4.240 fret=3 dur=0.085
2025-12-05 20:36:38 [tracker] [s1] note-start t=4.240 fret=3 midi=43 vel=1.00 env=0.08598
2025-12-05 20:36:38 [tracker] [s2] onset t=4.251 env=0.05631 baseline=0.05473 gate=0.00547 envFloor=0.02464 onset=1.386>=0.009
2025-12-05 20:36:38 [tracker] [s2] note-ended (new onset) t=4.251 fret=5 dur=0.245
2025-12-05 20:36:38 [tracker] [s2] note-start t=4.251 fret=5 midi=50 vel=0.68 env=0.05631
2025-12-05 20:36:38 [tracker] [s3] onset t=4.261 env=0.04460 baseline=0.02059 gate=0.00268 envFloor=0.01441 onset=0.700>=0.012
2025-12-05 20:36:38 [tracker] [s3] note-start t=4.261 fret=5 midi=55 vel=0.54 env=0.04460
2025-12-05 20:36:39 [tracker] [s1] onset t=4.347 env=0.06701 baseline=0.07360 gate=0.00405 envFloor=0.03235 onset=1.430>=0.006
2025-12-05 20:36:39 [tracker] [s1] note-ended (new onset) t=4.347 fret=3 dur=0.107
2025-12-05 20:36:39 [tracker] [s3] onset t=4.347 env=0.04344 baseline=0.03856 gate=0.00501 envFloor=0.01517 onset=0.771>=0.012
2025-12-05 20:36:39 [tracker] [s3] note-ended (new onset) t=4.347 fret=5 dur=0.085
2025-12-05 20:36:39 [tracker] [s2] onset t=4.368 env=0.05362 baseline=0.04796 gate=0.00480 envFloor=0.02286 onset=0.826>=0.009
2025-12-05 20:36:39 [tracker] [s2] note-ended (new onset) t=4.368 fret=5 dur=0.117
2025-12-05 20:36:39 [tracker] [s2] onset t=4.464 env=0.05245 baseline=0.04585 gate=0.00458 envFloor=0.02161 onset=1.198>=0.009
2025-12-05 20:36:39 [tracker] [s2] note-start t=4.464 fret=7 midi=52 vel=0.63 env=0.05245
2025-12-05 20:36:39 [tracker] [s1] onset t=4.560 env=0.04515 baseline=0.06658 gate=0.00366 envFloor=0.02502 onset=0.660>=0.006
2025-12-05 20:36:39 [tracker] [s1] note-start t=4.560 fret=5 midi=45 vel=0.54 env=0.04515
2025-12-05 20:36:39 [tracker] [s2] onset t=4.560 env=0.08715 baseline=0.04513 gate=0.00451 envFloor=0.02684 onset=1.273>=0.009
2025-12-05 20:36:39 [tracker] [s2] note-ended (new onset) t=4.560 fret=7 dur=0.096
2025-12-05 20:36:39 [tracker] [s3] onset t=4.571 env=0.05553 baseline=0.03471 gate=0.00451 envFloor=0.02048 onset=0.902>=0.012
2025-12-05 20:36:39 [tracker] [s3] note-start t=4.571 fret=7 midi=57 vel=0.67 env=0.05553
2025-12-05 20:36:39 [tracker] [s5] onset t=4.571 env=0.04302 baseline=0.01238 gate=0.00260 envFloor=0.01053 onset=1.375>=0.016
2025-12-05 20:36:39 [tracker] [s3] onset t=4.667 env=0.04348 baseline=0.04778 gate=0.00621 envFloor=0.01951 onset=1.288>=0.012
2025-12-05 20:36:39 [tracker] [s3] note-ended (new onset) t=4.667 fret=7 dur=0.096
2025-12-05 20:36:39 [tracker] [s3] note-start t=4.667 fret=7 midi=57 vel=0.52 env=0.04348
2025-12-05 20:36:39 [tracker] [s2] onset t=4.699 env=0.07099 baseline=0.04228 gate=0.00423 envFloor=0.02678 onset=1.131>=0.009
2025-12-05 20:36:39 [tracker] [s2] note-start t=4.699 fret=7 midi=52 vel=0.85 env=0.07099
2025-12-05 20:36:39 [tracker] [s2] onset t=4.816 env=0.03877 baseline=0.06046 gate=0.00605 envFloor=0.02477 onset=0.809>=0.009
2025-12-05 20:36:39 [tracker] [s2] note-ended (new onset) t=4.816 fret=7 dur=0.117
2025-12-05 20:36:39 [tracker] [s2] note-start t=4.816 fret=7 midi=52 vel=0.47 env=0.03877
2025-12-05 20:36:39 [tracker] [s3] release-retrigger t=4.859 onset=0.989 gate=0.028 age=0.192
2025-12-05 20:36:39 [tracker] [s3] note-ended t=4.859 fret=7 dur=0.192
2025-12-05 20:36:39 [tracker] [s1] release-retrigger t=4.869 onset=1.378 gate=0.038 age=0.309
2025-12-05 20:36:39 [tracker] [s1] note-ended t=4.869 fret=5 dur=0.309
2025-12-05 20:36:39 [tracker] [s2] release-retrigger t=4.901 onset=0.693 gate=0.041 age=0.085
2025-12-05 20:36:39 [tracker] [s2] note-ended t=4.901 fret=7 dur=0.085
2025-12-05 20:36:40 [tracker] [s1] onset t=5.669 env=0.01676 baseline=0.02413 gate=0.00133 envFloor=0.00806 onset=0.687>=0.006
2025-12-05 20:36:40 [tracker] [s1] onset t=5.787 env=0.14439 baseline=0.04540 gate=0.00250 envFloor=0.03178 onset=1.400>=0.006
2025-12-05 20:36:40 [tracker] [s2] onset t=5.797 env=0.10563 baseline=0.03534 gate=0.00353 envFloor=0.02474 onset=1.237>=0.009
2025-12-05 20:36:40 [tracker] [s3] onset t=5.797 env=0.04163 baseline=0.02300 gate=0.00299 envFloor=0.01347 onset=1.382>=0.012
2025-12-05 20:36:40 [tracker] [s1] onset t=5.851 env=0.13849 baseline=0.06211 gate=0.00342 envFloor=0.04348 onset=1.188>=0.006
2025-12-05 20:36:40 [tracker] [s1] note-start t=5.851 fret=8 midi=48 vel=1.00 env=0.13849
2025-12-05 20:36:40 [tracker] [s3] onset t=5.893 env=0.02953 baseline=0.02199 gate=0.00286 envFloor=0.01347 onset=1.038>=0.012
2025-12-05 20:36:40 [tracker] [s3] note-start t=5.893 fret=10 midi=60 vel=0.35 env=0.02953
2025-12-05 20:36:40 [tracker] [s1] onset t=5.936 env=0.12363 baseline=0.11974 gate=0.00659 envFloor=0.04365 onset=1.151>=0.006
2025-12-05 20:36:40 [tracker] [s1] note-ended (new onset) t=5.936 fret=8 dur=0.085
2025-12-05 20:36:40 [tracker] [s1] note-start t=5.936 fret=8 midi=48 vel=1.00 env=0.12363
2025-12-05 20:36:40 [tracker] [s1] onset t=6.032 env=0.06802 baseline=0.10636 gate=0.00585 envFloor=0.04101 onset=0.610>=0.006
2025-12-05 20:36:40 [tracker] [s1] note-ended (new onset) t=6.032 fret=8 dur=0.096
2025-12-05 20:36:40 [tracker] [s1] note-start t=6.032 fret=8 midi=48 vel=0.82 env=0.06802
2025-12-05 20:36:40 [tracker] [s3] onset t=6.075 env=0.01573 baseline=0.02441 gate=0.00317 envFloor=0.01347 onset=1.239>=0.012
2025-12-05 20:36:40 [tracker] [s3] note-ended (new onset) t=6.075 fret=10 dur=0.181
2025-12-05 20:36:40 [tracker] [s3] note-start t=6.075 fret=10 midi=60 vel=0.19 env=0.01573
2025-12-05 20:36:40 [tracker] [s6] onset t=6.181 env=0.01540 baseline=0.00475 gate=0.00119 envFloor=0.00404 onset=1.124>=0.018
2025-12-05 20:36:40 [tracker] [s2] onset t=6.203 env=0.06022 baseline=0.02898 gate=0.00290 envFloor=0.02028 onset=1.179>=0.009
2025-12-05 20:36:40 [tracker] [s3] onset t=6.235 env=0.02391 baseline=0.02035 gate=0.00265 envFloor=0.01425 onset=1.379>=0.012
2025-12-05 20:36:40 [tracker] [s3] note-ended (new onset) t=6.235 fret=10 dur=0.160
2025-12-05 20:36:41 [tracker] [s3] onset t=6.320 env=0.02239 baseline=0.01844 gate=0.00240 envFloor=0.01347 onset=1.230>=0.012
2025-12-05 20:36:41 [tracker] [s3] note-start t=6.320 fret=10 midi=60 vel=0.27 env=0.02239
2025-12-05 20:36:41 [tracker] [s1] onset t=6.331 env=0.04570 baseline=0.05320 gate=0.00293 envFloor=0.02342 onset=1.261>=0.006
2025-12-05 20:36:41 [tracker] [s1] note-ended (new onset) t=6.331 fret=8 dur=0.299
2025-12-05 20:36:41 [tracker] [s1] note-start t=6.331 fret=8 midi=48 vel=0.55 env=0.04570
2025-12-05 20:36:41 [tracker] [s2] onset t=6.331 env=0.01908 baseline=0.02530 gate=0.00253 envFloor=0.01771 onset=1.195>=0.009
2025-12-05 20:36:41 [tracker] [s2] note-start t=6.331 fret=10 midi=55 vel=0.23 env=0.01908
2025-12-05 20:36:41 [tracker] [s2] onset t=6.555 env=0.01325 baseline=0.01728 gate=0.00173 envFloor=0.01210 onset=0.667>=0.009
2025-12-05 20:36:41 [tracker] [s2] note-start t=6.555 fret=10 midi=55 vel=0.16 env=0.01325
2025-12-05 20:36:41 [tracker] [s1] onset t=6.565 env=0.02974 baseline=0.03684 gate=0.00203 envFloor=0.01816 onset=0.674>=0.006
2025-12-05 20:36:41 [tracker] [s1] note-ended (new onset) t=6.565 fret=8 dur=0.235
2025-12-05 20:36:41 [tracker] [s3] release-retrigger t=6.565 onset=1.451 gate=0.016 age=0.245
2025-12-05 20:36:41 [tracker] [s3] note-ended t=6.565 fret=10 dur=0.245
2025-12-05 20:36:41 [tracker] [s2] release-retrigger t=6.672 onset=0.842 gate=0.019 age=0.117
2025-12-05 20:36:41 [tracker] [s2] note-ended t=6.672 fret=10 dur=0.117
2025-12-05 20:36:41 [tracker] [s1] onset t=6.725 env=0.01915 baseline=0.02482 gate=0.00137 envFloor=0.01562 onset=0.523>=0.006
2025-12-05 20:36:41 [tracker] [s1] note-ended (new onset) t=6.725 fret=8 dur=0.160
2025-12-05 20:36:41 [tracker] [s4] onset t=6.747 env=0.02189 baseline=0.01757 gate=0.00299 envFloor=0.01230 onset=0.893>=0.014
2025-12-05 20:36:41 [tracker] [s5] onset t=6.747 env=0.08197 baseline=0.02865 gate=0.00602 envFloor=0.02006 onset=1.242>=0.016
2025-12-05 20:36:41 [tracker] [s1] onset t=6.811 env=0.01500 baseline=0.02385 gate=0.00131 envFloor=0.01339 onset=1.002>=0.006
2025-12-05 20:36:41 [tracker] [s1] note-start t=6.811 fret=6 midi=46 vel=0.18 env=0.01500
2025-12-05 20:36:41 [tracker] [s5] onset t=6.821 env=0.05533 baseline=0.03121 gate=0.00655 envFloor=0.02184 onset=1.059>=0.016
2025-12-05 20:36:41 [tracker] [s5] note-start t=6.821 fret=5 midi=64 vel=0.66 env=0.05533
2025-12-05 20:36:41 [tracker] [s5] release-quiet t=6.949 avgEnv=0.00407 floor=0.02334 quietFrames=8
2025-12-05 20:36:41 [tracker] [s5] note-ended t=6.949 fret=5 dur=0.128
2025-12-05 20:36:41 [tracker] [s1] onset t=7.024 env=0.06155 baseline=0.02948 gate=0.00162 envFloor=0.02064 onset=1.094>=0.006
2025-12-05 20:36:41 [tracker] [s1] note-ended (new onset) t=7.024 fret=6 dur=0.213
2025-12-05 20:36:41 [tracker] [s2] onset t=7.024 env=0.04100 baseline=0.01645 gate=0.00165 envFloor=0.01152 onset=0.669>=0.009
2025-12-05 20:36:41 [tracker] [s1] onset t=7.184 env=0.03987 baseline=0.02864 gate=0.00158 envFloor=0.02005 onset=0.544>=0.006
2025-12-05 20:36:41 [tracker] [s1] note-start t=7.184 fret=5 midi=45 vel=0.48 env=0.03987
2025-12-05 20:36:42 [tracker] [s1] release-retrigger t=7.419 onset=1.394 gate=0.028 age=0.235
2025-12-05 20:36:42 [tracker] [s1] note-ended t=7.419 fret=5 dur=0.235
2025-12-05 20:36:42 [tracker] [s6] onset t=7.440 env=0.06264 baseline=0.01317 gate=0.00329 envFloor=0.00922 onset=1.163>=0.018
2025-12-05 20:36:42 [tracker] [s3] onset t=7.461 env=0.14905 baseline=0.04208 gate=0.00547 envFloor=0.02945 onset=1.340>=0.012
2025-12-05 20:36:42 [tracker] [s4] onset t=7.472 env=0.01679 baseline=0.01262 gate=0.00215 envFloor=0.00884 onset=1.099>=0.014
2025-12-05 20:36:42 [tracker] [s6] onset t=7.504 env=0.04470 baseline=0.02312 gate=0.00578 envFloor=0.01619 onset=0.982>=0.018
2025-12-05 20:36:42 [tracker] [s6] note-start t=7.504 fret=5 midi=69 vel=0.54 env=0.04470
2025-12-05 20:36:42 [tracker] [s3] onset t=7.557 env=0.13484 baseline=0.06287 gate=0.00817 envFloor=0.04401 onset=0.890>=0.012
2025-12-05 20:36:42 [tracker] [s3] note-start t=7.557 fret=7 midi=57 vel=1.00 env=0.13484
2025-12-05 20:36:42 [tracker] [s3] onset t=7.621 env=0.10111 baseline=0.11776 gate=0.01531 envFloor=0.04296 onset=1.006>=0.012
2025-12-05 20:36:42 [tracker] [s3] note-ended (new onset) t=7.621 fret=7 dur=0.064
2025-12-05 20:36:42 [tracker] [s3] note-start t=7.621 fret=7 midi=57 vel=1.00 env=0.10111
2025-12-05 20:36:42 [tracker] [s6] release-quiet t=7.632 avgEnv=0.00048 floor=0.04142 quietFrames=8
2025-12-05 20:36:42 [tracker] [s6] note-ended t=7.632 fret=5 dur=0.128
2025-12-05 20:36:42 [tracker] [s3] release-retrigger t=7.675 onset=0.916 gate=0.072 age=0.053
2025-12-05 20:36:42 [tracker] [s3] note-ended t=7.675 fret=7 dur=0.053
2025-12-05 20:36:42 [tracker] [s4] onset t=7.696 env=0.00669 baseline=0.00847 gate=0.00144 envFloor=0.00593 onset=0.945>=0.014
2025-12-05 20:36:42 [tracker] [s4] onset t=7.771 env=0.00657 baseline=0.00746 gate=0.00127 envFloor=0.00522 onset=0.649>=0.014
2025-12-05 20:36:42 [tracker] [s4] note-start t=7.771 fret=9 midi=64 vel=0.08 env=0.00657
2025-12-05 20:36:42 [tracker] [s4] onset t=7.845 env=0.00579 baseline=0.00654 gate=0.00111 envFloor=0.00458 onset=0.964>=0.014
2025-12-05 20:36:42 [tracker] [s4] note-ended (new onset) t=7.845 fret=9 dur=0.075
2025-12-05 20:36:42 [tracker] [s2] onset t=7.920 env=0.04171 baseline=0.00926 gate=0.00093 envFloor=0.00787 onset=0.775>=0.009
2025-12-05 20:36:42 [tracker] [s2] note-start t=7.920 fret=13 midi=58 vel=0.50 env=0.04171
2025-12-05 20:36:42 [tracker] [s1] onset t=7.952 env=0.05820 baseline=0.02501 gate=0.00138 envFloor=0.01748 onset=1.315>=0.006
2025-12-05 20:36:42 [tracker] [s1] onset t=8.059 env=0.03043 baseline=0.02379 gate=0.00131 envFloor=0.01599 onset=1.140>=0.006
2025-12-05 20:36:42 [tracker] [s1] note-start t=8.059 fret=5 midi=45 vel=0.37 env=0.03043
2025-12-05 20:36:42 [tracker] [s2] release-retrigger t=8.059 onset=1.163 gate=0.021 age=0.139
2025-12-05 20:36:42 [tracker] [s2] note-ended t=8.059 fret=13 dur=0.139
2025-12-05 20:36:42 [tracker] [s1] onset t=8.240 env=0.09929 baseline=0.04171 gate=0.00229 envFloor=0.02920 onset=1.448>=0.006
2025-12-05 20:36:42 [tracker] [s1] note-ended (new onset) t=8.240 fret=5 dur=0.181
2025-12-05 20:36:42 [tracker] [s2] onset t=8.251 env=0.09107 baseline=0.03214 gate=0.00321 envFloor=0.02135 onset=1.304>=0.009
2025-12-05 20:36:43 [tracker] [s3] onset t=8.261 env=0.06066 baseline=0.06736 gate=0.00876 envFloor=0.01855 onset=0.655>=0.012
2025-12-05 20:36:43 [tracker] [s3] onset t=8.347 env=0.04456 baseline=0.06471 gate=0.00841 envFloor=0.01851 onset=1.050>=0.012
2025-12-05 20:36:43 [tracker] [s3] note-start t=8.347 fret=7 midi=57 vel=0.53 env=0.04456
2025-12-05 20:36:43 [tracker] [s1] onset t=8.400 env=0.06677 baseline=0.04422 gate=0.00243 envFloor=0.03095 onset=0.678>=0.006
2025-12-05 20:36:43 [tracker] [s1] note-start t=8.400 fret=5 midi=45 vel=0.80 env=0.06677
2025-12-05 20:36:43 [tracker] [s2] onset t=8.411 env=0.06823 baseline=0.03839 gate=0.00384 envFloor=0.02688 onset=0.644>=0.009
2025-12-05 20:36:43 [tracker] [s2] note-start t=8.411 fret=7 midi=52 vel=0.82 env=0.06823
2025-12-05 20:36:43 [tracker] [s2] onset t=8.475 env=0.04687 baseline=0.05958 gate=0.00596 envFloor=0.02593 onset=0.734>=0.009
2025-12-05 20:36:43 [tracker] [s2] note-ended (new onset) t=8.475 fret=7 dur=0.064
2025-12-05 20:36:43 [tracker] [s2] note-start t=8.475 fret=7 midi=52 vel=0.56 env=0.04687
2025-12-05 20:36:43 [tracker] [s3] release-retrigger t=8.507 onset=0.954 gate=0.027 age=0.160
2025-12-05 20:36:43 [tracker] [s3] note-ended t=8.507 fret=7 dur=0.160
2025-12-05 20:36:43 [tracker] [s4] onset t=8.517 env=0.00551 baseline=0.00416 gate=0.00071 envFloor=0.00171 onset=0.696>=0.014
2025-12-05 20:36:43 [tracker] [s6] onset t=8.549 env=0.01615 baseline=0.02462 gate=0.00615 envFloor=0.00404 onset=1.320>=0.018
2025-12-05 20:36:43 [tracker] [s2] release-retrigger t=8.581 onset=0.972 gate=0.056 age=0.107
2025-12-05 20:36:43 [tracker] [s2] note-ended t=8.581 fret=7 dur=0.107
2025-12-05 20:36:43 [tracker] [s6] onset t=8.688 env=0.09600 baseline=0.02643 gate=0.00661 envFloor=0.01850 onset=1.136>=0.018
2025-12-05 20:36:43 [tracker] [s1] onset t=8.699 env=0.07175 baseline=0.05223 gate=0.00287 envFloor=0.02552 onset=1.488>=0.006
2025-12-05 20:36:43 [tracker] [s1] note-ended (new onset) t=8.699 fret=5 dur=0.299
2025-12-05 20:36:43 [tracker] [s5] onset t=8.699 env=0.07000 baseline=0.02653 gate=0.00557 envFloor=0.01857 onset=1.265>=0.016
2025-12-05 20:36:43 [tracker] [s3] onset t=8.731 env=0.14573 baseline=0.04589 gate=0.00597 envFloor=0.03212 onset=0.741>=0.012
2025-12-05 20:36:43 [tracker] [s2] onset t=8.741 env=0.12217 baseline=0.04772 gate=0.00477 envFloor=0.03340 onset=0.566>=0.009
2025-12-05 20:36:43 [tracker] [s1] onset t=8.869 env=0.07450 baseline=0.04820 gate=0.00265 envFloor=0.03060 onset=1.055>=0.006
2025-12-05 20:36:43 [tracker] [s1] note-start t=8.869 fret=3 midi=43 vel=0.89 env=0.07450
2025-12-05 20:36:43 [tracker] [s3] onset t=8.869 env=0.12690 baseline=0.06059 gate=0.00788 envFloor=0.04241 onset=1.412>=0.012
2025-12-05 20:36:43 [tracker] [s3] note-start t=8.869 fret=5 midi=55 vel=1.00 env=0.12690
2025-12-05 20:36:43 [tracker] [s2] onset t=9.008 env=0.08303 baseline=0.04803 gate=0.00480 envFloor=0.03362 onset=0.910>=0.009
2025-12-05 20:36:43 [tracker] [s2] note-start t=9.008 fret=5 midi=50 vel=1.00 env=0.08303
2025-12-05 20:36:43 [tracker] [s1] onset t=9.072 env=0.06472 baseline=0.06096 gate=0.00335 envFloor=0.02799 onset=1.046>=0.006
2025-12-05 20:36:43 [tracker] [s1] note-ended (new onset) t=9.072 fret=3 dur=0.203
2025-12-05 20:36:43 [tracker] [s1] note-start t=9.072 fret=3 midi=43 vel=0.78 env=0.06472
2025-12-05 20:36:43 [tracker] [s2] onset t=9.093 env=0.04894 baseline=0.07179 gate=0.00718 envFloor=0.03159 onset=1.349>=0.009
2025-12-05 20:36:43 [tracker] [s2] note-ended (new onset) t=9.093 fret=5 dur=0.085
2025-12-05 20:36:43 [tracker] [s2] note-start t=9.093 fret=5 midi=50 vel=0.59 env=0.04894
2025-12-05 20:36:43 [tracker] [s3] onset t=9.093 env=0.09520 baseline=0.10280 gate=0.01336 envFloor=0.03924 onset=0.727>=0.012
2025-12-05 20:36:43 [tracker] [s3] note-ended (new onset) t=9.093 fret=5 dur=0.224
2025-12-05 20:36:43 [tracker] [s3] note-start t=9.093 fret=5 midi=55 vel=1.00 env=0.09520
2025-12-05 20:36:43 [tracker] [s6] onset t=9.168 env=0.00813 baseline=0.01841 gate=0.00460 envFloor=0.00805 onset=1.473>=0.018
2025-12-05 20:36:43 [tracker] [s3] release-retrigger t=9.189 onset=1.365 gate=0.063 age=0.096
2025-12-05 20:36:43 [tracker] [s3] note-ended t=9.189 fret=5 dur=0.096
2025-12-05 20:36:43 [tracker] [s2] release-retrigger t=9.200 onset=0.557 gate=0.053 age=0.107
2025-12-05 20:36:43 [tracker] [s2] note-ended t=9.200 fret=5 dur=0.107
2025-12-05 20:36:44 [tracker] [s6] onset t=9.285 env=0.01644 baseline=0.02139 gate=0.00535 envFloor=0.01497 onset=1.278>=0.018
2025-12-05 20:36:44 [tracker] [s5] onset t=9.296 env=0.02446 baseline=0.02640 gate=0.00554 envFloor=0.01848 onset=1.103>=0.016
2025-12-05 20:36:44 [tracker] [s1] release-quiet t=9.371 avgEnv=0.00368 floor=0.01184 quietFrames=8
2025-12-05 20:36:44 [tracker] [s1] note-ended t=9.371 fret=3 dur=0.299
2025-12-05 20:36:44 [tracker] [s1] onset t=9.488 env=0.09554 baseline=0.04790 gate=0.00263 envFloor=0.02820 onset=1.012>=0.006
2025-12-05 20:36:44 [tracker] [s2] onset t=9.488 env=0.03031 baseline=0.03659 gate=0.00366 envFloor=0.01656 onset=1.418>=0.009
2025-12-05 20:36:44 [tracker] [s3] onset t=9.499 env=0.04300 baseline=0.07082 gate=0.00921 envFloor=0.01759 onset=1.405>=0.012
2025-12-05 20:36:44 [tracker] [s1] onset t=9.595 env=0.07329 baseline=0.04556 gate=0.00251 envFloor=0.02855 onset=1.071>=0.006
2025-12-05 20:36:44 [tracker] [s1] note-start t=9.595 fret=0 midi=40 vel=0.88 env=0.07329
2025-12-05 20:36:44 [tracker] [s3] onset t=9.648 env=0.03401 baseline=0.06602 gate=0.00858 envFloor=0.01597 onset=0.716>=0.012
2025-12-05 20:36:44 [tracker] [s3] note-start t=9.648 fret=2 midi=52 vel=0.41 env=0.03401
2025-12-05 20:36:44 [tracker] [s1] onset t=9.680 env=0.06452 baseline=0.06337 gate=0.00349 envFloor=0.02718 onset=0.902>=0.006
2025-12-05 20:36:44 [tracker] [s1] note-ended (new onset) t=9.680 fret=0 dur=0.085
2025-12-05 20:36:44 [tracker] [s1] onset t=9.915 env=0.04692 baseline=0.05201 gate=0.00286 envFloor=0.02243 onset=0.689>=0.006
2025-12-05 20:36:44 [tracker] [s1] note-ended (new onset) t=9.915 fret=0 dur=0.235
2025-12-05 20:36:44 [tracker] [s1] note-start t=9.915 fret=0 midi=40 vel=0.56 env=0.04692
2025-12-05 20:36:44 [tracker] [s3] release-retrigger t=10.096 onset=0.617 gate=0.019 age=0.448
2025-12-05 20:36:44 [tracker] [s3] note-ended t=10.096 fret=2 dur=0.448
2025-12-05 20:36:45 [tracker] [s1] onset t=10.267 env=0.03687 baseline=0.03579 gate=0.00197 envFloor=0.01643 onset=0.880>=0.006
2025-12-05 20:36:45 [tracker] [s1] note-ended (new onset) t=10.267 fret=0 dur=0.352
2025-12-05 20:36:45 [tracker] [s1] note-start t=10.267 fret=0 midi=40 vel=0.44 env=0.03687
2025-12-05 20:36:45 [tracker] [s4] onset t=10.384 env=0.00215 baseline=0.00258 gate=0.00044 envFloor=0.00181 onset=1.207>=0.014
2025-12-05 20:36:45 [tracker] [s1] release-retrigger t=10.491 onset=0.506 gate=0.044 age=0.224
2025-12-05 20:36:45 [tracker] [s1] note-ended t=10.491 fret=0 dur=0.224
2025-12-05 20:36:45 [tracker] [s2] onset t=10.544 env=0.01915 baseline=0.02228 gate=0.00223 envFloor=0.01405 onset=1.295>=0.009
2025-12-05 20:36:45 [tracker] [s1] onset t=10.704 env=0.04630 baseline=0.04019 gate=0.00221 envFloor=0.02813 onset=1.049>=0.006
2025-12-05 20:36:45 [tracker] [s2] onset t=10.704 env=0.14406 baseline=0.04199 gate=0.00420 envFloor=0.02939 onset=1.417>=0.009
2025-12-05 20:36:45 [tracker] [s3] onset t=10.715 env=0.03297 baseline=0.02111 gate=0.00274 envFloor=0.01478 onset=1.107>=0.012
2025-12-05 20:36:45 [tracker] [s4] onset t=10.725 env=0.01075 baseline=0.00787 gate=0.00134 envFloor=0.00551 onset=0.545>=0.014
2025-12-05 20:36:45 [tracker] [s2] onset t=10.971 env=0.06395 baseline=0.04647 gate=0.00465 envFloor=0.03253 onset=0.517>=0.009
2025-12-05 20:36:45 [tracker] [s3] onset t=10.971 env=0.02494 baseline=0.01734 gate=0.00225 envFloor=0.01347 onset=0.680>=0.012
2025-12-05 20:36:45 [tracker] [s3] note-start t=10.971 fret=4 midi=54 vel=0.30 env=0.02494
2025-12-05 20:36:45 [tracker] [s2] onset t=11.056 env=0.07122 baseline=0.05529 gate=0.00553 envFloor=0.03053 onset=0.550>=0.009
2025-12-05 20:36:45 [tracker] [s2] note-ended (new onset) t=11.056 fret=3 dur=0.085
2025-12-05 20:36:45 [tracker] [s2] note-start t=11.056 fret=3 midi=48 vel=0.85 env=0.07122
2025-12-05 20:36:45 [tracker] [s3] release-retrigger t=11.173 onset=0.564 gate=0.017 age=0.203
2025-12-05 20:36:45 [tracker] [s3] note-ended t=11.173 fret=4 dur=0.203
2025-12-05 20:36:46 [tracker] [s2] onset t=11.237 env=0.05301 baseline=0.05886 gate=0.00589 envFloor=0.02561 onset=0.857>=0.009
2025-12-05 20:36:46 [tracker] [s2] note-ended (new onset) t=11.237 fret=3 dur=0.181
2025-12-05 20:36:46 [tracker] [s2] note-start t=11.237 fret=3 midi=48 vel=0.64 env=0.05301
2025-12-05 20:36:46 [tracker] [s1] onset t=11.312 env=0.07273 baseline=0.03405 gate=0.00187 envFloor=0.02384 onset=1.309>=0.006
2025-12-05 20:36:46 [tracker] [s2] onset t=11.323 env=0.05139 baseline=0.04583 gate=0.00458 envFloor=0.02448 onset=1.327>=0.009
2025-12-05 20:36:46 [tracker] [s2] note-ended (new onset) t=11.323 fret=3 dur=0.085
2025-12-05 20:36:46 [tracker] [s2] note-start t=11.323 fret=3 midi=48 vel=0.62 env=0.05139
2025-12-05 20:36:46 [tracker] [s3] onset t=11.333 env=0.07714 baseline=0.02681 gate=0.00349 envFloor=0.01877 onset=0.707>=0.012
2025-12-05 20:36:46 [tracker] [s3] onset t=11.419 env=0.06941 baseline=0.03269 gate=0.00425 envFloor=0.02288 onset=1.010>=0.012
2025-12-05 20:36:46 [tracker] [s3] note-start t=11.419 fret=3 midi=53 vel=0.83 env=0.06941
2025-12-05 20:36:46 [tracker] [s1] onset t=11.461 env=0.06650 baseline=0.03430 gate=0.00189 envFloor=0.02401 onset=0.556>=0.006
2025-12-05 20:36:46 [tracker] [s1] note-start t=11.461 fret=1 midi=41 vel=0.80 env=0.06650
2025-12-05 20:36:46 [tracker] [s1] onset t=11.589 env=0.05987 baseline=0.05635 gate=0.00310 envFloor=0.02298 onset=0.538>=0.006
2025-12-05 20:36:46 [tracker] [s1] note-ended (new onset) t=11.589 fret=1 dur=0.128
2025-12-05 20:36:46 [tracker] [s1] note-start t=11.589 fret=1 midi=41 vel=0.72 env=0.05987
2025-12-05 20:36:46 [tracker] [s2] release-retrigger t=11.643 onset=1.425 gate=0.034 age=0.320
2025-12-05 20:36:46 [tracker] [s2] note-ended t=11.643 fret=3 dur=0.320
2025-12-05 20:36:46 [tracker] [s3] release-retrigger t=11.653 onset=1.270 gate=0.040 age=0.235
2025-12-05 20:36:46 [tracker] [s3] note-ended t=11.653 fret=3 dur=0.235
2025-12-05 20:36:46 [tracker] [s4] onset t=11.653 env=0.02848 baseline=0.02215 gate=0.00377 envFloor=0.01550 onset=1.388>=0.014
2025-12-05 20:36:46 [tracker] [s2] onset t=11.792 env=0.03228 baseline=0.03710 gate=0.00371 envFloor=0.01486 onset=0.600>=0.009
2025-12-05 20:36:46 [tracker] [s2] onset t=11.941 env=0.06486 baseline=0.03458 gate=0.00346 envFloor=0.02000 onset=1.313>=0.009
2025-12-05 20:36:46 [tracker] [s2] note-start t=11.941 fret=3 midi=48 vel=0.78 env=0.06486
2025-12-05 20:36:46 [tracker] [s3] onset t=11.941 env=0.10749 baseline=0.04886 gate=0.00635 envFloor=0.02446 onset=1.401>=0.012
2025-12-05 20:36:46 [tracker] [s1] onset t=11.952 env=0.03823 baseline=0.04544 gate=0.00250 envFloor=0.01491 onset=0.732>=0.006
2025-12-05 20:36:46 [tracker] [s1] note-ended (new onset) t=11.952 fret=1 dur=0.363
2025-12-05 20:36:46 [tracker] [s1] note-start t=11.952 fret=1 midi=41 vel=0.46 env=0.03823
2025-12-05 20:36:46 [tracker] [s4] onset t=11.952 env=0.01896 baseline=0.02466 gate=0.00419 envFloor=0.01726 onset=1.039>=0.014
2025-12-05 20:36:46 [tracker] [s5] onset t=11.952 env=0.16454 baseline=0.04523 gate=0.00950 envFloor=0.03166 onset=1.006>=0.016
2025-12-05 20:36:46 [tracker] [s6] onset t=11.963 env=0.02422 baseline=0.01409 gate=0.00352 envFloor=0.00987 onset=1.101>=0.018
2025-12-05 20:36:46 [tracker] [s3] onset t=12.037 env=0.07895 baseline=0.04671 gate=0.00607 envFloor=0.02877 onset=1.148>=0.012
2025-12-05 20:36:46 [tracker] [s3] note-start t=12.037 fret=3 midi=53 vel=0.95 env=0.07895
2025-12-05 20:36:47 [tracker] [s1] release-retrigger t=12.261 onset=1.348 gate=0.041 age=0.309
2025-12-05 20:36:47 [tracker] [s1] note-ended t=12.261 fret=1 dur=0.309
2025-12-05 20:36:47 [tracker] [s2] release-retrigger t=12.272 onset=1.234 gate=0.052 age=0.331
2025-12-05 20:36:47 [tracker] [s2] note-ended t=12.272 fret=3 dur=0.331
2025-12-05 20:36:47 [tracker] [s3] release-retrigger t=12.283 onset=0.921 gate=0.046 age=0.245
2025-12-05 20:36:47 [tracker] [s3] note-ended t=12.283 fret=3 dur=0.245
2025-12-05 20:36:47 [tracker] [s6] onset t=12.347 env=0.14462 baseline=0.01656 gate=0.00414 envFloor=0.01160 onset=1.417>=0.018
2025-12-05 20:36:47 [tracker] [s3] onset t=12.379 env=0.08754 baseline=0.06052 gate=0.00787 envFloor=0.02242 onset=0.539>=0.012
2025-12-05 20:36:47 [tracker] [s3] onset t=12.421 env=0.09177 baseline=0.05932 gate=0.00771 envFloor=0.02637 onset=1.490>=0.012
2025-12-05 20:36:47 [tracker] [s1] onset t=12.432 env=0.01861 baseline=0.02746 gate=0.00151 envFloor=0.01283 onset=1.161>=0.006
2025-12-05 20:36:47 [tracker] [s2] onset t=12.432 env=0.05926 baseline=0.04635 gate=0.00464 envFloor=0.02093 onset=0.833>=0.009
2025-12-05 20:36:47 [tracker] [s5] onset t=12.581 env=0.19694 baseline=0.15868 gate=0.03332 envFloor=0.11107 onset=1.164>=0.016
2025-12-05 20:36:47 [tracker] [s5] note-start t=12.581 fret=0 midi=59 vel=1.00 env=0.19694
2025-12-05 20:36:47 [tracker] [s3] onset t=12.667 env=0.06117 baseline=0.05286 gate=0.00687 envFloor=0.02755 onset=0.832>=0.012
2025-12-05 20:36:47 [tracker] [s3] note-start t=12.667 fret=2 midi=52 vel=0.73 env=0.06117
2025-12-05 20:36:47 [tracker] [s2] onset t=12.677 env=0.04521 baseline=0.04753 gate=0.00475 envFloor=0.02037 onset=1.051>=0.009
2025-12-05 20:36:47 [tracker] [s2] note-ended (new onset) t=12.677 fret=2 dur=0.245
2025-12-05 20:36:47 [tracker] [s2] note-start t=12.677 fret=2 midi=47 vel=0.54 env=0.04521
2025-12-05 20:36:47 [tracker] [s5] onset t=12.677 env=0.15091 baseline=0.16942 gate=0.03558 envFloor=0.09908 onset=0.998>=0.016
2025-12-05 20:36:47 [tracker] [s5] note-ended (new onset) t=12.677 fret=0 dur=0.096
2025-12-05 20:36:47 [tracker] [s5] note-start t=12.677 fret=0 midi=59 vel=1.00 env=0.15091
2025-12-05 20:36:47 [tracker] [s2] onset t=12.773 env=0.05123 baseline=0.03890 gate=0.00389 envFloor=0.01999 onset=0.898>=0.009
2025-12-05 20:36:47 [tracker] [s2] note-ended (new onset) t=12.773 fret=2 dur=0.096
2025-12-05 20:36:47 [tracker] [s2] note-start t=12.773 fret=2 midi=47 vel=0.61 env=0.05123
2025-12-05 20:36:47 [tracker] [s3] onset t=12.773 env=0.06035 baseline=0.05236 gate=0.00681 envFloor=0.02626 onset=0.609>=0.012
2025-12-05 20:36:47 [tracker] [s3] note-ended (new onset) t=12.773 fret=2 dur=0.107
2025-12-05 20:36:47 [tracker] [s3] note-start t=12.773 fret=2 midi=52 vel=0.72 env=0.06035
2025-12-05 20:36:47 [tracker] [s5] release-quiet t=12.805 avgEnv=0.01448 floor=0.10697 quietFrames=8
2025-12-05 20:36:47 [tracker] [s5] note-ended t=12.805 fret=0 dur=0.128
2025-12-05 20:36:47 [tracker] [s2] onset t=12.837 env=0.02748 baseline=0.04474 gate=0.00447 envFloor=0.01986 onset=1.009>=0.009
2025-12-05 20:36:47 [tracker] [s2] note-ended (new onset) t=12.837 fret=2 dur=0.064
2025-12-05 20:36:47 [tracker] [s1] onset t=12.880 env=0.01503 baseline=0.02225 gate=0.00122 envFloor=0.01472 onset=1.367>=0.006
2025-12-05 20:36:47 [tracker] [s3] release-quiet t=12.923 avgEnv=0.00119 floor=0.02228 quietFrames=8
2025-12-05 20:36:47 [tracker] [s3] note-ended t=12.923 fret=2 dur=0.149
2025-12-05 20:36:48 [tracker] [s1] onset t=13.168 env=0.12636 baseline=0.04467 gate=0.00246 envFloor=0.03127 onset=1.140>=0.006
2025-12-05 20:36:48 [tracker] [s2] onset t=13.168 env=0.07602 baseline=0.03830 gate=0.00383 envFloor=0.02393 onset=1.376>=0.009
2025-12-05 20:36:48 [tracker] [s3] onset t=13.179 env=0.09821 baseline=0.04489 gate=0.00584 envFloor=0.02396 onset=1.243>=0.012
2025-12-05 20:36:48 [tracker] [s2] onset t=13.253 env=0.04648 baseline=0.03680 gate=0.00368 envFloor=0.02273 onset=1.211>=0.009
2025-12-05 20:36:48 [tracker] [s2] note-start t=13.253 fret=6 midi=51 vel=0.56 env=0.04648
2025-12-05 20:36:48 [tracker] [s1] onset t=13.296 env=0.11097 baseline=0.06059 gate=0.00333 envFloor=0.04242 onset=1.422>=0.006
2025-12-05 20:36:48 [tracker] [s1] note-start t=13.296 fret=5 midi=45 vel=1.00 env=0.11097
2025-12-05 20:36:48 [tracker] [s1] onset t=13.381 env=0.11049 baseline=0.09595 gate=0.00528 envFloor=0.04218 onset=1.473>=0.006
2025-12-05 20:36:48 [tracker] [s1] note-ended (new onset) t=13.381 fret=5 dur=0.085
2025-12-05 20:36:48 [tracker] [s1] note-start t=13.381 fret=5 midi=45 vel=1.00 env=0.11049
2025-12-05 20:36:48 [tracker] [s1] onset t=13.456 env=0.08018 baseline=0.09601 gate=0.00528 envFloor=0.04010 onset=0.993>=0.006
2025-12-05 20:36:48 [tracker] [s1] note-ended (new onset) t=13.456 fret=5 dur=0.075
2025-12-05 20:36:48 [tracker] [s1] note-start t=13.456 fret=5 midi=45 vel=0.96 env=0.08018
2025-12-05 20:36:48 [tracker] [s2] release-retrigger t=13.509 onset=1.326 gate=0.046 age=0.256
2025-12-05 20:36:48 [tracker] [s2] note-ended t=13.509 fret=6 dur=0.256
2025-12-05 20:36:48 [tracker] [s1] release-quiet t=13.755 avgEnv=0.00014 floor=0.01690 quietFrames=8
2025-12-05 20:36:48 [tracker] [s1] note-ended t=13.755 fret=5 dur=0.299
2025-12-05 20:36:49 [tracker] [s1] onset t=14.459 env=0.07860 baseline=0.04505 gate=0.00248 envFloor=0.02062 onset=1.408>=0.006
2025-12-05 20:36:49 [tracker] [s2] onset t=14.469 env=0.08896 baseline=0.03292 gate=0.00329 envFloor=0.02304 onset=1.260>=0.009
2025-12-05 20:36:49 [tracker] [s3] onset t=14.469 env=0.07466 baseline=0.02448 gate=0.00318 envFloor=0.01514 onset=1.350>=0.012
2025-12-05 20:36:49 [tracker] [s1] onset t=14.597 env=0.05736 baseline=0.04221 gate=0.00232 envFloor=0.02450 onset=1.399>=0.006
2025-12-05 20:36:49 [tracker] [s1] note-start t=14.597 fret=5 midi=45 vel=0.69 env=0.05736
2025-12-05 20:36:49 [tracker] [s2] onset t=14.629 env=0.08049 baseline=0.03881 gate=0.00388 envFloor=0.02717 onset=1.233>=0.009
2025-12-05 20:36:49 [tracker] [s2] note-start t=14.629 fret=7 midi=52 vel=0.97 env=0.08049
2025-12-05 20:36:49 [tracker] [s2] onset t=14.704 env=0.05042 baseline=0.06995 gate=0.00699 envFloor=0.02638 onset=1.289>=0.009
2025-12-05 20:36:49 [tracker] [s2] note-ended (new onset) t=14.704 fret=7 dur=0.075
2025-12-05 20:36:49 [tracker] [s2] release-retrigger t=14.800 onset=1.128 gate=0.052 age=0.096
2025-12-05 20:36:49 [tracker] [s2] note-ended t=14.800 fret=7 dur=0.096
2025-12-05 20:36:49 [tracker] [s1] release-retrigger t=14.896 onset=1.296 gate=0.050 age=0.299
2025-12-05 20:36:49 [tracker] [s1] note-ended t=14.896 fret=5 dur=0.299
2025-12-05 20:36:49 [tracker] [s3] onset t=14.928 env=0.01461 baseline=0.01973 gate=0.00257 envFloor=0.01347 onset=1.234>=0.012
2025-12-05 20:36:49 [tracker] [s2] onset t=14.960 env=0.06635 baseline=0.04023 gate=0.00402 envFloor=0.02043 onset=1.473>=0.009
2025-12-05 20:36:49 [tracker] [s2] note-start t=14.960 fret=6 midi=51 vel=0.80 env=0.06635
2025-12-05 20:36:49 [tracker] [s1] onset t=14.971 env=0.06579 baseline=0.04331 gate=0.00238 envFloor=0.02211 onset=0.525>=0.006
2025-12-05 20:36:50 [tracker] [s1] onset t=15.152 env=0.05350 baseline=0.03978 gate=0.00219 envFloor=0.02202 onset=1.492>=0.006
2025-12-05 20:36:50 [tracker] [s1] note-start t=15.152 fret=3 midi=43 vel=0.64 env=0.05350
2025-12-05 20:36:50 [tracker] [s1] onset t=15.259 env=0.04948 baseline=0.04579 gate=0.00252 envFloor=0.02084 onset=0.992>=0.006
2025-12-05 20:36:50 [tracker] [s1] note-ended (new onset) t=15.259 fret=3 dur=0.107
2025-12-05 20:36:50 [tracker] [s1] note-start t=15.259 fret=3 midi=43 vel=0.59 env=0.04948
2025-12-05 20:36:50 [tracker] [s2] onset t=15.398 env=0.11478 baseline=0.04862 gate=0.00486 envFloor=0.02099 onset=0.912>=0.009
2025-12-05 20:36:50 [tracker] [s2] note-ended (new onset) t=15.398 fret=6 dur=0.437
2025-12-05 20:36:50 [tracker] [s2] note-start t=15.398 fret=5 midi=50 vel=1.00 env=0.11478
2025-12-05 20:36:50 [tracker] [s4] onset t=15.430 env=0.00914 baseline=0.00583 gate=0.00099 envFloor=0.00408 onset=1.469>=0.014
2025-12-05 20:36:50 [tracker] [s6] onset t=15.430 env=0.00668 baseline=0.00475 gate=0.00119 envFloor=0.00404 onset=0.990>=0.018
2025-12-05 20:36:50 [tracker] [s1] release-retrigger t=15.526 onset=0.996 gate=0.033 age=0.267
2025-12-05 20:36:50 [tracker] [s1] note-ended t=15.526 fret=3 dur=0.267
2025-12-05 20:36:50 [tracker] [s2] release-quiet t=15.536 avgEnv=0.00035 floor=0.01485 quietFrames=8
2025-12-05 20:36:50 [tracker] [s2] note-ended t=15.536 fret=5 dur=0.139
2025-12-05 20:36:50 [tracker] [s1] onset t=15.718 env=0.12876 baseline=0.04660 gate=0.00256 envFloor=0.03262 onset=1.304>=0.006
2025-12-05 20:36:50 [tracker] [s2] onset t=15.728 env=0.12653 baseline=0.08844 gate=0.00884 envFloor=0.03124 onset=1.085>=0.009
2025-12-05 20:36:50 [tracker] [s3] onset t=15.728 env=0.08558 baseline=0.02581 gate=0.00336 envFloor=0.01807 onset=1.336>=0.012
2025-12-05 20:36:50 [tracker] [s4] onset t=15.739 env=0.01786 baseline=0.01101 gate=0.00187 envFloor=0.00771 onset=0.781>=0.014
2025-12-05 20:36:50 [tracker] [s3] onset t=15.824 env=0.06121 baseline=0.03104 gate=0.00404 envFloor=0.02173 onset=1.005>=0.012
2025-12-05 20:36:50 [tracker] [s3] note-start t=15.824 fret=7 midi=57 vel=0.73 env=0.06121
2025-12-05 20:36:50 [tracker] [s1] onset t=15.846 env=0.08565 baseline=0.05394 gate=0.00297 envFloor=0.03776 onset=1.020>=0.006
2025-12-05 20:36:50 [tracker] [s1] note-start t=15.846 fret=5 midi=45 vel=1.00 env=0.08565
2025-12-05 20:36:50 [tracker] [s2] onset t=15.984 env=0.09657 baseline=0.07841 gate=0.00784 envFloor=0.03784 onset=1.369>=0.009
2025-12-05 20:36:50 [tracker] [s2] note-start t=15.984 fret=7 midi=52 vel=1.00 env=0.09657
2025-12-05 20:36:50 [tracker] [s4] onset t=16.006 env=0.00842 baseline=0.00577 gate=0.00098 envFloor=0.00404 onset=1.164>=0.014
2025-12-05 20:36:50 [tracker] [s2] release-retrigger t=16.048 onset=1.342 gate=0.075 age=0.064
2025-12-05 20:36:50 [tracker] [s2] note-ended t=16.048 fret=7 dur=0.064
2025-12-05 20:36:50 [tracker] [s3] release-retrigger t=16.048 onset=1.380 gate=0.032 age=0.224
2025-12-05 20:36:50 [tracker] [s3] note-ended t=16.048 fret=7 dur=0.224
2025-12-05 20:36:50 [tracker] [s6] onset t=16.059 env=0.00817 baseline=0.00475 gate=0.00119 envFloor=0.00404 onset=0.825>=0.018
2025-12-05 20:36:51 [tracker] [s6] onset t=16.144 env=0.02588 baseline=0.02270 gate=0.00567 envFloor=0.01589 onset=1.452>=0.018
2025-12-05 20:36:51 [tracker] [s6] note-start t=16.144 fret=5 midi=69 vel=0.31 env=0.02588
2025-12-05 20:36:51 [tracker] [s1] release-quiet t=16.155 avgEnv=0.00240 floor=0.01939 quietFrames=8
2025-12-05 20:36:51 [tracker] [s1] note-ended t=16.155 fret=5 dur=0.309
2025-12-05 20:36:51 [tracker] [s6] release-retrigger t=16.230 onset=1.020 gate=0.042 age=0.085
2025-12-05 20:36:51 [tracker] [s6] note-ended t=16.230 fret=5 dur=0.085
2025-12-05 20:36:51 [tracker] [s4] onset t=16.987 env=0.01009 baseline=0.00372 gate=0.00063 envFloor=0.00261 onset=0.613>=0.014
2025-12-05 20:36:51 [tracker] [s3] onset t=17.019 env=0.10858 baseline=0.03142 gate=0.00408 envFloor=0.01855 onset=1.473>=0.012
2025-12-05 20:36:51 [tracker] [s2] onset t=17.029 env=0.01056 baseline=0.05318 gate=0.00532 envFloor=0.00787 onset=1.253>=0.009
2025-12-05 20:36:51 [tracker] [s3] onset t=17.115 env=0.06898 baseline=0.04237 gate=0.00551 envFloor=0.02966 onset=1.105>=0.012
2025-12-05 20:36:51 [tracker] [s3] note-start t=17.115 fret=5 midi=55 vel=0.83 env=0.06898
2025-12-05 20:36:52 [tracker] [s6] onset t=17.296 env=0.00617 baseline=0.01355 gate=0.00339 envFloor=0.00404 onset=1.028>=0.018
2025-12-05 20:36:52 [tracker] [s4] onset t=17.317 env=0.05113 baseline=0.02513 gate=0.00427 envFloor=0.01759 onset=1.053>=0.014
2025-12-05 20:36:52 [tracker] [s3] release-retrigger t=17.328 onset=0.515 gate=0.039 age=0.213
2025-12-05 20:36:52 [tracker] [s3] note-ended t=17.328 fret=5 dur=0.213
2025-12-05 20:36:52 [tracker] [s4] onset t=17.403 env=0.04600 baseline=0.02480 gate=0.00422 envFloor=0.01736 onset=1.059>=0.014
2025-12-05 20:36:52 [tracker] [s4] note-start t=17.403 fret=5 midi=60 vel=0.55 env=0.04600
2025-12-05 20:36:52 [tracker] [s3] onset t=17.467 env=0.04104 baseline=0.05262 gate=0.00684 envFloor=0.01848 onset=0.920>=0.012
2025-12-05 20:36:52 [tracker] [s3] note-start t=17.467 fret=0 midi=50 vel=0.49 env=0.04104
2025-12-05 20:36:52 [tracker] [s4] release-retrigger t=17.467 onset=0.759 gate=0.025 age=0.064
2025-12-05 20:36:52 [tracker] [s4] note-ended t=17.467 fret=5 dur=0.064
2025-12-05 20:36:52 [tracker] [s3] onset t=17.552 env=0.03561 baseline=0.03548 gate=0.00461 envFloor=0.01750 onset=1.050>=0.012
2025-12-05 20:36:52 [tracker] [s3] note-ended (new onset) t=17.552 fret=0 dur=0.085
2025-12-05 20:36:52 [tracker] [s3] note-start t=17.552 fret=7 midi=57 vel=0.43 env=0.03561
2025-12-05 20:36:52 [tracker] [s3] onset t=17.701 env=0.02582 baseline=0.02988 gate=0.00388 envFloor=0.01516 onset=0.878>=0.012
2025-12-05 20:36:52 [tracker] [s3] note-start t=17.701 fret=7 midi=57 vel=0.31 env=0.02582
2025-12-05 20:36:52 [tracker] [s3] onset t=17.797 env=0.02188 baseline=0.02222 gate=0.00289 envFloor=0.01355 onset=1.378>=0.012
2025-12-05 20:36:52 [tracker] [s3] note-ended (new onset) t=17.797 fret=7 dur=0.096
2025-12-05 20:36:52 [tracker] [s3] note-start t=17.797 fret=7 midi=57 vel=0.26 env=0.02188
2025-12-05 20:36:52 [tracker] [s3] release-retrigger t=17.915 onset=0.518 gate=0.020 age=0.117
2025-12-05 20:36:52 [tracker] [s3] note-ended t=17.915 fret=7 dur=0.117
2025-12-05 20:36:52 [tracker] [s6] onset t=17.915 env=0.04878 baseline=0.01013 gate=0.00253 envFloor=0.00429 onset=1.289>=0.018
2025-12-05 20:36:52 [tracker] [s1] onset t=17.936 env=0.01273 baseline=0.02886 gate=0.00159 envFloor=0.00533 onset=1.485>=0.006
2025-12-05 20:36:53 [tracker] [s1] onset t=18.224 env=0.07639 baseline=0.02992 gate=0.00165 envFloor=0.02094 onset=0.695>=0.006
2025-12-05 20:36:53 [tracker] [s2] onset t=18.224 env=0.05059 baseline=0.03033 gate=0.00303 envFloor=0.01013 onset=0.998>=0.009
2025-12-05 20:36:53 [tracker] [s1] onset t=18.395 env=0.06366 baseline=0.03716 gate=0.00204 envFloor=0.02602 onset=1.142>=0.006
2025-12-05 20:36:53 [tracker] [s1] note-start t=18.395 fret=5 midi=45 vel=0.76 env=0.06366
2025-12-05 20:36:53 [tracker] [s1] onset t=18.544 env=0.02633 baseline=0.05341 gate=0.00294 envFloor=0.02360 onset=1.437>=0.006
2025-12-05 20:36:53 [tracker] [s1] note-ended (new onset) t=18.544 fret=5 dur=0.149
2025-12-05 20:36:53 [tracker] [s1] note-start t=18.544 fret=5 midi=45 vel=0.32 env=0.02633
2025-12-05 20:36:53 [tracker] [s2] onset t=18.544 env=0.01335 baseline=0.02610 gate=0.00261 envFloor=0.01313 onset=0.854>=0.009
2025-12-05 20:36:53 [tracker] [s2] note-start t=18.544 fret=7 midi=52 vel=0.16 env=0.01335
2025-12-05 20:36:53 [tracker] [s4] onset t=18.576 env=0.00712 baseline=0.02385 gate=0.00405 envFloor=0.00670 onset=1.248>=0.014
2025-12-05 20:36:53 [tracker] [s6] onset t=18.576 env=0.01456 baseline=0.00743 gate=0.00186 envFloor=0.00404 onset=1.138>=0.018
2025-12-05 20:36:53 [tracker] [s2] release-retrigger t=18.608 onset=1.124 gate=0.024 age=0.064
2025-12-05 20:36:53 [tracker] [s2] note-ended t=18.608 fret=7 dur=0.064
2025-12-05 20:36:53 [tracker] [s1] release-quiet t=18.843 avgEnv=0.00014 floor=0.00854 quietFrames=8
2025-12-05 20:36:53 [tracker] [s1] note-ended t=18.843 fret=5 dur=0.299
2025-12-05 20:36:54 [tracker] [s1] onset t=19.152 env=0.02524 baseline=0.02803 gate=0.00154 envFloor=0.01962 onset=1.400>=0.006
2025-12-05 20:36:54 [tracker] [s1] onset t=19.440 env=0.18287 baseline=0.05110 gate=0.00281 envFloor=0.03577 onset=1.416>=0.006
2025-12-05 20:36:54 [tracker] [s2] onset t=19.451 env=0.02908 baseline=0.01333 gate=0.00133 envFloor=0.00933 onset=1.293>=0.009
2025-12-05 20:36:54 [tracker] [s1] onset t=19.547 env=0.14880 baseline=0.07003 gate=0.00385 envFloor=0.04902 onset=0.666>=0.006
2025-12-05 20:36:54 [tracker] [s1] note-start t=19.547 fret=5 midi=45 vel=1.00 env=0.14880
2025-12-05 20:36:54 [tracker] [s1] onset t=19.611 env=0.13510 baseline=0.12996 gate=0.00715 envFloor=0.04917 onset=0.847>=0.006
2025-12-05 20:36:54 [tracker] [s1] note-ended (new onset) t=19.611 fret=5 dur=0.064
2025-12-05 20:36:54 [tracker] [s1] note-start t=19.611 fret=5 midi=45 vel=1.00 env=0.13510
2025-12-05 20:36:54 [tracker] [s1] onset t=19.675 env=0.12219 baseline=0.11799 gate=0.00649 envFloor=0.04776 onset=0.937>=0.006
2025-12-05 20:36:54 [tracker] [s1] note-ended (new onset) t=19.675 fret=5 dur=0.064
2025-12-05 20:36:54 [tracker] [s1] note-start t=19.675 fret=5 midi=45 vel=1.00 env=0.12219
2025-12-05 20:36:54 [tracker] [s6] onset t=19.739 env=0.00535 baseline=0.00475 gate=0.00119 envFloor=0.00404 onset=1.281>=0.018
2025-12-05 20:36:54 [tracker] [s1] onset t=19.909 env=0.10259 baseline=0.09848 gate=0.00542 envFloor=0.03688 onset=1.424>=0.006
2025-12-05 20:36:54 [tracker] [s1] note-ended (new onset) t=19.909 fret=5 dur=0.235
2025-12-05 20:36:54 [tracker] [s2] onset t=19.920 env=0.19923 baseline=0.05526 gate=0.00553 envFloor=0.03869 onset=1.316>=0.009
2025-12-05 20:36:54 [tracker] [s3] onset t=19.931 env=0.04819 baseline=0.02121 gate=0.00276 envFloor=0.01485 onset=0.566>=0.012
2025-12-05 20:36:54 [tracker] [s3] onset t=20.016 env=0.04831 baseline=0.02290 gate=0.00298 envFloor=0.01603 onset=1.042>=0.012
2025-12-05 20:36:54 [tracker] [s3] note-start t=20.016 fret=10 midi=60 vel=0.58 env=0.04831
2025-12-05 20:36:54 [tracker] [s2] onset t=20.037 env=0.16987 baseline=0.08434 gate=0.00843 envFloor=0.05904 onset=0.869>=0.009
2025-12-05 20:36:54 [tracker] [s2] note-start t=20.037 fret=10 midi=55 vel=1.00 env=0.16987
2025-12-05 20:36:55 [tracker] [s1] onset t=20.091 env=0.10756 baseline=0.09044 gate=0.00497 envFloor=0.03705 onset=0.914>=0.006
2025-12-05 20:36:55 [tracker] [s1] note-start t=20.091 fret=8 midi=48 vel=1.00 env=0.10756
2025-12-05 20:36:55 [tracker] [s2] onset t=20.112 env=0.14908 baseline=0.14761 gate=0.01476 envFloor=0.05864 onset=0.738>=0.009
2025-12-05 20:36:55 [tracker] [s2] note-ended (new onset) t=20.112 fret=10 dur=0.075
2025-12-05 20:36:55 [tracker] [s2] note-start t=20.112 fret=10 midi=55 vel=1.00 env=0.14908
2025-12-05 20:36:55 [tracker] [s1] onset t=20.261 env=0.08821 baseline=0.08934 gate=0.00491 envFloor=0.03435 onset=0.544>=0.006
2025-12-05 20:36:55 [tracker] [s1] note-ended (new onset) t=20.261 fret=8 dur=0.171
2025-12-05 20:36:55 [tracker] [s1] note-start t=20.261 fret=8 midi=48 vel=1.00 env=0.08821
2025-12-05 20:36:55 [tracker] [s5] onset t=20.336 env=0.04712 baseline=0.01271 gate=0.00267 envFloor=0.01053 onset=0.821>=0.016
2025-12-05 20:36:55 [tracker] [s2] release-retrigger t=20.347 onset=0.583 gate=0.098 age=0.235
2025-12-05 20:36:55 [tracker] [s2] note-ended t=20.347 fret=10 dur=0.235
2025-12-05 20:36:55 [tracker] [s3] onset t=20.347 env=0.10760 baseline=0.03722 gate=0.00484 envFloor=0.01815 onset=0.508>=0.012
2025-12-05 20:36:55 [tracker] [s3] note-ended (new onset) t=20.347 fret=10 dur=0.331
2025-12-05 20:36:55 [tracker] [s3] note-start t=20.347 fret=10 midi=60 vel=1.00 env=0.10760
2025-12-05 20:36:55 [tracker] [s1] onset t=20.368 env=0.06408 baseline=0.07551 gate=0.00415 envFloor=0.03427 onset=1.176>=0.006
2025-12-05 20:36:55 [tracker] [s1] note-ended (new onset) t=20.368 fret=8 dur=0.107
2025-12-05 20:36:55 [tracker] [s1] note-start t=20.368 fret=8 midi=48 vel=0.77 env=0.06408
2025-12-05 20:36:55 [tracker] [s3] onset t=20.464 env=0.08324 baseline=0.09164 gate=0.01191 envFloor=0.02893 onset=1.109>=0.012
2025-12-05 20:36:55 [tracker] [s3] note-ended (new onset) t=20.464 fret=10 dur=0.117
2025-12-05 20:36:55 [tracker] [s3] note-start t=20.464 fret=10 midi=60 vel=1.00 env=0.08324
2025-12-05 20:36:55 [tracker] [s1] onset t=20.475 env=0.06540 baseline=0.05485 gate=0.00302 envFloor=0.03132 onset=0.869>=0.006
2025-12-05 20:36:55 [tracker] [s1] note-ended (new onset) t=20.475 fret=8 dur=0.107
2025-12-05 20:36:55 [tracker] [s1] note-start t=20.475 fret=8 midi=48 vel=0.78 env=0.06540
2025-12-05 20:36:55 [tracker] [s3] onset t=20.539 env=0.05916 baseline=0.07233 gate=0.00940 envFloor=0.02819 onset=0.871>=0.012
2025-12-05 20:36:55 [tracker] [s3] note-ended (new onset) t=20.539 fret=10 dur=0.075
2025-12-05 20:36:55 [tracker] [s1] onset t=20.613 env=0.06143 baseline=0.05515 gate=0.00303 envFloor=0.02868 onset=0.901>=0.006
2025-12-05 20:36:55 [tracker] [s1] note-ended (new onset) t=20.613 fret=8 dur=0.139
2025-12-05 20:36:55 [tracker] [s1] note-start t=20.613 fret=10 midi=50 vel=0.74 env=0.06143
2025-12-05 20:36:55 [tracker] [s1] onset t=20.699 env=0.03814 baseline=0.05312 gate=0.00292 envFloor=0.02616 onset=0.823>=0.006
2025-12-05 20:36:55 [tracker] [s1] note-ended (new onset) t=20.699 fret=10 dur=0.085
2025-12-05 20:36:55 [tracker] [s1] note-start t=20.699 fret=10 midi=50 vel=0.46 env=0.03814
2025-12-05 20:36:55 [tracker] [s2] onset t=20.709 env=0.02991 baseline=0.10134 gate=0.01013 envFloor=0.02269 onset=1.160>=0.009
2025-12-05 20:36:55 [tracker] [s2] note-start t=20.709 fret=12 midi=57 vel=0.36 env=0.02991
2025-12-05 20:36:55 [tracker] [s3] onset t=20.720 env=0.02944 baseline=0.06642 gate=0.00863 envFloor=0.02005 onset=0.760>=0.012
2025-12-05 20:36:55 [tracker] [s3] onset t=20.805 env=0.02659 baseline=0.06381 gate=0.00830 envFloor=0.01780 onset=1.082>=0.012
2025-12-05 20:36:55 [tracker] [s3] note-start t=20.805 fret=13 midi=63 vel=0.32 env=0.02659
2025-12-05 20:36:55 [tracker] [s1] onset t=20.986 env=0.16107 baseline=0.06280 gate=0.00345 envFloor=0.04396 onset=1.313>=0.006
2025-12-05 20:36:55 [tracker] [s1] note-ended (new onset) t=20.986 fret=10 dur=0.288
2025-12-05 20:36:55 [tracker] [s2] onset t=20.997 env=0.14709 baseline=0.05007 gate=0.00501 envFloor=0.03505 onset=1.106>=0.009
2025-12-05 20:36:55 [tracker] [s2] note-ended (new onset) t=20.997 fret=12 dur=0.288
2025-12-05 20:36:55 [tracker] [s2] note-start t=20.997 fret=12 midi=57 vel=1.00 env=0.14709
2025-12-05 20:36:55 [tracker] [s3] onset t=20.997 env=0.09222 baseline=0.03772 gate=0.00490 envFloor=0.02641 onset=1.377>=0.012
2025-12-05 20:36:55 [tracker] [s3] note-ended (new onset) t=20.997 fret=13 dur=0.192
2025-12-05 20:36:55 [tracker] [s3] note-start t=20.997 fret=12 midi=62 vel=1.00 env=0.09222
2025-12-05 20:36:55 [tracker] [s2] onset t=21.082 env=0.12262 baseline=0.12718 gate=0.01272 envFloor=0.04106 onset=1.222>=0.009
2025-12-05 20:36:55 [tracker] [s2] note-ended (new onset) t=21.082 fret=12 dur=0.085
2025-12-05 20:36:55 [tracker] [s2] note-start t=21.082 fret=12 midi=57 vel=1.00 env=0.12262
2025-12-05 20:36:56 [tracker] [s1] onset t=21.136 env=0.10002 baseline=0.06522 gate=0.00359 envFloor=0.04566 onset=1.134>=0.006
2025-12-05 20:36:56 [tracker] [s1] note-start t=21.136 fret=10 midi=50 vel=1.00 env=0.10002
2025-12-05 20:36:56 [tracker] [s2] onset t=21.157 env=0.09511 baseline=0.10655 gate=0.01066 envFloor=0.04013 onset=1.174>=0.009
2025-12-05 20:36:56 [tracker] [s2] note-ended (new onset) t=21.157 fret=12 dur=0.075
2025-12-05 20:36:56 [tracker] [s2] note-start t=21.157 fret=12 midi=57 vel=1.00 env=0.09511
2025-12-05 20:36:56 [tracker] [s1] onset t=21.285 env=0.06557 baseline=0.08392 gate=0.00462 envFloor=0.04105 onset=1.430>=0.006
2025-12-05 20:36:56 [tracker] [s1] note-ended (new onset) t=21.285 fret=10 dur=0.149
2025-12-05 20:36:56 [tracker] [s1] note-start t=21.285 fret=10 midi=50 vel=0.79 env=0.06557
2025-12-05 20:36:56 [tracker] [s2] onset t=21.296 env=0.07214 baseline=0.08020 gate=0.00802 envFloor=0.03672 onset=1.428>=0.009
2025-12-05 20:36:56 [tracker] [s2] note-ended (new onset) t=21.296 fret=12 dur=0.139
2025-12-05 20:36:56 [tracker] [s2] note-start t=21.296 fret=12 midi=57 vel=0.87 env=0.07214
2025-12-05 20:36:56 [tracker] [s3] onset t=21.306 env=0.06356 baseline=0.07177 gate=0.00933 envFloor=0.02630 onset=1.297>=0.012
2025-12-05 20:36:56 [tracker] [s3] note-ended (new onset) t=21.306 fret=12 dur=0.309
2025-12-05 20:36:56 [tracker] [s3] note-start t=21.306 fret=12 midi=62 vel=0.76 env=0.06356
2025-12-05 20:36:56 [tracker] [s1] onset t=21.381 env=0.05262 baseline=0.05641 gate=0.00310 envFloor=0.03661 onset=1.227>=0.006
2025-12-05 20:36:56 [tracker] [s1] note-ended (new onset) t=21.381 fret=10 dur=0.096
2025-12-05 20:36:56 [tracker] [s1] note-start t=21.381 fret=10 midi=50 vel=0.63 env=0.05262
2025-12-05 20:36:56 [tracker] [s1] onset t=21.488 env=0.05241 baseline=0.04584 gate=0.00252 envFloor=0.03209 onset=0.998>=0.006
2025-12-05 20:36:56 [tracker] [s1] note-ended (new onset) t=21.488 fret=10 dur=0.107
2025-12-05 20:36:56 [tracker] [s3] onset t=21.509 env=0.05660 baseline=0.05200 gate=0.00676 envFloor=0.02399 onset=0.994>=0.012
2025-12-05 20:36:56 [tracker] [s3] note-ended (new onset) t=21.509 fret=12 dur=0.203
2025-12-05 20:36:56 [tracker] [s3] note-start t=21.509 fret=12 midi=62 vel=0.68 env=0.05660
2025-12-05 20:36:56 [tracker] [s1] onset t=21.594 env=0.15842 baseline=0.06427 gate=0.00353 envFloor=0.04499 onset=1.425>=0.006
2025-12-05 20:36:56 [tracker] [s1] note-ended (new onset) t=21.594 fret=10 dur=0.107
2025-12-05 20:36:56 [tracker] [s1] note-start t=21.594 fret=10 midi=50 vel=1.00 env=0.15842
2025-12-05 20:36:56 [tracker] [s2] onset t=21.605 env=0.26868 baseline=0.08630 gate=0.00863 envFloor=0.06041 onset=1.209>=0.009
2025-12-05 20:36:56 [tracker] [s2] note-ended (new onset) t=21.605 fret=12 dur=0.309
2025-12-05 20:36:56 [tracker] [s2] note-start t=21.605 fret=12 midi=57 vel=1.00 env=0.26868
2025-12-05 20:36:56 [tracker] [s3] onset t=21.605 env=0.24135 baseline=0.07506 gate=0.00976 envFloor=0.05254 onset=1.396>=0.012
2025-12-05 20:36:56 [tracker] [s3] note-ended (new onset) t=21.605 fret=12 dur=0.096
2025-12-05 20:36:56 [tracker] [s3] note-start t=21.605 fret=12 midi=62 vel=1.00 env=0.24135
2025-12-05 20:36:56 [tracker] [s5] onset t=21.616 env=0.01907 baseline=0.01703 gate=0.00358 envFloor=0.01192 onset=1.189>=0.016
2025-12-05 20:36:56 [tracker] [s2] onset t=21.690 env=0.22393 baseline=0.23231 gate=0.02323 envFloor=0.07434 onset=1.007>=0.009
2025-12-05 20:36:56 [tracker] [s2] note-ended (new onset) t=21.690 fret=12 dur=0.085
2025-12-05 20:36:56 [tracker] [s2] note-start t=21.690 fret=12 midi=57 vel=1.00 env=0.22393
2025-12-05 20:36:56 [tracker] [s3] onset t=21.701 env=0.16072 baseline=0.20763 gate=0.02699 envFloor=0.06230 onset=0.677>=0.012
2025-12-05 20:36:56 [tracker] [s3] note-ended (new onset) t=21.701 fret=12 dur=0.096
2025-12-05 20:36:56 [tracker] [s3] note-start t=21.701 fret=12 midi=62 vel=1.00 env=0.16072
2025-12-05 20:36:56 [tracker] [s2] onset t=21.765 env=0.18438 baseline=0.19459 gate=0.01946 envFloor=0.07366 onset=0.758>=0.009
2025-12-05 20:36:56 [tracker] [s2] note-ended (new onset) t=21.765 fret=12 dur=0.075
2025-12-05 20:36:56 [tracker] [s2] note-start t=21.765 fret=12 midi=57 vel=1.00 env=0.18438
2025-12-05 20:36:56 [tracker] [s2] onset t=21.850 env=0.14104 baseline=0.15942 gate=0.01594 envFloor=0.07017 onset=0.966>=0.009
2025-12-05 20:36:56 [tracker] [s2] note-ended (new onset) t=21.850 fret=12 dur=0.085
2025-12-05 20:36:56 [tracker] [s2] note-start t=21.850 fret=12 midi=57 vel=1.00 env=0.14104
2025-12-05 20:36:56 [tracker] [s3] onset t=21.882 env=0.12098 baseline=0.13283 gate=0.01727 envFloor=0.05681 onset=1.293>=0.012
2025-12-05 20:36:56 [tracker] [s3] note-ended (new onset) t=21.882 fret=12 dur=0.181
2025-12-05 20:36:56 [tracker] [s3] note-start t=21.882 fret=12 midi=62 vel=1.00 env=0.12098
2025-12-05 20:36:56 [tracker] [s4] onset t=21.893 env=0.01952 baseline=0.01143 gate=0.00194 envFloor=0.00800 onset=1.164>=0.014
2025-12-05 20:36:56 [tracker] [s2] release-retrigger t=21.904 onset=0.767 gate=0.137 age=0.053
2025-12-05 20:36:56 [tracker] [s2] note-ended t=21.904 fret=12 dur=0.053
2025-12-05 20:36:56 [tracker] [s1] onset t=21.914 env=0.09740 baseline=0.12267 gate=0.00675 envFloor=0.04531 onset=0.532>=0.006
2025-12-05 20:36:56 [tracker] [s1] note-ended (new onset) t=21.914 fret=10 dur=0.320
2025-12-05 20:36:56 [tracker] [s1] note-start t=21.914 fret=10 midi=50 vel=1.00 env=0.09740
2025-12-05 20:36:56 [tracker] [s1] onset t=22.010 env=0.07634 baseline=0.08379 gate=0.00461 envFloor=0.04104 onset=0.989>=0.006
2025-12-05 20:36:56 [tracker] [s1] note-ended (new onset) t=22.010 fret=10 dur=0.096
2025-12-05 20:36:56 [tracker] [s1] note-start t=22.010 fret=10 midi=50 vel=0.92 env=0.07634
2025-12-05 20:36:56 [tracker] [s3] release-quiet t=22.010 avgEnv=0.03462 floor=0.05025 quietFrames=8
2025-12-05 20:36:56 [tracker] [s3] note-ended t=22.010 fret=12 dur=0.128
2025-12-05 20:36:56 [tracker] [s1] onset t=22.074 env=0.06132 baseline=0.06667 gate=0.00367 envFloor=0.03823 onset=1.047>=0.006
2025-12-05 20:36:56 [tracker] [s1] note-ended (new onset) t=22.074 fret=10 dur=0.064
2025-12-05 20:36:56 [tracker] [s1] note-start t=22.074 fret=10 midi=50 vel=0.74 env=0.06132
2025-12-05 20:36:56 [tracker] [s2] onset t=22.096 env=0.12204 baseline=0.11312 gate=0.01131 envFloor=0.05931 onset=0.578>=0.009
2025-12-05 20:36:56 [tracker] [s2] note-start t=22.096 fret=12 midi=57 vel=1.00 env=0.12204
2025-12-05 20:36:57 [tracker] [s1] onset t=22.202 env=0.25206 baseline=0.08137 gate=0.00448 envFloor=0.05696 onset=1.375>=0.006
2025-12-05 20:36:57 [tracker] [s1] note-ended (new onset) t=22.202 fret=10 dur=0.128
2025-12-05 20:36:57 [tracker] [s1] note-start t=22.202 fret=10 midi=50 vel=1.00 env=0.25206
2025-12-05 20:36:57 [tracker] [s6] onset t=22.202 env=0.00600 baseline=0.00570 gate=0.00142 envFloor=0.00404 onset=1.213>=0.018
2025-12-05 20:36:57 [tracker] [s2] onset t=22.213 env=0.19562 baseline=0.10394 gate=0.01039 envFloor=0.06373 onset=1.103>=0.009
2025-12-05 20:36:57 [tracker] [s2] note-ended (new onset) t=22.213 fret=12 dur=0.117
2025-12-05 20:36:57 [tracker] [s2] note-start t=22.213 fret=12 midi=57 vel=1.00 env=0.19562
2025-12-05 20:36:57 [tracker] [s3] onset t=22.213 env=0.21405 baseline=0.09321 gate=0.01212 envFloor=0.05490 onset=1.335>=0.012
2025-12-05 20:36:57 [tracker] [s3] note-start t=22.213 fret=12 midi=62 vel=1.00 env=0.21405
2025-12-05 20:36:57 [tracker] [s5] onset t=22.224 env=0.01243 baseline=0.01669 gate=0.00350 envFloor=0.01168 onset=0.638>=0.016
2025-12-05 20:36:57 [tracker] [s3] onset t=22.320 env=0.16642 baseline=0.18323 gate=0.02382 envFloor=0.06169 onset=0.521>=0.012
2025-12-05 20:36:57 [tracker] [s3] note-ended (new onset) t=22.320 fret=12 dur=0.107
2025-12-05 20:36:57 [tracker] [s3] note-start t=22.320 fret=12 midi=62 vel=1.00 env=0.16642
2025-12-05 20:36:57 [tracker] [s1] onset t=22.341 env=0.15611 baseline=0.21254 gate=0.01169 envFloor=0.06768 onset=1.411>=0.006
2025-12-05 20:36:57 [tracker] [s1] note-ended (new onset) t=22.341 fret=10 dur=0.139
2025-12-05 20:36:57 [tracker] [s1] note-start t=22.341 fret=10 midi=50 vel=1.00 env=0.15611
2025-12-05 20:36:57 [tracker] [s2] onset t=22.352 env=0.14468 baseline=0.16495 gate=0.01649 envFloor=0.06286 onset=1.383>=0.009
2025-12-05 20:36:57 [tracker] [s2] note-ended (new onset) t=22.352 fret=12 dur=0.139
2025-12-05 20:36:57 [tracker] [s2] note-start t=22.352 fret=12 midi=57 vel=1.00 env=0.14468
2025-12-05 20:36:57 [tracker] [s2] onset t=22.426 env=0.08241 baseline=0.12572 gate=0.01257 envFloor=0.05902 onset=0.981>=0.009
2025-12-05 20:36:57 [tracker] [s2] note-ended (new onset) t=22.426 fret=12 dur=0.075
2025-12-05 20:36:57 [tracker] [s2] note-start t=22.426 fret=12 midi=57 vel=0.99 env=0.08241
2025-12-05 20:36:57 [tracker] [s3] release-retrigger t=22.469 onset=0.841 gate=0.095 age=0.149
2025-12-05 20:36:57 [tracker] [s3] note-ended t=22.469 fret=12 dur=0.149
2025-12-05 20:36:57 [tracker] [s2] release-retrigger t=22.501 onset=1.400 gate=0.099 age=0.075
2025-12-05 20:36:57 [tracker] [s2] note-ended t=22.501 fret=12 dur=0.075
2025-12-05 20:36:57 [tracker] [s6] onset t=22.565 env=0.00531 baseline=0.00475 gate=0.00119 envFloor=0.00404 onset=0.875>=0.018
2025-12-05 20:36:57 [tracker] [s1] release-quiet t=22.640 avgEnv=0.01444 floor=0.03160 quietFrames=8
2025-12-05 20:36:57 [tracker] [s1] note-ended t=22.640 fret=10 dur=0.299
2025-12-05 20:36:57 [tracker] [s6] onset t=22.704 env=0.00618 baseline=0.00475 gate=0.00119 envFloor=0.00404 onset=1.228>=0.018
2025-12-05 20:36:57 [tracker] [s1] onset t=22.810 env=0.05095 baseline=0.11269 gate=0.00620 envFloor=0.02665 onset=0.793>=0.006
2025-12-05 20:36:58 [tracker] [s1] onset t=23.109 env=0.01984 baseline=0.09793 gate=0.00539 envFloor=0.01793 onset=1.303>=0.006
2025-12-05 20:36:58 [tracker] [s2] onset t=23.130 env=0.01209 baseline=0.05328 gate=0.00533 envFloor=0.00992 onset=0.755>=0.009
2025-12-05 20:36:58 [tracker] [s2] onset t=23.333 env=0.14697 baseline=0.04844 gate=0.00484 envFloor=0.01331 onset=0.771>=0.009
2025-12-05 20:36:58 [tracker] [s2] note-start t=23.333 fret=5 midi=50 vel=1.00 env=0.14697
2025-12-05 20:36:58 [tracker] [s6] onset t=23.344 env=0.01310 baseline=0.00475 gate=0.00119 envFloor=0.00404 onset=1.295>=0.018
2025-12-05 20:36:58 [tracker] [s3] onset t=23.386 env=0.17674 baseline=0.09073 gate=0.01180 envFloor=0.03774 onset=1.334>=0.012
2025-12-05 20:36:58 [test-mode] stop session='live/Test2' position=0.00 duration=53.29
