# SignalAssistant session log
# Started at 2025-12-26 01:22:57
2025-12-26 01:22:57 [session] mode=recorded session='20251226-010649 S1 F0 F1' path='/home/general/SignalAssistant/sessions/live/20251226-010649 S1 F0 F1' duration=10.60 files=6
2025-12-26 01:22:57 [tracker-settings] TrackerConfig onsetThreshold=0.02000 minNoteDurSec=0.045 hopSec=0.010 slideDelta=120.0 bendDelta=35.0
2025-12-26 01:22:57 [tracker-settings] string1 midi=40 lowCut=77.50Hz highCut=160.00Hz baseline=0.001000 gateRatio=0.05500 envFloor=0.001500 sustainScale=0.580 retriggerScale=1.400 pitchTol=0.400 onsetScale=0.360
2025-12-26 01:22:57 [tracker-settings] string2 midi=45 lowCut=102.50Hz highCut=215.00Hz baseline=0.001200 gateRatio=0.10000 envFloor=0.001800 sustainScale=0.700 retriggerScale=1.250 pitchTol=0.400 onsetScale=0.610
2025-12-26 01:22:57 [tracker-settings] string3 midi=50 lowCut=137.50Hz highCut=290.00Hz baseline=0.001400 gateRatio=0.13000 envFloor=0.002100 sustainScale=0.820 retriggerScale=1.100 pitchTol=0.450 onsetScale=0.930
2025-12-26 01:22:57 [tracker-settings] string4 midi=55 lowCut=187.50Hz highCut=385.00Hz baseline=0.001600 gateRatio=0.17000 envFloor=0.002400 sustainScale=1.000 retriggerScale=1.000 pitchTol=0.440 onsetScale=1.260
2025-12-26 01:22:57 [tracker-settings] string5 midi=59 lowCut=237.50Hz highCut=485.00Hz baseline=0.001800 gateRatio=0.21000 envFloor=0.002700 sustainScale=1.000 retriggerScale=1.000 pitchTol=0.500 onsetScale=1.440
2025-12-26 01:22:57 [tracker-settings] string6 midi=64 lowCut=317.50Hz highCut=650.00Hz baseline=0.002000 gateRatio=0.25000 envFloor=0.003000 sustainScale=1.000 retriggerScale=1.000 pitchTol=0.550 onsetScale=1.620
2025-12-26 01:22:57 [calibration] Loaded avgRms/peakRms from legacy calibration file
2025-12-26 01:22:57 [calibration] Calibration profile derived from tuning state
2025-12-26 01:23:00 [test-mode] play session='20251226-010649 S1 F0 F1' position=0.00 duration=10.60
2025-12-26 01:23:02 [detection]      S1F6 ON (onset=0.998 env=0.0719)
2025-12-26 01:23:03 [detection]      S1F6 OFF (sharp-drop: 0.0077 -> 0.0010)
2025-12-26 01:23:05 [detection]      S2F4 ON (onset=0.590 env=0.0054)
2025-12-26 01:23:06 [detection]      S2F4 OFF (sustained-quiet: avgEnv=0.0006 < floor=0.0018)
2025-12-26 01:23:06 [detection]      S1F2 ON (onset=0.746 env=0.3617)
2025-12-26 01:23:06 [detection]      S2F0 ON (onset=1.174 env=0.0086)
2025-12-26 01:23:06 [detection]      S1F2 OFF (retrigger: onset=1.045 ratio=2.71)
2025-12-26 01:23:07 [detection]      S1F2 ON (onset=1.316 env=0.2265)
2025-12-26 01:23:08 [detection]      S2F0 OFF (sustained-quiet: avgEnv=0.0007 < floor=0.0018)
2025-12-26 01:23:08 [detection]      S1F2 OFF (sharp-drop: 0.0129 -> 0.0010)
2025-12-26 01:23:09 [detection]      S1F2 ON (onset=0.798 env=0.0899)
2025-12-26 01:23:09 [detection]      S1F2 OFF (retrigger: onset=0.908 ratio=2.19)
2025-12-26 01:23:09 [detection]      S2F0 ON (onset=1.043 env=0.0079)
2025-12-26 01:23:09 [detection]      S1F2 ON (onset=0.998 env=0.0371)
2025-12-26 01:23:11 [detection]      S2F0 OFF (sustained-quiet: avgEnv=0.0007 < floor=0.0018)
2025-12-26 01:23:11 [detection]      S1F2 OFF (sustained-quiet: avgEnv=0.0008 < floor=0.0010)
2025-12-26 01:23:14 [test-mode] play session='20251226-010649 S1 F0 F1' position=0.00 duration=10.60
2025-12-26 01:23:15 [detection]      S1F6 ON (onset=0.998 env=0.0719)
2025-12-26 01:23:16 [detection]      S1F6 OFF (sharp-drop: 0.0077 -> 0.0010)
2025-12-26 01:23:18 [detection]      S2F4 ON (onset=0.590 env=0.0054)
2025-12-26 01:23:19 [detection]      S2F4 OFF (sustained-quiet: avgEnv=0.0006 < floor=0.0018)
2025-12-26 01:23:20 [detection]      S1F2 ON (onset=0.746 env=0.3617)
2025-12-26 01:23:20 [detection]      S2F0 ON (onset=1.174 env=0.0086)
2025-12-26 01:23:20 [detection]      S1F2 OFF (retrigger: onset=1.045 ratio=2.71)
2025-12-26 01:23:20 [detection]      S1F2 ON (onset=1.316 env=0.2265)
2025-12-26 01:23:21 [detection]      S2F0 OFF (sustained-quiet: avgEnv=0.0007 < floor=0.0018)
2025-12-26 01:23:21 [detection]      S1F2 OFF (sharp-drop: 0.0129 -> 0.0010)
2025-12-26 01:23:22 [detection]      S1F2 ON (onset=0.798 env=0.0899)
2025-12-26 01:23:22 [detection]      S1F2 OFF (retrigger: onset=0.908 ratio=2.19)
2025-12-26 01:23:22 [detection]      S2F0 ON (onset=1.043 env=0.0079)
2025-12-26 01:23:22 [detection]      S1F2 ON (onset=0.998 env=0.0371)
2025-12-26 01:23:24 [detection]      S2F0 OFF (sustained-quiet: avgEnv=0.0007 < floor=0.0018)
2025-12-26 01:23:24 [detection]      S1F2 OFF (sustained-quiet: avgEnv=0.0008 < floor=0.0010)
2025-12-26 01:23:24 [test-mode] play session='20251226-010649 S1 F0 F1' position=0.00 duration=10.60
2025-12-26 01:23:26 [detection]      S1F6 ON (onset=0.998 env=0.0719)
2025-12-26 01:23:27 [detection]      S1F6 OFF (sharp-drop: 0.0077 -> 0.0010)
2025-12-26 01:23:29 [detection]      S2F4 ON (onset=0.590 env=0.0054)
2025-12-26 01:23:30 [detection]      S2F4 OFF (sustained-quiet: avgEnv=0.0006 < floor=0.0018)
2025-12-26 01:23:30 [detection]      S1F2 ON (onset=0.746 env=0.3617)
2025-12-26 01:23:31 [detection]      S2F0 ON (onset=1.174 env=0.0086)
2025-12-26 01:23:31 [detection]      S1F2 OFF (retrigger: onset=1.045 ratio=2.71)
2025-12-26 01:23:31 [detection]      S1F2 ON (onset=1.316 env=0.2265)
2025-12-26 01:23:32 [detection]      S2F0 OFF (sustained-quiet: avgEnv=0.0007 < floor=0.0018)
2025-12-26 01:23:32 [detection]      S1F2 OFF (sharp-drop: 0.0129 -> 0.0010)
2025-12-26 01:23:33 [detection]      S1F2 ON (onset=0.798 env=0.0899)
2025-12-26 01:23:33 [detection]      S1F2 OFF (retrigger: onset=0.908 ratio=2.19)
2025-12-26 01:23:33 [detection]      S2F0 ON (onset=1.043 env=0.0079)
2025-12-26 01:23:33 [detection]      S1F2 ON (onset=0.998 env=0.0371)
2025-12-26 01:23:35 [detection]      S2F0 OFF (sustained-quiet: avgEnv=0.0007 < floor=0.0018)
2025-12-26 01:23:35 [detection]      S1F2 OFF (sustained-quiet: avgEnv=0.0008 < floor=0.0010)
2025-12-26 01:23:35 [test-mode] play session='20251226-010649 S1 F0 F1' position=0.00 duration=10.60
2025-12-26 01:23:37 [detection]      S1F6 ON (onset=0.998 env=0.0719)
2025-12-26 01:23:38 [detection]      S1F6 OFF (sharp-drop: 0.0077 -> 0.0010)
2025-12-26 01:23:40 [detection]      S2F4 ON (onset=0.590 env=0.0054)
2025-12-26 01:23:41 [detection]      S2F4 OFF (sustained-quiet: avgEnv=0.0006 < floor=0.0018)
2025-12-26 01:23:41 [detection]      S1F2 ON (onset=0.746 env=0.3617)
2025-12-26 01:23:41 [detection]      S2F0 ON (onset=1.174 env=0.0086)
2025-12-26 01:23:41 [detection]      S1F2 OFF (retrigger: onset=1.045 ratio=2.71)
2025-12-26 01:23:42 [detection]      S1F2 ON (onset=1.316 env=0.2265)
2025-12-26 01:23:43 [detection]      S2F0 OFF (sustained-quiet: avgEnv=0.0007 < floor=0.0018)
2025-12-26 01:23:43 [detection]      S1F2 OFF (sharp-drop: 0.0129 -> 0.0010)
2025-12-26 01:23:44 [detection]      S1F2 ON (onset=0.798 env=0.0899)
2025-12-26 01:23:44 [detection]      S1F2 OFF (retrigger: onset=0.908 ratio=2.19)
2025-12-26 01:23:44 [detection]      S2F0 ON (onset=1.043 env=0.0079)
2025-12-26 01:23:44 [detection]      S1F2 ON (onset=0.998 env=0.0371)
2025-12-26 01:23:46 [detection]      S2F0 OFF (sustained-quiet: avgEnv=0.0007 < floor=0.0018)
2025-12-26 01:23:46 [detection]      S1F2 OFF (sustained-quiet: avgEnv=0.0008 < floor=0.0010)
2025-12-26 01:23:46 [test-mode] play session='20251226-010649 S1 F0 F1' position=0.00 duration=10.60
2025-12-26 01:23:48 [detection]      S1F6 ON (onset=0.998 env=0.0719)
2025-12-26 01:23:49 [detection]      S1F6 OFF (sharp-drop: 0.0077 -> 0.0010)
2025-12-26 01:23:50 [detection]      S2F4 ON (onset=0.590 env=0.0054)
2025-12-26 01:23:52 [detection]      S2F4 OFF (sustained-quiet: avgEnv=0.0006 < floor=0.0018)
2025-12-26 01:23:52 [detection]      S1F2 ON (onset=0.746 env=0.3617)
2025-12-26 01:23:52 [detection]      S2F0 ON (onset=1.174 env=0.0086)
2025-12-26 01:23:52 [detection]      S1F2 OFF (retrigger: onset=1.045 ratio=2.71)
2025-12-26 01:23:52 [detection]      S1F2 ON (onset=1.316 env=0.2265)
2025-12-26 01:23:54 [detection]      S2F0 OFF (sustained-quiet: avgEnv=0.0007 < floor=0.0018)
2025-12-26 01:23:54 [detection]      S1F2 OFF (sharp-drop: 0.0129 -> 0.0010)
2025-12-26 01:23:55 [detection]      S1F2 ON (onset=0.798 env=0.0899)
2025-12-26 01:23:55 [detection]      S1F2 OFF (retrigger: onset=0.908 ratio=2.19)
2025-12-26 01:23:55 [detection]      S2F0 ON (onset=1.043 env=0.0079)
2025-12-26 01:23:55 [detection]      S1F2 ON (onset=0.998 env=0.0371)
2025-12-26 01:23:57 [detection]      S2F0 OFF (sustained-quiet: avgEnv=0.0007 < floor=0.0018)
2025-12-26 01:23:57 [detection]      S1F2 OFF (sustained-quiet: avgEnv=0.0008 < floor=0.0010)
2025-12-26 01:23:57 [test-mode] play session='20251226-010649 S1 F0 F1' position=0.00 duration=10.60
2025-12-26 01:23:59 [detection]      S1F6 ON (onset=0.998 env=0.0719)
2025-12-26 01:24:00 [detection]      S1F6 OFF (sharp-drop: 0.0077 -> 0.0010)
2025-12-26 01:24:01 [detection]      S2F4 ON (onset=0.590 env=0.0054)
2025-12-26 01:24:02 [detection]      S2F4 OFF (sustained-quiet: avgEnv=0.0006 < floor=0.0018)
2025-12-26 01:24:03 [detection]      S1F2 ON (onset=0.746 env=0.3617)
2025-12-26 01:24:03 [detection]      S2F0 ON (onset=1.174 env=0.0086)
2025-12-26 01:24:03 [detection]      S1F2 OFF (retrigger: onset=1.045 ratio=2.71)
2025-12-26 01:24:03 [detection]      S1F2 ON (onset=1.316 env=0.2265)
2025-12-26 01:24:05 [detection]      S2F0 OFF (sustained-quiet: avgEnv=0.0007 < floor=0.0018)
2025-12-26 01:24:05 [detection]      S1F2 OFF (sharp-drop: 0.0129 -> 0.0010)
2025-12-26 01:24:05 [detection]      S1F2 ON (onset=0.798 env=0.0899)
2025-12-26 01:24:06 [detection]      S1F2 OFF (retrigger: onset=0.908 ratio=2.19)
2025-12-26 01:24:06 [detection]      S2F0 ON (onset=1.043 env=0.0079)
2025-12-26 01:24:06 [detection]      S1F2 ON (onset=0.998 env=0.0371)
2025-12-26 01:24:08 [detection]      S2F0 OFF (sustained-quiet: avgEnv=0.0007 < floor=0.0018)
2025-12-26 01:24:08 [detection]      S1F2 OFF (sustained-quiet: avgEnv=0.0008 < floor=0.0010)
2025-12-26 01:24:08 [test-mode] play session='20251226-010649 S1 F0 F1' position=0.00 duration=10.60
2025-12-26 01:24:10 [detection]      S1F6 ON (onset=0.998 env=0.0719)
2025-12-26 01:24:11 [detection]      S1F6 OFF (sharp-drop: 0.0077 -> 0.0010)
2025-12-26 01:24:12 [detection]      S2F4 ON (onset=0.590 env=0.0054)
2025-12-26 01:24:13 [detection]      S2F4 OFF (sustained-quiet: avgEnv=0.0006 < floor=0.0018)
2025-12-26 01:24:14 [detection]      S1F2 ON (onset=0.746 env=0.3617)
2025-12-26 01:24:14 [detection]      S2F0 ON (onset=1.174 env=0.0086)
2025-12-26 01:24:14 [detection]      S1F2 OFF (retrigger: onset=1.045 ratio=2.71)
2025-12-26 01:24:14 [detection]      S1F2 ON (onset=1.316 env=0.2265)
2025-12-26 01:24:16 [detection]      S2F0 OFF (sustained-quiet: avgEnv=0.0007 < floor=0.0018)
2025-12-26 01:24:16 [detection]      S1F2 OFF (sharp-drop: 0.0129 -> 0.0010)
2025-12-26 01:24:16 [detection]      S1F2 ON (onset=0.798 env=0.0899)
2025-12-26 01:24:16 [detection]      S1F2 OFF (retrigger: onset=0.908 ratio=2.19)
2025-12-26 01:24:16 [detection]      S2F0 ON (onset=1.043 env=0.0079)
2025-12-26 01:24:17 [detection]      S1F2 ON (onset=0.998 env=0.0371)
2025-12-26 01:24:18 [detection]      S2F0 OFF (sustained-quiet: avgEnv=0.0007 < floor=0.0018)
2025-12-26 01:24:19 [detection]      S1F2 OFF (sustained-quiet: avgEnv=0.0008 < floor=0.0010)
2025-12-26 01:24:19 [test-mode] play session='20251226-010649 S1 F0 F1' position=0.00 duration=10.60
2025-12-26 01:24:20 [detection]      S1F6 ON (onset=0.998 env=0.0719)
2025-12-26 01:24:22 [detection]      S1F6 OFF (sharp-drop: 0.0077 -> 0.0010)
2025-12-26 01:24:23 [detection]      S2F4 ON (onset=0.590 env=0.0054)
2025-12-26 01:24:24 [detection]      S2F4 OFF (sustained-quiet: avgEnv=0.0006 < floor=0.0018)
2025-12-26 01:24:25 [detection]      S1F2 ON (onset=0.746 env=0.3617)
2025-12-26 01:24:25 [detection]      S2F0 ON (onset=1.174 env=0.0086)
2025-12-26 01:24:25 [detection]      S1F2 OFF (retrigger: onset=1.045 ratio=2.71)
2025-12-26 01:24:25 [detection]      S1F2 ON (onset=1.316 env=0.2265)
2025-12-26 01:24:27 [detection]      S2F0 OFF (sustained-quiet: avgEnv=0.0007 < floor=0.0018)
2025-12-26 01:24:27 [detection]      S1F2 OFF (sharp-drop: 0.0129 -> 0.0010)
2025-12-26 01:24:27 [detection]      S1F2 ON (onset=0.798 env=0.0899)
2025-12-26 01:24:27 [detection]      S1F2 OFF (retrigger: onset=0.908 ratio=2.19)
2025-12-26 01:24:28 [detection]      S2F0 ON (onset=1.043 env=0.0079)
2025-12-26 01:24:28 [detection]      S1F2 ON (onset=0.998 env=0.0371)
2025-12-26 01:24:30 [detection]      S2F0 OFF (sustained-quiet: avgEnv=0.0007 < floor=0.0018)
2025-12-26 01:24:30 [detection]      S1F2 OFF (sustained-quiet: avgEnv=0.0008 < floor=0.0010)
2025-12-26 01:24:30 [test-mode] play session='20251226-010649 S1 F0 F1' position=0.00 duration=10.60
2025-12-26 01:24:31 [detection]      S1F6 ON (onset=0.998 env=0.0719)
2025-12-26 01:24:33 [detection]      S1F6 OFF (sharp-drop: 0.0077 -> 0.0010)
2025-12-26 01:24:34 [detection]      S2F4 ON (onset=0.590 env=0.0054)
2025-12-26 01:24:35 [detection]      S2F4 OFF (sustained-quiet: avgEnv=0.0006 < floor=0.0018)
2025-12-26 01:24:36 [detection]      S1F2 ON (onset=0.746 env=0.3617)
2025-12-26 01:24:36 [detection]      S2F0 ON (onset=1.174 env=0.0086)
2025-12-26 01:24:36 [detection]      S1F2 OFF (retrigger: onset=1.045 ratio=2.71)
2025-12-26 01:24:36 [detection]      S1F2 ON (onset=1.316 env=0.2265)
2025-12-26 01:24:38 [detection]      S2F0 OFF (sustained-quiet: avgEnv=0.0007 < floor=0.0018)
2025-12-26 01:24:38 [detection]      S1F2 OFF (sharp-drop: 0.0129 -> 0.0010)
2025-12-26 01:24:38 [detection]      S1F2 ON (onset=0.798 env=0.0899)
2025-12-26 01:24:38 [detection]      S1F2 OFF (retrigger: onset=0.908 ratio=2.19)
2025-12-26 01:24:38 [detection]      S2F0 ON (onset=1.043 env=0.0079)
2025-12-26 01:24:39 [detection]      S1F2 ON (onset=0.998 env=0.0371)
2025-12-26 01:24:40 [detection]      S2F0 OFF (sustained-quiet: avgEnv=0.0007 < floor=0.0018)
2025-12-26 01:24:41 [detection]      S1F2 OFF (sustained-quiet: avgEnv=0.0008 < floor=0.0010)
2025-12-26 01:24:41 [test-mode] play session='20251226-010649 S1 F0 F1' position=0.00 duration=10.60
2025-12-26 01:24:42 [detection]      S1F6 ON (onset=0.998 env=0.0719)
2025-12-26 01:24:44 [detection]      S1F6 OFF (sharp-drop: 0.0077 -> 0.0010)
2025-12-26 01:24:45 [detection]      S2F4 ON (onset=0.590 env=0.0054)
2025-12-26 01:24:46 [detection]      S2F4 OFF (sustained-quiet: avgEnv=0.0006 < floor=0.0018)
2025-12-26 01:24:47 [detection]      S1F2 ON (onset=0.746 env=0.3617)
2025-12-26 01:24:47 [detection]      S2F0 ON (onset=1.174 env=0.0086)
2025-12-26 01:24:47 [detection]      S1F2 OFF (retrigger: onset=1.045 ratio=2.71)
2025-12-26 01:24:47 [detection]      S1F2 ON (onset=1.316 env=0.2265)
2025-12-26 01:24:48 [detection]      S2F0 OFF (sustained-quiet: avgEnv=0.0007 < floor=0.0018)
2025-12-26 01:24:49 [detection]      S1F2 OFF (sharp-drop: 0.0129 -> 0.0010)
2025-12-26 01:24:49 [detection]      S1F2 ON (onset=0.798 env=0.0899)
2025-12-26 01:24:49 [detection]      S1F2 OFF (retrigger: onset=0.908 ratio=2.19)
2025-12-26 01:24:49 [detection]      S2F0 ON (onset=1.043 env=0.0079)
2025-12-26 01:24:49 [detection]      S1F2 ON (onset=0.998 env=0.0371)
2025-12-26 01:24:51 [detection]      S2F0 OFF (sustained-quiet: avgEnv=0.0007 < floor=0.0018)
2025-12-26 01:24:51 [detection]      S1F2 OFF (sustained-quiet: avgEnv=0.0008 < floor=0.0010)
2025-12-26 01:24:52 [test-mode] play session='20251226-010649 S1 F0 F1' position=0.00 duration=10.60
2025-12-26 01:24:53 [detection]      S1F6 ON (onset=0.998 env=0.0719)
2025-12-26 01:24:54 [detection]      S1F6 OFF (sharp-drop: 0.0077 -> 0.0010)
2025-12-26 01:24:56 [detection]      S2F4 ON (onset=0.590 env=0.0054)
2025-12-26 01:24:57 [detection]      S2F4 OFF (sustained-quiet: avgEnv=0.0006 < floor=0.0018)
2025-12-26 01:24:58 [detection]      S1F2 ON (onset=0.746 env=0.3617)
2025-12-26 01:24:58 [detection]      S2F0 ON (onset=1.174 env=0.0086)
2025-12-26 01:24:58 [detection]      S1F2 OFF (retrigger: onset=1.045 ratio=2.71)
2025-12-26 01:24:58 [detection]      S1F2 ON (onset=1.316 env=0.2265)
2025-12-26 01:24:59 [detection]      S2F0 OFF (sustained-quiet: avgEnv=0.0007 < floor=0.0018)
2025-12-26 01:24:59 [detection]      S1F2 OFF (sharp-drop: 0.0129 -> 0.0010)
2025-12-26 01:25:00 [detection]      S1F2 ON (onset=0.798 env=0.0899)
2025-12-26 01:25:00 [detection]      S1F2 OFF (retrigger: onset=0.908 ratio=2.19)
2025-12-26 01:25:00 [detection]      S2F0 ON (onset=1.043 env=0.0079)
2025-12-26 01:25:00 [detection]      S1F2 ON (onset=0.998 env=0.0371)
2025-12-26 01:25:02 [detection]      S2F0 OFF (sustained-quiet: avgEnv=0.0007 < floor=0.0018)
2025-12-26 01:25:02 [detection]      S1F2 OFF (sustained-quiet: avgEnv=0.0008 < floor=0.0010)
2025-12-26 01:25:02 [test-mode] play session='20251226-010649 S1 F0 F1' position=0.00 duration=10.60
2025-12-26 01:25:04 [detection]      S1F6 ON (onset=0.998 env=0.0719)
2025-12-26 01:25:05 [detection]      S1F6 OFF (sharp-drop: 0.0077 -> 0.0010)
2025-12-26 01:25:07 [detection]      S2F4 ON (onset=0.590 env=0.0054)
2025-12-26 01:25:08 [detection]      S2F4 OFF (sustained-quiet: avgEnv=0.0006 < floor=0.0018)
2025-12-26 01:25:08 [detection]      S1F2 ON (onset=0.746 env=0.3617)
2025-12-26 01:25:09 [detection]      S2F0 ON (onset=1.174 env=0.0086)
2025-12-26 01:25:09 [detection]      S1F2 OFF (retrigger: onset=1.045 ratio=2.71)
2025-12-26 01:25:09 [detection]      S1F2 ON (onset=1.316 env=0.2265)
2025-12-26 01:25:10 [detection]      S2F0 OFF (sustained-quiet: avgEnv=0.0007 < floor=0.0018)
2025-12-26 01:25:10 [detection]      S1F2 OFF (sharp-drop: 0.0129 -> 0.0010)
2025-12-26 01:25:11 [detection]      S1F2 ON (onset=0.798 env=0.0899)
2025-12-26 01:25:11 [detection]      S1F2 OFF (retrigger: onset=0.908 ratio=2.19)
2025-12-26 01:25:11 [detection]      S2F0 ON (onset=1.043 env=0.0079)
2025-12-26 01:25:11 [detection]      S1F2 ON (onset=0.998 env=0.0371)
2025-12-26 01:25:13 [detection]      S2F0 OFF (sustained-quiet: avgEnv=0.0007 < floor=0.0018)
2025-12-26 01:25:13 [detection]      S1F2 OFF (sustained-quiet: avgEnv=0.0008 < floor=0.0010)
2025-12-26 01:25:13 [test-mode] play session='20251226-010649 S1 F0 F1' position=0.00 duration=10.60
2025-12-26 01:25:15 [detection]      S1F6 ON (onset=0.998 env=0.0719)
2025-12-26 01:25:16 [detection]      S1F6 OFF (sharp-drop: 0.0077 -> 0.0010)
2025-12-26 01:25:18 [detection]      S2F4 ON (onset=0.590 env=0.0054)
2025-12-26 01:25:19 [detection]      S2F4 OFF (sustained-quiet: avgEnv=0.0006 < floor=0.0018)
2025-12-26 01:25:19 [detection]      S1F2 ON (onset=0.746 env=0.3617)
2025-12-26 01:25:20 [detection]      S2F0 ON (onset=1.174 env=0.0086)
2025-12-26 01:25:20 [detection]      S1F2 OFF (retrigger: onset=1.045 ratio=2.71)
2025-12-26 01:25:20 [detection]      S1F2 ON (onset=1.316 env=0.2265)
2025-12-26 01:25:21 [detection]      S2F0 OFF (sustained-quiet: avgEnv=0.0007 < floor=0.0018)
2025-12-26 01:25:21 [detection]      S1F2 OFF (sharp-drop: 0.0129 -> 0.0010)
2025-12-26 01:25:22 [detection]      S1F2 ON (onset=0.798 env=0.0899)
2025-12-26 01:25:22 [detection]      S1F2 OFF (retrigger: onset=0.908 ratio=2.19)
2025-12-26 01:25:22 [detection]      S2F0 ON (onset=1.043 env=0.0079)
2025-12-26 01:25:22 [detection]      S1F2 ON (onset=0.998 env=0.0371)
2025-12-26 01:25:24 [detection]      S2F0 OFF (sustained-quiet: avgEnv=0.0007 < floor=0.0018)
2025-12-26 01:25:24 [detection]      S1F2 OFF (sustained-quiet: avgEnv=0.0008 < floor=0.0010)
2025-12-26 01:25:24 [test-mode] play session='20251226-010649 S1 F0 F1' position=0.00 duration=10.60
2025-12-26 01:25:25 [detection]      S2F14 ON (onset=4.000 env=0.0040)
2025-12-26 01:25:25 [detection]      S1F6 ON (onset=4.000 env=0.0173)
2025-12-26 01:25:27 [detection]      S2F14 OFF (sustained-quiet: avgEnv=0.0006 < floor=0.0018)
2025-12-26 01:25:27 [detection]      S1F6 OFF (sustained-quiet: avgEnv=0.0009 < floor=0.0010)
2025-12-26 01:25:29 [detection]      S2F4 ON (onset=0.599 env=0.0054)
2025-12-26 01:25:30 [detection]      S2F4 OFF (sustained-quiet: avgEnv=0.0006 < floor=0.0018)
2025-12-26 01:25:30 [detection]      S1F2 ON (onset=0.792 env=0.3529)
2025-12-26 01:25:30 [detection]      S2F0 ON (onset=1.174 env=0.0086)
2025-12-26 01:25:30 [detection]      S1F2 OFF (retrigger: onset=0.956 ratio=2.73)
2025-12-26 01:25:30 [detection]      S1F2 ON (onset=1.398 env=0.2219)
2025-12-26 01:25:32 [detection]      S2F0 OFF (sustained-quiet: avgEnv=0.0007 < floor=0.0018)
2025-12-26 01:25:32 [detection]      S1F2 OFF (sharp-drop: 0.0126 -> 0.0010)
2025-12-26 01:25:33 [detection]      S1F2 ON (onset=0.799 env=0.0896)
2025-12-26 01:25:33 [detection]      S2F0 ON (onset=1.043 env=0.0079)
2025-12-26 01:25:33 [detection]      S1F2 OFF (retrigger: onset=1.207 ratio=1.63)
2025-12-26 01:25:33 [detection]      S1F2 ON (onset=0.998 env=0.0373)
2025-12-26 01:25:35 [detection]      S2F0 OFF (sustained-quiet: avgEnv=0.0007 < floor=0.0018)
2025-12-26 01:25:35 [detection]      S1F2 OFF (sustained-quiet: avgEnv=0.0008 < floor=0.0010)
2025-12-26 01:25:35 [test-mode] play session='20251226-010649 S1 F0 F1' position=0.00 duration=10.60
2025-12-26 01:25:36 [detection]      S1F6 ON (onset=0.836 env=0.2021)
2025-12-26 01:25:37 [detection]      S2F2 ON (onset=4.000 env=0.0037)
2025-12-26 01:25:38 [detection]      S2F2 OFF (sustained-quiet: avgEnv=0.0006 < floor=0.0018)
2025-12-26 01:25:38 [detection]      S1F6 OFF (sustained-quiet: avgEnv=0.0009 < floor=0.0010)
2025-12-26 01:25:39 [detection]      S2F4 ON (onset=0.599 env=0.0054)
2025-12-26 01:25:41 [detection]      S2F4 OFF (sustained-quiet: avgEnv=0.0006 < floor=0.0018)
2025-12-26 01:25:41 [detection]      S1F2 ON (onset=0.746 env=0.3617)
2025-12-26 01:25:41 [detection]      S2F0 ON (onset=1.174 env=0.0086)
2025-12-26 01:25:41 [detection]      S1F2 OFF (retrigger: onset=1.045 ratio=2.71)
2025-12-26 01:25:41 [detection]      S1F2 ON (onset=1.316 env=0.2265)
2025-12-26 01:25:43 [detection]      S2F0 OFF (sustained-quiet: avgEnv=0.0007 < floor=0.0018)
2025-12-26 01:25:43 [detection]      S1F2 OFF (sharp-drop: 0.0129 -> 0.0010)
2025-12-26 01:25:44 [detection]      S1F2 ON (onset=0.798 env=0.0899)
2025-12-26 01:25:44 [detection]      S1F2 OFF (retrigger: onset=0.908 ratio=2.19)
2025-12-26 01:25:44 [detection]      S2F0 ON (onset=1.043 env=0.0079)
2025-12-26 01:25:44 [detection]      S1F2 ON (onset=0.998 env=0.0371)
2025-12-26 01:25:46 [detection]      S2F0 OFF (sustained-quiet: avgEnv=0.0007 < floor=0.0018)
2025-12-26 01:25:46 [detection]      S1F2 OFF (sustained-quiet: avgEnv=0.0008 < floor=0.0010)
2025-12-26 01:25:46 [test-mode] play session='20251226-010649 S1 F0 F1' position=0.00 duration=10.60
2025-12-26 01:25:48 [detection]      S1F6 ON (onset=0.998 env=0.0719)
2025-12-26 01:25:49 [detection]      S1F6 OFF (sharp-drop: 0.0077 -> 0.0010)
2025-12-26 01:25:50 [detection]      S2F4 ON (onset=0.590 env=0.0054)
2025-12-26 01:25:51 [detection]      S2F4 OFF (sustained-quiet: avgEnv=0.0006 < floor=0.0018)
2025-12-26 01:25:52 [detection]      S1F2 ON (onset=0.746 env=0.3617)
2025-12-26 01:25:52 [detection]      S2F0 ON (onset=1.174 env=0.0086)
2025-12-26 01:25:52 [detection]      S1F2 OFF (retrigger: onset=1.045 ratio=2.71)
2025-12-26 01:25:52 [detection]      S1F2 ON (onset=1.316 env=0.2265)
2025-12-26 01:25:54 [detection]      S2F0 OFF (sustained-quiet: avgEnv=0.0007 < floor=0.0018)
2025-12-26 01:25:54 [detection]      S1F2 OFF (sharp-drop: 0.0129 -> 0.0010)
2025-12-26 01:25:54 [detection]      S1F2 ON (onset=0.798 env=0.0899)
2025-12-26 01:25:55 [detection]      S1F2 OFF (retrigger: onset=0.908 ratio=2.19)
2025-12-26 01:25:55 [detection]      S2F0 ON (onset=1.043 env=0.0079)
2025-12-26 01:25:55 [detection]      S1F2 ON (onset=0.998 env=0.0371)
2025-12-26 01:25:57 [detection]      S2F0 OFF (sustained-quiet: avgEnv=0.0007 < floor=0.0018)
2025-12-26 01:25:57 [detection]      S1F2 OFF (sustained-quiet: avgEnv=0.0008 < floor=0.0010)
2025-12-26 01:25:57 [test-mode] play session='20251226-010649 S1 F0 F1' position=0.00 duration=10.60
2025-12-26 01:25:59 [detection]      S1F6 ON (onset=0.998 env=0.0719)
2025-12-26 01:26:00 [detection]      S1F6 OFF (sharp-drop: 0.0077 -> 0.0010)
2025-12-26 01:26:01 [detection]      S2F4 ON (onset=0.590 env=0.0054)
2025-12-26 01:26:02 [detection]      S2F4 OFF (sustained-quiet: avgEnv=0.0006 < floor=0.0018)
2025-12-26 01:26:03 [detection]      S1F2 ON (onset=0.746 env=0.3617)
2025-12-26 01:26:03 [detection]      S2F0 ON (onset=1.174 env=0.0086)
2025-12-26 01:26:03 [detection]      S1F2 OFF (retrigger: onset=1.045 ratio=2.71)
2025-12-26 01:26:03 [detection]      S1F2 ON (onset=1.316 env=0.2265)
2025-12-26 01:26:05 [detection]      S2F0 OFF (sustained-quiet: avgEnv=0.0007 < floor=0.0018)
2025-12-26 01:26:05 [detection]      S1F2 OFF (sharp-drop: 0.0129 -> 0.0010)
2025-12-26 01:26:05 [detection]      S1F2 ON (onset=0.798 env=0.0899)
2025-12-26 01:26:06 [detection]      S1F2 OFF (retrigger: onset=0.908 ratio=2.19)
2025-12-26 01:26:06 [detection]      S2F0 ON (onset=1.043 env=0.0079)
2025-12-26 01:26:06 [detection]      S1F2 ON (onset=0.998 env=0.0371)
2025-12-26 01:26:08 [detection]      S2F0 OFF (sustained-quiet: avgEnv=0.0007 < floor=0.0018)
2025-12-26 01:26:08 [detection]      S1F2 OFF (sustained-quiet: avgEnv=0.0008 < floor=0.0010)
2025-12-26 01:26:08 [test-mode] play session='20251226-010649 S1 F0 F1' position=0.00 duration=10.60
2025-12-26 01:26:10 [detection]      S1F6 ON (onset=0.998 env=0.0719)
2025-12-26 01:26:11 [detection]      S1F6 OFF (sharp-drop: 0.0077 -> 0.0010)
2025-12-26 01:26:12 [detection]      S2F4 ON (onset=0.590 env=0.0054)
2025-12-26 01:26:13 [detection]      S2F4 OFF (sustained-quiet: avgEnv=0.0006 < floor=0.0018)
2025-12-26 01:26:14 [detection]      S1F2 ON (onset=0.746 env=0.3617)
2025-12-26 01:26:14 [detection]      S2F0 ON (onset=1.174 env=0.0086)
2025-12-26 01:26:14 [detection]      S1F2 OFF (retrigger: onset=1.045 ratio=2.71)
2025-12-26 01:26:14 [detection]      S1F2 ON (onset=1.316 env=0.2265)
2025-12-26 01:26:16 [detection]      S2F0 OFF (sustained-quiet: avgEnv=0.0007 < floor=0.0018)
2025-12-26 01:26:16 [detection]      S1F2 OFF (sharp-drop: 0.0129 -> 0.0010)
2025-12-26 01:26:16 [detection]      S1F2 ON (onset=0.798 env=0.0899)
2025-12-26 01:26:17 [detection]      S1F2 OFF (retrigger: onset=0.908 ratio=2.19)
2025-12-26 01:26:17 [detection]      S2F0 ON (onset=1.043 env=0.0079)
2025-12-26 01:26:17 [detection]      S1F2 ON (onset=0.998 env=0.0371)
2025-12-26 01:26:19 [detection]      S2F0 OFF (sustained-quiet: avgEnv=0.0007 < floor=0.0018)
2025-12-26 01:26:19 [detection]      S1F2 OFF (sustained-quiet: avgEnv=0.0008 < floor=0.0010)
2025-12-26 01:26:19 [test-mode] play session='20251226-010649 S1 F0 F1' position=0.00 duration=10.60
2025-12-26 01:26:20 [detection]      S1F6 ON (onset=0.998 env=0.0719)
2025-12-26 01:26:22 [detection]      S1F6 OFF (sharp-drop: 0.0077 -> 0.0010)
2025-12-26 01:26:23 [detection]      S2F4 ON (onset=0.590 env=0.0054)
2025-12-26 01:26:24 [detection]      S2F4 OFF (sustained-quiet: avgEnv=0.0006 < floor=0.0018)
2025-12-26 01:26:25 [detection]      S1F2 ON (onset=0.746 env=0.3617)
2025-12-26 01:26:25 [detection]      S2F0 ON (onset=1.174 env=0.0086)
2025-12-26 01:26:25 [detection]      S1F2 OFF (retrigger: onset=1.045 ratio=2.71)
2025-12-26 01:26:25 [detection]      S1F2 ON (onset=1.316 env=0.2265)
2025-12-26 01:26:27 [detection]      S2F0 OFF (sustained-quiet: avgEnv=0.0007 < floor=0.0018)
2025-12-26 01:26:27 [detection]      S1F2 OFF (sharp-drop: 0.0129 -> 0.0010)
2025-12-26 01:26:27 [detection]      S1F2 ON (onset=0.798 env=0.0899)
2025-12-26 01:26:28 [detection]      S1F2 OFF (retrigger: onset=0.908 ratio=2.19)
2025-12-26 01:26:28 [detection]      S2F0 ON (onset=1.043 env=0.0079)
2025-12-26 01:26:28 [detection]      S1F2 ON (onset=0.998 env=0.0371)
2025-12-26 01:26:30 [detection]      S2F0 OFF (sustained-quiet: avgEnv=0.0007 < floor=0.0018)
2025-12-26 01:26:30 [detection]      S1F2 OFF (sustained-quiet: avgEnv=0.0008 < floor=0.0010)
2025-12-26 01:26:30 [test-mode] play session='20251226-010649 S1 F0 F1' position=0.00 duration=10.60
2025-12-26 01:26:32 [detection]      S1F6 ON (onset=0.998 env=0.0719)
2025-12-26 01:26:33 [detection]      S1F6 OFF (sharp-drop: 0.0077 -> 0.0010)
2025-12-26 01:26:34 [detection]      S2F4 ON (onset=0.590 env=0.0054)
2025-12-26 01:26:35 [detection]      S2F4 OFF (sustained-quiet: avgEnv=0.0006 < floor=0.0018)
2025-12-26 01:26:36 [detection]      S1F2 ON (onset=0.746 env=0.3617)
2025-12-26 01:26:36 [detection]      S2F0 ON (onset=1.174 env=0.0086)
2025-12-26 01:26:36 [detection]      S1F2 OFF (retrigger: onset=1.045 ratio=2.71)
2025-12-26 01:26:36 [detection]      S1F2 ON (onset=1.316 env=0.2265)
2025-12-26 01:26:38 [detection]      S2F0 OFF (sustained-quiet: avgEnv=0.0007 < floor=0.0018)
2025-12-26 01:26:38 [detection]      S1F2 OFF (sharp-drop: 0.0129 -> 0.0010)
2025-12-26 01:26:38 [detection]      S1F2 ON (onset=0.798 env=0.0899)
2025-12-26 01:26:39 [detection]      S1F2 OFF (retrigger: onset=0.908 ratio=2.19)
2025-12-26 01:26:39 [detection]      S2F0 ON (onset=1.043 env=0.0079)
2025-12-26 01:26:39 [detection]      S1F2 ON (onset=0.998 env=0.0371)
2025-12-26 01:26:41 [detection]      S2F0 OFF (sustained-quiet: avgEnv=0.0007 < floor=0.0018)
2025-12-26 01:26:41 [detection]      S1F2 OFF (sustained-quiet: avgEnv=0.0008 < floor=0.0010)
2025-12-26 01:26:41 [test-mode] play session='20251226-010649 S1 F0 F1' position=0.00 duration=10.60
2025-12-26 01:26:42 [detection]      S1F6 ON (onset=0.998 env=0.0719)
2025-12-26 01:26:44 [detection]      S1F6 OFF (sharp-drop: 0.0077 -> 0.0010)
2025-12-26 01:26:45 [detection]      S2F4 ON (onset=0.590 env=0.0054)
2025-12-26 01:26:46 [detection]      S2F4 OFF (sustained-quiet: avgEnv=0.0006 < floor=0.0018)
2025-12-26 01:26:47 [detection]      S1F2 ON (onset=0.746 env=0.3617)
2025-12-26 01:26:47 [detection]      S2F0 ON (onset=1.174 env=0.0086)
2025-12-26 01:26:47 [detection]      S1F2 OFF (retrigger: onset=1.045 ratio=2.71)
2025-12-26 01:26:47 [detection]      S1F2 ON (onset=1.316 env=0.2265)
2025-12-26 01:26:49 [detection]      S2F0 OFF (sustained-quiet: avgEnv=0.0007 < floor=0.0018)
2025-12-26 01:26:49 [detection]      S1F2 OFF (sharp-drop: 0.0129 -> 0.0010)
2025-12-26 01:26:49 [detection]      S1F2 ON (onset=0.798 env=0.0899)
2025-12-26 01:26:49 [detection]      S1F2 OFF (retrigger: onset=0.908 ratio=2.19)
2025-12-26 01:26:49 [detection]      S2F0 ON (onset=1.043 env=0.0079)
2025-12-26 01:26:50 [detection]      S1F2 ON (onset=0.998 env=0.0371)
2025-12-26 01:26:51 [detection]      S2F0 OFF (sustained-quiet: avgEnv=0.0007 < floor=0.0018)
2025-12-26 01:26:52 [detection]      S1F2 OFF (sustained-quiet: avgEnv=0.0008 < floor=0.0010)
2025-12-26 01:26:52 [test-mode] play session='20251226-010649 S1 F0 F1' position=0.00 duration=10.60
2025-12-26 01:26:53 [detection]      S1F6 ON (onset=0.998 env=0.0719)
2025-12-26 01:26:55 [detection]      S1F6 OFF (sharp-drop: 0.0077 -> 0.0010)
2025-12-26 01:26:56 [detection]      S2F4 ON (onset=0.590 env=0.0054)
2025-12-26 01:26:57 [detection]      S2F4 OFF (sustained-quiet: avgEnv=0.0006 < floor=0.0018)
2025-12-26 01:26:58 [detection]      S1F2 ON (onset=0.746 env=0.3617)
2025-12-26 01:26:58 [detection]      S2F0 ON (onset=1.174 env=0.0086)
2025-12-26 01:26:58 [detection]      S1F2 OFF (retrigger: onset=1.045 ratio=2.71)
2025-12-26 01:26:58 [detection]      S1F2 ON (onset=1.316 env=0.2265)
2025-12-26 01:27:00 [detection]      S2F0 OFF (sustained-quiet: avgEnv=0.0007 < floor=0.0018)
2025-12-26 01:27:00 [detection]      S1F2 OFF (sharp-drop: 0.0129 -> 0.0010)
2025-12-26 01:27:00 [detection]      S1F2 ON (onset=0.798 env=0.0899)
2025-12-26 01:27:00 [detection]      S1F2 OFF (retrigger: onset=0.908 ratio=2.19)
2025-12-26 01:27:00 [detection]      S2F0 ON (onset=1.043 env=0.0079)
2025-12-26 01:27:00 [detection]      S1F2 ON (onset=0.998 env=0.0371)
2025-12-26 01:27:02 [detection]      S2F0 OFF (sustained-quiet: avgEnv=0.0007 < floor=0.0018)
2025-12-26 01:27:03 [detection]      S1F2 OFF (sustained-quiet: avgEnv=0.0008 < floor=0.0010)
2025-12-26 01:27:03 [test-mode] play session='20251226-010649 S1 F0 F1' position=0.00 duration=10.60
2025-12-26 01:27:04 [detection]      S1F6 ON (onset=0.998 env=0.0719)
2025-12-26 01:27:06 [detection]      S1F6 OFF (sharp-drop: 0.0077 -> 0.0010)
2025-12-26 01:27:07 [detection]      S2F4 ON (onset=0.590 env=0.0054)
2025-12-26 01:27:08 [detection]      S2F4 OFF (sustained-quiet: avgEnv=0.0006 < floor=0.0018)
2025-12-26 01:27:09 [detection]      S1F2 ON (onset=0.746 env=0.3617)
2025-12-26 01:27:09 [detection]      S2F0 ON (onset=1.174 env=0.0086)
2025-12-26 01:27:09 [detection]      S1F2 OFF (retrigger: onset=1.045 ratio=2.71)
2025-12-26 01:27:09 [detection]      S1F2 ON (onset=1.316 env=0.2265)
2025-12-26 01:27:10 [detection]      S2F0 OFF (sustained-quiet: avgEnv=0.0007 < floor=0.0018)
2025-12-26 01:27:10 [detection]      S1F2 OFF (sharp-drop: 0.0129 -> 0.0010)
2025-12-26 01:27:11 [detection]      S1F2 ON (onset=0.798 env=0.0899)
2025-12-26 01:27:11 [detection]      S1F2 OFF (retrigger: onset=0.908 ratio=2.19)
2025-12-26 01:27:11 [detection]      S2F0 ON (onset=1.043 env=0.0079)
2025-12-26 01:27:11 [detection]      S1F2 ON (onset=0.998 env=0.0371)
2025-12-26 01:27:13 [detection]      S2F0 OFF (sustained-quiet: avgEnv=0.0007 < floor=0.0018)
2025-12-26 01:27:13 [detection]      S1F2 OFF (sustained-quiet: avgEnv=0.0008 < floor=0.0010)
2025-12-26 01:27:14 [test-mode] play session='20251226-010649 S1 F0 F1' position=0.00 duration=10.60
2025-12-26 01:27:15 [detection]      S1F6 ON (onset=0.998 env=0.0719)
2025-12-26 01:27:16 [detection]      S1F6 OFF (sharp-drop: 0.0077 -> 0.0010)
2025-12-26 01:27:18 [detection]      S2F4 ON (onset=0.590 env=0.0054)
2025-12-26 01:27:19 [detection]      S2F4 OFF (sustained-quiet: avgEnv=0.0006 < floor=0.0018)
2025-12-26 01:27:20 [detection]      S1F2 ON (onset=0.746 env=0.3617)
2025-12-26 01:27:20 [detection]      S2F0 ON (onset=1.174 env=0.0086)
2025-12-26 01:27:20 [detection]      S1F2 OFF (retrigger: onset=1.045 ratio=2.71)
2025-12-26 01:27:20 [detection]      S1F2 ON (onset=1.316 env=0.2265)
2025-12-26 01:27:21 [detection]      S2F0 OFF (sustained-quiet: avgEnv=0.0007 < floor=0.0018)
2025-12-26 01:27:21 [detection]      S1F2 OFF (sharp-drop: 0.0129 -> 0.0010)
2025-12-26 01:27:22 [detection]      S1F2 ON (onset=0.798 env=0.0899)
2025-12-26 01:27:22 [detection]      S1F2 OFF (retrigger: onset=0.908 ratio=2.19)
2025-12-26 01:27:22 [detection]      S2F0 ON (onset=1.043 env=0.0079)
2025-12-26 01:27:22 [detection]      S1F2 ON (onset=0.998 env=0.0371)
2025-12-26 01:27:24 [detection]      S2F0 OFF (sustained-quiet: avgEnv=0.0007 < floor=0.0018)
2025-12-26 01:27:24 [detection]      S1F2 OFF (sustained-quiet: avgEnv=0.0008 < floor=0.0010)
2025-12-26 01:27:24 [test-mode] play session='20251226-010649 S1 F0 F1' position=0.00 duration=10.60
2025-12-26 01:27:26 [detection]      S1F6 ON (onset=0.998 env=0.0719)
2025-12-26 01:27:27 [detection]      S1F6 OFF (sharp-drop: 0.0077 -> 0.0010)
2025-12-26 01:27:29 [detection]      S2F4 ON (onset=0.590 env=0.0054)
2025-12-26 01:27:30 [detection]      S2F4 OFF (sustained-quiet: avgEnv=0.0006 < floor=0.0018)
2025-12-26 01:27:30 [detection]      S1F2 ON (onset=0.746 env=0.3617)
2025-12-26 01:27:31 [detection]      S2F0 ON (onset=1.174 env=0.0086)
2025-12-26 01:27:31 [detection]      S1F2 OFF (retrigger: onset=1.045 ratio=2.71)
2025-12-26 01:27:31 [detection]      S1F2 ON (onset=1.316 env=0.2265)
2025-12-26 01:27:32 [detection]      S2F0 OFF (sustained-quiet: avgEnv=0.0007 < floor=0.0018)
2025-12-26 01:27:32 [detection]      S1F2 OFF (sharp-drop: 0.0129 -> 0.0010)
2025-12-26 01:27:33 [detection]      S1F2 ON (onset=0.798 env=0.0899)
2025-12-26 01:27:33 [detection]      S1F2 OFF (retrigger: onset=0.908 ratio=2.19)
2025-12-26 01:27:33 [detection]      S2F0 ON (onset=1.043 env=0.0079)
2025-12-26 01:27:33 [detection]      S1F2 ON (onset=0.998 env=0.0371)
2025-12-26 01:27:35 [detection]      S2F0 OFF (sustained-quiet: avgEnv=0.0007 < floor=0.0018)
2025-12-26 01:27:35 [detection]      S1F2 OFF (sustained-quiet: avgEnv=0.0008 < floor=0.0010)
2025-12-26 01:27:35 [test-mode] play session='20251226-010649 S1 F0 F1' position=0.00 duration=10.60
2025-12-26 01:27:37 [detection]      S1F6 ON (onset=0.998 env=0.0719)
2025-12-26 01:27:38 [detection]      S1F6 OFF (sharp-drop: 0.0077 -> 0.0010)
2025-12-26 01:27:40 [detection]      S2F4 ON (onset=0.590 env=0.0054)
2025-12-26 01:27:41 [detection]      S2F4 OFF (sustained-quiet: avgEnv=0.0006 < floor=0.0018)
2025-12-26 01:27:41 [detection]      S1F2 ON (onset=0.746 env=0.3617)
2025-12-26 01:27:41 [detection]      S2F0 ON (onset=1.174 env=0.0086)
2025-12-26 01:27:41 [detection]      S1F2 OFF (retrigger: onset=1.045 ratio=2.71)
2025-12-26 01:27:42 [detection]      S1F2 ON (onset=1.316 env=0.2265)
2025-12-26 01:27:43 [detection]      S2F0 OFF (sustained-quiet: avgEnv=0.0007 < floor=0.0018)
2025-12-26 01:27:43 [detection]      S1F2 OFF (sharp-drop: 0.0129 -> 0.0010)
2025-12-26 01:27:44 [detection]      S1F2 ON (onset=0.798 env=0.0899)
2025-12-26 01:27:44 [detection]      S1F2 OFF (retrigger: onset=0.908 ratio=2.19)
2025-12-26 01:27:44 [detection]      S2F0 ON (onset=1.043 env=0.0079)
2025-12-26 01:27:44 [detection]      S1F2 ON (onset=0.998 env=0.0371)
2025-12-26 01:27:46 [detection]      S2F0 OFF (sustained-quiet: avgEnv=0.0007 < floor=0.0018)
2025-12-26 01:27:46 [detection]      S1F2 OFF (sustained-quiet: avgEnv=0.0008 < floor=0.0010)
2025-12-26 01:27:46 [test-mode] play session='20251226-010649 S1 F0 F1' position=0.00 duration=10.60
2025-12-26 01:27:48 [detection]      S1F6 ON (onset=0.998 env=0.0719)
2025-12-26 01:27:49 [detection]      S1F6 OFF (sharp-drop: 0.0077 -> 0.0010)
2025-12-26 01:27:51 [detection]      S2F4 ON (onset=0.590 env=0.0054)
2025-12-26 01:27:52 [detection]      S2F4 OFF (sustained-quiet: avgEnv=0.0006 < floor=0.0018)
2025-12-26 01:27:52 [detection]      S1F2 ON (onset=0.746 env=0.3617)
2025-12-26 01:27:52 [detection]      S2F0 ON (onset=1.174 env=0.0086)
2025-12-26 01:27:52 [detection]      S1F2 OFF (retrigger: onset=1.045 ratio=2.71)
2025-12-26 01:27:52 [detection]      S1F2 ON (onset=1.316 env=0.2265)
2025-12-26 01:27:54 [detection]      S2F0 OFF (sustained-quiet: avgEnv=0.0007 < floor=0.0018)
2025-12-26 01:27:54 [detection]      S1F2 OFF (sharp-drop: 0.0129 -> 0.0010)
2025-12-26 01:27:55 [detection]      S1F2 ON (onset=0.798 env=0.0899)
2025-12-26 01:27:55 [detection]      S1F2 OFF (retrigger: onset=0.908 ratio=2.19)
2025-12-26 01:27:55 [detection]      S2F0 ON (onset=1.043 env=0.0079)
2025-12-26 01:27:55 [detection]      S1F2 ON (onset=0.998 env=0.0371)
2025-12-26 01:27:57 [detection]      S2F0 OFF (sustained-quiet: avgEnv=0.0007 < floor=0.0018)
2025-12-26 01:27:57 [detection]      S1F2 OFF (sustained-quiet: avgEnv=0.0008 < floor=0.0010)
2025-12-26 01:27:57 [test-mode] play session='20251226-010649 S1 F0 F1' position=0.00 duration=10.60
2025-12-26 01:27:59 [detection]      S1F6 ON (onset=0.998 env=0.0719)
2025-12-26 01:28:00 [detection]      S1F6 OFF (sharp-drop: 0.0077 -> 0.0010)
2025-12-26 01:28:01 [detection]      S2F4 ON (onset=0.590 env=0.0054)
2025-12-26 01:28:03 [detection]      S2F4 OFF (sustained-quiet: avgEnv=0.0006 < floor=0.0018)
2025-12-26 01:28:03 [detection]      S1F2 ON (onset=0.746 env=0.3617)
2025-12-26 01:28:03 [detection]      S2F0 ON (onset=1.174 env=0.0086)
2025-12-26 01:28:03 [detection]      S1F2 OFF (retrigger: onset=1.045 ratio=2.71)
2025-12-26 01:28:03 [detection]      S1F2 ON (onset=1.316 env=0.2265)
2025-12-26 01:28:05 [detection]      S2F0 OFF (sustained-quiet: avgEnv=0.0007 < floor=0.0018)
2025-12-26 01:28:05 [detection]      S1F2 OFF (sharp-drop: 0.0129 -> 0.0010)
2025-12-26 01:28:06 [detection]      S1F2 ON (onset=0.798 env=0.0899)
2025-12-26 01:28:06 [detection]      S1F2 OFF (retrigger: onset=0.908 ratio=2.19)
2025-12-26 01:28:06 [detection]      S2F0 ON (onset=1.043 env=0.0079)
2025-12-26 01:28:06 [detection]      S1F2 ON (onset=0.998 env=0.0371)
2025-12-26 01:28:08 [detection]      S2F0 OFF (sustained-quiet: avgEnv=0.0007 < floor=0.0018)
2025-12-26 01:28:08 [detection]      S1F2 OFF (sustained-quiet: avgEnv=0.0008 < floor=0.0010)
2025-12-26 01:28:08 [test-mode] play session='20251226-010649 S1 F0 F1' position=0.00 duration=10.60
2025-12-26 01:28:10 [detection]      S1F6 ON (onset=0.998 env=0.0719)
2025-12-26 01:28:11 [detection]      S1F6 OFF (sharp-drop: 0.0077 -> 0.0010)
2025-12-26 01:28:12 [detection]      S2F4 ON (onset=0.590 env=0.0054)
2025-12-26 01:28:14 [detection]      S2F4 OFF (sustained-quiet: avgEnv=0.0006 < floor=0.0018)
2025-12-26 01:28:14 [detection]      S1F2 ON (onset=0.746 env=0.3617)
2025-12-26 01:28:14 [detection]      S2F0 ON (onset=1.174 env=0.0086)
2025-12-26 01:28:14 [detection]      S1F2 OFF (retrigger: onset=1.045 ratio=2.71)
2025-12-26 01:28:15 [detection]      S1F2 ON (onset=1.316 env=0.2265)
2025-12-26 01:28:16 [detection]      S2F0 OFF (sustained-quiet: avgEnv=0.0007 < floor=0.0018)
2025-12-26 01:28:16 [detection]      S1F2 OFF (sharp-drop: 0.0129 -> 0.0010)
2025-12-26 01:28:17 [detection]      S1F2 ON (onset=0.798 env=0.0899)
2025-12-26 01:28:17 [detection]      S1F2 OFF (retrigger: onset=0.908 ratio=2.19)
2025-12-26 01:28:17 [detection]      S2F0 ON (onset=1.043 env=0.0079)
2025-12-26 01:28:17 [detection]      S1F2 ON (onset=0.998 env=0.0371)
2025-12-26 01:28:19 [detection]      S2F0 OFF (sustained-quiet: avgEnv=0.0007 < floor=0.0018)
2025-12-26 01:28:19 [detection]      S1F2 OFF (sustained-quiet: avgEnv=0.0008 < floor=0.0010)
2025-12-26 01:28:19 [test-mode] play session='20251226-010649 S1 F0 F1' position=0.00 duration=10.60
2025-12-26 01:28:21 [detection]      S1F6 ON (onset=0.998 env=0.0719)
2025-12-26 01:28:22 [detection]      S1F6 OFF (sharp-drop: 0.0077 -> 0.0010)
2025-12-26 01:28:24 [detection]      S2F4 ON (onset=0.590 env=0.0054)
2025-12-26 01:28:25 [detection]      S2F4 OFF (sustained-quiet: avgEnv=0.0006 < floor=0.0018)
2025-12-26 01:28:25 [detection]      S1F2 ON (onset=0.746 env=0.3617)
2025-12-26 01:28:25 [detection]      S2F0 ON (onset=1.174 env=0.0086)
2025-12-26 01:28:25 [detection]      S1F2 OFF (retrigger: onset=1.045 ratio=2.71)
2025-12-26 01:28:25 [detection]      S1F2 ON (onset=1.316 env=0.2265)
2025-12-26 01:28:27 [detection]      S2F0 OFF (sustained-quiet: avgEnv=0.0007 < floor=0.0018)
2025-12-26 01:28:27 [detection]      S1F2 OFF (sharp-drop: 0.0129 -> 0.0010)
2025-12-26 01:28:28 [detection]      S1F2 ON (onset=0.798 env=0.0899)
2025-12-26 01:28:28 [detection]      S1F2 OFF (retrigger: onset=0.908 ratio=2.19)
2025-12-26 01:28:28 [detection]      S2F0 ON (onset=1.043 env=0.0079)
2025-12-26 01:28:28 [detection]      S1F2 ON (onset=0.998 env=0.0371)
2025-12-26 01:28:30 [detection]      S2F0 OFF (sustained-quiet: avgEnv=0.0007 < floor=0.0018)
2025-12-26 01:28:30 [detection]      S1F2 OFF (sustained-quiet: avgEnv=0.0008 < floor=0.0010)
2025-12-26 01:28:30 [test-mode] play session='20251226-010649 S1 F0 F1' position=0.00 duration=10.60
2025-12-26 01:28:32 [detection]      S1F6 ON (onset=0.998 env=0.0719)
2025-12-26 01:28:33 [detection]      S1F6 OFF (sharp-drop: 0.0077 -> 0.0010)
2025-12-26 01:28:34 [detection]      S2F4 ON (onset=0.590 env=0.0054)
2025-12-26 01:28:35 [detection]      S2F4 OFF (sustained-quiet: avgEnv=0.0006 < floor=0.0018)
2025-12-26 01:28:36 [detection]      S1F2 ON (onset=0.746 env=0.3617)
2025-12-26 01:28:36 [detection]      S2F0 ON (onset=1.174 env=0.0086)
2025-12-26 01:28:36 [detection]      S1F2 OFF (retrigger: onset=1.045 ratio=2.71)
2025-12-26 01:28:36 [detection]      S1F2 ON (onset=1.316 env=0.2265)
2025-12-26 01:28:38 [detection]      S2F0 OFF (sustained-quiet: avgEnv=0.0007 < floor=0.0018)
2025-12-26 01:28:38 [detection]      S1F2 OFF (sharp-drop: 0.0129 -> 0.0010)
2025-12-26 01:28:39 [detection]      S1F2 ON (onset=0.798 env=0.0899)
2025-12-26 01:28:39 [detection]      S1F2 OFF (retrigger: onset=0.908 ratio=2.19)
2025-12-26 01:28:39 [detection]      S2F0 ON (onset=1.043 env=0.0079)
2025-12-26 01:28:39 [detection]      S1F2 ON (onset=0.998 env=0.0371)
2025-12-26 01:28:41 [detection]      S2F0 OFF (sustained-quiet: avgEnv=0.0007 < floor=0.0018)
2025-12-26 01:28:41 [detection]      S1F2 OFF (sustained-quiet: avgEnv=0.0008 < floor=0.0010)
2025-12-26 01:28:41 [test-mode] play session='20251226-010649 S1 F0 F1' position=0.00 duration=10.60
2025-12-26 01:28:43 [detection]      S1F6 ON (onset=0.998 env=0.0719)
2025-12-26 01:28:44 [detection]      S1F6 OFF (sharp-drop: 0.0077 -> 0.0010)
2025-12-26 01:28:45 [detection]      S2F4 ON (onset=0.590 env=0.0054)
2025-12-26 01:28:46 [detection]      S2F4 OFF (sustained-quiet: avgEnv=0.0006 < floor=0.0018)
2025-12-26 01:28:47 [detection]      S1F2 ON (onset=0.746 env=0.3617)
2025-12-26 01:28:47 [detection]      S2F0 ON (onset=1.174 env=0.0086)
2025-12-26 01:28:47 [detection]      S1F2 OFF (retrigger: onset=1.045 ratio=2.71)
2025-12-26 01:28:47 [detection]      S1F2 ON (onset=1.316 env=0.2265)
2025-12-26 01:28:49 [detection]      S2F0 OFF (sustained-quiet: avgEnv=0.0007 < floor=0.0018)
2025-12-26 01:28:49 [detection]      S1F2 OFF (sharp-drop: 0.0129 -> 0.0010)
2025-12-26 01:28:49 [detection]      S1F2 ON (onset=0.798 env=0.0899)
2025-12-26 01:28:50 [detection]      S1F2 OFF (retrigger: onset=0.908 ratio=2.19)
2025-12-26 01:28:50 [detection]      S2F0 ON (onset=1.043 env=0.0079)
2025-12-26 01:28:50 [detection]      S1F2 ON (onset=0.998 env=0.0371)
2025-12-26 01:28:52 [detection]      S2F0 OFF (sustained-quiet: avgEnv=0.0007 < floor=0.0018)
2025-12-26 01:28:52 [detection]      S1F2 OFF (sustained-quiet: avgEnv=0.0008 < floor=0.0010)
2025-12-26 01:28:52 [test-mode] play session='20251226-010649 S1 F0 F1' position=0.00 duration=10.60
2025-12-26 01:28:54 [detection]      S1F6 ON (onset=0.998 env=0.0719)
2025-12-26 01:28:55 [detection]      S1F6 OFF (sharp-drop: 0.0077 -> 0.0010)
2025-12-26 01:28:56 [detection]      S2F4 ON (onset=0.590 env=0.0054)
2025-12-26 01:28:57 [detection]      S2F4 OFF (sustained-quiet: avgEnv=0.0006 < floor=0.0018)
2025-12-26 01:28:58 [detection]      S1F2 ON (onset=0.746 env=0.3617)
2025-12-26 01:28:58 [detection]      S2F0 ON (onset=1.174 env=0.0086)
2025-12-26 01:28:58 [detection]      S1F2 OFF (retrigger: onset=1.045 ratio=2.71)
2025-12-26 01:28:58 [detection]      S1F2 ON (onset=1.316 env=0.2265)
2025-12-26 01:29:00 [detection]      S2F0 OFF (sustained-quiet: avgEnv=0.0007 < floor=0.0018)
2025-12-26 01:29:00 [detection]      S1F2 OFF (sharp-drop: 0.0129 -> 0.0010)
2025-12-26 01:29:00 [detection]      S1F2 ON (onset=0.798 env=0.0899)
2025-12-26 01:29:00 [detection]      S1F2 OFF (retrigger: onset=0.908 ratio=2.19)
2025-12-26 01:29:00 [detection]      S2F0 ON (onset=1.043 env=0.0079)
2025-12-26 01:29:01 [detection]      S1F2 ON (onset=0.998 env=0.0371)
2025-12-26 01:29:03 [detection]      S2F0 OFF (sustained-quiet: avgEnv=0.0007 < floor=0.0018)
2025-12-26 01:29:03 [detection]      S1F2 OFF (sustained-quiet: avgEnv=0.0008 < floor=0.0010)
2025-12-26 01:29:03 [test-mode] play session='20251226-010649 S1 F0 F1' position=0.00 duration=10.60
2025-12-26 01:29:04 [detection]      S1F6 ON (onset=0.998 env=0.0719)
2025-12-26 01:29:06 [detection]      S1F6 OFF (sharp-drop: 0.0077 -> 0.0010)
2025-12-26 01:29:07 [detection]      S2F4 ON (onset=0.590 env=0.0054)
2025-12-26 01:29:08 [detection]      S2F4 OFF (sustained-quiet: avgEnv=0.0006 < floor=0.0018)
2025-12-26 01:29:09 [detection]      S1F2 ON (onset=0.746 env=0.3617)
2025-12-26 01:29:09 [detection]      S2F0 ON (onset=1.174 env=0.0086)
2025-12-26 01:29:09 [detection]      S1F2 OFF (retrigger: onset=1.045 ratio=2.71)
2025-12-26 01:29:09 [detection]      S1F2 ON (onset=1.316 env=0.2265)
2025-12-26 01:29:11 [detection]      S2F0 OFF (sustained-quiet: avgEnv=0.0007 < floor=0.0018)
2025-12-26 01:29:11 [detection]      S1F2 OFF (sharp-drop: 0.0129 -> 0.0010)
2025-12-26 01:29:11 [detection]      S1F2 ON (onset=0.798 env=0.0899)
2025-12-26 01:29:11 [detection]      S1F2 OFF (retrigger: onset=0.908 ratio=2.19)
2025-12-26 01:29:11 [detection]      S2F0 ON (onset=1.043 env=0.0079)
2025-12-26 01:29:12 [detection]      S1F2 ON (onset=0.998 env=0.0371)
2025-12-26 01:29:13 [detection]      S2F0 OFF (sustained-quiet: avgEnv=0.0007 < floor=0.0018)
2025-12-26 01:29:14 [detection]      S1F2 OFF (sustained-quiet: avgEnv=0.0008 < floor=0.0010)
2025-12-26 01:29:14 [test-mode] play session='20251226-010649 S1 F0 F1' position=0.00 duration=10.60
2025-12-26 01:29:15 [detection]      S1F6 ON (onset=0.998 env=0.0719)
2025-12-26 01:29:17 [detection]      S1F6 OFF (sharp-drop: 0.0077 -> 0.0010)
2025-12-26 01:29:18 [detection]      S2F4 ON (onset=0.590 env=0.0054)
2025-12-26 01:29:19 [detection]      S2F4 OFF (sustained-quiet: avgEnv=0.0006 < floor=0.0018)
2025-12-26 01:29:20 [detection]      S1F2 ON (onset=0.746 env=0.3617)
2025-12-26 01:29:20 [detection]      S2F0 ON (onset=1.174 env=0.0086)
2025-12-26 01:29:20 [detection]      S1F2 OFF (retrigger: onset=1.045 ratio=2.71)
2025-12-26 01:29:20 [detection]      S1F2 ON (onset=1.316 env=0.2265)
2025-12-26 01:29:21 [detection]      S2F0 OFF (sustained-quiet: avgEnv=0.0007 < floor=0.0018)
2025-12-26 01:29:22 [detection]      S1F2 OFF (sharp-drop: 0.0129 -> 0.0010)
2025-12-26 01:29:22 [detection]      S1F2 ON (onset=0.798 env=0.0899)
2025-12-26 01:29:22 [detection]      S1F2 OFF (retrigger: onset=0.908 ratio=2.19)
2025-12-26 01:29:22 [detection]      S2F0 ON (onset=1.043 env=0.0079)
2025-12-26 01:29:23 [sessionwavs] wrote 6 wav files to /home/general/SignalAssistant/logs/sessionwavs/session-20251226-012257 (shutdown)
# Session closed at 2025-12-26 01:29:23
