# SignalAssistant session log
# Started at 2025-12-16 05:25:54
2025-12-16 05:25:54 [session] mode=live session='' path='' duration=0.00 files=0
2025-12-16 05:25:54 [tracker-settings] TrackerConfig onsetThreshold=0.02000 minNoteDurSec=0.045 hopSec=0.010 slideDelta=120.0 bendDelta=35.0
2025-12-16 05:25:54 [tracker-settings] string1 midi=40 lowCut=37.08Hz highCut=445.00Hz baseline=0.000180 gateRatio=0.05500 envFloor=0.000450 sustainScale=0.580 retriggerScale=1.400 peakRelease=0.120 pitchTol=0.400 onsetScale=0.006
2025-12-16 05:25:54 [tracker-settings] string2 midi=45 lowCut=55.00Hz highCut=563.20Hz baseline=0.000220 gateRatio=0.10000 envFloor=0.000550 sustainScale=0.700 retriggerScale=1.250 peakRelease=0.130 pitchTol=0.400 onsetScale=0.009
2025-12-16 05:25:54 [tracker-settings] string3 midi=50 lowCut=85.16Hz highCut=693.05Hz baseline=0.000260 gateRatio=0.13000 envFloor=0.000650 sustainScale=0.820 retriggerScale=1.100 peakRelease=0.140 pitchTol=0.450 onsetScale=0.012
2025-12-16 05:25:54 [tracker-settings] string4 midi=55 lowCut=127.40Hz highCut=862.39Hz baseline=0.000320 gateRatio=0.17000 envFloor=0.000780 sustainScale=1.000 retriggerScale=1.000 peakRelease=0.160 pitchTol=0.440 onsetScale=0.014
2025-12-16 05:25:54 [tracker-settings] string5 midi=59 lowCut=160.51Hz highCut=1086.54Hz baseline=0.000370 gateRatio=0.21000 envFloor=0.000900 sustainScale=1.000 retriggerScale=1.000 peakRelease=0.180 pitchTol=0.500 onsetScale=0.016
2025-12-16 05:25:54 [tracker-settings] string6 midi=64 lowCut=214.26Hz highCut=1450.36Hz baseline=0.000420 gateRatio=0.25000 envFloor=0.001050 sustainScale=1.000 retriggerScale=1.000 peakRelease=0.200 pitchTol=0.550 onsetScale=0.018
2025-12-16 05:25:54 [tracker] [s1] calibration reset target=0.00180 gain=1.000
2025-12-16 05:25:54 [tracker] [s2] calibration reset target=0.00180 gain=1.000
2025-12-16 05:25:54 [tracker] [s3] calibration reset target=0.00180 gain=1.000
2025-12-16 05:25:54 [tracker] [s4] calibration reset target=0.00180 gain=1.000
2025-12-16 05:25:54 [tracker] [s5] calibration reset target=0.00180 gain=1.000
2025-12-16 05:25:54 [tracker] [s6] calibration reset target=0.00180 gain=1.000
2025-12-16 05:25:54 [calibration] Loading calibration profile multipliers into parameters
2025-12-16 05:25:54 [calibration] String 1: setting multiplier to 6.317
2025-12-16 05:25:54 [calibration] String 2: setting multiplier to 8.000
2025-12-16 05:25:54 [calibration] String 3: setting multiplier to 8.000
2025-12-16 05:25:54 [calibration] String 4: setting multiplier to 8.000
2025-12-16 05:25:54 [calibration] String 5: setting multiplier to 8.000
2025-12-16 05:25:54 [calibration] String 6: setting multiplier to 8.000
2025-12-16 05:25:54 [tracker] [s1] calibration avg=0.03970 target=0.00180 gain=1.000
2025-12-16 05:25:54 [tracker] [s2] calibration avg=0.01940 target=0.00180 gain=1.000
2025-12-16 05:25:54 [tracker] [s3] calibration avg=0.01411 target=0.00180 gain=1.000
2025-12-16 05:25:54 [tracker] [s4] calibration avg=0.03018 target=0.00180 gain=1.000
2025-12-16 05:25:54 [tracker] [s6] calibration avg=0.02331 target=0.00180 gain=1.000
2025-12-16 05:25:54 [tracker] [s1] configure sr=48000.0 hop=128 fft=1024 low=37.1 high=445.0
2025-12-16 05:25:54 [tracker] [s2] configure sr=48000.0 hop=128 fft=1024 low=55.0 high=563.2
2025-12-16 05:25:54 [tracker] [s2] params baseline=0.000220 gate=0.0100 envFloor=0.000100 sustain=1.500 retrigger=1.250 peakRelease=0.130 pitchTol=0.400 onsetScale=0.009 aubioScale=1.35 aubioThresh=0.027 onsetSilence=-85.0 pitchSilence=-90.0
2025-12-16 05:25:54 [tracker] [s3] configure sr=48000.0 hop=128 fft=1024 low=85.2 high=693.0
2025-12-16 05:25:54 [tracker] [s3] params baseline=0.000260 gate=0.1300 envFloor=0.000650 sustain=0.820 retrigger=1.100 peakRelease=0.140 pitchTol=0.450 onsetScale=0.012 aubioScale=1.60 aubioThresh=0.032 onsetSilence=-75.0 pitchSilence=-80.0
2025-12-16 05:25:54 [tracker] [s4] configure sr=48000.0 hop=128 fft=1024 low=127.4 high=862.4
2025-12-16 05:25:54 [tracker] [s4] params baseline=0.000320 gate=0.1700 envFloor=0.000780 sustain=1.000 retrigger=1.000 peakRelease=0.160 pitchTol=0.440 onsetScale=0.014 aubioScale=1.80 aubioThresh=0.036 onsetSilence=-75.0 pitchSilence=-80.0
2025-12-16 05:25:54 [tracker] [s5] configure sr=48000.0 hop=128 fft=512 low=160.5 high=1086.5
2025-12-16 05:25:54 [tracker] [s5] params baseline=0.000370 gate=0.2100 envFloor=0.000900 sustain=1.000 retrigger=1.000 peakRelease=0.180 pitchTol=0.500 onsetScale=0.016 aubioScale=1.80 aubioThresh=0.036 onsetSilence=-75.0 pitchSilence=-80.0
2025-12-16 05:25:54 [tracker] [s6] configure sr=48000.0 hop=128 fft=512 low=214.3 high=1450.4
2025-12-16 05:25:54 [tracker] [s6] params baseline=0.000420 gate=0.2500 envFloor=0.001050 sustain=1.000 retrigger=1.000 peakRelease=0.200 pitchTol=0.550 onsetScale=0.018 aubioScale=1.80 aubioThresh=0.036 onsetSilence=-75.0 pitchSilence=-80.0
2025-12-16 05:25:54 [tracker] [s1] aubio-raw t=0.0067 onset=4.000000 env=0.000513 peak=0.001321 gain=1.000
2025-12-16 05:25:54 [tracker] [s1] onset-below-env-floor t=0.0067 env=0.000513 gate=0.000022 envDelta=0.000492 envFloor=0.000591 onset=4.000000 thresh=0.006000 onsetDelta=3.994000 baseline=0.000394 floor=0.000180 adapt=0.000985 lastPeak=0.000000 baseParam=0.000180 gateRatio=0.0550 envParam=0.000450 onsetScale=0.300 retriggerScale=1.400 guard=0.060 guardRemain=0.000 activeAge=-1.000 retrigRemain=0.000 pitchHz=125.16 pitchCents=723.6
2025-12-16 05:25:54 [tracker] [s2] onset t=0.007 env=0.00086 gate=0.00000 envDelta=0.00085 envFloor=0.00060 onset=4.000 thresh=0.009 onsetDelta=3.99100 baseline=0.00040 adaptive=0.00100 lastPeak=0.00000 guard=0.060 activeAge=-1.000 pitch=125.16Hz pitchCents=223.6
2025-12-16 05:25:54 [tracker] [s3] onset t=0.007 env=0.00093 gate=0.00005 envDelta=0.00088 envFloor=0.00065 onset=4.000 thresh=0.012 onsetDelta=3.98840 baseline=0.00040 adaptive=0.00100 lastPeak=0.00000 guard=0.060 activeAge=-1.000 pitch=125.16Hz pitchCents=-276.4
2025-12-16 05:25:54 [tracker] [s4] onset t=0.007 env=0.00115 gate=0.00007 envDelta=0.00108 envFloor=0.00078 onset=4.000 thresh=0.014 onsetDelta=3.98600 baseline=0.00041 adaptive=0.00102 lastPeak=0.00000 guard=0.060 activeAge=-1.000 pitch=125.16Hz pitchCents=-776.4
2025-12-16 05:25:54 [tracker] [s5] onset t=0.007 env=0.00150 gate=0.00009 envDelta=0.00141 envFloor=0.00090 onset=4.000 thresh=0.016 onsetDelta=3.98400 baseline=0.00043 adaptive=0.00108 lastPeak=0.00000 guard=0.060 activeAge=-1.000 pitch=376.47Hz pitchCents=730.0
2025-12-16 05:25:54 [tracker] [s6] onset t=0.007 env=0.00181 gate=0.00011 envDelta=0.00170 envFloor=0.00105 onset=4.000 thresh=0.018 onsetDelta=3.98200 baseline=0.00045 adaptive=0.00112 lastPeak=0.00000 guard=0.060 activeAge=-1.000 pitch=376.47Hz pitchCents=230.0
2025-12-16 05:25:54 [tracker] [s1] aubio-raw t=0.0653 onset=1.121524 env=0.000616 peak=0.001524 gain=1.000
2025-12-16 05:25:54 [tracker] [s1] onset-accepted t=0.0653 env=0.000616 gate=0.000019 envDelta=0.000596 envFloor=0.000531 onset=1.121524 thresh=0.006000 onsetDelta=1.115524 baseline=0.000354 floor=0.000180 adapt=0.000885 lastPeak=0.000000 baseParam=0.000180 gateRatio=0.0550 envParam=0.000450 onsetScale=0.300 retriggerScale=1.400 guard=0.060 guardRemain=0.000 activeAge=-1.000 retrigRemain=0.000 pitchHz=170.21 pitchCents=1255.8
2025-12-16 05:25:54 [tracker] [s1] onset t=0.065 env=0.00062 gate=0.00002 envDelta=0.00060 envFloor=0.00053 onset=1.122 thresh=0.006 onsetDelta=1.11552 baseline=0.00035 adaptive=0.00089 lastPeak=0.00000 guard=0.060 activeAge=-1.000 pitch=170.21Hz pitchCents=1255.8
2025-12-16 05:25:54 [tracker] [s4] onset t=0.076 env=0.00161 gate=0.00010 envDelta=0.00150 envFloor=0.00090 onset=0.872 thresh=0.014 onsetDelta=0.85759 baseline=0.00060 adaptive=0.00151 lastPeak=0.00000 guard=0.060 activeAge=-1.000 pitch=-1.00Hz pitchCents=0.0
2025-12-16 05:25:54 [tracker] [s2] onset t=0.103 env=0.00089 gate=0.00001 envDelta=0.00088 envFloor=0.00076 onset=0.998 thresh=0.009 onsetDelta=0.98927 baseline=0.00050 adaptive=0.00126 lastPeak=0.00000 guard=0.060 activeAge=-1.000 pitch=170.21Hz pitchCents=755.7
2025-12-16 05:25:54 [tracker] [s1] aubio-raw t=0.1427 onset=1.237233 env=0.000994 peak=0.002359 gain=1.000
2025-12-16 05:25:54 [tracker] [s1] onset-accepted t=0.1427 env=0.000994 gate=0.000019 envDelta=0.000975 envFloor=0.000524 onset=1.237233 thresh=0.006000 onsetDelta=1.231233 baseline=0.000349 floor=0.000180 adapt=0.000873 lastPeak=0.000000 baseParam=0.000180 gateRatio=0.0550 envParam=0.000450 onsetScale=0.300 retriggerScale=1.400 guard=0.060 guardRemain=0.000 activeAge=-1.000 retrigRemain=0.000 pitchHz=347.85 pitchCents=2493.1
2025-12-16 05:25:54 [tracker] [s1] onset t=0.143 env=0.00099 gate=0.00002 envDelta=0.00097 envFloor=0.00052 onset=1.237 thresh=0.006 onsetDelta=1.23123 baseline=0.00035 adaptive=0.00087 lastPeak=0.00000 guard=0.060 activeAge=-1.000 pitch=347.85Hz pitchCents=2493.1
2025-12-16 05:25:54 [tracker] [s3] onset t=0.177 env=0.00117 gate=0.00007 envDelta=0.00111 envFloor=0.00078 onset=1.088 thresh=0.012 onsetDelta=1.07636 baseline=0.00052 adaptive=0.00131 lastPeak=0.00000 guard=0.060 activeAge=-1.000 pitch=-1.00Hz pitchCents=0.0
2025-12-16 05:25:54 [tracker] [s2] onset t=0.196 env=0.00097 gate=0.00000 envDelta=0.00096 envFloor=0.00074 onset=0.904 thresh=0.009 onsetDelta=0.89530 baseline=0.00049 adaptive=0.00123 lastPeak=0.00000 guard=0.060 activeAge=-1.000 pitch=235.29Hz pitchCents=1316.3
2025-12-16 05:25:54 [tracker] [s5] onset t=0.305 env=0.00145 gate=0.00014 envDelta=0.00131 envFloor=0.00099 onset=1.088 thresh=0.016 onsetDelta=1.07161 baseline=0.00066 adaptive=0.00166 lastPeak=0.00000 guard=0.060 activeAge=-1.000 pitch=-1.00Hz pitchCents=0.0
2025-12-16 05:25:55 [tracker] [s3] onset t=0.329 env=0.00109 gate=0.00007 envDelta=0.00102 envFloor=0.00080 onset=0.998 thresh=0.012 onsetDelta=0.98639 baseline=0.00053 adaptive=0.00133 lastPeak=0.00000 guard=0.060 activeAge=-1.000 pitch=-1.00Hz pitchCents=0.0
2025-12-16 05:25:55 [tracker] [s4] onset t=0.340 env=0.00145 gate=0.00010 envDelta=0.00135 envFloor=0.00088 onset=1.269 thresh=0.014 onsetDelta=1.25535 baseline=0.00059 adaptive=0.00147 lastPeak=0.00000 guard=0.060 activeAge=-1.000 pitch=-1.00Hz pitchCents=0.0
2025-12-16 05:25:55 [tracker] [s6] onset t=0.348 env=0.00190 gate=0.00019 envDelta=0.00171 envFloor=0.00115 onset=0.839 thresh=0.018 onsetDelta=0.82093 baseline=0.00076 adaptive=0.00191 lastPeak=0.00000 guard=0.060 activeAge=-1.000 pitch=-1.00Hz pitchCents=0.0
2025-12-16 05:25:55 [tracker] [s1] aubio-raw t=0.3853 onset=0.961732 env=0.000789 peak=0.002021 gain=1.000
2025-12-16 05:25:55 [tracker] [s1] onset-accepted t=0.3853 env=0.000789 gate=0.000020 envDelta=0.000769 envFloor=0.000535 onset=0.961732 thresh=0.006000 onsetDelta=0.955732 baseline=0.000357 floor=0.000180 adapt=0.000892 lastPeak=0.000000 baseParam=0.000180 gateRatio=0.0550 envParam=0.000450 onsetScale=0.300 retriggerScale=1.400 guard=0.060 guardRemain=0.000 activeAge=-1.000 retrigRemain=0.000 pitchHz=114.29 pitchCents=566.2
2025-12-16 05:25:55 [tracker] [s1] onset t=0.385 env=0.00079 gate=0.00002 envDelta=0.00077 envFloor=0.00054 onset=0.962 thresh=0.006 onsetDelta=0.95573 baseline=0.00036 adaptive=0.00089 lastPeak=0.00000 guard=0.060 activeAge=-1.000 pitch=114.29Hz pitchCents=566.2
2025-12-16 05:25:55 [tracker] [s1] note-start t=0.385 fret=24 midi=64 vel=0.01 env=0.00079
2025-12-16 05:25:55 [tracker] [s4] onset t=0.396 env=0.00204 gate=0.00011 envDelta=0.00194 envFloor=0.00095 onset=0.996 thresh=0.014 onsetDelta=0.98160 baseline=0.00063 adaptive=0.00159 lastPeak=0.00000 guard=0.060 activeAge=-1.000 pitch=-1.00Hz pitchCents=0.0
2025-12-16 05:25:55 [tracker] [s6] onset t=0.447 env=0.00205 gate=0.00021 envDelta=0.00184 envFloor=0.00128 onset=1.059 thresh=0.018 onsetDelta=1.04114 baseline=0.00086 adaptive=0.00214 lastPeak=0.00000 guard=0.060 activeAge=-1.000 pitch=-1.00Hz pitchCents=0.0
2025-12-16 05:25:55 [tracker] [s1] aubio-raw t=0.4627 onset=0.996765 env=0.000524 peak=0.001321 gain=1.000
2025-12-16 05:25:55 [tracker] [s1] onset-accepted t=0.4627 env=0.000524 gate=0.000034 envDelta=0.000490 envFloor=0.000509 onset=0.996765 thresh=0.006000 onsetDelta=0.990765 baseline=0.000614 floor=0.000180 adapt=0.000848 lastPeak=0.000682 baseParam=0.000180 gateRatio=0.0550 envParam=0.000450 onsetScale=0.300 retriggerScale=1.400 guard=0.060 guardRemain=0.000 activeAge=0.077 retrigRemain=0.143 pitchHz=-1.00 pitchCents=0.0
2025-12-16 05:25:55 [tracker] [s1] onset t=0.463 env=0.00052 gate=0.00003 envDelta=0.00049 envFloor=0.00051 onset=0.997 thresh=0.006 onsetDelta=0.99076 baseline=0.00061 adaptive=0.00085 lastPeak=0.00068 guard=0.060 activeAge=0.077 pitch=-1.00Hz pitchCents=0.0
2025-12-16 05:25:55 [tracker] [s1] note-ended (new onset) t=0.463 fret=24 dur=0.077
2025-12-16 05:25:55 [tracker] [s2] onset t=0.476 env=0.00092 gate=0.00001 envDelta=0.00092 envFloor=0.00078 onset=0.522 thresh=0.009 onsetDelta=0.51251 baseline=0.00052 adaptive=0.00130 lastPeak=0.00000 guard=0.060 activeAge=-1.000 pitch=94.12Hz pitchCents=-270.0
2025-12-16 05:25:55 [tracker] [s5] onset t=0.527 env=0.00188 gate=0.00015 envDelta=0.00173 envFloor=0.00109 onset=1.132 thresh=0.016 onsetDelta=1.11617 baseline=0.00073 adaptive=0.00182 lastPeak=0.00000 guard=0.060 activeAge=-1.000 pitch=-1.00Hz pitchCents=0.0
2025-12-16 05:25:55 [tracker] [s6] onset t=0.588 env=0.00213 gate=0.00020 envDelta=0.00193 envFloor=0.00120 onset=0.997 thresh=0.018 onsetDelta=0.97869 baseline=0.00080 adaptive=0.00201 lastPeak=0.00000 guard=0.060 activeAge=-1.000 pitch=-1.00Hz pitchCents=0.0
2025-12-16 05:25:55 [tracker] [s3] onset t=0.679 env=0.00185 gate=0.00007 envDelta=0.00178 envFloor=0.00081 onset=0.935 thresh=0.012 onsetDelta=0.92291 baseline=0.00054 adaptive=0.00135 lastPeak=0.00000 guard=0.060 activeAge=-1.000 pitch=-1.00Hz pitchCents=0.0
2025-12-16 05:25:55 [tracker] [s6] onset t=0.775 env=0.00198 gate=0.00021 envDelta=0.00178 envFloor=0.00124 onset=0.878 thresh=0.018 onsetDelta=0.85986 baseline=0.00083 adaptive=0.00207 lastPeak=0.00000 guard=0.060 activeAge=-1.000 pitch=-1.00Hz pitchCents=0.0
2025-12-16 05:25:55 [tracker] [s1] aubio-raw t=0.8413 onset=0.997246 env=0.000731 peak=0.001844 gain=1.000
2025-12-16 05:25:55 [tracker] [s1] onset-accepted t=0.8413 env=0.000731 gate=0.000018 envDelta=0.000713 envFloor=0.000493 onset=0.997246 thresh=0.006000 onsetDelta=0.991246 baseline=0.000328 floor=0.000180 adapt=0.000821 lastPeak=0.000335 baseParam=0.000180 gateRatio=0.0550 envParam=0.000450 onsetScale=0.300 retriggerScale=1.400 guard=0.060 guardRemain=0.000 activeAge=-1.000 retrigRemain=0.000 pitchHz=96.38 pitchCents=271.2
2025-12-16 05:25:55 [tracker] [s1] onset t=0.841 env=0.00073 gate=0.00002 envDelta=0.00071 envFloor=0.00049 onset=0.997 thresh=0.006 onsetDelta=0.99125 baseline=0.00033 adaptive=0.00082 lastPeak=0.00033 guard=0.060 activeAge=-1.000 pitch=96.38Hz pitchCents=271.2
2025-12-16 05:25:55 [tracker] [s4] onset t=0.860 env=0.00159 gate=0.00010 envDelta=0.00148 envFloor=0.00092 onset=1.119 thresh=0.014 onsetDelta=1.10541 baseline=0.00062 adaptive=0.00154 lastPeak=0.00000 guard=0.060 activeAge=-1.000 pitch=-1.00Hz pitchCents=0.0
2025-12-16 05:25:55 [tracker] [s3] onset t=0.905 env=0.00117 gate=0.00007 envDelta=0.00109 envFloor=0.00083 onset=1.289 thresh=0.012 onsetDelta=1.27715 baseline=0.00055 adaptive=0.00138 lastPeak=0.00000 guard=0.060 activeAge=-1.000 pitch=-1.00Hz pitchCents=0.0
2025-12-16 05:25:55 [tracker] [s4] onset t=0.911 env=0.00121 gate=0.00010 envDelta=0.00111 envFloor=0.00088 onset=1.000 thresh=0.014 onsetDelta=0.98592 baseline=0.00059 adaptive=0.00147 lastPeak=0.00000 guard=0.060 activeAge=-1.000 pitch=-1.00Hz pitchCents=0.0
2025-12-16 05:25:55 [tracker] [s1] aubio-raw t=1.0413 onset=1.483439 env=0.001125 peak=0.002223 gain=1.000
2025-12-16 05:25:55 [tracker] [s1] onset-accepted t=1.0413 env=0.001125 gate=0.000019 envDelta=0.001106 envFloor=0.000523 onset=1.483439 thresh=0.006000 onsetDelta=1.477439 baseline=0.000348 floor=0.000180 adapt=0.000871 lastPeak=0.000230 baseParam=0.000180 gateRatio=0.0550 envParam=0.000450 onsetScale=0.300 retriggerScale=1.400 guard=0.060 guardRemain=0.000 activeAge=-1.000 retrigRemain=0.000 pitchHz=126.99 pitchCents=748.7
2025-12-16 05:25:55 [tracker] [s1] onset t=1.041 env=0.00113 gate=0.00002 envDelta=0.00111 envFloor=0.00052 onset=1.483 thresh=0.006 onsetDelta=1.47744 baseline=0.00035 adaptive=0.00087 lastPeak=0.00023 guard=0.060 activeAge=-1.000 pitch=126.99Hz pitchCents=748.7
2025-12-16 05:25:55 [tracker] [s4] onset t=1.063 env=0.00126 gate=0.00009 envDelta=0.00117 envFloor=0.00083 onset=1.420 thresh=0.014 onsetDelta=1.40579 baseline=0.00055 adaptive=0.00138 lastPeak=0.00000 guard=0.060 activeAge=-1.000 pitch=-1.00Hz pitchCents=0.0
2025-12-16 05:25:55 [tracker] [s2] onset t=1.108 env=0.00149 gate=0.00001 envDelta=0.00148 envFloor=0.00079 onset=0.587 thresh=0.009 onsetDelta=0.57805 baseline=0.00053 adaptive=0.00131 lastPeak=0.00000 guard=0.060 activeAge=-1.000 pitch=216.21Hz pitchCents=1169.9
2025-12-16 05:25:55 [tracker] [s1] aubio-raw t=1.1187 onset=0.949735 env=0.000887 peak=0.002120 gain=1.000
2025-12-16 05:25:55 [tracker] [s1] onset-accepted t=1.1187 env=0.000887 gate=0.000019 envDelta=0.000868 envFloor=0.000512 onset=0.949735 thresh=0.006000 onsetDelta=0.943735 baseline=0.000341 floor=0.000180 adapt=0.000853 lastPeak=0.000199 baseParam=0.000180 gateRatio=0.0550 envParam=0.000450 onsetScale=0.300 retriggerScale=1.400 guard=0.060 guardRemain=0.000 activeAge=-1.000 retrigRemain=0.000 pitchHz=163.26 pitchCents=1183.6
2025-12-16 05:25:55 [tracker] [s1] onset t=1.119 env=0.00089 gate=0.00002 envDelta=0.00087 envFloor=0.00051 onset=0.950 thresh=0.006 onsetDelta=0.94374 baseline=0.00034 adaptive=0.00085 lastPeak=0.00020 guard=0.060 activeAge=-1.000 pitch=163.26Hz pitchCents=1183.6
2025-12-16 05:25:55 [tracker] [s5] onset t=1.127 env=0.00157 gate=0.00014 envDelta=0.00143 envFloor=0.00099 onset=0.730 thresh=0.016 onsetDelta=0.71421 baseline=0.00066 adaptive=0.00165 lastPeak=0.00000 guard=0.060 activeAge=-1.000 pitch=-1.00Hz pitchCents=0.0
2025-12-16 05:25:55 [tracker] [s4] onset t=1.172 env=0.00126 gate=0.00011 envDelta=0.00115 envFloor=0.00093 onset=0.755 thresh=0.014 onsetDelta=0.74079 baseline=0.00062 adaptive=0.00155 lastPeak=0.00000 guard=0.060 activeAge=-1.000 pitch=-1.00Hz pitchCents=0.0
2025-12-16 05:25:55 [tracker] [s3] onset t=1.185 env=0.00138 gate=0.00007 envDelta=0.00130 envFloor=0.00086 onset=0.996 thresh=0.012 onsetDelta=0.98392 baseline=0.00057 adaptive=0.00143 lastPeak=0.00000 guard=0.060 activeAge=-1.000 pitch=-1.00Hz pitchCents=0.0
2025-12-16 05:25:55 [tracker] [s6] onset t=1.193 env=0.00217 gate=0.00022 envDelta=0.00195 envFloor=0.00130 onset=0.849 thresh=0.018 onsetDelta=0.83143 baseline=0.00087 adaptive=0.00216 lastPeak=0.00000 guard=0.060 activeAge=-1.000 pitch=-1.00Hz pitchCents=0.0
2025-12-16 05:25:55 [tracker] [s3] onset t=1.247 env=0.00157 gate=0.00008 envDelta=0.00149 envFloor=0.00090 onset=1.045 thresh=0.012 onsetDelta=1.03389 baseline=0.00060 adaptive=0.00150 lastPeak=0.00000 guard=0.060 activeAge=-1.000 pitch=-1.00Hz pitchCents=0.0
2025-12-16 05:25:56 [tracker] [s6] onset t=1.348 env=0.00177 gate=0.00019 envDelta=0.00157 envFloor=0.00116 onset=0.814 thresh=0.018 onsetDelta=0.79592 baseline=0.00078 adaptive=0.00194 lastPeak=0.00000 guard=0.060 activeAge=-1.000 pitch=-1.00Hz pitchCents=0.0
2025-12-16 05:25:56 [tracker] [s4] onset t=1.572 env=0.00126 gate=0.00011 envDelta=0.00116 envFloor=0.00094 onset=1.010 thresh=0.014 onsetDelta=0.99641 baseline=0.00063 adaptive=0.00157 lastPeak=0.00000 guard=0.060 activeAge=-1.000 pitch=-1.00Hz pitchCents=0.0
2025-12-16 05:25:56 [tracker] [s5] onset t=1.724 env=0.00187 gate=0.00015 envDelta=0.00172 envFloor=0.00105 onset=0.927 thresh=0.016 onsetDelta=0.91071 baseline=0.00070 adaptive=0.00175 lastPeak=0.00000 guard=0.060 activeAge=-1.000 pitch=-1.00Hz pitchCents=0.0
2025-12-16 05:25:56 [tracker] [s6] onset t=1.788 env=0.00189 gate=0.00020 envDelta=0.00169 envFloor=0.00118 onset=0.985 thresh=0.018 onsetDelta=0.96725 baseline=0.00079 adaptive=0.00197 lastPeak=0.00000 guard=0.060 activeAge=-1.000 pitch=-1.00Hz pitchCents=0.0
2025-12-16 05:25:56 [tracker] [s1] aubio-raw t=1.7987 onset=0.795040 env=0.000628 peak=0.001428 gain=1.000
2025-12-16 05:25:56 [tracker] [s1] onset-accepted t=1.7987 env=0.000628 gate=0.000018 envDelta=0.000610 envFloor=0.000479 onset=0.795040 thresh=0.006000 onsetDelta=0.789040 baseline=0.000319 floor=0.000180 adapt=0.000798 lastPeak=0.000055 baseParam=0.000180 gateRatio=0.0550 envParam=0.000450 onsetScale=0.300 retriggerScale=1.400 guard=0.060 guardRemain=0.000 activeAge=-1.000 retrigRemain=0.000 pitchHz=148.14 pitchCents=1015.3
2025-12-16 05:25:56 [tracker] [s1] onset t=1.799 env=0.00063 gate=0.00002 envDelta=0.00061 envFloor=0.00048 onset=0.795 thresh=0.006 onsetDelta=0.78904 baseline=0.00032 adaptive=0.00080 lastPeak=0.00006 guard=0.060 activeAge=-1.000 pitch=148.14Hz pitchCents=1015.3
2025-12-16 05:25:56 [tracker] [s1] note-start t=1.799 fret=3 midi=43 vel=0.01 env=0.00063
2025-12-16 05:25:56 [tracker] [s3] onset t=1.825 env=0.00124 gate=0.00007 envDelta=0.00117 envFloor=0.00081 onset=0.997 thresh=0.012 onsetDelta=0.98519 baseline=0.00054 adaptive=0.00135 lastPeak=0.00000 guard=0.060 activeAge=-1.000 pitch=-1.00Hz pitchCents=0.0
2025-12-16 05:25:56 [tracker] [s5] onset t=2.007 env=0.00164 gate=0.00015 envDelta=0.00149 envFloor=0.00106 onset=1.276 thresh=0.016 onsetDelta=1.25995 baseline=0.00071 adaptive=0.00177 lastPeak=0.00000 guard=0.060 activeAge=-1.000 pitch=-1.00Hz pitchCents=0.0
2025-12-16 05:25:56 [tracker] [s4] onset t=2.017 env=0.00137 gate=0.00010 envDelta=0.00126 envFloor=0.00091 onset=0.595 thresh=0.014 onsetDelta=0.58096 baseline=0.00060 adaptive=0.00151 lastPeak=0.00000 guard=0.060 activeAge=-1.000 pitch=-1.00Hz pitchCents=0.0
2025-12-16 05:25:56 [tracker] [s6] onset t=2.113 env=0.00197 gate=0.00019 envDelta=0.00177 envFloor=0.00116 onset=1.152 thresh=0.018 onsetDelta=1.13384 baseline=0.00078 adaptive=0.00194 lastPeak=0.00000 guard=0.060 activeAge=-1.000 pitch=-1.00Hz pitchCents=0.0
2025-12-16 05:25:56 [tracker] [s4] onset t=2.129 env=0.00135 gate=0.00010 envDelta=0.00125 envFloor=0.00084 onset=0.993 thresh=0.014 onsetDelta=0.97949 baseline=0.00056 adaptive=0.00141 lastPeak=0.00000 guard=0.060 activeAge=-1.000 pitch=-1.00Hz pitchCents=0.0
2025-12-16 05:25:56 [tracker] [s1] aubio-raw t=2.2547 onset=1.126703 env=0.000595 peak=0.001441 gain=1.000
2025-12-16 05:25:56 [tracker] [s1] onset-accepted t=2.2547 env=0.000595 gate=0.000019 envDelta=0.000577 envFloor=0.000505 onset=1.126703 thresh=0.006000 onsetDelta=1.120703 baseline=0.000337 floor=0.000180 adapt=0.000842 lastPeak=0.000266 baseParam=0.000180 gateRatio=0.0550 envParam=0.000450 onsetScale=0.300 retriggerScale=1.400 guard=0.060 guardRemain=0.000 activeAge=0.456 retrigRemain=0.000 pitchHz=-1.00 pitchCents=0.0
2025-12-16 05:25:56 [tracker] [s1] note-ended (new onset) t=2.255 fret=3 dur=0.456
2025-12-16 05:25:56 [tracker] [s6] onset t=2.265 env=0.00192 gate=0.00020 envDelta=0.00172 envFloor=0.00121 onset=1.131 thresh=0.018 onsetDelta=1.11283 baseline=0.00081 adaptive=0.00202 lastPeak=0.00000 guard=0.060 activeAge=-1.000 pitch=-1.00Hz pitchCents=0.0
2025-12-16 05:25:57 [tracker] [s1] aubio-raw t=2.3374 onset=1.001606 env=0.000845 peak=0.001995 gain=1.000
2025-12-16 05:25:57 [tracker] [s1] onset-accepted t=2.3374 env=0.000845 gate=0.000020 envDelta=0.000825 envFloor=0.000546 onset=1.001606 thresh=0.006000 onsetDelta=0.995606 baseline=0.000364 floor=0.000180 adapt=0.000909 lastPeak=0.000228 baseParam=0.000180 gateRatio=0.0550 envParam=0.000450 onsetScale=0.300 retriggerScale=1.400 guard=0.060 guardRemain=0.000 activeAge=-1.000 retrigRemain=0.000 pitchHz=117.65 pitchCents=616.3
2025-12-16 05:25:57 [tracker] [s1] onset t=2.337 env=0.00084 gate=0.00002 envDelta=0.00082 envFloor=0.00055 onset=1.002 thresh=0.006 onsetDelta=0.99561 baseline=0.00036 adaptive=0.00091 lastPeak=0.00023 guard=0.060 activeAge=-1.000 pitch=117.65Hz pitchCents=616.3
2025-12-16 05:25:57 [tracker] [s1] note-start t=2.337 fret=4 midi=44 vel=0.01 env=0.00084
2025-12-16 05:25:57 [tracker] [s2] onset t=2.420 env=0.00169 gate=0.00001 envDelta=0.00168 envFloor=0.00084 onset=1.174 thresh=0.009 onsetDelta=1.16533 baseline=0.00056 adaptive=0.00139 lastPeak=0.00000 guard=0.060 activeAge=-1.000 pitch=117.65Hz pitchCents=116.3
2025-12-16 05:25:57 [tracker] [s5] onset t=2.497 env=0.00153 gate=0.00014 envDelta=0.00139 envFloor=0.00099 onset=0.999 thresh=0.016 onsetDelta=0.98271 baseline=0.00066 adaptive=0.00166 lastPeak=0.00000 guard=0.060 activeAge=-1.000 pitch=-1.00Hz pitchCents=0.0
2025-12-16 05:25:57 [tracker] [s1] aubio-raw t=2.5400 onset=0.999524 env=0.000885 peak=0.002070 gain=1.000
2025-12-16 05:25:57 [tracker] [s1] onset-accepted t=2.5400 env=0.000885 gate=0.000029 envDelta=0.000856 envFloor=0.000524 onset=0.999524 thresh=0.006000 onsetDelta=0.993524 baseline=0.000520 floor=0.000180 adapt=0.000874 lastPeak=0.000577 baseParam=0.000180 gateRatio=0.0550 envParam=0.000450 onsetScale=0.300 retriggerScale=1.400 guard=0.060 guardRemain=0.000 activeAge=0.203 retrigRemain=0.017 pitchHz=114.28 pitchCents=566.2
2025-12-16 05:25:57 [tracker] [s1] onset t=2.540 env=0.00088 gate=0.00003 envDelta=0.00086 envFloor=0.00052 onset=1.000 thresh=0.006 onsetDelta=0.99352 baseline=0.00052 adaptive=0.00087 lastPeak=0.00058 guard=0.060 activeAge=0.203 pitch=114.28Hz pitchCents=566.2
2025-12-16 05:25:57 [tracker] [s1] note-ended (new onset) t=2.540 fret=4 dur=0.203
2025-12-16 05:25:57 [tracker] [s1] note-start t=2.540 fret=6 midi=46 vel=0.01 env=0.00088
2025-12-16 05:25:57 [tracker] [s6] onset t=2.644 env=0.00199 gate=0.00020 envDelta=0.00178 envFloor=0.00122 onset=1.025 thresh=0.018 onsetDelta=1.00656 baseline=0.00082 adaptive=0.00204 lastPeak=0.00000 guard=0.060 activeAge=-1.000 pitch=-1.00Hz pitchCents=0.0
2025-12-16 05:25:57 [tracker] [s5] onset t=2.740 env=0.00162 gate=0.00015 envDelta=0.00147 envFloor=0.00107 onset=1.311 thresh=0.016 onsetDelta=1.29542 baseline=0.00072 adaptive=0.00179 lastPeak=0.00000 guard=0.060 activeAge=-1.000 pitch=-1.00Hz pitchCents=0.0
2025-12-16 05:25:57 [tracker] [s3] onset t=2.823 env=0.00099 gate=0.00007 envDelta=0.00092 envFloor=0.00081 onset=0.902 thresh=0.012 onsetDelta=0.89026 baseline=0.00054 adaptive=0.00136 lastPeak=0.00000 guard=0.060 activeAge=-1.000 pitch=-1.00Hz pitchCents=0.0
2025-12-16 05:25:57 [tracker] [s6] onset t=2.948 env=0.00169 gate=0.00020 envDelta=0.00149 envFloor=0.00118 onset=0.998 thresh=0.018 onsetDelta=0.98047 baseline=0.00079 adaptive=0.00197 lastPeak=0.00000 guard=0.060 activeAge=-1.000 pitch=-1.00Hz pitchCents=0.0
2025-12-16 05:25:57 [tracker] [s2] onset t=3.073 env=0.00133 gate=0.00001 envDelta=0.00133 envFloor=0.00081 onset=1.050 thresh=0.009 onsetDelta=1.04128 baseline=0.00054 adaptive=0.00134 lastPeak=0.00000 guard=0.060 activeAge=-1.000 pitch=296.27Hz pitchCents=1715.3
2025-12-16 05:25:57 [tracker] [s2] note-start t=3.073 fret=0 midi=45 vel=0.02 env=0.00133
2025-12-16 05:25:57 [tracker] [s4] onset t=3.073 env=0.00161 gate=0.00011 envDelta=0.00150 envFloor=0.00093 onset=1.028 thresh=0.014 onsetDelta=1.01387 baseline=0.00062 adaptive=0.00155 lastPeak=0.00000 guard=0.060 activeAge=-1.000 pitch=-1.00Hz pitchCents=0.0
2025-12-16 05:25:57 [tracker] [s1] aubio-raw t=3.0840 onset=0.750068 env=0.000932 peak=0.002141 gain=1.000
2025-12-16 05:25:57 [tracker] [s1] onset-accepted t=3.0840 env=0.000932 gate=0.000019 envDelta=0.000913 envFloor=0.000507 onset=0.750068 thresh=0.006000 onsetDelta=0.744068 baseline=0.000338 floor=0.000180 adapt=0.000844 lastPeak=0.000318 baseParam=0.000180 gateRatio=0.0550 envParam=0.000450 onsetScale=0.300 retriggerScale=1.400 guard=0.060 guardRemain=0.000 activeAge=0.544 retrigRemain=0.000 pitchHz=-1.00 pitchCents=0.0
2025-12-16 05:25:57 [tracker] [s1] onset t=3.084 env=0.00093 gate=0.00002 envDelta=0.00091 envFloor=0.00051 onset=0.750 thresh=0.006 onsetDelta=0.74407 baseline=0.00034 adaptive=0.00084 lastPeak=0.00032 guard=0.060 activeAge=0.544 pitch=-1.00Hz pitchCents=0.0
2025-12-16 05:25:57 [tracker] [s1] note-ended (new onset) t=3.084 fret=6 dur=0.544
2025-12-16 05:25:57 [tracker] [s3] onset t=3.087 env=0.00116 gate=0.00007 envDelta=0.00108 envFloor=0.00084 onset=0.845 thresh=0.012 onsetDelta=0.83359 baseline=0.00056 adaptive=0.00140 lastPeak=0.00000 guard=0.060 activeAge=-1.000 pitch=-1.00Hz pitchCents=0.0
2025-12-16 05:25:57 [tracker] [s5] onset t=3.132 env=0.00178 gate=0.00015 envDelta=0.00163 envFloor=0.00105 onset=0.998 thresh=0.016 onsetDelta=0.98182 baseline=0.00070 adaptive=0.00175 lastPeak=0.00000 guard=0.060 activeAge=-1.000 pitch=-1.00Hz pitchCents=0.0
2025-12-16 05:25:57 [tracker] [s1] aubio-raw t=3.1960 onset=1.022129 env=0.000571 peak=0.001841 gain=1.000
2025-12-16 05:25:57 [tracker] [s1] onset-accepted t=3.1960 env=0.000571 gate=0.000019 envDelta=0.000552 envFloor=0.000511 onset=1.022129 thresh=0.006000 onsetDelta=1.016129 baseline=0.000341 floor=0.000180 adapt=0.000851 lastPeak=0.000258 baseParam=0.000180 gateRatio=0.0550 envParam=0.000450 onsetScale=0.300 retriggerScale=1.400 guard=0.060 guardRemain=0.000 activeAge=-1.000 retrigRemain=0.000 pitchHz=156.86 pitchCents=1114.4
2025-12-16 05:25:57 [tracker] [s4] onset t=3.239 env=0.00161 gate=0.00010 envDelta=0.00151 envFloor=0.00089 onset=0.867 thresh=0.014 onsetDelta=0.85313 baseline=0.00059 adaptive=0.00149 lastPeak=0.00000 guard=0.060 activeAge=-1.000 pitch=-1.00Hz pitchCents=0.0
2025-12-16 05:25:57 [tracker] [s2] onset t=3.279 env=0.00110 gate=0.00001 envDelta=0.00109 envFloor=0.00077 onset=0.769 thresh=0.009 onsetDelta=0.76041 baseline=0.00081 adaptive=0.00128 lastPeak=0.00091 guard=0.060 activeAge=0.205 pitch=381.06Hz pitchCents=2151.0
2025-12-16 05:25:57 [tracker] [s2] note-ended (new onset) t=3.279 fret=0 dur=0.205
2025-12-16 05:25:58 [tracker] [s4] onset t=3.319 env=0.00120 gate=0.00010 envDelta=0.00110 envFloor=0.00088 onset=0.995 thresh=0.014 onsetDelta=0.98066 baseline=0.00059 adaptive=0.00147 lastPeak=0.00000 guard=0.060 activeAge=-1.000 pitch=-1.00Hz pitchCents=0.0
2025-12-16 05:25:58 [tracker] [s1] aubio-raw t=3.3320 onset=1.369025 env=0.000998 peak=0.002233 gain=1.000
2025-12-16 05:25:58 [tracker] [s1] onset-accepted t=3.3320 env=0.000998 gate=0.000019 envDelta=0.000980 envFloor=0.000512 onset=1.369025 thresh=0.006000 onsetDelta=1.363025 baseline=0.000341 floor=0.000180 adapt=0.000854 lastPeak=0.000200 baseParam=0.000180 gateRatio=0.0550 envParam=0.000450 onsetScale=0.300 retriggerScale=1.400 guard=0.060 guardRemain=0.000 activeAge=-1.000 retrigRemain=0.000 pitchHz=195.12 pitchCents=1492.2
2025-12-16 05:25:58 [tracker] [s1] onset t=3.332 env=0.00100 gate=0.00002 envDelta=0.00098 envFloor=0.00051 onset=1.369 thresh=0.006 onsetDelta=1.36302 baseline=0.00034 adaptive=0.00085 lastPeak=0.00020 guard=0.060 activeAge=-1.000 pitch=195.12Hz pitchCents=1492.2
2025-12-16 05:25:58 [tracker] [s2] onset t=3.404 env=0.00107 gate=0.00001 envDelta=0.00106 envFloor=0.00080 onset=0.587 thresh=0.009 onsetDelta=0.57774 baseline=0.00064 adaptive=0.00133 lastPeak=0.00072 guard=0.060 activeAge=-1.000 pitch=114.28Hz pitchCents=66.1
2025-12-16 05:25:58 [tracker] [s3] onset t=3.505 env=0.00126 gate=0.00007 envDelta=0.00118 envFloor=0.00086 onset=1.028 thresh=0.012 onsetDelta=1.01593 baseline=0.00057 adaptive=0.00143 lastPeak=0.00000 guard=0.060 activeAge=-1.000 pitch=-1.00Hz pitchCents=0.0
2025-12-16 05:25:58 [tracker] [s5] onset t=3.511 env=0.00168 gate=0.00015 envDelta=0.00153 envFloor=0.00105 onset=0.736 thresh=0.016 onsetDelta=0.71991 baseline=0.00070 adaptive=0.00176 lastPeak=0.00000 guard=0.060 activeAge=-1.000 pitch=-1.00Hz pitchCents=0.0
2025-12-16 05:25:58 [tracker] [s2] onset t=3.521 env=0.00121 gate=0.00001 envDelta=0.00120 envFloor=0.00079 onset=0.928 thresh=0.009 onsetDelta=0.91869 baseline=0.00053 adaptive=0.00132 lastPeak=0.00057 guard=0.060 activeAge=-1.000 pitch=102.56Hz pitchCents=-121.2
2025-12-16 05:25:58 [tracker] [s1] aubio-raw t=3.6680 onset=1.010291 env=0.000762 peak=0.001767 gain=1.000
2025-12-16 05:25:58 [tracker] [s1] onset-accepted t=3.6680 env=0.000762 gate=0.000019 envDelta=0.000743 envFloor=0.000522 onset=1.010291 thresh=0.006000 onsetDelta=1.004291 baseline=0.000348 floor=0.000180 adapt=0.000871 lastPeak=0.000106 baseParam=0.000180 gateRatio=0.0550 envParam=0.000450 onsetScale=0.300 retriggerScale=1.400 guard=0.060 guardRemain=0.000 activeAge=-1.000 retrigRemain=0.000 pitchHz=222.24 pitchCents=1717.5
2025-12-16 05:25:58 [tracker] [s1] onset t=3.668 env=0.00076 gate=0.00002 envDelta=0.00074 envFloor=0.00052 onset=1.010 thresh=0.006 onsetDelta=1.00429 baseline=0.00035 adaptive=0.00087 lastPeak=0.00011 guard=0.060 activeAge=-1.000 pitch=222.24Hz pitchCents=1717.5
2025-12-16 05:25:58 [tracker] [s5] onset t=3.839 env=0.00157 gate=0.00015 envDelta=0.00142 envFloor=0.00105 onset=0.995 thresh=0.016 onsetDelta=0.97918 baseline=0.00070 adaptive=0.00176 lastPeak=0.00000 guard=0.060 activeAge=-1.000 pitch=-1.00Hz pitchCents=0.0
2025-12-16 05:25:58 [tracker] [s4] onset t=3.844 env=0.00167 gate=0.00011 envDelta=0.00156 envFloor=0.00094 onset=1.048 thresh=0.014 onsetDelta=1.03376 baseline=0.00063 adaptive=0.00157 lastPeak=0.00000 guard=0.060 activeAge=-1.000 pitch=-1.00Hz pitchCents=0.0
2025-12-16 05:25:58 [tracker] [s6] onset t=3.889 env=0.00217 gate=0.00022 envDelta=0.00195 envFloor=0.00130 onset=0.989 thresh=0.018 onsetDelta=0.97062 baseline=0.00087 adaptive=0.00217 lastPeak=0.00000 guard=0.060 activeAge=-1.000 pitch=-1.00Hz pitchCents=0.0
2025-12-16 05:25:58 [tracker] [s5] onset t=3.911 env=0.00171 gate=0.00015 envDelta=0.00155 envFloor=0.00110 onset=0.978 thresh=0.016 onsetDelta=0.96163 baseline=0.00073 adaptive=0.00183 lastPeak=0.00000 guard=0.060 activeAge=-1.000 pitch=-1.00Hz pitchCents=0.0
2025-12-16 05:25:58 [tracker] [s3] onset t=3.945 env=0.00128 gate=0.00007 envDelta=0.00121 envFloor=0.00081 onset=0.996 thresh=0.012 onsetDelta=0.98455 baseline=0.00054 adaptive=0.00135 lastPeak=0.00000 guard=0.060 activeAge=-1.000 pitch=-1.00Hz pitchCents=0.0
2025-12-16 05:25:58 [tracker] [s5] onset t=4.009 env=0.00146 gate=0.00014 envDelta=0.00133 envFloor=0.00099 onset=0.977 thresh=0.016 onsetDelta=0.96125 baseline=0.00066 adaptive=0.00166 lastPeak=0.00000 guard=0.060 activeAge=-1.000 pitch=-1.00Hz pitchCents=0.0
2025-12-16 05:25:58 [tracker] [s3] onset t=4.028 env=0.00183 gate=0.00007 envDelta=0.00176 envFloor=0.00085 onset=0.991 thresh=0.012 onsetDelta=0.97945 baseline=0.00056 adaptive=0.00141 lastPeak=0.00000 guard=0.060 activeAge=-1.000 pitch=-1.00Hz pitchCents=0.0
2025-12-16 05:25:58 [tracker] [s1] aubio-raw t=4.0360 onset=0.993633 env=0.000746 peak=0.001736 gain=1.000
2025-12-16 05:25:58 [tracker] [s1] onset-accepted t=4.0360 env=0.000746 gate=0.000018 envDelta=0.000728 envFloor=0.000490 onset=0.993633 thresh=0.006000 onsetDelta=0.987633 baseline=0.000327 floor=0.000180 adapt=0.000817 lastPeak=0.000053 baseParam=0.000180 gateRatio=0.0550 envParam=0.000450 onsetScale=0.300 retriggerScale=1.400 guard=0.060 guardRemain=0.000 activeAge=-1.000 retrigRemain=0.000 pitchHz=148.13 pitchCents=1015.2
2025-12-16 05:25:58 [tracker] [s1] onset t=4.036 env=0.00075 gate=0.00002 envDelta=0.00073 envFloor=0.00049 onset=0.994 thresh=0.006 onsetDelta=0.98763 baseline=0.00033 adaptive=0.00082 lastPeak=0.00005 guard=0.060 activeAge=-1.000 pitch=148.13Hz pitchCents=1015.2
2025-12-16 05:25:58 [tracker] [s1] note-start t=4.036 fret=4 midi=44 vel=0.01 env=0.00075
2025-12-16 05:25:58 [tracker] [s2] onset t=4.063 env=0.00114 gate=0.00001 envDelta=0.00114 envFloor=0.00076 onset=0.575 thresh=0.009 onsetDelta=0.56599 baseline=0.00051 adaptive=0.00127 lastPeak=0.00021 guard=0.060 activeAge=-1.000 pitch=266.63Hz pitchCents=1532.8
2025-12-16 05:25:58 [tracker] [s2] note-start t=4.063 fret=15 midi=60 vel=0.01 env=0.00114
2025-12-16 05:25:58 [tracker] [s5] onset t=4.068 env=0.00147 gate=0.00014 envDelta=0.00133 envFloor=0.00098 onset=0.954 thresh=0.016 onsetDelta=0.93763 baseline=0.00065 adaptive=0.00163 lastPeak=0.00000 guard=0.060 activeAge=-1.000 pitch=-1.00Hz pitchCents=0.0
2025-12-16 05:25:58 [tracker] [s1] aubio-raw t=4.2280 onset=1.439092 env=0.000910 peak=0.002237 gain=1.000
2025-12-16 05:25:58 [tracker] [s1] onset-accepted t=4.2280 env=0.000910 gate=0.000026 envDelta=0.000885 envFloor=0.000556 onset=1.439092 thresh=0.006000 onsetDelta=1.433092 baseline=0.000468 floor=0.000180 adapt=0.000926 lastPeak=0.000520 baseParam=0.000180 gateRatio=0.0550 envParam=0.000450 onsetScale=0.300 retriggerScale=1.400 guard=0.060 guardRemain=0.000 activeAge=0.192 retrigRemain=0.028 pitchHz=-1.00 pitchCents=0.0
2025-12-16 05:25:58 [tracker] [s1] onset t=4.228 env=0.00091 gate=0.00003 envDelta=0.00088 envFloor=0.00056 onset=1.439 thresh=0.006 onsetDelta=1.43309 baseline=0.00047 adaptive=0.00093 lastPeak=0.00052 guard=0.060 activeAge=0.192 pitch=-1.00Hz pitchCents=0.0
2025-12-16 05:25:58 [tracker] [s1] note-ended (new onset) t=4.228 fret=4 dur=0.192
2025-12-16 05:25:58 [tracker] [s2] onset t=4.244 env=0.00107 gate=0.00001 envDelta=0.00107 envFloor=0.00075 onset=1.123 thresh=0.009 onsetDelta=1.11390 baseline=0.00073 adaptive=0.00125 lastPeak=0.00081 guard=0.060 activeAge=0.181 pitch=210.51Hz pitchCents=1123.7
2025-12-16 05:25:58 [tracker] [s2] note-ended (new onset) t=4.244 fret=15 dur=0.181
2025-12-16 05:25:58 [tracker] [s5] onset t=4.247 env=0.00171 gate=0.00015 envDelta=0.00155 envFloor=0.00111 onset=1.100 thresh=0.016 onsetDelta=1.08383 baseline=0.00074 adaptive=0.00184 lastPeak=0.00000 guard=0.060 activeAge=-1.000 pitch=-1.00Hz pitchCents=0.0
2025-12-16 05:25:59 [tracker] [s1] aubio-raw t=4.3640 onset=1.233553 env=0.000570 peak=0.001354 gain=1.000
2025-12-16 05:25:59 [tracker] [s1] onset-accepted t=4.3640 env=0.000570 gate=0.000020 envDelta=0.000550 envFloor=0.000488 onset=1.233553 thresh=0.006000 onsetDelta=1.227553 baseline=0.000362 floor=0.000180 adapt=0.000814 lastPeak=0.000402 baseParam=0.000180 gateRatio=0.0550 envParam=0.000450 onsetScale=0.300 retriggerScale=1.400 guard=0.060 guardRemain=0.000 activeAge=-1.000 retrigRemain=0.000 pitchHz=242.43 pitchCents=1868.1
2025-12-16 05:25:59 [tracker] [s1] onset t=4.364 env=0.00057 gate=0.00002 envDelta=0.00055 envFloor=0.00049 onset=1.234 thresh=0.006 onsetDelta=1.22755 baseline=0.00036 adaptive=0.00081 lastPeak=0.00040 guard=0.060 activeAge=-1.000 pitch=242.43Hz pitchCents=1868.1
