# SignalAssistant session log
# Started at 2025-12-14 07:53:16
2025-12-14 07:53:16 [session] mode=live session='' path='' duration=0.00 files=0
2025-12-14 07:53:16 [tracker-settings] TrackerConfig onsetThreshold=0.02000 minNoteDurSec=0.045 hopSec=0.010 slideDelta=120.0 bendDelta=35.0
2025-12-14 07:53:16 [tracker-settings] string1 midi=40 lowCut=37.08Hz highCut=445.00Hz baseline=0.000180 gateRatio=0.05500 envFloor=0.000450 sustainScale=0.580 retriggerScale=1.400 peakRelease=0.120 pitchTol=0.400 onsetScale=0.006
2025-12-14 07:53:16 [tracker-settings] string2 midi=45 lowCut=55.00Hz highCut=563.20Hz baseline=0.000220 gateRatio=0.10000 envFloor=0.000550 sustainScale=0.700 retriggerScale=1.250 peakRelease=0.130 pitchTol=0.400 onsetScale=0.009
2025-12-14 07:53:16 [tracker-settings] string4 midi=55 lowCut=127.40Hz highCut=862.39Hz baseline=0.000320 gateRatio=0.17000 envFloor=0.000780 sustainScale=1.000 retriggerScale=1.000 peakRelease=0.160 pitchTol=0.440 onsetScale=0.014
2025-12-14 07:53:16 [tracker-settings] string5 midi=59 lowCut=160.51Hz highCut=1086.54Hz baseline=0.000370 gateRatio=0.21000 envFloor=0.000900 sustainScale=1.000 retriggerScale=1.000 peakRelease=0.180 pitchTol=0.500 onsetScale=0.016
2025-12-14 07:53:16 [tracker-settings] string6 midi=64 lowCut=214.26Hz highCut=1450.36Hz baseline=0.000420 gateRatio=0.25000 envFloor=0.001050 sustainScale=1.000 retriggerScale=1.000 peakRelease=0.200 pitchTol=0.550 onsetScale=0.018
2025-12-14 07:53:16 [tracker] [s1] calibration reset target=0.00180 gain=1.000
2025-12-14 07:53:16 [tracker] [s2] calibration reset target=0.00180 gain=1.000
2025-12-14 07:53:16 [tracker] [s3] calibration reset target=0.00180 gain=1.000
2025-12-14 07:53:16 [tracker] [s4] calibration reset target=0.00180 gain=1.000
2025-12-14 07:53:16 [tracker] [s5] calibration reset target=0.00180 gain=1.000
2025-12-14 07:53:16 [tracker] [s6] calibration reset target=0.00180 gain=1.000
2025-12-14 07:53:16 [calibration] Loading calibration profile multipliers into parameters
2025-12-14 07:53:16 [calibration] String 1: setting multiplier to 6.317
2025-12-14 07:53:16 [calibration] String 2: setting multiplier to 8.000
2025-12-14 07:53:16 [calibration] String 3: setting multiplier to 8.000
2025-12-14 07:53:16 [calibration] String 4: setting multiplier to 8.000
2025-12-14 07:53:16 [calibration] String 5: setting multiplier to 8.000
2025-12-14 07:53:16 [calibration] String 6: setting multiplier to 8.000
2025-12-14 07:53:16 [tracker] [s1] calibration avg=0.03970 target=0.00180 gain=1.000
2025-12-14 07:53:16 [tracker] [s2] calibration avg=0.01940 target=0.00180 gain=1.000
2025-12-14 07:53:16 [tracker] [s3] calibration avg=0.01411 target=0.00180 gain=1.000
2025-12-14 07:53:16 [tracker] [s4] calibration avg=0.03018 target=0.00180 gain=1.000
2025-12-14 07:53:16 [tracker] [s5] calibration avg=0.02970 target=0.00180 gain=1.000
2025-12-14 07:53:17 [tracker] [s1] configure sr=48000.0 hop=128 fft=1024 low=37.1 high=445.0
2025-12-14 07:53:17 [tracker] [s1] params baseline=0.000180 gate=0.0550 envFloor=0.000450 sustain=0.580 retrigger=1.400 peakRelease=0.120 pitchTol=0.400 onsetScale=0.006 aubioScale=1.20 aubioThresh=0.024 onsetSilence=-85.0 pitchSilence=-90.0
2025-12-14 07:53:17 [tracker] [s2] configure sr=48000.0 hop=128 fft=1024 low=55.0 high=563.2
2025-12-14 07:53:17 [tracker] [s2] params baseline=0.000220 gate=0.0100 envFloor=0.000100 sustain=1.500 retrigger=1.250 peakRelease=0.130 pitchTol=0.400 onsetScale=0.009 aubioScale=1.35 aubioThresh=0.027 onsetSilence=-85.0 pitchSilence=-90.0
2025-12-14 07:53:17 [tracker] [s3] configure sr=48000.0 hop=128 fft=1024 low=85.2 high=693.0
2025-12-14 07:53:17 [tracker] [s3] params baseline=0.000260 gate=0.1300 envFloor=0.000650 sustain=0.820 retrigger=1.100 peakRelease=0.140 pitchTol=0.450 onsetScale=0.012 aubioScale=1.60 aubioThresh=0.032 onsetSilence=-75.0 pitchSilence=-80.0
2025-12-14 07:53:17 [tracker] [s4] configure sr=48000.0 hop=128 fft=1024 low=127.4 high=862.4
2025-12-14 07:53:17 [tracker] [s4] params baseline=0.000320 gate=0.1700 envFloor=0.000780 sustain=1.000 retrigger=1.000 peakRelease=0.160 pitchTol=0.440 onsetScale=0.014 aubioScale=1.80 aubioThresh=0.036 onsetSilence=-75.0 pitchSilence=-80.0
2025-12-14 07:53:17 [tracker] [s5] configure sr=48000.0 hop=128 fft=512 low=160.5 high=1086.5
2025-12-14 07:53:17 [tracker] [s5] params baseline=0.000370 gate=0.2100 envFloor=0.000900 sustain=1.000 retrigger=1.000 peakRelease=0.180 pitchTol=0.500 onsetScale=0.016 aubioScale=1.80 aubioThresh=0.036 onsetSilence=-75.0 pitchSilence=-80.0
2025-12-14 07:53:17 [tracker] [s6] configure sr=48000.0 hop=128 fft=512 low=214.3 high=1450.4
2025-12-14 07:53:17 [tracker] [s6] params baseline=0.000420 gate=0.2500 envFloor=0.001050 sustain=1.000 retrigger=1.000 peakRelease=0.200 pitchTol=0.550 onsetScale=0.018 aubioScale=1.80 aubioThresh=0.036 onsetSilence=-75.0 pitchSilence=-80.0
2025-12-14 07:53:17 [tracker] [s1] aubio-raw t=0.0040 onset=4.000000 env=0.001030 peak=0.002309 gain=1.000
2025-12-14 07:53:17 [tracker] [s1] onset-accepted t=0.0040 env=0.001030 gate=0.000022 envDelta=0.001008 envFloor=0.000603 onset=4.000000 thresh=0.006000 onsetDelta=3.994000 baseline=0.000402 floor=0.000180 adapt=0.001004 lastPeak=0.000000 baseParam=0.000180 gateRatio=0.0550 envParam=0.000450 onsetScale=0.300 retriggerScale=1.400 guard=0.060 guardRemain=0.000 activeAge=-1.000 retrigRemain=0.000 pitchHz=125.16 pitchCents=723.6
2025-12-14 07:53:17 [tracker] [s1] onset t=0.004 env=0.00103 gate=0.00002 envDelta=0.00101 envFloor=0.00060 onset=4.000 thresh=0.006 onsetDelta=3.99400 baseline=0.00040 adaptive=0.00100 lastPeak=0.00000 guard=0.060 activeAge=-1.000 pitch=125.16Hz pitchCents=723.6
2025-12-14 07:53:17 [tracker] [s2] onset t=0.004 env=0.00155 gate=0.00000 envDelta=0.00155 envFloor=0.00065 onset=4.000 thresh=0.009 onsetDelta=3.99100 baseline=0.00043 adaptive=0.00108 lastPeak=0.00000 guard=0.060 activeAge=-1.000 pitch=125.16Hz pitchCents=223.6
2025-12-14 07:53:17 [tracker] [s3] onset t=0.004 env=0.00149 gate=0.00006 envDelta=0.00144 envFloor=0.00065 onset=4.000 thresh=0.012 onsetDelta=3.98840 baseline=0.00043 adaptive=0.00107 lastPeak=0.00000 guard=0.060 activeAge=-1.000 pitch=125.16Hz pitchCents=-276.4
2025-12-14 07:53:17 [tracker] [s4] onset t=0.004 env=0.00119 gate=0.00007 envDelta=0.00112 envFloor=0.00078 onset=4.000 thresh=0.014 onsetDelta=3.98600 baseline=0.00041 adaptive=0.00103 lastPeak=0.00000 guard=0.060 activeAge=-1.000 pitch=125.16Hz pitchCents=-776.4
2025-12-14 07:53:17 [tracker] [s5] onset t=0.004 env=0.00181 gate=0.00009 envDelta=0.00171 envFloor=0.00090 onset=4.000 thresh=0.016 onsetDelta=3.98400 baseline=0.00045 adaptive=0.00112 lastPeak=0.00000 guard=0.060 activeAge=-1.000 pitch=376.47Hz pitchCents=730.0
2025-12-14 07:53:17 [tracker] [s6] onset t=0.004 env=0.00205 gate=0.00012 envDelta=0.00194 envFloor=0.00105 onset=4.000 thresh=0.018 onsetDelta=3.98200 baseline=0.00046 adaptive=0.00116 lastPeak=0.00000 guard=0.060 activeAge=-1.000 pitch=376.47Hz pitchCents=230.0
2025-12-14 07:53:17 [tracker] [s3] onset t=0.175 env=0.00097 gate=0.00008 envDelta=0.00090 envFloor=0.00087 onset=1.185 thresh=0.012 onsetDelta=1.17373 baseline=0.00058 adaptive=0.00145 lastPeak=0.00000 guard=0.060 activeAge=-1.000 pitch=-1.00Hz pitchCents=0.0
2025-12-14 07:53:17 [tracker] [s1] aubio-raw t=0.1933 onset=0.997328 env=0.000884 peak=0.002253 gain=1.000
2025-12-14 07:53:17 [tracker] [s1] onset-accepted t=0.1933 env=0.000884 gate=0.000023 envDelta=0.000862 envFloor=0.000620 onset=0.997328 thresh=0.006000 onsetDelta=0.991328 baseline=0.000413 floor=0.000180 adapt=0.001033 lastPeak=0.000000 baseParam=0.000180 gateRatio=0.0550 envParam=0.000450 onsetScale=0.300 retriggerScale=1.400 guard=0.060 guardRemain=0.000 activeAge=-1.000 retrigRemain=0.000 pitchHz=94.12 pitchCents=230.1
2025-12-14 07:53:17 [tracker] [s1] onset t=0.193 env=0.00088 gate=0.00002 envDelta=0.00086 envFloor=0.00062 onset=0.997 thresh=0.006 onsetDelta=0.99133 baseline=0.00041 adaptive=0.00103 lastPeak=0.00000 guard=0.060 activeAge=-1.000 pitch=94.12Hz pitchCents=230.1
2025-12-14 07:53:17 [tracker] [s5] onset t=0.199 env=0.00183 gate=0.00014 envDelta=0.00169 envFloor=0.00102 onset=0.890 thresh=0.016 onsetDelta=0.87355 baseline=0.00068 adaptive=0.00171 lastPeak=0.00000 guard=0.060 activeAge=-1.000 pitch=-1.00Hz pitchCents=0.0
2025-12-14 07:53:17 [tracker] [s4] onset t=0.220 env=0.00175 gate=0.00011 envDelta=0.00164 envFloor=0.00099 onset=1.046 thresh=0.014 onsetDelta=1.03189 baseline=0.00066 adaptive=0.00165 lastPeak=0.00000 guard=0.060 activeAge=-1.000 pitch=-1.00Hz pitchCents=0.0
2025-12-14 07:53:17 [tracker] [s5] onset t=0.265 env=0.00159 gate=0.00015 envDelta=0.00143 envFloor=0.00110 onset=0.992 thresh=0.016 onsetDelta=0.97590 baseline=0.00073 adaptive=0.00184 lastPeak=0.00000 guard=0.060 activeAge=-1.000 pitch=-1.00Hz pitchCents=0.0
2025-12-14 07:53:17 [tracker] [s6] onset t=0.276 env=0.00204 gate=0.00021 envDelta=0.00183 envFloor=0.00126 onset=0.974 thresh=0.018 onsetDelta=0.95566 baseline=0.00084 adaptive=0.00211 lastPeak=0.00000 guard=0.060 activeAge=-1.000 pitch=-1.00Hz pitchCents=0.0
2025-12-14 07:53:17 [tracker] [s2] onset t=0.319 env=0.00099 gate=0.00001 envDelta=0.00099 envFloor=0.00097 onset=0.997 thresh=0.009 onsetDelta=0.98837 baseline=0.00064 adaptive=0.00161 lastPeak=0.00000 guard=0.060 activeAge=-1.000 pitch=-1.00Hz pitchCents=0.0
2025-12-14 07:53:17 [tracker] [s5] onset t=0.588 env=0.00158 gate=0.00015 envDelta=0.00143 envFloor=0.00108 onset=0.986 thresh=0.016 onsetDelta=0.96969 baseline=0.00072 adaptive=0.00179 lastPeak=0.00000 guard=0.060 activeAge=-1.000 pitch=-1.00Hz pitchCents=0.0
2025-12-14 07:53:17 [tracker] [s6] onset t=0.655 env=0.00193 gate=0.00021 envDelta=0.00172 envFloor=0.00126 onset=0.672 thresh=0.018 onsetDelta=0.65393 baseline=0.00084 adaptive=0.00211 lastPeak=0.00000 guard=0.060 activeAge=-1.000 pitch=-1.00Hz pitchCents=0.0
2025-12-14 07:53:17 [tracker] [s6] onset t=0.729 env=0.00210 gate=0.00022 envDelta=0.00188 envFloor=0.00134 onset=0.997 thresh=0.018 onsetDelta=0.97869 baseline=0.00089 adaptive=0.00223 lastPeak=0.00000 guard=0.060 activeAge=-1.000 pitch=-1.00Hz pitchCents=0.0
2025-12-14 07:53:17 [tracker] [s3] onset t=0.745 env=0.00155 gate=0.00008 envDelta=0.00146 envFloor=0.00095 onset=0.996 thresh=0.012 onsetDelta=0.98393 baseline=0.00063 adaptive=0.00159 lastPeak=0.00000 guard=0.060 activeAge=-1.000 pitch=-1.00Hz pitchCents=0.0
2025-12-14 07:53:17 [tracker] [s4] onset t=0.855 env=0.00145 gate=0.00011 envDelta=0.00134 envFloor=0.00099 onset=1.480 thresh=0.014 onsetDelta=1.46622 baseline=0.00066 adaptive=0.00165 lastPeak=0.00000 guard=0.060 activeAge=-1.000 pitch=-1.00Hz pitchCents=0.0
2025-12-14 07:53:18 [tracker] [s4] onset t=0.916 env=0.00132 gate=0.00011 envDelta=0.00121 envFloor=0.00097 onset=0.994 thresh=0.014 onsetDelta=0.98014 baseline=0.00065 adaptive=0.00162 lastPeak=0.00000 guard=0.060 activeAge=-1.000 pitch=-1.00Hz pitchCents=0.0
2025-12-14 07:53:18 [tracker] [s3] onset t=0.945 env=0.00122 gate=0.00008 envDelta=0.00114 envFloor=0.00093 onset=1.099 thresh=0.012 onsetDelta=1.08779 baseline=0.00062 adaptive=0.00156 lastPeak=0.00000 guard=0.060 activeAge=-1.000 pitch=-1.00Hz pitchCents=0.0
2025-12-14 07:53:18 [tracker] [s5] onset t=1.009 env=0.00174 gate=0.00015 envDelta=0.00159 envFloor=0.00107 onset=1.005 thresh=0.016 onsetDelta=0.98892 baseline=0.00072 adaptive=0.00179 lastPeak=0.00000 guard=0.060 activeAge=-1.000 pitch=-1.00Hz pitchCents=0.0
2025-12-14 07:53:18 [tracker] [s4] onset t=1.036 env=0.00185 gate=0.00012 envDelta=0.00173 envFloor=0.00102 onset=0.995 thresh=0.014 onsetDelta=0.98099 baseline=0.00068 adaptive=0.00170 lastPeak=0.00000 guard=0.060 activeAge=-1.000 pitch=-1.00Hz pitchCents=0.0
2025-12-14 07:53:18 [tracker] [s6] onset t=1.047 env=0.00201 gate=0.00022 envDelta=0.00180 envFloor=0.00129 onset=1.004 thresh=0.018 onsetDelta=0.98561 baseline=0.00086 adaptive=0.00216 lastPeak=0.00000 guard=0.060 activeAge=-1.000 pitch=-1.00Hz pitchCents=0.0
2025-12-14 07:53:18 [tracker] [s3] onset t=1.073 env=0.00170 gate=0.00008 envDelta=0.00161 envFloor=0.00095 onset=0.998 thresh=0.012 onsetDelta=0.98688 baseline=0.00063 adaptive=0.00158 lastPeak=0.00000 guard=0.060 activeAge=-1.000 pitch=-1.00Hz pitchCents=0.0
2025-12-14 07:53:18 [tracker] [s2] onset t=1.113 env=0.00198 gate=0.00001 envDelta=0.00197 envFloor=0.00103 onset=0.997 thresh=0.009 onsetDelta=0.98837 baseline=0.00069 adaptive=0.00172 lastPeak=0.00000 guard=0.060 activeAge=-1.000 pitch=-1.00Hz pitchCents=0.0
2025-12-14 07:53:18 [tracker] [s4] onset t=1.127 env=0.00178 gate=0.00011 envDelta=0.00166 envFloor=0.00101 onset=1.142 thresh=0.014 onsetDelta=1.12838 baseline=0.00067 adaptive=0.00168 lastPeak=0.00000 guard=0.060 activeAge=-1.000 pitch=-1.00Hz pitchCents=0.0
2025-12-14 07:53:18 [tracker] [s5] onset t=1.175 env=0.00174 gate=0.00015 envDelta=0.00159 envFloor=0.00108 onset=0.995 thresh=0.016 onsetDelta=0.97895 baseline=0.00072 adaptive=0.00181 lastPeak=0.00000 guard=0.060 activeAge=-1.000 pitch=-1.00Hz pitchCents=0.0
2025-12-14 07:53:18 [tracker] [s6] onset t=1.180 env=0.00192 gate=0.00021 envDelta=0.00171 envFloor=0.00126 onset=0.996 thresh=0.018 onsetDelta=0.97759 baseline=0.00084 adaptive=0.00209 lastPeak=0.00000 guard=0.060 activeAge=-1.000 pitch=-1.00Hz pitchCents=0.0
2025-12-14 07:53:18 [tracker] [s4] onset t=1.204 env=0.00175 gate=0.00011 envDelta=0.00164 envFloor=0.00097 onset=1.052 thresh=0.014 onsetDelta=1.03850 baseline=0.00065 adaptive=0.00161 lastPeak=0.00000 guard=0.060 activeAge=-1.000 pitch=-1.00Hz pitchCents=0.0
2025-12-14 07:53:18 [tracker] [s4] onset t=1.284 env=0.00141 gate=0.00011 envDelta=0.00130 envFloor=0.00097 onset=0.901 thresh=0.014 onsetDelta=0.88736 baseline=0.00065 adaptive=0.00162 lastPeak=0.00000 guard=0.060 activeAge=-1.000 pitch=-1.00Hz pitchCents=0.0
2025-12-14 07:53:18 [tracker] [s6] onset t=1.351 env=0.00196 gate=0.00020 envDelta=0.00176 envFloor=0.00120 onset=1.022 thresh=0.018 onsetDelta=1.00438 baseline=0.00080 adaptive=0.00200 lastPeak=0.00000 guard=0.060 activeAge=-1.000 pitch=-1.00Hz pitchCents=0.0
2025-12-14 07:53:18 [tracker] [s2] onset t=1.359 env=0.00105 gate=0.00001 envDelta=0.00104 envFloor=0.00103 onset=0.885 thresh=0.009 onsetDelta=0.87624 baseline=0.00069 adaptive=0.00172 lastPeak=0.00000 guard=0.060 activeAge=-1.000 pitch=-1.00Hz pitchCents=0.0
2025-12-14 07:53:18 [tracker] [s5] onset t=1.513 env=0.00159 gate=0.00016 envDelta=0.00143 envFloor=0.00111 onset=1.217 thresh=0.016 onsetDelta=1.20116 baseline=0.00074 adaptive=0.00185 lastPeak=0.00000 guard=0.060 activeAge=-1.000 pitch=-1.00Hz pitchCents=0.0
2025-12-14 07:53:18 [tracker] [s4] onset t=1.583 env=0.00107 gate=0.00011 envDelta=0.00096 envFloor=0.00098 onset=0.740 thresh=0.014 onsetDelta=0.72596 baseline=0.00065 adaptive=0.00163 lastPeak=0.00000 guard=0.060 activeAge=-1.000 pitch=-1.00Hz pitchCents=0.0
2025-12-14 07:53:18 [tracker] [s6] onset t=1.596 env=0.00192 gate=0.00020 envDelta=0.00172 envFloor=0.00121 onset=1.001 thresh=0.018 onsetDelta=0.98310 baseline=0.00080 adaptive=0.00201 lastPeak=0.00000 guard=0.060 activeAge=-1.000 pitch=-1.00Hz pitchCents=0.0
2025-12-14 07:53:18 [tracker] [s3] onset t=1.607 env=0.00137 gate=0.00008 envDelta=0.00129 envFloor=0.00095 onset=1.317 thresh=0.012 onsetDelta=1.30565 baseline=0.00063 adaptive=0.00158 lastPeak=0.00000 guard=0.060 activeAge=-1.000 pitch=-1.00Hz pitchCents=0.0
2025-12-14 07:53:18 [tracker] [s3] onset t=1.665 env=0.00107 gate=0.00008 envDelta=0.00100 envFloor=0.00089 onset=0.999 thresh=0.012 onsetDelta=0.98777 baseline=0.00059 adaptive=0.00148 lastPeak=0.00000 guard=0.060 activeAge=-1.000 pitch=-1.00Hz pitchCents=0.0
2025-12-14 07:53:18 [tracker] [s5] onset t=1.753 env=0.00158 gate=0.00016 envDelta=0.00142 envFloor=0.00111 onset=0.998 thresh=0.016 onsetDelta=0.98155 baseline=0.00074 adaptive=0.00185 lastPeak=0.00000 guard=0.060 activeAge=-1.000 pitch=-1.00Hz pitchCents=0.0
2025-12-14 07:53:18 [tracker] [s2] onset t=1.783 env=0.00136 gate=0.00001 envDelta=0.00135 envFloor=0.00112 onset=0.672 thresh=0.009 onsetDelta=0.66343 baseline=0.00074 adaptive=0.00186 lastPeak=0.00000 guard=0.060 activeAge=-1.000 pitch=-1.00Hz pitchCents=0.0
2025-12-14 07:53:18 [tracker] [s6] onset t=1.839 env=0.00200 gate=0.00022 envDelta=0.00178 envFloor=0.00130 onset=1.095 thresh=0.018 onsetDelta=1.07719 baseline=0.00087 adaptive=0.00217 lastPeak=0.00000 guard=0.060 activeAge=-1.000 pitch=-1.00Hz pitchCents=0.0
2025-12-14 07:53:18 [tracker] [s4] onset t=1.860 env=0.00153 gate=0.00012 envDelta=0.00141 envFloor=0.00102 onset=0.691 thresh=0.014 onsetDelta=0.67685 baseline=0.00068 adaptive=0.00170 lastPeak=0.00000 guard=0.060 activeAge=-1.000 pitch=-1.00Hz pitchCents=0.0
2025-12-14 07:53:19 [tracker] [s1] aubio-raw t=1.9000 onset=0.666150 env=0.001020 peak=0.002581 gain=1.000
2025-12-14 07:53:19 [tracker] [s1] onset-accepted t=1.9000 env=0.001020 gate=0.000024 envDelta=0.000997 envFloor=0.000649 onset=0.666150 thresh=0.006000 onsetDelta=0.660150 baseline=0.000433 floor=0.000180 adapt=0.001082 lastPeak=0.000000 baseParam=0.000180 gateRatio=0.0550 envParam=0.000450 onsetScale=0.300 retriggerScale=1.400 guard=0.060 guardRemain=0.000 activeAge=-1.000 retrigRemain=0.000 pitchHz=-1.00 pitchCents=0.0
2025-12-14 07:53:19 [tracker] [s1] onset t=1.900 env=0.00102 gate=0.00002 envDelta=0.00100 envFloor=0.00065 onset=0.666 thresh=0.006 onsetDelta=0.66015 baseline=0.00043 adaptive=0.00108 lastPeak=0.00000 guard=0.060 activeAge=-1.000 pitch=-1.00Hz pitchCents=0.0
2025-12-14 07:53:19 [tracker] [s2] onset t=1.951 env=0.00135 gate=0.00001 envDelta=0.00134 envFloor=0.00095 onset=0.970 thresh=0.009 onsetDelta=0.96144 baseline=0.00064 adaptive=0.00159 lastPeak=0.00000 guard=0.060 activeAge=-1.000 pitch=-1.00Hz pitchCents=0.0
2025-12-14 07:53:19 [tracker] [s4] onset t=1.993 env=0.00184 gate=0.00011 envDelta=0.00172 envFloor=0.00100 onset=0.642 thresh=0.014 onsetDelta=0.62826 baseline=0.00067 adaptive=0.00166 lastPeak=0.00000 guard=0.060 activeAge=-1.000 pitch=-1.00Hz pitchCents=0.0
2025-12-14 07:53:19 [tracker] [s6] onset t=2.084 env=0.00189 gate=0.00019 envDelta=0.00170 envFloor=0.00115 onset=1.018 thresh=0.018 onsetDelta=0.99953 baseline=0.00077 adaptive=0.00192 lastPeak=0.00000 guard=0.060 activeAge=-1.000 pitch=-1.00Hz pitchCents=0.0
2025-12-14 07:53:19 [tracker] [s1] aubio-raw t=2.1080 onset=0.774241 env=0.000826 peak=0.002178 gain=1.000
2025-12-14 07:53:19 [tracker] [s1] onset-accepted t=2.1080 env=0.000826 gate=0.000021 envDelta=0.000805 envFloor=0.000581 onset=0.774241 thresh=0.006000 onsetDelta=0.768241 baseline=0.000388 floor=0.000180 adapt=0.000969 lastPeak=0.000000 baseParam=0.000180 gateRatio=0.0550 envParam=0.000450 onsetScale=0.300 retriggerScale=1.400 guard=0.060 guardRemain=0.000 activeAge=-1.000 retrigRemain=0.000 pitchHz=888.99 pitchCents=4117.6
2025-12-14 07:53:19 [tracker] [s1] onset t=2.108 env=0.00083 gate=0.00002 envDelta=0.00080 envFloor=0.00058 onset=0.774 thresh=0.006 onsetDelta=0.76824 baseline=0.00039 adaptive=0.00097 lastPeak=0.00000 guard=0.060 activeAge=-1.000 pitch=888.99Hz pitchCents=4117.6
2025-12-14 07:53:19 [tracker] [s1] note-start t=2.108 fret=24 midi=64 vel=0.01 env=0.00083
2025-12-14 07:53:19 [tracker] [s3] onset t=2.140 env=0.00156 gate=0.00008 envDelta=0.00148 envFloor=0.00091 onset=1.360 thresh=0.012 onsetDelta=1.34865 baseline=0.00060 adaptive=0.00151 lastPeak=0.00000 guard=0.060 activeAge=-1.000 pitch=-1.00Hz pitchCents=0.0
2025-12-14 07:53:19 [tracker] [s5] onset t=2.209 env=0.00170 gate=0.00015 envDelta=0.00155 envFloor=0.00107 onset=0.985 thresh=0.016 onsetDelta=0.96913 baseline=0.00071 adaptive=0.00178 lastPeak=0.00000 guard=0.060 activeAge=-1.000 pitch=-1.00Hz pitchCents=0.0
2025-12-14 07:53:19 [tracker] [s2] onset t=2.239 env=0.00176 gate=0.00001 envDelta=0.00175 envFloor=0.00102 onset=1.370 thresh=0.009 onsetDelta=1.36070 baseline=0.00068 adaptive=0.00170 lastPeak=0.00000 guard=0.060 activeAge=-1.000 pitch=-1.00Hz pitchCents=0.0
2025-12-14 07:53:19 [tracker] [s5] onset t=2.439 env=0.00148 gate=0.00014 envDelta=0.00134 envFloor=0.00102 onset=1.003 thresh=0.016 onsetDelta=0.98654 baseline=0.00068 adaptive=0.00170 lastPeak=0.00000 guard=0.060 activeAge=-1.000 pitch=-1.00Hz pitchCents=0.0
2025-12-14 07:53:19 [tracker] [s5] onset t=2.524 env=0.00191 gate=0.00014 envDelta=0.00176 envFloor=0.00104 onset=0.816 thresh=0.016 onsetDelta=0.79993 baseline=0.00069 adaptive=0.00173 lastPeak=0.00000 guard=0.060 activeAge=-1.000 pitch=-1.00Hz pitchCents=0.0
2025-12-14 07:53:19 [tracker] [s1] aubio-raw t=2.5427 onset=0.697690 env=0.000945 peak=0.002394 gain=1.000
2025-12-14 07:53:19 [tracker] [s1] onset-accepted t=2.5427 env=0.000945 gate=0.000022 envDelta=0.000923 envFloor=0.000601 onset=0.697690 thresh=0.006000 onsetDelta=0.691691 baseline=0.000401 floor=0.000180 adapt=0.001001 lastPeak=0.000365 baseParam=0.000180 gateRatio=0.0550 envParam=0.000450 onsetScale=0.300 retriggerScale=1.400 guard=0.060 guardRemain=0.000 activeAge=0.435 retrigRemain=0.000 pitchHz=-1.00 pitchCents=0.0
2025-12-14 07:53:19 [tracker] [s1] onset t=2.543 env=0.00095 gate=0.00002 envDelta=0.00092 envFloor=0.00060 onset=0.698 thresh=0.006 onsetDelta=0.69169 baseline=0.00040 adaptive=0.00100 lastPeak=0.00037 guard=0.060 activeAge=0.435 pitch=-1.00Hz pitchCents=0.0
2025-12-14 07:53:19 [tracker] [s1] note-ended (new onset) t=2.543 fret=24 dur=0.435
2025-12-14 07:53:19 [tracker] [s5] onset t=2.612 env=0.00163 gate=0.00015 envDelta=0.00147 envFloor=0.00110 onset=1.192 thresh=0.016 onsetDelta=1.17593 baseline=0.00073 adaptive=0.00184 lastPeak=0.00000 guard=0.060 activeAge=-1.000 pitch=-1.00Hz pitchCents=0.0
2025-12-14 07:53:19 [tracker] [s1] aubio-raw t=2.6254 onset=0.997562 env=0.000599 peak=0.001699 gain=1.000
2025-12-14 07:53:19 [tracker] [s1] onset-below-env-floor t=2.6254 env=0.000599 gate=0.000024 envDelta=0.000575 envFloor=0.000658 onset=0.997562 thresh=0.006000 onsetDelta=0.991562 baseline=0.000439 floor=0.000180 adapt=0.001097 lastPeak=0.000312 baseParam=0.000180 gateRatio=0.0550 envParam=0.000450 onsetScale=0.300 retriggerScale=1.400 guard=0.060 guardRemain=0.000 activeAge=-1.000 retrigRemain=0.000 pitchHz=-1.00 pitchCents=0.0
2025-12-14 07:53:19 [tracker] [s3] onset t=2.761 env=0.00127 gate=0.00008 envDelta=0.00120 envFloor=0.00088 onset=0.897 thresh=0.012 onsetDelta=0.88544 baseline=0.00058 adaptive=0.00146 lastPeak=0.00000 guard=0.060 activeAge=-1.000 pitch=-1.00Hz pitchCents=0.0
2025-12-14 07:53:19 [tracker] [s1] aubio-raw t=2.8574 onset=0.644563 env=0.001235 peak=0.003027 gain=1.000
2025-12-14 07:53:19 [tracker] [s1] onset-accepted t=2.8574 env=0.001235 gate=0.000022 envDelta=0.001213 envFloor=0.000607 onset=0.644563 thresh=0.006000 onsetDelta=0.638563 baseline=0.000405 floor=0.000180 adapt=0.001012 lastPeak=0.000202 baseParam=0.000180 gateRatio=0.0550 envParam=0.000450 onsetScale=0.300 retriggerScale=1.400 guard=0.060 guardRemain=0.000 activeAge=-1.000 retrigRemain=0.000 pitchHz=-1.00 pitchCents=0.0
2025-12-14 07:53:19 [tracker] [s1] onset t=2.857 env=0.00123 gate=0.00002 envDelta=0.00121 envFloor=0.00061 onset=0.645 thresh=0.006 onsetDelta=0.63856 baseline=0.00040 adaptive=0.00101 lastPeak=0.00020 guard=0.060 activeAge=-1.000 pitch=-1.00Hz pitchCents=0.0
2025-12-14 07:53:19 [tracker] [s4] onset t=2.863 env=0.00184 gate=0.00011 envDelta=0.00173 envFloor=0.00096 onset=0.938 thresh=0.014 onsetDelta=0.92411 baseline=0.00064 adaptive=0.00160 lastPeak=0.00000 guard=0.060 activeAge=-1.000 pitch=-1.00Hz pitchCents=0.0
2025-12-14 07:53:20 [tracker] [s6] onset t=2.988 env=0.00183 gate=0.00022 envDelta=0.00161 envFloor=0.00131 onset=1.000 thresh=0.018 onsetDelta=0.98153 baseline=0.00088 adaptive=0.00219 lastPeak=0.00000 guard=0.060 activeAge=-1.000 pitch=-1.00Hz pitchCents=0.0
2025-12-14 07:53:20 [tracker] [s3] onset t=3.041 env=0.00141 gate=0.00008 envDelta=0.00133 envFloor=0.00096 onset=1.445 thresh=0.012 onsetDelta=1.43314 baseline=0.00064 adaptive=0.00160 lastPeak=0.00000 guard=0.060 activeAge=-1.000 pitch=-1.00Hz pitchCents=0.0
2025-12-14 07:53:20 [tracker] [s5] onset t=3.220 env=0.00160 gate=0.00014 envDelta=0.00145 envFloor=0.00101 onset=0.992 thresh=0.016 onsetDelta=0.97580 baseline=0.00067 adaptive=0.00168 lastPeak=0.00000 guard=0.060 activeAge=-1.000 pitch=-1.00Hz pitchCents=0.0
2025-12-14 07:53:20 [tracker] [s2] onset t=3.335 env=0.00160 gate=0.00001 envDelta=0.00159 envFloor=0.00101 onset=1.126 thresh=0.009 onsetDelta=1.11709 baseline=0.00068 adaptive=0.00169 lastPeak=0.00000 guard=0.060 activeAge=-1.000 pitch=-1.00Hz pitchCents=0.0
2025-12-14 07:53:20 [tracker] [s4] onset t=3.407 env=0.00147 gate=0.00011 envDelta=0.00136 envFloor=0.00101 onset=0.997 thresh=0.014 onsetDelta=0.98298 baseline=0.00067 adaptive=0.00168 lastPeak=0.00000 guard=0.060 activeAge=-1.000 pitch=-1.00Hz pitchCents=0.0
2025-12-14 07:53:20 [tracker] [s3] onset t=3.431 env=0.00126 gate=0.00008 envDelta=0.00118 envFloor=0.00095 onset=1.472 thresh=0.012 onsetDelta=1.46086 baseline=0.00063 adaptive=0.00159 lastPeak=0.00000 guard=0.060 activeAge=-1.000 pitch=-1.00Hz pitchCents=0.0
2025-12-14 07:53:20 [tracker] [s5] onset t=3.548 env=0.00155 gate=0.00014 envDelta=0.00141 envFloor=0.00101 onset=0.906 thresh=0.016 onsetDelta=0.89012 baseline=0.00067 adaptive=0.00168 lastPeak=0.00000 guard=0.060 activeAge=-1.000 pitch=-1.00Hz pitchCents=0.0
2025-12-14 07:53:20 [tracker] [s2] onset t=3.652 env=0.00184 gate=0.00001 envDelta=0.00184 envFloor=0.00097 onset=1.278 thresh=0.009 onsetDelta=1.26941 baseline=0.00065 adaptive=0.00162 lastPeak=0.00000 guard=0.060 activeAge=-1.000 pitch=-1.00Hz pitchCents=0.0
2025-12-14 07:53:20 [tracker] [s1] aubio-raw t=3.7080 onset=1.120117 env=0.000677 peak=0.001711 gain=1.000
2025-12-14 07:53:20 [tracker] [s1] onset-accepted t=3.7080 env=0.000677 gate=0.000023 envDelta=0.000654 envFloor=0.000633 onset=1.120117 thresh=0.006000 onsetDelta=1.114117 baseline=0.000422 floor=0.000180 adapt=0.001055 lastPeak=0.000041 baseParam=0.000180 gateRatio=0.0550 envParam=0.000450 onsetScale=0.300 retriggerScale=1.400 guard=0.060 guardRemain=0.000 activeAge=-1.000 retrigRemain=0.000 pitchHz=-1.00 pitchCents=0.0
2025-12-14 07:53:20 [tracker] [s4] onset t=3.737 env=0.00148 gate=0.00011 envDelta=0.00137 envFloor=0.00098 onset=1.149 thresh=0.014 onsetDelta=1.13547 baseline=0.00065 adaptive=0.00163 lastPeak=0.00000 guard=0.060 activeAge=-1.000 pitch=-1.00Hz pitchCents=0.0
2025-12-14 07:53:20 [tracker] [s2] onset t=3.791 env=0.00142 gate=0.00001 envDelta=0.00141 envFloor=0.00105 onset=1.104 thresh=0.009 onsetDelta=1.09511 baseline=0.00070 adaptive=0.00175 lastPeak=0.00000 guard=0.060 activeAge=-1.000 pitch=-1.00Hz pitchCents=0.0
2025-12-14 07:53:21 [tracker] [s3] onset t=3.900 env=0.00127 gate=0.00008 envDelta=0.00119 envFloor=0.00092 onset=0.894 thresh=0.012 onsetDelta=0.88215 baseline=0.00061 adaptive=0.00153 lastPeak=0.00000 guard=0.060 activeAge=-1.000 pitch=-1.00Hz pitchCents=0.0
2025-12-14 07:53:21 [tracker] [s6] onset t=3.913 env=0.00156 gate=0.00020 envDelta=0.00136 envFloor=0.00120 onset=0.979 thresh=0.018 onsetDelta=0.96123 baseline=0.00080 adaptive=0.00201 lastPeak=0.00000 guard=0.060 activeAge=-1.000 pitch=-1.00Hz pitchCents=0.0
2025-12-14 07:53:21 [tracker] [s4] onset t=3.916 env=0.00116 gate=0.00011 envDelta=0.00106 envFloor=0.00094 onset=0.999 thresh=0.014 onsetDelta=0.98503 baseline=0.00063 adaptive=0.00157 lastPeak=0.00000 guard=0.060 activeAge=-1.000 pitch=-1.00Hz pitchCents=0.0
2025-12-14 07:53:21 [tracker] [s5] onset t=3.956 env=0.00142 gate=0.00014 envDelta=0.00128 envFloor=0.00102 onset=0.806 thresh=0.016 onsetDelta=0.79017 baseline=0.00068 adaptive=0.00169 lastPeak=0.00000 guard=0.060 activeAge=-1.000 pitch=-1.00Hz pitchCents=0.0
2025-12-14 07:53:21 [tracker] [s1] aubio-raw t=4.1667 onset=1.420515 env=0.000641 peak=0.001573 gain=1.000
2025-12-14 07:53:21 [tracker] [s1] onset-accepted t=4.1667 env=0.000641 gate=0.000023 envDelta=0.000619 envFloor=0.000620 onset=1.420515 thresh=0.006000 onsetDelta=1.414515 baseline=0.000413 floor=0.000180 adapt=0.001033 lastPeak=0.000017 baseParam=0.000180 gateRatio=0.0550 envParam=0.000450 onsetScale=0.300 retriggerScale=1.400 guard=0.060 guardRemain=0.000 activeAge=-1.000 retrigRemain=0.000 pitchHz=-1.00 pitchCents=0.0
2025-12-14 07:53:21 [tracker] [s1] onset t=4.167 env=0.00064 gate=0.00002 envDelta=0.00062 envFloor=0.00062 onset=1.421 thresh=0.006 onsetDelta=1.41452 baseline=0.00041 adaptive=0.00103 lastPeak=0.00002 guard=0.060 activeAge=-1.000 pitch=-1.00Hz pitchCents=0.0
2025-12-14 07:53:21 [tracker] [s2] onset t=4.265 env=0.00114 gate=0.00001 envDelta=0.00113 envFloor=0.00102 onset=0.997 thresh=0.009 onsetDelta=0.98823 baseline=0.00068 adaptive=0.00170 lastPeak=0.00000 guard=0.060 activeAge=-1.000 pitch=-1.00Hz pitchCents=0.0
2025-12-14 07:53:21 [sessionwavs] wrote 6 wav files to /home/general/SignalAssistant/logs/sessionwavs/session-20251214-075316 (shutdown)
# Session closed at 2025-12-14 07:53:21
