# SignalAssistant session log
# Started at 2025-12-25 05:00:59
2025-12-25 05:00:59 [session] mode=live session='' path='' duration=0.00 files=0
2025-12-25 05:00:59 [tracker-settings] TrackerConfig onsetThreshold=0.02000 minNoteDurSec=0.045 hopSec=0.010 slideDelta=120.0 bendDelta=35.0
2025-12-25 05:00:59 [tracker-settings] string1 midi=40 lowCut=6386.53Hz highCut=52740.41Hz baseline=0.001000 gateRatio=0.05500 envFloor=0.001500 sustainScale=0.580 retriggerScale=1.400 pitchTol=0.400 onsetScale=0.360
2025-12-25 05:00:59 [tracker-settings] string2 midi=45 lowCut=11275.00Hz highCut=94600.00Hz baseline=0.001200 gateRatio=0.10000 envFloor=0.001800 sustainScale=0.700 retriggerScale=1.250 pitchTol=0.400 onsetScale=0.610
2025-12-25 05:00:59 [tracker-settings] string3 midi=50 lowCut=20189.45Hz highCut=170325.56Hz baseline=0.001400 gateRatio=0.13000 envFloor=0.002100 sustainScale=0.820 retriggerScale=1.100 pitchTol=0.450 onsetScale=0.930
2025-12-25 05:00:59 [tracker-settings] string4 midi=55 lowCut=36749.57Hz highCut=301836.47Hz baseline=0.001600 gateRatio=0.17000 envFloor=0.002400 sustainScale=1.000 retriggerScale=1.000 pitchTol=0.440 onsetScale=1.260
2025-12-25 05:00:59 [tracker-settings] string5 midi=59 lowCut=58648.64Hz highCut=479066.81Hz baseline=0.001800 gateRatio=0.21000 envFloor=0.002700 sustainScale=1.000 retriggerScale=1.000 pitchTol=0.500 onsetScale=1.440
2025-12-25 05:00:59 [tracker-settings] string6 midi=64 lowCut=104656.75Hz highCut=857031.69Hz baseline=0.002000 gateRatio=0.25000 envFloor=0.003000 sustainScale=1.000 retriggerScale=1.000 pitchTol=0.550 onsetScale=1.620
2025-12-25 05:00:59 [tracker] [s1] calibration reset target=0.00180 gain=1.000
2025-12-25 05:00:59 [tracker] [s2] calibration reset target=0.00180 gain=1.000
2025-12-25 05:00:59 [tracker] [s3] calibration reset target=0.00180 gain=1.000
2025-12-25 05:00:59 [tracker] [s4] calibration reset target=0.00180 gain=1.000
2025-12-25 05:00:59 [tracker] [s5] calibration reset target=0.00180 gain=1.000
2025-12-25 05:00:59 [tracker] [s6] calibration reset target=0.00180 gain=1.000
2025-12-25 05:00:59 [calibration] Loaded avgRms/peakRms from legacy calibration file
2025-12-25 05:00:59 [tracker] [s1] calibration avg=0.03937 target=0.00180 gain=1.000
2025-12-25 05:00:59 [tracker] [s2] calibration avg=0.01560 target=0.00180 gain=1.000
2025-12-25 05:00:59 [tracker] [s3] calibration avg=0.00661 target=0.00180 gain=1.000
2025-12-25 05:00:59 [tracker] [s4] calibration avg=0.00473 target=0.00180 gain=1.000
2025-12-25 05:00:59 [tracker] [s5] calibration avg=0.00699 target=0.00180 gain=1.000
2025-12-25 05:00:59 [tracker] [s6] calibration avg=0.02247 target=0.00180 gain=1.000
2025-12-25 05:00:59 [calibration] Calibration profile derived from tuning state
2025-12-25 05:00:59 [tracker] [s1] configure sr=48000.0 hop=128 fft=1024 low=75.0 high=160.0
2025-12-25 05:00:59 [tracker] [s1] params baseline=0.001000 gate=0.0550 envFloor=0.000450 sustain=0.580 retrigger=1.400 pitchTol=0.400 onsetScale=0.100 aubioScale=1.20 aubioThresh=0.024 onsetSilence=-40.0 pitchSilence=-90.0
2025-12-25 05:00:59 [tracker] [s2] configure sr=48000.0 hop=128 fft=1024 low=100.0 high=215.0
2025-12-25 05:00:59 [tracker] [s2] params baseline=0.001200 gate=0.0100 envFloor=0.000100 sustain=1.500 retrigger=1.250 pitchTol=0.400 onsetScale=0.100 aubioScale=1.35 aubioThresh=0.027 onsetSilence=-40.0 pitchSilence=-90.0
2025-12-25 05:00:59 [tracker] [s3] configure sr=48000.0 hop=128 fft=1024 low=135.0 high=290.0
2025-12-25 05:00:59 [tracker] [s3] params baseline=0.001400 gate=0.1300 envFloor=0.000650 sustain=0.820 retrigger=1.100 pitchTol=0.450 onsetScale=0.100 aubioScale=1.60 aubioThresh=0.032 onsetSilence=-40.0 pitchSilence=-80.0
2025-12-25 05:00:59 [tracker] [s4] configure sr=48000.0 hop=128 fft=1024 low=185.0 high=385.0
2025-12-25 05:00:59 [tracker] [s4] params baseline=0.001600 gate=0.1700 envFloor=0.000780 sustain=1.000 retrigger=1.000 pitchTol=0.440 onsetScale=0.100 aubioScale=1.80 aubioThresh=0.036 onsetSilence=-40.0 pitchSilence=-80.0
2025-12-25 05:00:59 [tracker] [s5] configure sr=48000.0 hop=128 fft=512 low=235.0 high=485.0
2025-12-25 05:00:59 [tracker] [s5] params baseline=0.001800 gate=0.2100 envFloor=0.000900 sustain=1.000 retrigger=1.000 pitchTol=0.500 onsetScale=0.100 aubioScale=1.80 aubioThresh=0.036 onsetSilence=-40.0 pitchSilence=-80.0
2025-12-25 05:00:59 [tracker] [s6] configure sr=48000.0 hop=128 fft=512 low=315.0 high=650.0
2025-12-25 05:00:59 [tracker] [s6] params baseline=0.002000 gate=0.2500 envFloor=0.001050 sustain=1.000 retrigger=1.000 pitchTol=0.550 onsetScale=0.100 aubioScale=1.80 aubioThresh=0.036 onsetSilence=-40.0 pitchSilence=-80.0
2025-12-25 05:01:10 [detection] [s2] PASS onset: onsetStrength=1.4450 >= onsetThreshold=0.1000
2025-12-25 05:01:10 [detection] [s2] PASS gate: envelope=0.2031 >= gateThreshold=0.0000
2025-12-25 05:01:10 [detection] [s2] PASS envFloor: envelope=0.2031 >= envFloor=0.0012
2025-12-25 05:01:10 [detection] [s2] ONSET ACCEPTED
2025-12-25 05:01:10 [tracker] [s2] onset t=10.310 env=0.20310 gate=0.00001 envDelta=0.20308 envFloor=0.00120 onset=1.445 thresh=0.100 onsetDelta=1.34499 baseline=0.00120 lastPeak=0.00000 guard=0.060 activeAge=-1.000 pitch=-1.00Hz pitchCents=0.0
2025-12-25 05:01:10 [tracker] [s1] aubio-raw t=10.3183 onset=1.220043 env=0.008441 peak=0.018558 gain=1.000
2025-12-25 05:01:10 [detection] [s1] PASS onset: onsetStrength=1.2200 >= onsetThreshold=0.1000
2025-12-25 05:01:10 [detection] [s1] PASS gate: envelope=0.0084 >= gateThreshold=0.0001
2025-12-25 05:01:10 [detection] [s1] PASS envFloor: envelope=0.0084 >= envFloor=0.0010
2025-12-25 05:01:10 [tracker] [s1] onset-accepted t=10.3183 env=0.008441 gate=0.000055 envDelta=0.008386 envFloor=0.001000 onset=1.220043 thresh=0.100000 onsetDelta=1.120043 baseline=0.001000 lastPeak=0.000000 baseParam=0.001000 gateRatio=0.0550 envParam=0.000450 retriggerScale=1.400 guard=0.060 guardRemain=0.000 activeAge=-1.000 retrigRemain=0.000 pitchHz=-1.00 pitchCents=0.0
2025-12-25 05:01:10 [detection] [s1] ONSET ACCEPTED
2025-12-25 05:01:10 [tracker] [s1] onset t=10.318 env=0.00844 gate=0.00006 envDelta=0.00839 envFloor=0.00100 onset=1.220 thresh=0.100 onsetDelta=1.12004 baseline=0.00100 lastPeak=0.00000 guard=0.060 activeAge=-1.000 pitch=-1.00Hz pitchCents=0.0
2025-12-25 05:01:10 [detection] [s3] PASS onset: onsetStrength=1.4730 >= onsetThreshold=0.1000
2025-12-25 05:01:10 [detection] [s3] PASS gate: envelope=0.0086 >= gateThreshold=0.0002
2025-12-25 05:01:10 [detection] [s3] PASS envFloor: envelope=0.0086 >= envFloor=0.0014
2025-12-25 05:01:10 [detection] [s3] ONSET ACCEPTED
2025-12-25 05:01:10 [tracker] [s3] onset t=10.318 env=0.00863 gate=0.00018 envDelta=0.00845 envFloor=0.00140 onset=1.473 thresh=0.100 onsetDelta=1.37300 baseline=0.00140 lastPeak=0.00000 guard=0.060 activeAge=-1.000 pitch=-1.00Hz pitchCents=0.0
2025-12-25 05:01:10 [tracker] [s1] aubio-raw t=10.3956 onset=0.977678 env=0.005111 peak=0.009042 gain=1.000
2025-12-25 05:01:10 [detection] [s1] PASS onset: onsetStrength=0.9777 >= onsetThreshold=0.1000
2025-12-25 05:01:10 [detection] [s1] PASS gate: envelope=0.0051 >= gateThreshold=0.0001
2025-12-25 05:01:10 [detection] [s1] PASS envFloor: envelope=0.0051 >= envFloor=0.0010
2025-12-25 05:01:10 [tracker] [s1] onset-accepted t=10.3956 env=0.005111 gate=0.000055 envDelta=0.005056 envFloor=0.001000 onset=0.977678 thresh=0.100000 onsetDelta=0.877678 baseline=0.001000 lastPeak=0.000000 baseParam=0.001000 gateRatio=0.0550 envParam=0.000450 retriggerScale=1.400 guard=0.060 guardRemain=0.000 activeAge=-1.000 retrigRemain=0.000 pitchHz=148.25 pitchCents=1016.6
2025-12-25 05:01:10 [detection] [s1] ONSET ACCEPTED
2025-12-25 05:01:10 [tracker] [s1] onset t=10.396 env=0.00511 gate=0.00006 envDelta=0.00506 envFloor=0.00100 onset=0.978 thresh=0.100 onsetDelta=0.87768 baseline=0.00100 lastPeak=0.00000 guard=0.060 activeAge=-1.000 pitch=148.25Hz pitchCents=1016.6
2025-12-25 05:01:10 [tracker] [s1] note-start t=10.396 fret=10 midi=50 vel=0.06 env=0.00511
2025-12-25 05:01:10 [detection]      S1F10 ON (onset=0.978 env=0.0051)
2025-12-25 05:01:10 [tracker] [s1] aubio-raw t=10.6516 onset=1.044034 env=0.003893 peak=0.006658 gain=1.000
2025-12-25 05:01:10 [detection] [s1] PASS onset: onsetStrength=1.0440 >= onsetThreshold=0.1000
2025-12-25 05:01:10 [detection] [s1] PASS gate: envelope=0.0039 >= gateThreshold=0.0001
2025-12-25 05:01:10 [detection] [s1] PASS envFloor: envelope=0.0039 >= envFloor=0.0010
2025-12-25 05:01:10 [tracker] [s1] onset-active-note t=10.6516 env=0.003893 gate=0.000055 envDelta=0.003838 envFloor=0.001000 onset=1.044034 thresh=0.100000 onsetDelta=0.944034 baseline=0.001000 lastPeak=0.003159 baseParam=0.001000 gateRatio=0.0550 envParam=0.000450 retriggerScale=1.400 guard=0.060 guardRemain=0.000 activeAge=0.256 retrigRemain=0.000 pitchHz=148.11 pitchCents=1015.0
2025-12-25 05:01:10 [detection] [s2] PASS onset: onsetStrength=0.9934 >= onsetThreshold=0.1000
2025-12-25 05:01:10 [detection] [s2] PASS gate: envelope=0.0474 >= gateThreshold=0.0000
2025-12-25 05:01:10 [detection] [s2] PASS envFloor: envelope=0.0474 >= envFloor=0.0012
2025-12-25 05:01:10 [detection] [s2] ONSET ACCEPTED
2025-12-25 05:01:10 [tracker] [s2] onset t=10.790 env=0.04744 gate=0.00001 envDelta=0.04743 envFloor=0.00120 onset=0.993 thresh=0.100 onsetDelta=0.89339 baseline=0.00120 lastPeak=0.00000 guard=0.060 activeAge=-1.000 pitch=148.46Hz pitchCents=519.0
2025-12-25 05:01:10 [tracker] [s2] note-start t=10.790 fret=5 midi=50 vel=0.57 env=0.04744
2025-12-25 05:01:10 [detection]      S2F5 ON (onset=0.993 env=0.0474)
2025-12-25 05:01:10 [detection] [s2] PASS onset: onsetStrength=0.8746 >= onsetThreshold=0.1000
2025-12-25 05:01:10 [detection] [s2] PASS gate: envelope=0.0576 >= gateThreshold=0.0000
2025-12-25 05:01:10 [detection] [s2] PASS envFloor: envelope=0.0576 >= envFloor=0.0012
2025-12-25 05:01:10 [detection] [s2] REJECT active-note: activeAge=0.1227 (onset during sustain)
2025-12-25 05:01:10 [detection] [s2] PASS onset: onsetStrength=0.7523 >= onsetThreshold=0.1000
2025-12-25 05:01:10 [detection] [s2] PASS gate: envelope=0.0530 >= gateThreshold=0.0000
2025-12-25 05:01:10 [detection] [s2] PASS envFloor: envelope=0.0530 >= envFloor=0.0012
2025-12-25 05:01:10 [detection] [s2] REJECT active-note: activeAge=0.2160 (onset during sustain)
2025-12-25 05:01:11 [detection] [s1] sustain check: avgEnv=0.0010 < sustainFloor=0.0010 (quiet frame 1/8)
2025-12-25 05:01:11 [detection] [s1] sustain check: avgEnv=0.0010 < sustainFloor=0.0010 (quiet frame 2/8)
2025-12-25 05:01:11 [detection] [s1] sustain check: avgEnv=0.0010 < sustainFloor=0.0010 (quiet frame 3/8)
2025-12-25 05:01:11 [detection] [s1] sustain check: avgEnv=0.0010 < sustainFloor=0.0010 (quiet frame 4/8)
2025-12-25 05:01:11 [detection] [s1] sustain check: avgEnv=0.0009 < sustainFloor=0.0010 (quiet frame 5/8)
2025-12-25 05:01:11 [detection] [s1] sustain check: avgEnv=0.0010 < sustainFloor=0.0010 (quiet frame 6/8)
2025-12-25 05:01:11 [detection] [s1] sustain check: avgEnv=0.0011 >= sustainFloor=0.0010 (reset quiet count from 6)
2025-12-25 05:01:11 [detection] [s1] sustain check: avgEnv=0.0010 < sustainFloor=0.0010 (quiet frame 1/8)
2025-12-25 05:01:11 [detection] [s1] sustain check: avgEnv=0.0011 >= sustainFloor=0.0010 (reset quiet count from 1)
2025-12-25 05:01:11 [detection] [s2] PASS onset: onsetStrength=0.9998 >= onsetThreshold=0.1000
2025-12-25 05:01:11 [detection] [s2] PASS envFloor: envelope=0.0414 >= envFloor=0.0012
2025-12-25 05:01:11 [detection] [s2] REJECT active-note: activeAge=0.5440 (onset during sustain)
2025-12-25 05:01:11 [detection] [s1] sustain check: avgEnv=0.0009 < sustainFloor=0.0010 (quiet frame 1/8)
2025-12-25 05:01:11 [detection] [s1] sustain check: avgEnv=0.0010 >= sustainFloor=0.0010 (reset quiet count from 1)
2025-12-25 05:01:11 [detection] [s1] sustain check: avgEnv=0.0009 < sustainFloor=0.0010 (quiet frame 1/8)
2025-12-25 05:01:11 [detection] [s1] sustain check: avgEnv=0.0009 < sustainFloor=0.0010 (quiet frame 2/8)
2025-12-25 05:01:11 [detection] [s1] sustain check: avgEnv=0.0009 < sustainFloor=0.0010 (quiet frame 3/8)
2025-12-25 05:01:11 [detection] [s1] sustain check: avgEnv=0.0009 < sustainFloor=0.0010 (quiet frame 4/8)
2025-12-25 05:01:11 [detection] [s1] sustain check: avgEnv=0.0010 < sustainFloor=0.0010 (quiet frame 5/8)
2025-12-25 05:01:11 [detection] [s1] sustain check: avgEnv=0.0010 < sustainFloor=0.0010 (quiet frame 6/8)
2025-12-25 05:01:11 [detection] [s1] sustain check: avgEnv=0.0011 >= sustainFloor=0.0010 (reset quiet count from 6)
2025-12-25 05:01:11 [detection] [s1] sustain check: avgEnv=0.0010 < sustainFloor=0.0010 (quiet frame 1/8)
2025-12-25 05:01:11 [detection] [s1] sustain check: avgEnv=0.0010 < sustainFloor=0.0010 (quiet frame 2/8)
2025-12-25 05:01:11 [detection] [s1] sustain check: avgEnv=0.0010 >= sustainFloor=0.0010 (reset quiet count from 2)
2025-12-25 05:01:11 [detection] [s1] sustain check: avgEnv=0.0009 < sustainFloor=0.0010 (quiet frame 1/8)
2025-12-25 05:01:11 [detection] [s1] sustain check: avgEnv=0.0009 < sustainFloor=0.0010 (quiet frame 2/8)
2025-12-25 05:01:11 [detection] [s1] sustain check: avgEnv=0.0010 < sustainFloor=0.0010 (quiet frame 3/8)
2025-12-25 05:01:11 [detection] [s1] sustain check: avgEnv=0.0010 >= sustainFloor=0.0010 (reset quiet count from 3)
2025-12-25 05:01:11 [detection] [s1] sustain check: avgEnv=0.0010 < sustainFloor=0.0010 (quiet frame 1/8)
2025-12-25 05:01:11 [detection] [s1] sustain check: avgEnv=0.0009 < sustainFloor=0.0010 (quiet frame 2/8)
2025-12-25 05:01:11 [detection] [s1] sustain check: avgEnv=0.0009 < sustainFloor=0.0010 (quiet frame 3/8)
2025-12-25 05:01:11 [detection] [s1] sustain check: avgEnv=0.0010 >= sustainFloor=0.0010 (reset quiet count from 3)
2025-12-25 05:01:11 [detection] [s1] sustain check: avgEnv=0.0009 < sustainFloor=0.0010 (quiet frame 1/8)
2025-12-25 05:01:11 [detection] [s1] sustain check: avgEnv=0.0009 < sustainFloor=0.0010 (quiet frame 2/8)
2025-12-25 05:01:11 [detection] [s1] sustain check: avgEnv=0.0010 < sustainFloor=0.0010 (quiet frame 3/8)
2025-12-25 05:01:11 [detection] [s1] sustain check: avgEnv=0.0010 >= sustainFloor=0.0010 (reset quiet count from 3)
2025-12-25 05:01:11 [detection] [s1] sustain check: avgEnv=0.0009 < sustainFloor=0.0010 (quiet frame 1/8)
2025-12-25 05:01:11 [detection] [s1] sustain check: avgEnv=0.0009 < sustainFloor=0.0010 (quiet frame 2/8)
2025-12-25 05:01:11 [detection] [s1] sustain check: avgEnv=0.0009 < sustainFloor=0.0010 (quiet frame 3/8)
2025-12-25 05:01:11 [detection] [s1] sustain check: avgEnv=0.0009 < sustainFloor=0.0010 (quiet frame 4/8)
2025-12-25 05:01:11 [detection] [s1] sustain check: avgEnv=0.0010 < sustainFloor=0.0010 (quiet frame 5/8)
2025-12-25 05:01:11 [detection] [s1] sustain check: avgEnv=0.0009 < sustainFloor=0.0010 (quiet frame 6/8)
2025-12-25 05:01:11 [detection] [s1] sustain check: avgEnv=0.0010 < sustainFloor=0.0010 (quiet frame 7/8)
2025-12-25 05:01:11 [detection] [s1] sustain check: avgEnv=0.0010 >= sustainFloor=0.0010 (reset quiet count from 7)
2025-12-25 05:01:11 [detection] [s1] sustain check: avgEnv=0.0010 < sustainFloor=0.0010 (quiet frame 1/8)
2025-12-25 05:01:11 [detection] [s1] sustain check: avgEnv=0.0009 < sustainFloor=0.0010 (quiet frame 2/8)
2025-12-25 05:01:11 [detection] [s1] sustain check: avgEnv=0.0010 >= sustainFloor=0.0010 (reset quiet count from 2)
2025-12-25 05:01:11 [detection] [s1] sustain check: avgEnv=0.0009 < sustainFloor=0.0010 (quiet frame 1/8)
2025-12-25 05:01:11 [detection] [s1] sustain check: avgEnv=0.0009 < sustainFloor=0.0010 (quiet frame 2/8)
2025-12-25 05:01:11 [detection] [s1] sustain check: avgEnv=0.0009 < sustainFloor=0.0010 (quiet frame 3/8)
2025-12-25 05:01:11 [detection] [s1] sustain check: avgEnv=0.0009 < sustainFloor=0.0010 (quiet frame 4/8)
2025-12-25 05:01:11 [detection] [s1] sustain check: avgEnv=0.0009 < sustainFloor=0.0010 (quiet frame 5/8)
2025-12-25 05:01:11 [detection] [s1] sustain check: avgEnv=0.0008 < sustainFloor=0.0010 (quiet frame 6/8)
2025-12-25 05:01:11 [detection] [s1] sustain check: avgEnv=0.0009 < sustainFloor=0.0010 (quiet frame 7/8)
2025-12-25 05:01:11 [detection] [s1] sustain check: avgEnv=0.0008 < sustainFloor=0.0010 (quiet frame 8/8)
2025-12-25 05:01:11 [detection] [s1] NOTE-OFF: sustained quiet for 8 frames
2025-12-25 05:01:11 [tracker] [s1] release-quiet t=11.516 avgEnv=0.00079 floor=0.00100 quietFrames=8
2025-12-25 05:01:11 [detection]      S1F10 OFF (sustained-quiet: avgEnv=0.0008 < floor=0.0010)
2025-12-25 05:01:11 [tracker] [s1] note-ended t=11.516 fret=10 dur=1.120
2025-12-25 05:01:11 [detection] [s2] PASS onset: onsetStrength=0.9914 >= onsetThreshold=0.1000
2025-12-25 05:01:11 [detection] [s2] PASS gate: envelope=0.0545 >= gateThreshold=0.0000
2025-12-25 05:01:11 [detection] [s2] PASS envFloor: envelope=0.0545 >= envFloor=0.0012
2025-12-25 05:01:11 [detection] [s2] REJECT active-note: activeAge=0.7706 (onset during sustain)
2025-12-25 05:01:11 [detection] [s2] PASS onset: onsetStrength=0.9863 >= onsetThreshold=0.1000
2025-12-25 05:01:11 [detection] [s2] PASS gate: envelope=0.0445 >= gateThreshold=0.0000
2025-12-25 05:01:11 [detection] [s2] PASS envFloor: envelope=0.0445 >= envFloor=0.0012
2025-12-25 05:01:11 [detection] [s2] REJECT active-note: activeAge=1.0266 (onset during sustain)
2025-12-25 05:01:11 [detection] [s2] PASS onset: onsetStrength=0.7530 >= onsetThreshold=0.1000
2025-12-25 05:01:11 [detection] [s2] PASS gate: envelope=0.0332 >= gateThreshold=0.0000
2025-12-25 05:01:11 [detection] [s2] REJECT active-note: activeAge=1.1866 (onset during sustain)
2025-12-25 05:01:12 [detection] [s2] PASS onset: onsetStrength=0.9472 >= onsetThreshold=0.1000
2025-12-25 05:01:12 [detection] [s2] PASS envFloor: envelope=0.0241 >= envFloor=0.0012
2025-12-25 05:01:12 [detection] [s2] REJECT active-note: activeAge=1.9359 (onset during sustain)
2025-12-25 05:01:12 [detection] [s2] PASS onset: onsetStrength=0.5706 >= onsetThreshold=0.1000
2025-12-25 05:01:12 [detection] [s2] PASS gate: envelope=0.0208 >= gateThreshold=0.0000
2025-12-25 05:01:12 [detection] [s2] PASS envFloor: envelope=0.0208 >= envFloor=0.0012
2025-12-25 05:01:12 [detection] [s2] REJECT active-note: activeAge=2.1252 (onset during sustain)
2025-12-25 05:01:13 [detection] [s2] PASS onset: onsetStrength=0.8205 >= onsetThreshold=0.1000
2025-12-25 05:01:13 [detection] [s2] PASS gate: envelope=0.0088 >= gateThreshold=0.0000
2025-12-25 05:01:13 [detection] [s2] PASS envFloor: envelope=0.0088 >= envFloor=0.0012
2025-12-25 05:01:13 [detection] [s2] REJECT active-note: activeAge=2.8958 (onset during sustain)
2025-12-25 05:01:13 [detection] [s2] PASS onset: onsetStrength=1.1884 >= onsetThreshold=0.1000
2025-12-25 05:01:13 [detection] [s2] PASS gate: envelope=0.0084 >= gateThreshold=0.0000
2025-12-25 05:01:13 [detection] [s2] PASS envFloor: envelope=0.0084 >= envFloor=0.0012
2025-12-25 05:01:13 [detection] [s2] REJECT active-note: activeAge=3.0931 (onset during sustain)
2025-12-25 05:01:13 [detection] [s2] PASS onset: onsetStrength=0.9591 >= onsetThreshold=0.1000
2025-12-25 05:01:13 [detection] [s2] PASS gate: envelope=0.0097 >= gateThreshold=0.0000
2025-12-25 05:01:13 [detection] [s2] REJECT active-note: activeAge=3.2451 (onset during sustain)
2025-12-25 05:01:13 [detection] [s2] PASS onset: onsetStrength=1.0099 >= onsetThreshold=0.1000
2025-12-25 05:01:13 [detection] [s2] PASS gate: envelope=0.0080 >= gateThreshold=0.0000
2025-12-25 05:01:13 [detection] [s2] PASS envFloor: envelope=0.0080 >= envFloor=0.0012
2025-12-25 05:01:13 [detection] [s2] REJECT active-note: activeAge=3.3438 (onset during sustain)
2025-12-25 05:01:14 [detection] [s2] PASS onset: onsetStrength=0.9877 >= onsetThreshold=0.1000
2025-12-25 05:01:14 [detection] [s2] PASS gate: envelope=0.0068 >= gateThreshold=0.0000
2025-12-25 05:01:14 [detection] [s2] PASS envFloor: envelope=0.0068 >= envFloor=0.0012
2025-12-25 05:01:14 [detection] [s2] REJECT active-note: activeAge=3.6957 (onset during sustain)
2025-12-25 05:01:15 [detection] [s2] sustain check: avgEnv=0.0017 < sustainFloor=0.0018 (quiet frame 1/8)
2025-12-25 05:01:15 [detection] [s2] sustain check: avgEnv=0.0017 < sustainFloor=0.0018 (quiet frame 2/8)
2025-12-25 05:01:15 [detection] [s2] sustain check: avgEnv=0.0018 < sustainFloor=0.0018 (quiet frame 3/8)
2025-12-25 05:01:15 [detection] [s2] sustain check: avgEnv=0.0018 < sustainFloor=0.0018 (quiet frame 4/8)
2025-12-25 05:01:15 [detection] [s2] sustain check: avgEnv=0.0018 < sustainFloor=0.0018 (quiet frame 5/8)
2025-12-25 05:01:15 [detection] [s2] sustain check: avgEnv=0.0018 < sustainFloor=0.0018 (quiet frame 6/8)
2025-12-25 05:01:15 [detection] [s2] sustain check: avgEnv=0.0018 >= sustainFloor=0.0018 (reset quiet count from 6)
2025-12-25 05:01:15 [detection] [s2] sustain check: avgEnv=0.0018 < sustainFloor=0.0018 (quiet frame 1/8)
2025-12-25 05:01:15 [detection] [s2] sustain check: avgEnv=0.0018 < sustainFloor=0.0018 (quiet frame 2/8)
2025-12-25 05:01:15 [detection] [s2] sustain check: avgEnv=0.0018 < sustainFloor=0.0018 (quiet frame 3/8)
2025-12-25 05:01:15 [detection] [s2] sustain check: avgEnv=0.0018 < sustainFloor=0.0018 (quiet frame 4/8)
2025-12-25 05:01:15 [detection] [s2] sustain check: avgEnv=0.0017 < sustainFloor=0.0018 (quiet frame 5/8)
2025-12-25 05:01:15 [detection] [s2] sustain check: avgEnv=0.0018 < sustainFloor=0.0018 (quiet frame 6/8)
2025-12-25 05:01:15 [detection] [s2] sustain check: avgEnv=0.0019 >= sustainFloor=0.0018 (reset quiet count from 6)
2025-12-25 05:01:15 [detection] [s2] sustain check: avgEnv=0.0018 < sustainFloor=0.0018 (quiet frame 1/8)
2025-12-25 05:01:15 [detection] [s2] sustain check: avgEnv=0.0017 < sustainFloor=0.0018 (quiet frame 2/8)
2025-12-25 05:01:15 [detection] [s2] sustain check: avgEnv=0.0017 < sustainFloor=0.0018 (quiet frame 3/8)
2025-12-25 05:01:15 [detection] [s2] sustain check: avgEnv=0.0018 >= sustainFloor=0.0018 (reset quiet count from 3)
2025-12-25 05:01:15 [detection] [s2] sustain check: avgEnv=0.0018 < sustainFloor=0.0018 (quiet frame 1/8)
2025-12-25 05:01:15 [detection] [s2] sustain check: avgEnv=0.0017 < sustainFloor=0.0018 (quiet frame 2/8)
2025-12-25 05:01:15 [detection] [s2] sustain check: avgEnv=0.0017 < sustainFloor=0.0018 (quiet frame 3/8)
2025-12-25 05:01:15 [detection] [s2] sustain check: avgEnv=0.0018 < sustainFloor=0.0018 (quiet frame 4/8)
2025-12-25 05:01:15 [detection] [s2] sustain check: avgEnv=0.0018 >= sustainFloor=0.0018 (reset quiet count from 4)
2025-12-25 05:01:15 [detection] [s2] sustain check: avgEnv=0.0018 < sustainFloor=0.0018 (quiet frame 1/8)
2025-12-25 05:01:15 [detection] [s2] sustain check: avgEnv=0.0018 < sustainFloor=0.0018 (quiet frame 2/8)
2025-12-25 05:01:15 [detection] [s2] sustain check: avgEnv=0.0019 >= sustainFloor=0.0018 (reset quiet count from 2)
2025-12-25 05:01:15 [detection] [s2] sustain check: avgEnv=0.0018 < sustainFloor=0.0018 (quiet frame 1/8)
2025-12-25 05:01:15 [detection] [s2] sustain check: avgEnv=0.0018 < sustainFloor=0.0018 (quiet frame 2/8)
2025-12-25 05:01:15 [detection] [s2] sustain check: avgEnv=0.0017 < sustainFloor=0.0018 (quiet frame 3/8)
2025-12-25 05:01:15 [detection] [s2] sustain check: avgEnv=0.0016 < sustainFloor=0.0018 (quiet frame 4/8)
2025-12-25 05:01:15 [detection] [s2] sustain check: avgEnv=0.0016 < sustainFloor=0.0018 (quiet frame 5/8)
2025-12-25 05:01:15 [detection] [s2] sustain check: avgEnv=0.0017 < sustainFloor=0.0018 (quiet frame 6/8)
2025-12-25 05:01:15 [detection] [s2] sustain check: avgEnv=0.0017 < sustainFloor=0.0018 (quiet frame 7/8)
2025-12-25 05:01:15 [detection] [s2] sustain check: avgEnv=0.0018 >= sustainFloor=0.0018 (reset quiet count from 7)
2025-12-25 05:01:15 [detection] [s2] sustain check: avgEnv=0.0017 < sustainFloor=0.0018 (quiet frame 1/8)
2025-12-25 05:01:16 [detection] [s2] sustain check: avgEnv=0.0017 < sustainFloor=0.0018 (quiet frame 2/8)
2025-12-25 05:01:16 [detection] [s2] sustain check: avgEnv=0.0016 < sustainFloor=0.0018 (quiet frame 3/8)
2025-12-25 05:01:16 [detection] [s2] sustain check: avgEnv=0.0017 < sustainFloor=0.0018 (quiet frame 4/8)
2025-12-25 05:01:16 [detection] [s2] sustain check: avgEnv=0.0017 < sustainFloor=0.0018 (quiet frame 5/8)
2025-12-25 05:01:16 [detection] [s2] sustain check: avgEnv=0.0017 < sustainFloor=0.0018 (quiet frame 6/8)
2025-12-25 05:01:16 [detection] [s2] sustain check: avgEnv=0.0017 < sustainFloor=0.0018 (quiet frame 7/8)
2025-12-25 05:01:16 [detection] [s2] sustain check: avgEnv=0.0017 < sustainFloor=0.0018 (quiet frame 8/8)
2025-12-25 05:01:16 [detection] [s2] NOTE-OFF: sustained quiet for 8 frames
2025-12-25 05:01:16 [tracker] [s2] release-quiet t=16.315 avgEnv=0.00167 floor=0.00180 quietFrames=8
2025-12-25 05:01:16 [detection]      S2F5 OFF (sustained-quiet: avgEnv=0.0017 < floor=0.0018)
2025-12-25 05:01:16 [tracker] [s2] note-ended t=16.315 fret=5 dur=5.525
2025-12-25 05:01:32 [detection] [s4] PASS onset: onsetStrength=0.5808 >= onsetThreshold=0.1000
2025-12-25 05:01:32 [detection] [s4] PASS gate: envelope=0.0036 >= gateThreshold=0.0003
2025-12-25 05:01:32 [detection] [s4] PASS envFloor: envelope=0.0036 >= envFloor=0.0016
2025-12-25 05:01:32 [detection] [s4] ONSET ACCEPTED
2025-12-25 05:01:32 [tracker] [s4] onset t=32.413 env=0.00357 gate=0.00027 envDelta=0.00330 envFloor=0.00160 onset=0.581 thresh=0.100 onsetDelta=0.48076 baseline=0.00160 lastPeak=0.00000 guard=0.060 activeAge=-1.000 pitch=-1.00Hz pitchCents=0.0
2025-12-25 05:01:32 [detection] [s2] PASS onset: onsetStrength=1.0919 >= onsetThreshold=0.1000
2025-12-25 05:01:32 [detection] [s2] PASS gate: envelope=0.0032 >= gateThreshold=0.0000
2025-12-25 05:01:32 [detection] [s2] PASS envFloor: envelope=0.0032 >= envFloor=0.0012
2025-12-25 05:01:32 [detection] [s2] ONSET ACCEPTED
2025-12-25 05:01:32 [tracker] [s2] onset t=32.426 env=0.00323 gate=0.00001 envDelta=0.00322 envFloor=0.00120 onset=1.092 thresh=0.100 onsetDelta=0.99190 baseline=0.00120 lastPeak=0.00000 guard=0.060 activeAge=-1.000 pitch=-1.00Hz pitchCents=0.0
2025-12-25 05:01:33 [tracker] [s1] aubio-raw t=33.9032 onset=1.024713 env=0.014599 peak=0.022921 gain=1.000
2025-12-25 05:01:33 [detection] [s1] PASS onset: onsetStrength=1.0247 >= onsetThreshold=0.1000
2025-12-25 05:01:33 [detection] [s1] PASS gate: envelope=0.0146 >= gateThreshold=0.0001
2025-12-25 05:01:33 [detection] [s1] PASS envFloor: envelope=0.0146 >= envFloor=0.0010
2025-12-25 05:01:33 [tracker] [s1] onset-accepted t=33.9032 env=0.014599 gate=0.000055 envDelta=0.014544 envFloor=0.001000 onset=1.024713 thresh=0.100000 onsetDelta=0.924713 baseline=0.001000 lastPeak=0.000000 baseParam=0.001000 gateRatio=0.0550 envParam=0.000450 retriggerScale=1.400 guard=0.060 guardRemain=0.000 activeAge=-1.000 retrigRemain=0.000 pitchHz=-1.00 pitchCents=0.0
2025-12-25 05:01:33 [detection] [s1] ONSET ACCEPTED
2025-12-25 05:01:33 [tracker] [s1] onset t=33.903 env=0.01460 gate=0.00006 envDelta=0.01454 envFloor=0.00100 onset=1.025 thresh=0.100 onsetDelta=0.92471 baseline=0.00100 lastPeak=0.00000 guard=0.060 activeAge=-1.000 pitch=-1.00Hz pitchCents=0.0
2025-12-25 05:01:33 [detection] [s2] PASS onset: onsetStrength=0.5360 >= onsetThreshold=0.1000
2025-12-25 05:01:33 [detection] [s2] PASS gate: envelope=0.0144 >= gateThreshold=0.0000
2025-12-25 05:01:33 [detection] [s2] PASS envFloor: envelope=0.0144 >= envFloor=0.0012
2025-12-25 05:01:33 [detection] [s2] ONSET ACCEPTED
2025-12-25 05:01:33 [tracker] [s2] onset t=33.906 env=0.01436 gate=0.00001 envDelta=0.01435 envFloor=0.00120 onset=0.536 thresh=0.100 onsetDelta=0.43598 baseline=0.00120 lastPeak=0.00000 guard=0.060 activeAge=-1.000 pitch=148.54Hz pitchCents=520.0
2025-12-25 05:01:33 [detection] [s3] PASS onset: onsetStrength=0.8218 >= onsetThreshold=0.1000
2025-12-25 05:01:33 [detection] [s3] PASS gate: envelope=0.0064 >= gateThreshold=0.0002
2025-12-25 05:01:33 [detection] [s3] PASS envFloor: envelope=0.0064 >= envFloor=0.0014
2025-12-25 05:01:33 [detection] [s3] ONSET ACCEPTED
2025-12-25 05:01:33 [tracker] [s3] onset t=33.906 env=0.00637 gate=0.00018 envDelta=0.00619 envFloor=0.00140 onset=0.822 thresh=0.100 onsetDelta=0.72181 baseline=0.00140 lastPeak=0.00000 guard=0.060 activeAge=-1.000 pitch=-1.00Hz pitchCents=0.0
2025-12-25 05:01:33 [detection] [s2] PASS onset: onsetStrength=0.5831 >= onsetThreshold=0.1000
2025-12-25 05:01:33 [detection] [s2] PASS gate: envelope=0.0470 >= gateThreshold=0.0000
2025-12-25 05:01:33 [detection] [s2] PASS envFloor: envelope=0.0470 >= envFloor=0.0012
2025-12-25 05:01:33 [tracker] [s2] onset t=34.250 env=0.04703 gate=0.00001 envDelta=0.04702 envFloor=0.00120 onset=0.583 thresh=0.100 onsetDelta=0.48306 baseline=0.00120 lastPeak=0.00000 guard=0.060 activeAge=-1.000 pitch=148.59Hz pitchCents=520.6
2025-12-25 05:01:33 [tracker] [s2] note-start t=34.250 fret=5 midi=50 vel=0.56 env=0.04703
2025-12-25 05:01:33 [detection]      S2F5 ON (onset=0.583 env=0.0470)
2025-12-25 05:01:34 [detection] [s2] PASS onset: onsetStrength=0.9291 >= onsetThreshold=0.1000
2025-12-25 05:01:34 [detection] [s2] PASS gate: envelope=0.0964 >= gateThreshold=0.0000
2025-12-25 05:01:34 [detection] [s2] REJECT active-note: activeAge=0.0773 (onset during sustain)
2025-12-25 05:01:34 [detection] [s2] PASS onset: onsetStrength=0.7577 >= onsetThreshold=0.1000
2025-12-25 05:01:34 [detection] [s2] PASS gate: envelope=0.0437 >= gateThreshold=0.0000
2025-12-25 05:01:34 [detection] [s2] REJECT active-note: activeAge=0.1733 (onset during sustain)
2025-12-25 05:01:34 [detection] [s2] PASS onset: onsetStrength=0.9086 >= onsetThreshold=0.1000
2025-12-25 05:01:34 [detection] [s2] PASS gate: envelope=0.0569 >= gateThreshold=0.0000
2025-12-25 05:01:34 [detection] [s2] PASS envFloor: envelope=0.0569 >= envFloor=0.0012
2025-12-25 05:01:34 [detection] [s3] PASS onset: onsetStrength=1.0329 >= onsetThreshold=0.1000
2025-12-25 05:01:34 [detection] [s3] PASS gate: envelope=0.0036 >= gateThreshold=0.0002
2025-12-25 05:01:34 [detection] [s3] PASS envFloor: envelope=0.0036 >= envFloor=0.0014
2025-12-25 05:01:34 [detection] [s3] ONSET ACCEPTED
2025-12-25 05:01:34 [tracker] [s3] onset t=34.628 env=0.00362 gate=0.00018 envDelta=0.00343 envFloor=0.00140 onset=1.033 thresh=0.100 onsetDelta=0.93294 baseline=0.00140 lastPeak=0.00000 guard=0.060 activeAge=-1.000 pitch=-1.00Hz pitchCents=0.0
2025-12-25 05:01:34 [detection] [s2] PASS onset: onsetStrength=1.3166 >= onsetThreshold=0.1000
2025-12-25 05:01:34 [detection] [s2] PASS gate: envelope=0.0582 >= gateThreshold=0.0000
2025-12-25 05:01:34 [detection] [s2] PASS envFloor: envelope=0.0582 >= envFloor=0.0012
2025-12-25 05:01:34 [detection] [s2] REJECT active-note: activeAge=0.5386 (onset during sustain)
2025-12-25 05:01:34 [detection] [s2] PASS onset: onsetStrength=0.7380 >= onsetThreshold=0.1000
2025-12-25 05:01:34 [detection] [s2] PASS gate: envelope=0.0634 >= gateThreshold=0.0000
2025-12-25 05:01:34 [detection] [s2] PASS envFloor: envelope=0.0634 >= envFloor=0.0012
2025-12-25 05:01:34 [detection] [s2] REJECT active-note: activeAge=0.6746 (onset during sustain)
2025-12-25 05:01:34 [detection] [s3] PASS onset: onsetStrength=0.6403 >= onsetThreshold=0.1000
2025-12-25 05:01:34 [detection] [s3] PASS gate: envelope=0.0036 >= gateThreshold=0.0002
2025-12-25 05:01:34 [detection] [s3] ONSET ACCEPTED
2025-12-25 05:01:34 [tracker] [s3] onset t=34.972 env=0.00362 gate=0.00018 envDelta=0.00343 envFloor=0.00140 onset=0.640 thresh=0.100 onsetDelta=0.54029 baseline=0.00140 lastPeak=0.00000 guard=0.060 activeAge=-1.000 pitch=-1.00Hz pitchCents=0.0
2025-12-25 05:01:34 [detection] [s2] PASS onset: onsetStrength=0.8723 >= onsetThreshold=0.1000
2025-12-25 05:01:34 [detection] [s2] PASS envFloor: envelope=0.0692 >= envFloor=0.0012
2025-12-25 05:01:34 [detection] [s2] REJECT active-note: activeAge=0.7359 (onset during sustain)
2025-12-25 05:01:35 [detection] [s2] PASS onset: onsetStrength=0.9260 >= onsetThreshold=0.1000
2025-12-25 05:01:35 [detection] [s2] PASS gate: envelope=0.0426 >= gateThreshold=0.0000
2025-12-25 05:01:35 [detection] [s2] PASS envFloor: envelope=0.0426 >= envFloor=0.0012
2025-12-25 05:01:35 [detection] [s2] REJECT active-note: activeAge=1.3626 (onset during sustain)
2025-12-25 05:01:35 [detection] [s2] PASS onset: onsetStrength=1.0914 >= onsetThreshold=0.1000
2025-12-25 05:01:35 [detection] [s2] PASS gate: envelope=0.0327 >= gateThreshold=0.0000
2025-12-25 05:01:35 [detection] [s2] REJECT active-note: activeAge=1.6585 (onset during sustain)
2025-12-25 05:01:35 [detection] [s2] PASS onset: onsetStrength=1.4355 >= onsetThreshold=0.1000
2025-12-25 05:01:35 [detection] [s2] PASS gate: envelope=0.0150 >= gateThreshold=0.0000
2025-12-25 05:01:35 [detection] [s2] PASS envFloor: envelope=0.0150 >= envFloor=0.0012
2025-12-25 05:01:35 [detection] [s2] REJECT active-note: activeAge=1.7225 (onset during sustain)
2025-12-25 05:01:35 [detection] [s2] PASS onset: onsetStrength=1.4635 >= onsetThreshold=0.1000
2025-12-25 05:01:35 [detection] [s2] PASS gate: envelope=0.0081 >= gateThreshold=0.0000
2025-12-25 05:01:35 [detection] [s2] PASS envFloor: envelope=0.0081 >= envFloor=0.0012
2025-12-25 05:01:35 [detection] [s2] REJECT active-note: activeAge=1.9119 (onset during sustain)
2025-12-25 05:01:36 [detection] [s2] PASS onset: onsetStrength=1.2438 >= onsetThreshold=0.1000
2025-12-25 05:01:36 [detection] [s2] PASS gate: envelope=0.0269 >= gateThreshold=0.0000
2025-12-25 05:01:36 [detection] [s2] PASS envFloor: envelope=0.0269 >= envFloor=0.0012
2025-12-25 05:01:36 [detection] [s2] REJECT active-note: activeAge=2.2985 (onset during sustain)
2025-12-25 05:01:37 [detection] [s2] PASS onset: onsetStrength=0.7638 >= onsetThreshold=0.1000
2025-12-25 05:01:37 [detection] [s2] PASS gate: envelope=0.0181 >= gateThreshold=0.0000
2025-12-25 05:01:37 [detection] [s2] REJECT active-note: activeAge=3.5331 (onset during sustain)
2025-12-25 05:01:37 [detection] [s2] PASS onset: onsetStrength=0.9044 >= onsetThreshold=0.1000
2025-12-25 05:01:37 [detection] [s2] PASS gate: envelope=0.0180 >= gateThreshold=0.0000
2025-12-25 05:01:37 [detection] [s2] PASS envFloor: envelope=0.0180 >= envFloor=0.0012
2025-12-25 05:01:37 [detection] [s2] REJECT active-note: activeAge=3.6691 (onset during sustain)
2025-12-25 05:01:37 [detection] [s2] PASS onset: onsetStrength=0.9949 >= onsetThreshold=0.1000
2025-12-25 05:01:37 [detection] [s2] PASS gate: envelope=0.0144 >= gateThreshold=0.0000
2025-12-25 05:01:37 [detection] [s2] PASS envFloor: envelope=0.0144 >= envFloor=0.0012
2025-12-25 05:01:37 [detection] [s2] REJECT active-note: activeAge=3.8184 (onset during sustain)
2025-12-25 05:01:38 [detection] [s2] PASS onset: onsetStrength=1.0033 >= onsetThreshold=0.1000
2025-12-25 05:01:38 [detection] [s2] PASS gate: envelope=0.0097 >= gateThreshold=0.0000
2025-12-25 05:01:38 [detection] [s2] PASS envFloor: envelope=0.0097 >= envFloor=0.0012
2025-12-25 05:01:38 [detection] [s2] REJECT active-note: activeAge=4.0717 (onset during sustain)
2025-12-25 05:01:38 [detection] [s2] PASS onset: onsetStrength=0.9970 >= onsetThreshold=0.1000
2025-12-25 05:01:38 [detection] [s2] PASS gate: envelope=0.0102 >= gateThreshold=0.0000
2025-12-25 05:01:38 [detection] [s2] PASS envFloor: envelope=0.0102 >= envFloor=0.0012
2025-12-25 05:01:38 [detection] [s2] REJECT active-note: activeAge=4.6397 (onset during sustain)
2025-12-25 05:01:38 [detection] [s2] PASS onset: onsetStrength=1.0016 >= onsetThreshold=0.1000
2025-12-25 05:01:38 [detection] [s2] PASS gate: envelope=0.0056 >= gateThreshold=0.0000
2025-12-25 05:01:38 [detection] [s2] PASS envFloor: envelope=0.0056 >= envFloor=0.0012
2025-12-25 05:01:38 [detection] [s2] REJECT active-note: activeAge=4.8930 (onset during sustain)
2025-12-25 05:01:39 [detection] [s2] PASS onset: onsetStrength=1.1696 >= onsetThreshold=0.1000
2025-12-25 05:01:39 [detection] [s2] PASS gate: envelope=0.0053 >= gateThreshold=0.0000
2025-12-25 05:01:39 [detection] [s2] PASS envFloor: envelope=0.0053 >= envFloor=0.0012
2025-12-25 05:01:39 [detection] [s2] REJECT active-note: activeAge=5.2450 (onset during sustain)
2025-12-25 05:01:39 [detection] [s2] PASS onset: onsetStrength=0.8620 >= onsetThreshold=0.1000
2025-12-25 05:01:39 [detection] [s2] PASS gate: envelope=0.0081 >= gateThreshold=0.0000
2025-12-25 05:01:39 [detection] [s2] PASS envFloor: envelope=0.0081 >= envFloor=0.0012
2025-12-25 05:01:39 [detection] [s2] REJECT active-note: activeAge=5.4423 (onset during sustain)
2025-12-25 05:01:39 [detection] [s2] PASS onset: onsetStrength=0.9663 >= onsetThreshold=0.1000
2025-12-25 05:01:39 [detection] [s2] PASS gate: envelope=0.0061 >= gateThreshold=0.0000
2025-12-25 05:01:39 [detection] [s2] PASS envFloor: envelope=0.0061 >= envFloor=0.0012
2025-12-25 05:01:39 [detection] [s2] REJECT active-note: activeAge=5.8929 (onset during sustain)
2025-12-25 05:01:40 [detection] [s2] PASS onset: onsetStrength=1.1004 >= onsetThreshold=0.1000
2025-12-25 05:01:40 [detection] [s2] PASS gate: envelope=0.0039 >= gateThreshold=0.0000
2025-12-25 05:01:40 [detection] [s2] PASS envFloor: envelope=0.0039 >= envFloor=0.0012
2025-12-25 05:01:40 [detection] [s2] REJECT active-note: activeAge=6.3702 (onset during sustain)
2025-12-25 05:01:40 [detection] [s2] PASS onset: onsetStrength=1.3013 >= onsetThreshold=0.1000
2025-12-25 05:01:40 [detection] [s2] PASS gate: envelope=0.0047 >= gateThreshold=0.0000
2025-12-25 05:01:40 [detection] [s2] PASS envFloor: envelope=0.0047 >= envFloor=0.0012
2025-12-25 05:01:40 [detection] [s2] REJECT active-note: activeAge=6.4369 (onset during sustain)
2025-12-25 05:01:40 [detection] [s2] PASS onset: onsetStrength=0.8187 >= onsetThreshold=0.1000
2025-12-25 05:01:40 [detection] [s2] PASS gate: envelope=0.0039 >= gateThreshold=0.0000
2025-12-25 05:01:40 [detection] [s2] PASS envFloor: envelope=0.0039 >= envFloor=0.0012
2025-12-25 05:01:40 [detection] [s2] REJECT active-note: activeAge=6.8235 (onset during sustain)
2025-12-25 05:01:41 [detection] [s2] PASS onset: onsetStrength=0.6365 >= onsetThreshold=0.1000
2025-12-25 05:01:41 [detection] [s2] PASS gate: envelope=0.0041 >= gateThreshold=0.0000
2025-12-25 05:01:41 [detection] [s2] PASS envFloor: envelope=0.0041 >= envFloor=0.0012
2025-12-25 05:01:41 [detection] [s2] REJECT active-note: activeAge=7.1755 (onset during sustain)
2025-12-25 05:01:43 [detection] [s2] sustain check: avgEnv=0.0017 < sustainFloor=0.0018 (quiet frame 1/8)
2025-12-25 05:01:43 [detection] [s2] sustain check: avgEnv=0.0017 < sustainFloor=0.0018 (quiet frame 2/8)
2025-12-25 05:01:43 [detection] [s2] sustain check: avgEnv=0.0019 >= sustainFloor=0.0018 (reset quiet count from 2)
2025-12-25 05:01:43 [detection] [s2] sustain check: avgEnv=0.0018 < sustainFloor=0.0018 (quiet frame 1/8)
2025-12-25 05:01:43 [detection] [s2] sustain check: avgEnv=0.0017 < sustainFloor=0.0018 (quiet frame 2/8)
2025-12-25 05:01:43 [detection] [s2] sustain check: avgEnv=0.0018 < sustainFloor=0.0018 (quiet frame 3/8)
2025-12-25 05:01:43 [detection] [s2] sustain check: avgEnv=0.0019 >= sustainFloor=0.0018 (reset quiet count from 3)
2025-12-25 05:01:43 [detection] [s2] sustain check: avgEnv=0.0018 < sustainFloor=0.0018 (quiet frame 1/8)
2025-12-25 05:01:43 [detection] [s2] sustain check: avgEnv=0.0018 < sustainFloor=0.0018 (quiet frame 2/8)
2025-12-25 05:01:43 [detection] [s2] sustain check: avgEnv=0.0019 >= sustainFloor=0.0018 (reset quiet count from 2)
2025-12-25 05:01:43 [detection] [s2] sustain check: avgEnv=0.0018 < sustainFloor=0.0018 (quiet frame 1/8)
2025-12-25 05:01:43 [detection] [s2] sustain check: avgEnv=0.0018 < sustainFloor=0.0018 (quiet frame 2/8)
2025-12-25 05:01:43 [detection] [s2] sustain check: avgEnv=0.0019 >= sustainFloor=0.0018 (reset quiet count from 2)
2025-12-25 05:01:43 [detection] [s2] sustain check: avgEnv=0.0017 < sustainFloor=0.0018 (quiet frame 1/8)
2025-12-25 05:01:43 [detection] [s2] sustain check: avgEnv=0.0018 < sustainFloor=0.0018 (quiet frame 2/8)
2025-12-25 05:01:43 [detection] [s2] sustain check: avgEnv=0.0018 < sustainFloor=0.0018 (quiet frame 3/8)
2025-12-25 05:01:43 [detection] [s2] sustain check: avgEnv=0.0018 >= sustainFloor=0.0018 (reset quiet count from 3)
2025-12-25 05:01:43 [detection] [s2] sustain check: avgEnv=0.0018 < sustainFloor=0.0018 (quiet frame 1/8)
2025-12-25 05:01:43 [detection] [s2] sustain check: avgEnv=0.0018 < sustainFloor=0.0018 (quiet frame 2/8)
2025-12-25 05:01:43 [detection] [s2] sustain check: avgEnv=0.0018 >= sustainFloor=0.0018 (reset quiet count from 2)
2025-12-25 05:01:43 [detection] [s2] sustain check: avgEnv=0.0018 < sustainFloor=0.0018 (quiet frame 1/8)
2025-12-25 05:01:43 [detection] [s2] sustain check: avgEnv=0.0018 >= sustainFloor=0.0018 (reset quiet count from 1)
2025-12-25 05:01:43 [detection] [s2] sustain check: avgEnv=0.0018 < sustainFloor=0.0018 (quiet frame 1/8)
2025-12-25 05:01:43 [detection] [s2] sustain check: avgEnv=0.0017 < sustainFloor=0.0018 (quiet frame 2/8)
2025-12-25 05:01:43 [detection] [s2] sustain check: avgEnv=0.0016 < sustainFloor=0.0018 (quiet frame 3/8)
2025-12-25 05:01:43 [detection] [s2] sustain check: avgEnv=0.0017 < sustainFloor=0.0018 (quiet frame 4/8)
2025-12-25 05:01:43 [detection] [s2] sustain check: avgEnv=0.0017 < sustainFloor=0.0018 (quiet frame 5/8)
2025-12-25 05:01:43 [detection] [s2] sustain check: avgEnv=0.0018 < sustainFloor=0.0018 (quiet frame 6/8)
2025-12-25 05:01:43 [detection] [s2] sustain check: avgEnv=0.0019 >= sustainFloor=0.0018 (reset quiet count from 6)
2025-12-25 05:01:43 [detection] [s2] sustain check: avgEnv=0.0018 < sustainFloor=0.0018 (quiet frame 1/8)
2025-12-25 05:01:43 [detection] [s2] sustain check: avgEnv=0.0018 < sustainFloor=0.0018 (quiet frame 2/8)
2025-12-25 05:01:43 [detection] [s2] sustain check: avgEnv=0.0018 < sustainFloor=0.0018 (quiet frame 3/8)
2025-12-25 05:01:43 [detection] [s2] sustain check: avgEnv=0.0017 < sustainFloor=0.0018 (quiet frame 4/8)
2025-12-25 05:01:43 [detection] [s2] sustain check: avgEnv=0.0017 < sustainFloor=0.0018 (quiet frame 5/8)
2025-12-25 05:01:43 [detection] [s2] sustain check: avgEnv=0.0018 < sustainFloor=0.0018 (quiet frame 6/8)
2025-12-25 05:01:43 [detection] [s2] sustain check: avgEnv=0.0018 < sustainFloor=0.0018 (quiet frame 7/8)
2025-12-25 05:01:43 [detection] [s2] sustain check: avgEnv=0.0016 < sustainFloor=0.0018 (quiet frame 8/8)
2025-12-25 05:01:43 [detection] [s2] NOTE-OFF: sustained quiet for 8 frames
2025-12-25 05:01:43 [tracker] [s2] release-quiet t=43.870 avgEnv=0.00162 floor=0.00180 quietFrames=8
2025-12-25 05:01:43 [detection]      S2F5 OFF (sustained-quiet: avgEnv=0.0016 < floor=0.0018)
2025-12-25 05:01:43 [tracker] [s2] note-ended t=43.870 fret=5 dur=9.621
2025-12-25 05:03:05 [detection] [s2] PASS onset: onsetStrength=1.1302 >= onsetThreshold=0.1000
2025-12-25 05:03:05 [detection] [s2] PASS gate: envelope=0.0046 >= gateThreshold=0.0000
2025-12-25 05:03:05 [detection] [s2] PASS envFloor: envelope=0.0046 >= envFloor=0.0012
2025-12-25 05:03:05 [detection] [s2] ONSET ACCEPTED
2025-12-25 05:03:05 [tracker] [s2] onset t=126.100 env=0.00461 gate=0.00001 envDelta=0.00460 envFloor=0.00120 onset=1.130 thresh=0.100 onsetDelta=1.03017 baseline=0.00120 lastPeak=0.00000 guard=0.060 activeAge=-1.000 pitch=-1.00Hz pitchCents=0.0
2025-12-25 05:03:09 [detection] [s2] PASS onset: onsetStrength=0.8989 >= onsetThreshold=0.1000
2025-12-25 05:03:09 [detection] [s2] PASS gate: envelope=0.1710 >= gateThreshold=0.0000
2025-12-25 05:03:09 [detection] [s2] ONSET ACCEPTED
2025-12-25 05:03:09 [tracker] [s2] onset t=129.975 env=0.17099 gate=0.00001 envDelta=0.17097 envFloor=0.00120 onset=0.899 thresh=0.100 onsetDelta=0.79892 baseline=0.00120 lastPeak=0.00000 guard=0.060 activeAge=-1.000 pitch=-1.00Hz pitchCents=0.0
2025-12-25 05:03:09 [detection] [s3] PASS onset: onsetStrength=1.3756 >= onsetThreshold=0.1000
2025-12-25 05:03:09 [detection] [s3] PASS gate: envelope=0.0150 >= gateThreshold=0.0002
2025-12-25 05:03:09 [detection] [s3] PASS envFloor: envelope=0.0150 >= envFloor=0.0014
2025-12-25 05:03:09 [detection] [s3] ONSET ACCEPTED
2025-12-25 05:03:09 [tracker] [s3] onset t=129.983 env=0.01502 gate=0.00018 envDelta=0.01484 envFloor=0.00140 onset=1.376 thresh=0.100 onsetDelta=1.27558 baseline=0.00140 lastPeak=0.00000 guard=0.060 activeAge=-1.000 pitch=-1.00Hz pitchCents=0.0
2025-12-25 05:03:09 [detection] [s2] PASS onset: onsetStrength=1.4467 >= onsetThreshold=0.1000
2025-12-25 05:03:09 [detection] [s2] PASS gate: envelope=0.0457 >= gateThreshold=0.0000
2025-12-25 05:03:09 [detection] [s2] PASS envFloor: envelope=0.0457 >= envFloor=0.0012
2025-12-25 05:03:09 [detection] [s2] ONSET ACCEPTED
2025-12-25 05:03:09 [tracker] [s2] onset t=130.087 env=0.04572 gate=0.00001 envDelta=0.04570 envFloor=0.00120 onset=1.447 thresh=0.100 onsetDelta=1.34671 baseline=0.00120 lastPeak=0.00000 guard=0.060 activeAge=-1.000 pitch=148.45Hz pitchCents=519.0
2025-12-25 05:03:09 [tracker] [s2] note-start t=130.087 fret=5 midi=50 vel=0.55 env=0.04572
2025-12-25 05:03:09 [detection]      S2F5 ON (onset=1.447 env=0.0457)
2025-12-25 05:03:09 [detection] [s2] PASS onset: onsetStrength=1.0747 >= onsetThreshold=0.1000
2025-12-25 05:03:09 [detection] [s2] PASS gate: envelope=0.0402 >= gateThreshold=0.0000
2025-12-25 05:03:09 [detection] [s2] PASS envFloor: envelope=0.0402 >= envFloor=0.0012
2025-12-25 05:03:09 [detection] [s2] REJECT active-note: activeAge=0.0935 (onset during sustain)
2025-12-25 05:03:09 [detection] [s2] PASS onset: onsetStrength=1.1352 >= onsetThreshold=0.1000
2025-12-25 05:03:09 [detection] [s2] PASS gate: envelope=0.1115 >= gateThreshold=0.0000
2025-12-25 05:03:09 [detection] [s2] PASS envFloor: envelope=0.1115 >= envFloor=0.0012
2025-12-25 05:03:09 [detection] [s2] REJECT active-note: activeAge=0.2110 (onset during sustain)
2025-12-25 05:03:10 [detection] [s2] PASS onset: onsetStrength=0.7919 >= onsetThreshold=0.1000
2025-12-25 05:03:10 [detection] [s2] PASS gate: envelope=0.0734 >= gateThreshold=0.0000
2025-12-25 05:03:10 [detection] [s2] PASS envFloor: envelope=0.0734 >= envFloor=0.0012
2025-12-25 05:03:10 [detection] [s2] REJECT active-note: activeAge=0.5688 (onset during sustain)
2025-12-25 05:03:10 [detection] [s2] PASS onset: onsetStrength=0.9953 >= onsetThreshold=0.1000
2025-12-25 05:03:10 [detection] [s2] PASS gate: envelope=0.0297 >= gateThreshold=0.0000
2025-12-25 05:03:10 [detection] [s2] PASS envFloor: envelope=0.0297 >= envFloor=0.0012
2025-12-25 05:03:10 [detection] [s2] REJECT active-note: activeAge=1.2417 (onset during sustain)
2025-12-25 05:03:11 [detection] [s2] PASS onset: onsetStrength=1.1627 >= onsetThreshold=0.1000
2025-12-25 05:03:11 [detection] [s2] PASS gate: envelope=0.0441 >= gateThreshold=0.0000
2025-12-25 05:03:11 [detection] [s2] PASS envFloor: envelope=0.0441 >= envFloor=0.0012
2025-12-25 05:03:11 [detection] [s2] REJECT active-note: activeAge=1.6636 (onset during sustain)
2025-12-25 05:03:11 [detection] [s2] PASS onset: onsetStrength=1.0656 >= onsetThreshold=0.1000
2025-12-25 05:03:11 [detection] [s2] PASS gate: envelope=0.0391 >= gateThreshold=0.0000
2025-12-25 05:03:11 [detection] [s2] PASS envFloor: envelope=0.0391 >= envFloor=0.0012
2025-12-25 05:03:11 [detection] [s2] REJECT active-note: activeAge=1.8398 (onset during sustain)
2025-12-25 05:03:11 [detection] [s2] PASS onset: onsetStrength=0.7771 >= onsetThreshold=0.1000
2025-12-25 05:03:11 [detection] [s2] PASS gate: envelope=0.0372 >= gateThreshold=0.0000
2025-12-25 05:03:11 [detection] [s2] PASS envFloor: envelope=0.0372 >= envFloor=0.0012
2025-12-25 05:03:11 [detection] [s2] REJECT active-note: activeAge=1.9947 (onset during sustain)
2025-12-25 05:03:11 [detection] [s2] PASS onset: onsetStrength=0.9983 >= onsetThreshold=0.1000
2025-12-25 05:03:11 [detection] [s2] PASS gate: envelope=0.0119 >= gateThreshold=0.0000
2025-12-25 05:03:11 [detection] [s2] PASS envFloor: envelope=0.0119 >= envFloor=0.0012
2025-12-25 05:03:11 [detection] [s2] REJECT active-note: activeAge=2.3018 (onset during sustain)
2025-12-25 05:03:12 [detection] [s2] PASS onset: onsetStrength=0.9353 >= onsetThreshold=0.1000
2025-12-25 05:03:12 [detection] [s2] PASS gate: envelope=0.0312 >= gateThreshold=0.0000
2025-12-25 05:03:12 [detection] [s2] PASS envFloor: envelope=0.0312 >= envFloor=0.0012
2025-12-25 05:03:12 [detection] [s2] REJECT active-note: activeAge=2.6009 (onset during sustain)
2025-12-25 05:03:12 [detection] [s2] PASS onset: onsetStrength=1.0025 >= onsetThreshold=0.1000
2025-12-25 05:03:12 [detection] [s2] PASS gate: envelope=0.0230 >= gateThreshold=0.0000
2025-12-25 05:03:12 [detection] [s2] PASS envFloor: envelope=0.0230 >= envFloor=0.0012
2025-12-25 05:03:12 [detection] [s2] REJECT active-note: activeAge=2.9613 (onset during sustain)
2025-12-25 05:03:12 [detection] [s2] PASS onset: onsetStrength=0.9967 >= onsetThreshold=0.1000
2025-12-25 05:03:12 [detection] [s2] PASS gate: envelope=0.0226 >= gateThreshold=0.0000
2025-12-25 05:03:12 [detection] [s2] PASS envFloor: envelope=0.0226 >= envFloor=0.0012
2025-12-25 05:03:12 [detection] [s2] REJECT active-note: activeAge=3.1429 (onset during sustain)
2025-12-25 05:03:12 [detection] [s2] PASS onset: onsetStrength=0.8657 >= onsetThreshold=0.1000
2025-12-25 05:03:12 [detection] [s2] PASS gate: envelope=0.0162 >= gateThreshold=0.0000
2025-12-25 05:03:12 [detection] [s2] REJECT active-note: activeAge=3.2818 (onset during sustain)
2025-12-25 05:03:13 [detection] [s2] PASS onset: onsetStrength=1.4538 >= onsetThreshold=0.1000
2025-12-25 05:03:13 [detection] [s2] PASS gate: envelope=0.0198 >= gateThreshold=0.0000
2025-12-25 05:03:13 [detection] [s2] REJECT active-note: activeAge=3.5542 (onset during sustain)
2025-12-25 05:03:13 [detection] [s2] PASS onset: onsetStrength=0.9704 >= onsetThreshold=0.1000
2025-12-25 05:03:13 [detection] [s2] PASS gate: envelope=0.0170 >= gateThreshold=0.0000
2025-12-25 05:03:13 [detection] [s2] PASS envFloor: envelope=0.0170 >= envFloor=0.0012
2025-12-25 05:03:13 [detection] [s2] REJECT active-note: activeAge=3.8506 (onset during sustain)
2025-12-25 05:03:13 [detection] [s2] PASS onset: onsetStrength=0.9954 >= onsetThreshold=0.1000
2025-12-25 05:03:13 [detection] [s2] PASS gate: envelope=0.0104 >= gateThreshold=0.0000
2025-12-25 05:03:13 [detection] [s2] PASS envFloor: envelope=0.0104 >= envFloor=0.0012
2025-12-25 05:03:13 [detection] [s2] REJECT active-note: activeAge=3.9280 (onset during sustain)
2025-12-25 05:03:13 [detection] [s2] PASS onset: onsetStrength=0.9940 >= onsetThreshold=0.1000
2025-12-25 05:03:13 [detection] [s2] PASS gate: envelope=0.0113 >= gateThreshold=0.0000
2025-12-25 05:03:13 [detection] [s2] PASS envFloor: envelope=0.0113 >= envFloor=0.0012
2025-12-25 05:03:13 [detection] [s2] REJECT active-note: activeAge=3.9841 (onset during sustain)
2025-12-25 05:03:13 [detection] [s2] PASS onset: onsetStrength=0.9030 >= onsetThreshold=0.1000
2025-12-25 05:03:13 [detection] [s2] PASS gate: envelope=0.0115 >= gateThreshold=0.0000
2025-12-25 05:03:13 [detection] [s2] PASS envFloor: envelope=0.0115 >= envFloor=0.0012
2025-12-25 05:03:13 [detection] [s2] REJECT active-note: activeAge=4.0508 (onset during sustain)
2025-12-25 05:03:14 [detection] [s2] PASS onset: onsetStrength=1.0323 >= onsetThreshold=0.1000
2025-12-25 05:03:14 [detection] [s2] PASS gate: envelope=0.0087 >= gateThreshold=0.0000
2025-12-25 05:03:14 [detection] [s2] PASS envFloor: envelope=0.0087 >= envFloor=0.0012
2025-12-25 05:03:14 [detection] [s2] REJECT active-note: activeAge=4.4487 (onset during sustain)
2025-12-25 05:03:14 [detection] [s2] PASS onset: onsetStrength=0.9986 >= onsetThreshold=0.1000
2025-12-25 05:03:14 [detection] [s2] PASS gate: envelope=0.0131 >= gateThreshold=0.0000
2025-12-25 05:03:14 [detection] [s2] PASS envFloor: envelope=0.0131 >= envFloor=0.0012
2025-12-25 05:03:14 [detection] [s2] REJECT active-note: activeAge=4.5422 (onset during sustain)
2025-12-25 05:03:14 [detection] [s2] PASS onset: onsetStrength=0.6423 >= onsetThreshold=0.1000
2025-12-25 05:03:14 [detection] [s2] PASS envFloor: envelope=0.0113 >= envFloor=0.0012
2025-12-25 05:03:14 [detection] [s2] REJECT active-note: activeAge=5.1750 (onset during sustain)
2025-12-25 05:03:14 [detection] [s2] PASS onset: onsetStrength=1.0970 >= onsetThreshold=0.1000
2025-12-25 05:03:14 [detection] [s2] PASS envFloor: envelope=0.0098 >= envFloor=0.0012
2025-12-25 05:03:14 [detection] [s2] REJECT active-note: activeAge=5.3032 (onset during sustain)
2025-12-25 05:03:15 [detection] [s2] PASS onset: onsetStrength=1.4145 >= onsetThreshold=0.1000
2025-12-25 05:03:15 [detection] [s2] PASS gate: envelope=0.0066 >= gateThreshold=0.0000
2025-12-25 05:03:15 [detection] [s2] PASS envFloor: envelope=0.0066 >= envFloor=0.0012
2025-12-25 05:03:15 [detection] [s2] REJECT active-note: activeAge=5.3673 (onset during sustain)
2025-12-25 05:03:15 [detection] [s2] PASS onset: onsetStrength=1.1350 >= onsetThreshold=0.1000
2025-12-25 05:03:15 [detection] [s2] PASS envFloor: envelope=0.0081 >= envFloor=0.0012
2025-12-25 05:03:15 [detection] [s2] REJECT active-note: activeAge=5.5862 (onset during sustain)
2025-12-25 05:03:15 [detection] [s2] PASS onset: onsetStrength=1.0507 >= onsetThreshold=0.1000
2025-12-25 05:03:15 [detection] [s2] PASS gate: envelope=0.0092 >= gateThreshold=0.0000
2025-12-25 05:03:15 [detection] [s2] REJECT active-note: activeAge=5.7144 (onset during sustain)
2025-12-25 05:03:15 [detection] [s2] PASS onset: onsetStrength=0.9946 >= onsetThreshold=0.1000
2025-12-25 05:03:15 [detection] [s2] PASS gate: envelope=0.0077 >= gateThreshold=0.0000
2025-12-25 05:03:15 [detection] [s2] PASS envFloor: envelope=0.0077 >= envFloor=0.0012
2025-12-25 05:03:15 [detection] [s2] REJECT active-note: activeAge=6.1550 (onset during sustain)
2025-12-25 05:03:15 [detection] [s2] PASS onset: onsetStrength=0.9404 >= onsetThreshold=0.1000
2025-12-25 05:03:15 [detection] [s2] PASS gate: envelope=0.0066 >= gateThreshold=0.0000
2025-12-25 05:03:15 [detection] [s2] PASS envFloor: envelope=0.0066 >= envFloor=0.0012
2025-12-25 05:03:15 [detection] [s2] REJECT active-note: activeAge=6.2325 (onset during sustain)
2025-12-25 05:03:15 [detection] [s2] PASS onset: onsetStrength=0.9976 >= onsetThreshold=0.1000
2025-12-25 05:03:15 [detection] [s2] PASS gate: envelope=0.0068 >= gateThreshold=0.0000
2025-12-25 05:03:15 [detection] [s2] REJECT active-note: activeAge=6.3072 (onset during sustain)
2025-12-25 05:03:16 [detection] [s2] PASS onset: onsetStrength=1.1653 >= onsetThreshold=0.1000
2025-12-25 05:03:16 [detection] [s2] PASS gate: envelope=0.0067 >= gateThreshold=0.0000
2025-12-25 05:03:16 [detection] [s2] PASS envFloor: envelope=0.0067 >= envFloor=0.0012
2025-12-25 05:03:16 [detection] [s2] REJECT active-note: activeAge=6.4941 (onset during sustain)
2025-12-25 05:03:16 [detection] [s2] PASS onset: onsetStrength=0.9939 >= onsetThreshold=0.1000
2025-12-25 05:03:16 [detection] [s2] PASS gate: envelope=0.0063 >= gateThreshold=0.0000
2025-12-25 05:03:16 [detection] [s2] PASS envFloor: envelope=0.0063 >= envFloor=0.0012
2025-12-25 05:03:16 [detection] [s2] REJECT active-note: activeAge=6.6730 (onset during sustain)
2025-12-25 05:03:16 [detection] [s2] PASS onset: onsetStrength=1.4010 >= onsetThreshold=0.1000
2025-12-25 05:03:16 [detection] [s2] PASS gate: envelope=0.0054 >= gateThreshold=0.0000
2025-12-25 05:03:16 [detection] [s2] PASS envFloor: envelope=0.0054 >= envFloor=0.0012
2025-12-25 05:03:16 [detection] [s2] REJECT active-note: activeAge=6.7265 (onset during sustain)
2025-12-25 05:03:16 [detection] [s2] PASS onset: onsetStrength=0.9944 >= onsetThreshold=0.1000
2025-12-25 05:03:16 [detection] [s2] PASS gate: envelope=0.0061 >= gateThreshold=0.0000
2025-12-25 05:03:16 [detection] [s2] PASS envFloor: envelope=0.0061 >= envFloor=0.0012
2025-12-25 05:03:16 [detection] [s2] REJECT active-note: activeAge=7.1163 (onset during sustain)
2025-12-25 05:03:20 [detection] [s2] sustain check: avgEnv=0.0018 < sustainFloor=0.0018 (quiet frame 1/8)
2025-12-25 05:03:20 [detection] [s2] sustain check: avgEnv=0.0017 < sustainFloor=0.0018 (quiet frame 2/8)
2025-12-25 05:03:20 [detection] [s2] sustain check: avgEnv=0.0016 < sustainFloor=0.0018 (quiet frame 3/8)
2025-12-25 05:03:20 [detection] [s2] sustain check: avgEnv=0.0017 < sustainFloor=0.0018 (quiet frame 4/8)
2025-12-25 05:03:20 [detection] [s2] sustain check: avgEnv=0.0018 < sustainFloor=0.0018 (quiet frame 5/8)
2025-12-25 05:03:20 [detection] [s2] sustain check: avgEnv=0.0018 >= sustainFloor=0.0018 (reset quiet count from 5)
2025-12-25 05:03:20 [detection] [s2] sustain check: avgEnv=0.0018 < sustainFloor=0.0018 (quiet frame 1/8)
2025-12-25 05:03:20 [detection] [s2] sustain check: avgEnv=0.0018 < sustainFloor=0.0018 (quiet frame 2/8)
2025-12-25 05:03:20 [detection] [s2] sustain check: avgEnv=0.0018 < sustainFloor=0.0018 (quiet frame 3/8)
2025-12-25 05:03:20 [detection] [s2] sustain check: avgEnv=0.0019 >= sustainFloor=0.0018 (reset quiet count from 3)
2025-12-25 05:03:20 [detection] [s2] sustain check: avgEnv=0.0018 < sustainFloor=0.0018 (quiet frame 1/8)
2025-12-25 05:03:20 [detection] [s2] sustain check: avgEnv=0.0018 < sustainFloor=0.0018 (quiet frame 2/8)
2025-12-25 05:03:20 [detection] [s2] sustain check: avgEnv=0.0018 < sustainFloor=0.0018 (quiet frame 3/8)
2025-12-25 05:03:20 [detection] [s2] sustain check: avgEnv=0.0017 < sustainFloor=0.0018 (quiet frame 4/8)
2025-12-25 05:03:20 [detection] [s2] sustain check: avgEnv=0.0017 < sustainFloor=0.0018 (quiet frame 5/8)
2025-12-25 05:03:20 [detection] [s2] sustain check: avgEnv=0.0018 < sustainFloor=0.0018 (quiet frame 6/8)
2025-12-25 05:03:20 [detection] [s2] sustain check: avgEnv=0.0017 < sustainFloor=0.0018 (quiet frame 7/8)
2025-12-25 05:03:20 [detection] [s2] sustain check: avgEnv=0.0017 < sustainFloor=0.0018 (quiet frame 8/8)
2025-12-25 05:03:20 [detection] [s2] NOTE-OFF: sustained quiet for 8 frames
2025-12-25 05:03:20 [tracker] [s2] release-quiet t=140.605 avgEnv=0.00173 floor=0.00180 quietFrames=8
2025-12-25 05:03:20 [detection]      S2F5 OFF (sustained-quiet: avgEnv=0.0017 < floor=0.0018)
2025-12-25 05:03:20 [tracker] [s2] note-ended t=140.605 fret=5 dur=10.518
2025-12-25 05:03:25 [detection] [s6] PASS onset: onsetStrength=0.8288 >= onsetThreshold=0.1000
2025-12-25 05:03:25 [detection] [s6] PASS gate: envelope=0.0106 >= gateThreshold=0.0005
2025-12-25 05:03:25 [detection] [s6] PASS envFloor: envelope=0.0106 >= envFloor=0.0020
2025-12-25 05:03:25 [detection] [s6] ONSET ACCEPTED
2025-12-25 05:03:25 [tracker] [s6] onset t=145.991 env=0.01058 gate=0.00050 envDelta=0.01008 envFloor=0.00200 onset=0.829 thresh=0.100 onsetDelta=0.72876 baseline=0.00200 lastPeak=0.00000 guard=0.060 activeAge=-1.000 pitch=497.73Hz pitchCents=713.4
2025-12-25 05:04:46 [sessionwavs] wrote 6 wav files to /home/general/SignalAssistant/logs/sessionwavs/session-20251225-050059 (shutdown)
