# SignalAssistant session log
# Started at 2025-12-08 03:36:22
2025-12-08 03:36:22 [session] mode=recorded session='live/A' path='/home/general/SignalAssistant/sessions/live/A' duration=12.81 files=6
2025-12-08 03:36:22 [tracker-settings] TrackerConfig onsetThreshold=0.02000 minNoteDurSec=0.045 hopSec=0.010 slideDelta=120.0 bendDelta=35.0
2025-12-08 03:36:22 [tracker-settings] string1 midi=40 lowCut=37.08Hz highCut=445.00Hz baseline=0.000180 gateRatio=0.05500 envFloor=0.000450 sustainScale=0.580 retriggerScale=1.400 peakRelease=0.120 pitchTol=0.400 onsetScale=0.300
2025-12-08 03:36:22 [tracker-settings] string2 midi=45 lowCut=55.00Hz highCut=563.20Hz baseline=0.000220 gateRatio=0.10000 envFloor=0.000550 sustainScale=0.700 retriggerScale=1.250 peakRelease=0.130 pitchTol=0.400 onsetScale=0.450
2025-12-08 03:36:22 [tracker-settings] string3 midi=50 lowCut=85.16Hz highCut=693.05Hz baseline=0.000260 gateRatio=0.13000 envFloor=0.000650 sustainScale=0.820 retriggerScale=1.100 peakRelease=0.140 pitchTol=0.450 onsetScale=0.580
2025-12-08 03:36:22 [tracker-settings] string4 midi=55 lowCut=127.40Hz highCut=862.39Hz baseline=0.000320 gateRatio=0.17000 envFloor=0.000780 sustainScale=1.000 retriggerScale=1.000 peakRelease=0.160 pitchTol=0.440 onsetScale=0.700
2025-12-08 03:36:22 [tracker-settings] string5 midi=59 lowCut=160.51Hz highCut=1086.54Hz baseline=0.000370 gateRatio=0.21000 envFloor=0.000900 sustainScale=1.000 retriggerScale=1.000 peakRelease=0.180 pitchTol=0.500 onsetScale=0.800
2025-12-08 03:36:22 [tracker-settings] string6 midi=64 lowCut=214.26Hz highCut=1450.36Hz baseline=0.000420 gateRatio=0.25000 envFloor=0.001050 sustainScale=1.000 retriggerScale=1.000 peakRelease=0.200 pitchTol=0.550 onsetScale=0.900
2025-12-08 03:36:22 [tracker] [s1] calibration reset
2025-12-08 03:36:22 [tracker] [s2] calibration reset
2025-12-08 03:36:22 [tracker] [s3] calibration reset
2025-12-08 03:36:22 [tracker] [s4] calibration reset
2025-12-08 03:36:22 [tracker] [s5] calibration reset
2025-12-08 03:36:22 [tracker] [s6] calibration reset
2025-12-08 03:36:22 [tracker] [s1] calibration avg=0.03165 peak=0.10910
2025-12-08 03:36:22 [tracker] [s2] calibration avg=0.01798 peak=0.04582
2025-12-08 03:36:22 [tracker] [s3] calibration avg=0.01325 peak=0.06025
2025-12-08 03:36:22 [tracker] [s4] calibration avg=0.03051 peak=0.11407
2025-12-08 03:36:22 [tracker] [s5] calibration avg=0.03291 peak=0.07733
2025-12-08 03:36:22 [tracker] [s6] calibration avg=0.04616 peak=0.12280
2025-12-08 03:36:27 [test-mode] play session='live/A' position=0.00 duration=12.81
2025-12-08 03:36:27 [tracker] [s1] configure sr=48000.0 hop=512 fft=4096 low=37.1 high=445.0
2025-12-08 03:36:27 [tracker] [s1] params baseline=0.000180 gate=0.0550 envFloor=0.000450 sustain=0.580 retrigger=1.400 peakRelease=0.120 pitchTol=0.400 onsetScale=0.006 aubioScale=1.20 aubioThresh=0.024 onsetSilence=-85.0 pitchSilence=-90.0
2025-12-08 03:36:27 [tracker] [s1] aubio-raw t=0.0053 onset=4.000000 env=0.000120 peak=0.000435 gain=1.000
2025-12-08 03:36:27 [tracker] [s1] onset-below-gate t=0.0053 env=0.000120 onset=4.000000 thresh=0.006000 baseline=0.029117 gate=0.001601 envFloor=0.024750 floor=0.029117 adapt=0.029117 lastPeak=0.000000 calib=0.029117 baseParam=0.000180 gateRatio=0.0550 envParam=0.000450
2025-12-08 03:36:27 [tracker] [s2] configure sr=48000.0 hop=512 fft=4096 low=55.0 high=563.2
2025-12-08 03:36:27 [tracker] [s2] params baseline=0.000220 gate=0.1000 envFloor=0.000550 sustain=0.700 retrigger=1.250 peakRelease=0.130 pitchTol=0.400 onsetScale=0.009 aubioScale=1.35 aubioThresh=0.027 onsetSilence=-85.0 pitchSilence=-90.0
2025-12-08 03:36:27 [tracker] [s3] configure sr=48000.0 hop=512 fft=4096 low=85.2 high=693.0
2025-12-08 03:36:27 [tracker] [s3] params baseline=0.000260 gate=0.1300 envFloor=0.000650 sustain=0.820 retrigger=1.100 peakRelease=0.140 pitchTol=0.450 onsetScale=0.012 aubioScale=1.60 aubioThresh=0.032 onsetSilence=-75.0 pitchSilence=-80.0
2025-12-08 03:36:27 [tracker] [s4] configure sr=48000.0 hop=512 fft=4096 low=127.4 high=862.4
2025-12-08 03:36:27 [tracker] [s5] configure sr=48000.0 hop=512 fft=2048 low=160.5 high=1086.5
2025-12-08 03:36:27 [tracker] [s5] params baseline=0.000370 gate=0.2100 envFloor=0.000900 sustain=1.000 retrigger=1.000 peakRelease=0.180 pitchTol=0.500 onsetScale=0.016 aubioScale=1.80 aubioThresh=0.036 onsetSilence=-75.0 pitchSilence=-80.0
2025-12-08 03:36:27 [tracker] [s6] configure sr=48000.0 hop=512 fft=2048 low=214.3 high=1450.4
2025-12-08 03:36:27 [tracker] [s6] params baseline=0.000420 gate=0.2500 envFloor=0.001050 sustain=1.000 retrigger=1.000 peakRelease=0.200 pitchTol=0.550 onsetScale=0.018 aubioScale=1.80 aubioThresh=0.036 onsetSilence=-75.0 pitchSilence=-80.0
2025-12-08 03:36:27 [tracker] [s1] aubio-raw t=0.7520 onset=0.865501 env=0.000462 peak=0.001347 gain=1.000
2025-12-08 03:36:27 [tracker] [s1] onset-below-gate t=0.7520 env=0.000462 onset=0.865501 thresh=0.006000 baseline=0.029117 gate=0.001601 envFloor=0.024750 floor=0.029117 adapt=0.029117 lastPeak=0.000000 calib=0.029117 baseParam=0.000180 gateRatio=0.0550 envParam=0.000450
2025-12-08 03:36:28 [tracker] [s1] aubio-raw t=1.4027 onset=1.436933 env=0.044847 peak=0.104003 gain=1.000
2025-12-08 03:36:28 [tracker] [s1] onset-accepted t=1.4027 env=0.044847 onset=1.436933 thresh=0.006000 baseline=0.029117 gate=0.001601 envFloor=0.024750 floor=0.029117 adapt=0.029117 lastPeak=0.000000 calib=0.029117 baseParam=0.000180 gateRatio=0.0550 envParam=0.000450
2025-12-08 03:36:28 [tracker] [s1] onset t=1.403 env=0.04485 baseline=0.02912 gate=0.00160 envFloor=0.02475 onset=1.437>=0.006
2025-12-08 03:36:28 [tracker] [s2] onset t=1.413 env=0.04457 baseline=0.01690 gate=0.00169 envFloor=0.01436 onset=1.386>=0.009
2025-12-08 03:36:28 [tracker] [s3] onset t=1.424 env=0.02586 baseline=0.01285 gate=0.00167 envFloor=0.01093 onset=1.115>=0.012
2025-12-08 03:36:28 [tracker] [s1] aubio-raw t=1.4880 onset=1.129783 env=0.041490 peak=0.107284 gain=1.000
2025-12-08 03:36:28 [tracker] [s1] onset-accepted t=1.4880 env=0.041490 onset=1.129783 thresh=0.006000 baseline=0.029117 gate=0.001601 envFloor=0.024750 floor=0.029117 adapt=0.029117 lastPeak=0.000000 calib=0.029117 baseParam=0.000180 gateRatio=0.0550 envParam=0.000450
2025-12-08 03:36:28 [tracker] [s1] onset t=1.488 env=0.04149 baseline=0.02912 gate=0.00160 envFloor=0.02475 onset=1.130>=0.006
2025-12-08 03:36:28 [tracker] [s1] note-start t=1.488 fret=3 midi=43 vel=0.50 env=0.04149
2025-12-08 03:36:28 [tracker] [s3] onset t=1.509 env=0.02451 baseline=0.01285 gate=0.00167 envFloor=0.01093 onset=1.202>=0.012
2025-12-08 03:36:28 [tracker] [s3] note-start t=1.509 fret=5 midi=55 vel=0.29 env=0.02451
2025-12-08 03:36:28 [tracker] [s1] aubio-raw t=1.5733 onset=1.112477 env=0.046314 peak=0.116143 gain=1.000
2025-12-08 03:36:28 [tracker] [s1] onset-accepted t=1.5733 env=0.046314 onset=1.112477 thresh=0.006000 baseline=0.035873 gate=0.001973 envFloor=0.024750 floor=0.029117 adapt=0.029117 lastPeak=0.039859 calib=0.029117 baseParam=0.000180 gateRatio=0.0550 envParam=0.000450
2025-12-08 03:36:28 [tracker] [s1] onset t=1.573 env=0.04631 baseline=0.03587 gate=0.00197 envFloor=0.02475 onset=1.112>=0.006
2025-12-08 03:36:28 [tracker] [s1] note-ended (new onset) t=1.573 fret=3 dur=0.085
2025-12-08 03:36:28 [tracker] [s1] note-start t=1.573 fret=3 midi=43 vel=0.56 env=0.04631
2025-12-08 03:36:28 [tracker] [s1] aubio-raw t=1.8080 onset=1.138368 env=0.084481 peak=0.255610 gain=1.000
2025-12-08 03:36:28 [tracker] [s1] onset-accepted t=1.8080 env=0.084481 onset=1.138368 thresh=0.006000 baseline=0.037330 gate=0.002053 envFloor=0.024750 floor=0.029117 adapt=0.032356 lastPeak=0.041478 calib=0.029117 baseParam=0.000180 gateRatio=0.0550 envParam=0.000450
2025-12-08 03:36:28 [tracker] [s1] onset t=1.808 env=0.08448 baseline=0.03733 gate=0.00205 envFloor=0.02475 onset=1.138>=0.006
2025-12-08 03:36:28 [tracker] [s1] note-ended (new onset) t=1.808 fret=3 dur=0.235
2025-12-08 03:36:28 [tracker] [s2] onset t=1.808 env=0.03527 baseline=0.02277 gate=0.00228 envFloor=0.01594 onset=1.490>=0.009
2025-12-08 03:36:28 [tracker] [s2] note-start t=1.808 fret=5 midi=50 vel=0.42 env=0.03527
2025-12-08 03:36:28 [tracker] [s3] onset t=1.819 env=0.02501 baseline=0.01908 gate=0.00248 envFloor=0.01093 onset=1.492>=0.012
2025-12-08 03:36:28 [tracker] [s3] note-ended (new onset) t=1.819 fret=5 dur=0.309
2025-12-08 03:36:28 [tracker] [s3] note-start t=1.819 fret=5 midi=55 vel=0.30 env=0.02501
2025-12-08 03:36:29 [tracker] [s1] aubio-raw t=1.8933 onset=1.084799 env=0.078275 peak=0.232563 gain=1.000
2025-12-08 03:36:29 [tracker] [s1] onset-accepted t=1.8933 env=0.078275 onset=1.084799 thresh=0.006000 baseline=0.039446 gate=0.002170 envFloor=0.027612 floor=0.029117 adapt=0.039446 lastPeak=0.039848 calib=0.029117 baseParam=0.000180 gateRatio=0.0550 envParam=0.000450
2025-12-08 03:36:29 [tracker] [s1] onset t=1.893 env=0.07828 baseline=0.03945 gate=0.00217 envFloor=0.02761 onset=1.085>=0.006
2025-12-08 03:36:29 [tracker] [s1] note-start t=1.893 fret=3 midi=43 vel=0.94 env=0.07828
2025-12-08 03:36:29 [tracker] [s2] onset t=1.893 env=0.04227 baseline=0.03049 gate=0.00305 envFloor=0.01558 onset=1.110>=0.009
2025-12-08 03:36:29 [tracker] [s2] note-ended (new onset) t=1.893 fret=5 dur=0.085
2025-12-08 03:36:29 [tracker] [s2] note-start t=1.893 fret=5 midi=50 vel=0.51 env=0.04227
2025-12-08 03:36:29 [tracker] [s3] onset t=1.904 env=0.02213 baseline=0.02162 gate=0.00281 envFloor=0.01093 onset=1.220>=0.012
2025-12-08 03:36:29 [tracker] [s3] note-ended (new onset) t=1.904 fret=5 dur=0.085
2025-12-08 03:36:29 [tracker] [s3] note-start t=1.904 fret=5 midi=55 vel=0.27 env=0.02213
2025-12-08 03:36:29 [tracker] [s1] aubio-raw t=2.0533 onset=0.991565 env=0.064686 peak=0.182927 gain=1.000
2025-12-08 03:36:29 [tracker] [s1] onset-accepted t=2.0533 env=0.064686 onset=0.991565 thresh=0.006000 baseline=0.065345 gate=0.003594 envFloor=0.026894 floor=0.029117 adapt=0.038420 lastPeak=0.072606 calib=0.029117 baseParam=0.000180 gateRatio=0.0550 envParam=0.000450
2025-12-08 03:36:29 [tracker] [s1] onset t=2.053 env=0.06469 baseline=0.06534 gate=0.00359 envFloor=0.02689 onset=0.992>=0.006
2025-12-08 03:36:29 [tracker] [s1] note-ended (new onset) t=2.053 fret=3 dur=0.160
2025-12-08 03:36:29 [tracker] [s1] note-start t=2.053 fret=3 midi=43 vel=0.78 env=0.06469
2025-12-08 03:36:29 [tracker] [s2] onset t=2.149 env=0.02139 baseline=0.03373 gate=0.00337 envFloor=0.01436 onset=0.506>=0.009
2025-12-08 03:36:29 [tracker] [s2] note-ended (new onset) t=2.149 fret=5 dur=0.256
2025-12-08 03:36:29 [tracker] [s2] note-start t=2.149 fret=5 midi=50 vel=0.26 env=0.02139
2025-12-08 03:36:29 [tracker] [s1] aubio-raw t=2.1600 onset=0.675007 env=0.007955 peak=0.016164 gain=1.000
2025-12-08 03:36:29 [tracker] [s1] onset-below-env-floor t=2.1600 env=0.007955 onset=0.675007 thresh=0.006000 baseline=0.055371 gate=0.003045 envFloor=0.024750 floor=0.029117 adapt=0.034192 lastPeak=0.061523 calib=0.029117 baseParam=0.000180 gateRatio=0.0550 envParam=0.000450
2025-12-08 03:36:29 [tracker] [s3] release-retrigger t=2.203 onset=0.723 gate=0.012 age=0.299
2025-12-08 03:36:29 [tracker] [s3] note-ended t=2.203 fret=5 dur=0.299
2025-12-08 03:36:29 [tracker] [s1] aubio-raw t=2.2240 onset=0.784462 env=0.005293 peak=0.008980 gain=1.000
2025-12-08 03:36:29 [tracker] [s1] onset-below-env-floor t=2.2240 env=0.005293 onset=0.784462 thresh=0.006000 baseline=0.053730 gate=0.002955 envFloor=0.024750 floor=0.029117 adapt=0.030168 lastPeak=0.059700 calib=0.029117 baseParam=0.000180 gateRatio=0.0550 envParam=0.000450
2025-12-08 03:36:29 [tracker] [s2] release-retrigger t=2.235 onset=1.160 gate=0.022 age=0.085
2025-12-08 03:36:29 [tracker] [s2] note-ended t=2.235 fret=5 dur=0.085
2025-12-08 03:36:29 [tracker] [s1] aubio-raw t=2.2987 onset=1.196758 env=0.001275 peak=0.002263 gain=1.000
2025-12-08 03:36:29 [tracker] [s1] onset-below-gate t=2.2987 env=0.001275 onset=1.196758 thresh=0.006000 baseline=0.051878 gate=0.002853 envFloor=0.024750 floor=0.029117 adapt=0.029117 lastPeak=0.057642 calib=0.029117 baseParam=0.000180 gateRatio=0.0550 envParam=0.000450
2025-12-08 03:36:29 [tracker] [s1] release-retrigger t=2.299 onset=1.197 gate=0.038 age=0.245
2025-12-08 03:36:29 [tracker] [s1] note-ended t=2.299 fret=3 dur=0.245
2025-12-08 03:36:29 [tracker] [s1] aubio-raw t=2.5867 onset=0.563201 env=0.069101 peak=0.163959 gain=1.000
2025-12-08 03:36:29 [tracker] [s1] onset-accepted t=2.5867 env=0.069101 onset=0.563201 thresh=0.006000 baseline=0.045311 gate=0.002492 envFloor=0.024750 floor=0.029117 adapt=0.029117 lastPeak=0.050346 calib=0.029117 baseParam=0.000180 gateRatio=0.0550 envParam=0.000450
2025-12-08 03:36:29 [tracker] [s1] onset t=2.587 env=0.06910 baseline=0.04531 gate=0.00249 envFloor=0.02475 onset=0.563>=0.006
2025-12-08 03:36:29 [tracker] [s2] onset t=2.587 env=0.05179 baseline=0.01986 gate=0.00199 envFloor=0.01436 onset=1.406>=0.009
2025-12-08 03:36:29 [tracker] [s3] onset t=2.597 env=0.02535 baseline=0.01438 gate=0.00187 envFloor=0.01093 onset=1.249>=0.012
2025-12-08 03:36:29 [tracker] [s1] aubio-raw t=2.6720 onset=0.999780 env=0.043105 peak=0.108033 gain=1.000
2025-12-08 03:36:29 [tracker] [s1] onset-accepted t=2.6720 env=0.043105 onset=0.999780 thresh=0.006000 baseline=0.043530 gate=0.002394 envFloor=0.024750 floor=0.029117 adapt=0.029117 lastPeak=0.048367 calib=0.029117 baseParam=0.000180 gateRatio=0.0550 envParam=0.000450
2025-12-08 03:36:29 [tracker] [s1] onset t=2.672 env=0.04311 baseline=0.04353 gate=0.00239 envFloor=0.02475 onset=1.000>=0.006
2025-12-08 03:36:29 [tracker] [s1] note-start t=2.672 fret=5 midi=45 vel=0.52 env=0.04311
2025-12-08 03:36:29 [tracker] [s2] onset t=2.672 env=0.05287 baseline=0.02635 gate=0.00263 envFloor=0.01844 onset=1.079>=0.009
2025-12-08 03:36:29 [tracker] [s2] note-start t=2.672 fret=8 midi=53 vel=0.63 env=0.05287
2025-12-08 03:36:29 [tracker] [s3] onset t=2.683 env=0.02146 baseline=0.01382 gate=0.00180 envFloor=0.01093 onset=1.088>=0.012
2025-12-08 03:36:29 [tracker] [s3] note-start t=2.683 fret=7 midi=57 vel=0.26 env=0.02146
2025-12-08 03:36:30 [tracker] [s1] aubio-raw t=2.9707 onset=0.880422 env=0.023976 peak=0.069994 gain=1.000
2025-12-08 03:36:30 [tracker] [s1] onset-below-env-floor t=2.9707 env=0.023976 onset=0.880422 thresh=0.006000 baseline=0.033715 gate=0.001854 envFloor=0.024750 floor=0.029117 adapt=0.029117 lastPeak=0.037461 calib=0.029117 baseParam=0.000180 gateRatio=0.0550 envParam=0.000450
2025-12-08 03:36:30 [tracker] [s1] release-retrigger t=2.971 onset=0.880 gate=0.035 age=0.299
2025-12-08 03:36:30 [tracker] [s1] note-ended t=2.971 fret=5 dur=0.299
2025-12-08 03:36:30 [tracker] [s2] onset t=2.971 env=0.07388 baseline=0.04135 gate=0.00413 envFloor=0.02137 onset=0.579>=0.009
2025-12-08 03:36:30 [tracker] [s2] note-ended (new onset) t=2.971 fret=8 dur=0.299
2025-12-08 03:36:30 [tracker] [s2] note-start t=2.971 fret=7 midi=52 vel=0.89 env=0.07388
2025-12-08 03:36:30 [tracker] [s3] onset t=2.971 env=0.04650 baseline=0.01687 gate=0.00219 envFloor=0.01175 onset=1.088>=0.012
2025-12-08 03:36:30 [tracker] [s3] note-ended (new onset) t=2.971 fret=7 dur=0.288
2025-12-08 03:36:30 [tracker] [s3] note-start t=2.971 fret=7 midi=57 vel=0.56 env=0.04650
2025-12-08 03:36:30 [tracker] [s1] aubio-raw t=3.0560 onset=1.327693 env=0.027258 peak=0.063764 gain=1.000
2025-12-08 03:36:30 [tracker] [s1] onset-accepted t=3.0560 env=0.027258 onset=1.327693 thresh=0.006000 baseline=0.032389 gate=0.001781 envFloor=0.024750 floor=0.029117 adapt=0.029117 lastPeak=0.035988 calib=0.029117 baseParam=0.000180 gateRatio=0.0550 envParam=0.000450
2025-12-08 03:36:30 [tracker] [s1] onset t=3.056 env=0.02726 baseline=0.03239 gate=0.00178 envFloor=0.02475 onset=1.328>=0.006
2025-12-08 03:36:30 [tracker] [s1] note-start t=3.056 fret=5 midi=45 vel=0.33 env=0.02726
2025-12-08 03:36:30 [tracker] [s3] onset t=3.056 env=0.03431 baseline=0.04021 gate=0.00523 envFloor=0.01274 onset=1.083>=0.012
2025-12-08 03:36:30 [tracker] [s3] note-ended (new onset) t=3.056 fret=7 dur=0.085
2025-12-08 03:36:30 [tracker] [s3] note-start t=3.056 fret=7 midi=57 vel=0.41 env=0.03431
2025-12-08 03:36:30 [tracker] [s2] onset t=3.205 env=0.02584 baseline=0.05955 gate=0.00595 envFloor=0.02084 onset=0.773>=0.009
2025-12-08 03:36:30 [tracker] [s2] note-ended (new onset) t=3.205 fret=7 dur=0.235
2025-12-08 03:36:30 [tracker] [s2] note-start t=3.205 fret=7 midi=52 vel=0.31 env=0.02584
2025-12-08 03:36:30 [tracker] [s1] aubio-raw t=3.2587 onset=0.529688 env=0.001776 peak=0.004055 gain=1.000
2025-12-08 03:36:30 [tracker] [s1] onset-below-env-floor t=3.2587 env=0.001776 onset=0.529688 thresh=0.006000 baseline=0.029117 gate=0.001601 envFloor=0.024750 floor=0.029117 adapt=0.029117 lastPeak=0.024782 calib=0.029117 baseParam=0.000180 gateRatio=0.0550 envParam=0.000450
2025-12-08 03:36:30 [tracker] [s3] release-retrigger t=3.291 onset=1.130 gate=0.017 age=0.235
2025-12-08 03:36:30 [tracker] [s3] note-ended t=3.291 fret=7 dur=0.235
2025-12-08 03:36:30 [tracker] [s2] onset t=3.323 env=0.02675 baseline=0.02235 gate=0.00224 envFloor=0.01565 onset=1.024>=0.009
2025-12-08 03:36:30 [tracker] [s2] note-ended (new onset) t=3.323 fret=7 dur=0.117
2025-12-08 03:36:30 [tracker] [s2] note-start t=3.323 fret=7 midi=52 vel=0.32 env=0.02675
2025-12-08 03:36:30 [tracker] [s1] aubio-raw t=3.3547 onset=1.040442 env=0.003610 peak=0.006845 gain=1.000
2025-12-08 03:36:30 [tracker] [s1] onset-below-env-floor t=3.3547 env=0.003610 onset=1.040442 thresh=0.006000 baseline=0.029117 gate=0.001601 envFloor=0.024750 floor=0.029117 adapt=0.029117 lastPeak=0.023689 calib=0.029117 baseParam=0.000180 gateRatio=0.0550 envParam=0.000450
2025-12-08 03:36:30 [tracker] [s1] release-quiet t=3.355 avgEnv=0.00617 floor=0.01435 quietFrames=8
2025-12-08 03:36:30 [tracker] [s1] note-ended t=3.355 fret=5 dur=0.299
2025-12-08 03:36:30 [tracker] [s2] release-quiet t=3.451 avgEnv=0.00032 floor=0.01087 quietFrames=8
2025-12-08 03:36:30 [tracker] [s2] note-ended t=3.451 fret=7 dur=0.128
2025-12-08 03:36:30 [tracker] [s1] aubio-raw t=3.7493 onset=0.991096 env=0.001350 peak=0.002581 gain=1.000
2025-12-08 03:36:30 [tracker] [s1] onset-below-gate t=3.7493 env=0.001350 onset=0.991096 thresh=0.006000 baseline=0.029117 gate=0.001601 envFloor=0.024750 floor=0.029117 adapt=0.029117 lastPeak=0.019679 calib=0.029117 baseParam=0.000180 gateRatio=0.0550 envParam=0.000450
2025-12-08 03:36:31 [tracker] [s1] aubio-raw t=3.9520 onset=0.630188 env=0.002381 peak=0.003692 gain=1.000
2025-12-08 03:36:31 [tracker] [s1] onset-below-env-floor t=3.9520 env=0.002381 onset=0.630188 thresh=0.006000 baseline=0.029117 gate=0.001601 envFloor=0.024750 floor=0.029117 adapt=0.029117 lastPeak=0.017891 calib=0.029117 baseParam=0.000180 gateRatio=0.0550 envParam=0.000450
2025-12-08 03:36:31 [tracker] [s1] aubio-raw t=4.1440 onset=0.531819 env=0.013867 peak=0.033261 gain=1.000
2025-12-08 03:36:31 [tracker] [s1] onset-below-env-floor t=4.1440 env=0.013867 onset=0.531819 thresh=0.006000 baseline=0.029117 gate=0.001601 envFloor=0.024750 floor=0.029117 adapt=0.029117 lastPeak=0.016347 calib=0.029117 baseParam=0.000180 gateRatio=0.0550 envParam=0.000450
2025-12-08 03:36:31 [tracker] [s2] onset t=4.517 env=0.07967 baseline=0.02077 gate=0.00208 envFloor=0.01454 onset=1.310>=0.009
2025-12-08 03:36:31 [tracker] [s3] onset t=4.517 env=0.12156 baseline=0.02923 gate=0.00380 envFloor=0.02046 onset=1.408>=0.012
2025-12-08 03:36:31 [tracker] [s1] aubio-raw t=4.5280 onset=0.716100 env=0.017308 peak=0.039094 gain=1.000
2025-12-08 03:36:31 [tracker] [s1] onset-below-env-floor t=4.5280 env=0.017308 onset=0.716100 thresh=0.006000 baseline=0.029117 gate=0.001601 envFloor=0.024750 floor=0.029117 adapt=0.029117 lastPeak=0.013648 calib=0.029117 baseParam=0.000180 gateRatio=0.0550 envParam=0.000450
2025-12-08 03:36:31 [tracker] [s3] onset t=4.613 env=0.10155 baseline=0.04685 gate=0.00609 envFloor=0.03280 onset=1.005>=0.012
2025-12-08 03:36:31 [tracker] [s3] note-start t=4.613 fret=3 midi=53 vel=1.00 env=0.10155
2025-12-08 03:36:31 [tracker] [s3] onset t=4.741 env=0.08009 baseline=0.08606 gate=0.01119 envFloor=0.03239 onset=1.484>=0.012
2025-12-08 03:36:31 [tracker] [s3] note-ended (new onset) t=4.741 fret=3 dur=0.128
2025-12-08 03:36:32 [tracker] [s2] onset t=5.381 env=0.02260 baseline=0.01875 gate=0.00187 envFloor=0.01436 onset=1.105>=0.009
2025-12-08 03:36:32 [tracker] [s2] note-start t=5.381 fret=3 midi=48 vel=0.27 env=0.02260
2025-12-08 03:36:32 [tracker] [s1] aubio-raw t=5.4347 onset=0.526752 env=0.002544 peak=0.004394 gain=1.000
2025-12-08 03:36:32 [tracker] [s1] onset-below-env-floor t=5.4347 env=0.002544 onset=0.526752 thresh=0.006000 baseline=0.029117 gate=0.001601 envFloor=0.024750 floor=0.029117 adapt=0.029117 lastPeak=0.008913 calib=0.029117 baseParam=0.000180 gateRatio=0.0550 envParam=0.000450
2025-12-08 03:36:32 [tracker] [s2] release-retrigger t=5.435 onset=0.988 gate=0.025 age=0.053
2025-12-08 03:36:32 [tracker] [s2] note-ended t=5.435 fret=3 dur=0.053
2025-12-08 03:36:32 [tracker] [s3] release-retrigger t=5.435 onset=0.748 gate=0.028 age=0.693
2025-12-08 03:36:32 [tracker] [s3] note-ended t=5.435 fret=3 dur=0.693
2025-12-08 03:36:32 [tracker] [s1] aubio-raw t=5.5093 onset=1.301713 env=0.000402 peak=0.000898 gain=1.000
2025-12-08 03:36:32 [tracker] [s1] onset-below-gate t=5.5093 env=0.000402 onset=1.301713 thresh=0.006000 baseline=0.029117 gate=0.001601 envFloor=0.024750 floor=0.029117 adapt=0.029117 lastPeak=0.008606 calib=0.029117 baseParam=0.000180 gateRatio=0.0550 envParam=0.000450
2025-12-08 03:36:33 [tracker] [s1] aubio-raw t=5.7653 onset=0.783715 env=0.049943 peak=0.147443 gain=1.000
2025-12-08 03:36:33 [tracker] [s1] onset-accepted t=5.7653 env=0.049943 onset=0.783715 thresh=0.006000 baseline=0.029117 gate=0.001601 envFloor=0.024750 floor=0.029117 adapt=0.029117 lastPeak=0.007631 calib=0.029117 baseParam=0.000180 gateRatio=0.0550 envParam=0.000450
2025-12-08 03:36:33 [tracker] [s1] onset t=5.765 env=0.04994 baseline=0.02912 gate=0.00160 envFloor=0.02475 onset=0.784>=0.006
2025-12-08 03:36:33 [tracker] [s2] onset t=5.765 env=0.06642 baseline=0.01893 gate=0.00189 envFloor=0.01436 onset=1.488>=0.009
2025-12-08 03:36:33 [tracker] [s3] onset t=5.776 env=0.02528 baseline=0.04433 gate=0.00576 envFloor=0.01093 onset=1.397>=0.012
2025-12-08 03:36:33 [tracker] [s1] aubio-raw t=5.8507 onset=0.950332 env=0.041065 peak=0.100276 gain=1.000
2025-12-08 03:36:33 [tracker] [s1] onset-accepted t=5.8507 env=0.041065 onset=0.950332 thresh=0.006000 baseline=0.029117 gate=0.001601 envFloor=0.024750 floor=0.029117 adapt=0.029117 lastPeak=0.007331 calib=0.029117 baseParam=0.000180 gateRatio=0.0550 envParam=0.000450
2025-12-08 03:36:33 [tracker] [s1] onset t=5.851 env=0.04106 baseline=0.02912 gate=0.00160 envFloor=0.02475 onset=0.950>=0.006
2025-12-08 03:36:33 [tracker] [s1] note-start t=5.851 fret=1 midi=41 vel=0.49 env=0.04106
2025-12-08 03:36:33 [tracker] [s2] onset t=5.851 env=0.05200 baseline=0.02665 gate=0.00266 envFloor=0.01865 onset=1.124>=0.009
2025-12-08 03:36:33 [tracker] [s2] note-start t=5.851 fret=3 midi=48 vel=0.62 env=0.05200
2025-12-08 03:36:33 [tracker] [s3] onset t=5.872 env=0.01952 baseline=0.04237 gate=0.00551 envFloor=0.01093 onset=0.624>=0.012
2025-12-08 03:36:33 [tracker] [s3] note-start t=5.872 fret=3 midi=53 vel=0.23 env=0.01952
2025-12-08 03:36:34 [tracker] [s1] release-quiet t=6.747 avgEnv=0.01362 floor=0.01435 quietFrames=8
2025-12-08 03:36:34 [tracker] [s1] note-ended t=6.747 fret=1 dur=0.896
2025-12-08 03:36:34 [tracker] [s1] aubio-raw t=6.9814 onset=1.323949 env=0.002521 peak=0.007752 gain=1.000
2025-12-08 03:36:34 [tracker] [s1] onset-below-env-floor t=6.9814 env=0.002521 onset=1.323949 thresh=0.006000 baseline=0.029117 gate=0.001601 envFloor=0.024750 floor=0.029117 adapt=0.029117 lastPeak=0.024139 calib=0.029117 baseParam=0.000180 gateRatio=0.0550 envParam=0.000450
2025-12-08 03:36:34 [tracker] [s3] release-retrigger t=6.981 onset=0.753 gate=0.012 age=1.109
2025-12-08 03:36:34 [tracker] [s3] note-ended t=6.981 fret=3 dur=1.109
2025-12-08 03:36:34 [tracker] [s2] release-retrigger t=6.992 onset=0.936 gate=0.018 age=1.141
2025-12-08 03:36:34 [tracker] [s2] note-ended t=6.992 fret=3 dur=1.141
2025-12-08 03:36:34 [tracker] [s1] aubio-raw t=7.0667 onset=1.179768 env=0.000125 peak=0.000398 gain=1.000
2025-12-08 03:36:34 [tracker] [s1] onset-below-gate t=7.0667 env=0.000125 onset=1.179768 thresh=0.006000 baseline=0.029117 gate=0.001601 envFloor=0.024750 floor=0.029117 adapt=0.029117 lastPeak=0.023190 calib=0.029117 baseParam=0.000180 gateRatio=0.0550 envParam=0.000450
2025-12-08 03:36:34 [tracker] [s1] aubio-raw t=7.6854 onset=1.332811 env=0.065632 peak=0.149785 gain=1.000
2025-12-08 03:36:34 [tracker] [s1] onset-accepted t=7.6854 env=0.065632 onset=1.332811 thresh=0.006000 baseline=0.029117 gate=0.001601 envFloor=0.024750 floor=0.029117 adapt=0.029117 lastPeak=0.017340 calib=0.029117 baseParam=0.000180 gateRatio=0.0550 envParam=0.000450
2025-12-08 03:36:34 [tracker] [s1] onset t=7.685 env=0.06563 baseline=0.02912 gate=0.00160 envFloor=0.02475 onset=1.333>=0.006
2025-12-08 03:36:34 [tracker] [s2] onset t=7.696 env=0.07521 baseline=0.02131 gate=0.00213 envFloor=0.01492 onset=1.009>=0.009
2025-12-08 03:36:34 [tracker] [s3] onset t=7.707 env=0.02487 baseline=0.01285 gate=0.00167 envFloor=0.01093 onset=0.582>=0.012
2025-12-08 03:36:35 [tracker] [s1] aubio-raw t=7.7707 onset=1.099539 env=0.042698 peak=0.116578 gain=1.000
2025-12-08 03:36:35 [tracker] [s1] onset-accepted t=7.7707 env=0.042698 onset=1.099539 thresh=0.006000 baseline=0.029117 gate=0.001601 envFloor=0.024750 floor=0.029117 adapt=0.029117 lastPeak=0.016658 calib=0.029117 baseParam=0.000180 gateRatio=0.0550 envParam=0.000450
2025-12-08 03:36:35 [tracker] [s1] onset t=7.771 env=0.04270 baseline=0.02912 gate=0.00160 envFloor=0.02475 onset=1.100>=0.006
2025-12-08 03:36:35 [tracker] [s1] note-start t=7.771 fret=3 midi=43 vel=0.51 env=0.04270
2025-12-08 03:36:35 [tracker] [s2] onset t=7.781 env=0.07136 baseline=0.03377 gate=0.00338 envFloor=0.02364 onset=1.184>=0.009
2025-12-08 03:36:35 [tracker] [s2] note-start t=7.781 fret=5 midi=50 vel=0.86 env=0.07136
2025-12-08 03:36:35 [tracker] [s3] onset t=7.792 env=0.02190 baseline=0.01285 gate=0.00167 envFloor=0.01093 onset=1.068>=0.012
2025-12-08 03:36:35 [tracker] [s3] note-start t=7.792 fret=5 midi=55 vel=0.26 env=0.02190
2025-12-08 03:36:35 [tracker] [s1] aubio-raw t=8.0907 onset=0.992373 env=0.023038 peak=0.067076 gain=1.000
2025-12-08 03:36:35 [tracker] [s1] onset-below-env-floor t=8.0907 env=0.023038 onset=0.992373 thresh=0.006000 baseline=0.033063 gate=0.001818 envFloor=0.024750 floor=0.029117 adapt=0.029117 lastPeak=0.036736 calib=0.029117 baseParam=0.000180 gateRatio=0.0550 envParam=0.000450
2025-12-08 03:36:35 [tracker] [s1] release-retrigger t=8.091 onset=0.992 gate=0.035 age=0.320
2025-12-08 03:36:35 [tracker] [s1] note-ended t=8.091 fret=3 dur=0.320
2025-12-08 03:36:35 [tracker] [s2] onset t=8.091 env=0.03140 baseline=0.05554 gate=0.00555 envFloor=0.02137 onset=0.933>=0.009
2025-12-08 03:36:35 [tracker] [s2] note-ended (new onset) t=8.091 fret=5 dur=0.309
2025-12-08 03:36:35 [tracker] [s2] note-start t=8.091 fret=5 midi=50 vel=0.38 env=0.03140
2025-12-08 03:36:35 [tracker] [s3] onset t=8.101 env=0.01293 baseline=0.01704 gate=0.00222 envFloor=0.01093 onset=0.660>=0.012
2025-12-08 03:36:35 [tracker] [s3] note-ended (new onset) t=8.101 fret=5 dur=0.309
2025-12-08 03:36:35 [tracker] [s3] note-start t=8.101 fret=5 midi=55 vel=0.16 env=0.01293
2025-12-08 03:36:35 [tracker] [s3] release-quiet t=8.421 avgEnv=0.00710 floor=0.00896 quietFrames=8
2025-12-08 03:36:35 [tracker] [s3] note-ended t=8.421 fret=5 dur=0.320
2025-12-08 03:36:35 [tracker] [s2] onset t=8.453 env=0.01614 baseline=0.02383 gate=0.00238 envFloor=0.01436 onset=0.951>=0.009
2025-12-08 03:36:35 [tracker] [s2] note-ended (new onset) t=8.453 fret=5 dur=0.363
2025-12-08 03:36:35 [tracker] [s2] note-start t=8.453 fret=5 midi=50 vel=0.19 env=0.01614
2025-12-08 03:36:35 [tracker] [s1] aubio-raw t=8.4854 onset=0.635559 env=0.006349 peak=0.010797 gain=1.000
2025-12-08 03:36:35 [tracker] [s1] onset-below-env-floor t=8.4854 env=0.006349 onset=0.635559 thresh=0.006000 baseline=0.029117 gate=0.001601 envFloor=0.024750 floor=0.029117 adapt=0.029117 lastPeak=0.030518 calib=0.029117 baseParam=0.000180 gateRatio=0.0550 envParam=0.000450
2025-12-08 03:36:35 [tracker] [s2] release-quiet t=8.581 avgEnv=0.00205 floor=0.01005 quietFrames=8
2025-12-08 03:36:35 [tracker] [s2] note-ended t=8.581 fret=5 dur=0.128
2025-12-08 03:36:35 [tracker] [s1] aubio-raw t=8.6774 onset=0.544649 env=0.004947 peak=0.007095 gain=1.000
2025-12-08 03:36:35 [tracker] [s1] onset-below-env-floor t=8.6774 env=0.004947 onset=0.544649 thresh=0.006000 baseline=0.029117 gate=0.001601 envFloor=0.024750 floor=0.029117 adapt=0.029117 lastPeak=0.027885 calib=0.029117 baseParam=0.000180 gateRatio=0.0550 envParam=0.000450
2025-12-08 03:36:36 [tracker] [s1] aubio-raw t=8.8481 onset=0.776828 env=0.070351 peak=0.184209 gain=1.000
2025-12-08 03:36:36 [tracker] [s1] onset-accepted t=8.8481 env=0.070351 onset=0.776828 thresh=0.006000 baseline=0.029117 gate=0.001601 envFloor=0.024750 floor=0.029117 adapt=0.029117 lastPeak=0.025736 calib=0.029117 baseParam=0.000180 gateRatio=0.0550 envParam=0.000450
2025-12-08 03:36:36 [tracker] [s1] onset t=8.848 env=0.07035 baseline=0.02912 gate=0.00160 envFloor=0.02475 onset=0.777>=0.006
2025-12-08 03:36:36 [tracker] [s2] onset t=8.848 env=0.04637 baseline=0.01771 gate=0.00177 envFloor=0.01436 onset=1.476>=0.009
2025-12-08 03:36:36 [tracker] [s3] onset t=8.859 env=0.02516 baseline=0.01285 gate=0.00167 envFloor=0.01093 onset=1.449>=0.012
2025-12-08 03:36:36 [tracker] [s1] aubio-raw t=8.9334 onset=1.001599 env=0.067578 peak=0.154020 gain=1.000
2025-12-08 03:36:36 [tracker] [s1] onset-accepted t=8.9334 env=0.067578 onset=1.001599 thresh=0.006000 baseline=0.031950 gate=0.001757 envFloor=0.024750 floor=0.029117 adapt=0.031950 lastPeak=0.024724 calib=0.029117 baseParam=0.000180 gateRatio=0.0550 envParam=0.000450
2025-12-08 03:36:36 [tracker] [s1] onset t=8.933 env=0.06758 baseline=0.03195 gate=0.00176 envFloor=0.02475 onset=1.002>=0.006
2025-12-08 03:36:36 [tracker] [s1] note-start t=8.933 fret=5 midi=45 vel=0.81 env=0.06758
2025-12-08 03:36:36 [tracker] [s3] onset t=8.944 env=0.01914 baseline=0.01285 gate=0.00167 envFloor=0.01093 onset=1.176>=0.012
2025-12-08 03:36:36 [tracker] [s3] note-start t=8.944 fret=7 midi=57 vel=0.23 env=0.01914
2025-12-08 03:36:36 [tracker] [s2] onset t=9.029 env=0.04481 baseline=0.02208 gate=0.00221 envFloor=0.01546 onset=0.924>=0.009
2025-12-08 03:36:36 [tracker] [s2] note-start t=9.029 fret=7 midi=52 vel=0.54 env=0.04481
2025-12-08 03:36:36 [tracker] [s1] aubio-raw t=9.2214 onset=1.315871 env=0.065449 peak=0.146286 gain=1.000
2025-12-08 03:36:36 [tracker] [s1] onset-accepted t=9.2214 env=0.065449 onset=1.315871 thresh=0.006000 baseline=0.053122 gate=0.002922 envFloor=0.024750 floor=0.029117 adapt=0.033290 lastPeak=0.059024 calib=0.029117 baseParam=0.000180 gateRatio=0.0550 envParam=0.000450
2025-12-08 03:36:36 [tracker] [s1] onset t=9.221 env=0.06545 baseline=0.05312 gate=0.00292 envFloor=0.02475 onset=1.316>=0.006
2025-12-08 03:36:36 [tracker] [s1] note-ended (new onset) t=9.221 fret=5 dur=0.288
2025-12-08 03:36:36 [tracker] [s2] onset t=9.232 env=0.03635 baseline=0.03666 gate=0.00367 envFloor=0.01704 onset=1.242>=0.009
2025-12-08 03:36:36 [tracker] [s2] note-ended (new onset) t=9.232 fret=7 dur=0.203
2025-12-08 03:36:36 [tracker] [s3] onset t=9.243 env=0.03934 baseline=0.01599 gate=0.00208 envFloor=0.01119 onset=0.561>=0.012
2025-12-08 03:36:36 [tracker] [s3] note-ended (new onset) t=9.243 fret=7 dur=0.299
2025-12-08 03:36:36 [tracker] [s3] note-start t=9.243 fret=7 midi=57 vel=0.47 env=0.03934
2025-12-08 03:36:36 [tracker] [s1] aubio-raw t=9.3067 onset=1.113918 env=0.040183 peak=0.103103 gain=1.000
2025-12-08 03:36:36 [tracker] [s1] onset-accepted t=9.3067 env=0.040183 onset=1.113918 thresh=0.006000 baseline=0.051033 gate=0.002807 envFloor=0.024750 floor=0.029117 adapt=0.031416 lastPeak=0.056704 calib=0.029117 baseParam=0.000180 gateRatio=0.0550 envParam=0.000450
2025-12-08 03:36:36 [tracker] [s1] onset t=9.307 env=0.04018 baseline=0.05103 gate=0.00281 envFloor=0.02475 onset=1.114>=0.006
2025-12-08 03:36:36 [tracker] [s1] note-start t=9.307 fret=5 midi=45 vel=0.48 env=0.04018
2025-12-08 03:36:36 [tracker] [s2] onset t=9.317 env=0.02347 baseline=0.03522 gate=0.00352 envFloor=0.01548 onset=1.010>=0.009
2025-12-08 03:36:36 [tracker] [s2] note-start t=9.317 fret=7 midi=52 vel=0.28 env=0.02347
2025-12-08 03:36:36 [tracker] [s3] onset t=9.328 env=0.02832 baseline=0.03402 gate=0.00442 envFloor=0.01138 onset=1.005>=0.012
2025-12-08 03:36:36 [tracker] [s3] note-ended (new onset) t=9.328 fret=7 dur=0.085
2025-12-08 03:36:36 [tracker] [s3] note-start t=9.328 fret=7 midi=57 vel=0.34 env=0.02832
2025-12-08 03:36:36 [tracker] [s2] onset t=9.381 env=0.01859 baseline=0.02050 gate=0.00205 envFloor=0.01436 onset=1.318>=0.009
2025-12-08 03:36:36 [tracker] [s2] note-ended (new onset) t=9.381 fret=7 dur=0.064
2025-12-08 03:36:36 [tracker] [s2] note-start t=9.381 fret=7 midi=52 vel=0.22 env=0.01859
2025-12-08 03:36:36 [tracker] [s1] aubio-raw t=9.4134 onset=1.351887 env=0.031373 peak=0.078053 gain=1.000
2025-12-08 03:36:36 [tracker] [s1] onset-accepted t=9.4134 env=0.031373 onset=1.351887 thresh=0.006000 baseline=0.034396 gate=0.001892 envFloor=0.024750 floor=0.029117 adapt=0.029117 lastPeak=0.038218 calib=0.029117 baseParam=0.000180 gateRatio=0.0550 envParam=0.000450
2025-12-08 03:36:36 [tracker] [s1] onset t=9.413 env=0.03137 baseline=0.03440 gate=0.00189 envFloor=0.02475 onset=1.352>=0.006
2025-12-08 03:36:36 [tracker] [s1] note-ended (new onset) t=9.413 fret=5 dur=0.107
2025-12-08 03:36:36 [tracker] [s1] note-start t=9.413 fret=5 midi=45 vel=0.38 env=0.03137
2025-12-08 03:36:36 [tracker] [s3] release-retrigger t=9.456 onset=1.135 gate=0.017 age=0.128
2025-12-08 03:36:36 [tracker] [s3] note-ended t=9.456 fret=7 dur=0.128
2025-12-08 03:36:36 [tracker] [s2] release-retrigger t=9.477 onset=1.390 gate=0.023 age=0.096
2025-12-08 03:36:36 [tracker] [s2] note-ended t=9.477 fret=7 dur=0.096
2025-12-08 03:36:36 [tracker] [s1] aubio-raw t=9.6161 onset=0.859784 env=0.005785 peak=0.012067 gain=1.000
2025-12-08 03:36:36 [tracker] [s1] onset-below-env-floor t=9.6161 env=0.005785 onset=0.859784 thresh=0.006000 baseline=0.029117 gate=0.001601 envFloor=0.024750 floor=0.029117 adapt=0.029117 lastPeak=0.028523 calib=0.029117 baseParam=0.000180 gateRatio=0.0550 envParam=0.000450
2025-12-08 03:36:37 [tracker] [s1] release-quiet t=9.712 avgEnv=0.00319 floor=0.01435 quietFrames=8
2025-12-08 03:36:37 [tracker] [s1] note-ended t=9.712 fret=5 dur=0.299
2025-12-08 03:36:37 [tracker] [s1] aubio-raw t=9.8187 onset=1.160746 env=0.009432 peak=0.016613 gain=1.000
2025-12-08 03:36:37 [tracker] [s1] onset-below-env-floor t=9.8187 env=0.009432 onset=1.160746 thresh=0.006000 baseline=0.029117 gate=0.001601 envFloor=0.024750 floor=0.029117 adapt=0.029117 lastPeak=0.025932 calib=0.029117 baseParam=0.000180 gateRatio=0.0550 envParam=0.000450
2025-12-08 03:36:37 [tracker] [s2] onset t=10.000 env=0.02963 baseline=0.01690 gate=0.00169 envFloor=0.01436 onset=1.492>=0.009
2025-12-08 03:36:37 [tracker] [s1] aubio-raw t=10.0108 onset=1.282570 env=0.059620 peak=0.178168 gain=1.000
2025-12-08 03:36:37 [tracker] [s1] onset-accepted t=10.0108 env=0.059620 onset=1.282570 thresh=0.006000 baseline=0.029117 gate=0.001601 envFloor=0.024750 floor=0.029117 adapt=0.029117 lastPeak=0.023694 calib=0.029117 baseParam=0.000180 gateRatio=0.0550 envParam=0.000450
2025-12-08 03:36:37 [tracker] [s1] onset t=10.011 env=0.05962 baseline=0.02912 gate=0.00160 envFloor=0.02475 onset=1.283>=0.006
2025-12-08 03:36:37 [tracker] [s3] onset t=10.021 env=0.01544 baseline=0.01840 gate=0.00239 envFloor=0.01093 onset=1.276>=0.012
2025-12-08 03:36:37 [tracker] [s2] onset t=10.085 env=0.03594 baseline=0.01690 gate=0.00169 envFloor=0.01436 onset=1.360>=0.009
2025-12-08 03:36:37 [tracker] [s2] note-start t=10.085 fret=4 midi=49 vel=0.43 env=0.03594
2025-12-08 03:36:37 [tracker] [s1] aubio-raw t=10.0961 onset=1.152450 env=0.068648 peak=0.201220 gain=1.000
2025-12-08 03:36:37 [tracker] [s1] onset-accepted t=10.0961 env=0.068648 onset=1.152450 thresh=0.006000 baseline=0.029928 gate=0.001646 envFloor=0.024750 floor=0.029117 adapt=0.029928 lastPeak=0.022763 calib=0.029117 baseParam=0.000180 gateRatio=0.0550 envParam=0.000450
2025-12-08 03:36:37 [tracker] [s1] onset t=10.096 env=0.06865 baseline=0.02993 gate=0.00165 envFloor=0.02475 onset=1.152>=0.006
2025-12-08 03:36:37 [tracker] [s1] note-start t=10.096 fret=1 midi=41 vel=0.82 env=0.06865
2025-12-08 03:36:37 [tracker] [s1] aubio-raw t=10.1601 onset=1.083635 env=0.066807 peak=0.201579 gain=1.000
2025-12-08 03:36:37 [tracker] [s1] onset-accepted t=10.1601 env=0.066807 onset=1.083635 thresh=0.006000 baseline=0.059952 gate=0.003297 envFloor=0.024750 floor=0.029117 adapt=0.032743 lastPeak=0.066614 calib=0.029117 baseParam=0.000180 gateRatio=0.0550 envParam=0.000450
2025-12-08 03:36:37 [tracker] [s1] onset t=10.160 env=0.06681 baseline=0.05995 gate=0.00330 envFloor=0.02475 onset=1.084>=0.006
2025-12-08 03:36:37 [tracker] [s1] note-ended (new onset) t=10.160 fret=1 dur=0.064
2025-12-08 03:36:37 [tracker] [s1] note-start t=10.160 fret=1 midi=41 vel=0.80 env=0.06681
2025-12-08 03:36:37 [tracker] [s2] onset t=10.203 env=0.04079 baseline=0.03061 gate=0.00306 envFloor=0.01436 onset=1.373>=0.009
2025-12-08 03:36:37 [tracker] [s2] note-ended (new onset) t=10.203 fret=4 dur=0.117
2025-12-08 03:36:37 [tracker] [s2] note-start t=10.203 fret=3 midi=48 vel=0.49 env=0.04079
2025-12-08 03:36:37 [tracker] [s1] aubio-raw t=10.4054 onset=0.992310 env=0.048701 peak=0.145817 gain=1.000
2025-12-08 03:36:37 [tracker] [s1] onset-accepted t=10.4054 env=0.048701 onset=0.992310 thresh=0.006000 baseline=0.053579 gate=0.002947 envFloor=0.024750 floor=0.029117 adapt=0.030355 lastPeak=0.059533 calib=0.029117 baseParam=0.000180 gateRatio=0.0550 envParam=0.000450
2025-12-08 03:36:37 [tracker] [s1] onset t=10.405 env=0.04870 baseline=0.05358 gate=0.00295 envFloor=0.02475 onset=0.992>=0.006
2025-12-08 03:36:37 [tracker] [s1] note-ended (new onset) t=10.405 fret=1 dur=0.245
2025-12-08 03:36:37 [tracker] [s1] note-start t=10.405 fret=1 midi=41 vel=0.58 env=0.04870
2025-12-08 03:36:38 [tracker] [s1] aubio-raw t=10.6934 onset=0.984683 env=0.038724 peak=0.095624 gain=1.000
2025-12-08 03:36:38 [tracker] [s1] onset-accepted t=10.6934 env=0.038724 onset=0.984683 thresh=0.006000 baseline=0.038283 gate=0.002106 envFloor=0.024750 floor=0.029117 adapt=0.029117 lastPeak=0.042537 calib=0.029117 baseParam=0.000180 gateRatio=0.0550 envParam=0.000450
2025-12-08 03:36:38 [tracker] [s1] onset t=10.693 env=0.03872 baseline=0.03828 gate=0.00211 envFloor=0.02475 onset=0.985>=0.006
2025-12-08 03:36:38 [tracker] [s1] note-ended (new onset) t=10.693 fret=1 dur=0.288
2025-12-08 03:36:38 [tracker] [s1] note-start t=10.693 fret=1 midi=41 vel=0.46 env=0.03872
2025-12-08 03:36:38 [tracker] [s1] aubio-raw t=10.9708 onset=0.872718 env=0.032840 peak=0.084595 gain=1.000
2025-12-08 03:36:38 [tracker] [s1] onset-accepted t=10.9708 env=0.032840 onset=0.872718 thresh=0.006000 baseline=0.030593 gate=0.001683 envFloor=0.024750 floor=0.029117 adapt=0.029117 lastPeak=0.033992 calib=0.029117 baseParam=0.000180 gateRatio=0.0550 envParam=0.000450
2025-12-08 03:36:38 [tracker] [s1] onset t=10.971 env=0.03284 baseline=0.03059 gate=0.00168 envFloor=0.02475 onset=0.873>=0.006
2025-12-08 03:36:38 [tracker] [s1] note-ended (new onset) t=10.971 fret=1 dur=0.277
2025-12-08 03:36:38 [tracker] [s1] note-start t=10.971 fret=1 midi=41 vel=0.39 env=0.03284
2025-12-08 03:36:38 [tracker] [s2] onset t=10.971 env=0.01799 baseline=0.02559 gate=0.00256 envFloor=0.01436 onset=0.733>=0.009
2025-12-08 03:36:38 [tracker] [s2] note-start t=10.971 fret=3 midi=48 vel=0.22 env=0.01799
2025-12-08 03:36:38 [tracker] [s1] aubio-raw t=11.0454 onset=1.002388 env=0.031615 peak=0.080162 gain=1.000
2025-12-08 03:36:38 [tracker] [s1] onset-accepted t=11.0454 env=0.031615 onset=1.002388 thresh=0.006000 baseline=0.029117 gate=0.001601 envFloor=0.024750 floor=0.029117 adapt=0.029117 lastPeak=0.031708 calib=0.029117 baseParam=0.000180 gateRatio=0.0550 envParam=0.000450
2025-12-08 03:36:38 [tracker] [s1] onset t=11.045 env=0.03162 baseline=0.02912 gate=0.00160 envFloor=0.02475 onset=1.002>=0.006
2025-12-08 03:36:38 [tracker] [s1] note-ended (new onset) t=11.045 fret=1 dur=0.075
2025-12-08 03:36:38 [tracker] [s1] note-start t=11.045 fret=1 midi=41 vel=0.38 env=0.03162
2025-12-08 03:36:38 [tracker] [s2] release-retrigger t=11.045 onset=1.039 gate=0.018 age=0.075
2025-12-08 03:36:38 [tracker] [s2] note-ended t=11.045 fret=3 dur=0.075
2025-12-08 03:36:39 [tracker] [s1] aubio-raw t=11.8774 onset=0.952024 env=0.005836 peak=0.011240 gain=1.000
2025-12-08 03:36:39 [tracker] [s1] onset-below-env-floor t=11.8774 env=0.005836 onset=0.952024 thresh=0.006000 baseline=0.029117 gate=0.001601 envFloor=0.024750 floor=0.029117 adapt=0.029117 lastPeak=0.021384 calib=0.029117 baseParam=0.000180 gateRatio=0.0550 envParam=0.000450
2025-12-08 03:36:39 [tracker] [s1] release-retrigger t=11.877 onset=0.952 gate=0.035 age=0.832
2025-12-08 03:36:39 [tracker] [s1] note-ended t=11.877 fret=1 dur=0.832
2025-12-08 03:36:40 [tracker] [s1] configure sr=48000.0 hop=256 fft=2048 low=37.1 high=445.0
2025-12-08 03:36:40 [tracker] [s1] params baseline=0.000180 gate=0.0550 envFloor=0.000450 sustain=0.580 retrigger=1.400 peakRelease=0.120 pitchTol=0.400 onsetScale=0.006 aubioScale=1.20 aubioThresh=0.024 onsetSilence=-85.0 pitchSilence=-90.0
2025-12-08 03:36:40 [tracker] [s1] aubio-raw t=12.8028 onset=4.000000 env=0.000109 peak=0.000309 gain=1.000
2025-12-08 03:36:40 [tracker] [s1] onset-below-gate t=12.8028 env=0.000109 onset=4.000000 thresh=0.006000 baseline=0.029117 gate=0.001601 envFloor=0.024750 floor=0.029117 adapt=0.029117 lastPeak=0.013826 calib=0.029117 baseParam=0.000180 gateRatio=0.0550 envParam=0.000450
2025-12-08 03:36:40 [tracker] [s2] configure sr=48000.0 hop=256 fft=2048 low=55.0 high=563.2
2025-12-08 03:36:40 [tracker] [s2] params baseline=0.000220 gate=0.1000 envFloor=0.000550 sustain=0.700 retrigger=1.250 peakRelease=0.130 pitchTol=0.400 onsetScale=0.009 aubioScale=1.35 aubioThresh=0.027 onsetSilence=-85.0 pitchSilence=-90.0
2025-12-08 03:36:40 [tracker] [s3] configure sr=48000.0 hop=256 fft=2048 low=85.2 high=693.0
2025-12-08 03:36:40 [tracker] [s3] params baseline=0.000260 gate=0.1300 envFloor=0.000650 sustain=0.820 retrigger=1.100 peakRelease=0.140 pitchTol=0.450 onsetScale=0.012 aubioScale=1.60 aubioThresh=0.032 onsetSilence=-75.0 pitchSilence=-80.0
2025-12-08 03:36:40 [tracker] [s4] configure sr=48000.0 hop=256 fft=2048 low=127.4 high=862.4
2025-12-08 03:36:40 [tracker] [s4] params baseline=0.000320 gate=0.1700 envFloor=0.000780 sustain=1.000 retrigger=1.000 peakRelease=0.160 pitchTol=0.440 onsetScale=0.014 aubioScale=1.80 aubioThresh=0.036 onsetSilence=-75.0 pitchSilence=-80.0
2025-12-08 03:36:40 [tracker] [s5] configure sr=48000.0 hop=256 fft=1024 low=160.5 high=1086.5
2025-12-08 03:36:40 [tracker] [s5] params baseline=0.000370 gate=0.2100 envFloor=0.000900 sustain=1.000 retrigger=1.000 peakRelease=0.180 pitchTol=0.500 onsetScale=0.016 aubioScale=1.80 aubioThresh=0.036 onsetSilence=-75.0 pitchSilence=-80.0
2025-12-08 03:36:40 [tracker] [s6] configure sr=48000.0 hop=256 fft=1024 low=214.3 high=1450.4
2025-12-08 03:36:40 [tracker] [s6] params baseline=0.000420 gate=0.2500 envFloor=0.001050 sustain=1.000 retrigger=1.000 peakRelease=0.200 pitchTol=0.550 onsetScale=0.018 aubioScale=1.80 aubioThresh=0.036 onsetSilence=-75.0 pitchSilence=-80.0
2025-12-08 03:36:46 [sessionwavs] wrote 6 wav files to /home/general/SignalAssistant/logs/sessionwavs/session-20251208-033622 (shutdown)
# Session closed at 2025-12-08 03:36:46
