# SignalAssistant session log
# Started at 2025-12-16 05:30:12
2025-12-16 05:30:12 [session] mode=live session='' path='' duration=0.00 files=0
2025-12-16 05:30:12 [tracker-settings] TrackerConfig onsetThreshold=0.02000 minNoteDurSec=0.045 hopSec=0.010 slideDelta=120.0 bendDelta=35.0
2025-12-16 05:30:12 [tracker-settings] string1 midi=40 lowCut=37.08Hz highCut=445.00Hz baseline=0.000180 gateRatio=0.05500 envFloor=0.000450 sustainScale=0.580 retriggerScale=1.400 peakRelease=0.120 pitchTol=0.400 onsetScale=0.006
2025-12-16 05:30:12 [tracker-settings] string2 midi=45 lowCut=55.00Hz highCut=563.20Hz baseline=0.000220 gateRatio=0.10000 envFloor=0.000550 sustainScale=0.700 retriggerScale=1.250 peakRelease=0.130 pitchTol=0.400 onsetScale=0.009
2025-12-16 05:30:12 [tracker-settings] string3 midi=50 lowCut=85.16Hz highCut=693.05Hz baseline=0.000260 gateRatio=0.13000 envFloor=0.000650 sustainScale=0.820 retriggerScale=1.100 peakRelease=0.140 pitchTol=0.450 onsetScale=0.012
2025-12-16 05:30:12 [tracker-settings] string5 midi=59 lowCut=160.51Hz highCut=1086.54Hz baseline=0.000370 gateRatio=0.21000 envFloor=0.000900 sustainScale=1.000 retriggerScale=1.000 peakRelease=0.180 pitchTol=0.500 onsetScale=0.016
2025-12-16 05:30:12 [tracker-settings] string6 midi=64 lowCut=214.26Hz highCut=1450.36Hz baseline=0.000420 gateRatio=0.25000 envFloor=0.001050 sustainScale=1.000 retriggerScale=1.000 peakRelease=0.200 pitchTol=0.550 onsetScale=0.018
2025-12-16 05:30:12 [tracker] [s1] calibration reset target=0.00180 gain=1.000
2025-12-16 05:30:12 [tracker] [s2] calibration reset target=0.00180 gain=1.000
2025-12-16 05:30:12 [tracker] [s3] calibration reset target=0.00180 gain=1.000
2025-12-16 05:30:12 [tracker] [s4] calibration reset target=0.00180 gain=1.000
2025-12-16 05:30:12 [tracker] [s5] calibration reset target=0.00180 gain=1.000
2025-12-16 05:30:12 [tracker] [s6] calibration reset target=0.00180 gain=1.000
2025-12-16 05:30:12 [calibration] Loading calibration profile multipliers into parameters
2025-12-16 05:30:12 [calibration] String 1: setting multiplier to 6.317
2025-12-16 05:30:12 [calibration] String 2: setting multiplier to 8.000
2025-12-16 05:30:12 [calibration] String 3: setting multiplier to 8.000
2025-12-16 05:30:12 [calibration] String 4: setting multiplier to 8.000
2025-12-16 05:30:12 [calibration] String 5: setting multiplier to 8.000
2025-12-16 05:30:12 [calibration] String 6: setting multiplier to 8.000
2025-12-16 05:30:12 [tracker] [s1] calibration avg=0.03970 target=0.00180 gain=1.000
2025-12-16 05:30:12 [tracker] [s2] calibration avg=0.01940 target=0.00180 gain=1.000
2025-12-16 05:30:12 [tracker] [s3] calibration avg=0.01411 target=0.00180 gain=1.000
2025-12-16 05:30:12 [tracker] [s4] calibration avg=0.03018 target=0.00180 gain=1.000
2025-12-16 05:30:12 [tracker] [s5] calibration avg=0.02970 target=0.00180 gain=1.000
2025-12-16 05:30:12 [tracker] [s6] calibration avg=0.02331 target=0.00180 gain=1.000
2025-12-16 05:30:12 [tracker] [s1] configure sr=48000.0 hop=128 fft=1024 low=37.1 high=445.0
2025-12-16 05:30:12 [tracker] [s1] params baseline=0.000180 gate=0.0550 envFloor=0.000450 sustain=0.580 retrigger=1.400 peakRelease=0.120 pitchTol=0.400 onsetScale=0.006 aubioScale=1.20 aubioThresh=0.024 onsetSilence=-85.0 pitchSilence=-90.0
2025-12-16 05:30:12 [tracker] [s2] configure sr=48000.0 hop=128 fft=1024 low=55.0 high=563.2
2025-12-16 05:30:12 [tracker] [s2] params baseline=0.000220 gate=0.0100 envFloor=0.000100 sustain=1.500 retrigger=1.250 peakRelease=0.130 pitchTol=0.400 onsetScale=0.009 aubioScale=1.35 aubioThresh=0.027 onsetSilence=-85.0 pitchSilence=-90.0
2025-12-16 05:30:12 [tracker] [s3] configure sr=48000.0 hop=128 fft=1024 low=85.2 high=693.0
2025-12-16 05:30:12 [tracker] [s3] params baseline=0.000260 gate=0.1300 envFloor=0.000650 sustain=0.820 retrigger=1.100 peakRelease=0.140 pitchTol=0.450 onsetScale=0.012 aubioScale=1.60 aubioThresh=0.032 onsetSilence=-75.0 pitchSilence=-80.0
2025-12-16 05:30:12 [tracker] [s4] configure sr=48000.0 hop=128 fft=1024 low=127.4 high=862.4
2025-12-16 05:30:12 [tracker] [s4] params baseline=0.000320 gate=0.1700 envFloor=0.000780 sustain=1.000 retrigger=1.000 peakRelease=0.160 pitchTol=0.440 onsetScale=0.014 aubioScale=1.80 aubioThresh=0.036 onsetSilence=-75.0 pitchSilence=-80.0
2025-12-16 05:30:12 [tracker] [s5] configure sr=48000.0 hop=128 fft=512 low=160.5 high=1086.5
2025-12-16 05:30:12 [tracker] [s5] params baseline=0.000370 gate=0.2100 envFloor=0.000900 sustain=1.000 retrigger=1.000 peakRelease=0.180 pitchTol=0.500 onsetScale=0.016 aubioScale=1.80 aubioThresh=0.036 onsetSilence=-75.0 pitchSilence=-80.0
2025-12-16 05:30:12 [tracker] [s6] configure sr=48000.0 hop=128 fft=512 low=214.3 high=1450.4
2025-12-16 05:30:12 [tracker] [s6] params baseline=0.000420 gate=0.2500 envFloor=0.001050 sustain=1.000 retrigger=1.000 peakRelease=0.200 pitchTol=0.550 onsetScale=0.018 aubioScale=1.80 aubioThresh=0.036 onsetSilence=-75.0 pitchSilence=-80.0
2025-12-16 05:30:12 [tracker] [s1] aubio-raw t=0.0147 onset=4.000000 env=0.000619 peak=0.002085 gain=1.000
2025-12-16 05:30:12 [tracker] [s1] onset-accepted t=0.0147 env=0.000619 gate=0.000022 envDelta=0.000597 envFloor=0.000593 onset=4.000000 thresh=0.006000 onsetDelta=3.994000 baseline=0.000395 floor=0.000180 adapt=0.000989 lastPeak=0.000000 baseParam=0.000180 gateRatio=0.0550 envParam=0.000450 onsetScale=0.300 retriggerScale=1.400 guard=0.060 guardRemain=0.000 activeAge=-1.000 retrigRemain=0.000 pitchHz=125.16 pitchCents=723.6
2025-12-16 05:30:12 [tracker] [s1] onset t=0.015 env=0.00062 gate=0.00002 envDelta=0.00060 envFloor=0.00059 onset=4.000 thresh=0.006 onsetDelta=3.99400 baseline=0.00040 adaptive=0.00099 lastPeak=0.00000 guard=0.060 activeAge=-1.000 pitch=125.16Hz pitchCents=723.6
2025-12-16 05:30:12 [tracker] [s2] onset t=0.015 env=0.00097 gate=0.00000 envDelta=0.00096 envFloor=0.00060 onset=4.000 thresh=0.009 onsetDelta=3.99100 baseline=0.00040 adaptive=0.00100 lastPeak=0.00000 guard=0.060 activeAge=-1.000 pitch=125.16Hz pitchCents=223.6
2025-12-16 05:30:12 [tracker] [s3] onset t=0.015 env=0.00093 gate=0.00005 envDelta=0.00088 envFloor=0.00065 onset=4.000 thresh=0.012 onsetDelta=3.98840 baseline=0.00040 adaptive=0.00100 lastPeak=0.00000 guard=0.060 activeAge=-1.000 pitch=125.16Hz pitchCents=-276.4
2025-12-16 05:30:12 [tracker] [s4] onset t=0.015 env=0.00122 gate=0.00007 envDelta=0.00115 envFloor=0.00078 onset=4.000 thresh=0.014 onsetDelta=3.98600 baseline=0.00041 adaptive=0.00103 lastPeak=0.00000 guard=0.060 activeAge=-1.000 pitch=125.16Hz pitchCents=-776.4
2025-12-16 05:30:12 [tracker] [s5] onset t=0.015 env=0.00155 gate=0.00009 envDelta=0.00146 envFloor=0.00090 onset=4.000 thresh=0.016 onsetDelta=3.98400 baseline=0.00043 adaptive=0.00108 lastPeak=0.00000 guard=0.060 activeAge=-1.000 pitch=376.47Hz pitchCents=730.0
2025-12-16 05:30:12 [tracker] [s6] onset t=0.015 env=0.00168 gate=0.00011 envDelta=0.00157 envFloor=0.00105 onset=4.000 thresh=0.018 onsetDelta=3.98200 baseline=0.00044 adaptive=0.00110 lastPeak=0.00000 guard=0.060 activeAge=-1.000 pitch=376.47Hz pitchCents=230.0
2025-12-16 05:30:13 [tracker] [s1] aubio-raw t=0.0840 onset=1.056593 env=0.000724 peak=0.002130 gain=1.000
2025-12-16 05:30:13 [tracker] [s1] onset-accepted t=0.0840 env=0.000724 gate=0.000019 envDelta=0.000706 envFloor=0.000513 onset=1.056593 thresh=0.006000 onsetDelta=1.050593 baseline=0.000342 floor=0.000180 adapt=0.000855 lastPeak=0.000000 baseParam=0.000180 gateRatio=0.0550 envParam=0.000450 onsetScale=0.300 retriggerScale=1.400 guard=0.060 guardRemain=0.000 activeAge=-1.000 retrigRemain=0.000 pitchHz=-1.00 pitchCents=0.0
2025-12-16 05:30:13 [tracker] [s1] onset t=0.084 env=0.00072 gate=0.00002 envDelta=0.00071 envFloor=0.00051 onset=1.057 thresh=0.006 onsetDelta=1.05059 baseline=0.00034 adaptive=0.00085 lastPeak=0.00000 guard=0.060 activeAge=-1.000 pitch=-1.00Hz pitchCents=0.0
2025-12-16 05:30:13 [tracker] [s4] onset t=0.151 env=0.00157 gate=0.00011 envDelta=0.00146 envFloor=0.00093 onset=0.769 thresh=0.014 onsetDelta=0.75545 baseline=0.00062 adaptive=0.00155 lastPeak=0.00000 guard=0.060 activeAge=-1.000 pitch=-1.00Hz pitchCents=0.0
2025-12-16 05:30:13 [tracker] [s2] onset t=0.161 env=0.00132 gate=0.00001 envDelta=0.00132 envFloor=0.00078 onset=0.654 thresh=0.009 onsetDelta=0.64459 baseline=0.00052 adaptive=0.00130 lastPeak=0.00000 guard=0.060 activeAge=-1.000 pitch=363.66Hz pitchCents=2070.1
2025-12-16 05:30:13 [tracker] [s5] onset t=0.233 env=0.00164 gate=0.00014 envDelta=0.00150 envFloor=0.00098 onset=1.005 thresh=0.016 onsetDelta=0.98872 baseline=0.00065 adaptive=0.00163 lastPeak=0.00000 guard=0.060 activeAge=-1.000 pitch=-1.00Hz pitchCents=0.0
2025-12-16 05:30:13 [tracker] [s4] onset t=0.279 env=0.00099 gate=0.00010 envDelta=0.00089 envFloor=0.00088 onset=1.011 thresh=0.014 onsetDelta=0.99652 baseline=0.00058 adaptive=0.00146 lastPeak=0.00000 guard=0.060 activeAge=-1.000 pitch=-1.00Hz pitchCents=0.0
2025-12-16 05:30:13 [tracker] [s5] onset t=0.329 env=0.00141 gate=0.00014 envDelta=0.00126 envFloor=0.00102 onset=1.000 thresh=0.016 onsetDelta=0.98375 baseline=0.00068 adaptive=0.00170 lastPeak=0.00000 guard=0.060 activeAge=-1.000 pitch=-1.00Hz pitchCents=0.0
2025-12-16 05:30:13 [tracker] [s5] onset t=0.407 env=0.00161 gate=0.00014 envDelta=0.00147 envFloor=0.00102 onset=1.341 thresh=0.016 onsetDelta=1.32498 baseline=0.00068 adaptive=0.00171 lastPeak=0.00000 guard=0.060 activeAge=-1.000 pitch=-1.00Hz pitchCents=0.0
2025-12-16 05:30:13 [tracker] [s1] aubio-raw t=0.5827 onset=1.300696 env=0.000562 peak=0.001582 gain=1.000
2025-12-16 05:30:13 [tracker] [s1] onset-accepted t=0.5827 env=0.000562 gate=0.000019 envDelta=0.000543 envFloor=0.000512 onset=1.300696 thresh=0.006000 onsetDelta=1.294696 baseline=0.000341 floor=0.000180 adapt=0.000853 lastPeak=0.000000 baseParam=0.000180 gateRatio=0.0550 envParam=0.000450 onsetScale=0.300 retriggerScale=1.400 guard=0.060 guardRemain=0.000 activeAge=-1.000 retrigRemain=0.000 pitchHz=156.87 pitchCents=1114.5
2025-12-16 05:30:13 [tracker] [s1] onset t=0.583 env=0.00056 gate=0.00002 envDelta=0.00054 envFloor=0.00051 onset=1.301 thresh=0.006 onsetDelta=1.29470 baseline=0.00034 adaptive=0.00085 lastPeak=0.00000 guard=0.060 activeAge=-1.000 pitch=156.87Hz pitchCents=1114.5
2025-12-16 05:30:13 [tracker] [s3] onset t=0.583 env=0.00111 gate=0.00007 envDelta=0.00104 envFloor=0.00079 onset=0.996 thresh=0.012 onsetDelta=0.98454 baseline=0.00053 adaptive=0.00131 lastPeak=0.00000 guard=0.060 activeAge=-1.000 pitch=-1.00Hz pitchCents=0.0
2025-12-16 05:30:13 [tracker] [s6] onset t=0.617 env=0.00187 gate=0.00019 envDelta=0.00168 envFloor=0.00114 onset=1.109 thresh=0.018 onsetDelta=1.09145 baseline=0.00076 adaptive=0.00190 lastPeak=0.00000 guard=0.060 activeAge=-1.000 pitch=-1.00Hz pitchCents=0.0
2025-12-16 05:30:13 [tracker] [s4] onset t=0.633 env=0.00151 gate=0.00010 envDelta=0.00141 envFloor=0.00088 onset=1.094 thresh=0.014 onsetDelta=1.07996 baseline=0.00058 adaptive=0.00146 lastPeak=0.00000 guard=0.060 activeAge=-1.000 pitch=-1.00Hz pitchCents=0.0
2025-12-16 05:30:13 [tracker] [s2] onset t=0.636 env=0.00112 gate=0.00000 envDelta=0.00111 envFloor=0.00074 onset=1.038 thresh=0.009 onsetDelta=1.02869 baseline=0.00049 adaptive=0.00123 lastPeak=0.00000 guard=0.060 activeAge=-1.000 pitch=123.06Hz pitchCents=194.3
2025-12-16 05:30:13 [tracker] [s1] aubio-raw t=0.6787 onset=0.839336 env=0.000539 peak=0.001396 gain=1.000
2025-12-16 05:30:13 [tracker] [s1] onset-accepted t=0.6787 env=0.000539 gate=0.000017 envDelta=0.000522 envFloor=0.000464 onset=0.839336 thresh=0.006000 onsetDelta=0.833336 baseline=0.000310 floor=0.000180 adapt=0.000774 lastPeak=0.000000 baseParam=0.000180 gateRatio=0.0550 envParam=0.000450 onsetScale=0.300 retriggerScale=1.400 guard=0.060 guardRemain=0.000 activeAge=-1.000 retrigRemain=0.000 pitchHz=173.91 pitchCents=1293.0
2025-12-16 05:30:13 [tracker] [s1] onset t=0.679 env=0.00054 gate=0.00002 envDelta=0.00052 envFloor=0.00046 onset=0.839 thresh=0.006 onsetDelta=0.83334 baseline=0.00031 adaptive=0.00077 lastPeak=0.00000 guard=0.060 activeAge=-1.000 pitch=173.91Hz pitchCents=1293.0
2025-12-16 05:30:13 [tracker] [s1] note-start t=0.679 fret=7 midi=47 vel=0.01 env=0.00054
2025-12-16 05:30:13 [tracker] [s3] onset t=0.732 env=0.00140 gate=0.00007 envDelta=0.00132 envFloor=0.00083 onset=1.396 thresh=0.012 onsetDelta=1.38460 baseline=0.00055 adaptive=0.00138 lastPeak=0.00000 guard=0.060 activeAge=-1.000 pitch=-1.00Hz pitchCents=0.0
2025-12-16 05:30:13 [tracker] [s6] onset t=0.740 env=0.00191 gate=0.00020 envDelta=0.00172 envFloor=0.00117 onset=1.209 thresh=0.018 onsetDelta=1.19148 baseline=0.00078 adaptive=0.00195 lastPeak=0.00000 guard=0.060 activeAge=-1.000 pitch=-1.00Hz pitchCents=0.0
2025-12-16 05:30:13 [tracker] [s4] onset t=0.828 env=0.00167 gate=0.00011 envDelta=0.00156 envFloor=0.00094 onset=1.091 thresh=0.014 onsetDelta=1.07740 baseline=0.00063 adaptive=0.00157 lastPeak=0.00000 guard=0.060 activeAge=-1.000 pitch=-1.00Hz pitchCents=0.0
2025-12-16 05:30:13 [tracker] [s2] onset t=0.919 env=0.00138 gate=0.00001 envDelta=0.00138 envFloor=0.00080 onset=0.980 thresh=0.009 onsetDelta=0.97141 baseline=0.00053 adaptive=0.00133 lastPeak=0.00000 guard=0.060 activeAge=-1.000 pitch=142.86Hz pitchCents=452.5
2025-12-16 05:30:13 [tracker] [s6] onset t=0.932 env=0.00177 gate=0.00021 envDelta=0.00156 envFloor=0.00127 onset=1.008 thresh=0.018 onsetDelta=0.98965 baseline=0.00085 adaptive=0.00212 lastPeak=0.00000 guard=0.060 activeAge=-1.000 pitch=-1.00Hz pitchCents=0.0
2025-12-16 05:30:13 [tracker] [s3] onset t=0.977 env=0.00133 gate=0.00007 envDelta=0.00126 envFloor=0.00080 onset=0.708 thresh=0.012 onsetDelta=0.69662 baseline=0.00053 adaptive=0.00133 lastPeak=0.00000 guard=0.060 activeAge=-1.000 pitch=-1.00Hz pitchCents=0.0
2025-12-16 05:30:13 [tracker] [s5] onset t=1.039 env=0.00162 gate=0.00013 envDelta=0.00149 envFloor=0.00095 onset=0.998 thresh=0.016 onsetDelta=0.98161 baseline=0.00064 adaptive=0.00159 lastPeak=0.00000 guard=0.060 activeAge=-1.000 pitch=-1.00Hz pitchCents=0.0
2025-12-16 05:30:13 [tracker] [s2] onset t=1.041 env=0.00101 gate=0.00000 envDelta=0.00100 envFloor=0.00074 onset=1.069 thresh=0.009 onsetDelta=1.05991 baseline=0.00050 adaptive=0.00124 lastPeak=0.00000 guard=0.060 activeAge=-1.000 pitch=97.55Hz pitchCents=-207.9
2025-12-16 05:30:13 [tracker] [s2] note-start t=1.041 fret=3 midi=48 vel=0.01 env=0.00101
2025-12-16 05:30:14 [tracker] [s2] onset t=1.239 env=0.00112 gate=0.00001 envDelta=0.00111 envFloor=0.00072 onset=1.066 thresh=0.009 onsetDelta=1.05748 baseline=0.00063 adaptive=0.00120 lastPeak=0.00070 guard=0.060 activeAge=0.197 pitch=156.86Hz pitchCents=614.4
2025-12-16 05:30:14 [tracker] [s3] onset t=1.273 env=0.00133 gate=0.00007 envDelta=0.00126 envFloor=0.00085 onset=0.998 thresh=0.012 onsetDelta=0.98602 baseline=0.00056 adaptive=0.00141 lastPeak=0.00000 guard=0.060 activeAge=-1.000 pitch=-1.00Hz pitchCents=0.0
2025-12-16 05:30:14 [tracker] [s1] aubio-raw t=1.4333 onset=0.989536 env=0.000747 peak=0.001819 gain=1.000
2025-12-16 05:30:14 [tracker] [s1] onset-accepted t=1.4333 env=0.000747 gate=0.000018 envDelta=0.000729 envFloor=0.000485 onset=0.989536 thresh=0.006000 onsetDelta=0.983536 baseline=0.000323 floor=0.000180 adapt=0.000808 lastPeak=0.000130 baseParam=0.000180 gateRatio=0.0550 envParam=0.000450 onsetScale=0.300 retriggerScale=1.400 guard=0.060 guardRemain=0.000 activeAge=0.755 retrigRemain=0.000 pitchHz=199.99 pitchCents=1534.9
2025-12-16 05:30:14 [tracker] [s1] onset t=1.433 env=0.00075 gate=0.00002 envDelta=0.00073 envFloor=0.00048 onset=0.990 thresh=0.006 onsetDelta=0.98354 baseline=0.00032 adaptive=0.00081 lastPeak=0.00013 guard=0.060 activeAge=0.755 pitch=199.99Hz pitchCents=1534.9
2025-12-16 05:30:14 [tracker] [s1] note-ended (new onset) t=1.433 fret=7 dur=0.755
2025-12-16 05:30:14 [tracker] [s4] onset t=1.495 env=0.00117 gate=0.00010 envDelta=0.00107 envFloor=0.00092 onset=1.086 thresh=0.014 onsetDelta=1.07194 baseline=0.00062 adaptive=0.00154 lastPeak=0.00000 guard=0.060 activeAge=-1.000 pitch=-1.00Hz pitchCents=0.0
2025-12-16 05:30:14 [tracker] [s3] onset t=1.497 env=0.00128 gate=0.00007 envDelta=0.00121 envFloor=0.00082 onset=0.727 thresh=0.012 onsetDelta=0.71512 baseline=0.00054 adaptive=0.00136 lastPeak=0.00000 guard=0.060 activeAge=-1.000 pitch=-1.00Hz pitchCents=0.0
2025-12-16 05:30:14 [tracker] [s1] aubio-raw t=1.5080 onset=0.995595 env=0.000572 peak=0.001442 gain=1.000
2025-12-16 05:30:14 [tracker] [s1] onset-accepted t=1.5080 env=0.000572 gate=0.000018 envDelta=0.000554 envFloor=0.000491 onset=0.995595 thresh=0.006000 onsetDelta=0.989595 baseline=0.000327 floor=0.000180 adapt=0.000818 lastPeak=0.000113 baseParam=0.000180 gateRatio=0.0550 envParam=0.000450 onsetScale=0.300 retriggerScale=1.400 guard=0.060 guardRemain=0.000 activeAge=-1.000 retrigRemain=0.000 pitchHz=333.32 pitchCents=2419.3
2025-12-16 05:30:14 [tracker] [s1] onset t=1.508 env=0.00057 gate=0.00002 envDelta=0.00055 envFloor=0.00049 onset=0.996 thresh=0.006 onsetDelta=0.98959 baseline=0.00033 adaptive=0.00082 lastPeak=0.00011 guard=0.060 activeAge=-1.000 pitch=333.32Hz pitchCents=2419.3
2025-12-16 05:30:14 [tracker] [s6] onset t=1.508 env=0.00184 gate=0.00020 envDelta=0.00163 envFloor=0.00122 onset=0.645 thresh=0.018 onsetDelta=0.62729 baseline=0.00082 adaptive=0.00204 lastPeak=0.00000 guard=0.060 activeAge=-1.000 pitch=-1.00Hz pitchCents=0.0
2025-12-16 05:30:14 [tracker] [s6] onset t=1.609 env=0.00193 gate=0.00022 envDelta=0.00171 envFloor=0.00131 onset=0.881 thresh=0.018 onsetDelta=0.86271 baseline=0.00087 adaptive=0.00218 lastPeak=0.00000 guard=0.060 activeAge=-1.000 pitch=-1.00Hz pitchCents=0.0
2025-12-16 05:30:14 [tracker] [s1] aubio-raw t=1.6200 onset=0.996784 env=0.000927 peak=0.002661 gain=1.000
2025-12-16 05:30:14 [tracker] [s1] onset-accepted t=1.6200 env=0.000927 gate=0.000018 envDelta=0.000909 envFloor=0.000493 onset=0.996784 thresh=0.006000 onsetDelta=0.990784 baseline=0.000328 floor=0.000180 adapt=0.000821 lastPeak=0.000092 baseParam=0.000180 gateRatio=0.0550 envParam=0.000450 onsetScale=0.300 retriggerScale=1.400 guard=0.060 guardRemain=0.000 activeAge=-1.000 retrigRemain=0.000 pitchHz=156.87 pitchCents=1114.5
2025-12-16 05:30:14 [tracker] [s5] onset t=1.676 env=0.00190 gate=0.00015 envDelta=0.00175 envFloor=0.00108 onset=0.998 thresh=0.016 onsetDelta=0.98242 baseline=0.00072 adaptive=0.00180 lastPeak=0.00000 guard=0.060 activeAge=-1.000 pitch=-1.00Hz pitchCents=0.0
2025-12-16 05:30:14 [tracker] [s6] onset t=1.767 env=0.00186 gate=0.00020 envDelta=0.00166 envFloor=0.00120 onset=1.001 thresh=0.018 onsetDelta=0.98295 baseline=0.00080 adaptive=0.00200 lastPeak=0.00000 guard=0.060 activeAge=-1.000 pitch=-1.00Hz pitchCents=0.0
2025-12-16 05:30:14 [tracker] [s2] onset t=1.820 env=0.00107 gate=0.00001 envDelta=0.00106 envFloor=0.00076 onset=1.141 thresh=0.009 onsetDelta=1.13235 baseline=0.00050 adaptive=0.00126 lastPeak=0.00023 guard=0.060 activeAge=-1.000 pitch=216.22Hz pitchCents=1170.0
2025-12-16 05:30:14 [tracker] [s5] onset t=1.943 env=0.00182 gate=0.00015 envDelta=0.00167 envFloor=0.00106 onset=1.178 thresh=0.016 onsetDelta=1.16180 baseline=0.00070 adaptive=0.00176 lastPeak=0.00000 guard=0.060 activeAge=-1.000 pitch=-1.00Hz pitchCents=0.0
2025-12-16 05:30:14 [tracker] [s6] onset t=1.964 env=0.00192 gate=0.00021 envDelta=0.00170 envFloor=0.00128 onset=0.972 thresh=0.018 onsetDelta=0.95401 baseline=0.00085 adaptive=0.00214 lastPeak=0.00000 guard=0.060 activeAge=-1.000 pitch=-1.00Hz pitchCents=0.0
2025-12-16 05:30:14 [tracker] [s1] aubio-raw t=1.9667 onset=0.941152 env=0.001313 peak=0.002751 gain=1.000
2025-12-16 05:30:14 [tracker] [s1] onset-accepted t=1.9667 env=0.001313 gate=0.000021 envDelta=0.001292 envFloor=0.000584 onset=0.941152 thresh=0.006000 onsetDelta=0.935152 baseline=0.000389 floor=0.000180 adapt=0.000973 lastPeak=0.000048 baseParam=0.000180 gateRatio=0.0550 envParam=0.000450 onsetScale=0.300 retriggerScale=1.400 guard=0.060 guardRemain=0.000 activeAge=-1.000 retrigRemain=0.000 pitchHz=119.40 pitchCents=642.0
2025-12-16 05:30:14 [tracker] [s1] onset t=1.967 env=0.00131 gate=0.00002 envDelta=0.00129 envFloor=0.00058 onset=0.941 thresh=0.006 onsetDelta=0.93515 baseline=0.00039 adaptive=0.00097 lastPeak=0.00005 guard=0.060 activeAge=-1.000 pitch=119.40Hz pitchCents=642.0
2025-12-16 05:30:14 [tracker] [s3] onset t=2.049 env=0.00134 gate=0.00007 envDelta=0.00127 envFloor=0.00085 onset=0.995 thresh=0.012 onsetDelta=0.98384 baseline=0.00057 adaptive=0.00142 lastPeak=0.00000 guard=0.060 activeAge=-1.000 pitch=-1.00Hz pitchCents=0.0
2025-12-16 05:30:14 [tracker] [s4] onset t=2.052 env=0.00128 gate=0.00010 envDelta=0.00118 envFloor=0.00091 onset=0.938 thresh=0.014 onsetDelta=0.92383 baseline=0.00061 adaptive=0.00151 lastPeak=0.00000 guard=0.060 activeAge=-1.000 pitch=-1.00Hz pitchCents=0.0
2025-12-16 05:30:14 [tracker] [s6] onset t=2.055 env=0.00192 gate=0.00021 envDelta=0.00171 envFloor=0.00125 onset=0.563 thresh=0.018 onsetDelta=0.54473 baseline=0.00083 adaptive=0.00208 lastPeak=0.00000 guard=0.060 activeAge=-1.000 pitch=-1.00Hz pitchCents=0.0
2025-12-16 05:30:15 [tracker] [s5] onset t=2.148 env=0.00128 gate=0.00014 envDelta=0.00114 envFloor=0.00103 onset=0.688 thresh=0.016 onsetDelta=0.67174 baseline=0.00069 adaptive=0.00171 lastPeak=0.00000 guard=0.060 activeAge=-1.000 pitch=-1.00Hz pitchCents=0.0
2025-12-16 05:30:15 [tracker] [s4] onset t=2.175 env=0.00099 gate=0.00010 envDelta=0.00089 envFloor=0.00085 onset=1.093 thresh=0.014 onsetDelta=1.07908 baseline=0.00057 adaptive=0.00142 lastPeak=0.00000 guard=0.060 activeAge=-1.000 pitch=-1.00Hz pitchCents=0.0
2025-12-16 05:30:15 [tracker] [s6] onset t=2.180 env=0.00181 gate=0.00019 envDelta=0.00162 envFloor=0.00115 onset=1.463 thresh=0.018 onsetDelta=1.44519 baseline=0.00077 adaptive=0.00192 lastPeak=0.00000 guard=0.060 activeAge=-1.000 pitch=-1.00Hz pitchCents=0.0
2025-12-16 05:30:15 [tracker] [s4] onset t=2.244 env=0.00167 gate=0.00010 envDelta=0.00157 envFloor=0.00088 onset=0.995 thresh=0.014 onsetDelta=0.98146 baseline=0.00059 adaptive=0.00146 lastPeak=0.00000 guard=0.060 activeAge=-1.000 pitch=-1.00Hz pitchCents=0.0
2025-12-16 05:30:15 [tracker] [s1] aubio-raw t=2.3614 onset=0.997645 env=0.000747 peak=0.001895 gain=1.000
2025-12-16 05:30:15 [tracker] [s1] onset-accepted t=2.3614 env=0.000747 gate=0.000018 envDelta=0.000729 envFloor=0.000498 onset=0.997645 thresh=0.006000 onsetDelta=0.991645 baseline=0.000332 floor=0.000180 adapt=0.000830 lastPeak=0.000023 baseParam=0.000180 gateRatio=0.0550 envParam=0.000450 onsetScale=0.300 retriggerScale=1.400 guard=0.060 guardRemain=0.000 activeAge=-1.000 retrigRemain=0.000 pitchHz=250.00 pitchCents=1921.3
2025-12-16 05:30:15 [tracker] [s1] onset t=2.361 env=0.00075 gate=0.00002 envDelta=0.00073 envFloor=0.00050 onset=0.998 thresh=0.006 onsetDelta=0.99165 baseline=0.00033 adaptive=0.00083 lastPeak=0.00002 guard=0.060 activeAge=-1.000 pitch=250.00Hz pitchCents=1921.3
2025-12-16 05:30:15 [tracker] [s2] onset t=2.737 env=0.00100 gate=0.00001 envDelta=0.00099 envFloor=0.00082 onset=0.999 thresh=0.009 onsetDelta=0.99014 baseline=0.00055 adaptive=0.00137 lastPeak=0.00004 guard=0.060 activeAge=-1.000 pitch=148.14Hz pitchCents=515.4
2025-12-16 05:30:15 [tracker] [s2] note-start t=2.737 fret=5 midi=50 vel=0.01 env=0.00100
2025-12-16 05:30:15 [tracker] [s1] aubio-raw t=2.7454 onset=1.117761 env=0.000958 peak=0.002091 gain=1.000
2025-12-16 05:30:15 [tracker] [s1] onset-accepted t=2.7454 env=0.000958 gate=0.000019 envDelta=0.000939 envFloor=0.000515 onset=1.117761 thresh=0.006000 onsetDelta=1.111761 baseline=0.000343 floor=0.000180 adapt=0.000858 lastPeak=0.000011 baseParam=0.000180 gateRatio=0.0550 envParam=0.000450 onsetScale=0.300 retriggerScale=1.400 guard=0.060 guardRemain=0.000 activeAge=-1.000 retrigRemain=0.000 pitchHz=-1.00 pitchCents=0.0
2025-12-16 05:30:15 [tracker] [s1] onset t=2.745 env=0.00096 gate=0.00002 envDelta=0.00094 envFloor=0.00051 onset=1.118 thresh=0.006 onsetDelta=1.11176 baseline=0.00034 adaptive=0.00086 lastPeak=0.00001 guard=0.060 activeAge=-1.000 pitch=-1.00Hz pitchCents=0.0
2025-12-16 05:30:15 [tracker] [s5] onset t=2.817 env=0.00174 gate=0.00015 envDelta=0.00159 envFloor=0.00106 onset=1.127 thresh=0.016 onsetDelta=1.11145 baseline=0.00071 adaptive=0.00177 lastPeak=0.00000 guard=0.060 activeAge=-1.000 pitch=-1.00Hz pitchCents=0.0
2025-12-16 05:30:15 [tracker] [s1] aubio-raw t=2.8627 onset=1.092961 env=0.000880 peak=0.002153 gain=1.000
2025-12-16 05:30:15 [tracker] [s1] onset-accepted t=2.8627 env=0.000880 gate=0.000019 envDelta=0.000862 envFloor=0.000517 onset=1.092961 thresh=0.006000 onsetDelta=1.086961 baseline=0.000345 floor=0.000180 adapt=0.000862 lastPeak=0.000009 baseParam=0.000180 gateRatio=0.0550 envParam=0.000450 onsetScale=0.300 retriggerScale=1.400 guard=0.060 guardRemain=0.000 activeAge=-1.000 retrigRemain=0.000 pitchHz=186.04 pitchCents=1409.7
2025-12-16 05:30:15 [tracker] [s1] onset t=2.863 env=0.00088 gate=0.00002 envDelta=0.00086 envFloor=0.00052 onset=1.093 thresh=0.006 onsetDelta=1.08696 baseline=0.00034 adaptive=0.00086 lastPeak=0.00001 guard=0.060 activeAge=-1.000 pitch=186.04Hz pitchCents=1409.7
2025-12-16 05:30:15 [tracker] [s3] onset t=2.873 env=0.00124 gate=0.00007 envDelta=0.00117 envFloor=0.00081 onset=0.874 thresh=0.012 onsetDelta=0.86265 baseline=0.00054 adaptive=0.00136 lastPeak=0.00000 guard=0.060 activeAge=-1.000 pitch=-1.00Hz pitchCents=0.0
2025-12-16 05:30:15 [tracker] [s6] onset t=2.887 env=0.00162 gate=0.00020 envDelta=0.00143 envFloor=0.00117 onset=0.864 thresh=0.018 onsetDelta=0.84616 baseline=0.00078 adaptive=0.00195 lastPeak=0.00000 guard=0.060 activeAge=-1.000 pitch=-1.00Hz pitchCents=0.0
2025-12-16 05:30:15 [tracker] [s5] onset t=2.943 env=0.00164 gate=0.00014 envDelta=0.00151 envFloor=0.00097 onset=1.409 thresh=0.016 onsetDelta=1.39348 baseline=0.00065 adaptive=0.00162 lastPeak=0.00000 guard=0.060 activeAge=-1.000 pitch=-1.00Hz pitchCents=0.0
2025-12-16 05:30:15 [tracker] [s6] onset t=2.964 env=0.00183 gate=0.00019 envDelta=0.00164 envFloor=0.00116 onset=1.089 thresh=0.018 onsetDelta=1.07072 baseline=0.00078 adaptive=0.00194 lastPeak=0.00000 guard=0.060 activeAge=-1.000 pitch=-1.00Hz pitchCents=0.0
2025-12-16 05:30:15 [tracker] [s2] onset t=2.999 env=0.00118 gate=0.00001 envDelta=0.00117 envFloor=0.00075 onset=1.178 thresh=0.009 onsetDelta=1.16889 baseline=0.00055 adaptive=0.00126 lastPeak=0.00061 guard=0.060 activeAge=0.261 pitch=296.28Hz pitchCents=1715.3
2025-12-16 05:30:15 [tracker] [s2] note-ended (new onset) t=2.999 fret=5 dur=0.261
2025-12-16 05:30:15 [tracker] [s2] note-start t=2.999 fret=0 midi=45 vel=0.01 env=0.00118
2025-12-16 05:30:15 [tracker] [s1] aubio-raw t=3.0280 onset=0.997619 env=0.000712 peak=0.001862 gain=1.000
2025-12-16 05:30:15 [tracker] [s1] onset-accepted t=3.0280 env=0.000712 gate=0.000020 envDelta=0.000692 envFloor=0.000540 onset=0.997619 thresh=0.006000 onsetDelta=0.991619 baseline=0.000360 floor=0.000180 adapt=0.000900 lastPeak=0.000007 baseParam=0.000180 gateRatio=0.0550 envParam=0.000450 onsetScale=0.300 retriggerScale=1.400 guard=0.060 guardRemain=0.000 activeAge=-1.000 retrigRemain=0.000 pitchHz=177.77 pitchCents=1331.0
2025-12-16 05:30:15 [tracker] [s1] onset t=3.028 env=0.00071 gate=0.00002 envDelta=0.00069 envFloor=0.00054 onset=0.998 thresh=0.006 onsetDelta=0.99162 baseline=0.00036 adaptive=0.00090 lastPeak=0.00001 guard=0.060 activeAge=-1.000 pitch=177.77Hz pitchCents=1331.0
2025-12-16 05:30:16 [tracker] [s2] onset t=3.127 env=0.00178 gate=0.00001 envDelta=0.00177 envFloor=0.00080 onset=0.998 thresh=0.009 onsetDelta=0.98915 baseline=0.00083 adaptive=0.00133 lastPeak=0.00093 guard=0.060 activeAge=0.128 pitch=133.33Hz pitchCents=333.0
2025-12-16 05:30:16 [tracker] [s2] note-ended (new onset) t=3.127 fret=0 dur=0.128
2025-12-16 05:30:16 [tracker] [s4] onset t=3.132 env=0.00191 gate=0.00011 envDelta=0.00180 envFloor=0.00098 onset=0.996 thresh=0.014 onsetDelta=0.98200 baseline=0.00066 adaptive=0.00164 lastPeak=0.00000 guard=0.060 activeAge=-1.000 pitch=-1.00Hz pitchCents=0.0
2025-12-16 05:30:16 [tracker] [s5] onset t=3.151 env=0.00168 gate=0.00015 envDelta=0.00153 envFloor=0.00109 onset=0.772 thresh=0.016 onsetDelta=0.75576 baseline=0.00073 adaptive=0.00182 lastPeak=0.00000 guard=0.060 activeAge=-1.000 pitch=-1.00Hz pitchCents=0.0
2025-12-16 05:30:16 [tracker] [s1] aubio-raw t=3.2014 onset=0.814378 env=0.000663 peak=0.001609 gain=1.000
2025-12-16 05:30:16 [tracker] [s1] onset-accepted t=3.2014 env=0.000663 gate=0.000019 envDelta=0.000644 envFloor=0.000522 onset=0.814378 thresh=0.006000 onsetDelta=0.808378 baseline=0.000348 floor=0.000180 adapt=0.000869 lastPeak=0.000005 baseParam=0.000180 gateRatio=0.0550 envParam=0.000450 onsetScale=0.300 retriggerScale=1.400 guard=0.060 guardRemain=0.000 activeAge=-1.000 retrigRemain=0.000 pitchHz=421.07 pitchCents=2823.9
2025-12-16 05:30:16 [tracker] [s1] onset t=3.201 env=0.00066 gate=0.00002 envDelta=0.00064 envFloor=0.00052 onset=0.814 thresh=0.006 onsetDelta=0.80838 baseline=0.00035 adaptive=0.00087 lastPeak=0.00000 guard=0.060 activeAge=-1.000 pitch=421.07Hz pitchCents=2823.9
2025-12-16 05:30:16 [tracker] [s1] note-start t=3.201 fret=10 midi=50 vel=0.01 env=0.00066
2025-12-16 05:30:16 [tracker] [s2] onset t=3.249 env=0.00085 gate=0.00001 envDelta=0.00085 envFloor=0.00074 onset=1.079 thresh=0.009 onsetDelta=1.06985 baseline=0.00066 adaptive=0.00124 lastPeak=0.00074 guard=0.060 activeAge=-1.000 pitch=150.95Hz pitchCents=547.9
2025-12-16 05:30:16 [tracker] [s2] note-start t=3.249 fret=0 midi=45 vel=0.01 env=0.00085
2025-12-16 05:30:16 [tracker] [s5] onset t=3.260 env=0.00176 gate=0.00014 envDelta=0.00162 envFloor=0.00100 onset=1.001 thresh=0.016 onsetDelta=0.98458 baseline=0.00067 adaptive=0.00167 lastPeak=0.00000 guard=0.060 activeAge=-1.000 pitch=-1.00Hz pitchCents=0.0
2025-12-16 05:30:16 [tracker] [s6] onset t=3.348 env=0.00203 gate=0.00019 envDelta=0.00184 envFloor=0.00116 onset=1.265 thresh=0.018 onsetDelta=1.24713 baseline=0.00078 adaptive=0.00194 lastPeak=0.00000 guard=0.060 activeAge=-1.000 pitch=-1.00Hz pitchCents=0.0
2025-12-16 05:30:16 [tracker] [s5] onset t=3.505 env=0.00194 gate=0.00015 envDelta=0.00178 envFloor=0.00110 onset=1.039 thresh=0.016 onsetDelta=1.02255 baseline=0.00074 adaptive=0.00184 lastPeak=0.00000 guard=0.060 activeAge=-1.000 pitch=-1.00Hz pitchCents=0.0
2025-12-16 05:30:16 [tracker] [s1] aubio-raw t=3.6440 onset=0.648755 env=0.000816 peak=0.002145 gain=1.000
2025-12-16 05:30:16 [tracker] [s1] onset-accepted t=3.6440 env=0.000816 gate=0.000019 envDelta=0.000798 envFloor=0.000506 onset=0.648755 thresh=0.006000 onsetDelta=0.642755 baseline=0.000337 floor=0.000180 adapt=0.000843 lastPeak=0.000289 baseParam=0.000180 gateRatio=0.0550 envParam=0.000450 onsetScale=0.300 retriggerScale=1.400 guard=0.060 guardRemain=0.000 activeAge=0.443 retrigRemain=0.000 pitchHz=115.93 pitchCents=590.9
2025-12-16 05:30:16 [tracker] [s1] onset t=3.644 env=0.00082 gate=0.00002 envDelta=0.00080 envFloor=0.00051 onset=0.649 thresh=0.006 onsetDelta=0.64275 baseline=0.00034 adaptive=0.00084 lastPeak=0.00029 guard=0.060 activeAge=0.443 pitch=115.93Hz pitchCents=590.9
2025-12-16 05:30:16 [tracker] [s1] note-ended (new onset) t=3.644 fret=10 dur=0.443
2025-12-16 05:30:16 [tracker] [s1] note-start t=3.644 fret=7 midi=47 vel=0.01 env=0.00082
2025-12-16 05:30:16 [tracker] [s4] onset t=3.652 env=0.00130 gate=0.00010 envDelta=0.00121 envFloor=0.00085 onset=1.102 thresh=0.014 onsetDelta=1.08752 baseline=0.00057 adaptive=0.00142 lastPeak=0.00000 guard=0.060 activeAge=-1.000 pitch=-1.00Hz pitchCents=0.0
2025-12-16 05:30:16 [tracker] [s5] onset t=3.684 env=0.00142 gate=0.00014 envDelta=0.00128 envFloor=0.00099 onset=1.170 thresh=0.016 onsetDelta=1.15442 baseline=0.00066 adaptive=0.00165 lastPeak=0.00000 guard=0.060 activeAge=-1.000 pitch=-1.00Hz pitchCents=0.0
2025-12-16 05:30:16 [tracker] [s3] onset t=3.759 env=0.00117 gate=0.00007 envDelta=0.00110 envFloor=0.00082 onset=1.182 thresh=0.012 onsetDelta=1.17055 baseline=0.00055 adaptive=0.00136 lastPeak=0.00000 guard=0.060 activeAge=-1.000 pitch=-1.00Hz pitchCents=0.0
2025-12-16 05:30:16 [tracker] [s6] onset t=3.793 env=0.00180 gate=0.00021 envDelta=0.00160 envFloor=0.00124 onset=1.299 thresh=0.018 onsetDelta=1.28083 baseline=0.00083 adaptive=0.00206 lastPeak=0.00000 guard=0.060 activeAge=-1.000 pitch=-1.00Hz pitchCents=0.0
2025-12-16 05:30:16 [tracker] [s3] onset t=3.924 env=0.00130 gate=0.00007 envDelta=0.00122 envFloor=0.00086 onset=0.996 thresh=0.012 onsetDelta=0.98464 baseline=0.00057 adaptive=0.00143 lastPeak=0.00000 guard=0.060 activeAge=-1.000 pitch=-1.00Hz pitchCents=0.0
2025-12-16 05:30:16 [tracker] [s2] onset t=4.007 env=0.00094 gate=0.00001 envDelta=0.00093 envFloor=0.00076 onset=1.336 thresh=0.009 onsetDelta=1.32696 baseline=0.00051 adaptive=0.00127 lastPeak=0.00021 guard=0.060 activeAge=0.757 pitch=123.08Hz pitchCents=194.5
2025-12-16 05:30:16 [tracker] [s2] note-ended (new onset) t=4.007 fret=0 dur=0.757
2025-12-16 05:30:16 [tracker] [s1] aubio-raw t=4.0147 onset=0.933833 env=0.000723 peak=0.001455 gain=1.000
2025-12-16 05:30:16 [tracker] [s1] onset-accepted t=4.0147 env=0.000723 gate=0.000020 envDelta=0.000703 envFloor=0.000497 onset=0.933833 thresh=0.006000 onsetDelta=0.927833 baseline=0.000366 floor=0.000180 adapt=0.000828 lastPeak=0.000407 baseParam=0.000180 gateRatio=0.0550 envParam=0.000450 onsetScale=0.300 retriggerScale=1.400 guard=0.060 guardRemain=0.000 activeAge=0.371 retrigRemain=0.000 pitchHz=129.03 pitchCents=776.2
2025-12-16 05:30:16 [tracker] [s1] onset t=4.015 env=0.00072 gate=0.00002 envDelta=0.00070 envFloor=0.00050 onset=0.934 thresh=0.006 onsetDelta=0.92783 baseline=0.00037 adaptive=0.00083 lastPeak=0.00041 guard=0.060 activeAge=0.371 pitch=129.03Hz pitchCents=776.2
2025-12-16 05:30:16 [tracker] [s1] note-ended (new onset) t=4.015 fret=7 dur=0.371
2025-12-16 05:30:17 [tracker] [s6] onset t=4.180 env=0.00189 gate=0.00021 envDelta=0.00168 envFloor=0.00126 onset=1.039 thresh=0.018 onsetDelta=1.02114 baseline=0.00084 adaptive=0.00210 lastPeak=0.00000 guard=0.060 activeAge=-1.000 pitch=-1.00Hz pitchCents=0.0
2025-12-16 05:30:17 [tracker] [s3] onset t=4.223 env=0.00143 gate=0.00008 envDelta=0.00136 envFloor=0.00088 onset=1.098 thresh=0.012 onsetDelta=1.08634 baseline=0.00059 adaptive=0.00147 lastPeak=0.00000 guard=0.060 activeAge=-1.000 pitch=-1.00Hz pitchCents=0.0
2025-12-16 05:30:17 [tracker] [s2] onset t=4.257 env=0.00142 gate=0.00001 envDelta=0.00141 envFloor=0.00079 onset=1.317 thresh=0.009 onsetDelta=1.30798 baseline=0.00053 adaptive=0.00132 lastPeak=0.00013 guard=0.060 activeAge=-1.000 pitch=108.11Hz pitchCents=-30.0
2025-12-16 05:30:17 [tracker] [s5] onset t=4.268 env=0.00157 gate=0.00014 envDelta=0.00143 envFloor=0.00103 onset=0.998 thresh=0.016 onsetDelta=0.98158 baseline=0.00069 adaptive=0.00172 lastPeak=0.00000 guard=0.060 activeAge=-1.000 pitch=-1.00Hz pitchCents=0.0
2025-12-16 05:30:17 [tracker] [s1] aubio-raw t=4.3187 onset=0.997060 env=0.000675 peak=0.001859 gain=1.000
2025-12-16 05:30:17 [tracker] [s1] onset-accepted t=4.3187 env=0.000675 gate=0.000018 envDelta=0.000658 envFloor=0.000483 onset=0.997060 thresh=0.006000 onsetDelta=0.991060 baseline=0.000322 floor=0.000180 adapt=0.000804 lastPeak=0.000230 baseParam=0.000180 gateRatio=0.0550 envParam=0.000450 onsetScale=0.300 retriggerScale=1.400 guard=0.060 guardRemain=0.000 activeAge=-1.000 retrigRemain=0.000 pitchHz=117.64 pitchCents=616.3
2025-12-16 05:30:17 [tracker] [s1] onset t=4.319 env=0.00068 gate=0.00002 envDelta=0.00066 envFloor=0.00048 onset=0.997 thresh=0.006 onsetDelta=0.99106 baseline=0.00032 adaptive=0.00080 lastPeak=0.00023 guard=0.060 activeAge=-1.000 pitch=117.64Hz pitchCents=616.3
2025-12-16 05:30:17 [tracker] [s6] onset t=4.324 env=0.00174 gate=0.00020 envDelta=0.00154 envFloor=0.00121 onset=1.025 thresh=0.018 onsetDelta=1.00723 baseline=0.00081 adaptive=0.00202 lastPeak=0.00000 guard=0.060 activeAge=-1.000 pitch=-1.00Hz pitchCents=0.0
