# SignalAssistant session log
# Started at 2025-12-25 07:21:13
2025-12-25 07:21:13 [session] mode=live session='' path='' duration=0.00 files=0
2025-12-25 07:21:14 [tracker-settings] TrackerConfig onsetThreshold=0.02000 minNoteDurSec=0.045 hopSec=0.010 slideDelta=120.0 bendDelta=35.0
2025-12-25 07:21:14 [tracker-settings] string1 midi=40 lowCut=77.50Hz highCut=160.00Hz baseline=0.001000 gateRatio=0.05500 envFloor=0.001500 sustainScale=0.580 retriggerScale=1.400 pitchTol=0.400 onsetScale=0.360
2025-12-25 07:21:14 [tracker-settings] string2 midi=45 lowCut=102.50Hz highCut=215.00Hz baseline=0.001200 gateRatio=0.10000 envFloor=0.001800 sustainScale=0.700 retriggerScale=1.250 pitchTol=0.400 onsetScale=0.610
2025-12-25 07:21:14 [tracker-settings] string3 midi=50 lowCut=137.50Hz highCut=290.00Hz baseline=0.001400 gateRatio=0.13000 envFloor=0.002100 sustainScale=0.820 retriggerScale=1.100 pitchTol=0.450 onsetScale=0.930
2025-12-25 07:21:14 [tracker-settings] string4 midi=55 lowCut=187.50Hz highCut=385.00Hz baseline=0.001600 gateRatio=0.17000 envFloor=0.002400 sustainScale=1.000 retriggerScale=1.000 pitchTol=0.440 onsetScale=1.260
2025-12-25 07:21:14 [tracker-settings] string5 midi=59 lowCut=237.50Hz highCut=485.00Hz baseline=0.001800 gateRatio=0.21000 envFloor=0.002700 sustainScale=1.000 retriggerScale=1.000 pitchTol=0.500 onsetScale=1.440
2025-12-25 07:21:14 [tracker-settings] string6 midi=64 lowCut=317.50Hz highCut=650.00Hz baseline=0.002000 gateRatio=0.25000 envFloor=0.003000 sustainScale=1.000 retriggerScale=1.000 pitchTol=0.550 onsetScale=1.620
2025-12-25 07:21:14 [calibration] Loaded avgRms/peakRms from legacy calibration file
2025-12-25 07:21:14 [calibration] Calibration profile derived from tuning state
2025-12-25 07:21:24 [detection]      S6 Rejected Note (env=0.0014 < floor=0.0020)
2025-12-25 07:21:24 [detection]      S2F0 ON (onset=1.004 env=0.0294)
2025-12-25 07:21:25 [detection]      S6 Rejected Note (env=0.0015 < floor=0.0020)
2025-12-25 07:21:25 [detection]      S4 Rejected Note (env=0.0009 < floor=0.0016)
2025-12-25 07:21:25 [detection]      S2F0 OFF (sharp-drop: 0.0120 -> 0.0017)
2025-12-25 07:21:25 [detection]      S1F2 ON (onset=0.998 env=0.0071)
2025-12-25 07:21:26 [detection]      S1F2 OFF (sustained-quiet: avgEnv=0.0008 < floor=0.0010)
2025-12-25 07:21:28 [detection]      S3 Rejected Note (env=0.0007 < floor=0.0014)
2025-12-25 07:21:30 [detection]      S6 Rejected Note (env=0.0008 < floor=0.0020)
2025-12-25 07:21:30 [detection]      S5 Rejected Note (env=0.0006 < floor=0.0018)
2025-12-25 07:21:30 [detection]      S1 Rejected Note (env=0.0007 < floor=0.0010)
2025-12-25 07:21:30 [detection]      S2 Rejected Note (env=0.0004 < floor=0.0012)
2025-12-25 07:21:30 [detection]      S3 Rejected Note (env=0.0004 < floor=0.0014)
2025-12-25 07:21:30 [detection]      S4 Rejected Note (env=0.0003 < floor=0.0016)
2025-12-25 07:21:30 [detection]      S5 Rejected Note (env=0.0005 < floor=0.0018)
2025-12-25 07:21:31 [detection]      S1F6 ON (onset=0.868 env=0.0751)
2025-12-25 07:21:31 [detection]      S2F8 ON (onset=0.755 env=0.0453)
2025-12-25 07:21:31 [detection]      S4 Rejected Note (env=0.0006 < floor=0.0016)
2025-12-25 07:21:31 [detection]      S2F8 OFF (sharp-drop: 0.0391 -> 0.0017)
2025-12-25 07:21:31 [detection]      S1F6 OFF (sharp-drop: 0.0564 -> 0.0009)
2025-12-25 07:21:32 [detection]      S1F6 ON (onset=0.689 env=0.1122)
2025-12-25 07:21:32 [detection]      S2F8 ON (onset=0.993 env=0.0725)
2025-12-25 07:21:33 [detection]      S1F6 OFF (sharp-drop: 0.0265 -> 0.0010)
2025-12-25 07:21:33 [detection]      S2F8 OFF (sharp-drop: 0.0228 -> 0.0016)
2025-12-25 07:21:34 [detection]      S5 Rejected Note (env=0.0005 < floor=0.0018)
2025-12-25 07:21:34 [detection]      S1 Rejected Note (env=0.0004 < floor=0.0010)
2025-12-25 07:22:04 [detection]      S2F0 ON (onset=1.055 env=0.0038)
2025-12-25 07:22:05 [detection]      S6 Rejected Note (env=0.0016 < floor=0.0020)
2025-12-25 07:22:05 [detection]      S2F0 OFF (sustained-quiet: avgEnv=0.0016 < floor=0.0018)
2025-12-25 07:22:05 [detection]      S2F5 ON (onset=1.130 env=0.1454)
2025-12-25 07:22:05 [detection]      S2F5 OFF (sharp-drop: 0.0908 -> 0.0017)
2025-12-25 07:22:06 [detection]      S2F5 ON (onset=1.043 env=0.0193)
2025-12-25 07:22:06 [detection]      S2F5 OFF (sharp-drop: 0.0157 -> 0.0018)
2025-12-25 07:22:06 [detection]      S1F10 ON (onset=0.959 env=0.0040)
2025-12-25 07:22:06 [detection]      S6 Rejected Note (env=0.0020 < floor=0.0020)
2025-12-25 07:22:06 [detection]      S1F10 OFF (sustained-quiet: avgEnv=0.0005 < floor=0.0010)
2025-12-25 07:22:07 [detection]      S3F24 ON (onset=0.959 env=0.5062)
2025-12-25 07:22:07 [detection]      S1F10 ON (onset=0.510 env=0.0032)
2025-12-25 07:22:07 [detection]      S2F5 ON (onset=0.835 env=0.2936)
2025-12-25 07:22:07 [detection]      S4F7 ON (onset=0.937 env=0.2569)
2025-12-25 07:22:07 [detection]      S2F5 OFF (retrigger: onset=1.385 ratio=2.23)
2025-12-25 07:22:07 [detection]      S2F5 ON (onset=1.255 env=0.1631)
2025-12-25 07:22:08 [detection]      S2F5 OFF (sharp-drop: 0.0445 -> 0.0016)
2025-12-25 07:22:08 [detection]      S4F7 OFF (sharp-drop: 0.0382 -> 0.0015)
2025-12-25 07:22:08 [detection]      S3F24 OFF (sharp-drop: 0.0642 -> 0.0013)
2025-12-25 07:22:08 [detection]      S1F10 OFF (sustained-quiet: avgEnv=0.0008 < floor=0.0010)
2025-12-25 07:22:09 [detection]      S2F5 ON (onset=1.090 env=0.1270)
2025-12-25 07:22:09 [detection]      S3F7 ON (onset=0.738 env=0.0305)
2025-12-25 07:22:10 [detection]      S3F7 OFF (retrigger: onset=0.993 ratio=3.00)
2025-12-25 07:22:10 [detection]      S4F6 ON (onset=0.945 env=0.0815)
2025-12-25 07:22:10 [detection]      S4F6 OFF (sharp-drop: 0.0694 -> 0.0014)
2025-12-25 07:22:11 [detection]      S2F5 OFF (sustained-quiet: avgEnv=0.0015 < floor=0.0018)
2025-12-25 07:22:11 [detection]      S4F6 ON (onset=0.810 env=0.1208)
2025-12-25 07:22:11 [detection]      S5F7 ON (onset=0.778 env=0.0790)
2025-12-25 07:22:11 [detection]      S5F7 OFF (sharp-drop: 0.0673 -> 0.0018)
2025-12-25 07:22:11 [detection]      S4F6 OFF (sharp-drop: 0.0446 -> 0.0015)
2025-12-25 07:22:12 [detection]      S3F7 ON (onset=0.997 env=0.0370)
2025-12-25 07:22:12 [detection]      S2F12 ON (onset=0.996 env=0.0049)
2025-12-25 07:22:12 [detection]      S4F6 ON (onset=0.890 env=0.0446)
2025-12-25 07:22:12 [detection]      S3F7 OFF (sharp-drop: 0.0215 -> 0.0014)
2025-12-25 07:22:12 [detection]      S2F12 OFF (sustained-quiet: avgEnv=0.0016 < floor=0.0018)
2025-12-25 07:22:12 [detection]      S4F6 OFF (sharp-drop: 0.0388 -> 0.0016)
2025-12-25 07:22:14 [detection]      S3F7 ON (onset=0.686 env=0.0416)
2025-12-25 07:22:14 [detection]      S3F7 OFF (sharp-drop: 0.0373 -> 0.0014)
2025-12-25 07:22:14 [detection]      S3F7 ON (onset=1.049 env=0.1474)
2025-12-25 07:22:15 [detection]      S4F6 ON (onset=1.076 env=0.2314)
2025-12-25 07:22:15 [detection]      S6F14 ON (onset=0.918 env=0.0059)
2025-12-25 07:22:15 [detection]      S6F14 OFF (sustained-quiet: avgEnv=0.0009 < floor=0.0020)
2025-12-25 07:22:15 [detection]      S4F6 OFF (sharp-drop: 0.1394 -> 0.0013)
2025-12-25 07:22:15 [detection]      S5F7 ON (onset=1.160 env=0.4968)
2025-12-25 07:22:15 [detection]      S5F7 OFF (sharp-drop: 0.3790 -> 0.0017)
2025-12-25 07:22:15 [detection]      S3F7 OFF (sharp-drop: 0.0167 -> 0.0014)
2025-12-25 07:22:16 [detection]      S5F17 ON (onset=0.760 env=0.0116)
2025-12-25 07:22:16 [detection]      S6F9 ON (onset=1.105 env=0.2888)
2025-12-25 07:22:16 [detection]      S5F17 OFF (sharp-drop: 0.0102 -> 0.0014)
2025-12-25 07:22:16 [detection]      S6F9 OFF (sharp-drop: 0.2653 -> 0.0005)
2025-12-25 07:22:17 [detection]      S6F9 ON (onset=0.856 env=0.0035)
2025-12-25 07:22:17 [detection]      S5F7 ON (onset=1.000 env=0.2510)
2025-12-25 07:22:17 [detection]      S6F9 OFF (sustained-quiet: avgEnv=0.0009 < floor=0.0020)
2025-12-25 07:22:17 [detection]      S3F1 ON (onset=0.878 env=0.0202)
2025-12-25 07:22:18 [detection]      S4F6 ON (onset=0.874 env=0.0842)
2025-12-25 07:22:18 [detection]      S5F7 OFF (sharp-drop: 0.1238 -> 0.0017)
2025-12-25 07:22:18 [detection]      S3F1 OFF (sharp-drop: 0.0143 -> 0.0013)
2025-12-25 07:22:18 [detection]      S4F6 OFF (sharp-drop: 0.0703 -> 0.0015)
2025-12-25 07:22:18 [detection]      S6F9 ON (onset=1.150 env=0.1357)
2025-12-25 07:22:19 [detection]      S6F9 OFF (sharp-drop: 0.0736 -> 0.0016)
2025-12-25 07:22:19 [detection]      S6F7 ON (onset=0.792 env=0.4461)
2025-12-25 07:22:19 [detection]      S5F13 ON (onset=1.126 env=0.0166)
2025-12-25 07:22:19 [detection]      S5F13 OFF (sharp-drop: 0.0145 -> 0.0017)
2025-12-25 07:22:19 [detection]      S6F7 OFF (sharp-drop: 0.3420 -> 0.0016)
2025-12-25 07:22:19 [detection]      S6F6 ON (onset=0.928 env=0.2354)
2025-12-25 07:22:19 [detection]      S6F6 OFF (sharp-drop: 0.1832 -> 0.0017)
2025-12-25 07:22:19 [detection]      S6F5 ON (onset=0.920 env=0.0956)
2025-12-25 07:22:19 [detection]      S6F5 OFF (sharp-drop: 0.0839 -> 0.0018)
2025-12-25 07:22:20 [detection]      S3F24 ON (onset=0.833 env=0.1415)
2025-12-25 07:22:21 [detection]      S4F7 ON (onset=1.256 env=0.1791)
2025-12-25 07:22:21 [detection]      S2F5 ON (onset=0.871 env=0.1382)
2025-12-25 07:22:21 [detection]      S1F4 ON (onset=0.860 env=0.0128)
2025-12-25 07:22:21 [detection]      S4F7 OFF (sharp-drop: 0.1047 -> 0.0015)
2025-12-25 07:22:21 [detection]      S2F5 OFF (sharp-drop: 0.0885 -> 0.0017)
2025-12-25 07:22:21 [detection]      S3F24 OFF (sharp-drop: 0.0264 -> 0.0012)
2025-12-25 07:22:21 [detection]      S1F4 OFF (sharp-drop: 0.0080 -> 0.0008)
2025-12-25 07:22:22 [detection]      S6F24 ON (onset=0.994 env=0.1632)
2025-12-25 07:22:22 [detection]      S2F5 ON (onset=0.747 env=0.0674)
2025-12-25 07:22:22 [detection]      S1F5 ON (onset=1.115 env=0.0037)
2025-12-25 07:22:22 [detection]      S6F24 OFF (sharp-drop: 0.1322 -> 0.0019)
2025-12-25 07:22:22 [detection]      S3F7 ON (onset=0.936 env=0.0552)
2025-12-25 07:22:22 [detection]      S4F7 ON (onset=0.583 env=0.0960)
2025-12-25 07:22:23 [detection]      S3F7 OFF (sharp-drop: 0.0315 -> 0.0013)
2025-12-25 07:22:23 [detection]      S4F7 OFF (sharp-drop: 0.0587 -> 0.0014)
2025-12-25 07:22:23 [detection]      S2F5 OFF (sharp-drop: 0.0175 -> 0.0015)
2025-12-25 07:22:23 [detection]      S1F5 OFF (sustained-quiet: avgEnv=0.0004 < floor=0.0010)
2025-12-25 07:22:24 [detection]      S4F24 ON (onset=0.675 env=0.2067)
2025-12-25 07:22:24 [detection]      S2F3 ON (onset=0.577 env=0.0766)
2025-12-25 07:22:24 [detection]      S3F5 ON (onset=0.945 env=0.0996)
2025-12-25 07:22:24 [detection]      S6F6 ON (onset=0.777 env=0.0131)
2025-12-25 07:22:24 [detection]      S6F6 OFF (retrigger: onset=0.939 ratio=1.90)
2025-12-25 07:22:24 [detection]      S1F3 ON (onset=0.999 env=0.0147)
2025-12-25 07:22:24 [detection]      S3F5 OFF (retrigger: onset=0.629 ratio=1.46)
2025-12-25 07:22:24 [detection]      S4F24 OFF (sharp-drop: 0.0469 -> 0.0015)
2025-12-25 07:22:24 [detection]      S2F3 OFF (sharp-drop: 0.0151 -> 0.0018)
2025-12-25 07:22:24 [detection]      S1F3 OFF (sharp-drop: 0.0094 -> 0.0009)
2025-12-25 07:22:25 [detection]      S4F24 ON (onset=0.570 env=0.1055)
2025-12-25 07:22:25 [detection]      S2F3 ON (onset=1.207 env=0.0857)
2025-12-25 07:22:25 [detection]      S3F5 ON (onset=1.337 env=0.2067)
2025-12-25 07:22:25 [detection]      S5F24 ON (onset=0.574 env=0.0929)
2025-12-25 07:22:25 [detection]      S1F2 ON (onset=1.058 env=0.0185)
2025-12-25 07:22:26 [detection]      S5F24 OFF (sharp-drop: 0.0604 -> 0.0017)
2025-12-25 07:22:26 [detection]      S2F3 OFF (sharp-drop: 0.0225 -> 0.0017)
2025-12-25 07:22:26 [detection]      S3F5 OFF (sharp-drop: 0.1161 -> 0.0013)
2025-12-25 07:22:26 [detection]      S4F24 OFF (sharp-drop: 0.0244 -> 0.0015)
2025-12-25 07:22:26 [detection]      S1F2 OFF (sharp-drop: 0.0102 -> 0.0010)
2025-12-25 07:22:26 [detection]      S2F0 ON (onset=0.890 env=0.0400)
2025-12-25 07:22:26 [detection]      S3F2 ON (onset=1.230 env=0.0569)
2025-12-25 07:22:26 [detection]      S5F2 ON (onset=1.362 env=0.0633)
2025-12-25 07:22:27 [detection]      S6F24 ON (onset=1.136 env=0.0046)
2025-12-25 07:22:27 [detection]      S1F12 ON (onset=1.078 env=0.0066)
2025-12-25 07:22:27 [detection]      S4F14 ON (onset=0.999 env=0.0502)
2025-12-25 07:22:27 [detection]      S5F2 OFF (sharp-drop: 0.0173 -> 0.0016)
2025-12-25 07:22:27 [detection]      S4F14 OFF (sharp-drop: 0.0296 -> 0.0014)
2025-12-25 07:22:27 [detection]      S6F24 OFF (sustained-quiet: avgEnv=0.0008 < floor=0.0020)
2025-12-25 07:22:27 [detection]      S3F2 OFF (sharp-drop: 0.0142 -> 0.0013)
2025-12-25 07:22:27 [detection]      S2F0 OFF (sharp-drop: 0.0093 -> 0.0013)
2025-12-25 07:22:27 [detection]      S1F12 OFF (sustained-quiet: avgEnv=0.0006 < floor=0.0010)
2025-12-25 07:22:29 [detection]      S4F2 ON (onset=1.269 env=0.1934)
2025-12-25 07:22:29 [detection]      S5F3 ON (onset=0.720 env=0.1976)
2025-12-25 07:22:29 [detection]      S6F2 ON (onset=1.187 env=0.1290)
2025-12-25 07:22:29 [detection]      S4F2 OFF (retrigger: onset=0.991 ratio=5.87)
2025-12-25 07:22:29 [detection]      S4F2 ON (onset=0.910 env=0.0819)
2025-12-25 07:22:30 [detection]      S5F3 OFF (retrigger: onset=0.917 ratio=2.11)
2025-12-25 07:22:30 [detection]      S2F12 ON (onset=1.248 env=0.0032)
2025-12-25 07:22:30 [detection]      S4F2 OFF (sharp-drop: 0.0465 -> 0.0013)
2025-12-25 07:22:30 [detection]      S2F12 OFF (sustained-quiet: avgEnv=0.0006 < floor=0.0018)
2025-12-25 07:22:30 [detection]      S6F2 OFF (sharp-drop: 0.0249 -> 0.0020)
2025-12-25 07:22:30 [detection]      S6F2 ON (onset=1.472 env=0.1250)
2025-12-25 07:22:30 [detection]      S5F3 ON (onset=0.592 env=0.1235)
2025-12-25 07:22:30 [detection]      S2F12 ON (onset=0.969 env=0.0043)
2025-12-25 07:22:31 [detection]      S3F0 ON (onset=0.870 env=0.0310)
2025-12-25 07:22:31 [detection]      S4F2 ON (onset=0.935 env=0.1020)
2025-12-25 07:22:31 [detection]      S6F2 OFF (retrigger: onset=0.994 ratio=1.41)
2025-12-25 07:22:31 [detection]      S6F2 ON (onset=1.160 env=0.0700)
2025-12-25 07:22:31 [detection]      S2F12 OFF (sustained-quiet: avgEnv=0.0014 < floor=0.0018)
2025-12-25 07:22:31 [detection]      S2F12 ON (onset=1.087 env=0.0039)
2025-12-25 07:22:32 [detection]      S6F2 OFF (retrigger: onset=0.978 ratio=2.25)
2025-12-25 07:22:32 [detection]      S6F3 ON (onset=1.403 env=0.1196)
2025-12-25 07:22:33 [detection]      S6F3 OFF (sharp-drop: 0.0448 -> 0.0018)
2025-12-25 07:22:33 [detection]      S5F3 OFF (sustained-quiet: avgEnv=0.0010 < floor=0.0018)
2025-12-25 07:22:33 [detection]      S3F0 OFF (sustained-quiet: avgEnv=0.0013 < floor=0.0014)
2025-12-25 07:22:33 [detection]      S4F2 OFF (sustained-quiet: avgEnv=0.0009 < floor=0.0016)
2025-12-25 07:22:33 [detection]      S6F4 ON (onset=0.916 env=0.0035)
2025-12-25 07:22:33 [detection]      S2F12 OFF (sustained-quiet: avgEnv=0.0015 < floor=0.0018)
2025-12-25 07:22:33 [detection]      S6F4 OFF (sustained-quiet: avgEnv=0.0006 < floor=0.0020)
2025-12-25 07:22:33 [detection]      S5F4 ON (onset=0.996 env=0.0062)
2025-12-25 07:22:33 [detection]      S6F3 ON (onset=1.063 env=0.0579)
2025-12-25 07:22:33 [detection]      S6F3 OFF (retrigger: onset=0.887 ratio=4.13)
2025-12-25 07:22:34 [detection]      S2F3 ON (onset=0.769 env=0.0349)
2025-12-25 07:22:34 [detection]      S6F3 ON (onset=0.712 env=0.2089)
2025-12-25 07:22:34 [detection]      S5F4 OFF (retrigger: onset=0.550 ratio=2.08)
2025-12-25 07:22:34 [detection]      S2F3 OFF (sharp-drop: 0.0217 -> 0.0017)
2025-12-25 07:22:34 [detection]      S6F3 OFF (sharp-drop: 0.1072 -> 0.0018)
2025-12-25 07:22:34 [detection]      S6F3 ON (onset=0.740 env=0.1805)
2025-12-25 07:22:34 [detection]      S3F3 ON (onset=1.144 env=0.0180)
2025-12-25 07:22:34 [detection]      S5F3 ON (onset=0.916 env=0.1078)
2025-12-25 07:22:34 [detection]      S2F3 ON (onset=0.898 env=0.0299)
2025-12-25 07:22:34 [detection]      S4F0 ON (onset=0.533 env=0.0629)
2025-12-25 07:22:35 [detection]      S4F0 OFF (sharp-drop: 0.0515 -> 0.0015)
2025-12-25 07:22:35 [detection]      S3F3 OFF (retrigger: onset=0.941 ratio=6.25)
2025-12-25 07:22:35 [detection]      S6F3 OFF (sharp-drop: 0.0873 -> 0.0018)
2025-12-25 07:22:35 [detection]      S2F3 OFF (retrigger: onset=1.345 ratio=3.48)
2025-12-25 07:22:35 [detection]      S3F10 ON (onset=1.183 env=0.1185)
2025-12-25 07:22:35 [detection]      S3F10 OFF (retrigger: onset=0.668 ratio=1.67)
2025-12-25 07:22:35 [detection]      S3F11 ON (onset=0.957 env=0.0775)
2025-12-25 07:22:36 [detection]      S5F3 OFF (sustained-quiet: avgEnv=0.0017 < floor=0.0018)
2025-12-25 07:22:36 [detection]      S3F11 OFF (sharp-drop: 0.0122 -> 0.0013)
2025-12-25 07:22:37 [detection]      S4F9 ON (onset=1.206 env=0.0629)
2025-12-25 07:22:37 [detection]      S4F9 OFF (sharp-drop: 0.0512 -> 0.0011)
2025-12-25 07:22:37 [detection]      S3F10 ON (onset=0.780 env=0.0570)
2025-12-25 07:22:38 [detection]      S3F10 OFF (sharp-drop: 0.0367 -> 0.0014)
2025-12-25 07:22:38 [detection]      S5 Rejected Note (env=0.0017 < floor=0.0018)
2025-12-25 07:22:38 [detection]      S6 Rejected Note (env=0.0017 < floor=0.0020)
2025-12-25 07:22:38 [detection]      S2F0 ON (onset=0.517 env=0.0041)
2025-12-25 07:22:38 [detection]      S1F2 ON (onset=1.023 env=0.1301)
2025-12-25 07:22:38 [detection]      S2F0 OFF (sustained-quiet: avgEnv=0.0010 < floor=0.0018)
2025-12-25 07:22:39 [detection]      S6 Rejected Note (env=0.0013 < floor=0.0020)
2025-12-25 07:22:39 [detection]      S1F2 OFF (retrigger: onset=0.955 ratio=1.48)
2025-12-25 07:22:39 [detection]      S1F2 ON (onset=1.212 env=0.1071)
2025-12-25 07:22:39 [detection]      S2F0 ON (onset=1.314 env=0.0064)
2025-12-25 07:22:39 [detection]      S1F2 OFF (retrigger: onset=1.357 ratio=1.47)
2025-12-25 07:22:39 [detection]      S1F2 ON (onset=0.912 env=0.0441)
2025-12-25 07:22:40 [detection]      S2F0 OFF (sustained-quiet: avgEnv=0.0009 < floor=0.0018)
2025-12-25 07:22:40 [detection]      S1F2 OFF (sharp-drop: 0.0284 -> 0.0010)
2025-12-25 07:22:40 [detection]      S1F5 ON (onset=1.110 env=0.1250)
2025-12-25 07:22:40 [detection]      S1F5 OFF (sharp-drop: 0.1054 -> 0.0010)
2025-12-25 07:22:42 [detection]      S1F2 ON (onset=0.923 env=0.0588)
2025-12-25 07:22:42 [detection]      S1F2 OFF (sharp-drop: 0.0228 -> 0.0010)
2025-12-25 07:22:42 [detection]      S1F2 ON (onset=1.004 env=0.0303)
2025-12-25 07:22:43 [detection]      S1F2 OFF (sharp-drop: 0.0216 -> 0.0010)
2025-12-25 07:22:43 [detection]      S1F2 ON (onset=1.011 env=0.0306)
2025-12-25 07:22:43 [detection]      S1F2 OFF (sharp-drop: 0.0221 -> 0.0009)
2025-12-25 07:22:43 [detection]      S1F2 ON (onset=0.917 env=0.3682)
2025-12-25 07:22:43 [detection]      S1F2 OFF (retrigger: onset=1.014 ratio=2.93)
2025-12-25 07:22:43 [detection]      S2F5 ON (onset=0.825 env=0.0064)
2025-12-25 07:22:43 [detection]      S1F5 ON (onset=1.014 env=0.0774)
2025-12-25 07:22:44 [detection]      S2F5 OFF (sustained-quiet: avgEnv=0.0008 < floor=0.0018)
2025-12-25 07:22:44 [detection]      S1F5 OFF (sharp-drop: 0.0266 -> 0.0009)
2025-12-25 07:22:47 [detection]      S3 Rejected Note (env=0.0010 < floor=0.0014)
2025-12-25 07:24:05 [detection]      S5 Rejected Note (env=0.0006 < floor=0.0018)
2025-12-25 07:24:05 [detection]      S6 Rejected Note (env=0.0007 < floor=0.0020)
2025-12-25 07:24:05 [detection]      S3 Rejected Note (env=0.0007 < floor=0.0014)
2025-12-25 07:24:05 [detection]      S4 Rejected Note (env=0.0007 < floor=0.0016)
2025-12-25 07:29:43 [detection]      S1F2 ON (onset=0.989 env=0.0089)
2025-12-25 07:29:43 [detection]      S1F2 OFF (sharp-drop: 0.0035 -> 0.0004)
2025-12-25 07:29:43 [detection]      S2F7 ON (onset=1.224 env=0.0153)
2025-12-25 07:29:43 [detection]      S1F3 ON (onset=1.427 env=0.0340)
2025-12-25 07:29:44 [detection]      S2F7 OFF (sharp-drop: 0.0101 -> 0.0015)
2025-12-25 07:29:44 [detection]      S1F3 OFF (sharp-drop: 0.0122 -> 0.0009)
2025-12-25 07:29:45 [detection]      S1F3 ON (onset=0.538 env=0.0134)
2025-12-25 07:29:45 [detection]      S6F5 ON (onset=0.585 env=0.0109)
2025-12-25 07:29:45 [detection]      S2F5 ON (onset=1.145 env=0.0326)
2025-12-25 07:29:45 [detection]      S2F5 OFF (sharp-drop: 0.0251 -> 0.0015)
2025-12-25 07:29:45 [detection]      S6F5 OFF (sharp-drop: 0.0072 -> 0.0009)
2025-12-25 07:29:45 [detection]      S1F3 OFF (sharp-drop: 0.0050 -> 0.0006)
2025-12-25 07:29:46 [detection]      S2F3 ON (onset=1.189 env=0.1670)
2025-12-25 07:29:46 [detection]      S3F3 ON (onset=1.124 env=0.1812)
2025-12-25 07:29:47 [detection]      S2F3 OFF (sharp-drop: 0.0571 -> 0.0014)
2025-12-25 07:29:47 [detection]      S3F3 OFF (sharp-drop: 0.1314 -> 0.0010)
2025-12-25 07:29:49 [detection]      S2F3 ON (onset=0.715 env=0.0749)
2025-12-25 07:29:49 [detection]      S5 Rejected Note (env=0.0017 < floor=0.0018)
2025-12-25 07:29:49 [detection]      S3F3 ON (onset=0.997 env=0.0871)
2025-12-25 07:29:49 [detection]      S2F3 OFF (sharp-drop: 0.0329 -> 0.0016)
2025-12-25 07:29:49 [detection]      S3F3 OFF (sharp-drop: 0.0717 -> 0.0014)
2025-12-25 07:29:50 [detection]      S2F3 ON (onset=0.701 env=0.0434)
2025-12-25 07:29:50 [detection]      S3F3 ON (onset=1.013 env=0.0065)
2025-12-25 07:29:50 [detection]      S2F3 OFF (sharp-drop: 0.0196 -> 0.0017)
2025-12-25 07:29:50 [detection]      S3F3 OFF (sharp-drop: 0.0057 -> 0.0007)
2025-12-25 07:29:52 [detection]      S2F3 ON (onset=0.929 env=0.0185)
2025-12-25 07:29:52 [detection]      S3F3 ON (onset=0.665 env=0.0686)
2025-12-25 07:29:52 [detection]      S2F3 OFF (sharp-drop: 0.0107 -> 0.0011)
2025-12-25 07:29:52 [detection]      S3F3 OFF (sharp-drop: 0.0626 -> 0.0009)
2025-12-25 07:29:53 [detection]      S2F3 ON (onset=0.996 env=0.0340)
2025-12-25 07:29:53 [detection]      S2F3 OFF (sharp-drop: 0.0241 -> 0.0014)
2025-12-25 07:29:53 [detection]      S2F3 ON (onset=1.060 env=0.0416)
2025-12-25 07:29:54 [detection]      S2F3 OFF (sharp-drop: 0.0265 -> 0.0017)
2025-12-25 07:29:54 [detection]      S3F2 ON (onset=1.452 env=0.0184)
2025-12-25 07:29:54 [detection]      S3F2 OFF (sharp-drop: 0.0142 -> 0.0012)
2025-12-25 07:29:54 [detection]      S6F2 ON (onset=0.844 env=0.0061)
2025-12-25 07:29:54 [detection]      S6F2 OFF (sustained-quiet: avgEnv=0.0011 < floor=0.0020)
2025-12-25 07:29:55 [detection]      S2F5 ON (onset=0.997 env=0.0150)
2025-12-25 07:29:55 [detection]      S2F5 OFF (sharp-drop: 0.0128 -> 0.0015)
2025-12-25 07:29:58 [detection]      S4F3 ON (onset=1.156 env=0.2093)
2025-12-25 07:29:58 [detection]      S3F2 ON (onset=1.216 env=0.0308)
2025-12-25 07:29:58 [detection]      S2F3 ON (onset=0.927 env=0.0168)
2025-12-25 07:29:59 [detection]      S3F2 OFF (sharp-drop: 0.0067 -> 0.0009)
2025-12-25 07:29:59 [detection]      S4F3 OFF (sharp-drop: 0.0371 -> 0.0015)
2025-12-25 07:29:59 [detection]      S2F3 OFF (sustained-quiet: avgEnv=0.0010 < floor=0.0018)
2025-12-25 07:29:59 [detection]      S4F21 ON (onset=0.605 env=0.1288)
2025-12-25 07:30:00 [detection]      S4F21 OFF (retrigger: onset=1.231 ratio=1.62)
2025-12-25 07:30:00 [detection]      S2F15 ON (onset=0.802 env=0.0502)
2025-12-25 07:30:00 [detection]      S4F3 ON (onset=1.317 env=0.0320)
2025-12-25 07:30:00 [detection]      S4F3 OFF (sharp-drop: 0.0294 -> 0.0009)
2025-12-25 07:30:00 [detection]      S2F15 OFF (sharp-drop: 0.0395 -> 0.0018)
2025-12-25 07:30:00 [detection]      S4F15 ON (onset=0.677 env=0.2532)
2025-12-25 07:30:00 [detection]      S3F1 ON (onset=0.637 env=0.0373)
2025-12-25 07:30:00 [detection]      S3F1 OFF (sharp-drop: 0.0256 -> 0.0012)
2025-12-25 07:30:00 [detection]      S4F15 OFF (sharp-drop: 0.1629 -> 0.0014)
2025-12-25 07:30:01 [detection]      S4F1 ON (onset=0.675 env=0.1007)
2025-12-25 07:30:01 [detection]      S2F1 ON (onset=0.806 env=0.0568)
2025-12-25 07:30:01 [detection]      S5F0 ON (onset=0.705 env=0.1169)
2025-12-25 07:30:01 [detection]      S3F0 ON (onset=1.270 env=0.0829)
2025-12-25 07:30:02 [detection]      S2F1 OFF (sharp-drop: 0.0114 -> 0.0014)
2025-12-25 07:30:02 [detection]      S5F0 OFF (sharp-drop: 0.0677 -> 0.0016)
2025-12-25 07:30:02 [detection]      S3F0 OFF (sharp-drop: 0.0552 -> 0.0013)
2025-12-25 07:30:02 [detection]      S4F1 OFF (sharp-drop: 0.0106 -> 0.0015)
2025-12-25 07:33:23 [detection]      S6 Rejected Note (env=0.0006 < floor=0.0020)
2025-12-25 07:33:23 [detection]      S5 Rejected Note (env=0.0005 < floor=0.0018)
2025-12-25 07:35:54 [detection]      S2 Rejected Note (env=0.0010 < floor=0.0012)
2025-12-25 07:36:15 [detection]      S5 Rejected Note (env=0.0007 < floor=0.0018)
2025-12-25 07:36:15 [detection]      S6 Rejected Note (env=0.0006 < floor=0.0020)
2025-12-25 07:36:15 [detection]      S2 Rejected Note (env=0.0012 < floor=0.0012)
2025-12-25 07:36:15 [detection]      S3 Rejected Note (env=0.0011 < floor=0.0014)
2025-12-25 07:36:15 [detection]      S4 Rejected Note (env=0.0008 < floor=0.0016)
