# SignalAssistant session log
# Started at 2025-12-26 01:32:28
2025-12-26 01:32:28 [session] mode=live session='' path='' duration=0.00 files=0
2025-12-26 01:32:28 [tracker-settings] TrackerConfig onsetThreshold=0.02000 minNoteDurSec=0.045 hopSec=0.010 slideDelta=120.0 bendDelta=35.0
2025-12-26 01:32:28 [tracker-settings] string1 midi=40 lowCut=77.50Hz highCut=160.00Hz baseline=0.001000 gateRatio=0.05500 envFloor=0.001500 sustainScale=0.580 retriggerScale=1.400 pitchTol=0.400 onsetScale=0.360
2025-12-26 01:32:28 [tracker-settings] string2 midi=45 lowCut=102.50Hz highCut=215.00Hz baseline=0.001200 gateRatio=0.10000 envFloor=0.001800 sustainScale=0.700 retriggerScale=1.250 pitchTol=0.400 onsetScale=0.610
2025-12-26 01:32:28 [tracker-settings] string3 midi=50 lowCut=137.50Hz highCut=290.00Hz baseline=0.001400 gateRatio=0.13000 envFloor=0.002100 sustainScale=0.820 retriggerScale=1.100 pitchTol=0.450 onsetScale=0.930
2025-12-26 01:32:28 [tracker-settings] string4 midi=55 lowCut=187.50Hz highCut=385.00Hz baseline=0.001600 gateRatio=0.17000 envFloor=0.002400 sustainScale=1.000 retriggerScale=1.000 pitchTol=0.440 onsetScale=1.260
2025-12-26 01:32:28 [tracker-settings] string5 midi=59 lowCut=237.50Hz highCut=485.00Hz baseline=0.001800 gateRatio=0.21000 envFloor=0.002700 sustainScale=1.000 retriggerScale=1.000 pitchTol=0.500 onsetScale=1.440
2025-12-26 01:32:28 [calibration] Loaded avgRms/peakRms from legacy calibration file
2025-12-26 01:32:28 [calibration] Calibration profile derived from tuning state
2025-12-26 01:32:34 [detection]      S1F6 ON (onset=1.016 env=0.0564)
2025-12-26 01:32:35 [detection]      S2F2 ON (onset=1.000 env=0.0047)
2025-12-26 01:32:35 [detection]      S2F2 OFF (sustained-quiet: avgEnv=0.0009 < floor=0.0018)
2025-12-26 01:32:35 [detection]      S1F6 OFF (sharp-drop: 0.0052 -> 0.0005)
2025-12-26 01:32:36 [detection] LOW E DEBUG: detectedHz=93.93 expectedHz=92.50 midi=42(should be 42) fret=2
2025-12-26 01:32:36 [detection]      S1F2 ON (onset=1.007 env=0.1548)
2025-12-26 01:32:37 [detection]      S1F2 OFF (sharp-drop: 0.0098 -> 0.0010)
2025-12-26 01:32:38 [detection] LOW E DEBUG: detectedHz=94.37 expectedHz=92.50 midi=42(should be 42) fret=2
2025-12-26 01:32:38 [detection]      S1F2 ON (onset=0.946 env=0.0467)
2025-12-26 01:32:38 [detection]      S1F2 OFF (retrigger: onset=0.833 ratio=2.15)
2025-12-26 01:32:38 [detection] LOW E DEBUG: detectedHz=94.35 expectedHz=92.50 midi=42(should be 42) fret=2
2025-12-26 01:32:38 [detection]      S1F2 ON (onset=0.997 env=0.0657)
2025-12-26 01:32:39 [detection]      S1F2 OFF (sharp-drop: 0.0059 -> 0.0008)
2025-12-26 01:32:39 [detection]      S6F13 ON (onset=0.996 env=0.0077)
2025-12-26 01:32:40 [detection]      S2 Rejected Note (env=0.0006 < floor=0.0012)
2025-12-26 01:32:40 [detection]      S3 Rejected Note (env=0.0009 < floor=0.0014)
2025-12-26 01:32:40 [detection]      S4 Rejected Note (env=0.0010 < floor=0.0016)
2025-12-26 01:32:41 [detection]      S6F13 OFF (sustained-quiet: avgEnv=0.0018 < floor=0.0020)
2025-12-26 01:32:47 [live-record] start
2025-12-26 01:32:49 [detection]      S5F3 ON (onset=1.059 env=0.0168)
2025-12-26 01:32:49 [detection] LOW E DEBUG: detectedHz=93.93 expectedHz=92.50 midi=42(should be 42) fret=2
2025-12-26 01:32:49 [detection]      S1F2 ON (onset=1.099 env=0.3022)
2025-12-26 01:32:49 [detection]      S1F2 OFF (retrigger: onset=0.588 ratio=1.45)
2025-12-26 01:32:49 [detection] LOW E DEBUG: detectedHz=93.93 expectedHz=92.50 midi=42(should be 42) fret=2
2025-12-26 01:32:49 [detection]      S1F2 ON (onset=1.351 env=0.1561)
2025-12-26 01:32:50 [detection]      S1F2 OFF (sharp-drop: 0.0247 -> 0.0009)
2025-12-26 01:32:50 [detection]      S5F3 OFF (sustained-quiet: avgEnv=0.0008 < floor=0.0018)
2025-12-26 01:32:51 [detection] LOW E DEBUG: detectedHz=93.93 expectedHz=92.50 midi=42(should be 42) fret=2
2025-12-26 01:32:51 [detection]      S1F2 ON (onset=1.027 env=0.2251)
2025-12-26 01:32:51 [detection]      S2F0 ON (onset=0.926 env=0.0064)
2025-12-26 01:32:51 [detection]      S1F2 OFF (retrigger: onset=1.000 ratio=1.52)
2025-12-26 01:32:51 [detection] LOW E DEBUG: detectedHz=93.93 expectedHz=92.50 midi=42(should be 42) fret=2
2025-12-26 01:32:51 [detection]      S1F2 ON (onset=0.997 env=0.0490)
2025-12-26 01:32:54 [detection]      S2F0 OFF (sustained-quiet: avgEnv=0.0017 < floor=0.0018)
2025-12-26 01:32:55 [detection]      S1F2 OFF (sustained-quiet: avgEnv=0.0005 < floor=0.0010)
2025-12-26 01:32:55 [live-record] stop duration=8.39
2025-12-26 01:33:01 [live-record] label='20251226-013301 012' duration=8.39
2025-12-26 01:33:02 [live-record] saved session folder='20251226-013301 012' duration=8.39
2025-12-26 01:33:03 [detection]      S4F0 ON (onset=1.008 env=0.0339)
2025-12-26 01:33:03 [detection]      S5F0 ON (onset=0.762 env=0.0637)
2025-12-26 01:33:03 [detection]      S5F0 OFF (sharp-drop: 0.0571 -> 0.0018)
2025-12-26 01:33:03 [detection]      S4F0 OFF (sharp-drop: 0.0274 -> 0.0016)
2025-12-26 01:33:04 [detection] LOW E DEBUG: detectedHz=93.93 expectedHz=92.50 midi=42(should be 42) fret=2
2025-12-26 01:33:04 [detection]      S1F2 ON (onset=1.013 env=0.0077)
2025-12-26 01:33:07 [sessionwavs] wrote 6 wav files to /home/general/SignalAssistant/logs/sessionwavs/session-20251226-013228 (shutdown)
# Session closed at 2025-12-26 01:33:07
