# SignalAssistant session log
# Started at 2025-12-08 03:52:39
2025-12-08 03:52:39 [session] mode=recorded session='live/S2F5' path='/home/general/SignalAssistant/sessions/live/S2F5' duration=4.88 files=6
2025-12-08 03:52:39 [tracker-settings] TrackerConfig onsetThreshold=0.02000 minNoteDurSec=0.045 hopSec=0.010 slideDelta=120.0 bendDelta=35.0
2025-12-08 03:52:39 [tracker-settings] string1 midi=40 lowCut=37.08Hz highCut=445.00Hz baseline=0.000180 gateRatio=0.05500 envFloor=0.000450 sustainScale=0.580 retriggerScale=1.400 peakRelease=0.120 pitchTol=0.400 onsetScale=0.300
2025-12-08 03:52:39 [tracker-settings] string2 midi=45 lowCut=55.00Hz highCut=563.20Hz baseline=0.000220 gateRatio=0.10000 envFloor=0.000550 sustainScale=0.700 retriggerScale=1.250 peakRelease=0.130 pitchTol=0.400 onsetScale=0.450
2025-12-08 03:52:39 [tracker-settings] string3 midi=50 lowCut=85.16Hz highCut=693.05Hz baseline=0.000260 gateRatio=0.13000 envFloor=0.000650 sustainScale=0.820 retriggerScale=1.100 peakRelease=0.140 pitchTol=0.450 onsetScale=0.580
2025-12-08 03:52:39 [tracker-settings] string4 midi=55 lowCut=127.40Hz highCut=862.39Hz baseline=0.000320 gateRatio=0.17000 envFloor=0.000780 sustainScale=1.000 retriggerScale=1.000 peakRelease=0.160 pitchTol=0.440 onsetScale=0.700
2025-12-08 03:52:39 [tracker-settings] string5 midi=59 lowCut=160.51Hz highCut=1086.54Hz baseline=0.000370 gateRatio=0.21000 envFloor=0.000900 sustainScale=1.000 retriggerScale=1.000 peakRelease=0.180 pitchTol=0.500 onsetScale=0.800
2025-12-08 03:52:39 [tracker-settings] string6 midi=64 lowCut=214.26Hz highCut=1450.36Hz baseline=0.000420 gateRatio=0.25000 envFloor=0.001050 sustainScale=1.000 retriggerScale=1.000 peakRelease=0.200 pitchTol=0.550 onsetScale=0.900
2025-12-08 03:52:39 [tracker] [s1] calibration reset
2025-12-08 03:52:39 [tracker] [s2] calibration reset
2025-12-08 03:52:39 [tracker] [s3] calibration reset
2025-12-08 03:52:39 [tracker] [s4] calibration reset
2025-12-08 03:52:39 [tracker] [s5] calibration reset
2025-12-08 03:52:39 [tracker] [s6] calibration reset
2025-12-08 03:52:39 [tracker] [s1] calibration avg=0.03165 peak=0.10910
2025-12-08 03:52:39 [tracker] [s2] calibration avg=0.01798 peak=0.04582
2025-12-08 03:52:39 [tracker] [s3] calibration avg=0.01325 peak=0.06025
2025-12-08 03:52:39 [tracker] [s4] calibration avg=0.03051 peak=0.11407
2025-12-08 03:52:39 [tracker] [s5] calibration avg=0.03291 peak=0.07733
2025-12-08 03:52:39 [tracker] [s6] calibration avg=0.04616 peak=0.12280
2025-12-08 03:52:42 [test-mode] play session='live/S2F5' position=0.00 duration=4.88
2025-12-08 03:52:42 [tracker] [s1] configure sr=48000.0 hop=128 fft=1024 low=37.1 high=445.0
2025-12-08 03:52:42 [tracker] [s1] params baseline=0.000180 gate=0.0550 envFloor=0.000450 sustain=0.580 retrigger=1.400 peakRelease=0.120 pitchTol=0.400 onsetScale=0.006 aubioScale=1.20 aubioThresh=0.024 onsetSilence=-85.0 pitchSilence=-90.0
2025-12-08 03:52:42 [tracker] [s1] aubio-raw t=0.0013 onset=4.000000 env=0.000140 peak=0.000449 gain=1.000
2025-12-08 03:52:42 [tracker] [s1] onset-below-gate t=0.0013 env=0.000140 onset=4.000000 thresh=0.006000 baseline=0.029117 gate=0.001601 envFloor=0.024750 floor=0.029117 adapt=0.029117 lastPeak=0.000000 calib=0.029117 baseParam=0.000180 gateRatio=0.0550 envParam=0.000450
2025-12-08 03:52:42 [tracker] [s2] configure sr=48000.0 hop=128 fft=1024 low=55.0 high=563.2
2025-12-08 03:52:42 [tracker] [s2] params baseline=0.000220 gate=0.1000 envFloor=0.000550 sustain=0.700 retrigger=1.250 peakRelease=0.130 pitchTol=0.400 onsetScale=0.009 aubioScale=1.35 aubioThresh=0.027 onsetSilence=-85.0 pitchSilence=-90.0
2025-12-08 03:52:42 [tracker] [s3] configure sr=48000.0 hop=128 fft=1024 low=85.2 high=693.0
2025-12-08 03:52:42 [tracker] [s3] params baseline=0.000260 gate=0.1300 envFloor=0.000650 sustain=0.820 retrigger=1.100 peakRelease=0.140 pitchTol=0.450 onsetScale=0.012 aubioScale=1.60 aubioThresh=0.032 onsetSilence=-75.0 pitchSilence=-80.0
2025-12-08 03:52:42 [tracker] [s4] configure sr=48000.0 hop=128 fft=1024 low=127.4 high=862.4
2025-12-08 03:52:42 [tracker] [s4] params baseline=0.000320 gate=0.1700 envFloor=0.000780 sustain=1.000 retrigger=1.000 peakRelease=0.160 pitchTol=0.440 onsetScale=0.014 aubioScale=1.80 aubioThresh=0.036 onsetSilence=-75.0 pitchSilence=-80.0
2025-12-08 03:52:42 [tracker] [s5] configure sr=48000.0 hop=128 fft=512 low=160.5 high=1086.5
2025-12-08 03:52:42 [tracker] [s5] params baseline=0.000370 gate=0.2100 envFloor=0.000900 sustain=1.000 retrigger=1.000 peakRelease=0.180 pitchTol=0.500 onsetScale=0.016 aubioScale=1.80 aubioThresh=0.036 onsetSilence=-75.0 pitchSilence=-80.0
2025-12-08 03:52:42 [tracker] [s6] configure sr=48000.0 hop=128 fft=512 low=214.3 high=1450.4
2025-12-08 03:52:42 [tracker] [s6] params baseline=0.000420 gate=0.2500 envFloor=0.001050 sustain=1.000 retrigger=1.000 peakRelease=0.200 pitchTol=0.550 onsetScale=0.018 aubioScale=1.80 aubioThresh=0.036 onsetSilence=-75.0 pitchSilence=-80.0
2025-12-08 03:52:42 [tracker] [s1] aubio-raw t=0.1507 onset=1.240361 env=0.000122 peak=0.000297 gain=1.000
2025-12-08 03:52:42 [tracker] [s1] onset-below-gate t=0.1507 env=0.000122 onset=1.240361 thresh=0.006000 baseline=0.029117 gate=0.001601 envFloor=0.024750 floor=0.029117 adapt=0.029117 lastPeak=0.000000 calib=0.029117 baseParam=0.000180 gateRatio=0.0550 envParam=0.000450
2025-12-08 03:52:43 [tracker] [s1] aubio-raw t=0.5427 onset=0.618819 env=0.000125 peak=0.000273 gain=1.000
2025-12-08 03:52:43 [tracker] [s1] onset-below-gate t=0.5427 env=0.000125 onset=0.618819 thresh=0.006000 baseline=0.029117 gate=0.001601 envFloor=0.024750 floor=0.029117 adapt=0.029117 lastPeak=0.000000 calib=0.029117 baseParam=0.000180 gateRatio=0.0550 envParam=0.000450
2025-12-08 03:52:43 [tracker] [s1] aubio-raw t=0.8013 onset=1.010875 env=0.000944 peak=0.001543 gain=1.000
2025-12-08 03:52:43 [tracker] [s1] onset-below-gate t=0.8013 env=0.000944 onset=1.010875 thresh=0.006000 baseline=0.029117 gate=0.001601 envFloor=0.024750 floor=0.029117 adapt=0.029117 lastPeak=0.000000 calib=0.029117 baseParam=0.000180 gateRatio=0.0550 envParam=0.000450
2025-12-08 03:52:43 [tracker] [s1] aubio-raw t=0.9800 onset=0.921656 env=0.000291 peak=0.000557 gain=1.000
2025-12-08 03:52:43 [tracker] [s1] onset-below-gate t=0.9800 env=0.000291 onset=0.921656 thresh=0.006000 baseline=0.029117 gate=0.001601 envFloor=0.024750 floor=0.029117 adapt=0.029117 lastPeak=0.000000 calib=0.029117 baseParam=0.000180 gateRatio=0.0550 envParam=0.000450
2025-12-08 03:52:43 [tracker] [s1] aubio-raw t=1.0413 onset=0.995045 env=0.000180 peak=0.000570 gain=1.000
2025-12-08 03:52:43 [tracker] [s1] onset-below-gate t=1.0413 env=0.000180 onset=0.995045 thresh=0.006000 baseline=0.029117 gate=0.001601 envFloor=0.024750 floor=0.029117 adapt=0.029117 lastPeak=0.000000 calib=0.029117 baseParam=0.000180 gateRatio=0.0550 envParam=0.000450
2025-12-08 03:52:43 [tracker] [s1] aubio-raw t=1.2893 onset=1.174802 env=0.000108 peak=0.000324 gain=1.000
2025-12-08 03:52:43 [tracker] [s1] onset-below-gate t=1.2893 env=0.000108 onset=1.174802 thresh=0.006000 baseline=0.029117 gate=0.001601 envFloor=0.024750 floor=0.029117 adapt=0.029117 lastPeak=0.000000 calib=0.029117 baseParam=0.000180 gateRatio=0.0550 envParam=0.000450
2025-12-08 03:52:44 [tracker] [s1] aubio-raw t=1.5720 onset=0.996998 env=0.000155 peak=0.000448 gain=1.000
2025-12-08 03:52:44 [tracker] [s1] onset-below-gate t=1.5720 env=0.000155 onset=0.996998 thresh=0.006000 baseline=0.029117 gate=0.001601 envFloor=0.024750 floor=0.029117 adapt=0.029117 lastPeak=0.000000 calib=0.029117 baseParam=0.000180 gateRatio=0.0550 envParam=0.000450
2025-12-08 03:52:44 [tracker] [s1] aubio-raw t=1.9347 onset=1.046033 env=0.000148 peak=0.000405 gain=1.000
2025-12-08 03:52:44 [tracker] [s1] onset-below-gate t=1.9347 env=0.000148 onset=1.046033 thresh=0.006000 baseline=0.029117 gate=0.001601 envFloor=0.024750 floor=0.029117 adapt=0.029117 lastPeak=0.000000 calib=0.029117 baseParam=0.000180 gateRatio=0.0550 envParam=0.000450
2025-12-08 03:52:44 [tracker] [s1] aubio-raw t=2.1560 onset=1.049545 env=0.000136 peak=0.000450 gain=1.000
2025-12-08 03:52:44 [tracker] [s1] onset-below-gate t=2.1560 env=0.000136 onset=1.049545 thresh=0.006000 baseline=0.029117 gate=0.001601 envFloor=0.024750 floor=0.029117 adapt=0.029117 lastPeak=0.000000 calib=0.029117 baseParam=0.000180 gateRatio=0.0550 envParam=0.000450
2025-12-08 03:52:44 [tracker] [s1] aubio-raw t=2.2494 onset=0.801379 env=0.002247 peak=0.003406 gain=1.000
2025-12-08 03:52:44 [tracker] [s1] onset-below-env-floor t=2.2494 env=0.002247 onset=0.801379 thresh=0.006000 baseline=0.029117 gate=0.001601 envFloor=0.024750 floor=0.029117 adapt=0.029117 lastPeak=0.000000 calib=0.029117 baseParam=0.000180 gateRatio=0.0550 envParam=0.000450
2025-12-08 03:52:45 [tracker] [s2] onset t=2.412 env=0.04999 baseline=0.02104 gate=0.00210 envFloor=0.01473 onset=1.057>=0.009
2025-12-08 03:52:45 [tracker] [s2] note-start t=2.412 fret=5 midi=50 vel=0.60 env=0.04999
2025-12-08 03:52:45 [tracker] [s1] aubio-raw t=2.4547 onset=0.607591 env=0.001001 peak=0.001706 gain=1.000
2025-12-08 03:52:45 [tracker] [s1] onset-below-gate t=2.4547 env=0.001001 onset=0.607591 thresh=0.006000 baseline=0.029117 gate=0.001601 envFloor=0.024750 floor=0.029117 adapt=0.029117 lastPeak=0.000000 calib=0.029117 baseParam=0.000180 gateRatio=0.0550 envParam=0.000450
2025-12-08 03:52:45 [tracker] [s1] aubio-raw t=2.5694 onset=1.069040 env=0.000799 peak=0.001454 gain=1.000
2025-12-08 03:52:45 [tracker] [s2] onset t=2.631 env=0.03683 baseline=0.02983 gate=0.00298 envFloor=0.01436 onset=0.991>=0.009
2025-12-08 03:52:45 [tracker] [s2] note-ended (new onset) t=2.631 fret=5 dur=0.219
2025-12-08 03:52:45 [tracker] [s2] note-start t=2.631 fret=5 midi=50 vel=0.44 env=0.03683
2025-12-08 03:52:45 [tracker] [s2] release-retrigger t=2.708 onset=1.019 gate=0.020 age=0.077
2025-12-08 03:52:45 [tracker] [s2] note-ended t=2.708 fret=5 dur=0.077
2025-12-08 03:52:45 [tracker] [s1] aubio-raw t=2.7134 onset=0.996008 env=0.000507 peak=0.001103 gain=1.000
2025-12-08 03:52:45 [tracker] [s1] onset-below-gate t=2.7134 env=0.000507 onset=0.996008 thresh=0.006000 baseline=0.029117 gate=0.001601 envFloor=0.024750 floor=0.029117 adapt=0.029117 lastPeak=0.000000 calib=0.029117 baseParam=0.000180 gateRatio=0.0550 envParam=0.000450
2025-12-08 03:52:45 [tracker] [s1] aubio-raw t=2.9694 onset=0.997494 env=0.000774 peak=0.001304 gain=1.000
2025-12-08 03:52:45 [tracker] [s1] onset-below-gate t=2.9694 env=0.000774 onset=0.997494 thresh=0.006000 baseline=0.029117 gate=0.001601 envFloor=0.024750 floor=0.029117 adapt=0.029117 lastPeak=0.000000 calib=0.029117 baseParam=0.000180 gateRatio=0.0550 envParam=0.000450
2025-12-08 03:52:45 [tracker] [s1] aubio-raw t=3.0360 onset=0.997303 env=0.000587 peak=0.001147 gain=1.000
2025-12-08 03:52:45 [tracker] [s1] onset-below-gate t=3.0360 env=0.000587 onset=0.997303 thresh=0.006000 baseline=0.029117 gate=0.001601 envFloor=0.024750 floor=0.029117 adapt=0.029117 lastPeak=0.000000 calib=0.029117 baseParam=0.000180 gateRatio=0.0550 envParam=0.000450
2025-12-08 03:52:45 [tracker] [s2] onset t=3.108 env=0.02008 baseline=0.01690 gate=0.00169 envFloor=0.01436 onset=1.089>=0.009
2025-12-08 03:52:45 [tracker] [s2] note-start t=3.108 fret=5 midi=50 vel=0.24 env=0.02008
2025-12-08 03:52:45 [tracker] [s1] aubio-raw t=3.1427 onset=0.985288 env=0.000292 peak=0.000532 gain=1.000
2025-12-08 03:52:45 [tracker] [s1] onset-below-gate t=3.1427 env=0.000292 onset=0.985288 thresh=0.006000 baseline=0.029117 gate=0.001601 envFloor=0.024750 floor=0.029117 adapt=0.029117 lastPeak=0.000000 calib=0.029117 baseParam=0.000180 gateRatio=0.0550 envParam=0.000450
2025-12-08 03:52:45 [tracker] [s2] onset t=3.220 env=0.01512 baseline=0.01690 gate=0.00169 envFloor=0.01436 onset=1.349>=0.009
2025-12-08 03:52:45 [tracker] [s2] note-ended (new onset) t=3.220 fret=5 dur=0.112
2025-12-08 03:52:45 [tracker] [s2] onset t=3.281 env=0.01453 baseline=0.01690 gate=0.00169 envFloor=0.01436 onset=0.924>=0.009
2025-12-08 03:52:45 [tracker] [s2] note-ended (new onset) t=3.281 fret=5 dur=0.061
2025-12-08 03:52:45 [tracker] [s1] aubio-raw t=3.2894 onset=0.998017 env=0.000420 peak=0.000751 gain=1.000
2025-12-08 03:52:45 [tracker] [s1] onset-below-gate t=3.2894 env=0.000420 onset=0.998017 thresh=0.006000 baseline=0.029117 gate=0.001601 envFloor=0.024750 floor=0.029117 adapt=0.029117 lastPeak=0.000000 calib=0.029117 baseParam=0.000180 gateRatio=0.0550 envParam=0.000450
2025-12-08 03:52:46 [tracker] [s2] onset t=3.463 env=0.01479 baseline=0.01690 gate=0.00169 envFloor=0.01436 onset=0.768>=0.009
2025-12-08 03:52:46 [tracker] [s2] note-ended (new onset) t=3.463 fret=5 dur=0.181
2025-12-08 03:52:46 [tracker] [s2] note-start t=3.463 fret=5 midi=50 vel=0.18 env=0.01479
2025-12-08 03:52:46 [tracker] [s2] onset t=3.548 env=0.01584 baseline=0.01690 gate=0.00169 envFloor=0.01436 onset=1.011>=0.009
2025-12-08 03:52:46 [tracker] [s2] note-ended (new onset) t=3.548 fret=5 dur=0.085
2025-12-08 03:52:46 [tracker] [s2] note-start t=3.548 fret=5 midi=50 vel=0.19 env=0.01584
2025-12-08 03:52:46 [tracker] [s1] aubio-raw t=3.8760 onset=1.007051 env=0.000184 peak=0.000356 gain=1.000
2025-12-08 03:52:46 [tracker] [s1] onset-below-gate t=3.8760 env=0.000184 onset=1.007051 thresh=0.006000 baseline=0.029117 gate=0.001601 envFloor=0.024750 floor=0.029117 adapt=0.029117 lastPeak=0.000000 calib=0.029117 baseParam=0.000180 gateRatio=0.0550 envParam=0.000450
2025-12-08 03:52:46 [tracker] [s2] release-retrigger t=3.916 onset=0.840 gate=0.018 age=0.368
2025-12-08 03:52:46 [tracker] [s2] note-ended t=3.916 fret=5 dur=0.368
2025-12-08 03:52:46 [tracker] [s1] aubio-raw t=4.0174 onset=1.120224 env=0.002289 peak=0.003203 gain=1.000
2025-12-08 03:52:46 [tracker] [s1] onset-below-env-floor t=4.0174 env=0.002289 onset=1.120224 thresh=0.006000 baseline=0.029117 gate=0.001601 envFloor=0.024750 floor=0.029117 adapt=0.029117 lastPeak=0.000000 calib=0.029117 baseParam=0.000180 gateRatio=0.0550 envParam=0.000450
2025-12-08 03:52:47 [tracker] [s1] aubio-raw t=4.4307 onset=1.301631 env=0.000166 peak=0.000376 gain=1.000
2025-12-08 03:52:47 [tracker] [s1] onset-below-gate t=4.4307 env=0.000166 onset=1.301631 thresh=0.006000 baseline=0.029117 gate=0.001601 envFloor=0.024750 floor=0.029117 adapt=0.029117 lastPeak=0.000000 calib=0.029117 baseParam=0.000180 gateRatio=0.0550 envParam=0.000450
2025-12-08 03:52:47 [tracker] [s1] aubio-raw t=4.6067 onset=1.051144 env=0.000152 peak=0.000391 gain=1.000
2025-12-08 03:52:47 [tracker] [s1] onset-below-gate t=4.6067 env=0.000152 onset=1.051144 thresh=0.006000 baseline=0.029117 gate=0.001601 envFloor=0.024750 floor=0.029117 adapt=0.029117 lastPeak=0.000000 calib=0.029117 baseParam=0.000180 gateRatio=0.0550 envParam=0.000450
2025-12-08 03:52:47 [tracker] [s1] aubio-raw t=4.7160 onset=0.997556 env=0.000165 peak=0.000357 gain=1.000
2025-12-08 03:52:47 [tracker] [s1] onset-below-gate t=4.7160 env=0.000165 onset=0.997556 thresh=0.006000 baseline=0.029117 gate=0.001601 envFloor=0.024750 floor=0.029117 adapt=0.029117 lastPeak=0.000000 calib=0.029117 baseParam=0.000180 gateRatio=0.0550 envParam=0.000450
2025-12-08 03:52:58 [sessionwavs] wrote 6 wav files to /home/general/SignalAssistant/logs/sessionwavs/session-20251208-035239 (shutdown)
# Session closed at 2025-12-08 03:52:58
