# SignalAssistant session log
# Started at 2025-12-08 02:16:29
2025-12-08 02:16:29 [session] mode=live session='' path='' duration=0.00 files=0
2025-12-08 02:16:29 [tracker-settings] TrackerConfig onsetThreshold=0.02000 minNoteDurSec=0.045 hopSec=0.010 slideDelta=120.0 bendDelta=35.0
2025-12-08 02:16:29 [tracker-settings] string1 midi=40 lowCut=37.08Hz highCut=445.00Hz baseline=0.000180 gateRatio=0.05500 envFloor=0.000450 sustainScale=0.580 retriggerScale=1.400 peakRelease=0.120 pitchTol=0.400 onsetScale=0.300
2025-12-08 02:16:29 [tracker-settings] string2 midi=45 lowCut=55.00Hz highCut=563.20Hz baseline=0.000220 gateRatio=0.10000 envFloor=0.000550 sustainScale=0.700 retriggerScale=1.250 peakRelease=0.130 pitchTol=0.400 onsetScale=0.450
2025-12-08 02:16:29 [tracker-settings] string3 midi=50 lowCut=85.16Hz highCut=693.05Hz baseline=0.000260 gateRatio=0.13000 envFloor=0.000650 sustainScale=0.820 retriggerScale=1.100 peakRelease=0.140 pitchTol=0.450 onsetScale=0.580
2025-12-08 02:16:29 [tracker-settings] string4 midi=55 lowCut=127.40Hz highCut=862.39Hz baseline=0.000320 gateRatio=0.17000 envFloor=0.000780 sustainScale=1.000 retriggerScale=1.000 peakRelease=0.160 pitchTol=0.440 onsetScale=0.700
2025-12-08 02:16:29 [tracker-settings] string5 midi=59 lowCut=160.51Hz highCut=1086.54Hz baseline=0.000370 gateRatio=0.21000 envFloor=0.000900 sustainScale=1.000 retriggerScale=1.000 peakRelease=0.180 pitchTol=0.500 onsetScale=0.800
2025-12-08 02:16:29 [tracker-settings] string6 midi=64 lowCut=214.26Hz highCut=1450.36Hz baseline=0.000420 gateRatio=0.25000 envFloor=0.001050 sustainScale=1.000 retriggerScale=1.000 peakRelease=0.200 pitchTol=0.550 onsetScale=0.900
2025-12-08 02:16:29 [tracker] [s1] calibration reset
2025-12-08 02:16:29 [tracker] [s2] calibration reset
2025-12-08 02:16:29 [tracker] [s3] calibration reset
2025-12-08 02:16:29 [tracker] [s4] calibration reset
2025-12-08 02:16:29 [tracker] [s5] calibration reset
2025-12-08 02:16:29 [tracker] [s6] calibration reset
2025-12-08 02:16:29 [tracker] [s1] calibration avg=0.02438 peak=0.12303
2025-12-08 02:16:29 [tracker] [s2] calibration avg=0.00170 peak=0.00719
2025-12-08 02:16:29 [tracker] [s3] calibration avg=0.01229 peak=0.05820
2025-12-08 02:16:29 [tracker] [s4] calibration avg=0.04010 peak=0.10998
2025-12-08 02:16:29 [tracker] [s5] calibration avg=0.03693 peak=0.11674
2025-12-08 02:16:29 [tracker] [s6] calibration avg=0.04155 peak=0.13520
2025-12-08 02:16:29 [tracker] [s1] configure sr=48000.0 hop=128 fft=1024 low=37.1 high=445.0
2025-12-08 02:16:29 [tracker] [s1] params baseline=0.000180 gate=0.0550 envFloor=0.000450 sustain=0.580 retrigger=1.400 peakRelease=0.120 pitchTol=0.400 onsetScale=0.006 aubioScale=1.20 aubioThresh=0.024 onsetSilence=-85.0 pitchSilence=-90.0
2025-12-08 02:16:29 [tracker] [s2] configure sr=48000.0 hop=128 fft=1024 low=55.0 high=563.2
2025-12-08 02:16:29 [tracker] [s2] params baseline=0.000220 gate=0.1000 envFloor=0.000550 sustain=0.700 retrigger=1.250 peakRelease=0.130 pitchTol=0.400 onsetScale=0.009 aubioScale=1.35 aubioThresh=0.027 onsetSilence=-85.0 pitchSilence=-90.0
2025-12-08 02:16:29 [tracker] [s3] configure sr=48000.0 hop=128 fft=1024 low=85.2 high=693.0
2025-12-08 02:16:29 [tracker] [s3] params baseline=0.000260 gate=0.1300 envFloor=0.000650 sustain=0.820 retrigger=1.100 peakRelease=0.140 pitchTol=0.450 onsetScale=0.012 aubioScale=1.60 aubioThresh=0.032 onsetSilence=-75.0 pitchSilence=-80.0
2025-12-08 02:16:29 [tracker] [s4] configure sr=48000.0 hop=128 fft=1024 low=127.4 high=862.4
2025-12-08 02:16:29 [tracker] [s4] params baseline=0.000320 gate=0.1700 envFloor=0.000780 sustain=1.000 retrigger=1.000 peakRelease=0.160 pitchTol=0.440 onsetScale=0.014 aubioScale=1.80 aubioThresh=0.036 onsetSilence=-75.0 pitchSilence=-80.0
2025-12-08 02:16:29 [tracker] [s5] configure sr=48000.0 hop=128 fft=512 low=160.5 high=1086.5
2025-12-08 02:16:29 [tracker] [s5] params baseline=0.000370 gate=0.2100 envFloor=0.000900 sustain=1.000 retrigger=1.000 peakRelease=0.180 pitchTol=0.500 onsetScale=0.016 aubioScale=1.80 aubioThresh=0.036 onsetSilence=-75.0 pitchSilence=-80.0
2025-12-08 02:16:29 [tracker] [s6] configure sr=48000.0 hop=128 fft=512 low=214.3 high=1450.4
2025-12-08 02:16:29 [tracker] [s6] params baseline=0.000420 gate=0.2500 envFloor=0.001050 sustain=1.000 retrigger=1.000 peakRelease=0.200 pitchTol=0.550 onsetScale=0.018 aubioScale=1.80 aubioThresh=0.036 onsetSilence=-75.0 pitchSilence=-80.0
2025-12-08 02:16:29 [tracker] [s1] onset-below-gate t=0.0067 env=0.000124 onset=4.000000 thresh=0.006000 baseline=0.022429 gate=0.001234 envFloor=0.019065 floor=0.022429 adapt=0.022429 lastPeak=0.000000 calib=0.022429 baseParam=0.000180 gateRatio=0.0550 envParam=0.000450
2025-12-08 02:16:30 [tracker] [s1] onset-below-gate t=0.2360 env=0.000150 onset=1.002902 thresh=0.006000 baseline=0.022429 gate=0.001234 envFloor=0.019065 floor=0.022429 adapt=0.022429 lastPeak=0.000000 calib=0.022429 baseParam=0.000180 gateRatio=0.0550 envParam=0.000450
2025-12-08 02:16:30 [tracker] [s1] onset-below-gate t=0.3960 env=0.000169 onset=1.071246 thresh=0.006000 baseline=0.022429 gate=0.001234 envFloor=0.019065 floor=0.022429 adapt=0.022429 lastPeak=0.000000 calib=0.022429 baseParam=0.000180 gateRatio=0.0550 envParam=0.000450
2025-12-08 02:16:30 [tracker] [s1] onset-below-gate t=0.7053 env=0.000137 onset=1.006861 thresh=0.006000 baseline=0.022429 gate=0.001234 envFloor=0.019065 floor=0.022429 adapt=0.022429 lastPeak=0.000000 calib=0.022429 baseParam=0.000180 gateRatio=0.0550 envParam=0.000450
2025-12-08 02:16:30 [tracker] [s1] onset-below-gate t=0.8653 env=0.000166 onset=0.899350 thresh=0.006000 baseline=0.022429 gate=0.001234 envFloor=0.019065 floor=0.022429 adapt=0.022429 lastPeak=0.000000 calib=0.022429 baseParam=0.000180 gateRatio=0.0550 envParam=0.000450
2025-12-08 02:16:30 [tracker] [s1] onset-below-gate t=0.9453 env=0.000132 onset=0.877366 thresh=0.006000 baseline=0.022429 gate=0.001234 envFloor=0.019065 floor=0.022429 adapt=0.022429 lastPeak=0.000000 calib=0.022429 baseParam=0.000180 gateRatio=0.0550 envParam=0.000450
2025-12-08 02:16:31 [tracker] [s1] onset-below-gate t=1.3560 env=0.000162 onset=0.992991 thresh=0.006000 baseline=0.022429 gate=0.001234 envFloor=0.019065 floor=0.022429 adapt=0.022429 lastPeak=0.000000 calib=0.022429 baseParam=0.000180 gateRatio=0.0550 envParam=0.000450
2025-12-08 02:16:31 [tracker] [s1] onset-below-gate t=1.5773 env=0.000105 onset=0.799653 thresh=0.006000 baseline=0.022429 gate=0.001234 envFloor=0.019065 floor=0.022429 adapt=0.022429 lastPeak=0.000000 calib=0.022429 baseParam=0.000180 gateRatio=0.0550 envParam=0.000450
2025-12-08 02:16:31 [tracker] [s1] onset-below-gate t=1.7373 env=0.000157 onset=0.682966 thresh=0.006000 baseline=0.022429 gate=0.001234 envFloor=0.019065 floor=0.022429 adapt=0.022429 lastPeak=0.000000 calib=0.022429 baseParam=0.000180 gateRatio=0.0550 envParam=0.000450
2025-12-08 02:16:31 [tracker] [s1] onset-below-gate t=1.9240 env=0.000195 onset=0.937218 thresh=0.006000 baseline=0.022429 gate=0.001234 envFloor=0.019065 floor=0.022429 adapt=0.022429 lastPeak=0.000000 calib=0.022429 baseParam=0.000180 gateRatio=0.0550 envParam=0.000450
2025-12-08 02:16:31 [tracker] [s1] onset-below-gate t=2.1133 env=0.000130 onset=1.151363 thresh=0.006000 baseline=0.022429 gate=0.001234 envFloor=0.019065 floor=0.022429 adapt=0.022429 lastPeak=0.000000 calib=0.022429 baseParam=0.000180 gateRatio=0.0550 envParam=0.000450
2025-12-08 02:16:32 [tracker] [s1] onset-below-gate t=2.2200 env=0.000099 onset=1.121659 thresh=0.006000 baseline=0.022429 gate=0.001234 envFloor=0.019065 floor=0.022429 adapt=0.022429 lastPeak=0.000000 calib=0.022429 baseParam=0.000180 gateRatio=0.0550 envParam=0.000450
2025-12-08 02:16:32 [tracker] [s1] onset-below-gate t=2.3027 env=0.000105 onset=0.951750 thresh=0.006000 baseline=0.022429 gate=0.001234 envFloor=0.019065 floor=0.022429 adapt=0.022429 lastPeak=0.000000 calib=0.022429 baseParam=0.000180 gateRatio=0.0550 envParam=0.000450
2025-12-08 02:16:32 [tracker] [s1] onset-below-gate t=2.6147 env=0.000166 onset=1.191929 thresh=0.006000 baseline=0.022429 gate=0.001234 envFloor=0.019065 floor=0.022429 adapt=0.022429 lastPeak=0.000000 calib=0.022429 baseParam=0.000180 gateRatio=0.0550 envParam=0.000450
2025-12-08 02:16:32 [tracker] [s1] onset-below-gate t=2.8387 env=0.000172 onset=0.895477 thresh=0.006000 baseline=0.022429 gate=0.001234 envFloor=0.019065 floor=0.022429 adapt=0.022429 lastPeak=0.000000 calib=0.022429 baseParam=0.000180 gateRatio=0.0550 envParam=0.000450
2025-12-08 02:16:32 [tracker] [s1] onset-below-gate t=2.9454 env=0.000092 onset=1.084451 thresh=0.006000 baseline=0.022429 gate=0.001234 envFloor=0.019065 floor=0.022429 adapt=0.022429 lastPeak=0.000000 calib=0.022429 baseParam=0.000180 gateRatio=0.0550 envParam=0.000450
2025-12-08 02:16:32 [tracker] [s1] onset-below-gate t=3.0147 env=0.000176 onset=0.994662 thresh=0.006000 baseline=0.022429 gate=0.001234 envFloor=0.019065 floor=0.022429 adapt=0.022429 lastPeak=0.000000 calib=0.022429 baseParam=0.000180 gateRatio=0.0550 envParam=0.000450
2025-12-08 02:16:33 [tracker] [s1] onset-below-gate t=3.2147 env=0.000163 onset=1.095185 thresh=0.006000 baseline=0.022429 gate=0.001234 envFloor=0.019065 floor=0.022429 adapt=0.022429 lastPeak=0.000000 calib=0.022429 baseParam=0.000180 gateRatio=0.0550 envParam=0.000450
2025-12-08 02:16:33 [tracker] [s1] onset-below-gate t=3.3267 env=0.000146 onset=1.175490 thresh=0.006000 baseline=0.022429 gate=0.001234 envFloor=0.019065 floor=0.022429 adapt=0.022429 lastPeak=0.000000 calib=0.022429 baseParam=0.000180 gateRatio=0.0550 envParam=0.000450
2025-12-08 02:16:33 [tracker] [s1] onset-below-gate t=3.5454 env=0.000136 onset=1.425679 thresh=0.006000 baseline=0.022429 gate=0.001234 envFloor=0.019065 floor=0.022429 adapt=0.022429 lastPeak=0.000000 calib=0.022429 baseParam=0.000180 gateRatio=0.0550 envParam=0.000450
2025-12-08 02:16:33 [tracker] [s1] onset-below-gate t=3.6307 env=0.000113 onset=0.840898 thresh=0.006000 baseline=0.022429 gate=0.001234 envFloor=0.019065 floor=0.022429 adapt=0.022429 lastPeak=0.000000 calib=0.022429 baseParam=0.000180 gateRatio=0.0550 envParam=0.000450
2025-12-08 02:16:33 [tracker] [s1] onset-below-gate t=3.7854 env=0.000185 onset=1.002162 thresh=0.006000 baseline=0.022429 gate=0.001234 envFloor=0.019065 floor=0.022429 adapt=0.022429 lastPeak=0.000000 calib=0.022429 baseParam=0.000180 gateRatio=0.0550 envParam=0.000450
2025-12-08 02:16:33 [tracker] [s1] onset-below-gate t=3.8494 env=0.000165 onset=0.998595 thresh=0.006000 baseline=0.022429 gate=0.001234 envFloor=0.019065 floor=0.022429 adapt=0.022429 lastPeak=0.000000 calib=0.022429 baseParam=0.000180 gateRatio=0.0550 envParam=0.000450
2025-12-08 02:16:33 [tracker] [s1] onset-below-gate t=4.1107 env=0.000133 onset=0.995673 thresh=0.006000 baseline=0.022429 gate=0.001234 envFloor=0.019065 floor=0.022429 adapt=0.022429 lastPeak=0.000000 calib=0.022429 baseParam=0.000180 gateRatio=0.0550 envParam=0.000450
2025-12-08 02:16:34 [tracker] [s1] onset-below-gate t=4.2680 env=0.000165 onset=1.458931 thresh=0.006000 baseline=0.022429 gate=0.001234 envFloor=0.019065 floor=0.022429 adapt=0.022429 lastPeak=0.000000 calib=0.022429 baseParam=0.000180 gateRatio=0.0550 envParam=0.000450
2025-12-08 02:16:34 [tracker] [s1] onset-below-gate t=4.3587 env=0.000144 onset=0.793516 thresh=0.006000 baseline=0.022429 gate=0.001234 envFloor=0.019065 floor=0.022429 adapt=0.022429 lastPeak=0.000000 calib=0.022429 baseParam=0.000180 gateRatio=0.0550 envParam=0.000450
2025-12-08 02:16:34 [tracker] [s1] onset-below-gate t=4.6147 env=0.000155 onset=0.883043 thresh=0.006000 baseline=0.022429 gate=0.001234 envFloor=0.019065 floor=0.022429 adapt=0.022429 lastPeak=0.000000 calib=0.022429 baseParam=0.000180 gateRatio=0.0550 envParam=0.000450
2025-12-08 02:16:34 [tracker] [s1] onset-below-gate t=4.6840 env=0.000164 onset=1.219594 thresh=0.006000 baseline=0.022429 gate=0.001234 envFloor=0.019065 floor=0.022429 adapt=0.022429 lastPeak=0.000000 calib=0.022429 baseParam=0.000180 gateRatio=0.0550 envParam=0.000450
2025-12-08 02:16:34 [tracker] [s1] onset-below-gate t=4.8120 env=0.000106 onset=0.944245 thresh=0.006000 baseline=0.022429 gate=0.001234 envFloor=0.019065 floor=0.022429 adapt=0.022429 lastPeak=0.000000 calib=0.022429 baseParam=0.000180 gateRatio=0.0550 envParam=0.000450
2025-12-08 02:16:34 [tracker] [s1] onset-below-gate t=4.8680 env=0.000234 onset=0.836913 thresh=0.006000 baseline=0.022429 gate=0.001234 envFloor=0.019065 floor=0.022429 adapt=0.022429 lastPeak=0.000000 calib=0.022429 baseParam=0.000180 gateRatio=0.0550 envParam=0.000450
2025-12-08 02:16:34 [tracker] [s1] onset-below-gate t=5.0706 env=0.000094 onset=0.956361 thresh=0.006000 baseline=0.022429 gate=0.001234 envFloor=0.019065 floor=0.022429 adapt=0.022429 lastPeak=0.000000 calib=0.022429 baseParam=0.000180 gateRatio=0.0550 envParam=0.000450
2025-12-08 02:16:34 [tracker] [s1] onset-below-gate t=5.1240 env=0.000126 onset=1.378296 thresh=0.006000 baseline=0.022429 gate=0.001234 envFloor=0.019065 floor=0.022429 adapt=0.022429 lastPeak=0.000000 calib=0.022429 baseParam=0.000180 gateRatio=0.0550 envParam=0.000450
2025-12-08 02:16:35 [tracker] [s1] onset-below-gate t=5.3479 env=0.000164 onset=1.293052 thresh=0.006000 baseline=0.022429 gate=0.001234 envFloor=0.019065 floor=0.022429 adapt=0.022429 lastPeak=0.000000 calib=0.022429 baseParam=0.000180 gateRatio=0.0550 envParam=0.000450
2025-12-08 02:16:35 [tracker] [s1] onset-below-gate t=5.4519 env=0.000195 onset=1.076435 thresh=0.006000 baseline=0.022429 gate=0.001234 envFloor=0.019065 floor=0.022429 adapt=0.022429 lastPeak=0.000000 calib=0.022429 baseParam=0.000180 gateRatio=0.0550 envParam=0.000450
2025-12-08 02:16:35 [tracker] [s1] onset-below-gate t=5.8279 env=0.000170 onset=1.228613 thresh=0.006000 baseline=0.022429 gate=0.001234 envFloor=0.019065 floor=0.022429 adapt=0.022429 lastPeak=0.000000 calib=0.022429 baseParam=0.000180 gateRatio=0.0550 envParam=0.000450
2025-12-08 02:16:35 [tracker] [s1] onset-below-gate t=6.0306 env=0.000080 onset=1.364342 thresh=0.006000 baseline=0.022429 gate=0.001234 envFloor=0.019065 floor=0.022429 adapt=0.022429 lastPeak=0.000000 calib=0.022429 baseParam=0.000180 gateRatio=0.0550 envParam=0.000450
2025-12-08 02:16:36 [tracker] [s1] onset-below-gate t=6.2785 env=0.000143 onset=0.997289 thresh=0.006000 baseline=0.022429 gate=0.001234 envFloor=0.019065 floor=0.022429 adapt=0.022429 lastPeak=0.000000 calib=0.022429 baseParam=0.000180 gateRatio=0.0550 envParam=0.000450
2025-12-08 02:16:36 [tracker] [s1] onset-below-gate t=6.4012 env=0.000161 onset=1.018906 thresh=0.006000 baseline=0.022429 gate=0.001234 envFloor=0.019065 floor=0.022429 adapt=0.022429 lastPeak=0.000000 calib=0.022429 baseParam=0.000180 gateRatio=0.0550 envParam=0.000450
2025-12-08 02:16:36 [tracker] [s1] onset-below-gate t=6.4679 env=0.000160 onset=0.993378 thresh=0.006000 baseline=0.022429 gate=0.001234 envFloor=0.019065 floor=0.022429 adapt=0.022429 lastPeak=0.000000 calib=0.022429 baseParam=0.000180 gateRatio=0.0550 envParam=0.000450
2025-12-08 02:16:36 [tracker] [s1] onset-below-gate t=6.5692 env=0.000159 onset=0.997365 thresh=0.006000 baseline=0.022429 gate=0.001234 envFloor=0.019065 floor=0.022429 adapt=0.022429 lastPeak=0.000000 calib=0.022429 baseParam=0.000180 gateRatio=0.0550 envParam=0.000450
2025-12-08 02:16:36 [tracker] [s1] onset-below-gate t=6.6359 env=0.000150 onset=0.836894 thresh=0.006000 baseline=0.022429 gate=0.001234 envFloor=0.019065 floor=0.022429 adapt=0.022429 lastPeak=0.000000 calib=0.022429 baseParam=0.000180 gateRatio=0.0550 envParam=0.000450
2025-12-08 02:16:36 [tracker] [s1] onset-below-gate t=6.8545 env=0.000137 onset=1.023154 thresh=0.006000 baseline=0.022429 gate=0.001234 envFloor=0.019065 floor=0.022429 adapt=0.022429 lastPeak=0.000000 calib=0.022429 baseParam=0.000180 gateRatio=0.0550 envParam=0.000450
2025-12-08 02:16:36 [tracker] [s1] onset-below-gate t=6.9398 env=0.000111 onset=1.026078 thresh=0.006000 baseline=0.022429 gate=0.001234 envFloor=0.019065 floor=0.022429 adapt=0.022429 lastPeak=0.000000 calib=0.022429 baseParam=0.000180 gateRatio=0.0550 envParam=0.000450
2025-12-08 02:16:36 [tracker] [s1] onset-below-gate t=7.1345 env=0.000201 onset=1.312847 thresh=0.006000 baseline=0.022429 gate=0.001234 envFloor=0.019065 floor=0.022429 adapt=0.022429 lastPeak=0.000000 calib=0.022429 baseParam=0.000180 gateRatio=0.0550 envParam=0.000450
2025-12-08 02:16:37 [tracker] [s1] onset-below-gate t=7.7638 env=0.000086 onset=0.997199 thresh=0.006000 baseline=0.022429 gate=0.001234 envFloor=0.019065 floor=0.022429 adapt=0.022429 lastPeak=0.000000 calib=0.022429 baseParam=0.000180 gateRatio=0.0550 envParam=0.000450
2025-12-08 02:16:37 [tracker] [s1] onset-below-gate t=7.9691 env=0.000095 onset=1.171044 thresh=0.006000 baseline=0.022429 gate=0.001234 envFloor=0.019065 floor=0.022429 adapt=0.022429 lastPeak=0.000000 calib=0.022429 baseParam=0.000180 gateRatio=0.0550 envParam=0.000450
2025-12-08 02:16:37 [tracker] [s1] onset-below-gate t=8.1184 env=0.000168 onset=0.779610 thresh=0.006000 baseline=0.022429 gate=0.001234 envFloor=0.019065 floor=0.022429 adapt=0.022429 lastPeak=0.000000 calib=0.022429 baseParam=0.000180 gateRatio=0.0550 envParam=0.000450
2025-12-08 02:16:38 [tracker] [s1] onset-below-gate t=8.4224 env=0.000129 onset=1.185792 thresh=0.006000 baseline=0.022429 gate=0.001234 envFloor=0.019065 floor=0.022429 adapt=0.022429 lastPeak=0.000000 calib=0.022429 baseParam=0.000180 gateRatio=0.0550 envParam=0.000450
2025-12-08 02:16:38 [tracker] [s1] onset-below-gate t=8.5664 env=0.000120 onset=1.182216 thresh=0.006000 baseline=0.022429 gate=0.001234 envFloor=0.019065 floor=0.022429 adapt=0.022429 lastPeak=0.000000 calib=0.022429 baseParam=0.000180 gateRatio=0.0550 envParam=0.000450
2025-12-08 02:16:38 [tracker] [s1] onset-below-gate t=8.8677 env=0.000211 onset=1.021378 thresh=0.006000 baseline=0.022429 gate=0.001234 envFloor=0.019065 floor=0.022429 adapt=0.022429 lastPeak=0.000000 calib=0.022429 baseParam=0.000180 gateRatio=0.0550 envParam=0.000450
2025-12-08 02:16:38 [tracker] [s1] onset-below-gate t=9.0330 env=0.000176 onset=1.166126 thresh=0.006000 baseline=0.022429 gate=0.001234 envFloor=0.019065 floor=0.022429 adapt=0.022429 lastPeak=0.000000 calib=0.022429 baseParam=0.000180 gateRatio=0.0550 envParam=0.000450
2025-12-08 02:16:38 [tracker] [s1] onset-below-gate t=9.1077 env=0.000177 onset=1.153750 thresh=0.006000 baseline=0.022429 gate=0.001234 envFloor=0.019065 floor=0.022429 adapt=0.022429 lastPeak=0.000000 calib=0.022429 baseParam=0.000180 gateRatio=0.0550 envParam=0.000450
2025-12-08 02:16:39 [tracker] [s1] onset-below-gate t=9.2650 env=0.000121 onset=0.993050 thresh=0.006000 baseline=0.022429 gate=0.001234 envFloor=0.019065 floor=0.022429 adapt=0.022429 lastPeak=0.000000 calib=0.022429 baseParam=0.000180 gateRatio=0.0550 envParam=0.000450
2025-12-08 02:16:39 [tracker] [s1] onset-below-gate t=9.6570 env=0.000117 onset=0.998022 thresh=0.006000 baseline=0.022429 gate=0.001234 envFloor=0.019065 floor=0.022429 adapt=0.022429 lastPeak=0.000000 calib=0.022429 baseParam=0.000180 gateRatio=0.0550 envParam=0.000450
2025-12-08 02:16:39 [tracker] [s1] onset-below-gate t=9.9449 env=0.000182 onset=1.065399 thresh=0.006000 baseline=0.022429 gate=0.001234 envFloor=0.019065 floor=0.022429 adapt=0.022429 lastPeak=0.000000 calib=0.022429 baseParam=0.000180 gateRatio=0.0550 envParam=0.000450
2025-12-08 02:16:40 [tracker] [s1] onset-below-gate t=10.5476 env=0.000139 onset=1.441942 thresh=0.006000 baseline=0.022429 gate=0.001234 envFloor=0.019065 floor=0.022429 adapt=0.022429 lastPeak=0.000000 calib=0.022429 baseParam=0.000180 gateRatio=0.0550 envParam=0.000450
2025-12-08 02:16:40 [tracker] [s1] onset-below-gate t=10.7369 env=0.000130 onset=1.116722 thresh=0.006000 baseline=0.022429 gate=0.001234 envFloor=0.019065 floor=0.022429 adapt=0.022429 lastPeak=0.000000 calib=0.022429 baseParam=0.000180 gateRatio=0.0550 envParam=0.000450
2025-12-08 02:16:40 [tracker] [s1] onset-below-gate t=10.9502 env=0.000132 onset=1.145356 thresh=0.006000 baseline=0.022429 gate=0.001234 envFloor=0.019065 floor=0.022429 adapt=0.022429 lastPeak=0.000000 calib=0.022429 baseParam=0.000180 gateRatio=0.0550 envParam=0.000450
2025-12-08 02:16:40 [tracker] [s1] onset-below-gate t=11.0542 env=0.000196 onset=0.995342 thresh=0.006000 baseline=0.022429 gate=0.001234 envFloor=0.019065 floor=0.022429 adapt=0.022429 lastPeak=0.000000 calib=0.022429 baseParam=0.000180 gateRatio=0.0550 envParam=0.000450
2025-12-08 02:16:41 [tracker] [s1] onset-below-gate t=11.7448 env=0.000128 onset=0.996760 thresh=0.006000 baseline=0.022429 gate=0.001234 envFloor=0.019065 floor=0.022429 adapt=0.022429 lastPeak=0.000000 calib=0.022429 baseParam=0.000180 gateRatio=0.0550 envParam=0.000450
2025-12-08 02:16:41 [tracker] [s1] onset-below-gate t=11.9555 env=0.000136 onset=0.993989 thresh=0.006000 baseline=0.022429 gate=0.001234 envFloor=0.019065 floor=0.022429 adapt=0.022429 lastPeak=0.000000 calib=0.022429 baseParam=0.000180 gateRatio=0.0550 envParam=0.000450
2025-12-08 02:16:41 [tracker] [s1] onset-below-gate t=12.0595 env=0.000145 onset=0.914619 thresh=0.006000 baseline=0.022429 gate=0.001234 envFloor=0.019065 floor=0.022429 adapt=0.022429 lastPeak=0.000000 calib=0.022429 baseParam=0.000180 gateRatio=0.0550 envParam=0.000450
2025-12-08 02:16:42 [tracker] [s1] onset-below-gate t=12.4354 env=0.000119 onset=0.994740 thresh=0.006000 baseline=0.022429 gate=0.001234 envFloor=0.019065 floor=0.022429 adapt=0.022429 lastPeak=0.000000 calib=0.022429 baseParam=0.000180 gateRatio=0.0550 envParam=0.000450
2025-12-08 02:16:42 [tracker] [s1] onset-below-gate t=12.4861 env=0.000199 onset=0.994005 thresh=0.006000 baseline=0.022429 gate=0.001234 envFloor=0.019065 floor=0.022429 adapt=0.022429 lastPeak=0.000000 calib=0.022429 baseParam=0.000180 gateRatio=0.0550 envParam=0.000450
2025-12-08 02:16:42 [tracker] [s1] onset-below-gate t=12.6674 env=0.000095 onset=1.113764 thresh=0.006000 baseline=0.022429 gate=0.001234 envFloor=0.019065 floor=0.022429 adapt=0.022429 lastPeak=0.000000 calib=0.022429 baseParam=0.000180 gateRatio=0.0550 envParam=0.000450
2025-12-08 02:16:42 [tracker] [s1] onset-below-gate t=12.9207 env=0.000182 onset=0.997292 thresh=0.006000 baseline=0.022429 gate=0.001234 envFloor=0.019065 floor=0.022429 adapt=0.022429 lastPeak=0.000000 calib=0.022429 baseParam=0.000180 gateRatio=0.0550 envParam=0.000450
2025-12-08 02:16:42 [tracker] [s1] onset-below-gate t=12.9901 env=0.000167 onset=0.993466 thresh=0.006000 baseline=0.022429 gate=0.001234 envFloor=0.019065 floor=0.022429 adapt=0.022429 lastPeak=0.000000 calib=0.022429 baseParam=0.000180 gateRatio=0.0550 envParam=0.000450
2025-12-08 02:16:42 [tracker] [s1] onset-below-gate t=13.0861 env=0.000174 onset=1.096259 thresh=0.006000 baseline=0.022429 gate=0.001234 envFloor=0.019065 floor=0.022429 adapt=0.022429 lastPeak=0.000000 calib=0.022429 baseParam=0.000180 gateRatio=0.0550 envParam=0.000450
2025-12-08 02:16:43 [tracker] [s1] onset-below-gate t=13.2007 env=0.000118 onset=0.796609 thresh=0.006000 baseline=0.022429 gate=0.001234 envFloor=0.019065 floor=0.022429 adapt=0.022429 lastPeak=0.000000 calib=0.022429 baseParam=0.000180 gateRatio=0.0550 envParam=0.000450
2025-12-08 02:16:43 [tracker] [s1] onset-below-gate t=13.3394 env=0.000137 onset=1.003635 thresh=0.006000 baseline=0.022429 gate=0.001234 envFloor=0.019065 floor=0.022429 adapt=0.022429 lastPeak=0.000000 calib=0.022429 baseParam=0.000180 gateRatio=0.0550 envParam=0.000450
2025-12-08 02:16:43 [tracker] [s1] onset-below-gate t=13.4594 env=0.000134 onset=0.841217 thresh=0.006000 baseline=0.022429 gate=0.001234 envFloor=0.019065 floor=0.022429 adapt=0.022429 lastPeak=0.000000 calib=0.022429 baseParam=0.000180 gateRatio=0.0550 envParam=0.000450
2025-12-08 02:16:43 [tracker] [s1] onset-below-gate t=13.8220 env=0.000207 onset=1.311856 thresh=0.006000 baseline=0.022429 gate=0.001234 envFloor=0.019065 floor=0.022429 adapt=0.022429 lastPeak=0.000000 calib=0.022429 baseParam=0.000180 gateRatio=0.0550 envParam=0.000450
2025-12-08 02:16:43 [tracker] [s1] onset-below-gate t=14.0033 env=0.000168 onset=1.171585 thresh=0.006000 baseline=0.022429 gate=0.001234 envFloor=0.019065 floor=0.022429 adapt=0.022429 lastPeak=0.000000 calib=0.022429 baseParam=0.000180 gateRatio=0.0550 envParam=0.000450
2025-12-08 02:16:44 [tracker] [s1] onset-below-gate t=14.4353 env=0.000147 onset=1.027460 thresh=0.006000 baseline=0.022429 gate=0.001234 envFloor=0.019065 floor=0.022429 adapt=0.022429 lastPeak=0.000000 calib=0.022429 baseParam=0.000180 gateRatio=0.0550 envParam=0.000450
2025-12-08 02:16:44 [tracker] [s1] onset-below-gate t=14.5979 env=0.000107 onset=1.277633 thresh=0.006000 baseline=0.022429 gate=0.001234 envFloor=0.019065 floor=0.022429 adapt=0.022429 lastPeak=0.000000 calib=0.022429 baseParam=0.000180 gateRatio=0.0550 envParam=0.000450
2025-12-08 02:16:44 [tracker] [s1] onset-below-gate t=14.8406 env=0.000111 onset=0.586786 thresh=0.006000 baseline=0.022429 gate=0.001234 envFloor=0.019065 floor=0.022429 adapt=0.022429 lastPeak=0.000000 calib=0.022429 baseParam=0.000180 gateRatio=0.0550 envParam=0.000450
2025-12-08 02:16:44 [tracker] [s1] onset-below-gate t=14.9793 env=0.000125 onset=1.020766 thresh=0.006000 baseline=0.022429 gate=0.001234 envFloor=0.019065 floor=0.022429 adapt=0.022429 lastPeak=0.000000 calib=0.022429 baseParam=0.000180 gateRatio=0.0550 envParam=0.000450
2025-12-08 02:16:45 [tracker] [s1] onset-below-gate t=15.2939 env=0.000179 onset=1.459872 thresh=0.006000 baseline=0.022429 gate=0.001234 envFloor=0.019065 floor=0.022429 adapt=0.022429 lastPeak=0.000000 calib=0.022429 baseParam=0.000180 gateRatio=0.0550 envParam=0.000450
2025-12-08 02:16:45 [tracker] [s1] onset-below-gate t=15.4246 env=0.000098 onset=0.997978 thresh=0.006000 baseline=0.022429 gate=0.001234 envFloor=0.019065 floor=0.022429 adapt=0.022429 lastPeak=0.000000 calib=0.022429 baseParam=0.000180 gateRatio=0.0550 envParam=0.000450
2025-12-08 02:16:45 [tracker] [s1] onset-below-gate t=15.7632 env=0.000166 onset=0.996094 thresh=0.006000 baseline=0.022429 gate=0.001234 envFloor=0.019065 floor=0.022429 adapt=0.022429 lastPeak=0.000000 calib=0.022429 baseParam=0.000180 gateRatio=0.0550 envParam=0.000450
2025-12-08 02:16:45 [tracker] [s1] onset-below-gate t=15.8379 env=0.000148 onset=1.493421 thresh=0.006000 baseline=0.022429 gate=0.001234 envFloor=0.019065 floor=0.022429 adapt=0.022429 lastPeak=0.000000 calib=0.022429 baseParam=0.000180 gateRatio=0.0550 envParam=0.000450
2025-12-08 02:16:46 [tracker] [s1] onset-below-gate t=16.2352 env=0.000250 onset=1.043881 thresh=0.006000 baseline=0.022429 gate=0.001234 envFloor=0.019065 floor=0.022429 adapt=0.022429 lastPeak=0.000000 calib=0.022429 baseParam=0.000180 gateRatio=0.0550 envParam=0.000450
2025-12-08 02:16:46 [tracker] [s1] onset-below-gate t=16.4645 env=0.000174 onset=1.183255 thresh=0.006000 baseline=0.022429 gate=0.001234 envFloor=0.019065 floor=0.022429 adapt=0.022429 lastPeak=0.000000 calib=0.022429 baseParam=0.000180 gateRatio=0.0550 envParam=0.000450
2025-12-08 02:16:47 [tracker] [s1] onset-below-gate t=17.1738 env=0.000104 onset=0.845250 thresh=0.006000 baseline=0.022429 gate=0.001234 envFloor=0.019065 floor=0.022429 adapt=0.022429 lastPeak=0.000000 calib=0.022429 baseParam=0.000180 gateRatio=0.0550 envParam=0.000450
2025-12-08 02:16:47 [tracker] [s1] onset-below-gate t=17.3497 env=0.000164 onset=1.219032 thresh=0.006000 baseline=0.022429 gate=0.001234 envFloor=0.019065 floor=0.022429 adapt=0.022429 lastPeak=0.000000 calib=0.022429 baseParam=0.000180 gateRatio=0.0550 envParam=0.000450
2025-12-08 02:16:47 [tracker] [s1] onset-below-gate t=17.4244 env=0.000111 onset=0.998837 thresh=0.006000 baseline=0.022429 gate=0.001234 envFloor=0.019065 floor=0.022429 adapt=0.022429 lastPeak=0.000000 calib=0.022429 baseParam=0.000180 gateRatio=0.0550 envParam=0.000450
2025-12-08 02:16:47 [sessionwavs] wrote 6 wav files to /home/general/SignalAssistant/logs/sessionwavs/session-20251208-021629 (shutdown)
