# SignalAssistant session log
# Started at 2025-12-15 22:47:14
2025-12-15 22:47:14 [session] mode=live session='' path='' duration=0.00 files=0
2025-12-15 22:47:14 [tracker-settings] TrackerConfig onsetThreshold=0.02000 minNoteDurSec=0.045 hopSec=0.010 slideDelta=120.0 bendDelta=35.0
2025-12-15 22:47:14 [tracker-settings] string1 midi=40 lowCut=37.08Hz highCut=445.00Hz baseline=0.000180 gateRatio=0.05500 envFloor=0.000450 sustainScale=0.580 retriggerScale=1.400 peakRelease=0.120 pitchTol=0.400 onsetScale=0.006
2025-12-15 22:47:14 [tracker-settings] string2 midi=45 lowCut=55.00Hz highCut=563.20Hz baseline=0.000220 gateRatio=0.10000 envFloor=0.000550 sustainScale=0.700 retriggerScale=1.250 peakRelease=0.130 pitchTol=0.400 onsetScale=0.009
2025-12-15 22:47:14 [tracker-settings] string3 midi=50 lowCut=85.16Hz highCut=693.05Hz baseline=0.000260 gateRatio=0.13000 envFloor=0.000650 sustainScale=0.820 retriggerScale=1.100 peakRelease=0.140 pitchTol=0.450 onsetScale=0.012
2025-12-15 22:47:14 [tracker-settings] string4 midi=55 lowCut=127.40Hz highCut=862.39Hz baseline=0.000320 gateRatio=0.17000 envFloor=0.000780 sustainScale=1.000 retriggerScale=1.000 peakRelease=0.160 pitchTol=0.440 onsetScale=0.014
2025-12-15 22:47:14 [tracker-settings] string5 midi=59 lowCut=160.51Hz highCut=1086.54Hz baseline=0.000370 gateRatio=0.21000 envFloor=0.000900 sustainScale=1.000 retriggerScale=1.000 peakRelease=0.180 pitchTol=0.500 onsetScale=0.016
2025-12-15 22:47:14 [tracker-settings] string6 midi=64 lowCut=214.26Hz highCut=1450.36Hz baseline=0.000420 gateRatio=0.25000 envFloor=0.001050 sustainScale=1.000 retriggerScale=1.000 peakRelease=0.200 pitchTol=0.550 onsetScale=0.018
2025-12-15 22:47:14 [tracker] [s1] calibration reset target=0.00180 gain=1.000
2025-12-15 22:47:14 [tracker] [s2] calibration reset target=0.00180 gain=1.000
2025-12-15 22:47:14 [tracker] [s3] calibration reset target=0.00180 gain=1.000
2025-12-15 22:47:14 [tracker] [s4] calibration reset target=0.00180 gain=1.000
2025-12-15 22:47:14 [tracker] [s5] calibration reset target=0.00180 gain=1.000
2025-12-15 22:47:14 [tracker] [s6] calibration reset target=0.00180 gain=1.000
2025-12-15 22:47:14 [calibration] Loading calibration profile multipliers into parameters
2025-12-15 22:47:14 [calibration] String 1: setting multiplier to 6.317
2025-12-15 22:47:14 [calibration] String 2: setting multiplier to 8.000
2025-12-15 22:47:14 [calibration] String 3: setting multiplier to 8.000
2025-12-15 22:47:14 [calibration] String 4: setting multiplier to 8.000
2025-12-15 22:47:14 [calibration] String 5: setting multiplier to 8.000
2025-12-15 22:47:14 [calibration] String 6: setting multiplier to 8.000
2025-12-15 22:47:14 [tracker] [s1] calibration avg=0.03970 target=0.00180 gain=1.000
2025-12-15 22:47:14 [tracker] [s2] calibration avg=0.01940 target=0.00180 gain=1.000
2025-12-15 22:47:14 [tracker] [s3] calibration avg=0.01411 target=0.00180 gain=1.000
2025-12-15 22:47:14 [tracker] [s4] calibration avg=0.03018 target=0.00180 gain=1.000
2025-12-15 22:47:14 [tracker] [s5] calibration avg=0.02970 target=0.00180 gain=1.000
2025-12-15 22:47:14 [tracker] [s6] calibration avg=0.02331 target=0.00180 gain=1.000
2025-12-15 22:47:14 [tracker] [s1] configure sr=48000.0 hop=128 fft=1024 low=37.1 high=445.0
2025-12-15 22:47:14 [tracker] [s1] params baseline=0.000180 gate=0.0550 envFloor=0.000450 sustain=0.580 retrigger=1.400 peakRelease=0.120 pitchTol=0.400 onsetScale=0.006 aubioScale=1.20 aubioThresh=0.024 onsetSilence=-85.0 pitchSilence=-90.0
2025-12-15 22:47:14 [tracker] [s2] configure sr=48000.0 hop=128 fft=1024 low=55.0 high=563.2
2025-12-15 22:47:14 [tracker] [s2] params baseline=0.000220 gate=0.0100 envFloor=0.000100 sustain=1.500 retrigger=1.250 peakRelease=0.130 pitchTol=0.400 onsetScale=0.009 aubioScale=1.35 aubioThresh=0.027 onsetSilence=-85.0 pitchSilence=-90.0
2025-12-15 22:47:14 [tracker] [s3] configure sr=48000.0 hop=128 fft=1024 low=85.2 high=693.0
2025-12-15 22:47:14 [tracker] [s3] params baseline=0.000260 gate=0.1300 envFloor=0.000650 sustain=0.820 retrigger=1.100 peakRelease=0.140 pitchTol=0.450 onsetScale=0.012 aubioScale=1.60 aubioThresh=0.032 onsetSilence=-75.0 pitchSilence=-80.0
2025-12-15 22:47:14 [tracker] [s4] configure sr=48000.0 hop=128 fft=1024 low=127.4 high=862.4
2025-12-15 22:47:14 [tracker] [s4] params baseline=0.000320 gate=0.1700 envFloor=0.000780 sustain=1.000 retrigger=1.000 peakRelease=0.160 pitchTol=0.440 onsetScale=0.014 aubioScale=1.80 aubioThresh=0.036 onsetSilence=-75.0 pitchSilence=-80.0
2025-12-15 22:47:14 [tracker] [s5] configure sr=48000.0 hop=128 fft=512 low=160.5 high=1086.5
2025-12-15 22:47:14 [tracker] [s5] params baseline=0.000370 gate=0.2100 envFloor=0.000900 sustain=1.000 retrigger=1.000 peakRelease=0.180 pitchTol=0.500 onsetScale=0.016 aubioScale=1.80 aubioThresh=0.036 onsetSilence=-75.0 pitchSilence=-80.0
2025-12-15 22:47:14 [tracker] [s6] configure sr=48000.0 hop=128 fft=512 low=214.3 high=1450.4
2025-12-15 22:47:14 [tracker] [s6] params baseline=0.000420 gate=0.2500 envFloor=0.001050 sustain=1.000 retrigger=1.000 peakRelease=0.200 pitchTol=0.550 onsetScale=0.018 aubioScale=1.80 aubioThresh=0.036 onsetSilence=-75.0 pitchSilence=-80.0
2025-12-15 22:47:14 [tracker] [s1] aubio-raw t=0.0040 onset=4.000000 env=0.000703 peak=0.001900 gain=1.000
2025-12-15 22:47:14 [tracker] [s1] onset-accepted t=0.0040 env=0.000703 gate=0.000022 envDelta=0.000681 envFloor=0.000595 onset=4.000000 thresh=0.006000 onsetDelta=3.994000 baseline=0.000396 floor=0.000180 adapt=0.000991 lastPeak=0.000000 baseParam=0.000180 gateRatio=0.0550 envParam=0.000450 onsetScale=0.300 retriggerScale=1.400 guard=0.060 guardRemain=0.000 activeAge=-1.000 retrigRemain=0.000 pitchHz=125.16 pitchCents=723.6
2025-12-15 22:47:14 [tracker] [s1] onset t=0.004 env=0.00070 gate=0.00002 envDelta=0.00068 envFloor=0.00059 onset=4.000 thresh=0.006 onsetDelta=3.99400 baseline=0.00040 adaptive=0.00099 lastPeak=0.00000 guard=0.060 activeAge=-1.000 pitch=125.16Hz pitchCents=723.6
2025-12-15 22:47:14 [tracker] [s2] onset t=0.004 env=0.00151 gate=0.00000 envDelta=0.00151 envFloor=0.00065 onset=4.000 thresh=0.009 onsetDelta=3.99100 baseline=0.00043 adaptive=0.00108 lastPeak=0.00000 guard=0.060 activeAge=-1.000 pitch=125.16Hz pitchCents=223.6
2025-12-15 22:47:14 [tracker] [s3] onset t=0.004 env=0.00122 gate=0.00005 envDelta=0.00116 envFloor=0.00065 onset=4.000 thresh=0.012 onsetDelta=3.98840 baseline=0.00041 adaptive=0.00103 lastPeak=0.00000 guard=0.060 activeAge=-1.000 pitch=125.16Hz pitchCents=-276.4
2025-12-15 22:47:14 [tracker] [s4] onset t=0.004 env=0.00131 gate=0.00007 envDelta=0.00123 envFloor=0.00078 onset=4.000 thresh=0.014 onsetDelta=3.98600 baseline=0.00042 adaptive=0.00105 lastPeak=0.00000 guard=0.060 activeAge=-1.000 pitch=125.16Hz pitchCents=-776.4
2025-12-15 22:47:14 [tracker] [s5] onset t=0.004 env=0.00165 gate=0.00009 envDelta=0.00155 envFloor=0.00090 onset=4.000 thresh=0.016 onsetDelta=3.98400 baseline=0.00044 adaptive=0.00110 lastPeak=0.00000 guard=0.060 activeAge=-1.000 pitch=376.47Hz pitchCents=730.0
2025-12-15 22:47:14 [tracker] [s6] onset t=0.004 env=0.00150 gate=0.00011 envDelta=0.00139 envFloor=0.00105 onset=4.000 thresh=0.018 onsetDelta=3.98200 baseline=0.00043 adaptive=0.00108 lastPeak=0.00000 guard=0.060 activeAge=-1.000 pitch=376.47Hz pitchCents=230.0
2025-12-15 22:47:14 [tracker] [s5] onset t=0.095 env=0.00160 gate=0.00015 envDelta=0.00145 envFloor=0.00108 onset=0.846 thresh=0.016 onsetDelta=0.82951 baseline=0.00072 adaptive=0.00180 lastPeak=0.00000 guard=0.060 activeAge=-1.000 pitch=-1.00Hz pitchCents=0.0
2025-12-15 22:47:15 [tracker] [s6] onset t=0.167 env=0.00221 gate=0.00022 envDelta=0.00199 envFloor=0.00132 onset=0.998 thresh=0.018 onsetDelta=0.98017 baseline=0.00088 adaptive=0.00221 lastPeak=0.00000 guard=0.060 activeAge=-1.000 pitch=-1.00Hz pitchCents=0.0
2025-12-15 22:47:15 [tracker] [s4] onset t=0.228 env=0.00127 gate=0.00011 envDelta=0.00116 envFloor=0.00101 onset=1.005 thresh=0.014 onsetDelta=0.99111 baseline=0.00068 adaptive=0.00169 lastPeak=0.00000 guard=0.060 activeAge=-1.000 pitch=-1.00Hz pitchCents=0.0
2025-12-15 22:47:15 [tracker] [s3] onset t=0.231 env=0.00157 gate=0.00008 envDelta=0.00149 envFloor=0.00097 onset=0.796 thresh=0.012 onsetDelta=0.78459 baseline=0.00064 adaptive=0.00161 lastPeak=0.00000 guard=0.060 activeAge=-1.000 pitch=-1.00Hz pitchCents=0.0
2025-12-15 22:47:15 [tracker] [s2] onset t=0.252 env=0.00128 gate=0.00001 envDelta=0.00127 envFloor=0.00098 onset=1.088 thresh=0.009 onsetDelta=1.07937 baseline=0.00065 adaptive=0.00163 lastPeak=0.00000 guard=0.060 activeAge=-1.000 pitch=-1.00Hz pitchCents=0.0
2025-12-15 22:47:15 [tracker] [s5] onset t=0.289 env=0.00139 gate=0.00015 envDelta=0.00124 envFloor=0.00107 onset=0.995 thresh=0.016 onsetDelta=0.97938 baseline=0.00071 adaptive=0.00178 lastPeak=0.00000 guard=0.060 activeAge=-1.000 pitch=-1.00Hz pitchCents=0.0
2025-12-15 22:47:15 [tracker] [s3] onset t=0.337 env=0.00148 gate=0.00008 envDelta=0.00140 envFloor=0.00090 onset=0.649 thresh=0.012 onsetDelta=0.63700 baseline=0.00060 adaptive=0.00150 lastPeak=0.00000 guard=0.060 activeAge=-1.000 pitch=-1.00Hz pitchCents=0.0
2025-12-15 22:47:15 [tracker] [s1] aubio-raw t=0.5267 onset=0.998974 env=0.001145 peak=0.002206 gain=1.000
2025-12-15 22:47:15 [tracker] [s1] onset-accepted t=0.5267 env=0.001145 gate=0.000023 envDelta=0.001122 envFloor=0.000629 onset=0.998974 thresh=0.006000 onsetDelta=0.992974 baseline=0.000420 floor=0.000180 adapt=0.001049 lastPeak=0.000000 baseParam=0.000180 gateRatio=0.0550 envParam=0.000450 onsetScale=0.300 retriggerScale=1.400 guard=0.060 guardRemain=0.000 activeAge=-1.000 retrigRemain=0.000 pitchHz=170.20 pitchCents=1255.7
2025-12-15 22:47:15 [tracker] [s1] onset t=0.527 env=0.00114 gate=0.00002 envDelta=0.00112 envFloor=0.00063 onset=0.999 thresh=0.006 onsetDelta=0.99297 baseline=0.00042 adaptive=0.00105 lastPeak=0.00000 guard=0.060 activeAge=-1.000 pitch=170.20Hz pitchCents=1255.7
2025-12-15 22:47:15 [tracker] [s2] onset t=0.537 env=0.00137 gate=0.00001 envDelta=0.00136 envFloor=0.00106 onset=0.929 thresh=0.009 onsetDelta=0.91962 baseline=0.00071 adaptive=0.00176 lastPeak=0.00000 guard=0.060 activeAge=-1.000 pitch=470.59Hz pitchCents=2516.4
2025-12-15 22:47:15 [tracker] [s5] onset t=0.577 env=0.00154 gate=0.00016 envDelta=0.00139 envFloor=0.00113 onset=1.074 thresh=0.016 onsetDelta=1.05800 baseline=0.00076 adaptive=0.00189 lastPeak=0.00000 guard=0.060 activeAge=-1.000 pitch=-1.00Hz pitchCents=0.0
2025-12-15 22:47:15 [tracker] [s3] onset t=0.615 env=0.00213 gate=0.00009 envDelta=0.00204 envFloor=0.00103 onset=0.502 thresh=0.012 onsetDelta=0.49001 baseline=0.00069 adaptive=0.00172 lastPeak=0.00000 guard=0.060 activeAge=-1.000 pitch=-1.00Hz pitchCents=0.0
2025-12-15 22:47:15 [tracker] [s2] onset t=0.697 env=0.00093 gate=0.00001 envDelta=0.00093 envFloor=0.00093 onset=0.999 thresh=0.009 onsetDelta=0.98972 baseline=0.00062 adaptive=0.00155 lastPeak=0.00000 guard=0.060 activeAge=-1.000 pitch=800.03Hz pitchCents=3435.1
2025-12-15 22:47:15 [tracker] [s4] onset t=0.812 env=0.00125 gate=0.00011 envDelta=0.00114 envFloor=0.00098 onset=1.244 thresh=0.014 onsetDelta=1.23004 baseline=0.00065 adaptive=0.00164 lastPeak=0.00000 guard=0.060 activeAge=-1.000 pitch=-1.00Hz pitchCents=0.0
2025-12-15 22:47:15 [tracker] [s6] onset t=0.831 env=0.00213 gate=0.00020 envDelta=0.00193 envFloor=0.00123 onset=1.011 thresh=0.018 onsetDelta=0.99295 baseline=0.00082 adaptive=0.00205 lastPeak=0.00000 guard=0.060 activeAge=-1.000 pitch=-1.00Hz pitchCents=0.0
2025-12-15 22:47:15 [tracker] [s2] onset t=0.873 env=0.00198 gate=0.00001 envDelta=0.00197 envFloor=0.00101 onset=0.997 thresh=0.009 onsetDelta=0.98781 baseline=0.00067 adaptive=0.00168 lastPeak=0.00000 guard=0.060 activeAge=-1.000 pitch=-1.00Hz pitchCents=0.0
2025-12-15 22:47:15 [tracker] [s3] onset t=0.935 env=0.00155 gate=0.00009 envDelta=0.00146 envFloor=0.00099 onset=1.306 thresh=0.012 onsetDelta=1.29480 baseline=0.00066 adaptive=0.00166 lastPeak=0.00000 guard=0.060 activeAge=-1.000 pitch=-1.00Hz pitchCents=0.0
2025-12-15 22:47:15 [tracker] [s5] onset t=0.943 env=0.00183 gate=0.00016 envDelta=0.00167 envFloor=0.00113 onset=1.102 thresh=0.016 onsetDelta=1.08618 baseline=0.00075 adaptive=0.00189 lastPeak=0.00000 guard=0.060 activeAge=-1.000 pitch=-1.00Hz pitchCents=0.0
2025-12-15 22:47:16 [tracker] [s5] onset t=1.121 env=0.00151 gate=0.00014 envDelta=0.00138 envFloor=0.00098 onset=0.993 thresh=0.016 onsetDelta=0.97652 baseline=0.00065 adaptive=0.00163 lastPeak=0.00000 guard=0.060 activeAge=-1.000 pitch=-1.00Hz pitchCents=0.0
2025-12-15 22:47:16 [tracker] [s3] onset t=1.169 env=0.00124 gate=0.00008 envDelta=0.00116 envFloor=0.00089 onset=1.040 thresh=0.012 onsetDelta=1.02808 baseline=0.00060 adaptive=0.00149 lastPeak=0.00000 guard=0.060 activeAge=-1.000 pitch=-1.00Hz pitchCents=0.0
2025-12-15 22:47:16 [tracker] [s6] onset t=1.175 env=0.00184 gate=0.00019 envDelta=0.00165 envFloor=0.00115 onset=1.135 thresh=0.018 onsetDelta=1.11708 baseline=0.00077 adaptive=0.00192 lastPeak=0.00000 guard=0.060 activeAge=-1.000 pitch=-1.00Hz pitchCents=0.0
2025-12-15 22:47:16 [tracker] [s5] onset t=1.207 env=0.00169 gate=0.00015 envDelta=0.00154 envFloor=0.00107 onset=0.916 thresh=0.016 onsetDelta=0.90014 baseline=0.00072 adaptive=0.00179 lastPeak=0.00000 guard=0.060 activeAge=-1.000 pitch=-1.00Hz pitchCents=0.0
2025-12-15 22:47:16 [tracker] [s1] aubio-raw t=1.3293 onset=0.812492 env=0.000683 peak=0.001657 gain=1.000
2025-12-15 22:47:16 [tracker] [s1] onset t=1.329 env=0.00068 gate=0.00002 envDelta=0.00066 envFloor=0.00062 onset=0.812 thresh=0.006 onsetDelta=0.80649 baseline=0.00042 adaptive=0.00104 lastPeak=0.00000 guard=0.060 activeAge=-1.000 pitch=889.01Hz pitchCents=4117.6
2025-12-15 22:47:16 [tracker] [s3] onset t=1.423 env=0.00127 gate=0.00008 envDelta=0.00119 envFloor=0.00092 onset=1.090 thresh=0.012 onsetDelta=1.07818 baseline=0.00061 adaptive=0.00153 lastPeak=0.00000 guard=0.060 activeAge=-1.000 pitch=-1.00Hz pitchCents=0.0
2025-12-15 22:47:16 [tracker] [s5] onset t=1.431 env=0.00158 gate=0.00015 envDelta=0.00143 envFloor=0.00106 onset=1.115 thresh=0.016 onsetDelta=1.09878 baseline=0.00071 adaptive=0.00177 lastPeak=0.00000 guard=0.060 activeAge=-1.000 pitch=-1.00Hz pitchCents=0.0
2025-12-15 22:47:16 [tracker] [s4] onset t=1.473 env=0.00140 gate=0.00011 envDelta=0.00129 envFloor=0.00098 onset=0.993 thresh=0.014 onsetDelta=0.97927 baseline=0.00065 adaptive=0.00163 lastPeak=0.00000 guard=0.060 activeAge=-1.000 pitch=-1.00Hz pitchCents=0.0
2025-12-15 22:47:16 [tracker] [s3] onset t=1.492 env=0.00124 gate=0.00008 envDelta=0.00116 envFloor=0.00087 onset=1.093 thresh=0.012 onsetDelta=1.08123 baseline=0.00058 adaptive=0.00144 lastPeak=0.00000 guard=0.060 activeAge=-1.000 pitch=-1.00Hz pitchCents=0.0
2025-12-15 22:47:16 [tracker] [s3] onset t=1.551 env=0.00165 gate=0.00008 envDelta=0.00158 envFloor=0.00088 onset=0.992 thresh=0.012 onsetDelta=0.98031 baseline=0.00059 adaptive=0.00147 lastPeak=0.00000 guard=0.060 activeAge=-1.000 pitch=-1.00Hz pitchCents=0.0
2025-12-15 22:47:16 [tracker] [s4] onset t=1.607 env=0.00161 gate=0.00011 envDelta=0.00150 envFloor=0.00098 onset=0.996 thresh=0.014 onsetDelta=0.98210 baseline=0.00065 adaptive=0.00164 lastPeak=0.00000 guard=0.060 activeAge=-1.000 pitch=-1.00Hz pitchCents=0.0
2025-12-15 22:47:16 [tracker] [s5] onset t=1.633 env=0.00190 gate=0.00016 envDelta=0.00175 envFloor=0.00112 onset=1.008 thresh=0.016 onsetDelta=0.99234 baseline=0.00075 adaptive=0.00187 lastPeak=0.00000 guard=0.060 activeAge=-1.000 pitch=-1.00Hz pitchCents=0.0
2025-12-15 22:47:16 [tracker] [s1] aubio-raw t=1.6627 onset=0.991704 env=0.000888 peak=0.002187 gain=1.000
2025-12-15 22:47:16 [tracker] [s1] onset-accepted t=1.6627 env=0.000888 gate=0.000022 envDelta=0.000865 envFloor=0.000606 onset=0.991704 thresh=0.006000 onsetDelta=0.985704 baseline=0.000404 floor=0.000180 adapt=0.001010 lastPeak=0.000000 baseParam=0.000180 gateRatio=0.0550 envParam=0.000450 onsetScale=0.300 retriggerScale=1.400 guard=0.060 guardRemain=0.000 activeAge=-1.000 retrigRemain=0.000 pitchHz=-1.00 pitchCents=0.0
2025-12-15 22:47:16 [tracker] [s1] onset t=1.663 env=0.00089 gate=0.00002 envDelta=0.00087 envFloor=0.00061 onset=0.992 thresh=0.006 onsetDelta=0.98570 baseline=0.00040 adaptive=0.00101 lastPeak=0.00000 guard=0.060 activeAge=-1.000 pitch=-1.00Hz pitchCents=0.0
2025-12-15 22:47:16 [tracker] [s2] onset t=1.703 env=0.00102 gate=0.00001 envDelta=0.00101 envFloor=0.00096 onset=0.991 thresh=0.009 onsetDelta=0.98225 baseline=0.00064 adaptive=0.00159 lastPeak=0.00000 guard=0.060 activeAge=-1.000 pitch=-1.00Hz pitchCents=0.0
2025-12-15 22:47:16 [tracker] [s3] onset t=1.705 env=0.00136 gate=0.00008 envDelta=0.00128 envFloor=0.00089 onset=0.996 thresh=0.012 onsetDelta=0.98433 baseline=0.00060 adaptive=0.00149 lastPeak=0.00000 guard=0.060 activeAge=-1.000 pitch=-1.00Hz pitchCents=0.0
2025-12-15 22:47:16 [tracker] [s4] onset t=1.844 env=0.00142 gate=0.00011 envDelta=0.00131 envFloor=0.00097 onset=0.996 thresh=0.014 onsetDelta=0.98158 baseline=0.00065 adaptive=0.00162 lastPeak=0.00000 guard=0.060 activeAge=-1.000 pitch=-1.00Hz pitchCents=0.0
2025-12-15 22:47:16 [tracker] [s2] onset t=1.849 env=0.00237 gate=0.00001 envDelta=0.00236 envFloor=0.00106 onset=1.188 thresh=0.009 onsetDelta=1.17916 baseline=0.00071 adaptive=0.00177 lastPeak=0.00000 guard=0.060 activeAge=-1.000 pitch=-1.00Hz pitchCents=0.0
2025-12-15 22:47:16 [tracker] [s5] onset t=1.860 env=0.00171 gate=0.00014 envDelta=0.00157 envFloor=0.00103 onset=1.120 thresh=0.016 onsetDelta=1.10444 baseline=0.00068 adaptive=0.00171 lastPeak=0.00000 guard=0.060 activeAge=-1.000 pitch=-1.00Hz pitchCents=0.0
2025-12-15 22:47:16 [tracker] [s1] aubio-raw t=1.9160 onset=0.991956 env=0.000805 peak=0.002165 gain=1.000
2025-12-15 22:47:16 [tracker] [s1] onset-accepted t=1.9160 env=0.000805 gate=0.000021 envDelta=0.000783 envFloor=0.000583 onset=0.991956 thresh=0.006000 onsetDelta=0.985956 baseline=0.000389 floor=0.000180 adapt=0.000972 lastPeak=0.000000 baseParam=0.000180 gateRatio=0.0550 envParam=0.000450 onsetScale=0.300 retriggerScale=1.400 guard=0.060 guardRemain=0.000 activeAge=-1.000 retrigRemain=0.000 pitchHz=97.56 pitchCents=292.2
2025-12-15 22:47:16 [tracker] [s1] onset t=1.916 env=0.00080 gate=0.00002 envDelta=0.00078 envFloor=0.00058 onset=0.992 thresh=0.006 onsetDelta=0.98596 baseline=0.00039 adaptive=0.00097 lastPeak=0.00000 guard=0.060 activeAge=-1.000 pitch=97.56Hz pitchCents=292.2
2025-12-15 22:47:16 [tracker] [s2] onset t=1.959 env=0.00127 gate=0.00001 envDelta=0.00127 envFloor=0.00094 onset=0.998 thresh=0.009 onsetDelta=0.98873 baseline=0.00063 adaptive=0.00156 lastPeak=0.00000 guard=0.060 activeAge=-1.000 pitch=666.84Hz pitchCents=3119.8
2025-12-15 22:47:16 [tracker] [s2] note-start t=1.959 fret=24 midi=69 vel=0.02 env=0.00127
2025-12-15 22:47:16 [tracker] [s4] onset t=1.972 env=0.00139 gate=0.00011 envDelta=0.00128 envFloor=0.00099 onset=0.995 thresh=0.014 onsetDelta=0.98083 baseline=0.00066 adaptive=0.00166 lastPeak=0.00000 guard=0.060 activeAge=-1.000 pitch=-1.00Hz pitchCents=0.0
2025-12-15 22:47:16 [tracker] [s1] aubio-raw t=2.0573 onset=1.332729 env=0.000974 peak=0.002270 gain=1.000
2025-12-15 22:47:16 [tracker] [s1] onset-accepted t=2.0573 env=0.000974 gate=0.000022 envDelta=0.000952 envFloor=0.000591 onset=1.332729 thresh=0.006000 onsetDelta=1.326729 baseline=0.000394 floor=0.000180 adapt=0.000985 lastPeak=0.000000 baseParam=0.000180 gateRatio=0.0550 envParam=0.000450 onsetScale=0.300 retriggerScale=1.400 guard=0.060 guardRemain=0.000 activeAge=-1.000 retrigRemain=0.000 pitchHz=-1.00 pitchCents=0.0
2025-12-15 22:47:16 [tracker] [s1] onset t=2.057 env=0.00097 gate=0.00002 envDelta=0.00095 envFloor=0.00059 onset=1.333 thresh=0.006 onsetDelta=1.32673 baseline=0.00039 adaptive=0.00098 lastPeak=0.00000 guard=0.060 activeAge=-1.000 pitch=-1.00Hz pitchCents=0.0
2025-12-15 22:47:16 [tracker] [s3] onset t=2.116 env=0.00106 gate=0.00008 envDelta=0.00098 envFloor=0.00092 onset=0.996 thresh=0.012 onsetDelta=0.98482 baseline=0.00062 adaptive=0.00154 lastPeak=0.00000 guard=0.060 activeAge=-1.000 pitch=-1.00Hz pitchCents=0.0
2025-12-15 22:47:17 [tracker] [s2] onset t=2.196 env=0.00149 gate=0.00001 envDelta=0.00148 envFloor=0.00093 onset=0.994 thresh=0.009 onsetDelta=0.98526 baseline=0.00073 adaptive=0.00156 lastPeak=0.00081 guard=0.060 activeAge=0.237 pitch=-1.00Hz pitchCents=0.0
2025-12-15 22:47:17 [tracker] [s2] note-ended (new onset) t=2.196 fret=24 dur=0.237
2025-12-15 22:47:17 [tracker] [s6] onset t=2.241 env=0.00194 gate=0.00019 envDelta=0.00175 envFloor=0.00117 onset=0.951 thresh=0.018 onsetDelta=0.93260 baseline=0.00078 adaptive=0.00195 lastPeak=0.00000 guard=0.060 activeAge=-1.000 pitch=-1.00Hz pitchCents=0.0
2025-12-15 22:47:17 [tracker] [s3] onset t=2.281 env=0.00163 gate=0.00008 envDelta=0.00154 envFloor=0.00095 onset=0.909 thresh=0.012 onsetDelta=0.89769 baseline=0.00063 adaptive=0.00158 lastPeak=0.00000 guard=0.060 activeAge=-1.000 pitch=-1.00Hz pitchCents=0.0
2025-12-15 22:47:17 [tracker] [s6] onset t=2.303 env=0.00174 gate=0.00020 envDelta=0.00154 envFloor=0.00120 onset=1.226 thresh=0.018 onsetDelta=1.20787 baseline=0.00080 adaptive=0.00199 lastPeak=0.00000 guard=0.060 activeAge=-1.000 pitch=-1.00Hz pitchCents=0.0
2025-12-15 22:47:17 [tracker] [s2] onset t=2.353 env=0.00128 gate=0.00001 envDelta=0.00127 envFloor=0.00096 onset=1.068 thresh=0.009 onsetDelta=1.05942 baseline=0.00064 adaptive=0.00160 lastPeak=0.00061 guard=0.060 activeAge=-1.000 pitch=-1.00Hz pitchCents=0.0
2025-12-15 22:47:17 [tracker] [s5] onset t=2.364 env=0.00177 gate=0.00015 envDelta=0.00162 envFloor=0.00109 onset=0.990 thresh=0.016 onsetDelta=0.97433 baseline=0.00073 adaptive=0.00181 lastPeak=0.00000 guard=0.060 activeAge=-1.000 pitch=-1.00Hz pitchCents=0.0
2025-12-15 22:47:17 [tracker] [s1] aubio-raw t=2.3854 onset=1.147889 env=0.000722 peak=0.001953 gain=1.000
2025-12-15 22:47:17 [tracker] [s1] onset-accepted t=2.3854 env=0.000722 gate=0.000023 envDelta=0.000700 envFloor=0.000615 onset=1.147889 thresh=0.006000 onsetDelta=1.141889 baseline=0.000410 floor=0.000180 adapt=0.001026 lastPeak=0.000000 baseParam=0.000180 gateRatio=0.0550 envParam=0.000450 onsetScale=0.300 retriggerScale=1.400 guard=0.060 guardRemain=0.000 activeAge=-1.000 retrigRemain=0.000 pitchHz=-1.00 pitchCents=0.0
2025-12-15 22:47:17 [tracker] [s1] onset t=2.385 env=0.00072 gate=0.00002 envDelta=0.00070 envFloor=0.00062 onset=1.148 thresh=0.006 onsetDelta=1.14189 baseline=0.00041 adaptive=0.00103 lastPeak=0.00000 guard=0.060 activeAge=-1.000 pitch=-1.00Hz pitchCents=0.0
2025-12-15 22:47:17 [tracker] [s5] onset t=2.425 env=0.00187 gate=0.00017 envDelta=0.00171 envFloor=0.00120 onset=0.997 thresh=0.016 onsetDelta=0.98109 baseline=0.00080 adaptive=0.00199 lastPeak=0.00000 guard=0.060 activeAge=-1.000 pitch=-1.00Hz pitchCents=0.0
2025-12-15 22:47:17 [tracker] [s2] onset t=2.492 env=0.00162 gate=0.00001 envDelta=0.00161 envFloor=0.00100 onset=1.314 thresh=0.009 onsetDelta=1.30452 baseline=0.00067 adaptive=0.00167 lastPeak=0.00047 guard=0.060 activeAge=-1.000 pitch=-1.00Hz pitchCents=0.0
2025-12-15 22:47:17 [tracker] [s5] onset t=2.537 env=0.00143 gate=0.00015 envDelta=0.00128 envFloor=0.00108 onset=1.298 thresh=0.016 onsetDelta=1.28157 baseline=0.00072 adaptive=0.00181 lastPeak=0.00000 guard=0.060 activeAge=-1.000 pitch=-1.00Hz pitchCents=0.0
2025-12-15 22:47:17 [tracker] [s6] onset t=2.625 env=0.00153 gate=0.00019 envDelta=0.00133 envFloor=0.00117 onset=0.831 thresh=0.018 onsetDelta=0.81272 baseline=0.00078 adaptive=0.00194 lastPeak=0.00000 guard=0.060 activeAge=-1.000 pitch=-1.00Hz pitchCents=0.0
2025-12-15 22:47:17 [tracker] [s5] onset t=2.665 env=0.00137 gate=0.00014 envDelta=0.00122 envFloor=0.00102 onset=0.941 thresh=0.016 onsetDelta=0.92489 baseline=0.00068 adaptive=0.00170 lastPeak=0.00000 guard=0.060 activeAge=-1.000 pitch=-1.00Hz pitchCents=0.0
2025-12-15 22:47:17 [tracker] [s2] onset t=2.756 env=0.00120 gate=0.00001 envDelta=0.00120 envFloor=0.00098 onset=0.999 thresh=0.009 onsetDelta=0.98958 baseline=0.00066 adaptive=0.00164 lastPeak=0.00028 guard=0.060 activeAge=-1.000 pitch=-1.00Hz pitchCents=0.0
2025-12-15 22:47:17 [tracker] [s6] onset t=2.761 env=0.00196 gate=0.00021 envDelta=0.00175 envFloor=0.00126 onset=0.954 thresh=0.018 onsetDelta=0.93577 baseline=0.00084 adaptive=0.00210 lastPeak=0.00000 guard=0.060 activeAge=-1.000 pitch=-1.00Hz pitchCents=0.0
2025-12-15 22:47:17 [tracker] [s1] aubio-raw t=2.9694 onset=1.352622 env=0.000958 peak=0.002336 gain=1.000
2025-12-15 22:47:17 [tracker] [s1] onset-accepted t=2.9694 env=0.000958 gate=0.000023 envDelta=0.000935 envFloor=0.000637 onset=1.352622 thresh=0.006000 onsetDelta=1.346622 baseline=0.000424 floor=0.000180 adapt=0.001061 lastPeak=0.000000 baseParam=0.000180 gateRatio=0.0550 envParam=0.000450 onsetScale=0.300 retriggerScale=1.400 guard=0.060 guardRemain=0.000 activeAge=-1.000 retrigRemain=0.000 pitchHz=-1.00 pitchCents=0.0
2025-12-15 22:47:17 [tracker] [s1] onset t=2.969 env=0.00096 gate=0.00002 envDelta=0.00094 envFloor=0.00064 onset=1.353 thresh=0.006 onsetDelta=1.34662 baseline=0.00042 adaptive=0.00106 lastPeak=0.00000 guard=0.060 activeAge=-1.000 pitch=-1.00Hz pitchCents=0.0
2025-12-15 22:47:17 [tracker] [s5] onset t=3.001 env=0.00155 gate=0.00015 envDelta=0.00140 envFloor=0.00106 onset=1.140 thresh=0.016 onsetDelta=1.12373 baseline=0.00070 adaptive=0.00176 lastPeak=0.00000 guard=0.060 activeAge=-1.000 pitch=-1.00Hz pitchCents=0.0
2025-12-15 22:47:17 [tracker] [s5] onset t=3.076 env=0.00161 gate=0.00015 envDelta=0.00146 envFloor=0.00106 onset=1.049 thresh=0.016 onsetDelta=1.03307 baseline=0.00071 adaptive=0.00176 lastPeak=0.00000 guard=0.060 activeAge=-1.000 pitch=-1.00Hz pitchCents=0.0
2025-12-15 22:47:17 [tracker] [s1] aubio-raw t=3.0840 onset=1.000426 env=0.001007 peak=0.002648 gain=1.000
2025-12-15 22:47:17 [tracker] [s1] onset-accepted t=3.0840 env=0.001007 gate=0.000022 envDelta=0.000986 envFloor=0.000588 onset=1.000426 thresh=0.006000 onsetDelta=0.994426 baseline=0.000392 floor=0.000180 adapt=0.000980 lastPeak=0.000000 baseParam=0.000180 gateRatio=0.0550 envParam=0.000450 onsetScale=0.300 retriggerScale=1.400 guard=0.060 guardRemain=0.000 activeAge=-1.000 retrigRemain=0.000 pitchHz=-1.00 pitchCents=0.0
2025-12-15 22:47:17 [tracker] [s1] onset t=3.084 env=0.00101 gate=0.00002 envDelta=0.00099 envFloor=0.00059 onset=1.000 thresh=0.006 onsetDelta=0.99443 baseline=0.00039 adaptive=0.00098 lastPeak=0.00000 guard=0.060 activeAge=-1.000 pitch=-1.00Hz pitchCents=0.0
2025-12-15 22:47:18 [tracker] [s6] onset t=3.143 env=0.00212 gate=0.00022 envDelta=0.00190 envFloor=0.00131 onset=1.493 thresh=0.018 onsetDelta=1.47482 baseline=0.00087 adaptive=0.00218 lastPeak=0.00000 guard=0.060 activeAge=-1.000 pitch=-1.00Hz pitchCents=0.0
2025-12-15 22:47:18 [tracker] [s3] onset t=3.145 env=0.00115 gate=0.00008 envDelta=0.00107 envFloor=0.00092 onset=1.404 thresh=0.012 onsetDelta=1.39212 baseline=0.00061 adaptive=0.00153 lastPeak=0.00000 guard=0.060 activeAge=-1.000 pitch=-1.00Hz pitchCents=0.0
2025-12-15 22:47:18 [tracker] [s2] onset t=3.167 env=0.00167 gate=0.00001 envDelta=0.00166 envFloor=0.00100 onset=0.655 thresh=0.009 onsetDelta=0.64562 baseline=0.00067 adaptive=0.00166 lastPeak=0.00013 guard=0.060 activeAge=-1.000 pitch=-1.00Hz pitchCents=0.0
2025-12-15 22:47:18 [tracker] [s3] onset t=3.239 env=0.00124 gate=0.00008 envDelta=0.00116 envFloor=0.00092 onset=1.025 thresh=0.012 onsetDelta=1.01384 baseline=0.00061 adaptive=0.00153 lastPeak=0.00000 guard=0.060 activeAge=-1.000 pitch=-1.00Hz pitchCents=0.0
2025-12-15 22:47:18 [tracker] [s6] onset t=3.255 env=0.00209 gate=0.00021 envDelta=0.00187 envFloor=0.00128 onset=1.334 thresh=0.018 onsetDelta=1.31644 baseline=0.00085 adaptive=0.00213 lastPeak=0.00000 guard=0.060 activeAge=-1.000 pitch=-1.00Hz pitchCents=0.0
2025-12-15 22:47:18 [tracker] [s1] aubio-raw t=3.2707 onset=0.966397 env=0.000801 peak=0.002094 gain=1.000
2025-12-15 22:47:18 [tracker] [s1] onset-accepted t=3.2707 env=0.000801 gate=0.000021 envDelta=0.000780 envFloor=0.000580 onset=0.966397 thresh=0.006000 onsetDelta=0.960397 baseline=0.000387 floor=0.000180 adapt=0.000966 lastPeak=0.000000 baseParam=0.000180 gateRatio=0.0550 envParam=0.000450 onsetScale=0.300 retriggerScale=1.400 guard=0.060 guardRemain=0.000 activeAge=-1.000 retrigRemain=0.000 pitchHz=-1.00 pitchCents=0.0
2025-12-15 22:47:18 [tracker] [s1] onset t=3.271 env=0.00080 gate=0.00002 envDelta=0.00078 envFloor=0.00058 onset=0.966 thresh=0.006 onsetDelta=0.96040 baseline=0.00039 adaptive=0.00097 lastPeak=0.00000 guard=0.060 activeAge=-1.000 pitch=-1.00Hz pitchCents=0.0
2025-12-15 22:47:18 [tracker] [s6] onset t=3.343 env=0.00191 gate=0.00020 envDelta=0.00172 envFloor=0.00117 onset=1.000 thresh=0.018 onsetDelta=0.98227 baseline=0.00078 adaptive=0.00196 lastPeak=0.00000 guard=0.060 activeAge=-1.000 pitch=-1.00Hz pitchCents=0.0
2025-12-15 22:47:18 [tracker] [s3] onset t=3.380 env=0.00127 gate=0.00008 envDelta=0.00120 envFloor=0.00088 onset=1.420 thresh=0.012 onsetDelta=1.40870 baseline=0.00058 adaptive=0.00146 lastPeak=0.00000 guard=0.060 activeAge=-1.000 pitch=-1.00Hz pitchCents=0.0
2025-12-15 22:47:18 [tracker] [s2] onset t=3.433 env=0.00111 gate=0.00001 envDelta=0.00110 envFloor=0.00096 onset=0.967 thresh=0.009 onsetDelta=0.95776 baseline=0.00064 adaptive=0.00161 lastPeak=0.00008 guard=0.060 activeAge=-1.000 pitch=444.46Hz pitchCents=2417.4
2025-12-15 22:47:18 [tracker] [s2] note-start t=3.433 fret=24 midi=69 vel=0.01 env=0.00111
2025-12-15 22:47:18 [tracker] [s3] onset t=3.561 env=0.00132 gate=0.00008 envDelta=0.00124 envFloor=0.00096 onset=0.998 thresh=0.012 onsetDelta=0.98672 baseline=0.00064 adaptive=0.00161 lastPeak=0.00000 guard=0.060 activeAge=-1.000 pitch=-1.00Hz pitchCents=0.0
2025-12-15 22:47:18 [tracker] [s1] aubio-raw t=3.6600 onset=1.083470 env=0.001125 peak=0.002602 gain=1.000
2025-12-15 22:47:18 [tracker] [s1] onset-accepted t=3.6600 env=0.001125 gate=0.000022 envDelta=0.001104 envFloor=0.000591 onset=1.083470 thresh=0.006000 onsetDelta=1.077469 baseline=0.000394 floor=0.000180 adapt=0.000984 lastPeak=0.000000 baseParam=0.000180 gateRatio=0.0550 envParam=0.000450 onsetScale=0.300 retriggerScale=1.400 guard=0.060 guardRemain=0.000 activeAge=-1.000 retrigRemain=0.000 pitchHz=222.23 pitchCents=1717.4
2025-12-15 22:47:18 [tracker] [s1] onset t=3.660 env=0.00113 gate=0.00002 envDelta=0.00110 envFloor=0.00059 onset=1.083 thresh=0.006 onsetDelta=1.07747 baseline=0.00039 adaptive=0.00098 lastPeak=0.00000 guard=0.060 activeAge=-1.000 pitch=222.23Hz pitchCents=1717.4
2025-12-15 22:47:18 [tracker] [s3] onset t=3.804 env=0.00129 gate=0.00008 envDelta=0.00121 envFloor=0.00093 onset=1.277 thresh=0.012 onsetDelta=1.26492 baseline=0.00062 adaptive=0.00155 lastPeak=0.00000 guard=0.060 activeAge=-1.000 pitch=-1.00Hz pitchCents=0.0
2025-12-15 22:47:18 [tracker] [s2] onset t=3.807 env=0.00120 gate=0.00001 envDelta=0.00119 envFloor=0.00099 onset=1.091 thresh=0.009 onsetDelta=1.08213 baseline=0.00066 adaptive=0.00165 lastPeak=0.00055 guard=0.060 activeAge=0.373 pitch=235.28Hz pitchCents=1316.3
2025-12-15 22:47:18 [tracker] [s2] note-ended (new onset) t=3.807 fret=24 dur=0.373
2025-12-15 22:47:18 [tracker] [s6] onset t=3.828 env=0.00201 gate=0.00020 envDelta=0.00181 envFloor=0.00119 onset=1.042 thresh=0.018 onsetDelta=1.02422 baseline=0.00079 adaptive=0.00198 lastPeak=0.00000 guard=0.060 activeAge=-1.000 pitch=-1.00Hz pitchCents=0.0
2025-12-15 22:47:18 [tracker] [s3] onset t=3.892 env=0.00151 gate=0.00008 envDelta=0.00143 envFloor=0.00091 onset=1.184 thresh=0.012 onsetDelta=1.17231 baseline=0.00061 adaptive=0.00152 lastPeak=0.00000 guard=0.060 activeAge=-1.000 pitch=-1.00Hz pitchCents=0.0
2025-12-15 22:47:18 [tracker] [s5] onset t=3.903 env=0.00169 gate=0.00015 envDelta=0.00154 envFloor=0.00108 onset=1.402 thresh=0.016 onsetDelta=1.38604 baseline=0.00072 adaptive=0.00180 lastPeak=0.00000 guard=0.060 activeAge=-1.000 pitch=-1.00Hz pitchCents=0.0
2025-12-15 22:47:18 [tracker] [s5] onset t=3.996 env=0.00169 gate=0.00016 envDelta=0.00153 envFloor=0.00113 onset=1.308 thresh=0.016 onsetDelta=1.29213 baseline=0.00075 adaptive=0.00188 lastPeak=0.00000 guard=0.060 activeAge=-1.000 pitch=-1.00Hz pitchCents=0.0
2025-12-15 22:47:18 [tracker] [s5] onset t=4.052 env=0.00139 gate=0.00016 envDelta=0.00124 envFloor=0.00113 onset=1.105 thresh=0.016 onsetDelta=1.08903 baseline=0.00075 adaptive=0.00188 lastPeak=0.00000 guard=0.060 activeAge=-1.000 pitch=-1.00Hz pitchCents=0.0
2025-12-15 22:47:18 [tracker] [s2] onset t=4.057 env=0.00195 gate=0.00001 envDelta=0.00194 envFloor=0.00093 onset=1.017 thresh=0.009 onsetDelta=1.00833 baseline=0.00062 adaptive=0.00155 lastPeak=0.00034 guard=0.060 activeAge=-1.000 pitch=400.08Hz pitchCents=2235.4
2025-12-15 22:47:18 [tracker] [s1] aubio-raw t=4.0947 onset=0.924351 env=0.000977 peak=0.002140 gain=1.000
2025-12-15 22:47:18 [tracker] [s1] onset-accepted t=4.0947 env=0.000977 gate=0.000022 envDelta=0.000955 envFloor=0.000613 onset=0.924351 thresh=0.006000 onsetDelta=0.918351 baseline=0.000409 floor=0.000180 adapt=0.001022 lastPeak=0.000000 baseParam=0.000180 gateRatio=0.0550 envParam=0.000450 onsetScale=0.300 retriggerScale=1.400 guard=0.060 guardRemain=0.000 activeAge=-1.000 retrigRemain=0.000 pitchHz=106.66 pitchCents=446.6
2025-12-15 22:47:18 [tracker] [s1] onset t=4.095 env=0.00098 gate=0.00002 envDelta=0.00095 envFloor=0.00061 onset=0.924 thresh=0.006 onsetDelta=0.91835 baseline=0.00041 adaptive=0.00102 lastPeak=0.00000 guard=0.060 activeAge=-1.000 pitch=106.66Hz pitchCents=446.6
2025-12-15 22:47:19 [tracker] [s3] onset t=4.119 env=0.00106 gate=0.00007 envDelta=0.00098 envFloor=0.00086 onset=0.998 thresh=0.012 onsetDelta=0.98630 baseline=0.00057 adaptive=0.00143 lastPeak=0.00000 guard=0.060 activeAge=-1.000 pitch=-1.00Hz pitchCents=0.0
2025-12-15 22:47:19 [tracker] [s5] onset t=4.143 env=0.00132 gate=0.00015 envDelta=0.00117 envFloor=0.00106 onset=0.779 thresh=0.016 onsetDelta=0.76291 baseline=0.00071 adaptive=0.00177 lastPeak=0.00000 guard=0.060 activeAge=-1.000 pitch=-1.00Hz pitchCents=0.0
2025-12-15 22:47:19 [tracker] [s2] onset t=4.156 env=0.00122 gate=0.00001 envDelta=0.00122 envFloor=0.00096 onset=0.936 thresh=0.009 onsetDelta=0.92694 baseline=0.00064 adaptive=0.00161 lastPeak=0.00029 guard=0.060 activeAge=-1.000 pitch=-1.00Hz pitchCents=0.0
2025-12-15 22:47:19 [tracker] [s1] aubio-raw t=4.2120 onset=0.610451 env=0.000615 peak=0.001498 gain=1.000
2025-12-15 22:47:19 [tracker] [s1] onset-accepted t=4.2120 env=0.000615 gate=0.000021 envDelta=0.000594 envFloor=0.000572 onset=0.610451 thresh=0.006000 onsetDelta=0.604451 baseline=0.000382 floor=0.000180 adapt=0.000954 lastPeak=0.000000 baseParam=0.000180 gateRatio=0.0550 envParam=0.000450 onsetScale=0.300 retriggerScale=1.400 guard=0.060 guardRemain=0.000 activeAge=-1.000 retrigRemain=0.000 pitchHz=296.27 pitchCents=2215.3
2025-12-15 22:47:19 [tracker] [s1] onset t=4.212 env=0.00061 gate=0.00002 envDelta=0.00059 envFloor=0.00057 onset=0.610 thresh=0.006 onsetDelta=0.60445 baseline=0.00038 adaptive=0.00095 lastPeak=0.00000 guard=0.060 activeAge=-1.000 pitch=296.27Hz pitchCents=2215.3
2025-12-15 22:47:19 [tracker] [s3] onset t=4.284 env=0.00163 gate=0.00008 envDelta=0.00155 envFloor=0.00094 onset=0.771 thresh=0.012 onsetDelta=0.75946 baseline=0.00063 adaptive=0.00157 lastPeak=0.00000 guard=0.060 activeAge=-1.000 pitch=-1.00Hz pitchCents=0.0
2025-12-15 22:47:19 [tracker] [s4] onset t=4.297 env=0.00153 gate=0.00011 envDelta=0.00142 envFloor=0.00098 onset=1.398 thresh=0.014 onsetDelta=1.38414 baseline=0.00066 adaptive=0.00164 lastPeak=0.00000 guard=0.060 activeAge=-1.000 pitch=-1.00Hz pitchCents=0.0
2025-12-15 22:47:19 [tracker] [s3] onset t=4.383 env=0.00191 gate=0.00009 envDelta=0.00182 envFloor=0.00100 onset=0.976 thresh=0.012 onsetDelta=0.96428 baseline=0.00067 adaptive=0.00166 lastPeak=0.00000 guard=0.060 activeAge=-1.000 pitch=-1.00Hz pitchCents=0.0
2025-12-15 22:47:19 [tracker] [s4] onset t=4.383 env=0.00145 gate=0.00011 envDelta=0.00133 envFloor=0.00101 onset=0.998 thresh=0.014 onsetDelta=0.98395 baseline=0.00067 adaptive=0.00168 lastPeak=0.00000 guard=0.060 activeAge=-1.000 pitch=-1.00Hz pitchCents=0.0
2025-12-15 22:47:19 [tracker] [s6] onset t=4.388 env=0.00214 gate=0.00022 envDelta=0.00192 envFloor=0.00131 onset=0.950 thresh=0.018 onsetDelta=0.93200 baseline=0.00087 adaptive=0.00218 lastPeak=0.00000 guard=0.060 activeAge=-1.000 pitch=-1.00Hz pitchCents=0.0
2025-12-15 22:47:19 [tracker] [s3] onset t=4.433 env=0.00177 gate=0.00008 envDelta=0.00169 envFloor=0.00095 onset=0.997 thresh=0.012 onsetDelta=0.98501 baseline=0.00064 adaptive=0.00159 lastPeak=0.00000 guard=0.060 activeAge=-1.000 pitch=-1.00Hz pitchCents=0.0
2025-12-15 22:47:19 [tracker] [s3] onset t=4.484 env=0.00158 gate=0.00008 envDelta=0.00150 envFloor=0.00093 onset=0.937 thresh=0.012 onsetDelta=0.92561 baseline=0.00062 adaptive=0.00155 lastPeak=0.00000 guard=0.060 activeAge=-1.000 pitch=-1.00Hz pitchCents=0.0
2025-12-15 22:47:19 [tracker] [s1] aubio-raw t=4.5347 onset=0.998372 env=0.001014 peak=0.002449 gain=1.000
2025-12-15 22:47:19 [tracker] [s1] onset-accepted t=4.5347 env=0.001014 gate=0.000022 envDelta=0.000992 envFloor=0.000608 onset=0.998372 thresh=0.006000 onsetDelta=0.992372 baseline=0.000406 floor=0.000180 adapt=0.001014 lastPeak=0.000000 baseParam=0.000180 gateRatio=0.0550 envParam=0.000450 onsetScale=0.300 retriggerScale=1.400 guard=0.060 guardRemain=0.000 activeAge=-1.000 retrigRemain=0.000 pitchHz=-1.00 pitchCents=0.0
2025-12-15 22:47:19 [tracker] [s1] onset t=4.535 env=0.00101 gate=0.00002 envDelta=0.00099 envFloor=0.00061 onset=0.998 thresh=0.006 onsetDelta=0.99237 baseline=0.00041 adaptive=0.00101 lastPeak=0.00000 guard=0.060 activeAge=-1.000 pitch=-1.00Hz pitchCents=0.0
2025-12-15 22:47:19 [tracker] [s4] onset t=4.564 env=0.00172 gate=0.00011 envDelta=0.00161 envFloor=0.00094 onset=1.040 thresh=0.014 onsetDelta=1.02550 baseline=0.00063 adaptive=0.00156 lastPeak=0.00000 guard=0.060 activeAge=-1.000 pitch=-1.00Hz pitchCents=0.0
2025-12-15 22:47:19 [tracker] [s6] onset t=4.679 env=0.00205 gate=0.00022 envDelta=0.00183 envFloor=0.00130 onset=1.414 thresh=0.018 onsetDelta=1.39550 baseline=0.00087 adaptive=0.00216 lastPeak=0.00000 guard=0.060 activeAge=-1.000 pitch=-1.00Hz pitchCents=0.0
2025-12-15 22:47:19 [tracker] [s5] onset t=4.753 env=0.00193 gate=0.00016 envDelta=0.00177 envFloor=0.00114 onset=0.909 thresh=0.016 onsetDelta=0.89282 baseline=0.00076 adaptive=0.00190 lastPeak=0.00000 guard=0.060 activeAge=-1.000 pitch=-1.00Hz pitchCents=0.0
2025-12-15 22:47:19 [tracker] [s2] onset t=4.876 env=0.00119 gate=0.00001 envDelta=0.00119 envFloor=0.00096 onset=0.993 thresh=0.009 onsetDelta=0.98441 baseline=0.00064 adaptive=0.00159 lastPeak=0.00007 guard=0.060 activeAge=-1.000 pitch=381.03Hz pitchCents=2150.9
2025-12-15 22:47:19 [tracker] [s4] onset t=4.881 env=0.00162 gate=0.00011 envDelta=0.00151 envFloor=0.00095 onset=0.998 thresh=0.014 onsetDelta=0.98402 baseline=0.00063 adaptive=0.00159 lastPeak=0.00000 guard=0.060 activeAge=-1.000 pitch=-1.00Hz pitchCents=0.0
2025-12-15 22:47:19 [tracker] [s3] onset t=4.884 env=0.00134 gate=0.00008 envDelta=0.00126 envFloor=0.00091 onset=0.988 thresh=0.012 onsetDelta=0.97614 baseline=0.00061 adaptive=0.00152 lastPeak=0.00000 guard=0.060 activeAge=-1.000 pitch=-1.00Hz pitchCents=0.0
2025-12-15 22:47:19 [tracker] [s1] aubio-raw t=4.9026 onset=0.842994 env=0.000829 peak=0.001823 gain=1.000
2025-12-15 22:47:19 [tracker] [s1] onset-accepted t=4.9026 env=0.000829 gate=0.000021 envDelta=0.000808 envFloor=0.000567 onset=0.842994 thresh=0.006000 onsetDelta=0.836994 baseline=0.000378 floor=0.000180 adapt=0.000945 lastPeak=0.000000 baseParam=0.000180 gateRatio=0.0550 envParam=0.000450 onsetScale=0.300 retriggerScale=1.400 guard=0.060 guardRemain=0.000 activeAge=-1.000 retrigRemain=0.000 pitchHz=96.38 pitchCents=271.2
2025-12-15 22:47:19 [tracker] [s1] onset t=4.903 env=0.00083 gate=0.00002 envDelta=0.00081 envFloor=0.00057 onset=0.843 thresh=0.006 onsetDelta=0.83699 baseline=0.00038 adaptive=0.00095 lastPeak=0.00000 guard=0.060 activeAge=-1.000 pitch=96.38Hz pitchCents=271.2
2025-12-15 22:47:19 [tracker] [s1] note-start t=4.903 fret=5 midi=45 vel=0.01 env=0.00083
2025-12-15 22:47:19 [tracker] [s6] onset t=4.903 env=0.00210 gate=0.00020 envDelta=0.00191 envFloor=0.00119 onset=1.201 thresh=0.018 onsetDelta=1.18331 baseline=0.00079 adaptive=0.00198 lastPeak=0.00000 guard=0.060 activeAge=-1.000 pitch=-1.00Hz pitchCents=0.0
2025-12-15 22:47:19 [tracker] [s2] onset t=4.943 env=0.00138 gate=0.00001 envDelta=0.00137 envFloor=0.00091 onset=0.998 thresh=0.009 onsetDelta=0.98880 baseline=0.00060 adaptive=0.00151 lastPeak=0.00007 guard=0.060 activeAge=-1.000 pitch=615.39Hz pitchCents=2980.8
2025-12-15 22:47:19 [tracker] [s3] onset t=4.972 env=0.00128 gate=0.00008 envDelta=0.00120 envFloor=0.00087 onset=0.555 thresh=0.012 onsetDelta=0.54295 baseline=0.00058 adaptive=0.00146 lastPeak=0.00000 guard=0.060 activeAge=-1.000 pitch=-1.00Hz pitchCents=0.0
2025-12-15 22:47:19 [tracker] [s1] aubio-raw t=4.9986 onset=0.995733 env=0.000918 peak=0.002192 gain=1.000
2025-12-15 22:47:19 [tracker] [s1] onset-accepted t=4.9986 env=0.000918 gate=0.000034 envDelta=0.000884 envFloor=0.000684 onset=0.995733 thresh=0.006000 onsetDelta=0.989733 baseline=0.000623 floor=0.000180 adapt=0.001140 lastPeak=0.000692 baseParam=0.000180 gateRatio=0.0550 envParam=0.000450 onsetScale=0.300 retriggerScale=1.400 guard=0.060 guardRemain=0.000 activeAge=0.096 retrigRemain=0.124 pitchHz=-1.00 pitchCents=0.0
2025-12-15 22:47:19 [tracker] [s1] onset t=4.999 env=0.00092 gate=0.00003 envDelta=0.00088 envFloor=0.00068 onset=0.996 thresh=0.006 onsetDelta=0.98973 baseline=0.00062 adaptive=0.00114 lastPeak=0.00069 guard=0.060 activeAge=0.096 pitch=-1.00Hz pitchCents=0.0
2025-12-15 22:47:19 [tracker] [s1] note-ended (new onset) t=4.999 fret=5 dur=0.096
2025-12-15 22:47:19 [tracker] [s5] onset t=5.044 env=0.00171 gate=0.00015 envDelta=0.00156 envFloor=0.00108 onset=1.110 thresh=0.016 onsetDelta=1.09367 baseline=0.00072 adaptive=0.00180 lastPeak=0.00000 guard=0.060 activeAge=-1.000 pitch=-1.00Hz pitchCents=0.0
2025-12-15 22:47:19 [tracker] [s6] onset t=5.073 env=0.00227 gate=0.00022 envDelta=0.00205 envFloor=0.00130 onset=0.996 thresh=0.018 onsetDelta=0.97848 baseline=0.00087 adaptive=0.00217 lastPeak=0.00000 guard=0.060 activeAge=-1.000 pitch=-1.00Hz pitchCents=0.0
2025-12-15 22:47:19 [tracker] [s4] onset t=5.081 env=0.00149 gate=0.00011 envDelta=0.00138 envFloor=0.00097 onset=0.997 thresh=0.014 onsetDelta=0.98300 baseline=0.00065 adaptive=0.00162 lastPeak=0.00000 guard=0.060 activeAge=-1.000 pitch=-1.00Hz pitchCents=0.0
2025-12-15 22:47:19 [tracker] [s2] onset t=5.095 env=0.00157 gate=0.00001 envDelta=0.00156 envFloor=0.00096 onset=0.687 thresh=0.009 onsetDelta=0.67833 baseline=0.00093 adaptive=0.00161 lastPeak=0.00103 guard=0.060 activeAge=0.152 pitch=-1.00Hz pitchCents=0.0
2025-12-15 22:47:19 [tracker] [s2] note-ended (new onset) t=5.095 fret=24 dur=0.152
2025-12-15 22:47:20 [tracker] [s3] onset t=5.119 env=0.00156 gate=0.00008 envDelta=0.00148 envFloor=0.00093 onset=0.759 thresh=0.012 onsetDelta=0.74693 baseline=0.00062 adaptive=0.00155 lastPeak=0.00000 guard=0.060 activeAge=-1.000 pitch=-1.00Hz pitchCents=0.0
2025-12-15 22:47:20 [tracker] [s4] onset t=5.247 env=0.00118 gate=0.00011 envDelta=0.00107 envFloor=0.00099 onset=0.982 thresh=0.014 onsetDelta=0.96786 baseline=0.00066 adaptive=0.00165 lastPeak=0.00000 guard=0.060 activeAge=-1.000 pitch=-1.00Hz pitchCents=0.0
2025-12-15 22:47:20 [tracker] [s1] aubio-raw t=5.4333 onset=1.139425 env=0.000910 peak=0.002470 gain=1.000
2025-12-15 22:47:20 [tracker] [s1] onset-accepted t=5.4333 env=0.000910 gate=0.000023 envDelta=0.000887 envFloor=0.000622 onset=1.139425 thresh=0.006000 onsetDelta=1.133425 baseline=0.000415 floor=0.000180 adapt=0.001037 lastPeak=0.000306 baseParam=0.000180 gateRatio=0.0550 envParam=0.000450 onsetScale=0.300 retriggerScale=1.400 guard=0.060 guardRemain=0.000 activeAge=-1.000 retrigRemain=0.000 pitchHz=-1.00 pitchCents=0.0
2025-12-15 22:47:20 [tracker] [s1] onset t=5.433 env=0.00091 gate=0.00002 envDelta=0.00089 envFloor=0.00062 onset=1.139 thresh=0.006 onsetDelta=1.13342 baseline=0.00041 adaptive=0.00104 lastPeak=0.00031 guard=0.060 activeAge=-1.000 pitch=-1.00Hz pitchCents=0.0
2025-12-15 22:47:20 [tracker] [s4] onset t=5.460 env=0.00157 gate=0.00012 envDelta=0.00146 envFloor=0.00102 onset=0.921 thresh=0.014 onsetDelta=0.90723 baseline=0.00068 adaptive=0.00169 lastPeak=0.00000 guard=0.060 activeAge=-1.000 pitch=-1.00Hz pitchCents=0.0
2025-12-15 22:47:20 [tracker] [s3] onset t=5.532 env=0.00116 gate=0.00008 envDelta=0.00108 envFloor=0.00094 onset=1.125 thresh=0.012 onsetDelta=1.11359 baseline=0.00063 adaptive=0.00157 lastPeak=0.00000 guard=0.060 activeAge=-1.000 pitch=-1.00Hz pitchCents=0.0
2025-12-15 22:47:20 [tracker] [s2] onset t=5.615 env=0.00099 gate=0.00001 envDelta=0.00098 envFloor=0.00096 onset=0.996 thresh=0.009 onsetDelta=0.98683 baseline=0.00064 adaptive=0.00160 lastPeak=0.00039 guard=0.060 activeAge=-1.000 pitch=727.21Hz pitchCents=3269.8
2025-12-15 22:47:20 [tracker] [s2] note-start t=5.615 fret=24 midi=69 vel=0.01 env=0.00099
2025-12-15 22:47:20 [tracker] [s1] aubio-raw t=5.6893 onset=1.093834 env=0.000639 peak=0.001828 gain=1.000
2025-12-15 22:47:20 [tracker] [s1] onset-accepted t=5.6893 env=0.000639 gate=0.000021 envDelta=0.000618 envFloor=0.000576 onset=1.093834 thresh=0.006000 onsetDelta=1.087834 baseline=0.000384 floor=0.000180 adapt=0.000959 lastPeak=0.000189 baseParam=0.000180 gateRatio=0.0550 envParam=0.000450 onsetScale=0.300 retriggerScale=1.400 guard=0.060 guardRemain=0.000 activeAge=-1.000 retrigRemain=0.000 pitchHz=333.34 pitchCents=2419.4
2025-12-15 22:47:20 [tracker] [s1] onset t=5.689 env=0.00064 gate=0.00002 envDelta=0.00062 envFloor=0.00058 onset=1.094 thresh=0.006 onsetDelta=1.08783 baseline=0.00038 adaptive=0.00096 lastPeak=0.00019 guard=0.060 activeAge=-1.000 pitch=333.34Hz pitchCents=2419.4
2025-12-15 22:47:20 [tracker] [s2] onset t=5.799 env=0.00203 gate=0.00001 envDelta=0.00203 envFloor=0.00102 onset=0.775 thresh=0.009 onsetDelta=0.76630 baseline=0.00068 adaptive=0.00171 lastPeak=0.00070 guard=0.060 activeAge=0.184 pitch=-1.00Hz pitchCents=0.0
2025-12-15 22:47:20 [tracker] [s2] note-ended (new onset) t=5.799 fret=24 dur=0.184
2025-12-15 22:47:20 [tracker] [s3] onset t=5.881 env=0.00122 gate=0.00008 envDelta=0.00114 envFloor=0.00091 onset=0.990 thresh=0.012 onsetDelta=0.97868 baseline=0.00061 adaptive=0.00152 lastPeak=0.00000 guard=0.060 activeAge=-1.000 pitch=-1.00Hz pitchCents=0.0
2025-12-15 22:47:20 [tracker] [s2] onset t=5.884 env=0.00114 gate=0.00001 envDelta=0.00113 envFloor=0.00095 onset=0.922 thresh=0.009 onsetDelta=0.91270 baseline=0.00064 adaptive=0.00159 lastPeak=0.00060 guard=0.060 activeAge=-1.000 pitch=-1.00Hz pitchCents=0.0
2025-12-15 22:47:20 [tracker] [s1] aubio-raw t=5.8946 onset=1.301641 env=0.000908 peak=0.002502 gain=1.000
2025-12-15 22:47:20 [tracker] [s1] onset-accepted t=5.8946 env=0.000908 gate=0.000022 envDelta=0.000886 envFloor=0.000599 onset=1.301641 thresh=0.006000 onsetDelta=1.295641 baseline=0.000399 floor=0.000180 adapt=0.000998 lastPeak=0.000128 baseParam=0.000180 gateRatio=0.0550 envParam=0.000450 onsetScale=0.300 retriggerScale=1.400 guard=0.060 guardRemain=0.000 activeAge=-1.000 retrigRemain=0.000 pitchHz=-1.00 pitchCents=0.0
2025-12-15 22:47:20 [tracker] [s1] onset t=5.895 env=0.00091 gate=0.00002 envDelta=0.00089 envFloor=0.00060 onset=1.302 thresh=0.006 onsetDelta=1.29564 baseline=0.00040 adaptive=0.00100 lastPeak=0.00013 guard=0.060 activeAge=-1.000 pitch=-1.00Hz pitchCents=0.0
2025-12-15 22:47:20 [tracker] [s6] onset t=6.036 env=0.00174 gate=0.00020 envDelta=0.00154 envFloor=0.00119 onset=0.998 thresh=0.018 onsetDelta=0.97967 baseline=0.00079 adaptive=0.00198 lastPeak=0.00000 guard=0.060 activeAge=-1.000 pitch=-1.00Hz pitchCents=0.0
2025-12-15 22:47:20 [tracker] [s2] onset t=6.108 env=0.00151 gate=0.00001 envDelta=0.00150 envFloor=0.00104 onset=0.836 thresh=0.009 onsetDelta=0.82733 baseline=0.00069 adaptive=0.00173 lastPeak=0.00039 guard=0.060 activeAge=-1.000 pitch=-1.00Hz pitchCents=0.0
2025-12-15 22:47:20 [tracker] [s4] onset t=6.111 env=0.00113 gate=0.00011 envDelta=0.00102 envFloor=0.00096 onset=0.993 thresh=0.014 onsetDelta=0.97950 baseline=0.00064 adaptive=0.00160 lastPeak=0.00000 guard=0.060 activeAge=-1.000 pitch=-1.00Hz pitchCents=0.0
2025-12-15 22:47:21 [tracker] [s5] onset t=6.201 env=0.00183 gate=0.00016 envDelta=0.00167 envFloor=0.00111 onset=0.999 thresh=0.016 onsetDelta=0.98349 baseline=0.00074 adaptive=0.00185 lastPeak=0.00000 guard=0.060 activeAge=-1.000 pitch=-1.00Hz pitchCents=0.0
2025-12-15 22:47:21 [tracker] [s2] onset t=6.204 env=0.00121 gate=0.00001 envDelta=0.00120 envFloor=0.00102 onset=1.459 thresh=0.009 onsetDelta=1.45031 baseline=0.00068 adaptive=0.00170 lastPeak=0.00033 guard=0.060 activeAge=-1.000 pitch=-1.00Hz pitchCents=0.0
2025-12-15 22:47:21 [tracker] [s1] aubio-raw t=6.2999 onset=0.997240 env=0.001312 peak=0.002774 gain=1.000
2025-12-15 22:47:21 [tracker] [s1] onset-accepted t=6.2999 env=0.001312 gate=0.000022 envDelta=0.001290 envFloor=0.000607 onset=0.997240 thresh=0.006000 onsetDelta=0.991240 baseline=0.000405 floor=0.000180 adapt=0.001012 lastPeak=0.000060 baseParam=0.000180 gateRatio=0.0550 envParam=0.000450 onsetScale=0.300 retriggerScale=1.400 guard=0.060 guardRemain=0.000 activeAge=-1.000 retrigRemain=0.000 pitchHz=421.02 pitchCents=2823.7
2025-12-15 22:47:21 [tracker] [s1] onset t=6.300 env=0.00131 gate=0.00002 envDelta=0.00129 envFloor=0.00061 onset=0.997 thresh=0.006 onsetDelta=0.99124 baseline=0.00040 adaptive=0.00101 lastPeak=0.00006 guard=0.060 activeAge=-1.000 pitch=421.02Hz pitchCents=2823.7
2025-12-15 22:47:21 [tracker] [s5] onset t=6.335 env=0.00173 gate=0.00015 envDelta=0.00158 envFloor=0.00106 onset=1.170 thresh=0.016 onsetDelta=1.15372 baseline=0.00071 adaptive=0.00177 lastPeak=0.00000 guard=0.060 activeAge=-1.000 pitch=-1.00Hz pitchCents=0.0
2025-12-15 22:47:21 [tracker] [s4] onset t=6.351 env=0.00173 gate=0.00011 envDelta=0.00162 envFloor=0.00098 onset=0.864 thresh=0.014 onsetDelta=0.84967 baseline=0.00066 adaptive=0.00164 lastPeak=0.00000 guard=0.060 activeAge=-1.000 pitch=-1.00Hz pitchCents=0.0
2025-12-15 22:47:21 [tracker] [s1] aubio-raw t=6.3905 onset=0.671308 env=0.001137 peak=0.002636 gain=1.000
2025-12-15 22:47:21 [tracker] [s1] onset-accepted t=6.3905 env=0.001137 gate=0.000023 envDelta=0.001114 envFloor=0.000625 onset=0.671308 thresh=0.006000 onsetDelta=0.665308 baseline=0.000417 floor=0.000180 adapt=0.001042 lastPeak=0.000051 baseParam=0.000180 gateRatio=0.0550 envParam=0.000450 onsetScale=0.300 retriggerScale=1.400 guard=0.060 guardRemain=0.000 activeAge=-1.000 retrigRemain=0.000 pitchHz=106.67 pitchCents=446.7
2025-12-15 22:47:21 [tracker] [s1] onset t=6.391 env=0.00114 gate=0.00002 envDelta=0.00111 envFloor=0.00063 onset=0.671 thresh=0.006 onsetDelta=0.66531 baseline=0.00042 adaptive=0.00104 lastPeak=0.00005 guard=0.060 activeAge=-1.000 pitch=106.67Hz pitchCents=446.7
2025-12-15 22:47:21 [tracker] [s1] aubio-raw t=6.5985 onset=0.997213 env=0.001063 peak=0.002930 gain=1.000
2025-12-15 22:47:21 [tracker] [s1] onset-accepted t=6.5985 env=0.001063 gate=0.000022 envDelta=0.001041 envFloor=0.000592 onset=0.997213 thresh=0.006000 onsetDelta=0.991213 baseline=0.000395 floor=0.000180 adapt=0.000987 lastPeak=0.000034 baseParam=0.000180 gateRatio=0.0550 envParam=0.000450 onsetScale=0.300 retriggerScale=1.400 guard=0.060 guardRemain=0.000 activeAge=-1.000 retrigRemain=0.000 pitchHz=-1.00 pitchCents=0.0
2025-12-15 22:47:21 [tracker] [s1] onset t=6.599 env=0.00106 gate=0.00002 envDelta=0.00104 envFloor=0.00059 onset=0.997 thresh=0.006 onsetDelta=0.99121 baseline=0.00039 adaptive=0.00099 lastPeak=0.00003 guard=0.060 activeAge=-1.000 pitch=-1.00Hz pitchCents=0.0
2025-12-15 22:47:21 [tracker] [s1] aubio-raw t=6.7478 onset=0.991043 env=0.000832 peak=0.001971 gain=1.000
2025-12-15 22:47:21 [tracker] [s1] onset-accepted t=6.7478 env=0.000832 gate=0.000023 envDelta=0.000810 envFloor=0.000616 onset=0.991043 thresh=0.006000 onsetDelta=0.985043 baseline=0.000411 floor=0.000180 adapt=0.001026 lastPeak=0.000026 baseParam=0.000180 gateRatio=0.0550 envParam=0.000450 onsetScale=0.300 retriggerScale=1.400 guard=0.060 guardRemain=0.000 activeAge=-1.000 retrigRemain=0.000 pitchHz=571.34 pitchCents=3352.2
2025-12-15 22:47:21 [tracker] [s1] onset t=6.748 env=0.00083 gate=0.00002 envDelta=0.00081 envFloor=0.00062 onset=0.991 thresh=0.006 onsetDelta=0.98504 baseline=0.00041 adaptive=0.00103 lastPeak=0.00003 guard=0.060 activeAge=-1.000 pitch=571.34Hz pitchCents=3352.2
2025-12-15 22:47:21 [tracker] [s1] note-start t=6.748 fret=24 midi=64 vel=0.01 env=0.00083
2025-12-15 22:47:21 [tracker] [s2] onset t=6.847 env=0.00123 gate=0.00001 envDelta=0.00122 envFloor=0.00095 onset=1.496 thresh=0.009 onsetDelta=1.48692 baseline=0.00063 adaptive=0.00158 lastPeak=0.00010 guard=0.060 activeAge=-1.000 pitch=94.11Hz pitchCents=-270.1
2025-12-15 22:47:21 [tracker] [s5] onset t=7.017 env=0.00180 gate=0.00016 envDelta=0.00164 envFloor=0.00112 onset=1.384 thresh=0.016 onsetDelta=1.36839 baseline=0.00074 adaptive=0.00186 lastPeak=0.00000 guard=0.060 activeAge=-1.000 pitch=-1.00Hz pitchCents=0.0
2025-12-15 22:47:21 [tracker] [s3] onset t=7.033 env=0.00164 gate=0.00008 envDelta=0.00155 envFloor=0.00097 onset=0.901 thresh=0.012 onsetDelta=0.88900 baseline=0.00065 adaptive=0.00162 lastPeak=0.00000 guard=0.060 activeAge=-1.000 pitch=-1.00Hz pitchCents=0.0
2025-12-15 22:47:22 [tracker] [s1] aubio-raw t=7.1958 onset=1.440039 env=0.000595 peak=0.001230 gain=1.000
2025-12-15 22:47:22 [tracker] [s1] onset-below-env-floor t=7.1958 env=0.000595 gate=0.000023 envDelta=0.000572 envFloor=0.000625 onset=1.440039 thresh=0.006000 onsetDelta=1.434039 baseline=0.000417 floor=0.000180 adapt=0.001041 lastPeak=0.000359 baseParam=0.000180 gateRatio=0.0550 envParam=0.000450 onsetScale=0.300 retriggerScale=1.400 guard=0.060 guardRemain=0.000 activeAge=0.448 retrigRemain=0.000 pitchHz=615.64 pitchCents=3481.5
2025-12-15 22:47:22 [tracker] [s1] release-retrigger t=7.196 onset=1.440 gate=0.000 age=0.448
2025-12-15 22:47:22 [tracker] [s1] note-ended t=7.196 fret=24 dur=0.448
2025-12-15 22:47:22 [tracker] [s2] onset t=7.246 env=0.00104 gate=0.00001 envDelta=0.00103 envFloor=0.00094 onset=1.011 thresh=0.009 onsetDelta=1.00177 baseline=0.00063 adaptive=0.00157 lastPeak=0.00005 guard=0.060 activeAge=-1.000 pitch=100.00Hz pitchCents=-165.0
2025-12-15 22:47:22 [tracker] [s6] onset t=7.436 env=0.00198 gate=0.00021 envDelta=0.00178 envFloor=0.00126 onset=1.359 thresh=0.018 onsetDelta=1.34128 baseline=0.00084 adaptive=0.00210 lastPeak=0.00000 guard=0.060 activeAge=-1.000 pitch=-1.00Hz pitchCents=0.0
2025-12-15 22:47:22 [tracker] [s6] onset t=7.513 env=0.00166 gate=0.00020 envDelta=0.00146 envFloor=0.00120 onset=1.002 thresh=0.018 onsetDelta=0.98384 baseline=0.00080 adaptive=0.00201 lastPeak=0.00000 guard=0.060 activeAge=-1.000 pitch=-1.00Hz pitchCents=0.0
2025-12-15 22:47:22 [tracker] [s1] aubio-raw t=7.5371 onset=1.187339 env=0.000733 peak=0.001609 gain=1.000
2025-12-15 22:47:22 [tracker] [s1] onset-accepted t=7.5371 env=0.000733 gate=0.000020 envDelta=0.000713 envFloor=0.000559 onset=1.187339 thresh=0.006000 onsetDelta=1.181339 baseline=0.000372 floor=0.000180 adapt=0.000931 lastPeak=0.000189 baseParam=0.000180 gateRatio=0.0550 envParam=0.000450 onsetScale=0.300 retriggerScale=1.400 guard=0.060 guardRemain=0.000 activeAge=-1.000 retrigRemain=0.000 pitchHz=249.96 pitchCents=1921.0
2025-12-15 22:47:22 [tracker] [s1] onset t=7.537 env=0.00073 gate=0.00002 envDelta=0.00071 envFloor=0.00056 onset=1.187 thresh=0.006 onsetDelta=1.18134 baseline=0.00037 adaptive=0.00093 lastPeak=0.00019 guard=0.060 activeAge=-1.000 pitch=249.96Hz pitchCents=1921.0
2025-12-15 22:47:22 [tracker] [s6] onset t=7.569 env=0.00172 gate=0.00019 envDelta=0.00153 envFloor=0.00113 onset=0.999 thresh=0.018 onsetDelta=0.98102 baseline=0.00075 adaptive=0.00188 lastPeak=0.00000 guard=0.060 activeAge=-1.000 pitch=-1.00Hz pitchCents=0.0
2025-12-15 22:47:22 [tracker] [s1] aubio-raw t=7.7024 onset=1.056818 env=0.001080 peak=0.002529 gain=1.000
2025-12-15 22:47:22 [tracker] [s1] onset-accepted t=7.7024 env=0.001080 gate=0.000023 envDelta=0.001057 envFloor=0.000619 onset=1.056818 thresh=0.006000 onsetDelta=1.050818 baseline=0.000412 floor=0.000180 adapt=0.001031 lastPeak=0.000138 baseParam=0.000180 gateRatio=0.0550 envParam=0.000450 onsetScale=0.300 retriggerScale=1.400 guard=0.060 guardRemain=0.000 activeAge=-1.000 retrigRemain=0.000 pitchHz=-1.00 pitchCents=0.0
2025-12-15 22:47:22 [tracker] [s1] onset t=7.702 env=0.00108 gate=0.00002 envDelta=0.00106 envFloor=0.00062 onset=1.057 thresh=0.006 onsetDelta=1.05082 baseline=0.00041 adaptive=0.00103 lastPeak=0.00014 guard=0.060 activeAge=-1.000 pitch=-1.00Hz pitchCents=0.0
2025-12-15 22:47:22 [tracker] [s4] onset t=7.750 env=0.00165 gate=0.00012 envDelta=0.00154 envFloor=0.00102 onset=0.822 thresh=0.014 onsetDelta=0.80848 baseline=0.00068 adaptive=0.00170 lastPeak=0.00000 guard=0.060 activeAge=-1.000 pitch=-1.00Hz pitchCents=0.0
2025-12-15 22:47:22 [tracker] [s3] onset t=7.761 env=0.00146 gate=0.00008 envDelta=0.00138 envFloor=0.00094 onset=0.995 thresh=0.012 onsetDelta=0.98380 baseline=0.00063 adaptive=0.00157 lastPeak=0.00000 guard=0.060 activeAge=-1.000 pitch=-1.00Hz pitchCents=0.0
2025-12-15 22:47:22 [tracker] [s6] onset t=7.844 env=0.00176 gate=0.00020 envDelta=0.00156 envFloor=0.00120 onset=1.347 thresh=0.018 onsetDelta=1.32866 baseline=0.00080 adaptive=0.00200 lastPeak=0.00000 guard=0.060 activeAge=-1.000 pitch=-1.00Hz pitchCents=0.0
2025-12-15 22:47:22 [tracker] [s4] onset t=7.932 env=0.00131 gate=0.00011 envDelta=0.00120 envFloor=0.00094 onset=0.718 thresh=0.014 onsetDelta=0.70411 baseline=0.00062 adaptive=0.00156 lastPeak=0.00000 guard=0.060 activeAge=-1.000 pitch=-1.00Hz pitchCents=0.0
2025-12-15 22:47:22 [tracker] [s3] onset t=7.934 env=0.00150 gate=0.00008 envDelta=0.00142 envFloor=0.00091 onset=0.986 thresh=0.012 onsetDelta=0.97465 baseline=0.00061 adaptive=0.00152 lastPeak=0.00000 guard=0.060 activeAge=-1.000 pitch=-1.00Hz pitchCents=0.0
2025-12-15 22:47:22 [tracker] [s2] onset t=8.014 env=0.00145 gate=0.00001 envDelta=0.00144 envFloor=0.00108 onset=0.899 thresh=0.009 onsetDelta=0.88963 baseline=0.00072 adaptive=0.00180 lastPeak=0.00001 guard=0.060 activeAge=-1.000 pitch=-1.00Hz pitchCents=0.0
2025-12-15 22:47:22 [tracker] [s3] onset t=8.033 env=0.00213 gate=0.00008 envDelta=0.00205 envFloor=0.00095 onset=0.772 thresh=0.012 onsetDelta=0.76084 baseline=0.00063 adaptive=0.00158 lastPeak=0.00000 guard=0.060 activeAge=-1.000 pitch=-1.00Hz pitchCents=0.0
2025-12-15 22:47:22 [tracker] [s6] onset t=8.094 env=0.00203 gate=0.00021 envDelta=0.00182 envFloor=0.00127 onset=1.207 thresh=0.018 onsetDelta=1.18875 baseline=0.00085 adaptive=0.00212 lastPeak=0.00000 guard=0.060 activeAge=-1.000 pitch=-1.00Hz pitchCents=0.0
2025-12-15 22:47:22 [tracker] [s5] onset t=8.097 env=0.00192 gate=0.00016 envDelta=0.00176 envFloor=0.00113 onset=1.000 thresh=0.016 onsetDelta=0.98363 baseline=0.00075 adaptive=0.00188 lastPeak=0.00000 guard=0.060 activeAge=-1.000 pitch=-1.00Hz pitchCents=0.0
2025-12-15 22:47:23 [tracker] [s1] aubio-raw t=8.2544 onset=0.997009 env=0.000823 peak=0.002005 gain=1.000
2025-12-15 22:47:23 [tracker] [s1] onset-accepted t=8.2544 env=0.000823 gate=0.000023 envDelta=0.000800 envFloor=0.000635 onset=0.997009 thresh=0.006000 onsetDelta=0.991009 baseline=0.000424 floor=0.000180 adapt=0.001059 lastPeak=0.000049 baseParam=0.000180 gateRatio=0.0550 envParam=0.000450 onsetScale=0.300 retriggerScale=1.400 guard=0.060 guardRemain=0.000 activeAge=-1.000 retrigRemain=0.000 pitchHz=666.64 pitchCents=3619.3
2025-12-15 22:47:23 [tracker] [s1] onset t=8.254 env=0.00082 gate=0.00002 envDelta=0.00080 envFloor=0.00064 onset=0.997 thresh=0.006 onsetDelta=0.99101 baseline=0.00042 adaptive=0.00106 lastPeak=0.00005 guard=0.060 activeAge=-1.000 pitch=666.64Hz pitchCents=3619.3
2025-12-15 22:47:23 [tracker] [s6] onset t=8.393 env=0.00199 gate=0.00020 envDelta=0.00179 envFloor=0.00120 onset=1.001 thresh=0.018 onsetDelta=0.98333 baseline=0.00080 adaptive=0.00199 lastPeak=0.00000 guard=0.060 activeAge=-1.000 pitch=-1.00Hz pitchCents=0.0
2025-12-15 22:47:23 [tracker] [s5] onset t=8.441 env=0.00176 gate=0.00015 envDelta=0.00162 envFloor=0.00106 onset=0.996 thresh=0.016 onsetDelta=0.97955 baseline=0.00071 adaptive=0.00176 lastPeak=0.00000 guard=0.060 activeAge=-1.000 pitch=-1.00Hz pitchCents=0.0
2025-12-15 22:47:23 [tracker] [s5] onset t=8.569 env=0.00196 gate=0.00015 envDelta=0.00180 envFloor=0.00110 onset=1.068 thresh=0.016 onsetDelta=1.05151 baseline=0.00074 adaptive=0.00184 lastPeak=0.00000 guard=0.060 activeAge=-1.000 pitch=-1.00Hz pitchCents=0.0
2025-12-15 22:47:23 [tracker] [s4] onset t=8.577 env=0.00131 gate=0.00011 envDelta=0.00120 envFloor=0.00098 onset=0.994 thresh=0.014 onsetDelta=0.97981 baseline=0.00066 adaptive=0.00164 lastPeak=0.00000 guard=0.060 activeAge=-1.000 pitch=-1.00Hz pitchCents=0.0
2025-12-15 22:47:23 [tracker] [s6] onset t=8.734 env=0.00173 gate=0.00019 envDelta=0.00154 envFloor=0.00117 onset=1.053 thresh=0.018 onsetDelta=1.03491 baseline=0.00078 adaptive=0.00194 lastPeak=0.00000 guard=0.060 activeAge=-1.000 pitch=-1.00Hz pitchCents=0.0
2025-12-15 22:47:23 [tracker] [s3] onset t=8.774 env=0.00181 gate=0.00008 envDelta=0.00173 envFloor=0.00094 onset=1.081 thresh=0.012 onsetDelta=1.06958 baseline=0.00062 adaptive=0.00156 lastPeak=0.00000 guard=0.060 activeAge=-1.000 pitch=-1.00Hz pitchCents=0.0
2025-12-15 22:47:23 [tracker] [s2] onset t=8.796 env=0.00176 gate=0.00001 envDelta=0.00175 envFloor=0.00099 onset=1.475 thresh=0.009 onsetDelta=1.46643 baseline=0.00066 adaptive=0.00166 lastPeak=0.00000 guard=0.060 activeAge=-1.000 pitch=-1.00Hz pitchCents=0.0
2025-12-15 22:47:23 [tracker] [s3] onset t=8.908 env=0.00136 gate=0.00008 envDelta=0.00128 envFloor=0.00094 onset=0.999 thresh=0.012 onsetDelta=0.98718 baseline=0.00062 adaptive=0.00156 lastPeak=0.00000 guard=0.060 activeAge=-1.000 pitch=-1.00Hz pitchCents=0.0
2025-12-15 22:47:23 [tracker] [s2] onset t=8.929 env=0.00126 gate=0.00001 envDelta=0.00126 envFloor=0.00102 onset=0.724 thresh=0.009 onsetDelta=0.71508 baseline=0.00068 adaptive=0.00171 lastPeak=0.00000 guard=0.060 activeAge=-1.000 pitch=-1.00Hz pitchCents=0.0
2025-12-15 22:47:23 [sessionwavs] wrote 6 wav files to /home/general/SignalAssistant/logs/sessionwavs/session-20251215-224714 (shutdown)
# Session closed at 2025-12-15 22:47:23
