# SignalAssistant session log
# Started at 2025-12-25 06:55:06
2025-12-25 06:55:06 [session] mode=live session='' path='' duration=0.00 files=0
2025-12-25 06:55:06 [tracker-settings] TrackerConfig onsetThreshold=0.02000 minNoteDurSec=0.045 hopSec=0.010 slideDelta=120.0 bendDelta=35.0
2025-12-25 06:55:06 [tracker-settings] string1 midi=40 lowCut=77.50Hz highCut=160.00Hz baseline=0.001000 gateRatio=0.05500 envFloor=0.001500 sustainScale=0.580 retriggerScale=1.400 pitchTol=0.400 onsetScale=0.360
2025-12-25 06:55:06 [tracker-settings] string2 midi=45 lowCut=102.50Hz highCut=215.00Hz baseline=0.001200 gateRatio=0.10000 envFloor=0.001800 sustainScale=0.700 retriggerScale=1.250 pitchTol=0.400 onsetScale=0.610
2025-12-25 06:55:06 [tracker-settings] string3 midi=50 lowCut=137.50Hz highCut=290.00Hz baseline=0.001400 gateRatio=0.13000 envFloor=0.002100 sustainScale=0.820 retriggerScale=1.100 pitchTol=0.450 onsetScale=0.930
2025-12-25 06:55:06 [tracker-settings] string6 midi=64 lowCut=317.50Hz highCut=650.00Hz baseline=0.002000 gateRatio=0.25000 envFloor=0.003000 sustainScale=1.000 retriggerScale=1.000 pitchTol=0.550 onsetScale=1.620
2025-12-25 06:55:06 [calibration] Loaded avgRms/peakRms from legacy calibration file
2025-12-25 06:55:06 [calibration] Calibration profile derived from tuning state
2025-12-25 06:55:20 [detection]      S2F12 ON (onset=1.131 env=0.0054)
2025-12-25 06:55:20 [detection]      S2F12 OFF (sustained-quiet: avgEnv=0.0004 < floor=0.0018)
2025-12-25 06:55:25 [detection]      S2F5 ON (onset=0.999 env=0.0452)
2025-12-25 06:55:25 [detection]      S2F5 OFF (sharp-drop: 0.0312 -> 0.0015)
2025-12-25 06:55:26 [detection]      S2F5 ON (onset=1.202 env=0.0372)
2025-12-25 06:55:26 [detection]      S2F5 OFF (sharp-drop: 0.0295 -> 0.0014)
2025-12-25 06:55:27 [detection]      S2F5 ON (onset=1.119 env=0.0112)
2025-12-25 06:55:27 [detection]      S2F5 OFF (sharp-drop: 0.0086 -> 0.0012)
2025-12-25 06:55:28 [detection]      S2F5 ON (onset=1.140 env=0.0141)
2025-12-25 06:55:28 [detection]      S2F5 OFF (sharp-drop: 0.0122 -> 0.0018)
2025-12-25 06:55:29 [detection]      S2F5 ON (onset=0.698 env=0.0046)
2025-12-25 06:55:29 [detection]      S2F5 OFF (sustained-quiet: avgEnv=0.0004 < floor=0.0018)
2025-12-25 06:55:30 [detection]      S2F5 ON (onset=1.478 env=0.0057)
2025-12-25 06:55:30 [detection]      S2F5 OFF (sustained-quiet: avgEnv=0.0007 < floor=0.0018)
2025-12-25 06:55:31 [detection]      S3F7 ON (onset=1.428 env=0.0315)
2025-12-25 06:55:31 [detection]      S3F7 OFF (sharp-drop: 0.0249 -> 0.0012)
2025-12-25 06:55:36 [detection]      S6F6 ON (onset=1.354 env=0.0182)
2025-12-25 06:55:36 [detection]      S6F6 OFF (sharp-drop: 0.0155 -> 0.0018)
2025-12-25 06:55:36 [detection]      S6F6 ON (onset=0.936 env=0.0258)
2025-12-25 06:55:36 [detection]      S6F6 OFF (sharp-drop: 0.0180 -> 0.0017)
2025-12-25 06:55:38 [detection]      S6F18 ON (onset=1.136 env=0.0154)
2025-12-25 06:55:39 [detection]      S6F18 OFF (sharp-drop: 0.0129 -> 0.0019)
2025-12-25 06:55:39 [detection]      S6F6 ON (onset=1.116 env=0.0272)
2025-12-25 06:55:40 [detection]      S6F6 OFF (sharp-drop: 0.0189 -> 0.0020)
2025-12-25 06:55:40 [detection]      S6F6 ON (onset=0.784 env=0.0095)
2025-12-25 06:55:40 [detection]      S6F6 OFF (sustained-quiet: avgEnv=0.0013 < floor=0.0020)
2025-12-25 06:55:40 [detection]      S6F6 ON (onset=0.996 env=0.0234)
2025-12-25 06:55:40 [detection]      S6F6 OFF (sharp-drop: 0.0183 -> 0.0019)
2025-12-25 06:55:40 [detection]      S6F6 ON (onset=1.090 env=0.0268)
2025-12-25 06:55:41 [detection]      S6F6 OFF (sharp-drop: 0.0187 -> 0.0018)
2025-12-25 06:55:41 [detection]      S6F8 ON (onset=0.878 env=0.0148)
2025-12-25 06:55:41 [detection]      S6F8 OFF (sharp-drop: 0.0118 -> 0.0017)
2025-12-25 06:55:41 [detection]      S6F6 ON (onset=1.095 env=0.0270)
2025-12-25 06:55:41 [detection]      S6F6 OFF (sharp-drop: 0.0206 -> 0.0020)
2025-12-25 06:55:42 [detection]      S6F6 ON (onset=0.875 env=0.0158)
2025-12-25 06:55:42 [detection]      S6F6 OFF (sharp-drop: 0.0110 -> 0.0016)
2025-12-25 06:56:40 [detection]      S2 Rejected Note (env=0.0026 < gate=0.0049)
2025-12-25 06:56:41 [detection]      S2F0 ON (onset=0.691 env=0.0148)
2025-12-25 06:56:41 [detection]      S3 Rejected Note (env=0.0034 < gate=0.0049)
2025-12-25 06:56:41 [detection]      S2F0 OFF (sustained-quiet: avgEnv=0.0010 < floor=0.0038)
2025-12-25 06:56:42 [detection]      S2F4 ON (onset=0.716 env=0.0506)
2025-12-25 06:56:42 [detection]      S2F4 OFF (retrigger: onset=0.997 ratio=1.87)
2025-12-25 06:56:42 [detection]      S2F4 ON (onset=1.364 env=0.1085)
2025-12-25 06:56:42 [detection]      S2F4 OFF (sharp-drop: 0.0449 -> 0.0037)
2025-12-25 06:56:43 [detection]      S1 Rejected Note (env=0.0048 < gate=0.0049)
2025-12-25 06:56:43 [detection]      S2F4 ON (onset=0.954 env=0.0916)
2025-12-25 06:56:44 [detection]      S2F4 OFF (sharp-drop: 0.0742 -> 0.0032)
2025-12-25 06:56:44 [detection]      S2F4 ON (onset=1.347 env=0.1642)
2025-12-25 06:56:44 [detection]      S2F4 OFF (sharp-drop: 0.1128 -> 0.0035)
2025-12-25 06:56:45 [detection]      S1 Rejected Note (env=0.0048 < gate=0.0049)
2025-12-25 06:56:45 [detection]      S2F4 ON (onset=0.949 env=0.2593)
2025-12-25 06:56:45 [detection]      S3F6 ON (onset=0.685 env=0.3451)
2025-12-25 06:56:45 [detection]      S4F6 ON (onset=0.670 env=0.2989)
2025-12-25 06:56:45 [detection]      S1 Rejected Note (env=0.0033 < gate=0.0049)
2025-12-25 06:56:45 [detection]      S5F6 ON (onset=0.994 env=0.0417)
2025-12-25 06:56:45 [detection]      S1F4 ON (onset=1.054 env=0.0068)
2025-12-25 06:56:45 [detection]      S6 Rejected Note (env=0.0022 < gate=0.0049)
2025-12-25 06:56:45 [detection]      S3F6 OFF (sharp-drop: 0.0914 -> 0.0037)
2025-12-25 06:56:45 [detection]      S5F6 OFF (sharp-drop: 0.0304 -> 0.0037)
2025-12-25 06:56:45 [detection]      S4F6 OFF (sharp-drop: 0.0788 -> 0.0031)
2025-12-25 06:56:45 [detection]      S1F4 OFF (sustained-quiet: avgEnv=0.0013 < floor=0.0038)
2025-12-25 06:56:45 [detection]      S2F4 OFF (sharp-drop: 0.0498 -> 0.0037)
2025-12-25 06:56:45 [detection]      S5 Rejected Note (env=0.0018 < gate=0.0049)
2025-12-25 06:56:46 [detection]      S3F6 ON (onset=1.119 env=0.0684)
2025-12-25 06:56:46 [detection]      S2F4 ON (onset=0.999 env=0.0518)
2025-12-25 06:56:46 [detection]      S3F6 OFF (sharp-drop: 0.0607 -> 0.0031)
2025-12-25 06:56:46 [detection]      S2F4 OFF (sharp-drop: 0.0448 -> 0.0035)
2025-12-25 06:56:46 [detection]      S2F4 ON (onset=1.145 env=0.0892)
2025-12-25 06:56:46 [detection]      S3F6 ON (onset=1.001 env=0.0560)
2025-12-25 06:56:46 [detection]      S4F6 ON (onset=1.049 env=0.0774)
2025-12-25 06:56:46 [detection]      S3F6 OFF (sharp-drop: 0.0409 -> 0.0037)
2025-12-25 06:56:46 [detection]      S2F4 OFF (sharp-drop: 0.0631 -> 0.0036)
2025-12-25 06:56:46 [detection]      S4F6 OFF (sharp-drop: 0.0700 -> 0.0031)
2025-12-25 06:56:46 [detection]      S6F0 ON (onset=1.022 env=0.0416)
2025-12-25 06:56:46 [detection]      S1F4 ON (onset=0.759 env=0.0122)
2025-12-25 06:56:46 [detection]      S5F4 ON (onset=1.353 env=0.0229)
2025-12-25 06:56:46 [detection]      S2F4 ON (onset=1.000 env=0.0881)
2025-12-25 06:56:46 [detection]      S4F6 ON (onset=1.349 env=0.3168)
2025-12-25 06:56:46 [detection]      S6F0 OFF (sharp-drop: 0.0324 -> 0.0034)
2025-12-25 06:56:47 [detection]      S3F6 ON (onset=0.822 env=0.1039)
2025-12-25 06:56:47 [detection]      S4F6 OFF (retrigger: onset=0.629 ratio=2.18)
2025-12-25 06:56:47 [detection]      S5F4 OFF (retrigger: onset=1.309 ratio=1.43)
2025-12-25 06:56:47 [detection]      S6 Rejected Note (env=0.0041 < gate=0.0049)
2025-12-25 06:56:47 [detection]      S2F4 OFF (sharp-drop: 0.0596 -> 0.0033)
2025-12-25 06:56:47 [detection]      S3F6 OFF (sharp-drop: 0.0872 -> 0.0034)
2025-12-25 06:56:47 [detection]      S1F4 OFF (sustained-quiet: avgEnv=0.0026 < floor=0.0038)
2025-12-25 06:56:47 [detection]      S5 Rejected Note (env=0.0040 < gate=0.0049)
2025-12-25 06:56:47 [detection]      S6F20 ON (onset=1.164 env=0.0981)
2025-12-25 06:56:47 [detection]      S6F20 OFF (sharp-drop: 0.0644 -> 0.0028)
2025-12-25 06:56:48 [detection]      S6F12 ON (onset=0.980 env=0.3029)
2025-12-25 06:56:48 [detection]      S6F12 OFF (sharp-drop: 0.2029 -> 0.0018)
2025-12-25 06:56:49 [detection]      S6F12 ON (onset=0.829 env=0.0711)
2025-12-25 06:56:49 [detection]      S6F12 OFF (sharp-drop: 0.0570 -> 0.0030)
2025-12-25 06:56:49 [detection]      S6F4 ON (onset=1.003 env=0.1821)
2025-12-25 06:56:49 [detection]      S6F4 OFF (sharp-drop: 0.1154 -> 0.0028)
2025-12-25 06:56:50 [detection]      S6F2 ON (onset=0.674 env=0.1675)
2025-12-25 06:56:50 [detection]      S6F2 OFF (sharp-drop: 0.1253 -> 0.0023)
2025-12-25 06:56:50 [detection]      S4 Rejected Note (env=0.0019 < gate=0.0049)
2025-12-25 06:56:50 [detection]      S6F2 ON (onset=0.943 env=0.1978)
2025-12-25 06:56:50 [detection]      S6F2 OFF (sharp-drop: 0.1351 -> 0.0022)
2025-12-25 06:56:51 [detection]      S6F2 ON (onset=0.526 env=0.0656)
2025-12-25 06:56:51 [detection]      S4 Rejected Note (env=0.0015 < gate=0.0049)
2025-12-25 06:56:51 [detection]      S6F2 OFF (sharp-drop: 0.0596 -> 0.0033)
2025-12-25 06:56:51 [detection]      S4 Rejected Note (env=0.0029 < gate=0.0049)
2025-12-25 06:56:51 [detection]      S3 Rejected Note (env=0.0018 < gate=0.0049)
2025-12-25 06:56:51 [detection]      S6F2 ON (onset=1.136 env=0.2245)
2025-12-25 06:56:51 [detection]      S5F9 ON (onset=0.569 env=0.0106)
2025-12-25 06:56:51 [detection]      S6F2 OFF (sharp-drop: 0.1721 -> 0.0035)
2025-12-25 06:56:51 [detection]      S5F9 OFF (sustained-quiet: avgEnv=0.0021 < floor=0.0038)
2025-12-25 06:56:51 [detection]      S4 Rejected Note (env=0.0030 < gate=0.0049)
2025-12-25 06:56:51 [detection]      S6F2 ON (onset=0.823 env=0.1648)
2025-12-25 06:56:51 [detection]      S6F2 OFF (sharp-drop: 0.1202 -> 0.0027)
2025-12-25 06:56:51 [detection]      S6F2 ON (onset=0.936 env=0.3309)
2025-12-25 06:56:51 [detection]      S5F8 ON (onset=0.558 env=0.0157)
2025-12-25 06:56:51 [detection]      S6F2 OFF (retrigger: onset=1.090 ratio=3.22)
2025-12-25 06:56:52 [detection]      S6F2 ON (onset=0.786 env=0.0211)
2025-12-25 06:56:52 [detection]      S5F8 OFF (sharp-drop: 0.0120 -> 0.0017)
2025-12-25 06:56:52 [detection]      S6F2 OFF (sharp-drop: 0.0194 -> 0.0007)
2025-12-25 06:56:52 [detection]      S5F2 ON (onset=0.610 env=0.1423)
2025-12-25 06:56:52 [detection]      S5F2 OFF (sharp-drop: 0.0712 -> 0.0035)
2025-12-25 06:56:53 [detection]      S3 Rejected Note (env=0.0011 < gate=0.0049)
2025-12-25 06:56:53 [detection]      S5F8 ON (onset=1.088 env=0.8503)
2025-12-25 06:56:53 [detection]      S5F8 OFF (sharp-drop: 0.6326 -> 0.0036)
2025-12-25 06:56:53 [detection]      S5 Rejected Note (env=0.0013 < gate=0.0049)
2025-12-25 06:56:53 [detection]      S5F8 ON (onset=0.803 env=0.4116)
2025-12-25 06:56:53 [detection]      S6 Rejected Note (env=0.0038 < gate=0.0049)
2025-12-25 06:56:53 [detection]      S4F13 ON (onset=1.143 env=0.0271)
2025-12-25 06:56:54 [detection]      S6 Rejected Note (env=0.0031 < gate=0.0049)
2025-12-25 06:56:54 [detection]      S5F8 OFF (sharp-drop: 0.2313 -> 0.0035)
2025-12-25 06:56:54 [detection]      S5F1 ON (onset=0.567 env=0.4641)
2025-12-25 06:56:54 [detection]      S4F13 OFF (sustained-quiet: avgEnv=0.0032 < floor=0.0038)
2025-12-25 06:56:54 [detection]      S4 Rejected Note (env=0.0035 < gate=0.0049)
2025-12-25 06:56:55 [detection]      S4 Rejected Note (env=0.0035 < gate=0.0049)
2025-12-25 06:56:55 [detection]      S5F1 OFF (sharp-drop: 0.1346 -> 0.0027)
2025-12-25 06:56:57 [detection]      S3F9 ON (onset=0.676 env=0.2513)
2025-12-25 06:56:57 [detection]      S5 Rejected Note (env=0.0032 < gate=0.0049)
2025-12-25 06:56:59 [detection]      S5 Rejected Note (env=0.0018 < gate=0.0049)
2025-12-25 06:56:59 [detection]      S3F9 OFF (sustained-quiet: avgEnv=0.0006 < floor=0.0038)
2025-12-25 06:57:01 [detection]      S3F6 ON (onset=0.763 env=0.0916)
2025-12-25 06:57:03 [detection]      S3F6 OFF (sustained-quiet: avgEnv=0.0009 < floor=0.0038)
2025-12-25 06:57:03 [detection]      S3 Rejected Note (env=0.0014 < gate=0.0049)
2025-12-25 06:57:04 [detection]      S3F2 ON (onset=1.027 env=0.1512)
2025-12-25 06:57:04 [detection]      S5 Rejected Note (env=0.0045 < gate=0.0049)
2025-12-25 06:57:05 [detection]      S3F2 OFF (sustained-quiet: avgEnv=0.0024 < floor=0.0038)
2025-12-25 06:57:06 [detection]      S1 Rejected Note (env=0.0036 < gate=0.0049)
2025-12-25 06:57:06 [detection]      S2F6 ON (onset=0.688 env=0.1186)
2025-12-25 06:57:08 [detection]      S2F6 OFF (sustained-quiet: avgEnv=0.0007 < floor=0.0038)
2025-12-25 06:57:08 [detection]      S2 Rejected Note (env=0.0012 < gate=0.0049)
2025-12-25 06:57:09 [detection]      S2F2 ON (onset=0.827 env=0.0850)
2025-12-25 06:57:10 [detection]      S2F2 OFF (sustained-quiet: avgEnv=0.0019 < floor=0.0038)
2025-12-25 06:57:10 [detection]      S2F1 ON (onset=1.400 env=0.0093)
2025-12-25 06:57:11 [detection]      S2F1 OFF (sustained-quiet: avgEnv=0.0006 < floor=0.0038)
2025-12-25 06:57:11 [detection]      S1F5 ON (onset=0.903 env=0.0071)
2025-12-25 06:57:11 [detection]      S2F0 ON (onset=0.996 env=0.0228)
2025-12-25 06:57:11 [detection]      S1F5 OFF (sustained-quiet: avgEnv=0.0024 < floor=0.0038)
2025-12-25 06:57:11 [detection]      S2F0 OFF (sharp-drop: 0.0161 -> 0.0017)
2025-12-25 06:57:12 [detection]      S1F7 ON (onset=0.629 env=0.0533)
2025-12-25 06:57:13 [detection]      S2F0 ON (onset=0.631 env=0.0568)
2025-12-25 06:57:13 [detection]      S5 Rejected Note (env=0.0043 < gate=0.0049)
2025-12-25 06:57:13 [detection]      S2F0 OFF (sustained-quiet: avgEnv=0.0036 < floor=0.0038)
2025-12-25 06:57:15 [detection]      S1F7 OFF (sustained-quiet: avgEnv=0.0011 < floor=0.0038)
2025-12-25 06:57:15 [detection]      S1 Rejected Note (env=0.0009 < gate=0.0049)
2025-12-25 06:57:15 [detection]      S1F24 ON (onset=1.471 env=0.2405)
2025-12-25 06:57:16 [detection]      S2 Rejected Note (env=0.0028 < gate=0.0049)
2025-12-25 06:57:16 [detection]      S6 Rejected Note (env=0.0026 < gate=0.0049)
2025-12-25 06:57:16 [detection]      S1F24 OFF (retrigger: onset=0.911 ratio=1.41)
2025-12-25 06:57:16 [detection]      S1F4 ON (onset=1.191 env=0.6081)
2025-12-25 06:57:16 [detection]      S1F4 OFF (retrigger: onset=0.670 ratio=1.44)
2025-12-25 06:57:16 [detection]      S1F4 ON (onset=1.011 env=0.0714)
2025-12-25 06:57:16 [detection]      S2 Rejected Note (env=0.0047 < gate=0.0049)
2025-12-25 06:57:18 [detection]      S1F4 OFF (sustained-quiet: avgEnv=0.0009 < floor=0.0038)
2025-12-25 06:57:18 [detection]      S1F3 ON (onset=1.279 env=0.0074)
2025-12-25 06:57:18 [detection]      S2F0 ON (onset=1.005 env=0.0060)
2025-12-25 06:57:18 [detection]      S2F0 OFF (sustained-quiet: avgEnv=0.0035 < floor=0.0038)
2025-12-25 06:57:19 [detection]      S1F3 OFF (sustained-quiet: avgEnv=0.0032 < floor=0.0038)
2025-12-25 06:57:19 [detection]      S1F2 ON (onset=1.162 env=0.6097)
2025-12-25 06:57:19 [detection]      S2 Rejected Note (env=0.0043 < gate=0.0049)
2025-12-25 06:57:20 [detection]      S1F2 OFF (sharp-drop: 0.0692 -> 0.0036)
2025-12-25 06:57:21 [detection]      S6F1 ON (onset=1.179 env=0.0114)
2025-12-25 06:57:21 [detection]      S6F1 OFF (sustained-quiet: avgEnv=0.0015 < floor=0.0038)
2025-12-25 06:57:22 [detection]      S2F7 ON (onset=1.007 env=0.0150)
2025-12-25 06:57:23 [detection]      S2F7 OFF (sustained-quiet: avgEnv=0.0031 < floor=0.0038)
2025-12-25 06:57:24 [detection]      S1F7 ON (onset=0.994 env=0.0259)
2025-12-25 06:57:24 [detection]      S1F7 OFF (sharp-drop: 0.0217 -> 0.0031)
2025-12-25 06:57:34 [detection]      S2 Rejected Note (env=0.0047 < gate=0.0049)
2025-12-25 06:57:35 [detection]      S4 Rejected Note (env=0.0039 < gate=0.0049)
2025-12-25 06:57:37 [detection]      S6F24 ON (onset=0.715 env=0.0071)
2025-12-25 06:57:37 [detection]      S6F24 OFF (sustained-quiet: avgEnv=0.0007 < floor=0.0038)
2025-12-25 06:57:37 [detection]      S5 Rejected Note (env=0.0046 < gate=0.0049)
2025-12-25 06:57:38 [detection]      S1F6 ON (onset=1.155 env=0.1498)
2025-12-25 06:57:38 [detection]      S3 Rejected Note (env=0.0021 < gate=0.0049)
2025-12-25 06:57:38 [detection]      S5 Rejected Note (env=0.0044 < gate=0.0049)
2025-12-25 06:57:38 [detection]      S5 Rejected Note (env=0.0038 < gate=0.0049)
2025-12-25 06:57:39 [detection]      S2F2 ON (onset=0.998 env=0.0141)
2025-12-25 06:57:40 [detection]      S5 Rejected Note (env=0.0040 < gate=0.0049)
2025-12-25 06:57:40 [detection]      S2F2 OFF (sustained-quiet: avgEnv=0.0018 < floor=0.0038)
2025-12-25 06:57:40 [detection]      S1F6 OFF (sustained-quiet: avgEnv=0.0025 < floor=0.0038)
2025-12-25 06:57:45 [detection]      S5 Rejected Note (env=0.0009 < gate=0.0049)
2025-12-25 06:57:45 [detection]      S6 Rejected Note (env=0.0038 < gate=0.0049)
2025-12-25 06:57:46 [detection]      S2F7 ON (onset=0.984 env=0.0077)
2025-12-25 06:57:47 [detection]      S5F1 ON (onset=0.996 env=0.0095)
2025-12-25 06:57:47 [detection]      S2F7 OFF (sustained-quiet: avgEnv=0.0035 < floor=0.0038)
2025-12-25 06:57:48 [detection]      S1F2 ON (onset=1.138 env=0.0177)
2025-12-25 06:57:48 [detection]      S1F2 OFF (sustained-quiet: avgEnv=0.0028 < floor=0.0038)
2025-12-25 06:57:51 [detection]      S5F1 OFF (sustained-quiet: avgEnv=0.0036 < floor=0.0038)
2025-12-25 06:57:56 [detection]      S2 Rejected Note (env=0.0042 < gate=0.0049)
2025-12-25 06:57:57 [detection]      S2F8 ON (onset=1.258 env=0.0112)
2025-12-25 06:57:58 [detection]      S1F14 ON (onset=1.004 env=0.1092)
2025-12-25 06:57:59 [detection]      S3 Rejected Note (env=0.0030 < gate=0.0049)
2025-12-25 06:57:59 [detection]      S2F8 OFF (sustained-quiet: avgEnv=0.0022 < floor=0.0038)
2025-12-25 06:57:59 [detection]      S1F14 OFF (sustained-quiet: avgEnv=0.0029 < floor=0.0038)
2025-12-25 06:58:02 [detection]      S1 Rejected Note (env=0.0007 < gate=0.0049)
2025-12-25 06:58:03 [detection]      S2F8 ON (onset=1.051 env=0.0148)
2025-12-25 06:58:03 [detection]      S1F14 ON (onset=0.704 env=0.1392)
2025-12-25 06:58:04 [detection]      S2F8 OFF (sustained-quiet: avgEnv=0.0029 < floor=0.0038)
2025-12-25 06:58:04 [detection]      S1F14 OFF (sustained-quiet: avgEnv=0.0029 < floor=0.0038)
2025-12-25 06:58:11 [detection]      S2 Rejected Note (env=0.0034 < gate=0.0049)
2025-12-25 06:58:12 [detection]      S6 Rejected Note (env=0.0010 < gate=0.0049)
2025-12-25 06:58:12 [detection]      S3 Rejected Note (env=0.0029 < gate=0.0049)
2025-12-25 06:58:12 [detection]      S4 Rejected Note (env=0.0037 < gate=0.0049)
2025-12-25 06:58:12 [detection]      S4 Rejected Note (env=0.0025 < gate=0.0049)
2025-12-25 06:58:12 [detection]      S2F8 ON (onset=1.125 env=0.0083)
2025-12-25 06:58:14 [detection]      S5F1 ON (onset=1.070 env=0.0086)
2025-12-25 06:58:14 [detection]      S2F8 OFF (sustained-quiet: avgEnv=0.0035 < floor=0.0038)
2025-12-25 06:58:15 [detection]      S2 Rejected Note (env=0.0032 < gate=0.0049)
2025-12-25 06:58:15 [detection]      S1F2 ON (onset=1.422 env=0.0118)
2025-12-25 06:58:16 [detection]      S1F2 OFF (sustained-quiet: avgEnv=0.0021 < floor=0.0038)
2025-12-25 06:58:17 [detection]      S5F1 OFF (sustained-quiet: avgEnv=0.0011 < floor=0.0038)
2025-12-25 06:58:17 [detection]      S1F20 ON (onset=0.841 env=0.1410)
2025-12-25 06:58:18 [detection]      S5 Rejected Note (env=0.0042 < gate=0.0049)
2025-12-25 06:58:19 [detection]      S2 Rejected Note (env=0.0040 < gate=0.0049)
2025-12-25 06:58:19 [detection]      S2F7 ON (onset=0.998 env=0.0058)
2025-12-25 06:58:19 [detection]      S2F7 OFF (sustained-quiet: avgEnv=0.0033 < floor=0.0038)
2025-12-25 06:58:20 [detection]      S5 Rejected Note (env=0.0043 < gate=0.0049)
2025-12-25 06:58:20 [detection]      S5F7 ON (onset=4.000 env=0.0069)
2025-12-25 06:58:21 [detection]      S1F20 OFF (sustained-quiet: avgEnv=0.0023 < floor=0.0038)
2025-12-25 06:58:21 [detection]      S5F7 OFF (sustained-quiet: avgEnv=0.0007 < floor=0.0038)
2025-12-25 06:58:21 [detection]      S6 Rejected Note (env=0.0027 < gate=0.0049)
2025-12-25 06:58:21 [detection]      S1F4 ON (onset=0.929 env=0.2180)
2025-12-25 06:58:22 [detection]      S1F4 OFF (retrigger: onset=0.639 ratio=2.66)
2025-12-25 06:58:22 [detection]      S1F5 ON (onset=1.497 env=0.1293)
2025-12-25 06:58:22 [detection]      S1F5 OFF (sharp-drop: 0.0307 -> 0.0036)
2025-12-25 06:58:23 [detection]      S1F3 ON (onset=0.670 env=0.2655)
2025-12-25 06:58:23 [detection]      S2 Rejected Note (env=0.0047 < gate=0.0049)
2025-12-25 06:58:23 [detection]      S6 Rejected Note (env=0.0042 < gate=0.0049)
2025-12-25 06:58:23 [detection]      S5 Rejected Note (env=0.0044 < gate=0.0049)
2025-12-25 06:58:24 [detection]      S1F3 OFF (sharp-drop: 0.0558 -> 0.0035)
2025-12-25 06:58:24 [detection]      S1F3 ON (onset=1.070 env=0.4734)
2025-12-25 06:58:24 [detection]      S4F1 ON (onset=0.959 env=0.0101)
2025-12-25 06:58:24 [detection]      S3 Rejected Note (env=0.0015 < gate=0.0049)
2025-12-25 06:58:24 [detection]      S1F3 OFF (retrigger: onset=0.799 ratio=3.66)
2025-12-25 06:58:24 [detection]      S6 Rejected Note (env=0.0039 < gate=0.0049)
2025-12-25 06:58:24 [detection]      S5 Rejected Note (env=0.0044 < gate=0.0049)
2025-12-25 06:58:25 [detection]      S4F1 OFF (sustained-quiet: avgEnv=0.0012 < floor=0.0038)
2025-12-25 06:58:25 [detection]      S1F5 ON (onset=0.696 env=0.2949)
2025-12-25 06:58:25 [detection]      S1F5 OFF (sharp-drop: 0.2129 -> 0.0029)
2025-12-25 06:58:25 [detection]      S2 Rejected Note (env=0.0024 < gate=0.0049)
2025-12-25 06:58:25 [detection]      S1F3 ON (onset=0.801 env=0.5152)
2025-12-25 06:58:25 [detection]      S1F3 OFF (retrigger: onset=0.742 ratio=2.23)
2025-12-25 06:58:26 [detection]      S1F3 ON (onset=0.768 env=0.3488)
2025-12-25 06:58:26 [detection]      S6 Rejected Note (env=0.0047 < gate=0.0049)
2025-12-25 06:58:26 [detection]      S5 Rejected Note (env=0.0034 < gate=0.0049)
2025-12-25 06:58:26 [detection]      S2F0 ON (onset=0.906 env=0.0058)
2025-12-25 06:58:26 [detection]      S2F0 OFF (sustained-quiet: avgEnv=0.0014 < floor=0.0038)
2025-12-25 06:58:26 [detection]      S1F3 OFF (sharp-drop: 0.1809 -> 0.0036)
2025-12-25 06:58:26 [detection]      S3 Rejected Note (env=0.0035 < gate=0.0049)
2025-12-25 06:58:26 [detection]      S6F5 ON (onset=0.825 env=0.0065)
2025-12-25 06:58:26 [detection]      S2F3 ON (onset=0.888 env=0.0490)
2025-12-25 06:58:26 [detection]      S1F5 ON (onset=1.356 env=0.3313)
2025-12-25 06:58:26 [detection]      S6F5 OFF (sustained-quiet: avgEnv=0.0014 < floor=0.0038)
2025-12-25 06:58:27 [detection]      S1F5 OFF (retrigger: onset=1.182 ratio=1.49)
2025-12-25 06:58:27 [detection]      S2F3 OFF (sharp-drop: 0.0338 -> 0.0036)
2025-12-25 06:58:28 [detection]      S2F3 ON (onset=0.959 env=0.0282)
2025-12-25 06:58:28 [detection]      S3 Rejected Note (env=0.0040 < gate=0.0049)
2025-12-25 06:58:28 [detection]      S1 Rejected Note (env=0.0046 < gate=0.0049)
2025-12-25 06:58:29 [detection]      S5 Rejected Note (env=0.0034 < gate=0.0049)
2025-12-25 06:58:29 [detection]      S2F3 OFF (sustained-quiet: avgEnv=0.0007 < floor=0.0038)
2025-12-25 06:58:31 [detection]      S3F2 ON (onset=1.451 env=0.2735)
2025-12-25 06:58:31 [detection]      S3F2 OFF (sharp-drop: 0.1786 -> 0.0036)
2025-12-25 06:58:31 [detection]      S1 Rejected Note (env=0.0041 < gate=0.0049)
2025-12-25 06:58:31 [detection]      S2F3 ON (onset=0.970 env=0.1511)
2025-12-25 06:58:31 [detection]      S6 Rejected Note (env=0.0048 < gate=0.0049)
2025-12-25 06:58:31 [detection]      S1F5 ON (onset=0.625 env=0.0228)
2025-12-25 06:58:31 [detection]      S2F3 OFF (sharp-drop: 0.1038 -> 0.0034)
2025-12-25 06:58:32 [detection]      S1F5 OFF (sharp-drop: 0.0142 -> 0.0018)
2025-12-25 06:58:42 [detection]      S2 Rejected Onset (onset=1.01 < threshold=1.44)
2025-12-25 06:58:43 [detection]      S1 Rejected Onset (onset=0.67 < threshold=1.44)
2025-12-25 06:58:43 [detection]      S1 Rejected Onset (onset=1.40 < threshold=1.44)
2025-12-25 06:58:43 [detection]      S2 Rejected Onset (onset=0.73 < threshold=1.44)
2025-12-25 06:58:43 [detection]      S1 Rejected Onset (onset=0.86 < threshold=1.44)
2025-12-25 06:58:43 [detection]      S1 Rejected Onset (onset=1.08 < threshold=1.44)
2025-12-25 06:58:43 [detection]      S4 Rejected Onset (onset=0.93 < threshold=1.44)
2025-12-25 06:58:43 [detection]      S6 Rejected Onset (onset=1.25 < threshold=1.44)
2025-12-25 06:58:43 [detection]      S1 Rejected Onset (onset=0.54 < threshold=1.44)
2025-12-25 06:58:44 [detection]      S2 Rejected Onset (onset=1.41 < threshold=1.44)
2025-12-25 06:58:44 [detection]      S1 Rejected Onset (onset=1.37 < threshold=1.44)
2025-12-25 06:58:44 [detection]      S1 Rejected Onset (onset=0.96 < threshold=1.44)
2025-12-25 06:58:44 [detection]      S5 Rejected Onset (onset=1.18 < threshold=1.44)
2025-12-25 06:58:44 [detection]      S6 Rejected Onset (onset=0.95 < threshold=1.44)
2025-12-25 06:58:44 [detection]      S2 Rejected Onset (onset=0.55 < threshold=1.44)
2025-12-25 06:58:44 [detection]      S3 Rejected Onset (onset=0.57 < threshold=1.44)
2025-12-25 06:58:44 [detection]      S4 Rejected Onset (onset=0.87 < threshold=1.44)
2025-12-25 06:58:44 [detection]      S1 Rejected Onset (onset=0.51 < threshold=1.44)
2025-12-25 06:58:55 [detection]      S2 Rejected Onset (onset=0.52 < threshold=1.44)
2025-12-25 06:58:57 [detection]      S1 Rejected Onset (onset=0.99 < threshold=1.44)
2025-12-25 06:58:57 [detection]      S2 Rejected Onset (onset=0.90 < threshold=1.44)
2025-12-25 06:58:57 [detection]      S1 Rejected Onset (onset=1.00 < threshold=1.44)
2025-12-25 06:58:57 [detection]      S1 Rejected Onset (onset=1.06 < threshold=1.44)
2025-12-25 06:58:57 [detection]      S2 Rejected Onset (onset=1.00 < threshold=1.44)
2025-12-25 06:58:57 [detection]      S1 Rejected Onset (onset=0.56 < threshold=1.44)
2025-12-25 06:58:58 [detection]      S1 Rejected Onset (onset=1.33 < threshold=1.44)
2025-12-25 06:58:58 [detection]      S1 Rejected Onset (onset=1.15 < threshold=1.44)
2025-12-25 06:58:59 [detection]      S1 Rejected Onset (onset=0.99 < threshold=1.44)
2025-12-25 06:58:59 [detection]      S1 Rejected Onset (onset=1.00 < threshold=1.44)
2025-12-25 06:58:59 [detection]      S1F3 ON (onset=1.462 env=0.0126)
2025-12-25 06:59:00 [detection]      S1F3 OFF (sustained-quiet: avgEnv=0.0013 < floor=0.0038)
2025-12-25 06:59:00 [detection]      S1 Rejected Onset (onset=0.59 < threshold=1.44)
2025-12-25 06:59:00 [detection]      S1 Rejected Onset (onset=0.75 < threshold=1.44)
2025-12-25 06:59:02 [detection]      S1 Rejected Onset (onset=1.00 < threshold=1.44)
2025-12-25 06:59:02 [detection]      S1 Rejected Onset (onset=0.75 < threshold=1.44)
2025-12-25 06:59:04 [detection]      S1 Rejected Onset (onset=0.78 < threshold=1.44)
2025-12-25 06:59:05 [detection]      S1 Rejected Onset (onset=0.94 < threshold=1.44)
2025-12-25 06:59:05 [detection]      S1 Rejected Onset (onset=1.10 < threshold=1.44)
2025-12-25 06:59:06 [detection]      S1 Rejected Onset (onset=1.11 < threshold=1.44)
2025-12-25 06:59:07 [detection]      S1 Rejected Onset (onset=1.04 < threshold=1.44)
2025-12-25 06:59:07 [detection]      S1 Rejected Onset (onset=1.00 < threshold=1.44)
2025-12-25 06:59:11 [detection]      S1 Rejected Onset (onset=1.07 < threshold=1.44)
2025-12-25 06:59:11 [detection]      S1 Rejected Onset (onset=0.94 < threshold=1.44)
2025-12-25 06:59:12 [detection]      S1 Rejected Onset (onset=0.94 < threshold=1.44)
2025-12-25 06:59:12 [detection]      S1 Rejected Onset (onset=1.24 < threshold=1.44)
2025-12-25 06:59:12 [detection]      S1 Rejected Onset (onset=0.99 < threshold=1.44)
2025-12-25 06:59:13 [detection]      S1 Rejected Onset (onset=1.18 < threshold=1.44)
2025-12-25 06:59:17 [detection]      S1 Rejected Onset (onset=0.78 < threshold=1.44)
2025-12-25 06:59:17 [detection]      S1 Rejected Onset (onset=0.97 < threshold=1.44)
2025-12-25 06:59:17 [detection]      S1 Rejected Onset (onset=0.75 < threshold=1.44)
2025-12-25 06:59:19 [detection]      S1 Rejected Onset (onset=0.99 < threshold=1.44)
2025-12-25 06:59:20 [detection]      S1 Rejected Onset (onset=0.87 < threshold=1.44)
2025-12-25 06:59:21 [detection]      S1 Rejected Onset (onset=0.72 < threshold=1.44)
2025-12-25 06:59:21 [detection]      S1 Rejected Onset (onset=1.16 < threshold=1.44)
2025-12-25 06:59:22 [detection]      S1 Rejected Onset (onset=1.26 < threshold=1.44)
2025-12-25 06:59:22 [detection]      S1 Rejected Onset (onset=0.99 < threshold=1.44)
2025-12-25 06:59:24 [detection]      S1 Rejected Onset (onset=0.60 < threshold=1.44)
2025-12-25 06:59:24 [detection]      S5 Rejected Onset (onset=1.44 < threshold=1.44)
2025-12-25 06:59:25 [detection]      S5 Rejected Onset (onset=0.98 < threshold=1.44)
2025-12-25 06:59:25 [detection]      S5 Rejected Onset (onset=1.07 < threshold=1.44)
2025-12-25 06:59:25 [detection]      S1 Rejected Onset (onset=1.39 < threshold=1.44)
2025-12-25 06:59:25 [detection]      S2 Rejected Onset (onset=1.16 < threshold=1.44)
2025-12-25 06:59:25 [detection]      S1 Rejected Onset (onset=0.93 < threshold=1.44)
2025-12-25 06:59:25 [detection]      S1 Rejected Onset (onset=0.58 < threshold=1.44)
2025-12-25 06:59:25 [detection]      S1 Rejected Onset (onset=0.99 < threshold=1.44)
2025-12-25 06:59:25 [detection]      S1 Rejected Onset (onset=0.66 < threshold=1.44)
2025-12-25 06:59:25 [detection]      S2 Rejected Onset (onset=0.86 < threshold=1.44)
2025-12-25 06:59:25 [detection]      S1 Rejected Onset (onset=1.09 < threshold=1.44)
2025-12-25 06:59:25 [detection]      S2 Rejected Onset (onset=0.72 < threshold=1.44)
2025-12-25 06:59:26 [detection]      S1 Rejected Onset (onset=0.58 < threshold=1.44)
2025-12-25 06:59:26 [detection]      S2 Rejected Onset (onset=0.91 < threshold=1.44)
2025-12-25 06:59:26 [detection]      S1 Rejected Onset (onset=1.10 < threshold=1.44)
2025-12-25 06:59:26 [detection]      S1 Rejected Onset (onset=0.71 < threshold=1.44)
2025-12-25 06:59:26 [detection]      S2 Rejected Onset (onset=1.31 < threshold=1.44)
2025-12-25 06:59:26 [detection]      S1 Rejected Onset (onset=1.11 < threshold=1.44)
2025-12-25 06:59:26 [detection]      S1 Rejected Onset (onset=1.09 < threshold=1.44)
2025-12-25 06:59:26 [detection]      S2 Rejected Onset (onset=1.06 < threshold=1.44)
2025-12-25 06:59:26 [detection]      S1 Rejected Onset (onset=1.00 < threshold=1.44)
2025-12-25 06:59:26 [detection]      S5 Rejected Onset (onset=1.23 < threshold=1.44)
2025-12-25 06:59:26 [detection]      S1 Rejected Onset (onset=1.28 < threshold=1.44)
2025-12-25 06:59:26 [detection]      S2 Rejected Onset (onset=1.17 < threshold=1.44)
2025-12-25 06:59:27 [detection]      S1 Rejected Onset (onset=1.14 < threshold=1.44)
2025-12-25 06:59:27 [detection]      S1 Rejected Onset (onset=1.01 < threshold=1.44)
2025-12-25 06:59:29 [detection]      S5 Rejected Onset (onset=0.96 < threshold=1.44)
2025-12-25 06:59:29 [detection]      S6 Rejected Onset (onset=1.01 < threshold=1.44)
2025-12-25 06:59:29 [detection]      S6 Rejected Onset (onset=0.63 < threshold=1.44)
2025-12-25 06:59:29 [detection]      S1 Rejected Onset (onset=0.89 < threshold=1.44)
2025-12-25 06:59:29 [detection]      S2 Rejected Onset (onset=0.81 < threshold=1.44)
2025-12-25 06:59:29 [detection]      S1 Rejected Onset (onset=0.59 < threshold=1.44)
2025-12-25 06:59:29 [detection]      S2 Rejected Onset (onset=0.80 < threshold=1.44)
2025-12-25 06:59:30 [detection]      S1 Rejected Onset (onset=1.00 < threshold=1.44)
2025-12-25 06:59:30 [detection]      S1 Rejected Onset (onset=0.96 < threshold=1.44)
2025-12-25 06:59:30 [detection]      S2 Rejected Onset (onset=1.32 < threshold=1.44)
2025-12-25 06:59:30 [detection]      S1 Rejected Onset (onset=0.88 < threshold=1.44)
2025-12-25 06:59:30 [detection]      S2 Rejected Onset (onset=0.98 < threshold=1.44)
2025-12-25 06:59:30 [detection]      S1 Rejected Onset (onset=0.99 < threshold=1.44)
2025-12-25 06:59:30 [detection]      S1 Rejected Onset (onset=1.36 < threshold=1.44)
2025-12-25 06:59:30 [detection]      S2 Rejected Onset (onset=0.79 < threshold=1.44)
2025-12-25 06:59:31 [detection]      S1 Rejected Onset (onset=0.65 < threshold=1.44)
2025-12-25 06:59:31 [detection]      S2 Rejected Onset (onset=0.84 < threshold=1.44)
2025-12-25 06:59:31 [detection]      S1 Rejected Onset (onset=1.05 < threshold=1.44)
2025-12-25 06:59:31 [detection]      S1 Rejected Onset (onset=0.79 < threshold=1.44)
2025-12-25 06:59:31 [detection]      S2 Rejected Onset (onset=1.01 < threshold=1.44)
2025-12-25 06:59:31 [detection]      S1 Rejected Onset (onset=1.32 < threshold=1.44)
2025-12-25 06:59:31 [detection]      S2 Rejected Onset (onset=0.76 < threshold=1.44)
2025-12-25 06:59:34 [detection]      S1 Rejected Onset (onset=0.70 < threshold=1.44)
2025-12-25 06:59:34 [detection]      S2 Rejected Onset (onset=1.35 < threshold=1.44)
2025-12-25 06:59:34 [detection]      S3 Rejected Onset (onset=0.74 < threshold=1.44)
2025-12-25 06:59:34 [detection]      S1 Rejected Onset (onset=0.99 < threshold=1.44)
2025-12-25 06:59:34 [detection]      S1 Rejected Onset (onset=1.00 < threshold=1.44)
2025-12-25 06:59:34 [detection]      S1 Rejected Onset (onset=0.70 < threshold=1.44)
2025-12-25 06:59:34 [detection]      S3 Rejected Onset (onset=1.00 < threshold=1.44)
2025-12-25 06:59:34 [detection]      S2 Rejected Onset (onset=0.98 < threshold=1.44)
2025-12-25 06:59:34 [detection]      S1 Rejected Onset (onset=0.94 < threshold=1.44)
2025-12-25 06:59:34 [detection]      S2 Rejected Onset (onset=1.28 < threshold=1.44)
2025-12-25 06:59:34 [detection]      S1 Rejected Onset (onset=1.00 < threshold=1.44)
2025-12-25 06:59:34 [detection]      S4 Rejected Onset (onset=0.99 < threshold=1.44)
2025-12-25 06:59:34 [detection]      S6 Rejected Onset (onset=0.58 < threshold=1.44)
2025-12-25 06:59:34 [detection]      S2 Rejected Onset (onset=0.83 < threshold=1.44)
2025-12-25 06:59:34 [detection]      S5 Rejected Onset (onset=1.25 < threshold=1.44)
2025-12-25 06:59:34 [detection]      S1 Rejected Onset (onset=0.95 < threshold=1.44)
2025-12-25 06:59:36 [detection]      S5 Rejected Onset (onset=1.21 < threshold=1.44)
2025-12-25 06:59:36 [detection]      S6 Rejected Onset (onset=0.80 < threshold=1.44)
2025-12-25 06:59:36 [detection]      S6 Rejected Onset (onset=0.99 < threshold=1.44)
2025-12-25 06:59:36 [detection]      S3 Rejected Onset (onset=0.86 < threshold=1.44)
2025-12-25 06:59:36 [detection]      S4 Rejected Onset (onset=0.71 < threshold=1.44)
2025-12-25 06:59:36 [detection]      S2 Rejected Onset (onset=1.11 < threshold=1.44)
2025-12-25 06:59:37 [detection]      S2 Rejected Onset (onset=0.73 < threshold=1.44)
2025-12-25 06:59:37 [detection]      S1 Rejected Onset (onset=0.80 < threshold=1.44)
2025-12-25 06:59:37 [detection]      S3 Rejected Onset (onset=1.04 < threshold=1.44)
2025-12-25 06:59:37 [detection]      S5 Rejected Onset (onset=0.92 < threshold=1.44)
2025-12-25 06:59:37 [detection]      S1 Rejected Onset (onset=1.00 < threshold=1.44)
2025-12-25 06:59:37 [detection]      S2 Rejected Onset (onset=0.76 < threshold=1.44)
2025-12-25 06:59:37 [detection]      S1 Rejected Onset (onset=1.29 < threshold=1.44)
2025-12-25 06:59:37 [detection]      S2 Rejected Onset (onset=0.65 < threshold=1.44)
2025-12-25 06:59:37 [detection]      S3 Rejected Onset (onset=0.96 < threshold=1.44)
2025-12-25 06:59:37 [detection]      S1 Rejected Onset (onset=0.86 < threshold=1.44)
2025-12-25 06:59:39 [detection]      S5 Rejected Onset (onset=1.20 < threshold=1.44)
2025-12-25 06:59:39 [detection]      S1 Rejected Onset (onset=1.27 < threshold=1.44)
2025-12-25 06:59:39 [detection]      S1 Rejected Onset (onset=1.32 < threshold=1.44)
2025-12-25 06:59:39 [detection]      S1 Rejected Onset (onset=1.17 < threshold=1.44)
2025-12-25 06:59:40 [detection]      S1 Rejected Onset (onset=1.29 < threshold=1.44)
2025-12-25 06:59:40 [detection]      S1 Rejected Onset (onset=0.87 < threshold=1.44)
2025-12-25 06:59:40 [detection]      S5 Rejected Onset (onset=1.03 < threshold=1.44)
2025-12-25 06:59:40 [detection]      S6 Rejected Onset (onset=0.91 < threshold=1.44)
2025-12-25 06:59:40 [detection]      S1 Rejected Onset (onset=1.15 < threshold=1.44)
2025-12-25 06:59:40 [detection]      S4 Rejected Onset (onset=0.94 < threshold=1.44)
2025-12-25 06:59:40 [detection]      S2 Rejected Onset (onset=0.57 < threshold=1.44)
2025-12-25 06:59:40 [detection]      S3 Rejected Onset (onset=0.62 < threshold=1.44)
2025-12-25 06:59:40 [detection]      S1 Rejected Onset (onset=1.12 < threshold=1.44)
2025-12-25 06:59:40 [detection]      S1 Rejected Onset (onset=1.29 < threshold=1.44)
2025-12-25 06:59:41 [detection]      S1 Rejected Onset (onset=1.01 < threshold=1.44)
2025-12-25 06:59:41 [detection]      S2 Rejected Onset (onset=0.99 < threshold=1.44)
2025-12-25 06:59:41 [detection]      S1 Rejected Onset (onset=0.51 < threshold=1.44)
2025-12-25 06:59:41 [detection]      S2 Rejected Onset (onset=0.87 < threshold=1.44)
2025-12-25 06:59:41 [detection]      S3 Rejected Onset (onset=0.68 < threshold=1.44)
2025-12-25 06:59:41 [detection]      S4 Rejected Onset (onset=1.19 < threshold=1.44)
2025-12-25 06:59:41 [detection]      S1 Rejected Onset (onset=0.82 < threshold=1.44)
2025-12-25 06:59:41 [detection]      S2 Rejected Onset (onset=1.14 < threshold=1.44)
2025-12-25 06:59:41 [detection]      S2 Rejected Onset (onset=1.22 < threshold=1.44)
2025-12-25 06:59:41 [detection]      S2 Rejected Onset (onset=1.04 < threshold=1.44)
2025-12-25 06:59:41 [detection]      S1 Rejected Onset (onset=0.85 < threshold=1.44)
2025-12-25 06:59:41 [detection]      S3 Rejected Onset (onset=0.82 < threshold=1.44)
2025-12-25 06:59:43 [detection]      S1 Rejected Onset (onset=1.02 < threshold=1.44)
2025-12-25 06:59:43 [detection]      S1 Rejected Onset (onset=1.00 < threshold=1.44)
2025-12-25 06:59:43 [detection]      S2 Rejected Onset (onset=0.70 < threshold=1.44)
2025-12-25 06:59:43 [detection]      S1 Rejected Onset (onset=0.81 < threshold=1.44)
2025-12-25 06:59:43 [detection]      S1 Rejected Onset (onset=1.01 < threshold=1.44)
2025-12-25 06:59:44 [detection]      S1 Rejected Onset (onset=1.20 < threshold=1.44)
2025-12-25 06:59:45 [detection]      S1 Rejected Onset (onset=0.69 < threshold=1.44)
2025-12-25 06:59:45 [detection]      S2 Rejected Onset (onset=1.22 < threshold=1.44)
2025-12-25 06:59:45 [detection]      S1 Rejected Onset (onset=0.93 < threshold=1.44)
2025-12-25 06:59:45 [detection]      S1 Rejected Onset (onset=0.85 < threshold=1.44)
2025-12-25 06:59:45 [detection]      S1 Rejected Onset (onset=1.02 < threshold=1.44)
2025-12-25 06:59:45 [detection]      S2 Rejected Onset (onset=0.83 < threshold=1.44)
2025-12-25 06:59:45 [detection]      S1 Rejected Onset (onset=0.61 < threshold=1.44)
2025-12-25 06:59:45 [detection]      S1 Rejected Onset (onset=1.03 < threshold=1.44)
2025-12-25 06:59:47 [detection]      S2 Rejected Onset (onset=0.87 < threshold=1.44)
2025-12-25 06:59:47 [detection]      S5 Rejected Onset (onset=1.08 < threshold=1.44)
2025-12-25 06:59:47 [detection]      S6 Rejected Onset (onset=0.97 < threshold=1.44)
2025-12-25 06:59:47 [detection]      S1 Rejected Onset (onset=1.01 < threshold=1.44)
2025-12-25 06:59:47 [detection]      S3 Rejected Onset (onset=0.99 < threshold=1.44)
2025-12-25 06:59:47 [detection]      S4 Rejected Onset (onset=0.97 < threshold=1.44)
2025-12-25 07:02:46 [sessionwavs] wrote 6 wav files to /home/general/SignalAssistant/logs/sessionwavs/session-20251225-065506 (shutdown)
# Session closed at 2025-12-25 07:02:46
