# SignalAssistant session log
# Started at 2025-12-25 05:46:03
2025-12-25 05:46:03 [session] mode=live session='' path='' duration=0.00 files=0
2025-12-25 05:46:03 [tracker-settings] TrackerConfig onsetThreshold=0.02000 minNoteDurSec=0.045 hopSec=0.010 slideDelta=120.0 bendDelta=35.0
2025-12-25 05:46:03 [tracker-settings] string1 midi=40 lowCut=6386.53Hz highCut=52740.41Hz baseline=0.001000 gateRatio=0.05500 envFloor=0.001500 sustainScale=0.580 retriggerScale=1.400 pitchTol=0.400 onsetScale=0.360
2025-12-25 05:46:03 [tracker-settings] string2 midi=45 lowCut=11275.00Hz highCut=94600.00Hz baseline=0.001200 gateRatio=0.10000 envFloor=0.001800 sustainScale=0.700 retriggerScale=1.250 pitchTol=0.400 onsetScale=0.610
2025-12-25 05:46:03 [tracker-settings] string3 midi=50 lowCut=20189.45Hz highCut=170325.56Hz baseline=0.001400 gateRatio=0.13000 envFloor=0.002100 sustainScale=0.820 retriggerScale=1.100 pitchTol=0.450 onsetScale=0.930
2025-12-25 05:46:03 [tracker-settings] string4 midi=55 lowCut=36749.57Hz highCut=301836.47Hz baseline=0.001600 gateRatio=0.17000 envFloor=0.002400 sustainScale=1.000 retriggerScale=1.000 pitchTol=0.440 onsetScale=1.260
2025-12-25 05:46:03 [tracker-settings] string5 midi=59 lowCut=58648.64Hz highCut=479066.81Hz baseline=0.001800 gateRatio=0.21000 envFloor=0.002700 sustainScale=1.000 retriggerScale=1.000 pitchTol=0.500 onsetScale=1.440
2025-12-25 05:46:03 [tracker-settings] string6 midi=64 lowCut=104656.75Hz highCut=857031.69Hz baseline=0.002000 gateRatio=0.25000 envFloor=0.003000 sustainScale=1.000 retriggerScale=1.000 pitchTol=0.550 onsetScale=1.620
2025-12-25 05:46:03 [tracker] [s1] calibration reset target=0.00180 gain=1.000
2025-12-25 05:46:03 [tracker] [s2] calibration reset target=0.00180 gain=1.000
2025-12-25 05:46:03 [tracker] [s3] calibration reset target=0.00180 gain=1.000
2025-12-25 05:46:03 [tracker] [s4] calibration reset target=0.00180 gain=1.000
2025-12-25 05:46:03 [tracker] [s5] calibration reset target=0.00180 gain=1.000
2025-12-25 05:46:03 [tracker] [s6] calibration reset target=0.00180 gain=1.000
2025-12-25 05:46:03 [calibration] Loaded avgRms/peakRms from legacy calibration file
2025-12-25 05:46:03 [tracker] [s1] calibration avg=0.03937 target=0.00180 gain=1.000
2025-12-25 05:46:03 [tracker] [s2] calibration avg=0.01560 target=0.00180 gain=1.000
2025-12-25 05:46:03 [tracker] [s3] calibration avg=0.00661 target=0.00180 gain=1.000
2025-12-25 05:46:03 [tracker] [s4] calibration avg=0.00473 target=0.00180 gain=1.000
2025-12-25 05:46:03 [tracker] [s5] calibration avg=0.00699 target=0.00180 gain=1.000
2025-12-25 05:46:03 [calibration] Calibration profile derived from tuning state
2025-12-25 05:46:03 [tracker] [s1] configure sr=48000.0 hop=128 fft=1024 low=75.0 high=160.0
2025-12-25 05:46:03 [tracker] [s1] params baseline=0.001000 gate=0.0550 envFloor=0.000450 sustain=0.580 retrigger=1.400 pitchTol=0.400 onsetScale=0.100 aubioScale=1.20 aubioThresh=0.024 onsetSilence=-40.0 pitchSilence=-90.0
2025-12-25 05:46:03 [tracker] [s2] configure sr=48000.0 hop=128 fft=1024 low=100.0 high=215.0
2025-12-25 05:46:03 [tracker] [s2] params baseline=0.001200 gate=0.0100 envFloor=0.000100 sustain=1.500 retrigger=1.250 pitchTol=0.400 onsetScale=0.100 aubioScale=1.35 aubioThresh=0.027 onsetSilence=-40.0 pitchSilence=-90.0
2025-12-25 05:46:03 [tracker] [s3] configure sr=48000.0 hop=128 fft=1024 low=135.0 high=290.0
2025-12-25 05:46:03 [tracker] [s3] params baseline=0.001400 gate=0.1300 envFloor=0.000650 sustain=0.820 retrigger=1.100 pitchTol=0.450 onsetScale=0.100 aubioScale=1.60 aubioThresh=0.032 onsetSilence=-40.0 pitchSilence=-80.0
2025-12-25 05:46:03 [tracker] [s4] configure sr=48000.0 hop=128 fft=1024 low=185.0 high=385.0
2025-12-25 05:46:03 [tracker] [s4] params baseline=0.001600 gate=0.1700 envFloor=0.000780 sustain=1.000 retrigger=1.000 pitchTol=0.440 onsetScale=0.100 aubioScale=1.80 aubioThresh=0.036 onsetSilence=-40.0 pitchSilence=-80.0
2025-12-25 05:46:03 [tracker] [s5] configure sr=48000.0 hop=128 fft=512 low=235.0 high=485.0
2025-12-25 05:46:03 [tracker] [s5] params baseline=0.001800 gate=0.2100 envFloor=0.000900 sustain=1.000 retrigger=1.000 pitchTol=0.500 onsetScale=0.100 aubioScale=1.80 aubioThresh=0.036 onsetSilence=-40.0 pitchSilence=-80.0
2025-12-25 05:46:03 [tracker] [s6] configure sr=48000.0 hop=128 fft=512 low=315.0 high=650.0
2025-12-25 05:46:03 [tracker] [s6] params baseline=0.002000 gate=0.2500 envFloor=0.001050 sustain=1.000 retrigger=1.000 pitchTol=0.550 onsetScale=0.100 aubioScale=1.80 aubioThresh=0.036 onsetSilence=-40.0 pitchSilence=-80.0
2025-12-25 05:46:03 [detection] [s5] PASS onset: onsetStrength=0.9029 >= onsetThreshold=0.1000
2025-12-25 05:46:03 [detection] [s5] PASS gate: envelope=0.0005 >= gateThreshold=0.0004
2025-12-25 05:46:03 [detection] [s5] REJECT envFloor: envelope=0.0005 < envFloor=0.0018
2025-12-25 05:46:03 [detection] [s6] PASS onset: onsetStrength=0.8488 >= onsetThreshold=0.1000
2025-12-25 05:46:03 [detection] [s6] PASS gate: envelope=0.0006 >= gateThreshold=0.0005
2025-12-25 05:46:03 [detection] [s6] REJECT envFloor: envelope=0.0006 < envFloor=0.0020
2025-12-25 05:46:03 [detection] [s2] PASS onset: onsetStrength=0.8266 >= onsetThreshold=0.1000
2025-12-25 05:46:03 [detection] [s2] PASS gate: envelope=0.0007 >= gateThreshold=0.0000
2025-12-25 05:46:03 [detection] [s2] REJECT envFloor: envelope=0.0007 < envFloor=0.0012
2025-12-25 05:46:03 [detection] [s3] PASS onset: onsetStrength=0.8748 >= onsetThreshold=0.1000
2025-12-25 05:46:03 [detection] [s3] PASS gate: envelope=0.0009 >= gateThreshold=0.0002
2025-12-25 05:46:03 [detection] [s3] REJECT envFloor: envelope=0.0009 < envFloor=0.0014
2025-12-25 05:46:03 [detection] [s4] PASS onset: onsetStrength=0.8858 >= onsetThreshold=0.1000
2025-12-25 05:46:03 [detection] [s4] PASS gate: envelope=0.0005 >= gateThreshold=0.0003
2025-12-25 05:46:03 [detection] [s4] REJECT envFloor: envelope=0.0005 < envFloor=0.0016
2025-12-25 05:46:05 [detection] [s5] PASS onset: onsetStrength=1.3932 >= onsetThreshold=0.1000
2025-12-25 05:46:05 [detection] [s5] PASS gate: envelope=0.0039 >= gateThreshold=0.0004
2025-12-25 05:46:05 [detection] [s5] PASS envFloor: envelope=0.0039 >= envFloor=0.0018
2025-12-25 05:46:05 [tracker] [s5] onset t=2.065 env=0.00388 gate=0.00038 envDelta=0.00350 envFloor=0.00180 onset=1.393 thresh=0.100 onsetDelta=1.29322 baseline=0.00180 lastPeak=0.00000 guard=0.060 activeAge=-1.000 pitch=-1.00Hz pitchCents=0.0
2025-12-25 05:46:05 [detection] [s6] PASS onset: onsetStrength=0.9999 >= onsetThreshold=0.1000
2025-12-25 05:46:05 [detection] [s6] PASS gate: envelope=0.0124 >= gateThreshold=0.0005
2025-12-25 05:46:05 [detection] [s6] PASS envFloor: envelope=0.0124 >= envFloor=0.0020
2025-12-25 05:46:05 [tracker] [s6] onset t=2.065 env=0.01235 gate=0.00050 envDelta=0.01185 envFloor=0.00200 onset=1.000 thresh=0.100 onsetDelta=0.89989 baseline=0.00200 lastPeak=0.00000 guard=0.060 activeAge=-1.000 pitch=-1.00Hz pitchCents=0.0
2025-12-25 05:46:06 [detection] [s2] PASS onset: onsetStrength=0.9285 >= onsetThreshold=0.1000
2025-12-25 05:46:06 [detection] [s2] PASS gate: envelope=0.0219 >= gateThreshold=0.0000
2025-12-25 05:46:06 [detection] [s2] PASS envFloor: envelope=0.0219 >= envFloor=0.0012
2025-12-25 05:46:06 [tracker] [s2] onset t=2.879 env=0.02195 gate=0.00001 envDelta=0.02193 envFloor=0.00120 onset=0.929 thresh=0.100 onsetDelta=0.82855 baseline=0.00120 lastPeak=0.00000 guard=0.060 activeAge=-1.000 pitch=174.02Hz pitchCents=794.1
2025-12-25 05:46:06 [detection] [s3] PASS onset: onsetStrength=0.9176 >= onsetThreshold=0.1000
2025-12-25 05:46:06 [detection] [s3] PASS gate: envelope=0.3220 >= gateThreshold=0.0002
2025-12-25 05:46:06 [detection] [s3] PASS envFloor: envelope=0.3220 >= envFloor=0.0014
2025-12-25 05:46:06 [tracker] [s3] onset t=2.897 env=0.32199 gate=0.00018 envDelta=0.32181 envFloor=0.00140 onset=0.918 thresh=0.100 onsetDelta=0.81762 baseline=0.00140 lastPeak=0.00000 guard=0.060 activeAge=-1.000 pitch=-1.00Hz pitchCents=0.0
2025-12-25 05:46:06 [detection] [s4] PASS onset: onsetStrength=0.5642 >= onsetThreshold=0.1000
2025-12-25 05:46:06 [detection] [s4] PASS gate: envelope=0.0449 >= gateThreshold=0.0003
2025-12-25 05:46:06 [detection] [s4] PASS envFloor: envelope=0.0449 >= envFloor=0.0016
2025-12-25 05:46:06 [tracker] [s4] onset t=2.900 env=0.04488 gate=0.00027 envDelta=0.04460 envFloor=0.00160 onset=0.564 thresh=0.100 onsetDelta=0.46417 baseline=0.00160 lastPeak=0.00000 guard=0.060 activeAge=-1.000 pitch=-1.00Hz pitchCents=0.0
2025-12-25 05:46:06 [detection] [s5] PASS onset: onsetStrength=0.8689 >= onsetThreshold=0.1000
2025-12-25 05:46:06 [detection] [s5] PASS gate: envelope=0.0178 >= gateThreshold=0.0004
2025-12-25 05:46:06 [detection] [s5] PASS envFloor: envelope=0.0178 >= envFloor=0.0018
2025-12-25 05:46:06 [tracker] [s5] onset t=2.919 env=0.01780 gate=0.00038 envDelta=0.01743 envFloor=0.00180 onset=0.869 thresh=0.100 onsetDelta=0.76887 baseline=0.00180 lastPeak=0.00000 guard=0.060 activeAge=-1.000 pitch=369.64Hz pitchCents=698.3
2025-12-25 05:46:06 [detection] [s2] PASS onset: onsetStrength=0.8006 >= onsetThreshold=0.1000
2025-12-25 05:46:06 [detection] [s2] PASS gate: envelope=0.2919 >= gateThreshold=0.0000
2025-12-25 05:46:06 [detection] [s2] PASS envFloor: envelope=0.2919 >= envFloor=0.0012
2025-12-25 05:46:06 [tracker] [s2] onset t=2.929 env=0.29186 gate=0.00001 envDelta=0.29185 envFloor=0.00120 onset=0.801 thresh=0.100 onsetDelta=0.70060 baseline=0.00120 lastPeak=0.00000 guard=0.060 activeAge=-1.000 pitch=148.36Hz pitchCents=517.9
2025-12-25 05:46:06 [tracker] [s2] note-start t=2.929 fret=5 midi=50 vel=1.00 env=0.29186
2025-12-25 05:46:06 [detection]      S2F5 ON (onset=0.801 env=0.2919)
2025-12-25 05:46:06 [detection] [s4] PASS onset: onsetStrength=0.8418 >= onsetThreshold=0.1000
2025-12-25 05:46:06 [detection] [s4] PASS gate: envelope=0.1960 >= gateThreshold=0.0003
2025-12-25 05:46:06 [detection] [s4] PASS envFloor: envelope=0.1960 >= envFloor=0.0016
2025-12-25 05:46:06 [tracker] [s4] onset t=2.953 env=0.19601 gate=0.00027 envDelta=0.19574 envFloor=0.00160 onset=0.842 thresh=0.100 onsetDelta=0.74185 baseline=0.00160 lastPeak=0.00000 guard=0.060 activeAge=-1.000 pitch=299.04Hz pitchCents=731.4
2025-12-25 05:46:06 [tracker] [s4] note-start t=2.953 fret=7 midi=62 vel=1.00 env=0.19601
2025-12-25 05:46:06 [detection]      S4F7 ON (onset=0.842 env=0.1960)
2025-12-25 05:46:06 [detection] [s3] PASS onset: onsetStrength=0.8341 >= onsetThreshold=0.1000
2025-12-25 05:46:06 [detection] [s3] PASS gate: envelope=0.0711 >= gateThreshold=0.0002
2025-12-25 05:46:06 [detection] [s3] PASS envFloor: envelope=0.0711 >= envFloor=0.0014
2025-12-25 05:46:06 [tracker] [s3] onset t=3.193 env=0.07108 gate=0.00018 envDelta=0.07090 envFloor=0.00140 onset=0.834 thresh=0.100 onsetDelta=0.73410 baseline=0.00140 lastPeak=0.00000 guard=0.060 activeAge=-1.000 pitch=220.43Hz pitchCents=703.3
2025-12-25 05:46:06 [tracker] [s3] note-start t=3.193 fret=7 midi=57 vel=0.85 env=0.07108
2025-12-25 05:46:06 [detection]      S3F7 ON (onset=0.834 env=0.0711)
2025-12-25 05:46:06 [tracker] [s1] aubio-raw t=3.2680 onset=0.604515 env=0.005468 peak=0.007571 gain=1.000
2025-12-25 05:46:06 [detection] [s1] PASS onset: onsetStrength=0.6045 >= onsetThreshold=0.1000
2025-12-25 05:46:06 [detection] [s1] PASS gate: envelope=0.0055 >= gateThreshold=0.0001
2025-12-25 05:46:06 [detection] [s1] PASS envFloor: envelope=0.0055 >= envFloor=0.0010
2025-12-25 05:46:06 [tracker] [s1] onset-accepted t=3.2680 env=0.005468 gate=0.000055 envDelta=0.005413 envFloor=0.001000 onset=0.604515 thresh=0.100000 onsetDelta=0.504515 baseline=0.001000 lastPeak=0.000000 baseParam=0.001000 gateRatio=0.0550 envParam=0.000450 retriggerScale=1.400 guard=0.060 guardRemain=0.000 activeAge=-1.000 retrigRemain=0.000 pitchHz=140.37 pitchCents=922.1
2025-12-25 05:46:06 [tracker] [s1] onset t=3.268 env=0.00547 gate=0.00006 envDelta=0.00541 envFloor=0.00100 onset=0.605 thresh=0.100 onsetDelta=0.50451 baseline=0.00100 lastPeak=0.00000 guard=0.060 activeAge=-1.000 pitch=140.37Hz pitchCents=922.1
2025-12-25 05:46:06 [detection] [s3] sustain check: avgEnv=0.0011 < sustainFloor=0.0014 (quiet frame 1/8)
2025-12-25 05:46:06 [detection] [s3] sustain check: avgEnv=0.0008 < sustainFloor=0.0014 (quiet frame 2/8)
2025-12-25 05:46:06 [detection] [s3] sustain check: avgEnv=0.0007 < sustainFloor=0.0014 (quiet frame 3/8)
2025-12-25 05:46:06 [detection] [s3] sustain check: avgEnv=0.0006 < sustainFloor=0.0014 (quiet frame 4/8)
2025-12-25 05:46:06 [detection] [s3] sustain check: avgEnv=0.0007 < sustainFloor=0.0014 (quiet frame 5/8)
2025-12-25 05:46:06 [detection] [s3] sustain check: avgEnv=0.0006 < sustainFloor=0.0014 (quiet frame 6/8)
2025-12-25 05:46:07 [detection] [s2] sustain check: avgEnv=0.0014 < sustainFloor=0.0018 (quiet frame 1/8)
2025-12-25 05:46:07 [detection] [s3] sustain check: avgEnv=0.0005 < sustainFloor=0.0014 (quiet frame 7/8)
2025-12-25 05:46:07 [detection] [s2] sustain check: avgEnv=0.0012 < sustainFloor=0.0018 (quiet frame 2/8)
2025-12-25 05:46:07 [detection] [s3] sustain check: avgEnv=0.0005 < sustainFloor=0.0014 (quiet frame 8/8)
2025-12-25 05:46:07 [detection] [s3] NOTE-OFF: sustained quiet for 8 frames
2025-12-25 05:46:07 [tracker] [s3] release-quiet t=3.295 avgEnv=0.00046 floor=0.00140 quietFrames=8
2025-12-25 05:46:07 [detection]      S3F7 OFF (sustained-quiet: avgEnv=0.0005 < floor=0.0014)
2025-12-25 05:46:07 [tracker] [s3] note-ended t=3.295 fret=7 dur=0.101
2025-12-25 05:46:07 [detection] [s2] sustain check: avgEnv=0.0009 < sustainFloor=0.0018 (quiet frame 3/8)
2025-12-25 05:46:07 [detection] [s2] sustain check: avgEnv=0.0008 < sustainFloor=0.0018 (quiet frame 4/8)
2025-12-25 05:46:07 [detection] [s2] sustain check: avgEnv=0.0008 < sustainFloor=0.0018 (quiet frame 5/8)
2025-12-25 05:46:07 [detection] [s2] sustain check: avgEnv=0.0008 < sustainFloor=0.0018 (quiet frame 6/8)
2025-12-25 05:46:07 [detection] [s4] sustain check: avgEnv=0.0013 < sustainFloor=0.0016 (quiet frame 1/8)
2025-12-25 05:46:07 [detection] [s2] sustain check: avgEnv=0.0006 < sustainFloor=0.0018 (quiet frame 7/8)
2025-12-25 05:46:07 [detection] [s4] sustain check: avgEnv=0.0010 < sustainFloor=0.0016 (quiet frame 2/8)
2025-12-25 05:46:07 [detection] [s2] sustain check: avgEnv=0.0006 < sustainFloor=0.0018 (quiet frame 8/8)
2025-12-25 05:46:07 [detection] [s2] NOTE-OFF: sustained quiet for 8 frames
2025-12-25 05:46:07 [tracker] [s2] release-quiet t=3.311 avgEnv=0.00057 floor=0.00180 quietFrames=8
2025-12-25 05:46:07 [detection]      S2F5 OFF (sustained-quiet: avgEnv=0.0006 < floor=0.0018)
2025-12-25 05:46:07 [tracker] [s2] note-ended t=3.311 fret=5 dur=0.381
2025-12-25 05:46:07 [detection] [s4] sustain check: avgEnv=0.0008 < sustainFloor=0.0016 (quiet frame 3/8)
2025-12-25 05:46:07 [detection] [s4] sustain check: avgEnv=0.0007 < sustainFloor=0.0016 (quiet frame 4/8)
2025-12-25 05:46:07 [detection] [s4] sustain check: avgEnv=0.0006 < sustainFloor=0.0016 (quiet frame 5/8)
2025-12-25 05:46:07 [detection] [s4] sustain check: avgEnv=0.0005 < sustainFloor=0.0016 (quiet frame 6/8)
2025-12-25 05:46:07 [detection] [s4] sustain check: avgEnv=0.0005 < sustainFloor=0.0016 (quiet frame 7/8)
2025-12-25 05:46:07 [detection] [s4] sustain check: avgEnv=0.0004 < sustainFloor=0.0016 (quiet frame 8/8)
2025-12-25 05:46:07 [detection] [s4] NOTE-OFF: sustained quiet for 8 frames
2025-12-25 05:46:07 [tracker] [s4] release-quiet t=3.324 avgEnv=0.00044 floor=0.00160 quietFrames=8
2025-12-25 05:46:07 [detection]      S4F7 OFF (sustained-quiet: avgEnv=0.0004 < floor=0.0016)
2025-12-25 05:46:07 [tracker] [s4] note-ended t=3.324 fret=7 dur=0.371
2025-12-25 05:46:08 [detection] [s5] PASS onset: onsetStrength=1.2485 >= onsetThreshold=0.1000
2025-12-25 05:46:08 [detection] [s5] PASS gate: envelope=0.0133 >= gateThreshold=0.0004
2025-12-25 05:46:08 [detection] [s5] PASS envFloor: envelope=0.0133 >= envFloor=0.0018
2025-12-25 05:46:08 [tracker] [s5] onset t=4.969 env=0.01334 gate=0.00038 envDelta=0.01296 envFloor=0.00180 onset=1.249 thresh=0.100 onsetDelta=1.14852 baseline=0.00180 lastPeak=0.00000 guard=0.060 activeAge=-1.000 pitch=-1.00Hz pitchCents=0.0
2025-12-25 05:46:08 [detection] [s3] PASS onset: onsetStrength=1.0619 >= onsetThreshold=0.1000
2025-12-25 05:46:08 [detection] [s3] PASS gate: envelope=0.0694 >= gateThreshold=0.0002
2025-12-25 05:46:08 [detection] [s3] PASS envFloor: envelope=0.0694 >= envFloor=0.0014
2025-12-25 05:46:08 [tracker] [s3] onset t=4.980 env=0.06944 gate=0.00018 envDelta=0.06926 envFloor=0.00140 onset=1.062 thresh=0.100 onsetDelta=0.96188 baseline=0.00140 lastPeak=0.00247 guard=0.060 activeAge=-1.000 pitch=285.69Hz pitchCents=1152.3
2025-12-25 05:46:08 [detection] [s4] PASS onset: onsetStrength=0.6377 >= onsetThreshold=0.1000
2025-12-25 05:46:08 [detection] [s4] PASS envFloor: envelope=0.5702 >= envFloor=0.0016
2025-12-25 05:46:08 [tracker] [s4] onset t=4.980 env=0.57017 gate=0.00027 envDelta=0.56990 envFloor=0.00160 onset=0.638 thresh=0.100 onsetDelta=0.53767 baseline=0.00160 lastPeak=0.00434 guard=0.060 activeAge=-1.000 pitch=299.72Hz pitchCents=735.3
2025-12-25 05:46:08 [detection] [s4] PASS onset: onsetStrength=0.7343 >= onsetThreshold=0.1000
2025-12-25 05:46:08 [detection] [s4] PASS gate: envelope=0.5996 >= gateThreshold=0.0003
2025-12-25 05:46:08 [tracker] [s4] onset t=5.041 env=0.59960 gate=0.00027 envDelta=0.59933 envFloor=0.00160 onset=0.734 thresh=0.100 onsetDelta=0.63431 baseline=0.00160 lastPeak=0.00387 guard=0.060 activeAge=-1.000 pitch=297.23Hz pitchCents=720.9
2025-12-25 05:46:08 [tracker] [s4] note-start t=5.041 fret=7 midi=62 vel=1.00 env=0.59960
2025-12-25 05:46:08 [detection]      S4F7 ON (onset=0.734 env=0.5996)
2025-12-25 05:46:08 [detection] [s3] PASS onset: onsetStrength=1.1435 >= onsetThreshold=0.1000
2025-12-25 05:46:08 [detection] [s3] PASS gate: envelope=0.0039 >= gateThreshold=0.0002
2025-12-25 05:46:08 [detection] [s3] PASS envFloor: envelope=0.0039 >= envFloor=0.0014
2025-12-25 05:46:08 [tracker] [s3] onset t=5.084 env=0.00393 gate=0.00018 envDelta=0.00375 envFloor=0.00140 onset=1.143 thresh=0.100 onsetDelta=1.04350 baseline=0.00140 lastPeak=0.00203 guard=0.060 activeAge=-1.000 pitch=307.37Hz pitchCents=1279.0
2025-12-25 05:46:08 [tracker] [s3] note-start t=5.084 fret=13 midi=63 vel=0.05 env=0.00393
2025-12-25 05:46:08 [detection]      S3F13 ON (onset=1.143 env=0.0039)
2025-12-25 05:46:09 [detection] [s5] PASS onset: onsetStrength=1.1308 >= onsetThreshold=0.1000
2025-12-25 05:46:09 [detection] [s5] PASS gate: envelope=0.0033 >= gateThreshold=0.0004
2025-12-25 05:46:09 [detection] [s5] PASS envFloor: envelope=0.0033 >= envFloor=0.0018
2025-12-25 05:46:09 [tracker] [s5] onset t=5.300 env=0.00332 gate=0.00038 envDelta=0.00294 envFloor=0.00180 onset=1.131 thresh=0.100 onsetDelta=1.03078 baseline=0.00180 lastPeak=0.00000 guard=0.060 activeAge=-1.000 pitch=-1.00Hz pitchCents=0.0
2025-12-25 05:46:09 [detection] [s3] sustain check: avgEnv=0.0013 < sustainFloor=0.0014 (quiet frame 1/8)
2025-12-25 05:46:09 [detection] [s3] sustain check: avgEnv=0.0013 < sustainFloor=0.0014 (quiet frame 2/8)
2025-12-25 05:46:09 [detection] [s3] sustain check: avgEnv=0.0014 < sustainFloor=0.0014 (quiet frame 3/8)
2025-12-25 05:46:09 [detection] [s3] sustain check: avgEnv=0.0015 >= sustainFloor=0.0014 (reset quiet count from 3)
2025-12-25 05:46:09 [detection] [s3] sustain check: avgEnv=0.0014 < sustainFloor=0.0014 (quiet frame 1/8)
2025-12-25 05:46:09 [detection] [s3] sustain check: avgEnv=0.0013 < sustainFloor=0.0014 (quiet frame 2/8)
2025-12-25 05:46:09 [detection] [s3] sustain check: avgEnv=0.0012 < sustainFloor=0.0014 (quiet frame 3/8)
2025-12-25 05:46:09 [detection] [s3] sustain check: avgEnv=0.0011 < sustainFloor=0.0014 (quiet frame 4/8)
2025-12-25 05:46:09 [detection] [s3] sustain check: avgEnv=0.0012 < sustainFloor=0.0014 (quiet frame 5/8)
2025-12-25 05:46:09 [detection] [s3] sustain check: avgEnv=0.0012 < sustainFloor=0.0014 (quiet frame 6/8)
2025-12-25 05:46:09 [detection] [s3] sustain check: avgEnv=0.0010 < sustainFloor=0.0014 (quiet frame 7/8)
2025-12-25 05:46:09 [detection] [s3] sustain check: avgEnv=0.0009 < sustainFloor=0.0014 (quiet frame 8/8)
2025-12-25 05:46:09 [detection] [s3] NOTE-OFF: sustained quiet for 8 frames
2025-12-25 05:46:09 [tracker] [s3] release-quiet t=5.409 avgEnv=0.00095 floor=0.00140 quietFrames=8
2025-12-25 05:46:09 [detection]      S3F13 OFF (sustained-quiet: avgEnv=0.0009 < floor=0.0014)
2025-12-25 05:46:09 [tracker] [s3] note-ended t=5.409 fret=13 dur=0.325
2025-12-25 05:46:09 [detection] [s4] sustain check: avgEnv=0.0014 < sustainFloor=0.0016 (quiet frame 1/8)
2025-12-25 05:46:09 [detection] [s4] sustain check: avgEnv=0.0012 < sustainFloor=0.0016 (quiet frame 2/8)
2025-12-25 05:46:09 [detection] [s4] sustain check: avgEnv=0.0009 < sustainFloor=0.0016 (quiet frame 3/8)
2025-12-25 05:46:09 [detection] [s4] sustain check: avgEnv=0.0008 < sustainFloor=0.0016 (quiet frame 4/8)
2025-12-25 05:46:09 [detection] [s4] sustain check: avgEnv=0.0006 < sustainFloor=0.0016 (quiet frame 5/8)
2025-12-25 05:46:09 [detection] [s4] sustain check: avgEnv=0.0006 < sustainFloor=0.0016 (quiet frame 6/8)
2025-12-25 05:46:09 [detection] [s4] sustain check: avgEnv=0.0006 < sustainFloor=0.0016 (quiet frame 7/8)
2025-12-25 05:46:09 [detection] [s4] sustain check: avgEnv=0.0006 < sustainFloor=0.0016 (quiet frame 8/8)
2025-12-25 05:46:09 [detection] [s4] NOTE-OFF: sustained quiet for 8 frames
2025-12-25 05:46:09 [tracker] [s4] release-quiet t=5.473 avgEnv=0.00056 floor=0.00160 quietFrames=8
2025-12-25 05:46:09 [detection]      S4F7 OFF (sustained-quiet: avgEnv=0.0006 < floor=0.0016)
2025-12-25 05:46:09 [tracker] [s4] note-ended t=5.473 fret=7 dur=0.432
2025-12-25 05:46:09 [detection] [s5] PASS onset: onsetStrength=1.3293 >= onsetThreshold=0.1000
2025-12-25 05:46:09 [detection] [s5] PASS gate: envelope=0.0042 >= gateThreshold=0.0004
2025-12-25 05:46:09 [tracker] [s5] onset t=5.631 env=0.00422 gate=0.00038 envDelta=0.00385 envFloor=0.00180 onset=1.329 thresh=0.100 onsetDelta=1.22934 baseline=0.00180 lastPeak=0.00000 guard=0.060 activeAge=-1.000 pitch=-1.00Hz pitchCents=0.0
2025-12-25 05:46:10 [detection] [s6] PASS onset: onsetStrength=0.8182 >= onsetThreshold=0.1000
2025-12-25 05:46:10 [detection] [s6] PASS gate: envelope=0.0052 >= gateThreshold=0.0005
2025-12-25 05:46:10 [detection] [s6] PASS envFloor: envelope=0.0052 >= envFloor=0.0020
2025-12-25 05:46:10 [tracker] [s6] onset t=6.353 env=0.00522 gate=0.00050 envDelta=0.00472 envFloor=0.00200 onset=0.818 thresh=0.100 onsetDelta=0.71824 baseline=0.00200 lastPeak=0.00000 guard=0.060 activeAge=-1.000 pitch=-1.00Hz pitchCents=0.0
2025-12-25 05:46:10 [detection] [s3] PASS onset: onsetStrength=0.6624 >= onsetThreshold=0.1000
2025-12-25 05:46:10 [detection] [s3] PASS gate: envelope=0.2968 >= gateThreshold=0.0002
2025-12-25 05:46:10 [detection] [s3] PASS envFloor: envelope=0.2968 >= envFloor=0.0014
2025-12-25 05:46:10 [tracker] [s3] onset t=6.356 env=0.29681 gate=0.00018 envDelta=0.29663 envFloor=0.00140 onset=0.662 thresh=0.100 onsetDelta=0.56241 baseline=0.00140 lastPeak=0.00036 guard=0.060 activeAge=-1.000 pitch=196.91Hz pitchCents=508.0
2025-12-25 05:46:10 [tracker] [s1] aubio-raw t=6.3585 onset=0.757843 env=0.003680 peak=0.005903 gain=1.000
2025-12-25 05:46:10 [detection] [s1] PASS onset: onsetStrength=0.7578 >= onsetThreshold=0.1000
2025-12-25 05:46:10 [detection] [s1] PASS gate: envelope=0.0037 >= gateThreshold=0.0001
2025-12-25 05:46:10 [detection] [s1] PASS envFloor: envelope=0.0037 >= envFloor=0.0010
2025-12-25 05:46:10 [tracker] [s1] onset-accepted t=6.3585 env=0.003680 gate=0.000055 envDelta=0.003625 envFloor=0.001000 onset=0.757843 thresh=0.100000 onsetDelta=0.657843 baseline=0.001000 lastPeak=0.000000 baseParam=0.001000 gateRatio=0.0550 envParam=0.000450 retriggerScale=1.400 guard=0.060 guardRemain=0.000 activeAge=-1.000 retrigRemain=0.000 pitchHz=-1.00 pitchCents=0.0
2025-12-25 05:46:10 [tracker] [s1] onset t=6.359 env=0.00368 gate=0.00006 envDelta=0.00362 envFloor=0.00100 onset=0.758 thresh=0.100 onsetDelta=0.65784 baseline=0.00100 lastPeak=0.00000 guard=0.060 activeAge=-1.000 pitch=-1.00Hz pitchCents=0.0
2025-12-25 05:46:10 [detection] [s3] PASS onset: onsetStrength=1.0382 >= onsetThreshold=0.1000
2025-12-25 05:46:10 [detection] [s3] PASS gate: envelope=0.1742 >= gateThreshold=0.0002
2025-12-25 05:46:10 [detection] [s3] PASS envFloor: envelope=0.1742 >= envFloor=0.0014
2025-12-25 05:46:10 [tracker] [s3] onset t=6.425 env=0.17422 gate=0.00018 envDelta=0.17403 envFloor=0.00140 onset=1.038 thresh=0.100 onsetDelta=0.93817 baseline=0.00140 lastPeak=0.00032 guard=0.060 activeAge=-1.000 pitch=196.67Hz pitchCents=506.0
2025-12-25 05:46:10 [tracker] [s3] note-start t=6.425 fret=5 midi=55 vel=1.00 env=0.17422
2025-12-25 05:46:10 [detection]      S3F5 ON (onset=1.038 env=0.1742)
2025-12-25 05:46:10 [detection] [s6] PASS onset: onsetStrength=1.0778 >= onsetThreshold=0.1000
2025-12-25 05:46:10 [detection] [s6] PASS gate: envelope=0.0130 >= gateThreshold=0.0005
2025-12-25 05:46:10 [detection] [s6] PASS envFloor: envelope=0.0130 >= envFloor=0.0020
2025-12-25 05:46:10 [tracker] [s6] onset t=6.439 env=0.01303 gate=0.00050 envDelta=0.01253 envFloor=0.00200 onset=1.078 thresh=0.100 onsetDelta=0.97778 baseline=0.00200 lastPeak=0.00000 guard=0.060 activeAge=-1.000 pitch=419.27Hz pitchCents=416.5
2025-12-25 05:46:10 [detection] [s4] PASS onset: onsetStrength=0.7998 >= onsetThreshold=0.1000
2025-12-25 05:46:10 [detection] [s4] PASS gate: envelope=0.0046 >= gateThreshold=0.0003
2025-12-25 05:46:10 [detection] [s4] PASS envFloor: envelope=0.0046 >= envFloor=0.0016
2025-12-25 05:46:10 [tracker] [s4] onset t=6.588 env=0.00463 gate=0.00027 envDelta=0.00435 envFloor=0.00160 onset=0.800 thresh=0.100 onsetDelta=0.69981 baseline=0.00160 lastPeak=0.03275 guard=0.060 activeAge=-1.000 pitch=94.11Hz pitchCents=-1270.1
2025-12-25 05:46:10 [detection] [s3] sustain check: avgEnv=0.0012 < sustainFloor=0.0014 (quiet frame 1/8)
2025-12-25 05:46:10 [detection] [s3] sustain check: avgEnv=0.0010 < sustainFloor=0.0014 (quiet frame 2/8)
2025-12-25 05:46:10 [detection] [s3] sustain check: avgEnv=0.0009 < sustainFloor=0.0014 (quiet frame 3/8)
2025-12-25 05:46:10 [detection] [s3] sustain check: avgEnv=0.0007 < sustainFloor=0.0014 (quiet frame 4/8)
2025-12-25 05:46:10 [detection] [s3] sustain check: avgEnv=0.0005 < sustainFloor=0.0014 (quiet frame 5/8)
2025-12-25 05:46:10 [detection] [s3] sustain check: avgEnv=0.0004 < sustainFloor=0.0014 (quiet frame 6/8)
2025-12-25 05:46:10 [detection] [s3] sustain check: avgEnv=0.0004 < sustainFloor=0.0014 (quiet frame 7/8)
2025-12-25 05:46:10 [detection] [s3] sustain check: avgEnv=0.0004 < sustainFloor=0.0014 (quiet frame 8/8)
2025-12-25 05:46:10 [detection] [s3] NOTE-OFF: sustained quiet for 8 frames
2025-12-25 05:46:10 [tracker] [s3] release-quiet t=6.644 avgEnv=0.00038 floor=0.00140 quietFrames=8
2025-12-25 05:46:10 [detection]      S3F5 OFF (sustained-quiet: avgEnv=0.0004 < floor=0.0014)
2025-12-25 05:46:10 [tracker] [s3] note-ended t=6.644 fret=5 dur=0.219
2025-12-25 05:46:10 [detection] [s2] PASS onset: onsetStrength=1.1286 >= onsetThreshold=0.1000
2025-12-25 05:46:10 [detection] [s2] PASS gate: envelope=0.0184 >= gateThreshold=0.0000
2025-12-25 05:46:10 [tracker] [s2] onset t=7.073 env=0.01842 gate=0.00001 envDelta=0.01840 envFloor=0.00120 onset=1.129 thresh=0.100 onsetDelta=1.02859 baseline=0.00120 lastPeak=0.00012 guard=0.060 activeAge=-1.000 pitch=-1.00Hz pitchCents=0.0
2025-12-25 05:46:10 [detection] [s3] PASS onset: onsetStrength=1.2906 >= onsetThreshold=0.1000
2025-12-25 05:46:10 [detection] [s3] PASS envFloor: envelope=0.3261 >= envFloor=0.0014
2025-12-25 05:46:10 [tracker] [s3] onset t=7.073 env=0.32609 gate=0.00018 envDelta=0.32591 envFloor=0.00140 onset=1.291 thresh=0.100 onsetDelta=1.19061 baseline=0.00140 lastPeak=0.05153 guard=0.060 activeAge=-1.000 pitch=216.15Hz pitchCents=669.4
2025-12-25 05:46:10 [detection] [s4] PASS onset: onsetStrength=1.2458 >= onsetThreshold=0.1000
2025-12-25 05:46:10 [detection] [s4] PASS gate: envelope=0.0201 >= gateThreshold=0.0003
2025-12-25 05:46:10 [detection] [s4] PASS envFloor: envelope=0.0201 >= envFloor=0.0016
2025-12-25 05:46:10 [tracker] [s4] onset t=7.073 env=0.02011 gate=0.00027 envDelta=0.01984 envFloor=0.00160 onset=1.246 thresh=0.100 onsetDelta=1.14579 baseline=0.00160 lastPeak=0.01315 guard=0.060 activeAge=-1.000 pitch=-1.00Hz pitchCents=0.0
2025-12-25 05:46:10 [detection] [s5] PASS onset: onsetStrength=0.8646 >= onsetThreshold=0.1000
2025-12-25 05:46:10 [detection] [s5] PASS gate: envelope=0.0066 >= gateThreshold=0.0004
2025-12-25 05:46:10 [tracker] [s5] onset t=7.078 env=0.00664 gate=0.00038 envDelta=0.00626 envFloor=0.00180 onset=0.865 thresh=0.100 onsetDelta=0.76462 baseline=0.00180 lastPeak=0.00000 guard=0.060 activeAge=-1.000 pitch=-1.00Hz pitchCents=0.0
2025-12-25 05:46:10 [detection] [s3] PASS onset: onsetStrength=0.7616 >= onsetThreshold=0.1000
2025-12-25 05:46:10 [detection] [s3] PASS gate: envelope=0.1105 >= gateThreshold=0.0002
2025-12-25 05:46:10 [detection] [s3] PASS envFloor: envelope=0.1105 >= envFloor=0.0014
2025-12-25 05:46:10 [tracker] [s3] onset t=7.134 env=0.11050 gate=0.00018 envDelta=0.11032 envFloor=0.00140 onset=0.762 thresh=0.100 onsetDelta=0.66163 baseline=0.00140 lastPeak=0.04592 guard=0.060 activeAge=-1.000 pitch=221.41Hz pitchCents=711.1
2025-12-25 05:46:10 [tracker] [s3] note-start t=7.134 fret=7 midi=57 vel=1.00 env=0.11050
2025-12-25 05:46:10 [detection]      S3F7 ON (onset=0.762 env=0.1105)
2025-12-25 05:46:10 [detection] [s5] PASS onset: onsetStrength=0.9225 >= onsetThreshold=0.1000
2025-12-25 05:46:10 [detection] [s5] PASS gate: envelope=0.0061 >= gateThreshold=0.0004
2025-12-25 05:46:10 [detection] [s5] PASS envFloor: envelope=0.0061 >= envFloor=0.0018
2025-12-25 05:46:10 [tracker] [s5] onset t=7.166 env=0.00610 gate=0.00038 envDelta=0.00572 envFloor=0.00180 onset=0.922 thresh=0.100 onsetDelta=0.82247 baseline=0.00180 lastPeak=0.00000 guard=0.060 activeAge=-1.000 pitch=-1.00Hz pitchCents=0.0
2025-12-25 05:46:11 [detection] [s3] sustain check: avgEnv=0.0013 < sustainFloor=0.0014 (quiet frame 1/8)
2025-12-25 05:46:11 [detection] [s3] sustain check: avgEnv=0.0013 < sustainFloor=0.0014 (quiet frame 2/8)
2025-12-25 05:46:11 [detection] [s3] sustain check: avgEnv=0.0012 < sustainFloor=0.0014 (quiet frame 3/8)
2025-12-25 05:46:11 [detection] [s3] sustain check: avgEnv=0.0010 < sustainFloor=0.0014 (quiet frame 4/8)
2025-12-25 05:46:11 [detection] [s3] sustain check: avgEnv=0.0009 < sustainFloor=0.0014 (quiet frame 5/8)
2025-12-25 05:46:11 [detection] [s3] sustain check: avgEnv=0.0007 < sustainFloor=0.0014 (quiet frame 6/8)
2025-12-25 05:46:11 [detection] [s3] sustain check: avgEnv=0.0007 < sustainFloor=0.0014 (quiet frame 7/8)
2025-12-25 05:46:11 [detection] [s3] sustain check: avgEnv=0.0006 < sustainFloor=0.0014 (quiet frame 8/8)
2025-12-25 05:46:11 [detection] [s3] NOTE-OFF: sustained quiet for 8 frames
2025-12-25 05:46:11 [tracker] [s3] release-quiet t=7.358 avgEnv=0.00061 floor=0.00140 quietFrames=8
2025-12-25 05:46:11 [detection]      S3F7 OFF (sustained-quiet: avgEnv=0.0006 < floor=0.0014)
2025-12-25 05:46:11 [tracker] [s3] note-ended t=7.358 fret=7 dur=0.224
2025-12-25 05:46:11 [detection] [s5] PASS onset: onsetStrength=1.1317 >= onsetThreshold=0.1000
2025-12-25 05:46:11 [detection] [s5] PASS gate: envelope=0.0169 >= gateThreshold=0.0004
2025-12-25 05:46:11 [detection] [s5] PASS envFloor: envelope=0.0169 >= envFloor=0.0018
2025-12-25 05:46:11 [tracker] [s5] onset t=7.569 env=0.01688 gate=0.00038 envDelta=0.01650 envFloor=0.00180 onset=1.132 thresh=0.100 onsetDelta=1.03168 baseline=0.00180 lastPeak=0.00000 guard=0.060 activeAge=-1.000 pitch=258.11Hz pitchCents=76.6
2025-12-25 05:46:11 [detection] [s3] PASS onset: onsetStrength=0.7204 >= onsetThreshold=0.1000
2025-12-25 05:46:11 [detection] [s3] PASS gate: envelope=0.0506 >= gateThreshold=0.0002
2025-12-25 05:46:11 [detection] [s3] PASS envFloor: envelope=0.0506 >= envFloor=0.0014
2025-12-25 05:46:11 [tracker] [s3] onset t=7.572 env=0.05058 gate=0.00018 envDelta=0.05040 envFloor=0.00140 onset=0.720 thresh=0.100 onsetDelta=0.62036 baseline=0.00140 lastPeak=0.04857 guard=0.060 activeAge=-1.000 pitch=263.31Hz pitchCents=1011.1
2025-12-25 05:46:11 [detection] [s4] PASS onset: onsetStrength=0.7023 >= onsetThreshold=0.1000
2025-12-25 05:46:11 [detection] [s4] PASS gate: envelope=0.1582 >= gateThreshold=0.0003
2025-12-25 05:46:11 [detection] [s4] PASS envFloor: envelope=0.1582 >= envFloor=0.0016
2025-12-25 05:46:11 [tracker] [s4] onset t=7.572 env=0.15817 gate=0.00027 envDelta=0.15790 envFloor=0.00160 onset=0.702 thresh=0.100 onsetDelta=0.60227 baseline=0.00160 lastPeak=0.00515 guard=0.060 activeAge=-1.000 pitch=269.03Hz pitchCents=548.3
2025-12-25 05:46:11 [detection] [s2] PASS onset: onsetStrength=0.6629 >= onsetThreshold=0.1000
2025-12-25 05:46:11 [detection] [s2] PASS gate: envelope=0.0016 >= gateThreshold=0.0000
2025-12-25 05:46:11 [detection] [s2] PASS envFloor: envelope=0.0016 >= envFloor=0.0012
2025-12-25 05:46:11 [tracker] [s2] onset t=7.574 env=0.00160 gate=0.00001 envDelta=0.00159 envFloor=0.00120 onset=0.663 thresh=0.100 onsetDelta=0.56286 baseline=0.00120 lastPeak=0.00005 guard=0.060 activeAge=-1.000 pitch=257.86Hz pitchCents=1474.9
2025-12-25 05:46:11 [detection] [s4] PASS onset: onsetStrength=0.9147 >= onsetThreshold=0.1000
2025-12-25 05:46:11 [detection] [s4] PASS gate: envelope=0.3065 >= gateThreshold=0.0003
2025-12-25 05:46:11 [detection] [s4] PASS envFloor: envelope=0.3065 >= envFloor=0.0016
2025-12-25 05:46:11 [tracker] [s4] onset t=7.636 env=0.30653 gate=0.00027 envDelta=0.30626 envFloor=0.00160 onset=0.915 thresh=0.100 onsetDelta=0.81469 baseline=0.00160 lastPeak=0.00457 guard=0.060 activeAge=-1.000 pitch=266.90Hz pitchCents=534.6
2025-12-25 05:46:11 [tracker] [s4] note-start t=7.636 fret=5 midi=60 vel=1.00 env=0.30653
2025-12-25 05:46:11 [detection]      S4F5 ON (onset=0.915 env=0.3065)
2025-12-25 05:46:11 [detection] [s5] PASS onset: onsetStrength=1.0321 >= onsetThreshold=0.1000
2025-12-25 05:46:11 [detection] [s5] PASS gate: envelope=0.0087 >= gateThreshold=0.0004
2025-12-25 05:46:11 [detection] [s5] PASS envFloor: envelope=0.0087 >= envFloor=0.0018
2025-12-25 05:46:11 [tracker] [s5] onset t=7.716 env=0.00869 gate=0.00038 envDelta=0.00831 envFloor=0.00180 onset=1.032 thresh=0.100 onsetDelta=0.93209 baseline=0.00180 lastPeak=0.00000 guard=0.060 activeAge=-1.000 pitch=-1.00Hz pitchCents=0.0
2025-12-25 05:46:11 [detection] [s4] sustain check: avgEnv=0.0009 < sustainFloor=0.0016 (quiet frame 1/8)
2025-12-25 05:46:11 [detection] [s4] sustain check: avgEnv=0.0007 < sustainFloor=0.0016 (quiet frame 2/8)
2025-12-25 05:46:11 [detection] [s4] sustain check: avgEnv=0.0005 < sustainFloor=0.0016 (quiet frame 3/8)
2025-12-25 05:46:11 [detection] [s4] sustain check: avgEnv=0.0005 < sustainFloor=0.0016 (quiet frame 4/8)
2025-12-25 05:46:11 [detection] [s4] sustain check: avgEnv=0.0005 < sustainFloor=0.0016 (quiet frame 5/8)
2025-12-25 05:46:11 [detection] [s4] sustain check: avgEnv=0.0005 < sustainFloor=0.0016 (quiet frame 6/8)
2025-12-25 05:46:11 [detection] [s4] sustain check: avgEnv=0.0005 < sustainFloor=0.0016 (quiet frame 7/8)
2025-12-25 05:46:11 [detection] [s4] sustain check: avgEnv=0.0005 < sustainFloor=0.0016 (quiet frame 8/8)
2025-12-25 05:46:11 [detection] [s4] NOTE-OFF: sustained quiet for 8 frames
2025-12-25 05:46:11 [tracker] [s4] release-quiet t=7.841 avgEnv=0.00054 floor=0.00160 quietFrames=8
2025-12-25 05:46:11 [detection]      S4F5 OFF (sustained-quiet: avgEnv=0.0005 < floor=0.0016)
2025-12-25 05:46:11 [tracker] [s4] note-ended t=7.841 fret=5 dur=0.205
2025-12-25 05:46:12 [detection] [s5] PASS onset: onsetStrength=1.3231 >= onsetThreshold=0.1000
2025-12-25 05:46:12 [detection] [s5] PASS gate: envelope=0.0154 >= gateThreshold=0.0004
2025-12-25 05:46:12 [detection] [s5] PASS envFloor: envelope=0.0154 >= envFloor=0.0018
2025-12-25 05:46:12 [tracker] [s5] onset t=8.433 env=0.01543 gate=0.00038 envDelta=0.01505 envFloor=0.00180 onset=1.323 thresh=0.100 onsetDelta=1.22315 baseline=0.00180 lastPeak=0.00000 guard=0.060 activeAge=-1.000 pitch=306.96Hz pitchCents=376.6
2025-12-25 05:46:12 [detection] [s3] PASS onset: onsetStrength=1.1052 >= onsetThreshold=0.1000
2025-12-25 05:46:12 [detection] [s3] PASS envFloor: envelope=0.0356 >= envFloor=0.0014
2025-12-25 05:46:12 [tracker] [s3] onset t=8.436 env=0.03560 gate=0.00018 envDelta=0.03541 envFloor=0.00140 onset=1.105 thresh=0.100 onsetDelta=1.00516 baseline=0.00140 lastPeak=0.00957 guard=0.060 activeAge=-1.000 pitch=296.04Hz pitchCents=1213.9
2025-12-25 05:46:12 [detection] [s2] PASS onset: onsetStrength=1.1924 >= onsetThreshold=0.1000
2025-12-25 05:46:12 [detection] [s2] PASS gate: envelope=0.0013 >= gateThreshold=0.0000
2025-12-25 05:46:12 [detection] [s2] PASS envFloor: envelope=0.0013 >= envFloor=0.0012
2025-12-25 05:46:12 [tracker] [s2] onset t=8.438 env=0.00130 gate=0.00001 envDelta=0.00129 envFloor=0.00120 onset=1.192 thresh=0.100 onsetDelta=1.09240 baseline=0.00120 lastPeak=0.00001 guard=0.060 activeAge=-1.000 pitch=289.89Hz pitchCents=1677.6
2025-12-25 05:46:12 [detection] [s4] PASS onset: onsetStrength=0.5318 >= onsetThreshold=0.1000
2025-12-25 05:46:12 [detection] [s4] PASS envFloor: envelope=0.2248 >= envFloor=0.0016
2025-12-25 05:46:12 [tracker] [s4] onset t=8.438 env=0.22480 gate=0.00027 envDelta=0.22453 envFloor=0.00160 onset=0.532 thresh=0.100 onsetDelta=0.43182 baseline=0.00160 lastPeak=0.06780 guard=0.060 activeAge=-1.000 pitch=300.70Hz pitchCents=741.0
2025-12-25 05:46:12 [detection] [s4] PASS onset: onsetStrength=1.1288 >= onsetThreshold=0.1000
2025-12-25 05:46:12 [detection] [s4] PASS gate: envelope=0.1592 >= gateThreshold=0.0003
2025-12-25 05:46:12 [detection] [s4] PASS envFloor: envelope=0.1592 >= envFloor=0.0016
2025-12-25 05:46:12 [tracker] [s4] onset t=8.494 env=0.15916 gate=0.00027 envDelta=0.15889 envFloor=0.00160 onset=1.129 thresh=0.100 onsetDelta=1.02878 baseline=0.00160 lastPeak=0.06103 guard=0.060 activeAge=-1.000 pitch=298.56Hz pitchCents=728.6
2025-12-25 05:46:12 [tracker] [s4] note-start t=8.494 fret=7 midi=62 vel=1.00 env=0.15916
2025-12-25 05:46:12 [detection]      S4F7 ON (onset=1.129 env=0.1592)
2025-12-25 05:46:12 [detection] [s5] PASS onset: onsetStrength=1.1374 >= onsetThreshold=0.1000
2025-12-25 05:46:12 [detection] [s5] PASS gate: envelope=0.0041 >= gateThreshold=0.0004
2025-12-25 05:46:12 [detection] [s5] PASS envFloor: envelope=0.0041 >= envFloor=0.0018
2025-12-25 05:46:12 [tracker] [s5] onset t=8.609 env=0.00407 gate=0.00038 envDelta=0.00369 envFloor=0.00180 onset=1.137 thresh=0.100 onsetDelta=1.03740 baseline=0.00180 lastPeak=0.00000 guard=0.060 activeAge=-1.000 pitch=-1.00Hz pitchCents=0.0
2025-12-25 05:46:12 [detection] [s4] sustain check: avgEnv=0.0014 < sustainFloor=0.0016 (quiet frame 1/8)
2025-12-25 05:46:12 [detection] [s4] sustain check: avgEnv=0.0011 < sustainFloor=0.0016 (quiet frame 2/8)
2025-12-25 05:46:12 [detection] [s4] sustain check: avgEnv=0.0009 < sustainFloor=0.0016 (quiet frame 3/8)
2025-12-25 05:46:12 [detection] [s4] sustain check: avgEnv=0.0007 < sustainFloor=0.0016 (quiet frame 4/8)
2025-12-25 05:46:12 [detection] [s4] sustain check: avgEnv=0.0007 < sustainFloor=0.0016 (quiet frame 5/8)
2025-12-25 05:46:12 [detection] [s4] sustain check: avgEnv=0.0006 < sustainFloor=0.0016 (quiet frame 6/8)
2025-12-25 05:46:12 [detection] [s4] sustain check: avgEnv=0.0005 < sustainFloor=0.0016 (quiet frame 7/8)
2025-12-25 05:46:12 [detection] [s4] sustain check: avgEnv=0.0005 < sustainFloor=0.0016 (quiet frame 8/8)
2025-12-25 05:46:12 [detection] [s4] NOTE-OFF: sustained quiet for 8 frames
2025-12-25 05:46:12 [tracker] [s4] release-quiet t=8.700 avgEnv=0.00052 floor=0.00160 quietFrames=8
2025-12-25 05:46:12 [detection]      S4F7 OFF (sustained-quiet: avgEnv=0.0005 < floor=0.0016)
2025-12-25 05:46:12 [tracker] [s4] note-ended t=8.700 fret=7 dur=0.205
2025-12-25 05:46:12 [detection] [s3] PASS onset: onsetStrength=1.4976 >= onsetThreshold=0.1000
2025-12-25 05:46:12 [detection] [s3] PASS gate: envelope=0.1882 >= gateThreshold=0.0002
2025-12-25 05:46:12 [detection] [s3] PASS envFloor: envelope=0.1882 >= envFloor=0.0014
2025-12-25 05:46:12 [tracker] [s3] onset t=8.932 env=0.18819 gate=0.00018 envDelta=0.18800 envFloor=0.00140 onset=1.498 thresh=0.100 onsetDelta=1.39759 baseline=0.00140 lastPeak=0.00377 guard=0.060 activeAge=-1.000 pitch=194.97Hz pitchCents=490.9
2025-12-25 05:46:12 [detection] [s2] PASS onset: onsetStrength=0.8925 >= onsetThreshold=0.1000
2025-12-25 05:46:12 [detection] [s2] PASS gate: envelope=0.0111 >= gateThreshold=0.0000
2025-12-25 05:46:12 [detection] [s2] PASS envFloor: envelope=0.0111 >= envFloor=0.0012
2025-12-25 05:46:12 [tracker] [s2] onset t=8.934 env=0.01112 gate=0.00001 envDelta=0.01111 envFloor=0.00120 onset=0.893 thresh=0.100 onsetDelta=0.79255 baseline=0.00120 lastPeak=0.00000 guard=0.060 activeAge=-1.000 pitch=94.04Hz pitchCents=-271.4
2025-12-25 05:46:12 [detection] [s6] PASS onset: onsetStrength=0.7855 >= onsetThreshold=0.1000
2025-12-25 05:46:12 [detection] [s6] PASS envFloor: envelope=0.0051 >= envFloor=0.0020
2025-12-25 05:46:12 [tracker] [s6] onset t=8.934 env=0.00513 gate=0.00050 envDelta=0.00463 envFloor=0.00200 onset=0.786 thresh=0.100 onsetDelta=0.68551 baseline=0.00200 lastPeak=0.00000 guard=0.060 activeAge=-1.000 pitch=444.26Hz pitchCents=516.7
2025-12-25 05:46:12 [detection] [s3] PASS onset: onsetStrength=0.7789 >= onsetThreshold=0.1000
2025-12-25 05:46:12 [detection] [s3] PASS gate: envelope=0.2104 >= gateThreshold=0.0002
2025-12-25 05:46:12 [detection] [s3] PASS envFloor: envelope=0.2104 >= envFloor=0.0014
2025-12-25 05:46:12 [tracker] [s3] onset t=9.060 env=0.21036 gate=0.00018 envDelta=0.21018 envFloor=0.00140 onset=0.779 thresh=0.100 onsetDelta=0.67887 baseline=0.00140 lastPeak=0.00296 guard=0.060 activeAge=-1.000 pitch=196.46Hz pitchCents=504.0
2025-12-25 05:46:12 [tracker] [s3] note-start t=9.060 fret=5 midi=55 vel=1.00 env=0.21036
2025-12-25 05:46:12 [detection]      S3F5 ON (onset=0.779 env=0.2104)
2025-12-25 05:46:12 [detection] [s3] sustain check: avgEnv=0.0012 < sustainFloor=0.0014 (quiet frame 1/8)
2025-12-25 05:46:12 [detection] [s3] sustain check: avgEnv=0.0009 < sustainFloor=0.0014 (quiet frame 2/8)
2025-12-25 05:46:12 [detection] [s3] sustain check: avgEnv=0.0007 < sustainFloor=0.0014 (quiet frame 3/8)
2025-12-25 05:46:12 [detection] [s3] sustain check: avgEnv=0.0006 < sustainFloor=0.0014 (quiet frame 4/8)
2025-12-25 05:46:12 [detection] [s3] sustain check: avgEnv=0.0005 < sustainFloor=0.0014 (quiet frame 5/8)
2025-12-25 05:46:12 [detection] [s3] sustain check: avgEnv=0.0004 < sustainFloor=0.0014 (quiet frame 6/8)
2025-12-25 05:46:12 [detection] [s3] sustain check: avgEnv=0.0004 < sustainFloor=0.0014 (quiet frame 7/8)
2025-12-25 05:46:12 [detection] [s3] sustain check: avgEnv=0.0004 < sustainFloor=0.0014 (quiet frame 8/8)
2025-12-25 05:46:12 [detection] [s3] NOTE-OFF: sustained quiet for 8 frames
2025-12-25 05:46:12 [tracker] [s3] release-quiet t=9.193 avgEnv=0.00045 floor=0.00140 quietFrames=8
2025-12-25 05:46:12 [detection]      S3F5 OFF (sustained-quiet: avgEnv=0.0004 < floor=0.0014)
2025-12-25 05:46:12 [tracker] [s3] note-ended t=9.193 fret=5 dur=0.133
2025-12-25 05:46:13 [detection] [s2] PASS onset: onsetStrength=1.0316 >= onsetThreshold=0.1000
2025-12-25 05:46:13 [detection] [s2] PASS gate: envelope=0.0140 >= gateThreshold=0.0000
2025-12-25 05:46:13 [tracker] [s2] onset t=9.385 env=0.01398 gate=0.00001 envDelta=0.01397 envFloor=0.00120 onset=1.032 thresh=0.100 onsetDelta=0.93161 baseline=0.00120 lastPeak=0.00000 guard=0.060 activeAge=-1.000 pitch=101.59Hz pitchCents=-137.7
2025-12-25 05:46:13 [detection] [s3] PASS onset: onsetStrength=1.2979 >= onsetThreshold=0.1000
2025-12-25 05:46:13 [detection] [s3] PASS gate: envelope=0.2646 >= gateThreshold=0.0002
2025-12-25 05:46:13 [detection] [s3] PASS envFloor: envelope=0.2646 >= envFloor=0.0014
2025-12-25 05:46:13 [tracker] [s3] onset t=9.385 env=0.26464 gate=0.00018 envDelta=0.26446 envFloor=0.00140 onset=1.298 thresh=0.100 onsetDelta=1.19789 baseline=0.00140 lastPeak=0.11412 guard=0.060 activeAge=-1.000 pitch=222.31Hz pitchCents=718.0
2025-12-25 05:46:13 [detection] [s5] PASS onset: onsetStrength=1.4305 >= onsetThreshold=0.1000
2025-12-25 05:46:13 [detection] [s5] PASS gate: envelope=0.0071 >= gateThreshold=0.0004
2025-12-25 05:46:13 [detection] [s5] PASS envFloor: envelope=0.0071 >= envFloor=0.0018
2025-12-25 05:46:13 [tracker] [s5] onset t=9.385 env=0.00706 gate=0.00038 envDelta=0.00668 envFloor=0.00180 onset=1.431 thresh=0.100 onsetDelta=1.33053 baseline=0.00180 lastPeak=0.00000 guard=0.060 activeAge=-1.000 pitch=-1.00Hz pitchCents=0.0
2025-12-25 05:46:13 [detection] [s4] PASS onset: onsetStrength=1.0924 >= onsetThreshold=0.1000
2025-12-25 05:46:13 [detection] [s4] PASS gate: envelope=0.0124 >= gateThreshold=0.0003
2025-12-25 05:46:13 [detection] [s4] PASS envFloor: envelope=0.0124 >= envFloor=0.0016
2025-12-25 05:46:13 [tracker] [s4] onset t=9.388 env=0.01237 gate=0.00027 envDelta=0.01209 envFloor=0.00160 onset=1.092 thresh=0.100 onsetDelta=0.99240 baseline=0.00160 lastPeak=0.02969 guard=0.060 activeAge=-1.000 pitch=-1.00Hz pitchCents=0.0
2025-12-25 05:46:13 [detection] [s3] PASS onset: onsetStrength=0.6483 >= onsetThreshold=0.1000
2025-12-25 05:46:13 [detection] [s3] PASS gate: envelope=0.2721 >= gateThreshold=0.0002
2025-12-25 05:46:13 [detection] [s3] PASS envFloor: envelope=0.2721 >= envFloor=0.0014
2025-12-25 05:46:13 [tracker] [s3] onset t=9.452 env=0.27209 gate=0.00018 envDelta=0.27191 envFloor=0.00140 onset=0.648 thresh=0.100 onsetDelta=0.54834 baseline=0.00140 lastPeak=0.10068 guard=0.060 activeAge=-1.000 pitch=220.59Hz pitchCents=704.6
2025-12-25 05:46:13 [tracker] [s3] note-start t=9.452 fret=7 midi=57 vel=1.00 env=0.27209
2025-12-25 05:46:13 [detection]      S3F7 ON (onset=0.648 env=0.2721)
2025-12-25 05:46:13 [detection] [s2] PASS onset: onsetStrength=1.1387 >= onsetThreshold=0.1000
2025-12-25 05:46:13 [detection] [s2] PASS gate: envelope=0.0061 >= gateThreshold=0.0000
2025-12-25 05:46:13 [detection] [s2] PASS envFloor: envelope=0.0061 >= envFloor=0.0012
2025-12-25 05:46:13 [tracker] [s2] onset t=9.462 env=0.00611 gate=0.00001 envDelta=0.00610 envFloor=0.00120 onset=1.139 thresh=0.100 onsetDelta=1.03870 baseline=0.00120 lastPeak=0.00000 guard=0.060 activeAge=-1.000 pitch=219.75Hz pitchCents=1198.1
2025-12-25 05:46:13 [tracker] [s2] note-start t=9.462 fret=12 midi=57 vel=0.07 env=0.00611
2025-12-25 05:46:13 [detection]      S2F12 ON (onset=1.139 env=0.0061)
2025-12-25 05:46:13 [detection] [s2] sustain check: avgEnv=0.0016 < sustainFloor=0.0018 (quiet frame 1/8)
2025-12-25 05:46:13 [detection] [s2] sustain check: avgEnv=0.0013 < sustainFloor=0.0018 (quiet frame 2/8)
2025-12-25 05:46:13 [detection] [s2] sustain check: avgEnv=0.0010 < sustainFloor=0.0018 (quiet frame 3/8)
2025-12-25 05:46:13 [detection] [s2] sustain check: avgEnv=0.0010 < sustainFloor=0.0018 (quiet frame 4/8)
2025-12-25 05:46:13 [detection] [s2] sustain check: avgEnv=0.0008 < sustainFloor=0.0018 (quiet frame 5/8)
2025-12-25 05:46:13 [detection] [s2] sustain check: avgEnv=0.0008 < sustainFloor=0.0018 (quiet frame 6/8)
2025-12-25 05:46:13 [detection] [s2] sustain check: avgEnv=0.0007 < sustainFloor=0.0018 (quiet frame 7/8)
2025-12-25 05:46:13 [detection] [s2] sustain check: avgEnv=0.0007 < sustainFloor=0.0018 (quiet frame 8/8)
2025-12-25 05:46:13 [detection] [s2] NOTE-OFF: sustained quiet for 8 frames
2025-12-25 05:46:13 [tracker] [s2] release-quiet t=9.638 avgEnv=0.00070 floor=0.00180 quietFrames=8
2025-12-25 05:46:13 [detection]      S2F12 OFF (sustained-quiet: avgEnv=0.0007 < floor=0.0018)
2025-12-25 05:46:13 [tracker] [s2] note-ended t=9.638 fret=12 dur=0.176
2025-12-25 05:46:13 [detection] [s3] sustain check: avgEnv=0.0013 < sustainFloor=0.0014 (quiet frame 1/8)
2025-12-25 05:46:13 [detection] [s3] sustain check: avgEnv=0.0011 < sustainFloor=0.0014 (quiet frame 2/8)
2025-12-25 05:46:13 [detection] [s3] sustain check: avgEnv=0.0010 < sustainFloor=0.0014 (quiet frame 3/8)
2025-12-25 05:46:13 [detection] [s3] sustain check: avgEnv=0.0009 < sustainFloor=0.0014 (quiet frame 4/8)
2025-12-25 05:46:13 [detection] [s3] sustain check: avgEnv=0.0008 < sustainFloor=0.0014 (quiet frame 5/8)
2025-12-25 05:46:13 [detection] [s3] sustain check: avgEnv=0.0007 < sustainFloor=0.0014 (quiet frame 6/8)
2025-12-25 05:46:13 [detection] [s3] sustain check: avgEnv=0.0007 < sustainFloor=0.0014 (quiet frame 7/8)
2025-12-25 05:46:13 [detection] [s3] sustain check: avgEnv=0.0006 < sustainFloor=0.0014 (quiet frame 8/8)
2025-12-25 05:46:13 [detection] [s3] NOTE-OFF: sustained quiet for 8 frames
2025-12-25 05:46:13 [tracker] [s3] release-quiet t=9.689 avgEnv=0.00064 floor=0.00140 quietFrames=8
2025-12-25 05:46:13 [detection]      S3F7 OFF (sustained-quiet: avgEnv=0.0006 < floor=0.0014)
2025-12-25 05:46:13 [tracker] [s3] note-ended t=9.689 fret=7 dur=0.237
2025-12-25 05:46:13 [detection] [s2] PASS onset: onsetStrength=0.5571 >= onsetThreshold=0.1000
2025-12-25 05:46:13 [detection] [s2] PASS gate: envelope=0.0076 >= gateThreshold=0.0000
2025-12-25 05:46:13 [detection] [s2] PASS envFloor: envelope=0.0076 >= envFloor=0.0012
2025-12-25 05:46:13 [tracker] [s2] onset t=10.164 env=0.00757 gate=0.00001 envDelta=0.00756 envFloor=0.00120 onset=0.557 thresh=0.100 onsetDelta=0.45706 baseline=0.00120 lastPeak=0.00164 guard=0.060 activeAge=-1.000 pitch=93.93Hz pitchCents=-273.4
2025-12-25 05:46:13 [detection] [s3] PASS onset: onsetStrength=0.5018 >= onsetThreshold=0.1000
2025-12-25 05:46:13 [detection] [s3] PASS gate: envelope=0.1393 >= gateThreshold=0.0002
2025-12-25 05:46:13 [detection] [s3] PASS envFloor: envelope=0.1393 >= envFloor=0.0014
2025-12-25 05:46:13 [tracker] [s3] onset t=10.164 env=0.13925 gate=0.00018 envDelta=0.13907 envFloor=0.00140 onset=0.502 thresh=0.100 onsetDelta=0.40180 baseline=0.00140 lastPeak=0.07136 guard=0.060 activeAge=-1.000 pitch=198.54Hz pitchCents=522.3
2025-12-25 05:46:13 [detection] [s6] PASS onset: onsetStrength=1.2990 >= onsetThreshold=0.1000
2025-12-25 05:46:13 [detection] [s6] PASS gate: envelope=0.0126 >= gateThreshold=0.0005
2025-12-25 05:46:13 [detection] [s6] PASS envFloor: envelope=0.0126 >= envFloor=0.0020
2025-12-25 05:46:13 [tracker] [s6] onset t=10.169 env=0.01261 gate=0.00050 envDelta=0.01211 envFloor=0.00200 onset=1.299 thresh=0.100 onsetDelta=1.19898 baseline=0.00200 lastPeak=0.00000 guard=0.060 activeAge=-1.000 pitch=399.87Hz pitchCents=334.4
2025-12-25 05:46:13 [tracker] [s1] aubio-raw t=10.1983 onset=0.788494 env=0.000840 peak=0.001587 gain=1.000
2025-12-25 05:46:13 [detection] [s1] PASS onset: onsetStrength=0.7885 >= onsetThreshold=0.1000
2025-12-25 05:46:13 [detection] [s1] PASS gate: envelope=0.0008 >= gateThreshold=0.0001
2025-12-25 05:46:13 [tracker] [s1] onset-below-env-floor t=10.1983 env=0.000840 gate=0.000055 envDelta=0.000785 envFloor=0.001000 onset=0.788494 thresh=0.100000 onsetDelta=0.688494 baseline=0.001000 lastPeak=0.000000 baseParam=0.001000 gateRatio=0.0550 envParam=0.000450 retriggerScale=1.400 guard=0.060 guardRemain=0.000 activeAge=-1.000 retrigRemain=0.000 pitchHz=100.00 pitchCents=334.9
2025-12-25 05:46:13 [detection] [s1] REJECT envFloor: envelope=0.0008 < envFloor=0.0010
2025-12-25 05:46:13 [detection] [s3] PASS onset: onsetStrength=0.8077 >= onsetThreshold=0.1000
2025-12-25 05:46:13 [detection] [s3] PASS gate: envelope=0.0906 >= gateThreshold=0.0002
2025-12-25 05:46:13 [detection] [s3] PASS envFloor: envelope=0.0906 >= envFloor=0.0014
2025-12-25 05:46:13 [tracker] [s3] onset t=10.225 env=0.09062 gate=0.00018 envDelta=0.09044 envFloor=0.00140 onset=0.808 thresh=0.100 onsetDelta=0.70769 baseline=0.00140 lastPeak=0.06359 guard=0.060 activeAge=-1.000 pitch=196.59Hz pitchCents=505.3
2025-12-25 05:46:13 [tracker] [s3] note-start t=10.225 fret=5 midi=55 vel=1.00 env=0.09062
2025-12-25 05:46:13 [detection]      S3F5 ON (onset=0.808 env=0.0906)
2025-12-25 05:46:13 [detection] [s6] PASS onset: onsetStrength=1.0012 >= onsetThreshold=0.1000
2025-12-25 05:46:13 [detection] [s6] PASS gate: envelope=0.0054 >= gateThreshold=0.0005
2025-12-25 05:46:13 [detection] [s6] PASS envFloor: envelope=0.0054 >= envFloor=0.0020
2025-12-25 05:46:13 [tracker] [s6] onset t=10.233 env=0.00540 gate=0.00050 envDelta=0.00490 envFloor=0.00200 onset=1.001 thresh=0.100 onsetDelta=0.90122 baseline=0.00200 lastPeak=0.00000 guard=0.060 activeAge=-1.000 pitch=470.04Hz pitchCents=614.3
2025-12-25 05:46:13 [detection] [s6] PASS onset: onsetStrength=0.7635 >= onsetThreshold=0.1000
2025-12-25 05:46:13 [detection] [s6] PASS gate: envelope=0.0133 >= gateThreshold=0.0005
2025-12-25 05:46:13 [detection] [s6] PASS envFloor: envelope=0.0133 >= envFloor=0.0020
2025-12-25 05:46:13 [tracker] [s6] onset t=10.284 env=0.01327 gate=0.00050 envDelta=0.01277 envFloor=0.00200 onset=0.764 thresh=0.100 onsetDelta=0.66351 baseline=0.00200 lastPeak=0.00000 guard=0.060 activeAge=-1.000 pitch=420.59Hz pitchCents=421.9
2025-12-25 05:46:14 [detection] [s3] sustain check: avgEnv=0.0013 < sustainFloor=0.0014 (quiet frame 1/8)
2025-12-25 05:46:14 [detection] [s3] sustain check: avgEnv=0.0014 >= sustainFloor=0.0014 (reset quiet count from 1)
2025-12-25 05:46:14 [detection] [s3] sustain check: avgEnv=0.0013 < sustainFloor=0.0014 (quiet frame 1/8)
2025-12-25 05:46:14 [detection] [s3] sustain check: avgEnv=0.0012 < sustainFloor=0.0014 (quiet frame 2/8)
2025-12-25 05:46:14 [detection] [s3] sustain check: avgEnv=0.0013 < sustainFloor=0.0014 (quiet frame 3/8)
2025-12-25 05:46:14 [detection] [s3] sustain check: avgEnv=0.0012 < sustainFloor=0.0014 (quiet frame 4/8)
2025-12-25 05:46:14 [detection] [s3] sustain check: avgEnv=0.0011 < sustainFloor=0.0014 (quiet frame 5/8)
2025-12-25 05:46:14 [detection] [s3] sustain check: avgEnv=0.0010 < sustainFloor=0.0014 (quiet frame 6/8)
2025-12-25 05:46:14 [detection] [s3] sustain check: avgEnv=0.0010 < sustainFloor=0.0014 (quiet frame 7/8)
2025-12-25 05:46:14 [detection] [s3] sustain check: avgEnv=0.0010 < sustainFloor=0.0014 (quiet frame 8/8)
2025-12-25 05:46:14 [detection] [s3] NOTE-OFF: sustained quiet for 8 frames
2025-12-25 05:46:14 [tracker] [s3] release-quiet t=10.436 avgEnv=0.00105 floor=0.00140 quietFrames=8
2025-12-25 05:46:14 [detection]      S3F5 OFF (sustained-quiet: avgEnv=0.0010 < floor=0.0014)
2025-12-25 05:46:14 [tracker] [s3] note-ended t=10.436 fret=5 dur=0.211
2025-12-25 05:46:14 [detection] [s2] PASS onset: onsetStrength=1.2836 >= onsetThreshold=0.1000
2025-12-25 05:46:14 [detection] [s2] PASS gate: envelope=0.0094 >= gateThreshold=0.0000
2025-12-25 05:46:14 [tracker] [s2] onset t=10.673 env=0.00938 gate=0.00001 envDelta=0.00937 envFloor=0.00120 onset=1.284 thresh=0.100 onsetDelta=1.18365 baseline=0.00120 lastPeak=0.00063 guard=0.060 activeAge=-1.000 pitch=-1.00Hz pitchCents=0.0
2025-12-25 05:46:14 [detection] [s3] PASS onset: onsetStrength=0.5282 >= onsetThreshold=0.1000
2025-12-25 05:46:14 [detection] [s3] PASS gate: envelope=0.2279 >= gateThreshold=0.0002
2025-12-25 05:46:14 [detection] [s3] PASS envFloor: envelope=0.2279 >= envFloor=0.0014
2025-12-25 05:46:14 [tracker] [s3] onset t=10.676 env=0.22790 gate=0.00018 envDelta=0.22772 envFloor=0.00140 onset=0.528 thresh=0.100 onsetDelta=0.42818 baseline=0.00140 lastPeak=0.03885 guard=0.060 activeAge=-1.000 pitch=176.32Hz pitchCents=316.8
2025-12-25 05:46:14 [detection] [s3] PASS onset: onsetStrength=1.0474 >= onsetThreshold=0.1000
2025-12-25 05:46:14 [detection] [s3] PASS gate: envelope=0.0298 >= gateThreshold=0.0002
2025-12-25 05:46:14 [detection] [s3] PASS envFloor: envelope=0.0298 >= envFloor=0.0014
2025-12-25 05:46:14 [tracker] [s3] onset t=10.844 env=0.02979 gate=0.00018 envDelta=0.02961 envFloor=0.00140 onset=1.047 thresh=0.100 onsetDelta=0.94739 baseline=0.00140 lastPeak=0.02833 guard=0.060 activeAge=-1.000 pitch=174.29Hz pitchCents=296.8
2025-12-25 05:46:14 [tracker] [s3] note-start t=10.844 fret=3 midi=53 vel=0.36 env=0.02979
2025-12-25 05:46:14 [detection]      S3F3 ON (onset=1.047 env=0.0298)
2025-12-25 05:46:14 [detection] [s4] PASS onset: onsetStrength=0.7619 >= onsetThreshold=0.1000
2025-12-25 05:46:14 [detection] [s4] PASS gate: envelope=0.0065 >= gateThreshold=0.0003
2025-12-25 05:46:14 [detection] [s4] PASS envFloor: envelope=0.0065 >= envFloor=0.0016
2025-12-25 05:46:14 [tracker] [s4] onset t=10.897 env=0.00654 gate=0.00027 envDelta=0.00627 envFloor=0.00160 onset=0.762 thresh=0.100 onsetDelta=0.66193 baseline=0.00160 lastPeak=0.00174 guard=0.060 activeAge=-1.000 pitch=-1.00Hz pitchCents=0.0
2025-12-25 05:46:14 [detection] [s3] sustain check: avgEnv=0.0013 < sustainFloor=0.0014 (quiet frame 1/8)
2025-12-25 05:46:14 [detection] [s3] sustain check: avgEnv=0.0010 < sustainFloor=0.0014 (quiet frame 2/8)
2025-12-25 05:46:14 [detection] [s3] sustain check: avgEnv=0.0008 < sustainFloor=0.0014 (quiet frame 3/8)
2025-12-25 05:46:14 [detection] [s3] sustain check: avgEnv=0.0007 < sustainFloor=0.0014 (quiet frame 4/8)
2025-12-25 05:46:14 [detection] [s3] sustain check: avgEnv=0.0006 < sustainFloor=0.0014 (quiet frame 5/8)
2025-12-25 05:46:14 [detection] [s3] sustain check: avgEnv=0.0006 < sustainFloor=0.0014 (quiet frame 6/8)
2025-12-25 05:46:14 [detection] [s3] sustain check: avgEnv=0.0005 < sustainFloor=0.0014 (quiet frame 7/8)
2025-12-25 05:46:14 [detection] [s3] sustain check: avgEnv=0.0005 < sustainFloor=0.0014 (quiet frame 8/8)
2025-12-25 05:46:14 [detection] [s3] NOTE-OFF: sustained quiet for 8 frames
2025-12-25 05:46:14 [tracker] [s3] release-quiet t=10.937 avgEnv=0.00049 floor=0.00140 quietFrames=8
2025-12-25 05:46:14 [detection]      S3F3 OFF (sustained-quiet: avgEnv=0.0005 < floor=0.0014)
2025-12-25 05:46:14 [tracker] [s3] note-ended t=10.937 fret=3 dur=0.093
2025-12-25 05:46:14 [tracker] [s1] aubio-raw t=11.2729 onset=1.390599 env=0.004346 peak=0.005638 gain=1.000
2025-12-25 05:46:14 [detection] [s1] PASS onset: onsetStrength=1.3906 >= onsetThreshold=0.1000
2025-12-25 05:46:14 [detection] [s1] PASS gate: envelope=0.0043 >= gateThreshold=0.0001
2025-12-25 05:46:14 [detection] [s1] PASS envFloor: envelope=0.0043 >= envFloor=0.0010
2025-12-25 05:46:14 [tracker] [s1] onset-accepted t=11.2729 env=0.004346 gate=0.000055 envDelta=0.004291 envFloor=0.001000 onset=1.390599 thresh=0.100000 onsetDelta=1.290599 baseline=0.001000 lastPeak=0.000000 baseParam=0.001000 gateRatio=0.0550 envParam=0.000450 retriggerScale=1.400 guard=0.060 guardRemain=0.000 activeAge=-1.000 retrigRemain=0.000 pitchHz=-1.00 pitchCents=0.0
2025-12-25 05:46:14 [tracker] [s1] onset t=11.273 env=0.00435 gate=0.00006 envDelta=0.00429 envFloor=0.00100 onset=1.391 thresh=0.100 onsetDelta=1.29060 baseline=0.00100 lastPeak=0.00000 guard=0.060 activeAge=-1.000 pitch=-1.00Hz pitchCents=0.0
2025-12-25 05:46:14 [detection] [s2] PASS onset: onsetStrength=1.0720 >= onsetThreshold=0.1000
2025-12-25 05:46:14 [detection] [s2] PASS gate: envelope=0.0043 >= gateThreshold=0.0000
2025-12-25 05:46:14 [detection] [s2] PASS envFloor: envelope=0.0043 >= envFloor=0.0012
2025-12-25 05:46:14 [tracker] [s2] onset t=11.273 env=0.00429 gate=0.00001 envDelta=0.00427 envFloor=0.00120 onset=1.072 thresh=0.100 onsetDelta=0.97196 baseline=0.00120 lastPeak=0.00020 guard=0.060 activeAge=-1.000 pitch=-1.00Hz pitchCents=0.0
2025-12-25 05:46:14 [detection] [s3] PASS onset: onsetStrength=0.5181 >= onsetThreshold=0.1000
2025-12-25 05:46:14 [detection] [s3] PASS gate: envelope=0.2106 >= gateThreshold=0.0002
2025-12-25 05:46:14 [detection] [s3] PASS envFloor: envelope=0.2106 >= envFloor=0.0014
2025-12-25 05:46:14 [tracker] [s3] onset t=11.276 env=0.21061 gate=0.00018 envDelta=0.21043 envFloor=0.00140 onset=0.518 thresh=0.100 onsetDelta=0.41807 baseline=0.00140 lastPeak=0.01322 guard=0.060 activeAge=-1.000 pitch=168.18Hz pitchCents=235.0
2025-12-25 05:46:14 [detection] [s4] PASS onset: onsetStrength=0.9865 >= onsetThreshold=0.1000
2025-12-25 05:46:14 [detection] [s4] PASS gate: envelope=0.0124 >= gateThreshold=0.0003
2025-12-25 05:46:14 [detection] [s4] PASS envFloor: envelope=0.0124 >= envFloor=0.0016
2025-12-25 05:46:14 [tracker] [s4] onset t=11.276 env=0.01235 gate=0.00027 envDelta=0.01208 envFloor=0.00160 onset=0.987 thresh=0.100 onsetDelta=0.88652 baseline=0.00160 lastPeak=0.00085 guard=0.060 activeAge=-1.000 pitch=-1.00Hz pitchCents=0.0
2025-12-25 05:46:14 [detection] [s5] PASS onset: onsetStrength=1.3004 >= onsetThreshold=0.1000
2025-12-25 05:46:14 [detection] [s5] PASS gate: envelope=0.0081 >= gateThreshold=0.0004
2025-12-25 05:46:14 [detection] [s5] PASS envFloor: envelope=0.0081 >= envFloor=0.0018
2025-12-25 05:46:14 [tracker] [s5] onset t=11.276 env=0.00807 gate=0.00038 envDelta=0.00769 envFloor=0.00180 onset=1.300 thresh=0.100 onsetDelta=1.20037 baseline=0.00180 lastPeak=0.00000 guard=0.060 activeAge=-1.000 pitch=-1.00Hz pitchCents=0.0
2025-12-25 05:46:14 [detection] [s6] PASS onset: onsetStrength=0.6895 >= onsetThreshold=0.1000
2025-12-25 05:46:14 [detection] [s6] PASS envFloor: envelope=0.0093 >= envFloor=0.0020
2025-12-25 05:46:14 [tracker] [s6] onset t=11.276 env=0.00926 gate=0.00050 envDelta=0.00876 envFloor=0.00200 onset=0.689 thresh=0.100 onsetDelta=0.58945 baseline=0.00200 lastPeak=0.00000 guard=0.060 activeAge=-1.000 pitch=-1.00Hz pitchCents=0.0
2025-12-25 05:46:15 [detection] [s3] PASS onset: onsetStrength=0.7140 >= onsetThreshold=0.1000
2025-12-25 05:46:15 [detection] [s3] PASS envFloor: envelope=0.2320 >= envFloor=0.0014
2025-12-25 05:46:15 [tracker] [s3] onset t=11.342 env=0.23198 gate=0.00018 envDelta=0.23180 envFloor=0.00140 onset=0.714 thresh=0.100 onsetDelta=0.61397 baseline=0.00140 lastPeak=0.01167 guard=0.060 activeAge=-1.000 pitch=165.75Hz pitchCents=209.8
2025-12-25 05:46:15 [tracker] [s3] note-start t=11.342 fret=2 midi=52 vel=1.00 env=0.23198
2025-12-25 05:46:15 [detection]      S3F2 ON (onset=0.714 env=0.2320)
2025-12-25 05:46:15 [detection] [s2] PASS onset: onsetStrength=0.8795 >= onsetThreshold=0.1000
2025-12-25 05:46:15 [detection] [s2] PASS gate: envelope=0.0050 >= gateThreshold=0.0000
2025-12-25 05:46:15 [detection] [s2] PASS envFloor: envelope=0.0050 >= envFloor=0.0012
2025-12-25 05:46:15 [tracker] [s2] onset t=11.446 env=0.00498 gate=0.00001 envDelta=0.00497 envFloor=0.00120 onset=0.880 thresh=0.100 onsetDelta=0.77955 baseline=0.00120 lastPeak=0.00015 guard=0.060 activeAge=-1.000 pitch=166.03Hz pitchCents=712.7
2025-12-25 05:46:15 [tracker] [s2] note-start t=11.446 fret=7 midi=52 vel=0.06 env=0.00498
2025-12-25 05:46:15 [detection]      S2F7 ON (onset=0.880 env=0.0050)
2025-12-25 05:46:15 [detection] [s5] PASS onset: onsetStrength=0.5955 >= onsetThreshold=0.1000
2025-12-25 05:46:15 [detection] [s5] PASS gate: envelope=0.0029 >= gateThreshold=0.0004
2025-12-25 05:46:15 [tracker] [s5] onset t=11.462 env=0.00295 gate=0.00038 envDelta=0.00257 envFloor=0.00180 onset=0.595 thresh=0.100 onsetDelta=0.49548 baseline=0.00180 lastPeak=0.00000 guard=0.060 activeAge=-1.000 pitch=-1.00Hz pitchCents=0.0
2025-12-25 05:46:15 [detection] [s2] sustain check: avgEnv=0.0010 < sustainFloor=0.0018 (quiet frame 1/8)
2025-12-25 05:46:15 [detection] [s2] sustain check: avgEnv=0.0007 < sustainFloor=0.0018 (quiet frame 2/8)
2025-12-25 05:46:15 [detection] [s2] sustain check: avgEnv=0.0007 < sustainFloor=0.0018 (quiet frame 3/8)
2025-12-25 05:46:15 [detection] [s2] sustain check: avgEnv=0.0007 < sustainFloor=0.0018 (quiet frame 4/8)
2025-12-25 05:46:15 [detection] [s3] sustain check: avgEnv=0.0011 < sustainFloor=0.0014 (quiet frame 1/8)
2025-12-25 05:46:15 [detection] [s2] sustain check: avgEnv=0.0006 < sustainFloor=0.0018 (quiet frame 5/8)
2025-12-25 05:46:15 [detection] [s3] sustain check: avgEnv=0.0009 < sustainFloor=0.0014 (quiet frame 2/8)
2025-12-25 05:46:15 [detection] [s2] sustain check: avgEnv=0.0005 < sustainFloor=0.0018 (quiet frame 6/8)
2025-12-25 05:46:15 [detection] [s3] sustain check: avgEnv=0.0008 < sustainFloor=0.0014 (quiet frame 3/8)
2025-12-25 05:46:15 [detection] [s2] sustain check: avgEnv=0.0006 < sustainFloor=0.0018 (quiet frame 7/8)
2025-12-25 05:46:15 [detection] [s3] sustain check: avgEnv=0.0006 < sustainFloor=0.0014 (quiet frame 4/8)
2025-12-25 05:46:15 [detection] [s2] sustain check: avgEnv=0.0006 < sustainFloor=0.0018 (quiet frame 8/8)
2025-12-25 05:46:15 [detection] [s2] NOTE-OFF: sustained quiet for 8 frames
2025-12-25 05:46:15 [tracker] [s2] release-quiet t=11.510 avgEnv=0.00059 floor=0.00180 quietFrames=8
2025-12-25 05:46:15 [detection]      S2F7 OFF (sustained-quiet: avgEnv=0.0006 < floor=0.0018)
2025-12-25 05:46:15 [tracker] [s2] note-ended t=11.510 fret=7 dur=0.064
2025-12-25 05:46:15 [detection] [s3] sustain check: avgEnv=0.0005 < sustainFloor=0.0014 (quiet frame 5/8)
2025-12-25 05:46:15 [detection] [s3] sustain check: avgEnv=0.0004 < sustainFloor=0.0014 (quiet frame 6/8)
2025-12-25 05:46:15 [detection] [s3] sustain check: avgEnv=0.0005 < sustainFloor=0.0014 (quiet frame 7/8)
2025-12-25 05:46:15 [detection] [s3] sustain check: avgEnv=0.0005 < sustainFloor=0.0014 (quiet frame 8/8)
2025-12-25 05:46:15 [detection] [s3] NOTE-OFF: sustained quiet for 8 frames
2025-12-25 05:46:15 [tracker] [s3] release-quiet t=11.518 avgEnv=0.00046 floor=0.00140 quietFrames=8
2025-12-25 05:46:15 [detection]      S3F2 OFF (sustained-quiet: avgEnv=0.0005 < floor=0.0014)
2025-12-25 05:46:15 [tracker] [s3] note-ended t=11.518 fret=2 dur=0.176
2025-12-25 05:46:15 [detection] [s6] PASS onset: onsetStrength=1.0263 >= onsetThreshold=0.1000
2025-12-25 05:46:15 [detection] [s6] PASS gate: envelope=0.0037 >= gateThreshold=0.0005
2025-12-25 05:46:15 [detection] [s6] PASS envFloor: envelope=0.0037 >= envFloor=0.0020
2025-12-25 05:46:15 [tracker] [s6] onset t=11.673 env=0.00369 gate=0.00050 envDelta=0.00319 envFloor=0.00200 onset=1.026 thresh=0.100 onsetDelta=0.92633 baseline=0.00200 lastPeak=0.00000 guard=0.060 activeAge=-1.000 pitch=-1.00Hz pitchCents=0.0
2025-12-25 05:46:17 [sessionwavs] wrote 6 wav files to /home/general/SignalAssistant/logs/sessionwavs/session-20251225-054603 (shutdown)
# Session closed at 2025-12-25 05:46:18
