# SignalAssistant session log
# Started at 2025-12-08 03:52:06
2025-12-08 03:52:06 [session] mode=recorded session='live/S2F5 2' path='/home/general/SignalAssistant/sessions/live/S2F5 2' duration=5.56 files=6
2025-12-08 03:52:06 [tracker-settings] TrackerConfig onsetThreshold=0.02000 minNoteDurSec=0.045 hopSec=0.010 slideDelta=120.0 bendDelta=35.0
2025-12-08 03:52:06 [tracker-settings] string1 midi=40 lowCut=37.08Hz highCut=445.00Hz baseline=0.000180 gateRatio=0.05500 envFloor=0.000450 sustainScale=0.580 retriggerScale=1.400 peakRelease=0.120 pitchTol=0.400 onsetScale=0.300
2025-12-08 03:52:06 [tracker-settings] string2 midi=45 lowCut=55.00Hz highCut=563.20Hz baseline=0.000220 gateRatio=0.10000 envFloor=0.000550 sustainScale=0.700 retriggerScale=1.250 peakRelease=0.130 pitchTol=0.400 onsetScale=0.450
2025-12-08 03:52:06 [tracker-settings] string3 midi=50 lowCut=85.16Hz highCut=693.05Hz baseline=0.000260 gateRatio=0.13000 envFloor=0.000650 sustainScale=0.820 retriggerScale=1.100 peakRelease=0.140 pitchTol=0.450 onsetScale=0.580
2025-12-08 03:52:06 [tracker-settings] string4 midi=55 lowCut=127.40Hz highCut=862.39Hz baseline=0.000320 gateRatio=0.17000 envFloor=0.000780 sustainScale=1.000 retriggerScale=1.000 peakRelease=0.160 pitchTol=0.440 onsetScale=0.700
2025-12-08 03:52:06 [tracker-settings] string5 midi=59 lowCut=160.51Hz highCut=1086.54Hz baseline=0.000370 gateRatio=0.21000 envFloor=0.000900 sustainScale=1.000 retriggerScale=1.000 peakRelease=0.180 pitchTol=0.500 onsetScale=0.800
2025-12-08 03:52:06 [tracker-settings] string6 midi=64 lowCut=214.26Hz highCut=1450.36Hz baseline=0.000420 gateRatio=0.25000 envFloor=0.001050 sustainScale=1.000 retriggerScale=1.000 peakRelease=0.200 pitchTol=0.550 onsetScale=0.900
2025-12-08 03:52:06 [tracker] [s1] calibration reset
2025-12-08 03:52:06 [tracker] [s2] calibration reset
2025-12-08 03:52:06 [tracker] [s3] calibration reset
2025-12-08 03:52:06 [tracker] [s4] calibration reset
2025-12-08 03:52:06 [tracker] [s5] calibration reset
2025-12-08 03:52:06 [tracker] [s6] calibration reset
2025-12-08 03:52:06 [tracker] [s1] calibration avg=0.03165 peak=0.10910
2025-12-08 03:52:06 [tracker] [s3] calibration avg=0.01325 peak=0.06025
2025-12-08 03:52:06 [tracker] [s4] calibration avg=0.03051 peak=0.11407
2025-12-08 03:52:06 [tracker] [s5] calibration avg=0.03291 peak=0.07733
2025-12-08 03:52:06 [tracker] [s6] calibration avg=0.04616 peak=0.12280
2025-12-08 03:52:09 [test-mode] play session='live/S2F5 2' position=0.00 duration=5.56
2025-12-08 03:52:09 [tracker] [s1] configure sr=48000.0 hop=128 fft=1024 low=37.1 high=445.0
2025-12-08 03:52:09 [tracker] [s1] params baseline=0.000180 gate=0.0550 envFloor=0.000450 sustain=0.580 retrigger=1.400 peakRelease=0.120 pitchTol=0.400 onsetScale=0.006 aubioScale=1.20 aubioThresh=0.024 onsetSilence=-85.0 pitchSilence=-90.0
2025-12-08 03:52:09 [tracker] [s1] aubio-raw t=0.0013 onset=4.000000 env=0.000099 peak=0.000233 gain=1.000
2025-12-08 03:52:09 [tracker] [s1] onset-below-gate t=0.0013 env=0.000099 onset=4.000000 thresh=0.006000 baseline=0.029117 gate=0.001601 envFloor=0.024750 floor=0.029117 adapt=0.029117 lastPeak=0.000000 calib=0.029117 baseParam=0.000180 gateRatio=0.0550 envParam=0.000450
2025-12-08 03:52:09 [tracker] [s2] configure sr=48000.0 hop=128 fft=1024 low=55.0 high=563.2
2025-12-08 03:52:09 [tracker] [s2] params baseline=0.000220 gate=0.1000 envFloor=0.000550 sustain=0.700 retrigger=1.250 peakRelease=0.130 pitchTol=0.400 onsetScale=0.009 aubioScale=1.35 aubioThresh=0.027 onsetSilence=-85.0 pitchSilence=-90.0
2025-12-08 03:52:09 [tracker] [s3] configure sr=48000.0 hop=128 fft=1024 low=85.2 high=693.0
2025-12-08 03:52:09 [tracker] [s3] params baseline=0.000260 gate=0.1300 envFloor=0.000650 sustain=0.820 retrigger=1.100 peakRelease=0.140 pitchTol=0.450 onsetScale=0.012 aubioScale=1.60 aubioThresh=0.032 onsetSilence=-75.0 pitchSilence=-80.0
2025-12-08 03:52:09 [tracker] [s4] configure sr=48000.0 hop=128 fft=1024 low=127.4 high=862.4
2025-12-08 03:52:09 [tracker] [s4] params baseline=0.000320 gate=0.1700 envFloor=0.000780 sustain=1.000 retrigger=1.000 peakRelease=0.160 pitchTol=0.440 onsetScale=0.014 aubioScale=1.80 aubioThresh=0.036 onsetSilence=-75.0 pitchSilence=-80.0
2025-12-08 03:52:09 [tracker] [s5] configure sr=48000.0 hop=128 fft=512 low=160.5 high=1086.5
2025-12-08 03:52:09 [tracker] [s5] params baseline=0.000370 gate=0.2100 envFloor=0.000900 sustain=1.000 retrigger=1.000 peakRelease=0.180 pitchTol=0.500 onsetScale=0.016 aubioScale=1.80 aubioThresh=0.036 onsetSilence=-75.0 pitchSilence=-80.0
2025-12-08 03:52:09 [tracker] [s6] configure sr=48000.0 hop=128 fft=512 low=214.3 high=1450.4
2025-12-08 03:52:09 [tracker] [s6] params baseline=0.000420 gate=0.2500 envFloor=0.001050 sustain=1.000 retrigger=1.000 peakRelease=0.200 pitchTol=0.550 onsetScale=0.018 aubioScale=1.80 aubioThresh=0.036 onsetSilence=-75.0 pitchSilence=-80.0
2025-12-08 03:52:10 [tracker] [s1] aubio-raw t=0.1933 onset=1.080189 env=0.000131 peak=0.000332 gain=1.000
2025-12-08 03:52:10 [tracker] [s1] onset-below-gate t=0.1933 env=0.000131 onset=1.080189 thresh=0.006000 baseline=0.029117 gate=0.001601 envFloor=0.024750 floor=0.029117 adapt=0.029117 lastPeak=0.000000 calib=0.029117 baseParam=0.000180 gateRatio=0.0550 envParam=0.000450
2025-12-08 03:52:10 [tracker] [s1] aubio-raw t=0.3320 onset=0.933013 env=0.000127 peak=0.000268 gain=1.000
2025-12-08 03:52:10 [tracker] [s1] onset-below-gate t=0.3320 env=0.000127 onset=0.933013 thresh=0.006000 baseline=0.029117 gate=0.001601 envFloor=0.024750 floor=0.029117 adapt=0.029117 lastPeak=0.000000 calib=0.029117 baseParam=0.000180 gateRatio=0.0550 envParam=0.000450
2025-12-08 03:52:10 [tracker] [s1] aubio-raw t=0.6627 onset=1.057628 env=0.000123 peak=0.000365 gain=1.000
2025-12-08 03:52:10 [tracker] [s1] onset-below-gate t=0.6627 env=0.000123 onset=1.057628 thresh=0.006000 baseline=0.029117 gate=0.001601 envFloor=0.024750 floor=0.029117 adapt=0.029117 lastPeak=0.000000 calib=0.029117 baseParam=0.000180 gateRatio=0.0550 envParam=0.000450
2025-12-08 03:52:10 [tracker] [s1] aubio-raw t=0.8653 onset=1.038137 env=0.000082 peak=0.000190 gain=1.000
2025-12-08 03:52:10 [tracker] [s1] onset-below-gate t=0.8653 env=0.000082 onset=1.038137 thresh=0.006000 baseline=0.029117 gate=0.001601 envFloor=0.024750 floor=0.029117 adapt=0.029117 lastPeak=0.000000 calib=0.029117 baseParam=0.000180 gateRatio=0.0550 envParam=0.000450
2025-12-08 03:52:11 [tracker] [s1] aubio-raw t=1.5187 onset=1.201040 env=0.000123 peak=0.000298 gain=1.000
2025-12-08 03:52:11 [tracker] [s1] onset-below-gate t=1.5187 env=0.000123 onset=1.201040 thresh=0.006000 baseline=0.029117 gate=0.001601 envFloor=0.024750 floor=0.029117 adapt=0.029117 lastPeak=0.000000 calib=0.029117 baseParam=0.000180 gateRatio=0.0550 envParam=0.000450
2025-12-08 03:52:11 [tracker] [s1] aubio-raw t=1.5853 onset=1.072646 env=0.001922 peak=0.003109 gain=1.000
2025-12-08 03:52:11 [tracker] [s1] onset-below-env-floor t=1.5853 env=0.001922 onset=1.072646 thresh=0.006000 baseline=0.029117 gate=0.001601 envFloor=0.024750 floor=0.029117 adapt=0.029117 lastPeak=0.000000 calib=0.029117 baseParam=0.000180 gateRatio=0.0550 envParam=0.000450
2025-12-08 03:52:11 [tracker] [s2] onset t=1.671 env=0.06050 baseline=0.02510 gate=0.00251 envFloor=0.01757 onset=0.968>=0.009
2025-12-08 03:52:11 [tracker] [s1] aubio-raw t=1.6973 onset=0.784352 env=0.001947 peak=0.003197 gain=1.000
2025-12-08 03:52:11 [tracker] [s1] onset-below-env-floor t=1.6973 env=0.001947 onset=0.784352 thresh=0.006000 baseline=0.029117 gate=0.001601 envFloor=0.024750 floor=0.029117 adapt=0.029117 lastPeak=0.000000 calib=0.029117 baseParam=0.000180 gateRatio=0.0550 envParam=0.000450
2025-12-08 03:52:11 [tracker] [s2] release-retrigger t=1.865 onset=0.995 gate=0.025 age=0.195
2025-12-08 03:52:11 [tracker] [s2] note-ended t=1.865 fret=5 dur=0.195
2025-12-08 03:52:11 [tracker] [s1] aubio-raw t=2.0973 onset=0.995679 env=0.001246 peak=0.002120 gain=1.000
2025-12-08 03:52:11 [tracker] [s1] onset-below-gate t=2.0973 env=0.001246 onset=0.995679 thresh=0.006000 baseline=0.029117 gate=0.001601 envFloor=0.024750 floor=0.029117 adapt=0.029117 lastPeak=0.000000 calib=0.029117 baseParam=0.000180 gateRatio=0.0550 envParam=0.000450
2025-12-08 03:52:12 [tracker] [s1] aubio-raw t=2.2093 onset=1.227541 env=0.000832 peak=0.001280 gain=1.000
2025-12-08 03:52:12 [tracker] [s1] onset-below-gate t=2.2093 env=0.000832 onset=1.227541 thresh=0.006000 baseline=0.029117 gate=0.001601 envFloor=0.024750 floor=0.029117 adapt=0.029117 lastPeak=0.000000 calib=0.029117 baseParam=0.000180 gateRatio=0.0550 envParam=0.000450
2025-12-08 03:52:12 [tracker] [s2] onset t=2.364 env=0.01453 baseline=0.01690 gate=0.00169 envFloor=0.01436 onset=0.989>=0.009
2025-12-08 03:52:12 [tracker] [s2] note-start t=2.364 fret=5 midi=50 vel=0.17 env=0.01453
2025-12-08 03:52:12 [tracker] [s1] aubio-raw t=2.3667 onset=0.992924 env=0.000575 peak=0.000812 gain=1.000
2025-12-08 03:52:12 [tracker] [s1] onset-below-gate t=2.3667 env=0.000575 onset=0.992924 thresh=0.006000 baseline=0.029117 gate=0.001601 envFloor=0.024750 floor=0.029117 adapt=0.029117 lastPeak=0.000000 calib=0.029117 baseParam=0.000180 gateRatio=0.0550 envParam=0.000450
2025-12-08 03:52:12 [tracker] [s1] aubio-raw t=2.5560 onset=0.765156 env=0.000713 peak=0.001020 gain=1.000
2025-12-08 03:52:12 [tracker] [s1] onset-below-gate t=2.5560 env=0.000713 onset=0.765156 thresh=0.006000 baseline=0.029117 gate=0.001601 envFloor=0.024750 floor=0.029117 adapt=0.029117 lastPeak=0.000000 calib=0.029117 baseParam=0.000180 gateRatio=0.0550 envParam=0.000450
2025-12-08 03:52:12 [tracker] [s1] aubio-raw t=2.6414 onset=0.996137 env=0.000618 peak=0.000913 gain=1.000
2025-12-08 03:52:12 [tracker] [s1] onset-below-gate t=2.6414 env=0.000618 onset=0.996137 thresh=0.006000 baseline=0.029117 gate=0.001601 envFloor=0.024750 floor=0.029117 adapt=0.029117 lastPeak=0.000000 calib=0.029117 baseParam=0.000180 gateRatio=0.0550 envParam=0.000450
2025-12-08 03:52:12 [tracker] [s2] release-retrigger t=2.692 onset=0.996 gate=0.018 age=0.328
2025-12-08 03:52:12 [tracker] [s2] note-ended t=2.692 fret=5 dur=0.328
2025-12-08 03:52:12 [tracker] [s1] aubio-raw t=2.8467 onset=1.044191 env=0.000422 peak=0.000591 gain=1.000
2025-12-08 03:52:12 [tracker] [s1] onset-below-gate t=2.8467 env=0.000422 onset=1.044191 thresh=0.006000 baseline=0.029117 gate=0.001601 envFloor=0.024750 floor=0.029117 adapt=0.029117 lastPeak=0.000000 calib=0.029117 baseParam=0.000180 gateRatio=0.0550 envParam=0.000450
2025-12-08 03:52:12 [tracker] [s1] aubio-raw t=3.1160 onset=0.856721 env=0.000384 peak=0.000589 gain=1.000
2025-12-08 03:52:12 [tracker] [s1] onset-below-gate t=3.1160 env=0.000384 onset=0.856721 thresh=0.006000 baseline=0.029117 gate=0.001601 envFloor=0.024750 floor=0.029117 adapt=0.029117 lastPeak=0.000000 calib=0.029117 baseParam=0.000180 gateRatio=0.0550 envParam=0.000450
2025-12-08 03:52:13 [tracker] [s1] aubio-raw t=3.4920 onset=0.578184 env=0.000351 peak=0.000599 gain=1.000
2025-12-08 03:52:13 [tracker] [s1] onset-below-gate t=3.4920 env=0.000351 onset=0.578184 thresh=0.006000 baseline=0.029117 gate=0.001601 envFloor=0.024750 floor=0.029117 adapt=0.029117 lastPeak=0.000000 calib=0.029117 baseParam=0.000180 gateRatio=0.0550 envParam=0.000450
2025-12-08 03:52:13 [tracker] [s1] aubio-raw t=3.6387 onset=0.532673 env=0.000235 peak=0.000581 gain=1.000
2025-12-08 03:52:13 [tracker] [s1] onset-below-gate t=3.6387 env=0.000235 onset=0.532673 thresh=0.006000 baseline=0.029117 gate=0.001601 envFloor=0.024750 floor=0.029117 adapt=0.029117 lastPeak=0.000000 calib=0.029117 baseParam=0.000180 gateRatio=0.0550 envParam=0.000450
2025-12-08 03:52:13 [tracker] [s1] aubio-raw t=4.0014 onset=0.956784 env=0.000205 peak=0.000418 gain=1.000
2025-12-08 03:52:13 [tracker] [s1] onset-below-gate t=4.0014 env=0.000205 onset=0.956784 thresh=0.006000 baseline=0.029117 gate=0.001601 envFloor=0.024750 floor=0.029117 adapt=0.029117 lastPeak=0.000000 calib=0.029117 baseParam=0.000180 gateRatio=0.0550 envParam=0.000450
2025-12-08 03:52:14 [tracker] [s1] aubio-raw t=4.1560 onset=1.067753 env=0.000177 peak=0.000385 gain=1.000
2025-12-08 03:52:14 [tracker] [s1] onset-below-gate t=4.1560 env=0.000177 onset=1.067753 thresh=0.006000 baseline=0.029117 gate=0.001601 envFloor=0.024750 floor=0.029117 adapt=0.029117 lastPeak=0.000000 calib=0.029117 baseParam=0.000180 gateRatio=0.0550 envParam=0.000450
2025-12-08 03:52:14 [tracker] [s1] aubio-raw t=4.5400 onset=0.792339 env=0.001035 peak=0.001738 gain=1.000
2025-12-08 03:52:14 [tracker] [s1] onset-below-gate t=4.5400 env=0.001035 onset=0.792339 thresh=0.006000 baseline=0.029117 gate=0.001601 envFloor=0.024750 floor=0.029117 adapt=0.029117 lastPeak=0.000000 calib=0.029117 baseParam=0.000180 gateRatio=0.0550 envParam=0.000450
2025-12-08 03:52:14 [tracker] [s1] aubio-raw t=4.6173 onset=1.071946 env=0.000998 peak=0.001288 gain=1.000
2025-12-08 03:52:14 [tracker] [s1] onset-below-gate t=4.6173 env=0.000998 onset=1.071946 thresh=0.006000 baseline=0.029117 gate=0.001601 envFloor=0.024750 floor=0.029117 adapt=0.029117 lastPeak=0.000000 calib=0.029117 baseParam=0.000180 gateRatio=0.0550 envParam=0.000450
2025-12-08 03:52:14 [tracker] [s1] aubio-raw t=4.9746 onset=1.005567 env=0.000101 peak=0.000223 gain=1.000
2025-12-08 03:52:14 [tracker] [s1] onset-below-gate t=4.9746 env=0.000101 onset=1.005567 thresh=0.006000 baseline=0.029117 gate=0.001601 envFloor=0.024750 floor=0.029117 adapt=0.029117 lastPeak=0.000000 calib=0.029117 baseParam=0.000180 gateRatio=0.0550 envParam=0.000450
2025-12-08 03:52:15 [tracker] [s1] aubio-raw t=5.2120 onset=1.252236 env=0.000187 peak=0.000369 gain=1.000
2025-12-08 03:52:15 [tracker] [s1] onset-below-gate t=5.2120 env=0.000187 onset=1.252236 thresh=0.006000 baseline=0.029117 gate=0.001601 envFloor=0.024750 floor=0.029117 adapt=0.029117 lastPeak=0.000000 calib=0.029117 baseParam=0.000180 gateRatio=0.0550 envParam=0.000450
2025-12-08 03:52:15 [tracker] [s1] aubio-raw t=5.2706 onset=0.921644 env=0.000097 peak=0.000266 gain=1.000
2025-12-08 03:52:15 [tracker] [s1] onset-below-gate t=5.2706 env=0.000097 onset=0.921644 thresh=0.006000 baseline=0.029117 gate=0.001601 envFloor=0.024750 floor=0.029117 adapt=0.029117 lastPeak=0.000000 calib=0.029117 baseParam=0.000180 gateRatio=0.0550 envParam=0.000450
2025-12-08 03:52:15 [tracker] [s1] aubio-raw t=5.4279 onset=0.998245 env=0.000108 peak=0.000264 gain=1.000
2025-12-08 03:52:15 [tracker] [s1] onset-below-gate t=5.4279 env=0.000108 onset=0.998245 thresh=0.006000 baseline=0.029117 gate=0.001601 envFloor=0.024750 floor=0.029117 adapt=0.029117 lastPeak=0.000000 calib=0.029117 baseParam=0.000180 gateRatio=0.0550 envParam=0.000450
2025-12-08 03:52:16 [test-mode] play session='live/S2F5 2' position=0.00 duration=5.56
2025-12-08 03:52:16 [tracker] [s1] configure sr=48000.0 hop=128 fft=1024 low=37.1 high=445.0
2025-12-08 03:52:16 [tracker] [s1] params baseline=0.000180 gate=0.0550 envFloor=0.000450 sustain=0.580 retrigger=1.400 peakRelease=0.120 pitchTol=0.400 onsetScale=0.006 aubioScale=1.20 aubioThresh=0.024 onsetSilence=-85.0 pitchSilence=-90.0
2025-12-08 03:52:16 [tracker] [s1] aubio-raw t=0.0013 onset=4.000000 env=0.000099 peak=0.000233 gain=1.000
2025-12-08 03:52:16 [tracker] [s1] onset-below-gate t=0.0013 env=0.000099 onset=4.000000 thresh=0.006000 baseline=0.029117 gate=0.001601 envFloor=0.024750 floor=0.029117 adapt=0.029117 lastPeak=0.000000 calib=0.029117 baseParam=0.000180 gateRatio=0.0550 envParam=0.000450
2025-12-08 03:52:16 [tracker] [s2] configure sr=48000.0 hop=128 fft=1024 low=55.0 high=563.2
2025-12-08 03:52:16 [tracker] [s2] params baseline=0.000220 gate=0.1000 envFloor=0.000550 sustain=0.700 retrigger=1.250 peakRelease=0.130 pitchTol=0.400 onsetScale=0.009 aubioScale=1.35 aubioThresh=0.027 onsetSilence=-85.0 pitchSilence=-90.0
2025-12-08 03:52:16 [tracker] [s3] configure sr=48000.0 hop=128 fft=1024 low=85.2 high=693.0
2025-12-08 03:52:16 [tracker] [s3] params baseline=0.000260 gate=0.1300 envFloor=0.000650 sustain=0.820 retrigger=1.100 peakRelease=0.140 pitchTol=0.450 onsetScale=0.012 aubioScale=1.60 aubioThresh=0.032 onsetSilence=-75.0 pitchSilence=-80.0
2025-12-08 03:52:16 [tracker] [s4] configure sr=48000.0 hop=128 fft=1024 low=127.4 high=862.4
2025-12-08 03:52:16 [tracker] [s4] params baseline=0.000320 gate=0.1700 envFloor=0.000780 sustain=1.000 retrigger=1.000 peakRelease=0.160 pitchTol=0.440 onsetScale=0.014 aubioScale=1.80 aubioThresh=0.036 onsetSilence=-75.0 pitchSilence=-80.0
2025-12-08 03:52:16 [tracker] [s5] configure sr=48000.0 hop=128 fft=512 low=160.5 high=1086.5
2025-12-08 03:52:16 [tracker] [s5] params baseline=0.000370 gate=0.2100 envFloor=0.000900 sustain=1.000 retrigger=1.000 peakRelease=0.180 pitchTol=0.500 onsetScale=0.016 aubioScale=1.80 aubioThresh=0.036 onsetSilence=-75.0 pitchSilence=-80.0
2025-12-08 03:52:16 [tracker] [s6] configure sr=48000.0 hop=128 fft=512 low=214.3 high=1450.4
2025-12-08 03:52:16 [tracker] [s6] params baseline=0.000420 gate=0.2500 envFloor=0.001050 sustain=1.000 retrigger=1.000 peakRelease=0.200 pitchTol=0.550 onsetScale=0.018 aubioScale=1.80 aubioThresh=0.036 onsetSilence=-75.0 pitchSilence=-80.0
2025-12-08 03:52:16 [tracker] [s1] aubio-raw t=0.1933 onset=1.080189 env=0.000131 peak=0.000332 gain=1.000
2025-12-08 03:52:16 [tracker] [s1] onset-below-gate t=0.1933 env=0.000131 onset=1.080189 thresh=0.006000 baseline=0.029117 gate=0.001601 envFloor=0.024750 floor=0.029117 adapt=0.029117 lastPeak=0.000000 calib=0.029117 baseParam=0.000180 gateRatio=0.0550 envParam=0.000450
2025-12-08 03:52:16 [tracker] [s1] aubio-raw t=0.3320 onset=0.933013 env=0.000127 peak=0.000268 gain=1.000
2025-12-08 03:52:16 [tracker] [s1] onset-below-gate t=0.3320 env=0.000127 onset=0.933013 thresh=0.006000 baseline=0.029117 gate=0.001601 envFloor=0.024750 floor=0.029117 adapt=0.029117 lastPeak=0.000000 calib=0.029117 baseParam=0.000180 gateRatio=0.0550 envParam=0.000450
2025-12-08 03:52:17 [tracker] [s1] aubio-raw t=0.6627 onset=1.057628 env=0.000123 peak=0.000365 gain=1.000
2025-12-08 03:52:17 [tracker] [s1] onset-below-gate t=0.6627 env=0.000123 onset=1.057628 thresh=0.006000 baseline=0.029117 gate=0.001601 envFloor=0.024750 floor=0.029117 adapt=0.029117 lastPeak=0.000000 calib=0.029117 baseParam=0.000180 gateRatio=0.0550 envParam=0.000450
2025-12-08 03:52:17 [tracker] [s1] aubio-raw t=0.8653 onset=1.038137 env=0.000082 peak=0.000190 gain=1.000
2025-12-08 03:52:17 [tracker] [s1] onset-below-gate t=0.8653 env=0.000082 onset=1.038137 thresh=0.006000 baseline=0.029117 gate=0.001601 envFloor=0.024750 floor=0.029117 adapt=0.029117 lastPeak=0.000000 calib=0.029117 baseParam=0.000180 gateRatio=0.0550 envParam=0.000450
2025-12-08 03:52:18 [tracker] [s1] aubio-raw t=1.5187 onset=1.201040 env=0.000123 peak=0.000298 gain=1.000
2025-12-08 03:52:18 [tracker] [s1] onset-below-gate t=1.5187 env=0.000123 onset=1.201040 thresh=0.006000 baseline=0.029117 gate=0.001601 envFloor=0.024750 floor=0.029117 adapt=0.029117 lastPeak=0.000000 calib=0.029117 baseParam=0.000180 gateRatio=0.0550 envParam=0.000450
2025-12-08 03:52:18 [tracker] [s1] aubio-raw t=1.5853 onset=1.072646 env=0.001922 peak=0.003109 gain=1.000
2025-12-08 03:52:18 [tracker] [s1] onset-below-env-floor t=1.5853 env=0.001922 onset=1.072646 thresh=0.006000 baseline=0.029117 gate=0.001601 envFloor=0.024750 floor=0.029117 adapt=0.029117 lastPeak=0.000000 calib=0.029117 baseParam=0.000180 gateRatio=0.0550 envParam=0.000450
2025-12-08 03:52:18 [tracker] [s2] onset t=1.671 env=0.06050 baseline=0.02510 gate=0.00251 envFloor=0.01757 onset=0.968>=0.009
2025-12-08 03:52:18 [tracker] [s2] note-start t=1.671 fret=5 midi=50 vel=0.73 env=0.06050
2025-12-08 03:52:18 [tracker] [s1] aubio-raw t=1.6973 onset=0.784352 env=0.001947 peak=0.003197 gain=1.000
2025-12-08 03:52:18 [tracker] [s1] onset-below-env-floor t=1.6973 env=0.001947 onset=0.784352 thresh=0.006000 baseline=0.029117 gate=0.001601 envFloor=0.024750 floor=0.029117 adapt=0.029117 lastPeak=0.000000 calib=0.029117 baseParam=0.000180 gateRatio=0.0550 envParam=0.000450
2025-12-08 03:52:18 [tracker] [s2] release-retrigger t=1.865 onset=0.995 gate=0.025 age=0.195
2025-12-08 03:52:18 [tracker] [s2] note-ended t=1.865 fret=5 dur=0.195
2025-12-08 03:52:18 [tracker] [s1] aubio-raw t=2.0973 onset=0.995679 env=0.001246 peak=0.002120 gain=1.000
2025-12-08 03:52:18 [tracker] [s1] onset-below-gate t=2.0973 env=0.001246 onset=0.995679 thresh=0.006000 baseline=0.029117 gate=0.001601 envFloor=0.024750 floor=0.029117 adapt=0.029117 lastPeak=0.000000 calib=0.029117 baseParam=0.000180 gateRatio=0.0550 envParam=0.000450
2025-12-08 03:52:18 [tracker] [s1] aubio-raw t=2.2093 onset=1.227541 env=0.000832 peak=0.001280 gain=1.000
2025-12-08 03:52:18 [tracker] [s1] onset-below-gate t=2.2093 env=0.000832 onset=1.227541 thresh=0.006000 baseline=0.029117 gate=0.001601 envFloor=0.024750 floor=0.029117 adapt=0.029117 lastPeak=0.000000 calib=0.029117 baseParam=0.000180 gateRatio=0.0550 envParam=0.000450
2025-12-08 03:52:18 [tracker] [s2] onset t=2.364 env=0.01453 baseline=0.01690 gate=0.00169 envFloor=0.01436 onset=0.989>=0.009
2025-12-08 03:52:18 [tracker] [s2] note-start t=2.364 fret=5 midi=50 vel=0.17 env=0.01453
2025-12-08 03:52:18 [tracker] [s1] aubio-raw t=2.3667 onset=0.992924 env=0.000575 peak=0.000812 gain=1.000
2025-12-08 03:52:18 [tracker] [s1] onset-below-gate t=2.3667 env=0.000575 onset=0.992924 thresh=0.006000 baseline=0.029117 gate=0.001601 envFloor=0.024750 floor=0.029117 adapt=0.029117 lastPeak=0.000000 calib=0.029117 baseParam=0.000180 gateRatio=0.0550 envParam=0.000450
2025-12-08 03:52:19 [tracker] [s1] aubio-raw t=2.5560 onset=0.765156 env=0.000713 peak=0.001020 gain=1.000
2025-12-08 03:52:19 [tracker] [s1] onset-below-gate t=2.5560 env=0.000713 onset=0.765156 thresh=0.006000 baseline=0.029117 gate=0.001601 envFloor=0.024750 floor=0.029117 adapt=0.029117 lastPeak=0.000000 calib=0.029117 baseParam=0.000180 gateRatio=0.0550 envParam=0.000450
2025-12-08 03:52:19 [tracker] [s1] aubio-raw t=2.6414 onset=0.996137 env=0.000618 peak=0.000913 gain=1.000
2025-12-08 03:52:19 [tracker] [s1] onset-below-gate t=2.6414 env=0.000618 onset=0.996137 thresh=0.006000 baseline=0.029117 gate=0.001601 envFloor=0.024750 floor=0.029117 adapt=0.029117 lastPeak=0.000000 calib=0.029117 baseParam=0.000180 gateRatio=0.0550 envParam=0.000450
2025-12-08 03:52:19 [tracker] [s2] release-retrigger t=2.692 onset=0.996 gate=0.018 age=0.328
2025-12-08 03:52:19 [tracker] [s2] note-ended t=2.692 fret=5 dur=0.328
2025-12-08 03:52:19 [tracker] [s1] aubio-raw t=2.8467 onset=1.044191 env=0.000422 peak=0.000591 gain=1.000
2025-12-08 03:52:19 [tracker] [s1] onset-below-gate t=2.8467 env=0.000422 onset=1.044191 thresh=0.006000 baseline=0.029117 gate=0.001601 envFloor=0.024750 floor=0.029117 adapt=0.029117 lastPeak=0.000000 calib=0.029117 baseParam=0.000180 gateRatio=0.0550 envParam=0.000450
2025-12-08 03:52:19 [tracker] [s1] aubio-raw t=3.1160 onset=0.856721 env=0.000384 peak=0.000589 gain=1.000
2025-12-08 03:52:19 [tracker] [s1] onset-below-gate t=3.1160 env=0.000384 onset=0.856721 thresh=0.006000 baseline=0.029117 gate=0.001601 envFloor=0.024750 floor=0.029117 adapt=0.029117 lastPeak=0.000000 calib=0.029117 baseParam=0.000180 gateRatio=0.0550 envParam=0.000450
2025-12-08 03:52:20 [tracker] [s1] aubio-raw t=3.4920 onset=0.578184 env=0.000351 peak=0.000599 gain=1.000
2025-12-08 03:52:20 [tracker] [s1] onset-below-gate t=3.4920 env=0.000351 onset=0.578184 thresh=0.006000 baseline=0.029117 gate=0.001601 envFloor=0.024750 floor=0.029117 adapt=0.029117 lastPeak=0.000000 calib=0.029117 baseParam=0.000180 gateRatio=0.0550 envParam=0.000450
2025-12-08 03:52:20 [tracker] [s1] aubio-raw t=3.6387 onset=0.532673 env=0.000235 peak=0.000581 gain=1.000
2025-12-08 03:52:20 [tracker] [s1] onset-below-gate t=3.6387 env=0.000235 onset=0.532673 thresh=0.006000 baseline=0.029117 gate=0.001601 envFloor=0.024750 floor=0.029117 adapt=0.029117 lastPeak=0.000000 calib=0.029117 baseParam=0.000180 gateRatio=0.0550 envParam=0.000450
2025-12-08 03:52:20 [tracker] [s1] aubio-raw t=4.0014 onset=0.956784 env=0.000205 peak=0.000418 gain=1.000
2025-12-08 03:52:20 [tracker] [s1] onset-below-gate t=4.0014 env=0.000205 onset=0.956784 thresh=0.006000 baseline=0.029117 gate=0.001601 envFloor=0.024750 floor=0.029117 adapt=0.029117 lastPeak=0.000000 calib=0.029117 baseParam=0.000180 gateRatio=0.0550 envParam=0.000450
2025-12-08 03:52:20 [tracker] [s1] aubio-raw t=4.1560 onset=1.067753 env=0.000177 peak=0.000385 gain=1.000
2025-12-08 03:52:20 [tracker] [s1] onset-below-gate t=4.1560 env=0.000177 onset=1.067753 thresh=0.006000 baseline=0.029117 gate=0.001601 envFloor=0.024750 floor=0.029117 adapt=0.029117 lastPeak=0.000000 calib=0.029117 baseParam=0.000180 gateRatio=0.0550 envParam=0.000450
2025-12-08 03:52:21 [tracker] [s1] aubio-raw t=4.5400 onset=0.792339 env=0.001035 peak=0.001738 gain=1.000
2025-12-08 03:52:21 [tracker] [s1] onset-below-gate t=4.5400 env=0.001035 onset=0.792339 thresh=0.006000 baseline=0.029117 gate=0.001601 envFloor=0.024750 floor=0.029117 adapt=0.029117 lastPeak=0.000000 calib=0.029117 baseParam=0.000180 gateRatio=0.0550 envParam=0.000450
2025-12-08 03:52:21 [tracker] [s1] aubio-raw t=4.6173 onset=1.071946 env=0.000998 peak=0.001288 gain=1.000
2025-12-08 03:52:21 [tracker] [s1] onset-below-gate t=4.6173 env=0.000998 onset=1.071946 thresh=0.006000 baseline=0.029117 gate=0.001601 envFloor=0.024750 floor=0.029117 adapt=0.029117 lastPeak=0.000000 calib=0.029117 baseParam=0.000180 gateRatio=0.0550 envParam=0.000450
2025-12-08 03:52:21 [tracker] [s1] aubio-raw t=4.9746 onset=1.005567 env=0.000101 peak=0.000223 gain=1.000
2025-12-08 03:52:21 [tracker] [s1] onset-below-gate t=4.9746 env=0.000101 onset=1.005567 thresh=0.006000 baseline=0.029117 gate=0.001601 envFloor=0.024750 floor=0.029117 adapt=0.029117 lastPeak=0.000000 calib=0.029117 baseParam=0.000180 gateRatio=0.0550 envParam=0.000450
2025-12-08 03:52:21 [tracker] [s1] aubio-raw t=5.2120 onset=1.252236 env=0.000187 peak=0.000369 gain=1.000
2025-12-08 03:52:21 [tracker] [s1] onset-below-gate t=5.2120 env=0.000187 onset=1.252236 thresh=0.006000 baseline=0.029117 gate=0.001601 envFloor=0.024750 floor=0.029117 adapt=0.029117 lastPeak=0.000000 calib=0.029117 baseParam=0.000180 gateRatio=0.0550 envParam=0.000450
2025-12-08 03:52:21 [tracker] [s1] aubio-raw t=5.2706 onset=0.921644 env=0.000097 peak=0.000266 gain=1.000
2025-12-08 03:52:21 [tracker] [s1] onset-below-gate t=5.2706 env=0.000097 onset=0.921644 thresh=0.006000 baseline=0.029117 gate=0.001601 envFloor=0.024750 floor=0.029117 adapt=0.029117 lastPeak=0.000000 calib=0.029117 baseParam=0.000180 gateRatio=0.0550 envParam=0.000450
2025-12-08 03:52:21 [tracker] [s1] aubio-raw t=5.4279 onset=0.998245 env=0.000108 peak=0.000264 gain=1.000
2025-12-08 03:52:21 [tracker] [s1] onset-below-gate t=5.4279 env=0.000108 onset=0.998245 thresh=0.006000 baseline=0.029117 gate=0.001601 envFloor=0.024750 floor=0.029117 adapt=0.029117 lastPeak=0.000000 calib=0.029117 baseParam=0.000180 gateRatio=0.0550 envParam=0.000450
2025-12-08 03:52:22 [test-mode] stop session='live/S2F5 2' position=0.00 duration=5.56
2025-12-08 03:52:25 [sessionwavs] wrote 6 wav files to /home/general/SignalAssistant/logs/sessionwavs/session-20251208-035206 (shutdown)
# Session closed at 2025-12-08 03:52:25
