# SignalAssistant session log
# Started at 2025-12-08 02:56:50
2025-12-08 02:56:50 [session] mode=recorded session='live/S2F5 2' path='/home/general/SignalAssistant/sessions/live/S2F5 2' duration=5.56 files=6
2025-12-08 02:56:50 [tracker-settings] TrackerConfig onsetThreshold=0.02000 minNoteDurSec=0.045 hopSec=0.010 slideDelta=120.0 bendDelta=35.0
2025-12-08 02:56:50 [tracker-settings] string1 midi=40 lowCut=37.08Hz highCut=445.00Hz baseline=0.000180 gateRatio=0.05500 envFloor=0.000450 sustainScale=0.580 retriggerScale=1.400 peakRelease=0.120 pitchTol=0.400 onsetScale=0.300
2025-12-08 02:56:50 [tracker-settings] string2 midi=45 lowCut=55.00Hz highCut=563.20Hz baseline=0.000220 gateRatio=0.10000 envFloor=0.000550 sustainScale=0.700 retriggerScale=1.250 peakRelease=0.130 pitchTol=0.400 onsetScale=0.450
2025-12-08 02:56:50 [tracker-settings] string3 midi=50 lowCut=85.16Hz highCut=693.05Hz baseline=0.000260 gateRatio=0.13000 envFloor=0.000650 sustainScale=0.820 retriggerScale=1.100 peakRelease=0.140 pitchTol=0.450 onsetScale=0.580
2025-12-08 02:56:50 [tracker-settings] string4 midi=55 lowCut=127.40Hz highCut=862.39Hz baseline=0.000320 gateRatio=0.17000 envFloor=0.000780 sustainScale=1.000 retriggerScale=1.000 peakRelease=0.160 pitchTol=0.440 onsetScale=0.700
2025-12-08 02:56:50 [tracker-settings] string5 midi=59 lowCut=160.51Hz highCut=1086.54Hz baseline=0.000370 gateRatio=0.21000 envFloor=0.000900 sustainScale=1.000 retriggerScale=1.000 peakRelease=0.180 pitchTol=0.500 onsetScale=0.800
2025-12-08 02:56:50 [tracker-settings] string6 midi=64 lowCut=214.26Hz highCut=1450.36Hz baseline=0.000420 gateRatio=0.25000 envFloor=0.001050 sustainScale=1.000 retriggerScale=1.000 peakRelease=0.200 pitchTol=0.550 onsetScale=0.900
2025-12-08 02:56:50 [tracker] [s1] calibration reset
2025-12-08 02:56:50 [tracker] [s2] calibration reset
2025-12-08 02:56:50 [tracker] [s3] calibration reset
2025-12-08 02:56:50 [tracker] [s4] calibration reset
2025-12-08 02:56:50 [tracker] [s5] calibration reset
2025-12-08 02:56:50 [tracker] [s6] calibration reset
2025-12-08 02:56:50 [tracker] [s1] calibration avg=0.03165 peak=0.10910
2025-12-08 02:56:50 [tracker] [s2] calibration avg=0.01798 peak=0.04582
2025-12-08 02:56:50 [tracker] [s4] calibration avg=0.03051 peak=0.11407
2025-12-08 02:56:50 [tracker] [s5] calibration avg=0.03291 peak=0.07733
2025-12-08 02:56:50 [tracker] [s6] calibration avg=0.04616 peak=0.12280
2025-12-08 02:56:52 [test-mode] play session='live/S2F5 2' position=0.00 duration=5.56
2025-12-08 02:56:52 [tracker] [s1] configure sr=48000.0 hop=512 fft=4096 low=37.1 high=445.0
2025-12-08 02:56:52 [tracker] [s1] params baseline=0.000180 gate=0.0550 envFloor=0.000450 sustain=0.580 retrigger=1.400 peakRelease=0.120 pitchTol=0.400 onsetScale=0.006 aubioScale=1.20 aubioThresh=0.024 onsetSilence=-85.0 pitchSilence=-90.0
2025-12-08 02:56:52 [tracker] [s1] aubio-raw t=0.0053 onset=4.000000 env=0.000126 peak=0.000412 gain=1.000
2025-12-08 02:56:52 [tracker] [s1] onset-below-gate t=0.0053 env=0.000126 onset=4.000000 thresh=0.006000 baseline=0.029117 gate=0.001601 envFloor=0.024750 floor=0.029117 adapt=0.029117 lastPeak=0.000000 calib=0.029117 baseParam=0.000180 gateRatio=0.0550 envParam=0.000450
2025-12-08 02:56:52 [tracker] [s2] configure sr=48000.0 hop=512 fft=4096 low=55.0 high=563.2
2025-12-08 02:56:52 [tracker] [s2] params baseline=0.000220 gate=0.1000 envFloor=0.000550 sustain=0.700 retrigger=1.250 peakRelease=0.130 pitchTol=0.400 onsetScale=0.009 aubioScale=1.35 aubioThresh=0.027 onsetSilence=-85.0 pitchSilence=-90.0
2025-12-08 02:56:52 [tracker] [s3] configure sr=48000.0 hop=512 fft=4096 low=85.2 high=693.0
2025-12-08 02:56:52 [tracker] [s3] params baseline=0.000260 gate=0.1300 envFloor=0.000650 sustain=0.820 retrigger=1.100 peakRelease=0.140 pitchTol=0.450 onsetScale=0.012 aubioScale=1.60 aubioThresh=0.032 onsetSilence=-75.0 pitchSilence=-80.0
2025-12-08 02:56:52 [tracker] [s4] configure sr=48000.0 hop=512 fft=4096 low=127.4 high=862.4
2025-12-08 02:56:52 [tracker] [s4] params baseline=0.000320 gate=0.1700 envFloor=0.000780 sustain=1.000 retrigger=1.000 peakRelease=0.160 pitchTol=0.440 onsetScale=0.014 aubioScale=1.80 aubioThresh=0.036 onsetSilence=-75.0 pitchSilence=-80.0
2025-12-08 02:56:52 [tracker] [s5] configure sr=48000.0 hop=512 fft=2048 low=160.5 high=1086.5
2025-12-08 02:56:52 [tracker] [s5] params baseline=0.000370 gate=0.2100 envFloor=0.000900 sustain=1.000 retrigger=1.000 peakRelease=0.180 pitchTol=0.500 onsetScale=0.016 aubioScale=1.80 aubioThresh=0.036 onsetSilence=-75.0 pitchSilence=-80.0
2025-12-08 02:56:52 [tracker] [s6] configure sr=48000.0 hop=512 fft=2048 low=214.3 high=1450.4
2025-12-08 02:56:52 [tracker] [s6] params baseline=0.000420 gate=0.2500 envFloor=0.001050 sustain=1.000 retrigger=1.000 peakRelease=0.200 pitchTol=0.550 onsetScale=0.018 aubioScale=1.80 aubioThresh=0.036 onsetSilence=-75.0 pitchSilence=-80.0
2025-12-08 02:56:54 [tracker] [s1] aubio-raw t=1.6160 onset=1.106573 env=0.002677 peak=0.007281 gain=1.000
2025-12-08 02:56:54 [tracker] [s1] onset-below-env-floor t=1.6160 env=0.002677 onset=1.106573 thresh=0.006000 baseline=0.029117 gate=0.001601 envFloor=0.024750 floor=0.029117 adapt=0.029117 lastPeak=0.000000 calib=0.029117 baseParam=0.000180 gateRatio=0.0550 envParam=0.000450
2025-12-08 02:56:54 [tracker] [s2] onset t=1.616 env=0.03833 baseline=0.01690 gate=0.00169 envFloor=0.01436 onset=0.610>=0.009
2025-12-08 02:56:57 [test-mode] stop session='live/S2F5 2' position=0.00 duration=5.56
2025-12-08 02:56:59 [sessionwavs] wrote 6 wav files to /home/general/SignalAssistant/logs/sessionwavs/session-20251208-025650 (shutdown)
# Session closed at 2025-12-08 02:56:59
