# SignalAssistant session log
# Started at 2025-12-25 06:35:12
2025-12-25 06:35:12 [session] mode=live session='' path='' duration=0.00 files=0
2025-12-25 06:35:12 [tracker-settings] TrackerConfig onsetThreshold=0.02000 minNoteDurSec=0.045 hopSec=0.010 slideDelta=120.0 bendDelta=35.0
2025-12-25 06:35:12 [tracker-settings] string1 midi=40 lowCut=77.50Hz highCut=160.00Hz baseline=0.001000 gateRatio=0.05500 envFloor=0.001500 sustainScale=0.580 retriggerScale=1.400 pitchTol=0.400 onsetScale=0.360
2025-12-25 06:35:12 [tracker-settings] string2 midi=45 lowCut=102.50Hz highCut=215.00Hz baseline=0.001200 gateRatio=0.10000 envFloor=0.001800 sustainScale=0.700 retriggerScale=1.250 pitchTol=0.400 onsetScale=0.610
2025-12-25 06:35:12 [tracker-settings] string3 midi=50 lowCut=137.50Hz highCut=290.00Hz baseline=0.001400 gateRatio=0.13000 envFloor=0.002100 sustainScale=0.820 retriggerScale=1.100 pitchTol=0.450 onsetScale=0.930
2025-12-25 06:35:12 [tracker-settings] string4 midi=55 lowCut=187.50Hz highCut=385.00Hz baseline=0.001600 gateRatio=0.17000 envFloor=0.002400 sustainScale=1.000 retriggerScale=1.000 pitchTol=0.440 onsetScale=1.260
2025-12-25 06:35:12 [tracker-settings] string5 midi=59 lowCut=237.50Hz highCut=485.00Hz baseline=0.001800 gateRatio=0.21000 envFloor=0.002700 sustainScale=1.000 retriggerScale=1.000 pitchTol=0.500 onsetScale=1.440
2025-12-25 06:35:12 [tracker-settings] string6 midi=64 lowCut=317.50Hz highCut=650.00Hz baseline=0.002000 gateRatio=0.25000 envFloor=0.003000 sustainScale=1.000 retriggerScale=1.000 pitchTol=0.550 onsetScale=1.620
2025-12-25 06:35:12 [tracker] [s1] calibration reset target=0.00180 gain=1.000
2025-12-25 06:35:12 [tracker] [s2] calibration reset target=0.00180 gain=1.000
2025-12-25 06:35:12 [tracker] [s3] calibration reset target=0.00180 gain=1.000
2025-12-25 06:35:12 [tracker] [s4] calibration reset target=0.00180 gain=1.000
2025-12-25 06:35:12 [tracker] [s5] calibration reset target=0.00180 gain=1.000
2025-12-25 06:35:12 [tracker] [s6] calibration reset target=0.00180 gain=1.000
2025-12-25 06:35:12 [calibration] Loaded avgRms/peakRms from legacy calibration file
2025-12-25 06:35:12 [tracker] [s1] calibration avg=0.03937 target=0.00180 gain=1.000
2025-12-25 06:35:12 [tracker] [s2] calibration avg=0.01560 target=0.00180 gain=1.000
2025-12-25 06:35:12 [tracker] [s3] calibration avg=0.00661 target=0.00180 gain=1.000
2025-12-25 06:35:12 [tracker] [s4] calibration avg=0.00473 target=0.00180 gain=1.000
2025-12-25 06:35:12 [tracker] [s5] calibration avg=0.00699 target=0.00180 gain=1.000
2025-12-25 06:35:12 [tracker] [s6] calibration avg=0.02247 target=0.00180 gain=1.000
2025-12-25 06:35:12 [calibration] Calibration profile derived from tuning state
2025-12-25 06:35:12 [tracker] [s1] configure sr=48000.0 hop=128 fft=1024 low=75.0 high=160.0
2025-12-25 06:35:12 [tracker] [s1] params baseline=0.001000 gate=0.0550 envFloor=0.000450 sustain=0.580 retrigger=1.400 pitchTol=0.400 onsetScale=0.100 aubioScale=1.20 aubioThresh=0.024 onsetSilence=-40.0 pitchSilence=-90.0
2025-12-25 06:35:12 [tracker] [s2] configure sr=48000.0 hop=128 fft=1024 low=100.0 high=215.0
2025-12-25 06:35:12 [tracker] [s2] params baseline=0.001200 gate=0.0100 envFloor=0.000100 sustain=1.500 retrigger=1.250 pitchTol=0.400 onsetScale=0.100 aubioScale=1.35 aubioThresh=0.027 onsetSilence=-40.0 pitchSilence=-90.0
2025-12-25 06:35:12 [tracker] [s3] configure sr=48000.0 hop=128 fft=1024 low=135.0 high=290.0
2025-12-25 06:35:12 [tracker] [s3] params baseline=0.001400 gate=0.1300 envFloor=0.000650 sustain=0.820 retrigger=1.100 pitchTol=0.450 onsetScale=0.100 aubioScale=1.60 aubioThresh=0.032 onsetSilence=-40.0 pitchSilence=-80.0
2025-12-25 06:35:12 [tracker] [s4] configure sr=48000.0 hop=128 fft=1024 low=185.0 high=385.0
2025-12-25 06:35:12 [tracker] [s4] params baseline=0.001600 gate=0.1700 envFloor=0.000780 sustain=1.000 retrigger=1.000 pitchTol=0.440 onsetScale=0.100 aubioScale=1.80 aubioThresh=0.036 onsetSilence=-40.0 pitchSilence=-80.0
2025-12-25 06:35:12 [tracker] [s5] configure sr=48000.0 hop=128 fft=512 low=235.0 high=485.0
2025-12-25 06:35:12 [tracker] [s5] params baseline=0.001800 gate=0.2100 envFloor=0.000900 sustain=1.000 retrigger=1.000 pitchTol=0.500 onsetScale=0.100 aubioScale=1.80 aubioThresh=0.036 onsetSilence=-40.0 pitchSilence=-80.0
2025-12-25 06:35:12 [tracker] [s6] configure sr=48000.0 hop=128 fft=512 low=315.0 high=650.0
2025-12-25 06:35:12 [tracker] [s6] params baseline=0.002000 gate=0.2500 envFloor=0.001050 sustain=1.000 retrigger=1.000 pitchTol=0.550 onsetScale=0.100 aubioScale=1.80 aubioThresh=0.036 onsetSilence=-40.0 pitchSilence=-80.0
2025-12-25 06:35:15 [tracker] [s6] onset t=2.279 env=0.01019 gate=0.00050 envDelta=0.00969 envFloor=0.00200 onset=1.109 thresh=0.100 onsetDelta=1.00872 baseline=0.00200 lastPeak=0.00000 guard=0.060 activeAge=-1.000 pitch=192.06Hz pitchCents=-935.2
2025-12-25 06:35:39 [tracker] [s2] onset t=26.352 env=0.01732 gate=0.00001 envDelta=0.01731 envFloor=0.00120 onset=1.146 thresh=0.100 onsetDelta=1.04557 baseline=0.00120 lastPeak=0.00000 guard=0.060 activeAge=-1.000 pitch=-1.00Hz pitchCents=0.0
2025-12-25 06:35:39 [tracker] [s2] onset t=26.437 env=0.02197 gate=0.00001 envDelta=0.02196 envFloor=0.00120 onset=0.994 thresh=0.100 onsetDelta=0.89404 baseline=0.00120 lastPeak=0.00000 guard=0.060 activeAge=-1.000 pitch=139.16Hz pitchCents=407.1
2025-12-25 06:35:39 [tracker] [s2] note-start t=26.437 fret=4 midi=49 vel=0.26 env=0.02197
2025-12-25 06:35:39 [detection]      S2F4 ON (onset=0.994 env=0.0220)
2025-12-25 06:35:39 [tracker] [s2] release-sharp-drop t=26.650 avgEnv=0.00151 peak=0.01471 ratio=0.10 floor=0.00180
2025-12-25 06:35:39 [tracker] [s2] note-ended t=26.650 fret=4 dur=0.213
2025-12-25 06:35:41 [tracker] [s3] onset t=29.122 env=0.00386 gate=0.00018 envDelta=0.00368 envFloor=0.00140 onset=1.057 thresh=0.100 onsetDelta=0.95727 baseline=0.00140 lastPeak=0.00000 guard=0.060 activeAge=-1.000 pitch=-1.00Hz pitchCents=0.0
2025-12-25 06:35:42 [tracker] [s2] onset t=29.706 env=0.00936 gate=0.00001 envDelta=0.00935 envFloor=0.00120 onset=1.266 thresh=0.100 onsetDelta=1.16616 baseline=0.00120 lastPeak=0.00005 guard=0.060 activeAge=-1.000 pitch=-1.00Hz pitchCents=0.0
2025-12-25 06:35:42 [tracker] [s2] onset t=29.762 env=0.01330 gate=0.00001 envDelta=0.01329 envFloor=0.00120 onset=0.908 thresh=0.100 onsetDelta=0.80774 baseline=0.00120 lastPeak=0.00004 guard=0.060 activeAge=-1.000 pitch=-1.00Hz pitchCents=0.0
2025-12-25 06:35:42 [tracker] [s3] onset t=29.789 env=0.03057 gate=0.00018 envDelta=0.03038 envFloor=0.00140 onset=0.623 thresh=0.100 onsetDelta=0.52318 baseline=0.00140 lastPeak=0.00000 guard=0.060 activeAge=-1.000 pitch=499.66Hz pitchCents=2120.1
2025-12-25 06:35:42 [tracker] [s2] onset t=29.824 env=0.03574 gate=0.00001 envDelta=0.03573 envFloor=0.00120 onset=0.759 thresh=0.100 onsetDelta=0.65923 baseline=0.00120 lastPeak=0.00004 guard=0.060 activeAge=-1.000 pitch=140.17Hz pitchCents=419.6
2025-12-25 06:35:42 [detection]      S2F4 ON (onset=0.759 env=0.0357)
2025-12-25 06:35:42 [tracker] [s2] release-sharp-drop t=30.071 avgEnv=0.00173 peak=0.02242 ratio=0.08 floor=0.00180
2025-12-25 06:35:42 [detection]      S2F4 OFF (sharp-drop: 0.0224 -> 0.0017)
2025-12-25 06:35:42 [tracker] [s2] note-ended t=30.071 fret=4 dur=0.248
2025-12-25 06:35:46 [tracker] [s3] onset t=34.191 env=0.00497 gate=0.00018 envDelta=0.00479 envFloor=0.00140 onset=1.462 thresh=0.100 onsetDelta=1.36191 baseline=0.00140 lastPeak=0.00000 guard=0.060 activeAge=-1.000 pitch=-1.00Hz pitchCents=0.0
2025-12-25 06:35:46 [tracker] [s2] onset t=34.194 env=0.00583 gate=0.00001 envDelta=0.00581 envFloor=0.00120 onset=0.664 thresh=0.100 onsetDelta=0.56405 baseline=0.00120 lastPeak=0.00001 guard=0.060 activeAge=-1.000 pitch=140.94Hz pitchCents=429.1
2025-12-25 06:35:47 [tracker] [s1] aubio-raw t=34.2872 onset=1.198925 env=0.000919 peak=0.001790 gain=1.000
2025-12-25 06:35:47 [tracker] [s1] onset-below-env-floor t=34.2872 env=0.000919 gate=0.000055 envDelta=0.000864 envFloor=0.001000 onset=1.198925 thresh=0.100000 onsetDelta=1.098925 baseline=0.001000 lastPeak=0.000000 baseParam=0.001000 gateRatio=0.0550 envParam=0.000450 retriggerScale=1.400 guard=0.060 guardRemain=0.000 activeAge=-1.000 retrigRemain=0.000 pitchHz=2456.21 pitchCents=5877.0
2025-12-25 06:35:49 [tracker] [s2] onset t=37.018 env=0.00436 gate=0.00001 envDelta=0.00435 envFloor=0.00120 onset=0.885 thresh=0.100 onsetDelta=0.78489 baseline=0.00120 lastPeak=0.00000 guard=0.060 activeAge=-1.000 pitch=-1.00Hz pitchCents=0.0
2025-12-25 06:35:49 [tracker] [s6] onset t=37.242 env=0.00527 gate=0.00050 envDelta=0.00477 envFloor=0.00200 onset=0.677 thresh=0.100 onsetDelta=0.57730 baseline=0.00200 lastPeak=0.00000 guard=0.060 activeAge=-1.000 pitch=665.72Hz pitchCents=1216.9
2025-12-25 06:35:50 [tracker] [s2] onset t=38.042 env=0.02366 gate=0.00001 envDelta=0.02365 envFloor=0.00120 onset=0.721 thresh=0.100 onsetDelta=0.62124 baseline=0.00120 lastPeak=0.00000 guard=0.060 activeAge=-1.000 pitch=125.82Hz pitchCents=232.6
2025-12-25 06:35:50 [tracker] [s2] onset t=38.095 env=0.01116 gate=0.00001 envDelta=0.01115 envFloor=0.00120 onset=0.842 thresh=0.100 onsetDelta=0.74186 baseline=0.00120 lastPeak=0.00000 guard=0.060 activeAge=-1.000 pitch=135.17Hz pitchCents=356.8
2025-12-25 06:35:50 [tracker] [s2] onset t=38.167 env=0.03034 gate=0.00001 envDelta=0.03033 envFloor=0.00120 onset=1.247 thresh=0.100 onsetDelta=1.14679 baseline=0.00120 lastPeak=0.00000 guard=0.060 activeAge=-1.000 pitch=159.45Hz pitchCents=642.8
2025-12-25 06:35:50 [tracker] [s3] onset t=38.180 env=0.00364 gate=0.00018 envDelta=0.00346 envFloor=0.00140 onset=0.993 thresh=0.100 onsetDelta=0.89332 baseline=0.00140 lastPeak=0.00000 guard=0.060 activeAge=-1.000 pitch=-1.00Hz pitchCents=0.0
2025-12-25 06:35:50 [tracker] [s1] aubio-raw t=38.2282 onset=1.140208 env=0.003256 peak=0.005812 gain=1.000
2025-12-25 06:35:50 [tracker] [s1] onset-accepted t=38.2282 env=0.003256 gate=0.000055 envDelta=0.003201 envFloor=0.001000 onset=1.140208 thresh=0.100000 onsetDelta=1.040208 baseline=0.001000 lastPeak=0.000000 baseParam=0.001000 gateRatio=0.0550 envParam=0.000450 retriggerScale=1.400 guard=0.060 guardRemain=0.000 activeAge=-1.000 retrigRemain=0.000 pitchHz=163.01 pitchCents=1180.9
2025-12-25 06:35:50 [tracker] [s1] onset t=38.228 env=0.00326 gate=0.00006 envDelta=0.00320 envFloor=0.00100 onset=1.140 thresh=0.100 onsetDelta=1.04021 baseline=0.00100 lastPeak=0.00000 guard=0.060 activeAge=-1.000 pitch=163.01Hz pitchCents=1180.9
2025-12-25 06:35:50 [tracker] [s2] onset t=38.236 env=0.04541 gate=0.00001 envDelta=0.04540 envFloor=0.00120 onset=1.220 thresh=0.100 onsetDelta=1.11997 baseline=0.00120 lastPeak=0.00000 guard=0.060 activeAge=-1.000 pitch=186.79Hz pitchCents=916.7
2025-12-25 06:35:50 [tracker] [s2] note-start t=38.236 fret=9 midi=54 vel=0.54 env=0.04541
2025-12-25 06:35:50 [detection]      S2F9 ON (onset=1.220 env=0.0454)
2025-12-25 06:35:51 [tracker] [s2] release-sharp-drop t=38.300 avgEnv=0.00164 peak=0.04026 ratio=0.04 floor=0.00180
2025-12-25 06:35:51 [detection]      S2F9 OFF (sharp-drop: 0.0403 -> 0.0016)
2025-12-25 06:35:51 [tracker] [s2] note-ended t=38.300 fret=9 dur=0.064
2025-12-25 06:36:17 [tracker] [s3] onset t=65.169 env=0.00766 gate=0.00018 envDelta=0.00748 envFloor=0.00140 onset=0.703 thresh=0.100 onsetDelta=0.60284 baseline=0.00140 lastPeak=0.00000 guard=0.060 activeAge=-1.000 pitch=-1.00Hz pitchCents=0.0
2025-12-25 06:36:17 [tracker] [s4] onset t=65.169 env=0.01185 gate=0.00027 envDelta=0.01158 envFloor=0.00160 onset=0.586 thresh=0.100 onsetDelta=0.48629 baseline=0.00160 lastPeak=0.00000 guard=0.060 activeAge=-1.000 pitch=-1.00Hz pitchCents=0.0
2025-12-25 06:36:18 [tracker] [s6] onset t=65.725 env=0.01625 gate=0.00050 envDelta=0.01575 envFloor=0.00200 onset=0.887 thresh=0.100 onsetDelta=0.78740 baseline=0.00200 lastPeak=0.00000 guard=0.060 activeAge=-1.000 pitch=-1.00Hz pitchCents=0.0
2025-12-25 06:36:18 [tracker] [s1] aubio-raw t=65.8102 onset=0.721205 env=0.008298 peak=0.010295 gain=1.000
2025-12-25 06:36:18 [tracker] [s1] onset-accepted t=65.8102 env=0.008298 gate=0.000055 envDelta=0.008243 envFloor=0.001000 onset=0.721205 thresh=0.100000 onsetDelta=0.621205 baseline=0.001000 lastPeak=0.000000 baseParam=0.001000 gateRatio=0.0550 envParam=0.000450 retriggerScale=1.400 guard=0.060 guardRemain=0.000 activeAge=-1.000 retrigRemain=0.000 pitchHz=133.44 pitchCents=834.5
2025-12-25 06:36:18 [tracker] [s1] onset t=65.810 env=0.00830 gate=0.00006 envDelta=0.00824 envFloor=0.00100 onset=0.721 thresh=0.100 onsetDelta=0.62121 baseline=0.00100 lastPeak=0.00000 guard=0.060 activeAge=-1.000 pitch=133.44Hz pitchCents=834.5
2025-12-25 06:36:18 [tracker] [s2] onset t=65.810 env=0.03042 gate=0.00001 envDelta=0.03041 envFloor=0.00120 onset=0.554 thresh=0.100 onsetDelta=0.45383 baseline=0.00120 lastPeak=0.00000 guard=0.060 activeAge=-1.000 pitch=145.27Hz pitchCents=481.5
2025-12-25 06:36:18 [tracker] [s6] onset t=65.810 env=0.00905 gate=0.00050 envDelta=0.00855 envFloor=0.00200 onset=1.242 thresh=0.100 onsetDelta=1.14172 baseline=0.00200 lastPeak=0.00000 guard=0.060 activeAge=-1.000 pitch=887.52Hz pitchCents=1714.7
2025-12-25 06:36:18 [tracker] [s2] onset t=65.882 env=0.20835 gate=0.00001 envDelta=0.20834 envFloor=0.00120 onset=0.908 thresh=0.100 onsetDelta=0.80835 baseline=0.00120 lastPeak=0.00000 guard=0.060 activeAge=-1.000 pitch=148.16Hz pitchCents=515.6
2025-12-25 06:36:18 [tracker] [s2] note-start t=65.882 fret=5 midi=50 vel=1.00 env=0.20835
2025-12-25 06:36:18 [detection]      S2F5 ON (onset=0.908 env=0.2084)
2025-12-25 06:36:18 [tracker] [s3] onset t=65.936 env=0.00612 gate=0.00018 envDelta=0.00594 envFloor=0.00140 onset=1.105 thresh=0.100 onsetDelta=1.00497 baseline=0.00140 lastPeak=0.00000 guard=0.060 activeAge=-1.000 pitch=-1.00Hz pitchCents=0.0
2025-12-25 06:36:19 [tracker] [s1] aubio-raw t=66.3015 onset=0.990597 env=0.002930 peak=0.004156 gain=1.000
2025-12-25 06:36:19 [tracker] [s1] onset-accepted t=66.3015 env=0.002930 gate=0.000055 envDelta=0.002875 envFloor=0.001000 onset=0.990597 thresh=0.100000 onsetDelta=0.890597 baseline=0.001000 lastPeak=0.000000 baseParam=0.001000 gateRatio=0.0550 envParam=0.000450 retriggerScale=1.400 guard=0.060 guardRemain=0.000 activeAge=-1.000 retrigRemain=0.000 pitchHz=148.10 pitchCents=1014.9
2025-12-25 06:36:19 [tracker] [s1] onset t=66.301 env=0.00293 gate=0.00006 envDelta=0.00287 envFloor=0.00100 onset=0.991 thresh=0.100 onsetDelta=0.89060 baseline=0.00100 lastPeak=0.00000 guard=0.060 activeAge=-1.000 pitch=148.10Hz pitchCents=1014.9
2025-12-25 06:36:19 [tracker] [s1] note-start t=66.301 fret=10 midi=50 vel=0.04 env=0.00293
2025-12-25 06:36:19 [detection]      S1F10 ON (onset=0.991 env=0.0029)
2025-12-25 06:36:19 [tracker] [s1] release-quiet t=66.982 avgEnv=0.00098 floor=0.00100 quietFrames=8
2025-12-25 06:36:19 [detection]      S1F10 OFF (sustained-quiet: avgEnv=0.0010 < floor=0.0010)
2025-12-25 06:36:19 [tracker] [s1] note-ended t=66.982 fret=10 dur=0.681
2025-12-25 06:36:22 [tracker] [s2] release-quiet t=69.808 avgEnv=0.00080 floor=0.00180 quietFrames=8
2025-12-25 06:36:22 [detection]      S2F5 OFF (sustained-quiet: avgEnv=0.0008 < floor=0.0018)
2025-12-25 06:36:22 [tracker] [s2] note-ended t=69.808 fret=5 dur=3.925
2025-12-25 06:36:22 [tracker] [s6] onset t=70.021 env=0.00470 gate=0.00050 envDelta=0.00420 envFloor=0.00200 onset=1.003 thresh=0.100 onsetDelta=0.90284 baseline=0.00200 lastPeak=0.00000 guard=0.060 activeAge=-1.000 pitch=-1.00Hz pitchCents=0.0
2025-12-25 06:36:36 [tracker] [s2] onset t=83.776 env=0.00599 gate=0.00001 envDelta=0.00598 envFloor=0.00120 onset=0.966 thresh=0.100 onsetDelta=0.86605 baseline=0.00120 lastPeak=0.00000 guard=0.060 activeAge=-1.000 pitch=-1.00Hz pitchCents=0.0
2025-12-25 06:36:37 [tracker] [s1] aubio-raw t=84.4675 onset=0.967913 env=0.006896 peak=0.012828 gain=1.000
2025-12-25 06:36:37 [tracker] [s1] onset-accepted t=84.4675 env=0.006896 gate=0.000055 envDelta=0.006841 envFloor=0.001000 onset=0.967913 thresh=0.100000 onsetDelta=0.867913 baseline=0.001000 lastPeak=0.000000 baseParam=0.001000 gateRatio=0.0550 envParam=0.000450 retriggerScale=1.400 guard=0.060 guardRemain=0.000 activeAge=-1.000 retrigRemain=0.000 pitchHz=-1.00 pitchCents=0.0
2025-12-25 06:36:37 [tracker] [s1] onset t=84.467 env=0.00690 gate=0.00006 envDelta=0.00684 envFloor=0.00100 onset=0.968 thresh=0.100 onsetDelta=0.86791 baseline=0.00100 lastPeak=0.00000 guard=0.060 activeAge=-1.000 pitch=-1.00Hz pitchCents=0.0
2025-12-25 06:36:37 [tracker] [s2] onset t=84.467 env=0.16270 gate=0.00001 envDelta=0.16269 envFloor=0.00120 onset=1.037 thresh=0.100 onsetDelta=0.93730 baseline=0.00120 lastPeak=0.00000 guard=0.060 activeAge=-1.000 pitch=-1.00Hz pitchCents=0.0
2025-12-25 06:36:37 [tracker] [s3] onset t=84.467 env=0.00765 gate=0.00018 envDelta=0.00747 envFloor=0.00140 onset=1.458 thresh=0.100 onsetDelta=1.35751 baseline=0.00140 lastPeak=0.00000 guard=0.060 activeAge=-1.000 pitch=-1.00Hz pitchCents=0.0
2025-12-25 06:36:37 [tracker] [s2] onset t=84.574 env=0.19835 gate=0.00001 envDelta=0.19834 envFloor=0.00120 onset=0.877 thresh=0.100 onsetDelta=0.77730 baseline=0.00120 lastPeak=0.00000 guard=0.060 activeAge=-1.000 pitch=148.13Hz pitchCents=515.2
2025-12-25 06:36:37 [tracker] [s2] note-start t=84.574 fret=5 midi=50 vel=1.00 env=0.19835
2025-12-25 06:36:37 [detection]      S2F5 ON (onset=0.877 env=0.1983)
2025-12-25 06:36:37 [tracker] [s2] release-sharp-drop t=84.745 avgEnv=0.00155 peak=0.14392 ratio=0.01 floor=0.00180
2025-12-25 06:36:37 [detection]      S2F5 OFF (sharp-drop: 0.1439 -> 0.0016)
2025-12-25 06:36:37 [tracker] [s2] note-ended t=84.745 fret=5 dur=0.171
2025-12-25 06:36:38 [tracker] [s1] aubio-raw t=85.6718 onset=1.165705 env=0.003117 peak=0.004104 gain=1.000
2025-12-25 06:36:38 [tracker] [s1] onset-accepted t=85.6718 env=0.003117 gate=0.000055 envDelta=0.003062 envFloor=0.001000 onset=1.165705 thresh=0.100000 onsetDelta=1.065705 baseline=0.001000 lastPeak=0.000000 baseParam=0.001000 gateRatio=0.0550 envParam=0.000450 retriggerScale=1.400 guard=0.060 guardRemain=0.000 activeAge=-1.000 retrigRemain=0.000 pitchHz=119.43 pitchCents=642.3
2025-12-25 06:36:38 [tracker] [s1] onset t=85.672 env=0.00312 gate=0.00006 envDelta=0.00306 envFloor=0.00100 onset=1.166 thresh=0.100 onsetDelta=1.06571 baseline=0.00100 lastPeak=0.00000 guard=0.060 activeAge=-1.000 pitch=119.43Hz pitchCents=642.3
2025-12-25 06:36:38 [tracker] [s2] onset t=85.672 env=0.02760 gate=0.00001 envDelta=0.02759 envFloor=0.00120 onset=0.586 thresh=0.100 onsetDelta=0.48592 baseline=0.00120 lastPeak=0.02528 guard=0.060 activeAge=-1.000 pitch=136.83Hz pitchCents=377.8
2025-12-25 06:36:38 [tracker] [s3] onset t=85.832 env=0.01172 gate=0.00018 envDelta=0.01153 envFloor=0.00140 onset=0.911 thresh=0.100 onsetDelta=0.81096 baseline=0.00140 lastPeak=0.00000 guard=0.060 activeAge=-1.000 pitch=-1.00Hz pitchCents=0.0
2025-12-25 06:36:38 [tracker] [s2] onset t=85.877 env=0.01395 gate=0.00001 envDelta=0.01394 envFloor=0.00120 onset=0.770 thresh=0.100 onsetDelta=0.67016 baseline=0.00120 lastPeak=0.01718 guard=0.060 activeAge=-1.000 pitch=152.94Hz pitchCents=570.6
2025-12-25 06:36:38 [tracker] [s2] note-start t=85.877 fret=5 midi=50 vel=0.17 env=0.01395
2025-12-25 06:36:38 [tracker] [s2] release-sharp-drop t=85.923 avgEnv=0.00162 peak=0.01281 ratio=0.13 floor=0.00180
2025-12-25 06:36:38 [detection]      S2F5 OFF (sharp-drop: 0.0128 -> 0.0016)
2025-12-25 06:36:38 [tracker] [s3] onset t=86.030 env=0.03768 gate=0.00018 envDelta=0.03750 envFloor=0.00140 onset=1.080 thresh=0.100 onsetDelta=0.98009 baseline=0.00140 lastPeak=0.00000 guard=0.060 activeAge=-1.000 pitch=221.90Hz pitchCents=714.9
2025-12-25 06:36:38 [detection]      S3F7 ON (onset=1.080 env=0.0377)
2025-12-25 06:36:38 [tracker] [s5] onset t=86.035 env=0.05352 gate=0.00038 envDelta=0.05314 envFloor=0.00180 onset=1.099 thresh=0.100 onsetDelta=0.99909 baseline=0.00180 lastPeak=0.00000 guard=0.060 activeAge=-1.000 pitch=189.02Hz pitchCents=-462.7
2025-12-25 06:36:38 [tracker] [s4] onset t=86.040 env=0.00759 gate=0.00027 envDelta=0.00732 envFloor=0.00160 onset=0.652 thresh=0.100 onsetDelta=0.55229 baseline=0.00160 lastPeak=0.00000 guard=0.060 activeAge=-1.000 pitch=-1.00Hz pitchCents=0.0
2025-12-25 06:36:38 [tracker] [s4] onset t=86.091 env=0.14122 gate=0.00027 envDelta=0.14095 envFloor=0.00160 onset=1.218 thresh=0.100 onsetDelta=1.11827 baseline=0.00160 lastPeak=0.00000 guard=0.060 activeAge=-1.000 pitch=265.43Hz pitchCents=525.0
2025-12-25 06:36:38 [tracker] [s4] note-start t=86.091 fret=3 midi=58 vel=1.00 env=0.14122
2025-12-25 06:36:38 [detection]      S4F3 ON (onset=1.218 env=0.1412)
2025-12-25 06:36:38 [tracker] [s5] onset t=86.198 env=0.04337 gate=0.00038 envDelta=0.04300 envFloor=0.00180 onset=1.265 thresh=0.100 onsetDelta=1.16502 baseline=0.00180 lastPeak=0.00000 guard=0.060 activeAge=-1.000 pitch=329.86Hz pitchCents=501.2
2025-12-25 06:36:38 [tracker] [s5] note-start t=86.198 fret=5 midi=64 vel=0.52 env=0.04337
2025-12-25 06:36:38 [detection]      S5F5 ON (onset=1.265 env=0.0434)
2025-12-25 06:36:38 [tracker] [s5] release-sharp-drop t=86.259 avgEnv=0.00178 peak=0.03865 ratio=0.05 floor=0.00180
2025-12-25 06:36:38 [detection]      S5F5 OFF (sharp-drop: 0.0387 -> 0.0018)
2025-12-25 06:36:38 [tracker] [s3] release-sharp-drop t=86.265 avgEnv=0.00130 peak=0.02424 ratio=0.05 floor=0.00140
2025-12-25 06:36:38 [detection]      S3F7 OFF (sharp-drop: 0.0242 -> 0.0013)
2025-12-25 06:36:38 [tracker] [s3] note-ended t=86.265 fret=7 dur=0.235
2025-12-25 06:36:38 [tracker] [s4] release-sharp-drop t=86.281 avgEnv=0.00150 peak=0.09893 ratio=0.02 floor=0.00160
2025-12-25 06:36:38 [detection]      S4F3 OFF (sharp-drop: 0.0989 -> 0.0015)
2025-12-25 06:36:38 [tracker] [s4] note-ended t=86.281 fret=3 dur=0.190
2025-12-25 06:36:42 [tracker] [s5] onset t=90.179 env=0.00512 gate=0.00038 envDelta=0.00474 envFloor=0.00180 onset=1.085 thresh=0.100 onsetDelta=0.98458 baseline=0.00180 lastPeak=0.00002 guard=0.060 activeAge=-1.000 pitch=-1.00Hz pitchCents=0.0
2025-12-25 06:36:44 [tracker] [s3] onset t=91.440 env=0.00549 gate=0.00018 envDelta=0.00531 envFloor=0.00140 onset=1.311 thresh=0.100 onsetDelta=1.21137 baseline=0.00140 lastPeak=0.00000 guard=0.060 activeAge=-1.000 pitch=-1.00Hz pitchCents=0.0
2025-12-25 06:36:44 [tracker] [s4] onset t=91.440 env=0.08038 gate=0.00027 envDelta=0.08011 envFloor=0.00160 onset=0.607 thresh=0.100 onsetDelta=0.50721 baseline=0.00160 lastPeak=0.00001 guard=0.060 activeAge=-1.000 pitch=-1.00Hz pitchCents=0.0
2025-12-25 06:36:44 [tracker] [s5] onset t=91.442 env=0.00339 gate=0.00038 envDelta=0.00301 envFloor=0.00180 onset=1.273 thresh=0.100 onsetDelta=1.17253 baseline=0.00180 lastPeak=0.00000 guard=0.060 activeAge=-1.000 pitch=-1.00Hz pitchCents=0.0
2025-12-25 06:36:44 [tracker] [s6] onset t=91.450 env=0.00588 gate=0.00050 envDelta=0.00538 envFloor=0.00200 onset=1.136 thresh=0.100 onsetDelta=1.03611 baseline=0.00200 lastPeak=0.00000 guard=0.060 activeAge=-1.000 pitch=-1.00Hz pitchCents=0.0
2025-12-25 06:36:44 [tracker] [s4] onset t=91.520 env=0.08815 gate=0.00027 envDelta=0.08787 envFloor=0.00160 onset=1.127 thresh=0.100 onsetDelta=1.02725 baseline=0.00160 lastPeak=0.00001 guard=0.060 activeAge=-1.000 pitch=263.49Hz pitchCents=512.3
2025-12-25 06:36:44 [tracker] [s4] note-start t=91.520 fret=5 midi=60 vel=1.00 env=0.08815
2025-12-25 06:36:44 [detection]      S4F5 ON (onset=1.127 env=0.0881)
2025-12-25 06:36:44 [tracker] [s4] release-sharp-drop t=91.851 avgEnv=0.00158 peak=0.04734 ratio=0.03 floor=0.00160
2025-12-25 06:36:44 [detection]      S4F5 OFF (sharp-drop: 0.0473 -> 0.0016)
2025-12-25 06:36:44 [tracker] [s4] note-ended t=91.851 fret=5 dur=0.331
2025-12-25 06:36:45 [tracker] [s1] aubio-raw t=92.5344 onset=1.086934 env=0.003412 peak=0.005250 gain=1.000
2025-12-25 06:36:45 [tracker] [s1] onset-accepted t=92.5344 env=0.003412 gate=0.000055 envDelta=0.003357 envFloor=0.001000 onset=1.086934 thresh=0.100000 onsetDelta=0.986934 baseline=0.001000 lastPeak=0.000000 baseParam=0.001000 gateRatio=0.0550 envParam=0.000450 retriggerScale=1.400 guard=0.060 guardRemain=0.000 activeAge=-1.000 retrigRemain=0.000 pitchHz=-1.00 pitchCents=0.0
2025-12-25 06:36:45 [tracker] [s1] onset t=92.534 env=0.00341 gate=0.00006 envDelta=0.00336 envFloor=0.00100 onset=1.087 thresh=0.100 onsetDelta=0.98693 baseline=0.00100 lastPeak=0.00000 guard=0.060 activeAge=-1.000 pitch=-1.00Hz pitchCents=0.0
2025-12-25 06:37:03 [tracker] [s2] onset t=111.050 env=0.00384 gate=0.00001 envDelta=0.00383 envFloor=0.00120 onset=0.863 thresh=0.100 onsetDelta=0.76318 baseline=0.00120 lastPeak=0.00000 guard=0.060 activeAge=-1.000 pitch=-1.00Hz pitchCents=0.0
2025-12-25 06:37:03 [tracker] [s1] aubio-raw t=111.0528 onset=0.791967 env=0.028264 peak=0.039933 gain=1.000
2025-12-25 06:37:03 [tracker] [s1] onset-accepted t=111.0528 env=0.028264 gate=0.000055 envDelta=0.028209 envFloor=0.001000 onset=0.791967 thresh=0.100000 onsetDelta=0.691967 baseline=0.001000 lastPeak=0.000000 baseParam=0.001000 gateRatio=0.0550 envParam=0.000450 retriggerScale=1.400 guard=0.060 guardRemain=0.000 activeAge=-1.000 retrigRemain=0.000 pitchHz=-1.00 pitchCents=0.0
2025-12-25 06:37:03 [tracker] [s1] onset t=111.053 env=0.02826 gate=0.00006 envDelta=0.02821 envFloor=0.00100 onset=0.792 thresh=0.100 onsetDelta=0.69197 baseline=0.00100 lastPeak=0.00000 guard=0.060 activeAge=-1.000 pitch=-1.00Hz pitchCents=0.0
2025-12-25 06:37:03 [tracker] [s3] onset t=111.072 env=0.06253 gate=0.00018 envDelta=0.06235 envFloor=0.00140 onset=0.877 thresh=0.100 onsetDelta=0.77714 baseline=0.00140 lastPeak=0.00000 guard=0.060 activeAge=-1.000 pitch=-1.00Hz pitchCents=0.0
2025-12-25 06:37:03 [tracker] [s4] onset t=111.093 env=0.28590 gate=0.00027 envDelta=0.28563 envFloor=0.00160 onset=0.671 thresh=0.100 onsetDelta=0.57086 baseline=0.00160 lastPeak=0.00000 guard=0.060 activeAge=-1.000 pitch=-1.00Hz pitchCents=0.0
2025-12-25 06:37:03 [tracker] [s6] onset t=111.093 env=0.00278 gate=0.00050 envDelta=0.00228 envFloor=0.00200 onset=0.985 thresh=0.100 onsetDelta=0.88457 baseline=0.00200 lastPeak=0.00000 guard=0.060 activeAge=-1.000 pitch=-1.00Hz pitchCents=0.0
2025-12-25 06:37:03 [tracker] [s5] onset t=111.101 env=0.06685 gate=0.00038 envDelta=0.06648 envFloor=0.00180 onset=0.608 thresh=0.100 onsetDelta=0.50848 baseline=0.00180 lastPeak=0.00000 guard=0.060 activeAge=-1.000 pitch=231.13Hz pitchCents=-114.5
2025-12-25 06:37:03 [tracker] [s2] onset t=111.138 env=0.02485 gate=0.00001 envDelta=0.02484 envFloor=0.00120 onset=0.919 thresh=0.100 onsetDelta=0.81886 baseline=0.00120 lastPeak=0.00000 guard=0.060 activeAge=-1.000 pitch=147.75Hz pitchCents=510.8
2025-12-25 06:37:03 [tracker] [s2] note-start t=111.138 fret=5 midi=50 vel=0.30 env=0.02485
2025-12-25 06:37:03 [detection]      S2F5 ON (onset=0.919 env=0.0249)
2025-12-25 06:37:03 [tracker] [s4] onset t=111.144 env=0.20971 gate=0.00027 envDelta=0.20944 envFloor=0.00160 onset=0.885 thresh=0.100 onsetDelta=0.78454 baseline=0.00160 lastPeak=0.00000 guard=0.060 activeAge=-1.000 pitch=296.68Hz pitchCents=717.7
2025-12-25 06:37:03 [detection]      S4F7 ON (onset=0.885 env=0.2097)
2025-12-25 06:37:03 [tracker] [s5] onset t=111.168 env=0.00674 gate=0.00038 envDelta=0.00636 envFloor=0.00180 onset=1.432 thresh=0.100 onsetDelta=1.33210 baseline=0.00180 lastPeak=0.00000 guard=0.060 activeAge=-1.000 pitch=-1.00Hz pitchCents=0.0
2025-12-25 06:37:03 [tracker] [s1] aubio-raw t=111.2157 onset=1.481384 env=0.005399 peak=0.006990 gain=1.000
2025-12-25 06:37:03 [tracker] [s1] onset-accepted t=111.2157 env=0.005399 gate=0.000055 envDelta=0.005344 envFloor=0.001000 onset=1.481384 thresh=0.100000 onsetDelta=1.381384 baseline=0.001000 lastPeak=0.000000 baseParam=0.001000 gateRatio=0.0550 envParam=0.000450 retriggerScale=1.400 guard=0.060 guardRemain=0.000 activeAge=-1.000 retrigRemain=0.000 pitchHz=110.39 pitchCents=506.1
2025-12-25 06:37:03 [tracker] [s1] onset t=111.216 env=0.00540 gate=0.00006 envDelta=0.00534 envFloor=0.00100 onset=1.481 thresh=0.100 onsetDelta=1.38138 baseline=0.00100 lastPeak=0.00000 guard=0.060 activeAge=-1.000 pitch=110.39Hz pitchCents=506.1
2025-12-25 06:37:03 [tracker] [s3] onset t=111.240 env=0.05175 gate=0.00018 envDelta=0.05157 envFloor=0.00140 onset=0.994 thresh=0.100 onsetDelta=0.89435 baseline=0.00140 lastPeak=0.00000 guard=0.060 activeAge=-1.000 pitch=220.25Hz pitchCents=702.0
2025-12-25 06:37:03 [tracker] [s3] note-start t=111.240 fret=7 midi=57 vel=0.62 env=0.05175
2025-12-25 06:37:03 [detection]      S3F7 ON (onset=0.994 env=0.0518)
2025-12-25 06:37:04 [tracker] [s6] onset t=111.357 env=0.00293 gate=0.00050 envDelta=0.00243 envFloor=0.00200 onset=0.646 thresh=0.100 onsetDelta=0.54634 baseline=0.00200 lastPeak=0.00000 guard=0.060 activeAge=-1.000 pitch=-1.00Hz pitchCents=0.0
2025-12-25 06:37:04 [tracker] [s2] release-sharp-drop t=111.413 avgEnv=0.00164 peak=0.01483 ratio=0.11 floor=0.00180
2025-12-25 06:37:04 [detection]      S2F5 OFF (sharp-drop: 0.0148 -> 0.0016)
2025-12-25 06:37:04 [tracker] [s3] release-sharp-drop t=111.427 avgEnv=0.00120 peak=0.03644 ratio=0.03 floor=0.00140
2025-12-25 06:37:04 [detection]      S3F7 OFF (sharp-drop: 0.0364 -> 0.0012)
2025-12-25 06:37:04 [tracker] [s3] note-ended t=111.427 fret=7 dur=0.187
2025-12-25 06:37:04 [tracker] [s4] release-sharp-drop t=111.443 avgEnv=0.00150 peak=0.11962 ratio=0.01 floor=0.00160
2025-12-25 06:37:04 [detection]      S4F7 OFF (sharp-drop: 0.1196 -> 0.0015)
2025-12-25 06:37:04 [tracker] [s4] note-ended t=111.443 fret=7 dur=0.299
2025-12-25 06:37:18 [tracker] [s4] onset t=125.921 env=0.00468 gate=0.00027 envDelta=0.00441 envFloor=0.00160 onset=1.485 thresh=0.100 onsetDelta=1.38503 baseline=0.00160 lastPeak=0.00000 guard=0.060 activeAge=-1.000 pitch=-1.00Hz pitchCents=0.0
2025-12-25 06:37:18 [tracker] [s6] onset t=125.929 env=0.00941 gate=0.00050 envDelta=0.00891 envFloor=0.00200 onset=1.125 thresh=0.100 onsetDelta=1.02542 baseline=0.00200 lastPeak=0.00000 guard=0.060 activeAge=-1.000 pitch=-1.00Hz pitchCents=0.0
2025-12-25 06:37:18 [tracker] [s5] onset t=125.932 env=0.00438 gate=0.00038 envDelta=0.00400 envFloor=0.00180 onset=0.900 thresh=0.100 onsetDelta=0.80041 baseline=0.00180 lastPeak=0.00000 guard=0.060 activeAge=-1.000 pitch=188.75Hz pitchCents=-465.2
2025-12-25 06:37:18 [tracker] [s6] onset t=126.257 env=0.00967 gate=0.00050 envDelta=0.00917 envFloor=0.00200 onset=0.813 thresh=0.100 onsetDelta=0.71273 baseline=0.00200 lastPeak=0.00000 guard=0.060 activeAge=-1.000 pitch=213.96Hz pitchCents=-748.2
2025-12-25 06:37:18 [tracker] [s1] aubio-raw t=126.2655 onset=1.075929 env=0.011947 peak=0.020478 gain=1.000
2025-12-25 06:37:18 [tracker] [s1] onset-accepted t=126.2655 env=0.011947 gate=0.000055 envDelta=0.011892 envFloor=0.001000 onset=1.075929 thresh=0.100000 onsetDelta=0.975929 baseline=0.001000 lastPeak=0.000000 baseParam=0.001000 gateRatio=0.0550 envParam=0.000450 retriggerScale=1.400 guard=0.060 guardRemain=0.000 activeAge=-1.000 retrigRemain=0.000 pitchHz=-1.00 pitchCents=0.0
2025-12-25 06:37:18 [tracker] [s1] onset t=126.265 env=0.01195 gate=0.00006 envDelta=0.01189 envFloor=0.00100 onset=1.076 thresh=0.100 onsetDelta=0.97593 baseline=0.00100 lastPeak=0.00000 guard=0.060 activeAge=-1.000 pitch=-1.00Hz pitchCents=0.0
2025-12-25 06:37:18 [tracker] [s2] onset t=126.295 env=0.12812 gate=0.00001 envDelta=0.12811 envFloor=0.00120 onset=1.216 thresh=0.100 onsetDelta=1.11623 baseline=0.00120 lastPeak=0.00000 guard=0.060 activeAge=-1.000 pitch=-1.00Hz pitchCents=0.0
2025-12-25 06:37:18 [tracker] [s3] onset t=126.303 env=0.09453 gate=0.00018 envDelta=0.09434 envFloor=0.00140 onset=0.968 thresh=0.100 onsetDelta=0.86796 baseline=0.00140 lastPeak=0.00000 guard=0.060 activeAge=-1.000 pitch=114.29Hz pitchCents=-433.8
2025-12-25 06:37:18 [tracker] [s4] onset t=126.311 env=0.11852 gate=0.00027 envDelta=0.11825 envFloor=0.00160 onset=0.720 thresh=0.100 onsetDelta=0.62030 baseline=0.00160 lastPeak=0.00000 guard=0.060 activeAge=-1.000 pitch=101.23Hz pitchCents=-1143.8
2025-12-25 06:37:18 [tracker] [s5] onset t=126.311 env=0.00628 gate=0.00038 envDelta=0.00590 envFloor=0.00180 onset=0.968 thresh=0.100 onsetDelta=0.86830 baseline=0.00180 lastPeak=0.00000 guard=0.060 activeAge=-1.000 pitch=307.55Hz pitchCents=380.0
2025-12-25 06:37:19 [tracker] [s2] onset t=126.415 env=0.05975 gate=0.00001 envDelta=0.05974 envFloor=0.00120 onset=0.774 thresh=0.100 onsetDelta=0.67428 baseline=0.00120 lastPeak=0.00000 guard=0.060 activeAge=-1.000 pitch=147.82Hz pitchCents=511.7
2025-12-25 06:37:19 [tracker] [s2] note-start t=126.415 fret=5 midi=50 vel=0.72 env=0.05975
2025-12-25 06:37:19 [detection]      S2F5 ON (onset=0.774 env=0.0598)
2025-12-25 06:37:19 [tracker] [s3] onset t=126.482 env=0.06496 gate=0.00018 envDelta=0.06478 envFloor=0.00140 onset=1.313 thresh=0.100 onsetDelta=1.21324 baseline=0.00140 lastPeak=0.00000 guard=0.060 activeAge=-1.000 pitch=220.19Hz pitchCents=701.5
2025-12-25 06:37:19 [tracker] [s3] note-start t=126.482 fret=7 midi=57 vel=0.78 env=0.06496
2025-12-25 06:37:19 [detection]      S3F7 ON (onset=1.313 env=0.0650)
2025-12-25 06:37:19 [tracker] [s5] onset t=126.498 env=0.00461 gate=0.00038 envDelta=0.00423 envFloor=0.00180 onset=0.916 thresh=0.100 onsetDelta=0.81635 baseline=0.00180 lastPeak=0.00000 guard=0.060 activeAge=-1.000 pitch=444.51Hz pitchCents=1017.7
2025-12-25 06:37:19 [tracker] [s4] onset t=126.500 env=0.07278 gate=0.00027 envDelta=0.07250 envFloor=0.00160 onset=0.809 thresh=0.100 onsetDelta=0.70913 baseline=0.00160 lastPeak=0.00000 guard=0.060 activeAge=-1.000 pitch=297.16Hz pitchCents=720.5
2025-12-25 06:37:19 [tracker] [s4] note-start t=126.500 fret=7 midi=62 vel=0.87 env=0.07278
2025-12-25 06:37:19 [detection]      S4F7 ON (onset=0.809 env=0.0728)
2025-12-25 06:37:19 [tracker] [s3] release-sharp-drop t=126.594 avgEnv=0.00136 peak=0.05263 ratio=0.03 floor=0.00140
2025-12-25 06:37:19 [detection]      S3F7 OFF (sharp-drop: 0.0526 -> 0.0014)
2025-12-25 06:37:19 [tracker] [s3] note-ended t=126.594 fret=7 dur=0.112
2025-12-25 06:37:19 [tracker] [s2] release-sharp-drop t=126.599 avgEnv=0.00172 peak=0.04228 ratio=0.04 floor=0.00180
2025-12-25 06:37:19 [detection]      S2F5 OFF (sharp-drop: 0.0423 -> 0.0017)
2025-12-25 06:37:19 [tracker] [s2] note-ended t=126.599 fret=5 dur=0.184
2025-12-25 06:37:19 [tracker] [s4] release-sharp-drop t=126.631 avgEnv=0.00160 peak=0.05693 ratio=0.03 floor=0.00160
2025-12-25 06:37:19 [detection]      S4F7 OFF (sharp-drop: 0.0569 -> 0.0016)
2025-12-25 06:37:19 [tracker] [s4] note-ended t=126.631 fret=7 dur=0.131
2025-12-25 06:37:29 [tracker] [s2] onset t=137.224 env=0.12514 gate=0.00001 envDelta=0.12513 envFloor=0.00120 onset=0.962 thresh=0.100 onsetDelta=0.86203 baseline=0.00120 lastPeak=0.00000 guard=0.060 activeAge=-1.000 pitch=-1.00Hz pitchCents=0.0
2025-12-25 06:37:29 [tracker] [s3] onset t=137.230 env=0.06745 gate=0.00018 envDelta=0.06727 envFloor=0.00140 onset=0.641 thresh=0.100 onsetDelta=0.54117 baseline=0.00140 lastPeak=0.00000 guard=0.060 activeAge=-1.000 pitch=93.93Hz pitchCents=-773.4
2025-12-25 06:37:29 [tracker] [s4] onset t=137.238 env=0.51907 gate=0.00027 envDelta=0.51879 envFloor=0.00160 onset=0.566 thresh=0.100 onsetDelta=0.46605 baseline=0.00160 lastPeak=0.00000 guard=0.060 activeAge=-1.000 pitch=-1.00Hz pitchCents=0.0
2025-12-25 06:37:29 [tracker] [s5] onset t=137.240 env=0.43395 gate=0.00038 envDelta=0.43357 envFloor=0.00180 onset=0.821 thresh=0.100 onsetDelta=0.72105 baseline=0.00180 lastPeak=0.00000 guard=0.060 activeAge=-1.000 pitch=1682.85Hz pitchCents=3322.4
2025-12-25 06:37:29 [tracker] [s6] onset t=137.246 env=0.26851 gate=0.00050 envDelta=0.26801 envFloor=0.00200 onset=0.950 thresh=0.100 onsetDelta=0.84955 baseline=0.00200 lastPeak=0.00000 guard=0.060 activeAge=-1.000 pitch=205.77Hz pitchCents=-815.7
2025-12-25 06:37:30 [tracker] [s4] onset t=137.371 env=0.17395 gate=0.00027 envDelta=0.17368 envFloor=0.00160 onset=0.857 thresh=0.100 onsetDelta=0.75669 baseline=0.00160 lastPeak=0.00000 guard=0.060 activeAge=-1.000 pitch=299.05Hz pitchCents=731.4
2025-12-25 06:37:30 [tracker] [s4] note-start t=137.371 fret=7 midi=62 vel=1.00 env=0.17395
2025-12-25 06:37:30 [detection]      S4F7 ON (onset=0.857 env=0.1739)
2025-12-25 06:37:30 [tracker] [s5] onset t=137.377 env=0.01029 gate=0.00038 envDelta=0.00991 envFloor=0.00180 onset=0.954 thresh=0.100 onsetDelta=0.85447 baseline=0.00180 lastPeak=0.00000 guard=0.060 activeAge=-1.000 pitch=-1.00Hz pitchCents=0.0
2025-12-25 06:37:30 [tracker] [s6] onset t=137.438 env=0.00554 gate=0.00050 envDelta=0.00504 envFloor=0.00200 onset=1.168 thresh=0.100 onsetDelta=1.06778 baseline=0.00200 lastPeak=0.00000 guard=0.060 activeAge=-1.000 pitch=-1.00Hz pitchCents=0.0
2025-12-25 06:37:30 [tracker] [s5] onset t=137.475 env=0.00759 gate=0.00038 envDelta=0.00721 envFloor=0.00180 onset=1.047 thresh=0.100 onsetDelta=0.94662 baseline=0.00180 lastPeak=0.00000 guard=0.060 activeAge=-1.000 pitch=-1.00Hz pitchCents=0.0
2025-12-25 06:37:30 [tracker] [s3] onset t=137.491 env=0.01017 gate=0.00018 envDelta=0.00999 envFloor=0.00140 onset=1.259 thresh=0.100 onsetDelta=1.15929 baseline=0.00140 lastPeak=0.00000 guard=0.060 activeAge=-1.000 pitch=228.07Hz pitchCents=762.4
2025-12-25 06:37:30 [tracker] [s2] onset t=137.529 env=0.01263 gate=0.00001 envDelta=0.01262 envFloor=0.00120 onset=0.870 thresh=0.100 onsetDelta=0.76981 baseline=0.00120 lastPeak=0.00000 guard=0.060 activeAge=-1.000 pitch=147.25Hz pitchCents=504.9
2025-12-25 06:37:30 [tracker] [s2] note-start t=137.529 fret=5 midi=50 vel=0.15 env=0.01263
2025-12-25 06:37:30 [detection]      S2F5 ON (onset=0.870 env=0.0126)
2025-12-25 06:37:30 [tracker] [s2] release-sharp-drop t=137.574 avgEnv=0.00070 peak=0.01160 ratio=0.06 floor=0.00180
2025-12-25 06:37:30 [detection]      S2F5 OFF (sharp-drop: 0.0116 -> 0.0007)
2025-12-25 06:37:30 [tracker] [s2] note-ended t=137.574 fret=5 dur=0.045
2025-12-25 06:37:30 [tracker] [s4] release-sharp-drop t=137.612 avgEnv=0.00158 peak=0.11079 ratio=0.01 floor=0.00160
2025-12-25 06:37:30 [detection]      S4F7 OFF (sharp-drop: 0.1108 -> 0.0016)
2025-12-25 06:37:30 [tracker] [s4] note-ended t=137.612 fret=7 dur=0.240
2025-12-25 06:37:50 [tracker] [s5] onset t=158.285 env=0.00202 gate=0.00038 envDelta=0.00164 envFloor=0.00180 onset=0.624 thresh=0.100 onsetDelta=0.52393 baseline=0.00180 lastPeak=0.00000 guard=0.060 activeAge=-1.000 pitch=-1.00Hz pitchCents=0.0
2025-12-25 06:37:51 [tracker] [s5] onset t=158.400 env=0.00650 gate=0.00038 envDelta=0.00612 envFloor=0.00180 onset=1.385 thresh=0.100 onsetDelta=1.28462 baseline=0.00180 lastPeak=0.00000 guard=0.060 activeAge=-1.000 pitch=-1.00Hz pitchCents=0.0
2025-12-25 06:37:51 [tracker] [s4] onset t=158.688 env=0.00992 gate=0.00027 envDelta=0.00965 envFloor=0.00160 onset=1.017 thresh=0.100 onsetDelta=0.91739 baseline=0.00160 lastPeak=0.00000 guard=0.060 activeAge=-1.000 pitch=-1.00Hz pitchCents=0.0
2025-12-25 06:37:51 [tracker] [s3] onset t=158.707 env=0.00433 gate=0.00018 envDelta=0.00415 envFloor=0.00140 onset=1.036 thresh=0.100 onsetDelta=0.93585 baseline=0.00140 lastPeak=0.00000 guard=0.060 activeAge=-1.000 pitch=-1.00Hz pitchCents=0.0
2025-12-25 06:37:51 [tracker] [s6] onset t=158.902 env=0.05585 gate=0.00050 envDelta=0.05535 envFloor=0.00200 onset=1.445 thresh=0.100 onsetDelta=1.34476 baseline=0.00200 lastPeak=0.00000 guard=0.060 activeAge=-1.000 pitch=-1.00Hz pitchCents=0.0
2025-12-25 06:37:51 [tracker] [s5] onset t=158.912 env=0.00671 gate=0.00038 envDelta=0.00633 envFloor=0.00180 onset=0.608 thresh=0.100 onsetDelta=0.50762 baseline=0.00180 lastPeak=0.00000 guard=0.060 activeAge=-1.000 pitch=258.04Hz pitchCents=76.1
2025-12-25 06:37:51 [tracker] [s4] onset t=158.950 env=0.01918 gate=0.00027 envDelta=0.01891 envFloor=0.00160 onset=0.627 thresh=0.100 onsetDelta=0.52728 baseline=0.00160 lastPeak=0.00000 guard=0.060 activeAge=-1.000 pitch=296.20Hz pitchCents=714.9
2025-12-25 06:37:51 [tracker] [s5] onset t=159.187 env=0.00994 gate=0.00038 envDelta=0.00957 envFloor=0.00180 onset=0.844 thresh=0.100 onsetDelta=0.74416 baseline=0.00180 lastPeak=0.00000 guard=0.060 activeAge=-1.000 pitch=354.23Hz pitchCents=624.6
2025-12-25 06:37:51 [tracker] [s5] onset t=159.246 env=0.09968 gate=0.00038 envDelta=0.09931 envFloor=0.00180 onset=0.612 thresh=0.100 onsetDelta=0.51219 baseline=0.00180 lastPeak=0.00000 guard=0.060 activeAge=-1.000 pitch=256.43Hz pitchCents=65.3
2025-12-25 06:37:51 [tracker] [s4] onset t=159.252 env=0.03054 gate=0.00027 envDelta=0.03027 envFloor=0.00160 onset=0.966 thresh=0.100 onsetDelta=0.86591 baseline=0.00160 lastPeak=0.00000 guard=0.060 activeAge=-1.000 pitch=-1.00Hz pitchCents=0.0
2025-12-25 06:37:51 [tracker] [s5] onset t=159.321 env=0.08800 gate=0.00038 envDelta=0.08762 envFloor=0.00180 onset=1.002 thresh=0.100 onsetDelta=0.90206 baseline=0.00180 lastPeak=0.00000 guard=0.060 activeAge=-1.000 pitch=372.14Hz pitchCents=710.0
2025-12-25 06:37:51 [tracker] [s5] note-start t=159.321 fret=7 midi=66 vel=1.00 env=0.08800
2025-12-25 06:37:51 [detection]      S5F7 ON (onset=1.002 env=0.0880)
2025-12-25 06:37:51 [tracker] [s4] onset t=159.369 env=0.00343 gate=0.00027 envDelta=0.00316 envFloor=0.00160 onset=1.391 thresh=0.100 onsetDelta=1.29092 baseline=0.00160 lastPeak=0.00000 guard=0.060 activeAge=-1.000 pitch=-1.00Hz pitchCents=0.0
2025-12-25 06:37:52 [tracker] [s5] release-sharp-drop t=159.924 avgEnv=0.00143 peak=0.02835 ratio=0.05 floor=0.00180
2025-12-25 06:37:52 [detection]      S5F7 OFF (sharp-drop: 0.0283 -> 0.0014)
2025-12-25 06:37:53 [tracker] [s1] aubio-raw t=160.9418 onset=1.078297 env=0.002676 peak=0.003934 gain=1.000
2025-12-25 06:37:53 [tracker] [s1] onset-accepted t=160.9418 env=0.002676 gate=0.000055 envDelta=0.002621 envFloor=0.001000 onset=1.078297 thresh=0.100000 onsetDelta=0.978297 baseline=0.001000 lastPeak=0.000000 baseParam=0.001000 gateRatio=0.0550 envParam=0.000450 retriggerScale=1.400 guard=0.060 guardRemain=0.000 activeAge=-1.000 retrigRemain=0.000 pitchHz=93.93 pitchCents=226.6
2025-12-25 06:37:53 [tracker] [s1] onset t=160.942 env=0.00268 gate=0.00006 envDelta=0.00262 envFloor=0.00100 onset=1.078 thresh=0.100 onsetDelta=0.97830 baseline=0.00100 lastPeak=0.00000 guard=0.060 activeAge=-1.000 pitch=93.93Hz pitchCents=226.6
2025-12-25 06:37:53 [tracker] [s1] note-start t=160.942 fret=2 midi=42 vel=0.03 env=0.00268
2025-12-25 06:37:53 [detection]      S1F2 ON (onset=1.078 env=0.0027)
2025-12-25 06:37:54 [tracker] [s6] onset t=161.436 env=0.00851 gate=0.00050 envDelta=0.00801 envFloor=0.00200 onset=0.984 thresh=0.100 onsetDelta=0.88389 baseline=0.00200 lastPeak=0.00000 guard=0.060 activeAge=-1.000 pitch=-1.00Hz pitchCents=0.0
2025-12-25 06:37:54 [tracker] [s1] release-quiet t=161.508 avgEnv=0.00042 floor=0.00100 quietFrames=8
2025-12-25 06:37:54 [detection]      S1F2 OFF (sustained-quiet: avgEnv=0.0004 < floor=0.0010)
2025-12-25 06:37:54 [tracker] [s1] note-ended t=161.508 fret=2 dur=0.566
2025-12-25 06:37:54 [tracker] [s4] onset t=161.799 env=0.00416 gate=0.00027 envDelta=0.00389 envFloor=0.00160 onset=1.497 thresh=0.100 onsetDelta=1.39671 baseline=0.00160 lastPeak=0.00000 guard=0.060 activeAge=-1.000 pitch=-1.00Hz pitchCents=0.0
2025-12-25 06:37:54 [tracker] [s4] onset t=161.898 env=0.04594 gate=0.00027 envDelta=0.04567 envFloor=0.00160 onset=1.128 thresh=0.100 onsetDelta=1.02810 baseline=0.00160 lastPeak=0.00000 guard=0.060 activeAge=-1.000 pitch=296.06Hz pitchCents=714.0
2025-12-25 06:37:54 [detection]      S4F7 ON (onset=1.128 env=0.0459)
2025-12-25 06:37:54 [tracker] [s5] onset t=162.055 env=0.00489 gate=0.00038 envDelta=0.00451 envFloor=0.00180 onset=0.896 thresh=0.100 onsetDelta=0.79554 baseline=0.00180 lastPeak=0.00052 guard=0.060 activeAge=-1.000 pitch=-1.00Hz pitchCents=0.0
2025-12-25 06:37:54 [tracker] [s4] release-sharp-drop t=162.272 avgEnv=0.00146 peak=0.02277 ratio=0.06 floor=0.00160
2025-12-25 06:37:54 [detection]      S4F7 OFF (sharp-drop: 0.0228 -> 0.0015)
2025-12-25 06:37:54 [tracker] [s5] onset t=162.272 env=0.00492 gate=0.00038 envDelta=0.00454 envFloor=0.00180 onset=1.329 thresh=0.100 onsetDelta=1.22880 baseline=0.00180 lastPeak=0.00035 guard=0.060 activeAge=-1.000 pitch=354.39Hz pitchCents=625.4
2025-12-25 06:37:55 [tracker] [s5] onset t=162.405 env=0.02607 gate=0.00038 envDelta=0.02569 envFloor=0.00180 onset=0.989 thresh=0.100 onsetDelta=0.88900 baseline=0.00180 lastPeak=0.00027 guard=0.060 activeAge=-1.000 pitch=398.37Hz pitchCents=827.9
2025-12-25 06:37:55 [tracker] [s5] onset t=162.544 env=0.00580 gate=0.00038 envDelta=0.00542 envFloor=0.00180 onset=0.959 thresh=0.100 onsetDelta=0.85941 baseline=0.00180 lastPeak=0.00021 guard=0.060 activeAge=-1.000 pitch=398.62Hz pitchCents=829.0
2025-12-25 06:37:55 [tracker] [s5] note-start t=162.544 fret=8 midi=67 vel=0.07 env=0.00580
2025-12-25 06:37:55 [detection]      S5F8 ON (onset=0.959 env=0.0058)
2025-12-25 06:37:55 [tracker] [s5] release-quiet t=162.926 avgEnv=0.00103 floor=0.00180 quietFrames=8
2025-12-25 06:37:55 [detection]      S5F8 OFF (sustained-quiet: avgEnv=0.0010 < floor=0.0018)
2025-12-25 06:37:55 [tracker] [s5] note-ended t=162.926 fret=8 dur=0.382
2025-12-25 06:37:56 [tracker] [s4] onset t=163.812 env=0.07778 gate=0.00027 envDelta=0.07750 envFloor=0.00160 onset=0.651 thresh=0.100 onsetDelta=0.55111 baseline=0.00160 lastPeak=0.00126 guard=0.060 activeAge=-1.000 pitch=228.72Hz pitchCents=267.3
2025-12-25 06:37:56 [tracker] [s4] onset t=164.160 env=0.03171 gate=0.00027 envDelta=0.03143 envFloor=0.00160 onset=0.778 thresh=0.100 onsetDelta=0.67762 baseline=0.00160 lastPeak=0.00066 guard=0.060 activeAge=-1.000 pitch=295.94Hz pitchCents=713.4
2025-12-25 06:37:56 [detection]      S4F7 ON (onset=0.778 env=0.0317)
2025-12-25 06:37:56 [tracker] [s5] onset t=164.168 env=0.05038 gate=0.00038 envDelta=0.05000 envFloor=0.00180 onset=1.420 thresh=0.100 onsetDelta=1.31960 baseline=0.00180 lastPeak=0.00028 guard=0.060 activeAge=-1.000 pitch=726.27Hz pitchCents=1867.6
2025-12-25 06:37:56 [tracker] [s5] onset t=164.234 env=0.03511 gate=0.00038 envDelta=0.03473 envFloor=0.00180 onset=0.995 thresh=0.100 onsetDelta=0.89503 baseline=0.00180 lastPeak=0.00024 guard=0.060 activeAge=-1.000 pitch=362.62Hz pitchCents=665.1
2025-12-25 06:37:56 [tracker] [s5] note-start t=164.234 fret=7 midi=66 vel=0.42 env=0.03511
2025-12-25 06:37:56 [detection]      S5F7 ON (onset=0.995 env=0.0351)
2025-12-25 06:37:56 [tracker] [s4] release-sharp-drop t=164.298 avgEnv=0.00153 peak=0.02443 ratio=0.06 floor=0.00160
2025-12-25 06:37:56 [detection]      S4F7 OFF (sharp-drop: 0.0244 -> 0.0015)
2025-12-25 06:37:56 [tracker] [s4] note-ended t=164.298 fret=7 dur=0.139
2025-12-25 06:37:57 [tracker] [s5] release-sharp-drop t=164.403 avgEnv=0.00165 peak=0.02560 ratio=0.06 floor=0.00180
2025-12-25 06:37:57 [detection]      S5F7 OFF (sharp-drop: 0.0256 -> 0.0016)
2025-12-25 06:37:57 [tracker] [s5] note-ended t=164.403 fret=7 dur=0.168
2025-12-25 06:37:57 [tracker] [s4] onset t=164.416 env=0.00385 gate=0.00027 envDelta=0.00357 envFloor=0.00160 onset=0.663 thresh=0.100 onsetDelta=0.56274 baseline=0.00160 lastPeak=0.01960 guard=0.060 activeAge=-1.000 pitch=-1.00Hz pitchCents=0.0
2025-12-25 06:37:57 [tracker] [s5] onset t=164.451 env=0.01895 gate=0.00038 envDelta=0.01857 envFloor=0.00180 onset=0.647 thresh=0.100 onsetDelta=0.54658 baseline=0.00180 lastPeak=0.02339 guard=0.060 activeAge=-1.000 pitch=333.33Hz pitchCents=519.4
2025-12-25 06:37:57 [tracker] [s4] onset t=164.475 env=0.00449 gate=0.00027 envDelta=0.00421 envFloor=0.00160 onset=0.615 thresh=0.100 onsetDelta=0.51479 baseline=0.00160 lastPeak=0.01755 guard=0.060 activeAge=-1.000 pitch=-1.00Hz pitchCents=0.0
2025-12-25 06:37:57 [tracker] [s5] onset t=164.595 env=0.02083 gate=0.00038 envDelta=0.02045 envFloor=0.00180 onset=1.466 thresh=0.100 onsetDelta=1.36637 baseline=0.00180 lastPeak=0.01784 guard=0.060 activeAge=-1.000 pitch=371.47Hz pitchCents=706.9
2025-12-25 06:37:57 [tracker] [s5] note-start t=164.595 fret=7 midi=66 vel=0.25 env=0.02083
2025-12-25 06:37:57 [tracker] [s5] release-sharp-drop t=164.707 avgEnv=0.00155 peak=0.01687 ratio=0.09 floor=0.00180
2025-12-25 06:37:57 [detection]      S5F7 OFF (sharp-drop: 0.0169 -> 0.0015)
2025-12-25 06:37:57 [tracker] [s5] note-ended t=164.707 fret=7 dur=0.112
2025-12-25 06:37:57 [tracker] [s5] onset t=164.763 env=0.04716 gate=0.00038 envDelta=0.04678 envFloor=0.00180 onset=0.524 thresh=0.100 onsetDelta=0.42440 baseline=0.00180 lastPeak=0.01519 guard=0.060 activeAge=-1.000 pitch=216.32Hz pitchCents=-229.2
2025-12-25 06:37:57 [tracker] [s5] onset t=164.982 env=0.04238 gate=0.00038 envDelta=0.04201 envFloor=0.00180 onset=0.518 thresh=0.100 onsetDelta=0.41796 baseline=0.00180 lastPeak=0.01007 guard=0.060 activeAge=-1.000 pitch=390.61Hz pitchCents=793.9
2025-12-25 06:37:57 [detection]      S5F8 ON (onset=0.518 env=0.0424)
2025-12-25 06:37:57 [tracker] [s5] release-sharp-drop t=165.094 avgEnv=0.00169 peak=0.03434 ratio=0.05 floor=0.00180
2025-12-25 06:37:57 [detection]      S5F8 OFF (sharp-drop: 0.0343 -> 0.0017)
2025-12-25 06:37:57 [tracker] [s5] note-ended t=165.094 fret=8 dur=0.112
2025-12-25 06:37:59 [tracker] [s4] onset t=166.480 env=0.02333 gate=0.00027 envDelta=0.02306 envFloor=0.00160 onset=0.835 thresh=0.100 onsetDelta=0.73465 baseline=0.00160 lastPeak=0.00041 guard=0.060 activeAge=-1.000 pitch=-1.00Hz pitchCents=0.0
2025-12-25 06:37:59 [tracker] [s5] onset t=166.643 env=0.00321 gate=0.00038 envDelta=0.00283 envFloor=0.00180 onset=1.408 thresh=0.100 onsetDelta=1.30831 baseline=0.00180 lastPeak=0.00188 guard=0.060 activeAge=-1.000 pitch=-1.00Hz pitchCents=0.0
2025-12-25 06:38:00 [tracker] [s6] onset t=167.417 env=0.00336 gate=0.00050 envDelta=0.00286 envFloor=0.00200 onset=1.063 thresh=0.100 onsetDelta=0.96268 baseline=0.00200 lastPeak=0.00000 guard=0.060 activeAge=-1.000 pitch=-1.00Hz pitchCents=0.0
2025-12-25 06:38:04 [tracker] [s1] aubio-raw t=171.9995 onset=0.933870 env=0.003549 peak=0.005731 gain=1.000
2025-12-25 06:38:04 [tracker] [s1] onset-accepted t=171.9995 env=0.003549 gate=0.000055 envDelta=0.003494 envFloor=0.001000 onset=0.933870 thresh=0.100000 onsetDelta=0.833870 baseline=0.001000 lastPeak=0.000000 baseParam=0.001000 gateRatio=0.0550 envParam=0.000450 retriggerScale=1.400 guard=0.060 guardRemain=0.000 activeAge=-1.000 retrigRemain=0.000 pitchHz=-1.00 pitchCents=0.0
2025-12-25 06:38:04 [tracker] [s1] onset t=171.999 env=0.00355 gate=0.00006 envDelta=0.00349 envFloor=0.00100 onset=0.934 thresh=0.100 onsetDelta=0.83387 baseline=0.00100 lastPeak=0.00000 guard=0.060 activeAge=-1.000 pitch=-1.00Hz pitchCents=0.0
2025-12-25 06:38:04 [tracker] [s6] onset t=172.018 env=0.00411 gate=0.00050 envDelta=0.00361 envFloor=0.00200 onset=0.566 thresh=0.100 onsetDelta=0.46627 baseline=0.00200 lastPeak=0.00000 guard=0.060 activeAge=-1.000 pitch=-1.00Hz pitchCents=0.0
2025-12-25 06:38:07 [tracker] [s1] aubio-raw t=174.8273 onset=0.526054 env=0.008626 peak=0.013548 gain=1.000
2025-12-25 06:38:07 [tracker] [s1] onset-accepted t=174.8273 env=0.008626 gate=0.000055 envDelta=0.008571 envFloor=0.001000 onset=0.526054 thresh=0.100000 onsetDelta=0.426054 baseline=0.001000 lastPeak=0.000000 baseParam=0.001000 gateRatio=0.0550 envParam=0.000450 retriggerScale=1.400 guard=0.060 guardRemain=0.000 activeAge=-1.000 retrigRemain=0.000 pitchHz=93.93 pitchCents=226.6
2025-12-25 06:38:07 [tracker] [s1] onset t=174.827 env=0.00863 gate=0.00006 envDelta=0.00857 envFloor=0.00100 onset=0.526 thresh=0.100 onsetDelta=0.42605 baseline=0.00100 lastPeak=0.00000 guard=0.060 activeAge=-1.000 pitch=93.93Hz pitchCents=226.6
2025-12-25 06:38:07 [tracker] [s5] onset t=175.209 env=0.00758 gate=0.00038 envDelta=0.00721 envFloor=0.00180 onset=1.066 thresh=0.100 onsetDelta=0.96558 baseline=0.00180 lastPeak=0.00000 guard=0.060 activeAge=-1.000 pitch=516.57Hz pitchCents=1277.7
2025-12-25 06:38:07 [tracker] [s6] onset t=175.209 env=0.15609 gate=0.00050 envDelta=0.15559 envFloor=0.00200 onset=0.925 thresh=0.100 onsetDelta=0.82509 baseline=0.00200 lastPeak=0.00000 guard=0.060 activeAge=-1.000 pitch=521.07Hz pitchCents=792.8
2025-12-25 06:38:07 [tracker] [s6] onset t=175.287 env=0.09333 gate=0.00050 envDelta=0.09283 envFloor=0.00200 onset=0.877 thresh=0.100 onsetDelta=0.77712 baseline=0.00200 lastPeak=0.00000 guard=0.060 activeAge=-1.000 pitch=596.45Hz pitchCents=1026.7
2025-12-25 06:38:07 [tracker] [s6] onset t=175.343 env=0.08237 gate=0.00050 envDelta=0.08187 envFloor=0.00200 onset=1.375 thresh=0.100 onsetDelta=1.27515 baseline=0.00200 lastPeak=0.00000 guard=0.060 activeAge=-1.000 pitch=619.04Hz pitchCents=1091.0
2025-12-25 06:38:07 [tracker] [s6] note-start t=175.343 fret=11 midi=75 vel=0.99 env=0.08237
2025-12-25 06:38:07 [detection]      S6F11 ON (onset=1.375 env=0.0824)
2025-12-25 06:38:08 [tracker] [s6] release-sharp-drop t=175.476 avgEnv=0.00193 peak=0.06411 ratio=0.03 floor=0.00200
2025-12-25 06:38:08 [detection]      S6F11 OFF (sharp-drop: 0.0641 -> 0.0019)
2025-12-25 06:38:08 [tracker] [s5] onset t=175.741 env=0.01394 gate=0.00038 envDelta=0.01356 envFloor=0.00180 onset=1.226 thresh=0.100 onsetDelta=1.12633 baseline=0.00180 lastPeak=0.00000 guard=0.060 activeAge=-1.000 pitch=281.86Hz pitchCents=229.0
2025-12-25 06:38:08 [tracker] [s6] onset t=175.741 env=0.30097 gate=0.00050 envDelta=0.30047 envFloor=0.00200 onset=1.367 thresh=0.100 onsetDelta=1.26652 baseline=0.00200 lastPeak=0.03903 guard=0.060 activeAge=-1.000 pitch=1994.09Hz pitchCents=3116.2
2025-12-25 06:38:08 [tracker] [s6] note-start t=175.741 fret=24 midi=88 vel=1.00 env=0.30097
2025-12-25 06:38:08 [detection]      S6F24 ON (onset=1.367 env=0.3010)
2025-12-25 06:38:08 [tracker] [s3] onset t=175.743 env=0.00257 gate=0.00018 envDelta=0.00239 envFloor=0.00140 onset=1.160 thresh=0.100 onsetDelta=1.05993 baseline=0.00140 lastPeak=0.00000 guard=0.060 activeAge=-1.000 pitch=-1.00Hz pitchCents=0.0
2025-12-25 06:38:08 [tracker] [s4] onset t=175.746 env=0.00217 gate=0.00027 envDelta=0.00190 envFloor=0.00160 onset=0.906 thresh=0.100 onsetDelta=0.80632 baseline=0.00160 lastPeak=0.00000 guard=0.060 activeAge=-1.000 pitch=-1.00Hz pitchCents=0.0
2025-12-25 06:38:08 [tracker] [s6] release-sharp-drop t=175.997 avgEnv=0.00164 peak=0.18601 ratio=0.01 floor=0.00200
2025-12-25 06:38:08 [detection]      S6F24 OFF (sharp-drop: 0.1860 -> 0.0016)
2025-12-25 06:38:08 [tracker] [s6] note-ended t=175.997 fret=24 dur=0.256
2025-12-25 06:38:08 [tracker] [s5] onset t=176.235 env=0.01220 gate=0.00038 envDelta=0.01182 envFloor=0.00180 onset=0.809 thresh=0.100 onsetDelta=0.70921 baseline=0.00180 lastPeak=0.00000 guard=0.060 activeAge=-1.000 pitch=478.11Hz pitchCents=1143.8
2025-12-25 06:38:08 [tracker] [s6] onset t=176.235 env=0.18620 gate=0.00050 envDelta=0.18570 envFloor=0.00200 onset=0.602 thresh=0.100 onsetDelta=0.50197 baseline=0.00200 lastPeak=0.11907 guard=0.060 activeAge=-1.000 pitch=2000.73Hz pitchCents=3121.9
2025-12-25 06:38:08 [tracker] [s6] onset t=176.309 env=0.15553 gate=0.00050 envDelta=0.15503 envFloor=0.00200 onset=0.997 thresh=0.100 onsetDelta=0.89750 baseline=0.00200 lastPeak=0.10348 guard=0.060 activeAge=-1.000 pitch=466.36Hz pitchCents=600.7
2025-12-25 06:38:08 [tracker] [s6] note-start t=176.309 fret=6 midi=70 vel=1.00 env=0.15553
2025-12-25 06:38:08 [detection]      S6F6 ON (onset=0.997 env=0.1555)
2025-12-25 06:38:09 [tracker] [s5] onset t=176.467 env=0.00445 gate=0.00038 envDelta=0.00407 envFloor=0.00180 onset=1.072 thresh=0.100 onsetDelta=0.97216 baseline=0.00180 lastPeak=0.00000 guard=0.060 activeAge=-1.000 pitch=-1.00Hz pitchCents=0.0
2025-12-25 06:38:09 [tracker] [s6] release-sharp-drop t=176.515 avgEnv=0.00177 peak=0.10573 ratio=0.02 floor=0.00200
2025-12-25 06:38:09 [detection]      S6F6 OFF (sharp-drop: 0.1057 -> 0.0018)
2025-12-25 06:38:09 [tracker] [s6] note-ended t=176.515 fret=6 dur=0.206
2025-12-25 06:38:09 [tracker] [s5] onset t=176.547 env=0.11925 gate=0.00038 envDelta=0.11888 envFloor=0.00180 onset=0.696 thresh=0.100 onsetDelta=0.59637 baseline=0.00180 lastPeak=0.00000 guard=0.060 activeAge=-1.000 pitch=391.62Hz pitchCents=798.3
2025-12-25 06:38:09 [tracker] [s4] onset t=176.550 env=0.00673 gate=0.00027 envDelta=0.00646 envFloor=0.00160 onset=0.653 thresh=0.100 onsetDelta=0.55316 baseline=0.00160 lastPeak=0.00000 guard=0.060 activeAge=-1.000 pitch=-1.00Hz pitchCents=0.0
2025-12-25 06:38:09 [tracker] [s5] onset t=176.648 env=0.10782 gate=0.00038 envDelta=0.10745 envFloor=0.00180 onset=0.998 thresh=0.100 onsetDelta=0.89784 baseline=0.00180 lastPeak=0.00000 guard=0.060 activeAge=-1.000 pitch=393.63Hz pitchCents=807.2
2025-12-25 06:38:09 [detection]      S5F8 ON (onset=0.998 env=0.1078)
2025-12-25 06:38:09 [tracker] [s4] onset t=176.801 env=0.01620 gate=0.00027 envDelta=0.01593 envFloor=0.00160 onset=1.217 thresh=0.100 onsetDelta=1.11739 baseline=0.00160 lastPeak=0.00000 guard=0.060 activeAge=-1.000 pitch=242.57Hz pitchCents=369.1
2025-12-25 06:38:09 [tracker] [s3] onset t=176.806 env=0.00309 gate=0.00018 envDelta=0.00291 envFloor=0.00140 onset=1.080 thresh=0.100 onsetDelta=0.98026 baseline=0.00140 lastPeak=0.00000 guard=0.060 activeAge=-1.000 pitch=-1.00Hz pitchCents=0.0
2025-12-25 06:38:09 [tracker] [s5] release-sharp-drop t=176.830 avgEnv=0.00153 peak=0.07668 ratio=0.02 floor=0.00180
2025-12-25 06:38:09 [detection]      S5F8 OFF (sharp-drop: 0.0767 -> 0.0015)
2025-12-25 06:38:09 [tracker] [s5] note-ended t=176.830 fret=8 dur=0.182
2025-12-25 06:38:10 [tracker] [s3] onset t=177.546 env=0.09811 gate=0.00018 envDelta=0.09793 envFloor=0.00140 onset=0.966 thresh=0.100 onsetDelta=0.86578 baseline=0.00140 lastPeak=0.00000 guard=0.060 activeAge=-1.000 pitch=-1.00Hz pitchCents=0.0
2025-12-25 06:38:10 [tracker] [s5] onset t=177.757 env=0.02869 gate=0.00038 envDelta=0.02831 envFloor=0.00180 onset=1.398 thresh=0.100 onsetDelta=1.29779 baseline=0.00180 lastPeak=0.01347 guard=0.060 activeAge=-1.000 pitch=-1.00Hz pitchCents=0.0
2025-12-25 06:38:10 [tracker] [s4] onset t=177.770 env=0.00402 gate=0.00027 envDelta=0.00375 envFloor=0.00160 onset=0.813 thresh=0.100 onsetDelta=0.71298 baseline=0.00160 lastPeak=0.00000 guard=0.060 activeAge=-1.000 pitch=-1.00Hz pitchCents=0.0
2025-12-25 06:38:10 [tracker] [s3] onset t=177.775 env=0.04071 gate=0.00018 envDelta=0.04053 envFloor=0.00140 onset=1.360 thresh=0.100 onsetDelta=1.26003 baseline=0.00140 lastPeak=0.00000 guard=0.060 activeAge=-1.000 pitch=242.01Hz pitchCents=865.1
2025-12-25 06:38:10 [tracker] [s3] note-start t=177.775 fret=9 midi=59 vel=0.49 env=0.04071
2025-12-25 06:38:10 [detection]      S3F9 ON (onset=1.360 env=0.0407)
2025-12-25 06:38:10 [tracker] [s4] onset t=177.823 env=0.08931 gate=0.00027 envDelta=0.08904 envFloor=0.00160 onset=1.293 thresh=0.100 onsetDelta=1.19254 baseline=0.00160 lastPeak=0.00000 guard=0.060 activeAge=-1.000 pitch=-1.00Hz pitchCents=0.0
2025-12-25 06:38:10 [tracker] [s3] release-sharp-drop t=177.960 avgEnv=0.00134 peak=0.02881 ratio=0.05 floor=0.00140
2025-12-25 06:38:10 [detection]      S3F9 OFF (sharp-drop: 0.0288 -> 0.0013)
2025-12-25 06:38:10 [tracker] [s3] note-ended t=177.960 fret=9 dur=0.184
2025-12-25 06:38:10 [tracker] [s5] onset t=178.010 env=0.00553 gate=0.00038 envDelta=0.00515 envFloor=0.00180 onset=1.322 thresh=0.100 onsetDelta=1.22159 baseline=0.00180 lastPeak=0.00837 guard=0.060 activeAge=-1.000 pitch=250.00Hz pitchCents=21.3
2025-12-25 06:38:10 [tracker] [s4] onset t=178.058 env=0.04369 gate=0.00027 envDelta=0.04341 envFloor=0.00160 onset=0.719 thresh=0.100 onsetDelta=0.61870 baseline=0.00160 lastPeak=0.00000 guard=0.060 activeAge=-1.000 pitch=310.83Hz pitchCents=798.3
2025-12-25 06:38:10 [tracker] [s4] note-start t=178.058 fret=8 midi=63 vel=0.52 env=0.04369
2025-12-25 06:38:10 [detection]      S4F8 ON (onset=0.719 env=0.0437)
2025-12-25 06:38:10 [tracker] [s5] onset t=178.240 env=0.10936 gate=0.00038 envDelta=0.10898 envFloor=0.00180 onset=0.648 thresh=0.100 onsetDelta=0.54770 baseline=0.00180 lastPeak=0.00544 guard=0.060 activeAge=-1.000 pitch=389.53Hz pitchCents=789.1
2025-12-25 06:38:10 [detection]      S5F8 ON (onset=0.648 env=0.1094)
2025-12-25 06:38:10 [tracker] [s4] release-sharp-drop t=178.285 avgEnv=0.00131 peak=0.02853 ratio=0.05 floor=0.00160
2025-12-25 06:38:10 [detection]      S4F8 OFF (sharp-drop: 0.0285 -> 0.0013)
2025-12-25 06:38:10 [tracker] [s4] note-ended t=178.285 fret=8 dur=0.227
2025-12-25 06:38:10 [tracker] [s5] release-sharp-drop t=178.328 avgEnv=0.00166 peak=0.09269 ratio=0.02 floor=0.00180
2025-12-25 06:38:10 [detection]      S5F8 OFF (sharp-drop: 0.0927 -> 0.0017)
2025-12-25 06:38:10 [tracker] [s5] note-ended t=178.328 fret=8 dur=0.088
2025-12-25 06:38:11 [tracker] [s3] onset t=178.782 env=0.03940 gate=0.00018 envDelta=0.03922 envFloor=0.00140 onset=1.151 thresh=0.100 onsetDelta=1.05092 baseline=0.00140 lastPeak=0.00615 guard=0.060 activeAge=-1.000 pitch=-1.00Hz pitchCents=0.0
2025-12-25 06:38:11 [tracker] [s3] onset t=178.875 env=0.01784 gate=0.00018 envDelta=0.01766 envFloor=0.00140 onset=0.955 thresh=0.100 onsetDelta=0.85452 baseline=0.00140 lastPeak=0.00516 guard=0.060 activeAge=-1.000 pitch=-1.00Hz pitchCents=0.0
2025-12-25 06:38:11 [tracker] [s4] onset t=178.961 env=0.00294 gate=0.00027 envDelta=0.00267 envFloor=0.00160 onset=1.008 thresh=0.100 onsetDelta=0.90804 baseline=0.00160 lastPeak=0.00803 guard=0.060 activeAge=-1.000 pitch=-1.00Hz pitchCents=0.0
2025-12-25 06:38:11 [tracker] [s3] onset t=178.993 env=0.02363 gate=0.00018 envDelta=0.02345 envFloor=0.00140 onset=1.112 thresh=0.100 onsetDelta=1.01240 baseline=0.00140 lastPeak=0.00414 guard=0.060 activeAge=-1.000 pitch=-1.00Hz pitchCents=0.0
2025-12-25 06:38:11 [tracker] [s4] onset t=179.062 env=0.03680 gate=0.00027 envDelta=0.03653 envFloor=0.00160 onset=0.998 thresh=0.100 onsetDelta=0.89753 baseline=0.00160 lastPeak=0.00663 guard=0.060 activeAge=-1.000 pitch=307.06Hz pitchCents=777.2
2025-12-25 06:38:11 [detection]      S4F8 ON (onset=0.998 env=0.0368)
2025-12-25 06:38:11 [tracker] [s5] onset t=179.153 env=0.00445 gate=0.00038 envDelta=0.00407 envFloor=0.00180 onset=1.093 thresh=0.100 onsetDelta=0.99345 baseline=0.00180 lastPeak=0.01970 guard=0.060 activeAge=-1.000 pitch=-1.00Hz pitchCents=0.0
2025-12-25 06:38:11 [tracker] [s5] onset t=179.348 env=0.08270 gate=0.00038 envDelta=0.08232 envFloor=0.00180 onset=0.973 thresh=0.100 onsetDelta=0.87290 baseline=0.00180 lastPeak=0.01366 guard=0.060 activeAge=-1.000 pitch=391.90Hz pitchCents=799.6
2025-12-25 06:38:11 [detection]      S5F8 ON (onset=0.973 env=0.0827)
2025-12-25 06:38:11 [tracker] [s4] release-sharp-drop t=179.391 avgEnv=0.00147 peak=0.01987 ratio=0.07 floor=0.00160
2025-12-25 06:38:11 [detection]      S4F8 OFF (sharp-drop: 0.0199 -> 0.0015)
2025-12-25 06:38:11 [tracker] [s4] note-ended t=179.391 fret=8 dur=0.328
2025-12-25 06:38:11 [tracker] [s5] release-sharp-drop t=179.410 avgEnv=0.00153 peak=0.07369 ratio=0.02 floor=0.00180
2025-12-25 06:38:11 [detection]      S5F8 OFF (sharp-drop: 0.0737 -> 0.0015)
2025-12-25 06:38:12 [tracker] [s3] onset t=179.661 env=0.05516 gate=0.00018 envDelta=0.05498 envFloor=0.00140 onset=0.557 thresh=0.100 onsetDelta=0.45729 baseline=0.00140 lastPeak=0.00118 guard=0.060 activeAge=-1.000 pitch=108.11Hz pitchCents=-530.0
2025-12-25 06:38:12 [tracker] [s4] onset t=179.826 env=0.00384 gate=0.00027 envDelta=0.00357 envFloor=0.00160 onset=1.039 thresh=0.100 onsetDelta=0.93892 baseline=0.00160 lastPeak=0.00878 guard=0.060 activeAge=-1.000 pitch=-1.00Hz pitchCents=0.0
2025-12-25 06:38:12 [tracker] [s3] onset t=179.882 env=0.00599 gate=0.00018 envDelta=0.00580 envFloor=0.00140 onset=1.070 thresh=0.100 onsetDelta=0.96974 baseline=0.00140 lastPeak=0.00078 guard=0.060 activeAge=-1.000 pitch=-1.00Hz pitchCents=0.0
2025-12-25 06:38:12 [tracker] [s4] onset t=179.944 env=0.00759 gate=0.00027 envDelta=0.00732 envFloor=0.00160 onset=1.450 thresh=0.100 onsetDelta=1.34951 baseline=0.00160 lastPeak=0.00704 guard=0.060 activeAge=-1.000 pitch=-1.00Hz pitchCents=0.0
2025-12-25 06:38:12 [tracker] [s5] onset t=180.016 env=0.00853 gate=0.00038 envDelta=0.00815 envFloor=0.00180 onset=0.987 thresh=0.100 onsetDelta=0.88655 baseline=0.00180 lastPeak=0.02362 guard=0.060 activeAge=-1.000 pitch=380.92Hz pitchCents=750.4
2025-12-25 06:38:12 [tracker] [s4] onset t=180.042 env=0.01856 gate=0.00027 envDelta=0.01828 envFloor=0.00160 onset=1.093 thresh=0.100 onsetDelta=0.99325 baseline=0.00160 lastPeak=0.00585 guard=0.060 activeAge=-1.000 pitch=-1.00Hz pitchCents=0.0
2025-12-25 06:38:12 [tracker] [s5] onset t=180.077 env=0.14730 gate=0.00038 envDelta=0.14693 envFloor=0.00180 onset=0.998 thresh=0.100 onsetDelta=0.89791 baseline=0.00180 lastPeak=0.02105 guard=0.060 activeAge=-1.000 pitch=393.37Hz pitchCents=806.1
2025-12-25 06:38:12 [tracker] [s5] note-start t=180.077 fret=8 midi=67 vel=1.00 env=0.14730
2025-12-25 06:38:12 [detection]      S5F8 ON (onset=0.998 env=0.1473)
2025-12-25 06:38:12 [tracker] [s4] onset t=180.101 env=0.01331 gate=0.00027 envDelta=0.01304 envFloor=0.00160 onset=0.952 thresh=0.100 onsetDelta=0.85228 baseline=0.00160 lastPeak=0.00524 guard=0.060 activeAge=-1.000 pitch=346.91Hz pitchCents=988.5
2025-12-25 06:38:12 [tracker] [s5] retrigger-accepted: onset=0.780 gate=0.004 ratio=2.38 (0.0569/0.0239) absFloor=0.0022 age=0.080
2025-12-25 06:38:12 [tracker] [s5] note-ended t=180.157 fret=8 dur=0.080
2025-12-25 06:38:12 [tracker] [s5] onset t=180.219 env=0.09724 gate=0.00038 envDelta=0.09686 envFloor=0.00180 onset=1.285 thresh=0.100 onsetDelta=1.18545 baseline=0.00180 lastPeak=0.11294 guard=0.060 activeAge=-1.000 pitch=391.27Hz pitchCents=796.8
2025-12-25 06:38:12 [detection]      S5F8 ON (onset=1.285 env=0.0972)
2025-12-25 06:38:12 [tracker] [s5] release-sharp-drop t=180.264 avgEnv=0.00155 peak=0.08929 ratio=0.02 floor=0.00180
2025-12-25 06:38:12 [detection]      S5F8 OFF (sharp-drop: 0.0893 -> 0.0015)
2025-12-25 06:38:12 [tracker] [s5] note-ended t=180.264 fret=8 dur=0.045
2025-12-25 06:38:13 [tracker] [s2] onset t=180.774 env=0.00304 gate=0.00001 envDelta=0.00302 envFloor=0.00120 onset=0.996 thresh=0.100 onsetDelta=0.89623 baseline=0.00120 lastPeak=0.00000 guard=0.060 activeAge=-1.000 pitch=-1.00Hz pitchCents=0.0
2025-12-25 06:38:13 [tracker] [s2] onset t=180.827 env=0.02043 gate=0.00001 envDelta=0.02041 envFloor=0.00120 onset=0.925 thresh=0.100 onsetDelta=0.82515 baseline=0.00120 lastPeak=0.00000 guard=0.060 activeAge=-1.000 pitch=-1.00Hz pitchCents=0.0
2025-12-25 06:38:13 [tracker] [s2] onset t=180.953 env=0.09648 gate=0.00001 envDelta=0.09647 envFloor=0.00120 onset=1.470 thresh=0.100 onsetDelta=1.36978 baseline=0.00120 lastPeak=0.00000 guard=0.060 activeAge=-1.000 pitch=156.49Hz pitchCents=610.3
2025-12-25 06:38:13 [tracker] [s2] note-start t=180.953 fret=6 midi=51 vel=1.00 env=0.09648
2025-12-25 06:38:13 [detection]      S2F6 ON (onset=1.470 env=0.0965)
2025-12-25 06:38:13 [tracker] [s2] release-sharp-drop t=181.054 avgEnv=0.00161 peak=0.07975 ratio=0.02 floor=0.00180
2025-12-25 06:38:13 [detection]      S2F6 OFF (sharp-drop: 0.0797 -> 0.0016)
2025-12-25 06:38:13 [tracker] [s2] note-ended t=181.054 fret=6 dur=0.101
2025-12-25 06:38:13 [tracker] [s2] onset t=181.220 env=0.04140 gate=0.00001 envDelta=0.04139 envFloor=0.00120 onset=0.856 thresh=0.100 onsetDelta=0.75614 baseline=0.00120 lastPeak=0.05845 guard=0.060 activeAge=-1.000 pitch=144.89Hz pitchCents=477.0
2025-12-25 06:38:13 [tracker] [s2] onset t=181.313 env=0.07389 gate=0.00001 envDelta=0.07388 envFloor=0.00120 onset=1.055 thresh=0.100 onsetDelta=0.95529 baseline=0.00120 lastPeak=0.04904 guard=0.060 activeAge=-1.000 pitch=156.01Hz pitchCents=605.0
2025-12-25 06:38:13 [tracker] [s2] note-start t=181.313 fret=6 midi=51 vel=0.89 env=0.07389
2025-12-25 06:38:13 [detection]      S2F6 ON (onset=1.055 env=0.0739)
2025-12-25 06:38:13 [tracker] [s3] onset t=181.375 env=0.00250 gate=0.00018 envDelta=0.00231 envFloor=0.00140 onset=0.948 thresh=0.100 onsetDelta=0.84794 baseline=0.00140 lastPeak=0.00005 guard=0.060 activeAge=-1.000 pitch=-1.00Hz pitchCents=0.0
2025-12-25 06:38:14 [tracker] [s3] onset t=181.580 env=0.00305 gate=0.00018 envDelta=0.00287 envFloor=0.00140 onset=0.614 thresh=0.100 onsetDelta=0.51429 baseline=0.00140 lastPeak=0.00003 guard=0.060 activeAge=-1.000 pitch=-1.00Hz pitchCents=0.0
2025-12-25 06:38:14 [tracker] [s4] onset t=181.589 env=0.04177 gate=0.00027 envDelta=0.04150 envFloor=0.00160 onset=0.564 thresh=0.100 onsetDelta=0.46369 baseline=0.00160 lastPeak=0.00032 guard=0.060 activeAge=-1.000 pitch=96.37Hz pitchCents=-1229.0
2025-12-25 06:38:14 [tracker] [s3] onset t=181.639 env=0.09302 gate=0.00018 envDelta=0.09284 envFloor=0.00140 onset=0.605 thresh=0.100 onsetDelta=0.50510 baseline=0.00140 lastPeak=0.00003 guard=0.060 activeAge=-1.000 pitch=210.68Hz pitchCents=625.1
2025-12-25 06:38:14 [tracker] [s2] release-sharp-drop t=181.698 avgEnv=0.00175 peak=0.03590 ratio=0.05 floor=0.00180
2025-12-25 06:38:14 [detection]      S2F6 OFF (sharp-drop: 0.0359 -> 0.0018)
2025-12-25 06:38:14 [tracker] [s2] note-ended t=181.698 fret=6 dur=0.385
2025-12-25 06:38:14 [tracker] [s5] onset t=181.783 env=0.00593 gate=0.00038 envDelta=0.00555 envFloor=0.00180 onset=0.880 thresh=0.100 onsetDelta=0.78015 baseline=0.00180 lastPeak=0.00515 guard=0.060 activeAge=-1.000 pitch=-1.00Hz pitchCents=0.0
2025-12-25 06:38:14 [tracker] [s4] onset t=181.791 env=0.01072 gate=0.00027 envDelta=0.01045 envFloor=0.00160 onset=0.836 thresh=0.100 onsetDelta=0.73600 baseline=0.00160 lastPeak=0.00022 guard=0.060 activeAge=-1.000 pitch=-1.00Hz pitchCents=0.0
2025-12-25 06:38:14 [tracker] [s3] onset t=181.807 env=0.04471 gate=0.00018 envDelta=0.04453 envFloor=0.00140 onset=1.385 thresh=0.100 onsetDelta=1.28538 baseline=0.00140 lastPeak=0.00002 guard=0.060 activeAge=-1.000 pitch=234.96Hz pitchCents=813.9
2025-12-25 06:38:14 [tracker] [s3] note-start t=181.807 fret=8 midi=58 vel=0.54 env=0.04471
2025-12-25 06:38:14 [detection]      S3F8 ON (onset=1.385 env=0.0447)
2025-12-25 06:38:14 [tracker] [s5] onset t=181.840 env=0.07160 gate=0.00038 envDelta=0.07122 envFloor=0.00180 onset=0.902 thresh=0.100 onsetDelta=0.80165 baseline=0.00180 lastPeak=0.00464 guard=0.060 activeAge=-1.000 pitch=736.50Hz pitchCents=1891.8
2025-12-25 06:38:14 [tracker] [s5] note-start t=181.840 fret=19 midi=78 vel=0.86 env=0.07160
2025-12-25 06:38:14 [detection]      S5F19 ON (onset=0.902 env=0.0716)
2025-12-25 06:38:14 [tracker] [s4] onset t=181.850 env=0.08211 gate=0.00027 envDelta=0.08184 envFloor=0.00160 onset=0.781 thresh=0.100 onsetDelta=0.68075 baseline=0.00160 lastPeak=0.00020 guard=0.060 activeAge=-1.000 pitch=298.10Hz pitchCents=725.9
2025-12-25 06:38:14 [detection]      S4F7 ON (onset=0.781 env=0.0821)
2025-12-25 06:38:14 [tracker] [s5] release-sharp-drop t=182.000 avgEnv=0.00166 peak=0.05300 ratio=0.03 floor=0.00180
2025-12-25 06:38:14 [detection]      S5F19 OFF (sharp-drop: 0.0530 -> 0.0017)
2025-12-25 06:38:14 [tracker] [s1] aubio-raw t=182.0211 onset=0.971583 env=0.005909 peak=0.011739 gain=1.000
2025-12-25 06:38:14 [tracker] [s1] onset-accepted t=182.0211 env=0.005909 gate=0.000055 envDelta=0.005854 envFloor=0.001000 onset=0.971583 thresh=0.100000 onsetDelta=0.871583 baseline=0.001000 lastPeak=0.000000 baseParam=0.001000 gateRatio=0.0550 envParam=0.000450 retriggerScale=1.400 guard=0.060 guardRemain=0.000 activeAge=-1.000 retrigRemain=0.000 pitchHz=192.74 pitchCents=1471.0
2025-12-25 06:38:14 [tracker] [s1] onset t=182.021 env=0.00591 gate=0.00006 envDelta=0.00585 envFloor=0.00100 onset=0.972 thresh=0.100 onsetDelta=0.87158 baseline=0.00100 lastPeak=0.00000 guard=0.060 activeAge=-1.000 pitch=192.74Hz pitchCents=1471.0
2025-12-25 06:38:14 [tracker] [s3] release-sharp-drop t=182.050 avgEnv=0.00131 peak=0.02833 ratio=0.05 floor=0.00140
2025-12-25 06:38:14 [detection]      S3F8 OFF (sharp-drop: 0.0283 -> 0.0013)
2025-12-25 06:38:14 [tracker] [s3] note-ended t=182.050 fret=8 dur=0.243
2025-12-25 06:38:14 [tracker] [s4] release-sharp-drop t=182.099 avgEnv=0.00159 peak=0.05152 ratio=0.03 floor=0.00160
2025-12-25 06:38:14 [detection]      S4F7 OFF (sharp-drop: 0.0515 -> 0.0016)
2025-12-25 06:38:14 [tracker] [s4] note-ended t=182.099 fret=7 dur=0.248
2025-12-25 06:38:16 [tracker] [s2] onset t=183.965 env=0.00878 gate=0.00001 envDelta=0.00877 envFloor=0.00120 onset=0.735 thresh=0.100 onsetDelta=0.63519 baseline=0.00120 lastPeak=0.00051 guard=0.060 activeAge=-1.000 pitch=200.63Hz pitchCents=1040.4
2025-12-25 06:38:16 [tracker] [s3] onset t=183.984 env=0.03845 gate=0.00018 envDelta=0.03827 envFloor=0.00140 onset=0.506 thresh=0.100 onsetDelta=0.40609 baseline=0.00140 lastPeak=0.00075 guard=0.060 activeAge=-1.000 pitch=103.89Hz pitchCents=-598.9
2025-12-25 06:38:16 [tracker] [s4] onset t=183.994 env=0.15495 gate=0.00027 envDelta=0.15467 envFloor=0.00160 onset=1.471 thresh=0.100 onsetDelta=1.37135 baseline=0.00160 lastPeak=0.00147 guard=0.060 activeAge=-1.000 pitch=-1.00Hz pitchCents=0.0
2025-12-25 06:38:16 [tracker] [s5] onset t=184.005 env=0.22580 gate=0.00038 envDelta=0.22542 envFloor=0.00180 onset=1.349 thresh=0.100 onsetDelta=1.24887 baseline=0.00180 lastPeak=0.00123 guard=0.060 activeAge=-1.000 pitch=789.76Hz pitchCents=2012.7
2025-12-25 06:38:16 [tracker] [s6] onset t=184.008 env=0.24158 gate=0.00050 envDelta=0.24108 envFloor=0.00200 onset=1.233 thresh=0.100 onsetDelta=1.13281 baseline=0.00200 lastPeak=0.00000 guard=0.060 activeAge=-1.000 pitch=1600.84Hz pitchCents=2735.9
2025-12-25 06:38:16 [tracker] [s3] onset t=184.048 env=0.03546 gate=0.00018 envDelta=0.03527 envFloor=0.00140 onset=1.415 thresh=0.100 onsetDelta=1.31490 baseline=0.00140 lastPeak=0.00067 guard=0.060 activeAge=-1.000 pitch=241.89Hz pitchCents=864.2
2025-12-25 06:38:16 [tracker] [s3] note-start t=184.048 fret=8 midi=58 vel=0.43 env=0.03546
2025-12-25 06:38:16 [detection]      S3F8 ON (onset=1.415 env=0.0355)
2025-12-25 06:38:16 [tracker] [s5] onset t=184.104 env=0.03077 gate=0.00038 envDelta=0.03039 envFloor=0.00180 onset=1.455 thresh=0.100 onsetDelta=1.35492 baseline=0.00180 lastPeak=0.00102 guard=0.060 activeAge=-1.000 pitch=247.04Hz pitchCents=0.7
2025-12-25 06:38:16 [tracker] [s5] note-start t=184.104 fret=0 midi=59 vel=0.37 env=0.03077
2025-12-25 06:38:16 [detection]      S5F0 ON (onset=1.455 env=0.0308)
2025-12-25 06:38:16 [tracker] [s4] onset t=184.192 env=0.05582 gate=0.00027 envDelta=0.05554 envFloor=0.00160 onset=1.376 thresh=0.100 onsetDelta=1.27561 baseline=0.00160 lastPeak=0.00101 guard=0.060 activeAge=-1.000 pitch=296.35Hz pitchCents=715.7
2025-12-25 06:38:16 [detection]      S4F7 ON (onset=1.376 env=0.0558)
2025-12-25 06:38:16 [tracker] [s5] release-sharp-drop t=184.261 avgEnv=0.00164 peak=0.02289 ratio=0.07 floor=0.00180
2025-12-25 06:38:16 [detection]      S5F0 OFF (sharp-drop: 0.0229 -> 0.0016)
2025-12-25 06:38:16 [tracker] [s5] note-ended t=184.261 fret=0 dur=0.158
2025-12-25 06:38:16 [tracker] [s3] release-sharp-drop t=184.328 avgEnv=0.00137 peak=0.02095 ratio=0.07 floor=0.00140
2025-12-25 06:38:16 [detection]      S3F8 OFF (sharp-drop: 0.0209 -> 0.0014)
2025-12-25 06:38:17 [tracker] [s2] onset t=184.627 env=0.01855 gate=0.00001 envDelta=0.01854 envFloor=0.00120 onset=0.869 thresh=0.100 onsetDelta=0.76947 baseline=0.00120 lastPeak=0.00015 guard=0.060 activeAge=-1.000 pitch=93.93Hz pitchCents=-273.4
2025-12-25 06:38:17 [tracker] [s3] onset t=184.633 env=0.11595 gate=0.00018 envDelta=0.11577 envFloor=0.00140 onset=0.944 thresh=0.100 onsetDelta=0.84381 baseline=0.00140 lastPeak=0.01183 guard=0.060 activeAge=-1.000 pitch=839.46Hz pitchCents=3018.3
2025-12-25 06:38:17 [tracker] [s5] onset t=184.654 env=0.12866 gate=0.00038 envDelta=0.12828 envFloor=0.00180 onset=1.208 thresh=0.100 onsetDelta=1.10760 baseline=0.00180 lastPeak=0.01096 guard=0.060 activeAge=-1.000 pitch=1139.90Hz pitchCents=2648.0
2025-12-25 06:38:17 [tracker] [s5] note-start t=184.654 fret=24 midi=83 vel=1.00 env=0.12866
2025-12-25 06:38:17 [detection]      S5F24 ON (onset=1.208 env=0.1287)
2025-12-25 06:38:17 [tracker] [s6] onset t=184.657 env=0.09709 gate=0.00050 envDelta=0.09659 envFloor=0.00200 onset=0.740 thresh=0.100 onsetDelta=0.63980 baseline=0.00200 lastPeak=0.00000 guard=0.060 activeAge=-1.000 pitch=1499.70Hz pitchCents=2622.9
2025-12-25 06:38:17 [tracker] [s2] onset t=184.739 env=0.02537 gate=0.00001 envDelta=0.02536 envFloor=0.00120 onset=0.996 thresh=0.100 onsetDelta=0.89584 baseline=0.00120 lastPeak=0.00012 guard=0.060 activeAge=-1.000 pitch=198.57Hz pitchCents=1022.6
2025-12-25 06:38:17 [tracker] [s2] note-start t=184.739 fret=10 midi=55 vel=0.30 env=0.02537
2025-12-25 06:38:17 [detection]      S2F10 ON (onset=0.996 env=0.0254)
2025-12-25 06:38:17 [tracker] [s6] onset t=184.846 env=0.00287 gate=0.00050 envDelta=0.00237 envFloor=0.00200 onset=1.068 thresh=0.100 onsetDelta=0.96777 baseline=0.00200 lastPeak=0.00000 guard=0.060 activeAge=-1.000 pitch=-1.00Hz pitchCents=0.0
2025-12-25 06:38:17 [tracker] [s1] aubio-raw t=184.8676 onset=1.165658 env=0.004274 peak=0.008181 gain=1.000
2025-12-25 06:38:17 [tracker] [s1] onset-accepted t=184.8676 env=0.004274 gate=0.000055 envDelta=0.004219 envFloor=0.001000 onset=1.165658 thresh=0.100000 onsetDelta=1.065658 baseline=0.001000 lastPeak=0.000000 baseParam=0.001000 gateRatio=0.0550 envParam=0.000450 retriggerScale=1.400 guard=0.060 guardRemain=0.000 activeAge=-1.000 retrigRemain=0.000 pitchHz=-1.00 pitchCents=0.0
2025-12-25 06:38:17 [tracker] [s1] onset t=184.868 env=0.00427 gate=0.00006 envDelta=0.00422 envFloor=0.00100 onset=1.166 thresh=0.100 onsetDelta=1.06566 baseline=0.00100 lastPeak=0.00000 guard=0.060 activeAge=-1.000 pitch=-1.00Hz pitchCents=0.0
2025-12-25 06:38:17 [tracker] [s2] release-sharp-drop t=184.894 avgEnv=0.00151 peak=0.01897 ratio=0.08 floor=0.00180
2025-12-25 06:38:17 [detection]      S2F10 OFF (sharp-drop: 0.0190 -> 0.0015)
2025-12-25 06:38:17 [tracker] [s2] note-ended t=184.894 fret=10 dur=0.155
2025-12-25 06:38:17 [tracker] [s1] aubio-raw t=184.9344 onset=1.430236 env=0.002365 peak=0.004335 gain=1.000
2025-12-25 06:38:17 [tracker] [s1] onset-accepted t=184.9344 env=0.002365 gate=0.000055 envDelta=0.002310 envFloor=0.001000 onset=1.430236 thresh=0.100000 onsetDelta=1.330236 baseline=0.001000 lastPeak=0.000000 baseParam=0.001000 gateRatio=0.0550 envParam=0.000450 retriggerScale=1.400 guard=0.060 guardRemain=0.000 activeAge=-1.000 retrigRemain=0.000 pitchHz=-1.00 pitchCents=0.0
2025-12-25 06:38:17 [tracker] [s1] onset t=184.934 env=0.00236 gate=0.00006 envDelta=0.00231 envFloor=0.00100 onset=1.430 thresh=0.100 onsetDelta=1.33024 baseline=0.00100 lastPeak=0.00000 guard=0.060 activeAge=-1.000 pitch=-1.00Hz pitchCents=0.0
2025-12-25 06:38:17 [tracker] [s5] release-sharp-drop t=185.031 avgEnv=0.00178 peak=0.06346 ratio=0.03 floor=0.00180
2025-12-25 06:38:17 [detection]      S5F24 OFF (sharp-drop: 0.0635 -> 0.0018)
2025-12-25 06:38:17 [tracker] [s5] note-ended t=185.031 fret=24 dur=0.377
2025-12-25 06:38:18 [tracker] [s2] onset t=185.428 env=0.16635 gate=0.00001 envDelta=0.16633 envFloor=0.00120 onset=1.227 thresh=0.100 onsetDelta=1.12695 baseline=0.00120 lastPeak=0.00696 guard=0.060 activeAge=-1.000 pitch=-1.00Hz pitchCents=0.0
2025-12-25 06:38:18 [tracker] [s3] onset t=185.439 env=0.15190 gate=0.00018 envDelta=0.15172 envFloor=0.00140 onset=0.820 thresh=0.100 onsetDelta=0.72009 baseline=0.00140 lastPeak=0.00260 guard=0.060 activeAge=-1.000 pitch=109.62Hz pitchCents=-506.0
2025-12-25 06:38:18 [tracker] [s6] onset t=185.447 env=0.00269 gate=0.00050 envDelta=0.00219 envFloor=0.00200 onset=0.981 thresh=0.100 onsetDelta=0.88145 baseline=0.00200 lastPeak=0.00000 guard=0.060 activeAge=-1.000 pitch=-1.00Hz pitchCents=0.0
2025-12-25 06:38:18 [tracker] [s5] onset t=185.458 env=0.24053 gate=0.00038 envDelta=0.24015 envFloor=0.00180 onset=0.594 thresh=0.100 onsetDelta=0.49361 baseline=0.00180 lastPeak=0.02846 guard=0.060 activeAge=-1.000 pitch=1150.49Hz pitchCents=2664.0
2025-12-25 06:38:18 [tracker] [s6] onset t=185.613 env=0.06325 gate=0.00050 envDelta=0.06275 envFloor=0.00200 onset=0.600 thresh=0.100 onsetDelta=0.49952 baseline=0.00200 lastPeak=0.00000 guard=0.060 activeAge=-1.000 pitch=328.69Hz pitchCents=-4.9
2025-12-25 06:38:18 [detection]      S6F0 ON (onset=0.600 env=0.0632)
2025-12-25 06:38:18 [tracker] [s2] onset t=185.618 env=0.03360 gate=0.00001 envDelta=0.03359 envFloor=0.00120 onset=1.190 thresh=0.100 onsetDelta=1.08960 baseline=0.00120 lastPeak=0.00488 guard=0.060 activeAge=-1.000 pitch=198.89Hz pitchCents=1025.3
2025-12-25 06:38:18 [detection]      S2F10 ON (onset=1.190 env=0.0336)
2025-12-25 06:38:18 [tracker] [s1] aubio-raw t=185.6714 onset=0.995634 env=0.007066 peak=0.008997 gain=1.000
2025-12-25 06:38:18 [tracker] [s1] onset-accepted t=185.6714 env=0.007066 gate=0.000055 envDelta=0.007011 envFloor=0.001000 onset=0.995634 thresh=0.100000 onsetDelta=0.895634 baseline=0.001000 lastPeak=0.000000 baseParam=0.001000 gateRatio=0.0550 envParam=0.000450 retriggerScale=1.400 guard=0.060 guardRemain=0.000 activeAge=-1.000 retrigRemain=0.000 pitchHz=-1.00 pitchCents=0.0
2025-12-25 06:38:18 [tracker] [s1] onset t=185.671 env=0.00707 gate=0.00006 envDelta=0.00701 envFloor=0.00100 onset=0.996 thresh=0.100 onsetDelta=0.89563 baseline=0.00100 lastPeak=0.00000 guard=0.060 activeAge=-1.000 pitch=-1.00Hz pitchCents=0.0
2025-12-25 06:38:18 [tracker] [s5] onset t=185.687 env=0.08473 gate=0.00038 envDelta=0.08435 envFloor=0.00180 onset=0.662 thresh=0.100 onsetDelta=0.56233 baseline=0.00180 lastPeak=0.01849 guard=0.060 activeAge=-1.000 pitch=744.50Hz pitchCents=1910.5
2025-12-25 06:38:18 [tracker] [s5] note-start t=185.687 fret=19 midi=78 vel=1.00 env=0.08473
2025-12-25 06:38:18 [detection]      S5F19 ON (onset=0.662 env=0.0847)
2025-12-25 06:38:18 [tracker] [s2] release-sharp-drop t=185.703 avgEnv=0.00155 peak=0.02862 ratio=0.05 floor=0.00180
2025-12-25 06:38:18 [detection]      S2F10 OFF (sharp-drop: 0.0286 -> 0.0016)
2025-12-25 06:38:18 [tracker] [s2] note-ended t=185.703 fret=10 dur=0.085
2025-12-25 06:38:18 [tracker] [s6] release-sharp-drop t=185.706 avgEnv=0.00188 peak=0.05307 ratio=0.04 floor=0.00200
2025-12-25 06:38:18 [detection]      S6F0 OFF (sharp-drop: 0.0531 -> 0.0019)
2025-12-25 06:38:18 [tracker] [s6] note-ended t=185.706 fret=0 dur=0.093
2025-12-25 06:38:18 [tracker] [s6] onset t=185.741 env=0.00494 gate=0.00050 envDelta=0.00444 envFloor=0.00200 onset=0.794 thresh=0.100 onsetDelta=0.69379 baseline=0.00200 lastPeak=0.04972 guard=0.060 activeAge=-1.000 pitch=-1.00Hz pitchCents=0.0
2025-12-25 06:38:18 [tracker] [s2] onset t=185.906 env=0.03862 gate=0.00001 envDelta=0.03861 envFloor=0.00120 onset=0.714 thresh=0.100 onsetDelta=0.61418 baseline=0.00120 lastPeak=0.01956 guard=0.060 activeAge=-1.000 pitch=117.62Hz pitchCents=115.9
2025-12-25 06:38:18 [tracker] [s4] release-quiet t=185.909 avgEnv=0.00146 floor=0.00160 quietFrames=8
2025-12-25 06:38:18 [detection]      S4F7 OFF (sustained-quiet: avgEnv=0.0015 < floor=0.0016)
2025-12-25 06:38:18 [tracker] [s4] note-ended t=185.909 fret=7 dur=1.717
2025-12-25 06:38:18 [tracker] [s3] onset t=185.912 env=0.04156 gate=0.00018 envDelta=0.04138 envFloor=0.00140 onset=0.656 thresh=0.100 onsetDelta=0.55636 baseline=0.00140 lastPeak=0.00107 guard=0.060 activeAge=-1.000 pitch=-1.00Hz pitchCents=0.0
2025-12-25 06:38:18 [tracker] [s4] onset t=185.941 env=0.03736 gate=0.00027 envDelta=0.03709 envFloor=0.00160 onset=0.597 thresh=0.100 onsetDelta=0.49670 baseline=0.00160 lastPeak=0.00209 guard=0.060 activeAge=-1.000 pitch=1147.23Hz pitchCents=3059.1
2025-12-25 06:38:18 [tracker] [s3] onset t=185.976 env=0.02510 gate=0.00018 envDelta=0.02492 envFloor=0.00140 onset=1.473 thresh=0.100 onsetDelta=1.37341 baseline=0.00140 lastPeak=0.00095 guard=0.060 activeAge=-1.000 pitch=278.44Hz pitchCents=1107.8
2025-12-25 06:38:18 [tracker] [s4] onset t=186.016 env=0.03473 gate=0.00027 envDelta=0.03446 envFloor=0.00160 onset=0.928 thresh=0.100 onsetDelta=0.82798 baseline=0.00160 lastPeak=0.00182 guard=0.060 activeAge=-1.000 pitch=296.15Hz pitchCents=714.6
2025-12-25 06:38:18 [tracker] [s4] note-start t=186.016 fret=7 midi=62 vel=0.42 env=0.03473
2025-12-25 06:38:18 [detection]      S4F7 ON (onset=0.928 env=0.0347)
2025-12-25 06:38:18 [tracker] [s2] onset t=186.112 env=0.00791 gate=0.00001 envDelta=0.00790 envFloor=0.00120 onset=1.472 thresh=0.100 onsetDelta=1.37187 baseline=0.00120 lastPeak=0.01329 guard=0.060 activeAge=-1.000 pitch=200.11Hz pitchCents=1035.9
2025-12-25 06:38:18 [tracker] [s2] note-start t=186.112 fret=10 midi=55 vel=0.09 env=0.00791
2025-12-25 06:38:18 [detection]      S2F10 ON (onset=1.472 env=0.0079)
2025-12-25 06:38:18 [tracker] [s2] release-quiet t=186.176 avgEnv=0.00108 floor=0.00180 quietFrames=8
2025-12-25 06:38:18 [detection]      S2F10 OFF (sustained-quiet: avgEnv=0.0011 < floor=0.0018)
2025-12-25 06:38:18 [tracker] [s2] note-ended t=186.176 fret=10 dur=0.064
2025-12-25 06:38:18 [tracker] [s4] release-sharp-drop t=186.302 avgEnv=0.00153 peak=0.02031 ratio=0.08 floor=0.00160
2025-12-25 06:38:18 [detection]      S4F7 OFF (sharp-drop: 0.0203 -> 0.0015)
2025-12-25 06:38:18 [tracker] [s4] note-ended t=186.302 fret=7 dur=0.286
2025-12-25 06:38:18 [tracker] [s5] release-sharp-drop t=186.406 avgEnv=0.00137 peak=0.02200 ratio=0.06 floor=0.00180
2025-12-25 06:38:18 [detection]      S5F19 OFF (sharp-drop: 0.0220 -> 0.0014)
2025-12-25 06:38:18 [tracker] [s5] note-ended t=186.406 fret=19 dur=0.718
2025-12-25 06:38:19 [tracker] [s3] onset t=186.459 env=0.01284 gate=0.00018 envDelta=0.01266 envFloor=0.00140 onset=1.147 thresh=0.100 onsetDelta=1.04697 baseline=0.00140 lastPeak=0.00038 guard=0.060 activeAge=-1.000 pitch=-1.00Hz pitchCents=0.0
2025-12-25 06:38:19 [tracker] [s2] onset t=186.462 env=0.01230 gate=0.00001 envDelta=0.01228 envFloor=0.00120 onset=0.553 thresh=0.100 onsetDelta=0.45326 baseline=0.00120 lastPeak=0.00410 guard=0.060 activeAge=-1.000 pitch=-1.00Hz pitchCents=0.0
2025-12-25 06:38:19 [tracker] [s4] onset t=186.689 env=0.00215 gate=0.00027 envDelta=0.00188 envFloor=0.00160 onset=1.104 thresh=0.100 onsetDelta=1.00431 baseline=0.00160 lastPeak=0.00982 guard=0.060 activeAge=-1.000 pitch=-1.00Hz pitchCents=0.0
2025-12-25 06:38:19 [tracker] [s3] onset t=186.718 env=0.00564 gate=0.00018 envDelta=0.00546 envFloor=0.00140 onset=0.702 thresh=0.100 onsetDelta=0.60248 baseline=0.00140 lastPeak=0.00024 guard=0.060 activeAge=-1.000 pitch=-1.00Hz pitchCents=0.0
2025-12-25 06:38:19 [tracker] [s2] onset t=186.761 env=0.02785 gate=0.00001 envDelta=0.02783 envFloor=0.00120 onset=0.660 thresh=0.100 onsetDelta=0.55992 baseline=0.00120 lastPeak=0.00234 guard=0.060 activeAge=-1.000 pitch=207.41Hz pitchCents=1098.0
2025-12-25 06:38:19 [tracker] [s4] onset t=186.942 env=0.00471 gate=0.00027 envDelta=0.00444 envFloor=0.00160 onset=1.149 thresh=0.100 onsetDelta=1.04927 baseline=0.00160 lastPeak=0.00610 guard=0.060 activeAge=-1.000 pitch=-1.00Hz pitchCents=0.0
2025-12-25 06:38:19 [tracker] [s4] onset t=186.993 env=0.30373 gate=0.00027 envDelta=0.30345 envFloor=0.00160 onset=1.351 thresh=0.100 onsetDelta=1.25138 baseline=0.00160 lastPeak=0.00555 guard=0.060 activeAge=-1.000 pitch=280.61Hz pitchCents=621.3
2025-12-25 06:38:19 [tracker] [s3] onset t=187.001 env=0.04074 gate=0.00018 envDelta=0.04056 envFloor=0.00140 onset=1.326 thresh=0.100 onsetDelta=1.22645 baseline=0.00140 lastPeak=0.00014 guard=0.060 activeAge=-1.000 pitch=235.06Hz pitchCents=814.6
2025-12-25 06:38:19 [detection]      S3F8 ON (onset=1.326 env=0.0407)
2025-12-25 06:38:19 [tracker] [s4] onset t=187.060 env=0.20230 gate=0.00027 envDelta=0.20203 envFloor=0.00160 onset=0.590 thresh=0.100 onsetDelta=0.49008 baseline=0.00160 lastPeak=0.00489 guard=0.060 activeAge=-1.000 pitch=295.63Hz pitchCents=711.6
2025-12-25 06:38:19 [tracker] [s4] note-start t=187.060 fret=7 midi=62 vel=1.00 env=0.20230
2025-12-25 06:38:19 [detection]      S4F7 ON (onset=0.590 env=0.2023)
2025-12-25 06:38:19 [tracker] [s3] release-sharp-drop t=187.266 avgEnv=0.00139 peak=0.02481 ratio=0.06 floor=0.00140
2025-12-25 06:38:19 [detection]      S3F8 OFF (sharp-drop: 0.0248 -> 0.0014)
2025-12-25 06:38:19 [tracker] [s3] note-ended t=187.266 fret=8 dur=0.264
2025-12-25 06:38:19 [tracker] [s2] onset t=187.380 env=0.00615 gate=0.00001 envDelta=0.00614 envFloor=0.00120 onset=1.096 thresh=0.100 onsetDelta=0.99609 baseline=0.00120 lastPeak=0.00073 guard=0.060 activeAge=-1.000 pitch=638.48Hz pitchCents=3044.6
2025-12-25 06:38:19 [tracker] [s4] release-sharp-drop t=187.412 avgEnv=0.00159 peak=0.10439 ratio=0.02 floor=0.00160
2025-12-25 06:38:19 [detection]      S4F7 OFF (sharp-drop: 0.1044 -> 0.0016)
2025-12-25 06:38:20 [tracker] [s3] onset t=187.618 env=0.07812 gate=0.00018 envDelta=0.07793 envFloor=0.00140 onset=1.445 thresh=0.100 onsetDelta=1.34485 baseline=0.00140 lastPeak=0.01280 guard=0.060 activeAge=-1.000 pitch=-1.00Hz pitchCents=0.0
2025-12-25 06:38:20 [tracker] [s4] onset t=187.770 env=0.00625 gate=0.00027 envDelta=0.00598 envFloor=0.00160 onset=0.676 thresh=0.100 onsetDelta=0.57646 baseline=0.00160 lastPeak=0.05333 guard=0.060 activeAge=-1.000 pitch=-1.00Hz pitchCents=0.0
2025-12-25 06:38:20 [tracker] [s3] onset t=187.810 env=0.04627 gate=0.00018 envDelta=0.04609 envFloor=0.00140 onset=0.955 thresh=0.100 onsetDelta=0.85516 baseline=0.00140 lastPeak=0.00892 guard=0.060 activeAge=-1.000 pitch=234.84Hz pitchCents=813.0
2025-12-25 06:38:20 [detection]      S3F8 ON (onset=0.955 env=0.0463)
2025-12-25 06:38:20 [tracker] [s4] onset t=187.832 env=0.25133 gate=0.00027 envDelta=0.25106 envFloor=0.00160 onset=1.328 thresh=0.100 onsetDelta=1.22764 baseline=0.00160 lastPeak=0.04752 guard=0.060 activeAge=-1.000 pitch=295.87Hz pitchCents=713.0
2025-12-25 06:38:20 [tracker] [s4] note-start t=187.832 fret=7 midi=62 vel=1.00 env=0.25133
2025-12-25 06:38:20 [detection]      S4F7 ON (onset=1.328 env=0.2513)
2025-12-25 06:38:20 [tracker] [s3] release-sharp-drop t=188.011 avgEnv=0.00128 peak=0.03177 ratio=0.04 floor=0.00140
2025-12-25 06:38:20 [detection]      S3F8 OFF (sharp-drop: 0.0318 -> 0.0013)
2025-12-25 06:38:20 [tracker] [s4] release-sharp-drop t=188.051 avgEnv=0.00126 peak=0.16663 ratio=0.01 floor=0.00160
2025-12-25 06:38:20 [detection]      S4F7 OFF (sharp-drop: 0.1666 -> 0.0013)
2025-12-25 06:38:20 [tracker] [s4] note-ended t=188.051 fret=7 dur=0.219
2025-12-25 06:39:15 [tracker] [s1] aubio-raw t=243.1680 onset=0.976037 env=0.004454 peak=0.005917 gain=1.000
2025-12-25 06:39:15 [tracker] [s1] onset-accepted t=243.1680 env=0.004454 gate=0.000055 envDelta=0.004399 envFloor=0.001000 onset=0.976037 thresh=0.100000 onsetDelta=0.876037 baseline=0.001000 lastPeak=0.000000 baseParam=0.001000 gateRatio=0.0550 envParam=0.000450 retriggerScale=1.400 guard=0.060 guardRemain=0.000 activeAge=-1.000 retrigRemain=0.000 pitchHz=93.93 pitchCents=226.6
2025-12-25 06:39:15 [tracker] [s1] onset t=243.168 env=0.00445 gate=0.00006 envDelta=0.00440 envFloor=0.00100 onset=0.976 thresh=0.100 onsetDelta=0.87604 baseline=0.00100 lastPeak=0.00000 guard=0.060 activeAge=-1.000 pitch=93.93Hz pitchCents=226.6
2025-12-25 06:39:15 [tracker] [s1] note-start t=243.168 fret=2 midi=42 vel=0.05 env=0.00445
2025-12-25 06:39:15 [detection]      S1F2 ON (onset=0.976 env=0.0045)
2025-12-25 06:39:15 [tracker] [s4] onset t=243.355 env=0.00847 gate=0.00027 envDelta=0.00820 envFloor=0.00160 onset=1.202 thresh=0.100 onsetDelta=1.10154 baseline=0.00160 lastPeak=0.00000 guard=0.060 activeAge=-1.000 pitch=-1.00Hz pitchCents=0.0
2025-12-25 06:39:15 [tracker] [s5] onset t=243.360 env=0.01351 gate=0.00038 envDelta=0.01313 envFloor=0.00180 onset=0.749 thresh=0.100 onsetDelta=0.64905 baseline=0.00180 lastPeak=0.00000 guard=0.060 activeAge=-1.000 pitch=664.43Hz pitchCents=1713.5
2025-12-25 06:39:15 [tracker] [s6] onset t=243.371 env=0.00581 gate=0.00050 envDelta=0.00531 envFloor=0.00200 onset=1.021 thresh=0.100 onsetDelta=0.92103 baseline=0.00200 lastPeak=0.00000 guard=0.060 activeAge=-1.000 pitch=885.93Hz pitchCents=1711.6
2025-12-25 06:39:15 [tracker] [s1] release-quiet t=243.456 avgEnv=0.00094 floor=0.00100 quietFrames=8
2025-12-25 06:39:15 [detection]      S1F2 OFF (sustained-quiet: avgEnv=0.0009 < floor=0.0010)
2025-12-25 06:39:15 [tracker] [s1] note-ended t=243.456 fret=2 dur=0.288
2025-12-25 06:39:19 [tracker] [s1] aubio-raw t=246.5913 onset=0.532191 env=0.001961 peak=0.002738 gain=1.000
2025-12-25 06:39:19 [tracker] [s1] onset-accepted t=246.5913 env=0.001961 gate=0.000055 envDelta=0.001906 envFloor=0.001000 onset=0.532191 thresh=0.100000 onsetDelta=0.432191 baseline=0.001000 lastPeak=0.000007 baseParam=0.001000 gateRatio=0.0550 envParam=0.000450 retriggerScale=1.400 guard=0.060 guardRemain=0.000 activeAge=-1.000 retrigRemain=0.000 pitchHz=-1.00 pitchCents=0.0
2025-12-25 06:39:19 [tracker] [s1] onset t=246.591 env=0.00196 gate=0.00006 envDelta=0.00191 envFloor=0.00100 onset=0.532 thresh=0.100 onsetDelta=0.43219 baseline=0.00100 lastPeak=0.00001 guard=0.060 activeAge=-1.000 pitch=-1.00Hz pitchCents=0.0
2025-12-25 06:39:19 [tracker] [s3] onset t=246.591 env=0.00151 gate=0.00018 envDelta=0.00133 envFloor=0.00140 onset=0.525 thresh=0.100 onsetDelta=0.42494 baseline=0.00140 lastPeak=0.00000 guard=0.060 activeAge=-1.000 pitch=-1.00Hz pitchCents=0.0
2025-12-25 06:40:06 [sessionwavs] wrote 6 wav files to /home/general/SignalAssistant/logs/sessionwavs/session-20251225-063512 (shutdown)
# Session closed at 2025-12-25 06:40:06
