# SignalAssistant session log
# Started at 2025-12-14 07:38:00
2025-12-14 07:38:00 [session] mode=live session='' path='' duration=0.00 files=0
2025-12-14 07:38:00 [tracker-settings] TrackerConfig onsetThreshold=0.02000 minNoteDurSec=0.045 hopSec=0.010 slideDelta=120.0 bendDelta=35.0
2025-12-14 07:38:00 [tracker-settings] string1 midi=40 lowCut=37.08Hz highCut=445.00Hz baseline=0.000180 gateRatio=0.05500 envFloor=0.000450 sustainScale=0.580 retriggerScale=1.400 peakRelease=0.120 pitchTol=0.400 onsetScale=0.006
2025-12-14 07:38:00 [tracker-settings] string2 midi=45 lowCut=55.00Hz highCut=563.20Hz baseline=0.000220 gateRatio=0.10000 envFloor=0.000550 sustainScale=0.700 retriggerScale=1.250 peakRelease=0.130 pitchTol=0.400 onsetScale=0.009
2025-12-14 07:38:00 [tracker-settings] string3 midi=50 lowCut=85.16Hz highCut=693.05Hz baseline=0.000260 gateRatio=0.13000 envFloor=0.000650 sustainScale=0.820 retriggerScale=1.100 peakRelease=0.140 pitchTol=0.450 onsetScale=0.012
2025-12-14 07:38:00 [tracker-settings] string4 midi=55 lowCut=127.40Hz highCut=862.39Hz baseline=0.000320 gateRatio=0.17000 envFloor=0.000780 sustainScale=1.000 retriggerScale=1.000 peakRelease=0.160 pitchTol=0.440 onsetScale=0.014
2025-12-14 07:38:00 [tracker-settings] string5 midi=59 lowCut=160.51Hz highCut=1086.54Hz baseline=0.000370 gateRatio=0.21000 envFloor=0.000900 sustainScale=1.000 retriggerScale=1.000 peakRelease=0.180 pitchTol=0.500 onsetScale=0.016
2025-12-14 07:38:00 [tracker-settings] string6 midi=64 lowCut=214.26Hz highCut=1450.36Hz baseline=0.000420 gateRatio=0.25000 envFloor=0.001050 sustainScale=1.000 retriggerScale=1.000 peakRelease=0.200 pitchTol=0.550 onsetScale=0.018
2025-12-14 07:38:00 [tracker] [s1] calibration reset target=0.00180 gain=1.000
2025-12-14 07:38:00 [tracker] [s2] calibration reset target=0.00180 gain=1.000
2025-12-14 07:38:00 [tracker] [s3] calibration reset target=0.00180 gain=1.000
2025-12-14 07:38:00 [tracker] [s4] calibration reset target=0.00180 gain=1.000
2025-12-14 07:38:00 [tracker] [s5] calibration reset target=0.00180 gain=1.000
2025-12-14 07:38:00 [tracker] [s6] calibration reset target=0.00180 gain=1.000
2025-12-14 07:38:00 [calibration] Loading calibration profile multipliers into parameters
2025-12-14 07:38:00 [calibration] String 1: setting multiplier to 6.317
2025-12-14 07:38:00 [calibration] String 2: setting multiplier to 8.000
2025-12-14 07:38:00 [calibration] String 3: setting multiplier to 8.000
2025-12-14 07:38:00 [calibration] String 4: setting multiplier to 8.000
2025-12-14 07:38:00 [calibration] String 5: setting multiplier to 8.000
2025-12-14 07:38:00 [calibration] String 6: setting multiplier to 8.000
2025-12-14 07:38:00 [tracker] [s1] calibration avg=0.03970 target=0.00180 gain=1.000
2025-12-14 07:38:00 [tracker] [s2] calibration avg=0.01940 target=0.00180 gain=1.000
2025-12-14 07:38:00 [tracker] [s3] calibration avg=0.01411 target=0.00180 gain=1.000
2025-12-14 07:38:00 [tracker] [s4] calibration avg=0.03018 target=0.00180 gain=1.000
2025-12-14 07:38:00 [tracker] [s5] calibration avg=0.02970 target=0.00180 gain=1.000
2025-12-14 07:38:00 [tracker] [s1] configure sr=48000.0 hop=128 fft=1024 low=37.1 high=445.0
2025-12-14 07:38:00 [tracker] [s1] params baseline=0.000180 gate=0.0550 envFloor=0.000450 sustain=0.580 retrigger=1.400 peakRelease=0.120 pitchTol=0.400 onsetScale=0.006 aubioScale=1.20 aubioThresh=0.024 onsetSilence=-85.0 pitchSilence=-90.0
2025-12-14 07:38:00 [tracker] [s2] configure sr=48000.0 hop=128 fft=1024 low=55.0 high=563.2
2025-12-14 07:38:00 [tracker] [s2] params baseline=0.000220 gate=0.0100 envFloor=0.000100 sustain=1.500 retrigger=1.250 peakRelease=0.130 pitchTol=0.400 onsetScale=0.009 aubioScale=1.35 aubioThresh=0.027 onsetSilence=-85.0 pitchSilence=-90.0
2025-12-14 07:38:00 [tracker] [s3] configure sr=48000.0 hop=128 fft=1024 low=85.2 high=693.0
2025-12-14 07:38:00 [tracker] [s3] params baseline=0.000260 gate=0.1300 envFloor=0.000650 sustain=0.820 retrigger=1.100 peakRelease=0.140 pitchTol=0.450 onsetScale=0.012 aubioScale=1.60 aubioThresh=0.032 onsetSilence=-75.0 pitchSilence=-80.0
2025-12-14 07:38:00 [tracker] [s4] configure sr=48000.0 hop=128 fft=1024 low=127.4 high=862.4
2025-12-14 07:38:00 [tracker] [s4] params baseline=0.000320 gate=0.1700 envFloor=0.000780 sustain=1.000 retrigger=1.000 peakRelease=0.160 pitchTol=0.440 onsetScale=0.014 aubioScale=1.80 aubioThresh=0.036 onsetSilence=-75.0 pitchSilence=-80.0
2025-12-14 07:38:00 [tracker] [s5] configure sr=48000.0 hop=128 fft=512 low=160.5 high=1086.5
2025-12-14 07:38:00 [tracker] [s5] params baseline=0.000370 gate=0.2100 envFloor=0.000900 sustain=1.000 retrigger=1.000 peakRelease=0.180 pitchTol=0.500 onsetScale=0.016 aubioScale=1.80 aubioThresh=0.036 onsetSilence=-75.0 pitchSilence=-80.0
2025-12-14 07:38:00 [tracker] [s6] configure sr=48000.0 hop=128 fft=512 low=214.3 high=1450.4
2025-12-14 07:38:00 [tracker] [s6] params baseline=0.000420 gate=0.2500 envFloor=0.001050 sustain=1.000 retrigger=1.000 peakRelease=0.200 pitchTol=0.550 onsetScale=0.018 aubioScale=1.80 aubioThresh=0.036 onsetSilence=-75.0 pitchSilence=-80.0
2025-12-14 07:38:00 [tracker] [s1] aubio-raw t=0.0120 onset=4.000000 env=0.000642 peak=0.001513 gain=1.000
2025-12-14 07:38:00 [tracker] [s1] onset-accepted t=0.0120 env=0.000642 gate=0.000022 envDelta=0.000621 envFloor=0.000594 onset=4.000000 thresh=0.006000 onsetDelta=3.994000 baseline=0.000396 floor=0.000180 adapt=0.000989 lastPeak=0.000000 baseParam=0.000180 gateRatio=0.0550 envParam=0.000450 onsetScale=0.300 retriggerScale=1.400 guard=0.060 guardRemain=0.000 activeAge=-1.000 retrigRemain=0.000 pitchHz=125.16 pitchCents=723.6
2025-12-14 07:38:00 [tracker] [s1] onset t=0.012 env=0.00064 gate=0.00002 envDelta=0.00062 envFloor=0.00059 onset=4.000 thresh=0.006 onsetDelta=3.99400 baseline=0.00040 adaptive=0.00099 lastPeak=0.00000 guard=0.060 activeAge=-1.000 pitch=125.16Hz pitchCents=723.6
2025-12-14 07:38:00 [tracker] [s2] onset t=0.012 env=0.00130 gate=0.00000 envDelta=0.00130 envFloor=0.00063 onset=4.000 thresh=0.009 onsetDelta=3.99100 baseline=0.00042 adaptive=0.00105 lastPeak=0.00000 guard=0.060 activeAge=-1.000 pitch=125.16Hz pitchCents=223.6
2025-12-14 07:38:00 [tracker] [s3] onset t=0.012 env=0.00082 gate=0.00005 envDelta=0.00077 envFloor=0.00065 onset=4.000 thresh=0.012 onsetDelta=3.98840 baseline=0.00040 adaptive=0.00099 lastPeak=0.00000 guard=0.060 activeAge=-1.000 pitch=125.16Hz pitchCents=-276.4
2025-12-14 07:38:00 [tracker] [s4] onset t=0.012 env=0.00147 gate=0.00007 envDelta=0.00140 envFloor=0.00078 onset=4.000 thresh=0.014 onsetDelta=3.98600 baseline=0.00043 adaptive=0.00107 lastPeak=0.00000 guard=0.060 activeAge=-1.000 pitch=125.16Hz pitchCents=-776.4
2025-12-14 07:38:00 [tracker] [s5] onset t=0.012 env=0.00157 gate=0.00009 envDelta=0.00147 envFloor=0.00090 onset=4.000 thresh=0.016 onsetDelta=3.98400 baseline=0.00043 adaptive=0.00108 lastPeak=0.00000 guard=0.060 activeAge=-1.000 pitch=376.47Hz pitchCents=730.0
2025-12-14 07:38:00 [tracker] [s6] onset t=0.012 env=0.00182 gate=0.00011 envDelta=0.00171 envFloor=0.00105 onset=4.000 thresh=0.018 onsetDelta=3.98200 baseline=0.00045 adaptive=0.00112 lastPeak=0.00000 guard=0.060 activeAge=-1.000 pitch=376.47Hz pitchCents=230.0
2025-12-14 07:38:00 [tracker] [s6] onset t=0.081 env=0.00244 gate=0.00022 envDelta=0.00223 envFloor=0.00129 onset=0.980 thresh=0.018 onsetDelta=0.96154 baseline=0.00086 adaptive=0.00216 lastPeak=0.00000 guard=0.060 activeAge=-1.000 pitch=-1.00Hz pitchCents=0.0
2025-12-14 07:38:00 [tracker] [s4] onset t=0.105 env=0.00124 gate=0.00012 envDelta=0.00113 envFloor=0.00102 onset=1.004 thresh=0.014 onsetDelta=0.98999 baseline=0.00068 adaptive=0.00170 lastPeak=0.00000 guard=0.060 activeAge=-1.000 pitch=-1.00Hz pitchCents=0.0
2025-12-14 07:38:00 [tracker] [s5] onset t=0.140 env=0.00162 gate=0.00016 envDelta=0.00146 envFloor=0.00114 onset=1.477 thresh=0.016 onsetDelta=1.46077 baseline=0.00076 adaptive=0.00191 lastPeak=0.00000 guard=0.060 activeAge=-1.000 pitch=-1.00Hz pitchCents=0.0
2025-12-14 07:38:00 [tracker] [s3] onset t=0.188 env=0.00169 gate=0.00008 envDelta=0.00161 envFloor=0.00093 onset=0.733 thresh=0.012 onsetDelta=0.72159 baseline=0.00062 adaptive=0.00155 lastPeak=0.00000 guard=0.060 activeAge=-1.000 pitch=-1.00Hz pitchCents=0.0
2025-12-14 07:38:00 [tracker] [s3] onset t=0.348 env=0.00126 gate=0.00008 envDelta=0.00118 envFloor=0.00089 onset=0.999 thresh=0.012 onsetDelta=0.98753 baseline=0.00059 adaptive=0.00148 lastPeak=0.00000 guard=0.060 activeAge=-1.000 pitch=-1.00Hz pitchCents=0.0
2025-12-14 07:38:00 [tracker] [s2] onset t=0.487 env=0.00176 gate=0.00001 envDelta=0.00175 envFloor=0.00104 onset=1.090 thresh=0.009 onsetDelta=1.08090 baseline=0.00069 adaptive=0.00173 lastPeak=0.00000 guard=0.060 activeAge=-1.000 pitch=-1.00Hz pitchCents=0.0
2025-12-14 07:38:01 [tracker] [s6] onset t=0.612 env=0.00179 gate=0.00021 envDelta=0.00158 envFloor=0.00124 onset=0.836 thresh=0.018 onsetDelta=0.81833 baseline=0.00083 adaptive=0.00206 lastPeak=0.00000 guard=0.060 activeAge=-1.000 pitch=-1.00Hz pitchCents=0.0
2025-12-14 07:38:01 [tracker] [s3] onset t=0.647 env=0.00099 gate=0.00008 envDelta=0.00092 envFloor=0.00087 onset=1.178 thresh=0.012 onsetDelta=1.16668 baseline=0.00058 adaptive=0.00145 lastPeak=0.00000 guard=0.060 activeAge=-1.000 pitch=-1.00Hz pitchCents=0.0
2025-12-14 07:38:01 [tracker] [s1] aubio-raw t=0.7267 onset=0.998394 env=0.001185 peak=0.002427 gain=1.000
2025-12-14 07:38:01 [tracker] [s1] onset-accepted t=0.7267 env=0.001185 gate=0.000023 envDelta=0.001162 envFloor=0.000628 onset=0.998394 thresh=0.006000 onsetDelta=0.992394 baseline=0.000418 floor=0.000180 adapt=0.001046 lastPeak=0.000000 baseParam=0.000180 gateRatio=0.0550 envParam=0.000450 onsetScale=0.300 retriggerScale=1.400 guard=0.060 guardRemain=0.000 activeAge=-1.000 retrigRemain=0.000 pitchHz=-1.00 pitchCents=0.0
2025-12-14 07:38:01 [tracker] [s1] onset t=0.727 env=0.00119 gate=0.00002 envDelta=0.00116 envFloor=0.00063 onset=0.998 thresh=0.006 onsetDelta=0.99239 baseline=0.00042 adaptive=0.00105 lastPeak=0.00000 guard=0.060 activeAge=-1.000 pitch=-1.00Hz pitchCents=0.0
2025-12-14 07:38:01 [tracker] [s2] onset t=0.751 env=0.00098 gate=0.00001 envDelta=0.00098 envFloor=0.00095 onset=0.994 thresh=0.009 onsetDelta=0.98532 baseline=0.00064 adaptive=0.00159 lastPeak=0.00000 guard=0.060 activeAge=-1.000 pitch=-1.00Hz pitchCents=0.0
2025-12-14 07:38:01 [tracker] [s5] onset t=0.785 env=0.00163 gate=0.00015 envDelta=0.00149 envFloor=0.00105 onset=0.993 thresh=0.016 onsetDelta=0.97748 baseline=0.00070 adaptive=0.00175 lastPeak=0.00000 guard=0.060 activeAge=-1.000 pitch=-1.00Hz pitchCents=0.0
2025-12-14 07:38:01 [tracker] [s1] aubio-raw t=1.0200 onset=0.998086 env=0.001456 peak=0.002660 gain=1.000
2025-12-14 07:38:01 [tracker] [s1] onset-accepted t=1.0200 env=0.001456 gate=0.000025 envDelta=0.001432 envFloor=0.000672 onset=0.998086 thresh=0.006000 onsetDelta=0.992086 baseline=0.000448 floor=0.000180 adapt=0.001119 lastPeak=0.000000 baseParam=0.000180 gateRatio=0.0550 envParam=0.000450 onsetScale=0.300 retriggerScale=1.400 guard=0.060 guardRemain=0.000 activeAge=-1.000 retrigRemain=0.000 pitchHz=-1.00 pitchCents=0.0
2025-12-14 07:38:01 [tracker] [s1] onset t=1.020 env=0.00146 gate=0.00002 envDelta=0.00143 envFloor=0.00067 onset=0.998 thresh=0.006 onsetDelta=0.99209 baseline=0.00045 adaptive=0.00112 lastPeak=0.00000 guard=0.060 activeAge=-1.000 pitch=-1.00Hz pitchCents=0.0
2025-12-14 07:38:01 [tracker] [s5] onset t=1.148 env=0.00158 gate=0.00014 envDelta=0.00143 envFloor=0.00102 onset=0.996 thresh=0.016 onsetDelta=0.97958 baseline=0.00068 adaptive=0.00171 lastPeak=0.00000 guard=0.060 activeAge=-1.000 pitch=-1.00Hz pitchCents=0.0
2025-12-14 07:38:01 [tracker] [s6] onset t=1.153 env=0.00201 gate=0.00021 envDelta=0.00180 envFloor=0.00125 onset=1.059 thresh=0.018 onsetDelta=1.04077 baseline=0.00084 adaptive=0.00209 lastPeak=0.00000 guard=0.060 activeAge=-1.000 pitch=-1.00Hz pitchCents=0.0
2025-12-14 07:38:01 [tracker] [s4] onset t=1.164 env=0.00127 gate=0.00011 envDelta=0.00116 envFloor=0.00098 onset=1.013 thresh=0.014 onsetDelta=0.99878 baseline=0.00065 adaptive=0.00164 lastPeak=0.00000 guard=0.060 activeAge=-1.000 pitch=-1.00Hz pitchCents=0.0
2025-12-14 07:38:01 [tracker] [s5] onset t=1.233 env=0.00169 gate=0.00016 envDelta=0.00153 envFloor=0.00113 onset=0.876 thresh=0.016 onsetDelta=0.86034 baseline=0.00076 adaptive=0.00189 lastPeak=0.00000 guard=0.060 activeAge=-1.000 pitch=-1.00Hz pitchCents=0.0
2025-12-14 07:38:01 [tracker] [s2] onset t=1.303 env=0.00156 gate=0.00001 envDelta=0.00156 envFloor=0.00102 onset=0.905 thresh=0.009 onsetDelta=0.89586 baseline=0.00068 adaptive=0.00169 lastPeak=0.00000 guard=0.060 activeAge=-1.000 pitch=-1.00Hz pitchCents=0.0
2025-12-14 07:38:01 [tracker] [s3] onset t=1.356 env=0.00120 gate=0.00008 envDelta=0.00112 envFloor=0.00093 onset=1.459 thresh=0.012 onsetDelta=1.44744 baseline=0.00062 adaptive=0.00156 lastPeak=0.00000 guard=0.060 activeAge=-1.000 pitch=-1.00Hz pitchCents=0.0
2025-12-14 07:38:01 [tracker] [s2] onset t=1.500 env=0.00110 gate=0.00001 envDelta=0.00110 envFloor=0.00102 onset=0.996 thresh=0.009 onsetDelta=0.98703 baseline=0.00068 adaptive=0.00170 lastPeak=0.00000 guard=0.060 activeAge=-1.000 pitch=-1.00Hz pitchCents=0.0
2025-12-14 07:38:02 [tracker] [s6] onset t=1.524 env=0.00209 gate=0.00020 envDelta=0.00189 envFloor=0.00120 onset=0.721 thresh=0.018 onsetDelta=0.70287 baseline=0.00080 adaptive=0.00200 lastPeak=0.00000 guard=0.060 activeAge=-1.000 pitch=-1.00Hz pitchCents=0.0
2025-12-14 07:38:02 [tracker] [s3] onset t=1.527 env=0.00150 gate=0.00008 envDelta=0.00142 envFloor=0.00093 onset=0.991 thresh=0.012 onsetDelta=0.97976 baseline=0.00062 adaptive=0.00155 lastPeak=0.00000 guard=0.060 activeAge=-1.000 pitch=-1.00Hz pitchCents=0.0
2025-12-14 07:38:02 [tracker] [s2] onset t=1.753 env=0.00188 gate=0.00001 envDelta=0.00187 envFloor=0.00109 onset=1.070 thresh=0.009 onsetDelta=1.06067 baseline=0.00073 adaptive=0.00182 lastPeak=0.00000 guard=0.060 activeAge=-1.000 pitch=-1.00Hz pitchCents=0.0
2025-12-14 07:38:02 [tracker] [s1] aubio-raw t=1.7987 onset=0.960447 env=0.000669 peak=0.001576 gain=1.000
2025-12-14 07:38:02 [tracker] [s1] onset-accepted t=1.7987 env=0.000669 gate=0.000024 envDelta=0.000645 envFloor=0.000643 onset=0.960447 thresh=0.006000 onsetDelta=0.954447 baseline=0.000428 floor=0.000180 adapt=0.001071 lastPeak=0.000000 baseParam=0.000180 gateRatio=0.0550 envParam=0.000450 onsetScale=0.300 retriggerScale=1.400 guard=0.060 guardRemain=0.000 activeAge=-1.000 retrigRemain=0.000 pitchHz=-1.00 pitchCents=0.0
2025-12-14 07:38:02 [tracker] [s1] onset t=1.799 env=0.00067 gate=0.00002 envDelta=0.00065 envFloor=0.00064 onset=0.960 thresh=0.006 onsetDelta=0.95445 baseline=0.00043 adaptive=0.00107 lastPeak=0.00000 guard=0.060 activeAge=-1.000 pitch=-1.00Hz pitchCents=0.0
2025-12-14 07:38:02 [tracker] [s2] onset t=1.812 env=0.00156 gate=0.00001 envDelta=0.00155 envFloor=0.00103 onset=1.001 thresh=0.009 onsetDelta=0.99216 baseline=0.00068 adaptive=0.00171 lastPeak=0.00000 guard=0.060 activeAge=-1.000 pitch=1000.36Hz pitchCents=3821.9
2025-12-14 07:38:02 [tracker] [s4] onset t=1.839 env=0.00135 gate=0.00011 envDelta=0.00124 envFloor=0.00096 onset=1.096 thresh=0.014 onsetDelta=1.08204 baseline=0.00064 adaptive=0.00160 lastPeak=0.00000 guard=0.060 activeAge=-1.000 pitch=-1.00Hz pitchCents=0.0
2025-12-14 07:38:02 [tracker] [s1] aubio-raw t=1.8893 onset=0.969794 env=0.000742 peak=0.001859 gain=1.000
2025-12-14 07:38:02 [tracker] [s1] onset-accepted t=1.8893 env=0.000742 gate=0.000024 envDelta=0.000719 envFloor=0.000646 onset=0.969794 thresh=0.006000 onsetDelta=0.963794 baseline=0.000431 floor=0.000180 adapt=0.001077 lastPeak=0.000000 baseParam=0.000180 gateRatio=0.0550 envParam=0.000450 onsetScale=0.300 retriggerScale=1.400 guard=0.060 guardRemain=0.000 activeAge=-1.000 retrigRemain=0.000 pitchHz=-1.00 pitchCents=0.0
2025-12-14 07:38:02 [tracker] [s1] onset t=1.889 env=0.00074 gate=0.00002 envDelta=0.00072 envFloor=0.00065 onset=0.970 thresh=0.006 onsetDelta=0.96379 baseline=0.00043 adaptive=0.00108 lastPeak=0.00000 guard=0.060 activeAge=-1.000 pitch=-1.00Hz pitchCents=0.0
2025-12-14 07:38:02 [tracker] [s4] onset t=1.927 env=0.00183 gate=0.00012 envDelta=0.00171 envFloor=0.00105 onset=1.257 thresh=0.014 onsetDelta=1.24269 baseline=0.00070 adaptive=0.00176 lastPeak=0.00000 guard=0.060 activeAge=-1.000 pitch=-1.00Hz pitchCents=0.0
2025-12-14 07:38:02 [tracker] [s5] onset t=2.009 env=0.00182 gate=0.00016 envDelta=0.00166 envFloor=0.00113 onset=1.274 thresh=0.016 onsetDelta=1.25840 baseline=0.00075 adaptive=0.00189 lastPeak=0.00000 guard=0.060 activeAge=-1.000 pitch=-1.00Hz pitchCents=0.0
2025-12-14 07:38:02 [tracker] [s2] onset t=2.076 env=0.00160 gate=0.00001 envDelta=0.00159 envFloor=0.00103 onset=1.463 thresh=0.009 onsetDelta=1.45420 baseline=0.00068 adaptive=0.00171 lastPeak=0.00000 guard=0.060 activeAge=-1.000 pitch=-1.00Hz pitchCents=0.0
2025-12-14 07:38:02 [tracker] [s1] aubio-raw t=2.1160 onset=1.032266 env=0.000588 peak=0.001926 gain=1.000
2025-12-14 07:38:02 [tracker] [s4] onset t=2.260 env=0.00156 gate=0.00011 envDelta=0.00145 envFloor=0.00096 onset=1.236 thresh=0.014 onsetDelta=1.22246 baseline=0.00064 adaptive=0.00160 lastPeak=0.00000 guard=0.060 activeAge=-1.000 pitch=-1.00Hz pitchCents=0.0
2025-12-14 07:38:02 [tracker] [s5] onset t=2.321 env=0.00169 gate=0.00015 envDelta=0.00154 envFloor=0.00109 onset=0.994 thresh=0.016 onsetDelta=0.97814 baseline=0.00072 adaptive=0.00181 lastPeak=0.00000 guard=0.060 activeAge=-1.000 pitch=-1.00Hz pitchCents=0.0
2025-12-14 07:38:02 [tracker] [s2] onset t=2.415 env=0.00152 gate=0.00001 envDelta=0.00151 envFloor=0.00103 onset=0.738 thresh=0.009 onsetDelta=0.72891 baseline=0.00068 adaptive=0.00171 lastPeak=0.00000 guard=0.060 activeAge=-1.000 pitch=-1.00Hz pitchCents=0.0
2025-12-14 07:38:02 [tracker] [s5] onset t=2.423 env=0.00172 gate=0.00015 envDelta=0.00156 envFloor=0.00109 onset=0.925 thresh=0.016 onsetDelta=0.90935 baseline=0.00072 adaptive=0.00181 lastPeak=0.00000 guard=0.060 activeAge=-1.000 pitch=-1.00Hz pitchCents=0.0
2025-12-14 07:38:02 [tracker] [s5] onset t=2.487 env=0.00168 gate=0.00015 envDelta=0.00153 envFloor=0.00107 onset=1.441 thresh=0.016 onsetDelta=1.42508 baseline=0.00071 adaptive=0.00178 lastPeak=0.00000 guard=0.060 activeAge=-1.000 pitch=-1.00Hz pitchCents=0.0
2025-12-14 07:38:03 [tracker] [s4] onset t=2.591 env=0.00133 gate=0.00011 envDelta=0.00122 envFloor=0.00095 onset=1.018 thresh=0.014 onsetDelta=1.00355 baseline=0.00064 adaptive=0.00159 lastPeak=0.00000 guard=0.060 activeAge=-1.000 pitch=-1.00Hz pitchCents=0.0
2025-12-14 07:38:03 [tracker] [s5] onset t=2.697 env=0.00156 gate=0.00015 envDelta=0.00141 envFloor=0.00108 onset=1.150 thresh=0.016 onsetDelta=1.13406 baseline=0.00072 adaptive=0.00180 lastPeak=0.00000 guard=0.060 activeAge=-1.000 pitch=-1.00Hz pitchCents=0.0
2025-12-14 07:38:03 [tracker] [s1] aubio-raw t=2.7054 onset=1.456546 env=0.001064 peak=0.002259 gain=1.000
2025-12-14 07:38:03 [tracker] [s1] onset-accepted t=2.7054 env=0.001064 gate=0.000024 envDelta=0.001040 envFloor=0.000660 onset=1.456546 thresh=0.006000 onsetDelta=1.450546 baseline=0.000440 floor=0.000180 adapt=0.001099 lastPeak=0.000000 baseParam=0.000180 gateRatio=0.0550 envParam=0.000450 onsetScale=0.300 retriggerScale=1.400 guard=0.060 guardRemain=0.000 activeAge=-1.000 retrigRemain=0.000 pitchHz=-1.00 pitchCents=0.0
2025-12-14 07:38:03 [tracker] [s1] onset t=2.705 env=0.00106 gate=0.00002 envDelta=0.00104 envFloor=0.00066 onset=1.457 thresh=0.006 onsetDelta=1.45055 baseline=0.00044 adaptive=0.00110 lastPeak=0.00000 guard=0.060 activeAge=-1.000 pitch=-1.00Hz pitchCents=0.0
2025-12-14 07:38:03 [tracker] [s1] aubio-raw t=2.7827 onset=1.050814 env=0.000659 peak=0.001662 gain=1.000
2025-12-14 07:38:03 [tracker] [s1] onset-below-env-floor t=2.7827 env=0.000659 gate=0.000025 envDelta=0.000635 envFloor=0.000677 onset=1.050814 thresh=0.006000 onsetDelta=1.044814 baseline=0.000451 floor=0.000180 adapt=0.001129 lastPeak=0.000000 baseParam=0.000180 gateRatio=0.0550 envParam=0.000450 onsetScale=0.300 retriggerScale=1.400 guard=0.060 guardRemain=0.000 activeAge=-1.000 retrigRemain=0.000 pitchHz=-1.00 pitchCents=0.0
2025-12-14 07:38:03 [tracker] [s5] onset t=2.873 env=0.00134 gate=0.00015 envDelta=0.00118 envFloor=0.00108 onset=0.670 thresh=0.016 onsetDelta=0.65406 baseline=0.00072 adaptive=0.00180 lastPeak=0.00000 guard=0.060 activeAge=-1.000 pitch=-1.00Hz pitchCents=0.0
2025-12-14 07:38:03 [tracker] [s6] onset t=2.921 env=0.00158 gate=0.00020 envDelta=0.00138 envFloor=0.00123 onset=1.045 thresh=0.018 onsetDelta=1.02682 baseline=0.00082 adaptive=0.00204 lastPeak=0.00000 guard=0.060 activeAge=-1.000 pitch=-1.00Hz pitchCents=0.0
2025-12-14 07:38:03 [tracker] [s4] onset t=3.020 env=0.00147 gate=0.00011 envDelta=0.00136 envFloor=0.00094 onset=0.732 thresh=0.014 onsetDelta=0.71795 baseline=0.00063 adaptive=0.00157 lastPeak=0.00000 guard=0.060 activeAge=-1.000 pitch=-1.00Hz pitchCents=0.0
2025-12-14 07:38:03 [tracker] [s6] onset t=3.143 env=0.00212 gate=0.00022 envDelta=0.00190 envFloor=0.00132 onset=0.949 thresh=0.018 onsetDelta=0.93115 baseline=0.00088 adaptive=0.00220 lastPeak=0.00000 guard=0.060 activeAge=-1.000 pitch=-1.00Hz pitchCents=0.0
2025-12-14 07:38:03 [tracker] [s2] onset t=3.305 env=0.00134 gate=0.00001 envDelta=0.00133 envFloor=0.00094 onset=0.804 thresh=0.009 onsetDelta=0.79499 baseline=0.00063 adaptive=0.00156 lastPeak=0.00000 guard=0.060 activeAge=-1.000 pitch=726.89Hz pitchCents=3269.1
2025-12-14 07:38:03 [tracker] [s3] onset t=3.308 env=0.00113 gate=0.00008 envDelta=0.00105 envFloor=0.00091 onset=0.793 thresh=0.012 onsetDelta=0.78175 baseline=0.00061 adaptive=0.00152 lastPeak=0.00000 guard=0.060 activeAge=-1.000 pitch=-1.00Hz pitchCents=0.0
2025-12-14 07:38:03 [tracker] [s6] onset t=3.337 env=0.00188 gate=0.00019 envDelta=0.00168 envFloor=0.00117 onset=0.985 thresh=0.018 onsetDelta=0.96690 baseline=0.00078 adaptive=0.00195 lastPeak=0.00000 guard=0.060 activeAge=-1.000 pitch=-1.00Hz pitchCents=0.0
2025-12-14 07:38:03 [tracker] [s1] aubio-raw t=3.4040 onset=1.000499 env=0.001471 peak=0.003311 gain=1.000
2025-12-14 07:38:03 [tracker] [s1] onset-accepted t=3.4040 env=0.001471 gate=0.000026 envDelta=0.001446 envFloor=0.000703 onset=1.000499 thresh=0.006000 onsetDelta=0.994499 baseline=0.000469 floor=0.000180 adapt=0.001172 lastPeak=0.000000 baseParam=0.000180 gateRatio=0.0550 envParam=0.000450 onsetScale=0.300 retriggerScale=1.400 guard=0.060 guardRemain=0.000 activeAge=-1.000 retrigRemain=0.000 pitchHz=-1.00 pitchCents=0.0
2025-12-14 07:38:03 [tracker] [s1] onset t=3.404 env=0.00147 gate=0.00003 envDelta=0.00145 envFloor=0.00070 onset=1.000 thresh=0.006 onsetDelta=0.99450 baseline=0.00047 adaptive=0.00117 lastPeak=0.00000 guard=0.060 activeAge=-1.000 pitch=-1.00Hz pitchCents=0.0
2025-12-14 07:38:03 [tracker] [s4] onset t=3.412 env=0.00136 gate=0.00011 envDelta=0.00125 envFloor=0.00100 onset=1.171 thresh=0.014 onsetDelta=1.15742 baseline=0.00067 adaptive=0.00167 lastPeak=0.00000 guard=0.060 activeAge=-1.000 pitch=-1.00Hz pitchCents=0.0
2025-12-14 07:38:03 [tracker] [s6] onset t=3.441 env=0.00188 gate=0.00021 envDelta=0.00167 envFloor=0.00125 onset=1.455 thresh=0.018 onsetDelta=1.43689 baseline=0.00083 adaptive=0.00208 lastPeak=0.00000 guard=0.060 activeAge=-1.000 pitch=-1.00Hz pitchCents=0.0
2025-12-14 07:38:03 [tracker] [s4] onset t=3.489 env=0.00139 gate=0.00011 envDelta=0.00127 envFloor=0.00101 onset=0.994 thresh=0.014 onsetDelta=0.98003 baseline=0.00068 adaptive=0.00169 lastPeak=0.00000 guard=0.060 activeAge=-1.000 pitch=-1.00Hz pitchCents=0.0
2025-12-14 07:38:04 [tracker] [s2] onset t=3.548 env=0.00164 gate=0.00001 envDelta=0.00163 envFloor=0.00103 onset=0.994 thresh=0.009 onsetDelta=0.98519 baseline=0.00069 adaptive=0.00172 lastPeak=0.00000 guard=0.060 activeAge=-1.000 pitch=-1.00Hz pitchCents=0.0
2025-12-14 07:38:04 [tracker] [s6] onset t=3.689 env=0.00208 gate=0.00020 envDelta=0.00187 envFloor=0.00121 onset=1.132 thresh=0.018 onsetDelta=1.11352 baseline=0.00081 adaptive=0.00202 lastPeak=0.00000 guard=0.060 activeAge=-1.000 pitch=-1.00Hz pitchCents=0.0
2025-12-14 07:38:04 [tracker] [s5] onset t=3.732 env=0.00178 gate=0.00014 envDelta=0.00164 envFloor=0.00102 onset=0.997 thresh=0.016 onsetDelta=0.98125 baseline=0.00068 adaptive=0.00169 lastPeak=0.00000 guard=0.060 activeAge=-1.000 pitch=-1.00Hz pitchCents=0.0
2025-12-14 07:38:04 [tracker] [s6] onset t=3.844 env=0.00210 gate=0.00022 envDelta=0.00188 envFloor=0.00131 onset=1.309 thresh=0.018 onsetDelta=1.29094 baseline=0.00087 adaptive=0.00218 lastPeak=0.00000 guard=0.060 activeAge=-1.000 pitch=-1.00Hz pitchCents=0.0
2025-12-14 07:38:04 [tracker] [s1] aubio-raw t=3.8627 onset=1.193678 env=0.000938 peak=0.002503 gain=1.000
2025-12-14 07:38:04 [tracker] [s1] onset-accepted t=3.8627 env=0.000938 gate=0.000022 envDelta=0.000916 envFloor=0.000612 onset=1.193678 thresh=0.006000 onsetDelta=1.187678 baseline=0.000408 floor=0.000180 adapt=0.001020 lastPeak=0.000000 baseParam=0.000180 gateRatio=0.0550 envParam=0.000450 onsetScale=0.300 retriggerScale=1.400 guard=0.060 guardRemain=0.000 activeAge=-1.000 retrigRemain=0.000 pitchHz=-1.00 pitchCents=0.0
2025-12-14 07:38:04 [tracker] [s1] onset t=3.863 env=0.00094 gate=0.00002 envDelta=0.00092 envFloor=0.00061 onset=1.194 thresh=0.006 onsetDelta=1.18768 baseline=0.00041 adaptive=0.00102 lastPeak=0.00000 guard=0.060 activeAge=-1.000 pitch=-1.00Hz pitchCents=0.0
2025-12-14 07:38:04 [tracker] [s6] onset t=3.897 env=0.00203 gate=0.00022 envDelta=0.00181 envFloor=0.00130 onset=1.030 thresh=0.018 onsetDelta=1.01236 baseline=0.00087 adaptive=0.00217 lastPeak=0.00000 guard=0.060 activeAge=-1.000 pitch=-1.00Hz pitchCents=0.0
2025-12-14 07:38:04 [tracker] [s4] onset t=3.903 env=0.00180 gate=0.00012 envDelta=0.00168 envFloor=0.00102 onset=0.895 thresh=0.014 onsetDelta=0.88055 baseline=0.00068 adaptive=0.00170 lastPeak=0.00000 guard=0.060 activeAge=-1.000 pitch=-1.00Hz pitchCents=0.0
2025-12-14 07:38:04 [tracker] [s2] onset t=3.959 env=0.00108 gate=0.00001 envDelta=0.00108 envFloor=0.00106 onset=0.729 thresh=0.009 onsetDelta=0.71994 baseline=0.00070 adaptive=0.00176 lastPeak=0.00000 guard=0.060 activeAge=-1.000 pitch=-1.00Hz pitchCents=0.0
2025-12-14 07:38:04 [tracker] [s1] aubio-raw t=3.9747 onset=0.996420 env=0.000878 peak=0.001899 gain=1.000
2025-12-14 07:38:04 [tracker] [s1] onset-accepted t=3.9747 env=0.000878 gate=0.000025 envDelta=0.000853 envFloor=0.000677 onset=0.996420 thresh=0.006000 onsetDelta=0.990420 baseline=0.000451 floor=0.000180 adapt=0.001128 lastPeak=0.000000 baseParam=0.000180 gateRatio=0.0550 envParam=0.000450 onsetScale=0.300 retriggerScale=1.400 guard=0.060 guardRemain=0.000 activeAge=-1.000 retrigRemain=0.000 pitchHz=-1.00 pitchCents=0.0
2025-12-14 07:38:04 [tracker] [s1] onset t=3.975 env=0.00088 gate=0.00002 envDelta=0.00085 envFloor=0.00068 onset=0.996 thresh=0.006 onsetDelta=0.99042 baseline=0.00045 adaptive=0.00113 lastPeak=0.00000 guard=0.060 activeAge=-1.000 pitch=-1.00Hz pitchCents=0.0
2025-12-14 07:38:04 [tracker] [s2] onset t=4.033 env=0.00126 gate=0.00001 envDelta=0.00125 envFloor=0.00101 onset=0.994 thresh=0.009 onsetDelta=0.98526 baseline=0.00067 adaptive=0.00168 lastPeak=0.00000 guard=0.060 activeAge=-1.000 pitch=94.11Hz pitchCents=-270.1
2025-12-14 07:38:04 [tracker] [s1] aubio-raw t=4.0360 onset=0.993268 env=0.000971 peak=0.002258 gain=1.000
2025-12-14 07:38:04 [tracker] [s1] onset-accepted t=4.0360 env=0.000971 gate=0.000024 envDelta=0.000947 envFloor=0.000648 onset=0.993268 thresh=0.006000 onsetDelta=0.987268 baseline=0.000432 floor=0.000180 adapt=0.001081 lastPeak=0.000000 baseParam=0.000180 gateRatio=0.0550 envParam=0.000450 onsetScale=0.300 retriggerScale=1.400 guard=0.060 guardRemain=0.000 activeAge=-1.000 retrigRemain=0.000 pitchHz=533.36 pitchCents=3233.1
2025-12-14 07:38:04 [tracker] [s1] onset t=4.036 env=0.00097 gate=0.00002 envDelta=0.00095 envFloor=0.00065 onset=0.993 thresh=0.006 onsetDelta=0.98727 baseline=0.00043 adaptive=0.00108 lastPeak=0.00000 guard=0.060 activeAge=-1.000 pitch=533.36Hz pitchCents=3233.1
2025-12-14 07:38:04 [tracker] [s2] onset t=4.116 env=0.00168 gate=0.00001 envDelta=0.00167 envFloor=0.00101 onset=0.684 thresh=0.009 onsetDelta=0.67518 baseline=0.00067 adaptive=0.00168 lastPeak=0.00000 guard=0.060 activeAge=-1.000 pitch=-1.00Hz pitchCents=0.0
2025-12-14 07:38:04 [tracker] [s1] aubio-raw t=4.1427 onset=0.999829 env=0.000905 peak=0.002454 gain=1.000
2025-12-14 07:38:04 [tracker] [s1] onset-accepted t=4.1427 env=0.000905 gate=0.000023 envDelta=0.000882 envFloor=0.000617 onset=0.999829 thresh=0.006000 onsetDelta=0.993829 baseline=0.000411 floor=0.000180 adapt=0.001028 lastPeak=0.000000 baseParam=0.000180 gateRatio=0.0550 envParam=0.000450 onsetScale=0.300 retriggerScale=1.400 guard=0.060 guardRemain=0.000 activeAge=-1.000 retrigRemain=0.000 pitchHz=-1.00 pitchCents=0.0
2025-12-14 07:38:04 [tracker] [s1] onset t=4.143 env=0.00090 gate=0.00002 envDelta=0.00088 envFloor=0.00062 onset=1.000 thresh=0.006 onsetDelta=0.99383 baseline=0.00041 adaptive=0.00103 lastPeak=0.00000 guard=0.060 activeAge=-1.000 pitch=-1.00Hz pitchCents=0.0
2025-12-14 07:38:04 [tracker] [s6] onset t=4.191 env=0.00212 gate=0.00021 envDelta=0.00192 envFloor=0.00124 onset=0.878 thresh=0.018 onsetDelta=0.86001 baseline=0.00083 adaptive=0.00206 lastPeak=0.00000 guard=0.060 activeAge=-1.000 pitch=-1.00Hz pitchCents=0.0
2025-12-14 07:38:04 [tracker] [s1] aubio-raw t=4.1960 onset=1.169691 env=0.000693 peak=0.002014 gain=1.000
2025-12-14 07:38:04 [tracker] [s1] onset-accepted t=4.1960 env=0.000693 gate=0.000022 envDelta=0.000671 envFloor=0.000607 onset=1.169691 thresh=0.006000 onsetDelta=1.163691 baseline=0.000405 floor=0.000180 adapt=0.001012 lastPeak=0.000000 baseParam=0.000180 gateRatio=0.0550 envParam=0.000450 onsetScale=0.300 retriggerScale=1.400 guard=0.060 guardRemain=0.000 activeAge=-1.000 retrigRemain=0.000 pitchHz=94.11 pitchCents=229.9
2025-12-14 07:38:04 [tracker] [s1] onset t=4.196 env=0.00069 gate=0.00002 envDelta=0.00067 envFloor=0.00061 onset=1.170 thresh=0.006 onsetDelta=1.16369 baseline=0.00040 adaptive=0.00101 lastPeak=0.00000 guard=0.060 activeAge=-1.000 pitch=94.11Hz pitchCents=229.9
2025-12-14 07:38:04 [tracker] [s5] onset t=4.207 env=0.00180 gate=0.00015 envDelta=0.00164 envFloor=0.00110 onset=0.996 thresh=0.016 onsetDelta=0.98011 baseline=0.00074 adaptive=0.00184 lastPeak=0.00000 guard=0.060 activeAge=-1.000 pitch=-1.00Hz pitchCents=0.0
2025-12-14 07:38:04 [tracker] [s3] onset t=4.244 env=0.00161 gate=0.00008 envDelta=0.00153 envFloor=0.00095 onset=0.996 thresh=0.012 onsetDelta=0.98465 baseline=0.00064 adaptive=0.00159 lastPeak=0.00000 guard=0.060 activeAge=-1.000 pitch=-1.00Hz pitchCents=0.0
2025-12-14 07:38:04 [tracker] [s1] aubio-raw t=4.2600 onset=1.198146 env=0.000804 peak=0.001647 gain=1.000
2025-12-14 07:38:04 [tracker] [s1] onset-accepted t=4.2600 env=0.000804 gate=0.000023 envDelta=0.000781 envFloor=0.000637 onset=1.198146 thresh=0.006000 onsetDelta=1.192146 baseline=0.000425 floor=0.000180 adapt=0.001062 lastPeak=0.000000 baseParam=0.000180 gateRatio=0.0550 envParam=0.000450 onsetScale=0.300 retriggerScale=1.400 guard=0.060 guardRemain=0.000 activeAge=-1.000 retrigRemain=0.000 pitchHz=-1.00 pitchCents=0.0
2025-12-14 07:38:04 [tracker] [s4] onset t=4.276 env=0.00145 gate=0.00012 envDelta=0.00133 envFloor=0.00104 onset=1.027 thresh=0.014 onsetDelta=1.01260 baseline=0.00069 adaptive=0.00173 lastPeak=0.00000 guard=0.060 activeAge=-1.000 pitch=-1.00Hz pitchCents=0.0
2025-12-14 07:38:04 [tracker] [s6] onset t=4.441 env=0.00168 gate=0.00021 envDelta=0.00148 envFloor=0.00124 onset=1.402 thresh=0.018 onsetDelta=1.38354 baseline=0.00083 adaptive=0.00207 lastPeak=0.00000 guard=0.060 activeAge=-1.000 pitch=-1.00Hz pitchCents=0.0
2025-12-14 07:38:04 [tracker] [s1] aubio-raw t=4.4760 onset=1.014154 env=0.000952 peak=0.002354 gain=1.000
2025-12-14 07:38:04 [tracker] [s1] onset-accepted t=4.4760 env=0.000952 gate=0.000024 envDelta=0.000928 envFloor=0.000654 onset=1.014154 thresh=0.006000 onsetDelta=1.008154 baseline=0.000436 floor=0.000180 adapt=0.001090 lastPeak=0.000000 baseParam=0.000180 gateRatio=0.0550 envParam=0.000450 onsetScale=0.300 retriggerScale=1.400 guard=0.060 guardRemain=0.000 activeAge=-1.000 retrigRemain=0.000 pitchHz=-1.00 pitchCents=0.0
2025-12-14 07:38:04 [tracker] [s1] onset t=4.476 env=0.00095 gate=0.00002 envDelta=0.00093 envFloor=0.00065 onset=1.014 thresh=0.006 onsetDelta=1.00815 baseline=0.00044 adaptive=0.00109 lastPeak=0.00000 guard=0.060 activeAge=-1.000 pitch=-1.00Hz pitchCents=0.0
2025-12-14 07:38:05 [tracker] [s5] onset t=4.521 env=0.00173 gate=0.00014 envDelta=0.00159 envFloor=0.00103 onset=1.054 thresh=0.016 onsetDelta=1.03784 baseline=0.00069 adaptive=0.00172 lastPeak=0.00000 guard=0.060 activeAge=-1.000 pitch=-1.00Hz pitchCents=0.0
2025-12-14 07:38:05 [tracker] [s3] onset t=4.604 env=0.00119 gate=0.00008 envDelta=0.00111 envFloor=0.00092 onset=1.046 thresh=0.012 onsetDelta=1.03405 baseline=0.00062 adaptive=0.00154 lastPeak=0.00000 guard=0.060 activeAge=-1.000 pitch=-1.00Hz pitchCents=0.0
2025-12-14 07:38:05 [tracker] [s6] onset t=4.607 env=0.00209 gate=0.00022 envDelta=0.00188 envFloor=0.00129 onset=1.042 thresh=0.018 onsetDelta=1.02404 baseline=0.00086 adaptive=0.00215 lastPeak=0.00000 guard=0.060 activeAge=-1.000 pitch=-1.00Hz pitchCents=0.0
2025-12-14 07:38:05 [tracker] [s2] onset t=4.633 env=0.00183 gate=0.00001 envDelta=0.00183 envFloor=0.00099 onset=1.293 thresh=0.009 onsetDelta=1.28415 baseline=0.00066 adaptive=0.00165 lastPeak=0.00000 guard=0.060 activeAge=-1.000 pitch=-1.00Hz pitchCents=0.0
2025-12-14 07:38:05 [tracker] [s3] onset t=4.684 env=0.00156 gate=0.00008 envDelta=0.00148 envFloor=0.00093 onset=1.047 thresh=0.012 onsetDelta=1.03505 baseline=0.00062 adaptive=0.00154 lastPeak=0.00000 guard=0.060 activeAge=-1.000 pitch=-1.00Hz pitchCents=0.0
2025-12-14 07:38:05 [tracker] [s2] onset t=4.764 env=0.00153 gate=0.00001 envDelta=0.00152 envFloor=0.00102 onset=0.584 thresh=0.009 onsetDelta=0.57486 baseline=0.00068 adaptive=0.00169 lastPeak=0.00000 guard=0.060 activeAge=-1.000 pitch=98.77Hz pitchCents=-186.5
2025-12-14 07:38:05 [tracker] [s2] note-start t=4.764 fret=0 midi=45 vel=0.02 env=0.00153
2025-12-14 07:38:05 [tracker] [s3] onset t=4.807 env=0.00140 gate=0.00008 envDelta=0.00132 envFloor=0.00091 onset=0.945 thresh=0.012 onsetDelta=0.93381 baseline=0.00061 adaptive=0.00152 lastPeak=0.00000 guard=0.060 activeAge=-1.000 pitch=-1.00Hz pitchCents=0.0
2025-12-14 07:38:05 [tracker] [s6] onset t=4.911 env=0.00162 gate=0.00019 envDelta=0.00142 envFloor=0.00117 onset=1.112 thresh=0.018 onsetDelta=1.09380 baseline=0.00078 adaptive=0.00194 lastPeak=0.00000 guard=0.060 activeAge=-1.000 pitch=-1.00Hz pitchCents=0.0
2025-12-14 07:38:05 [tracker] [s2] onset t=4.969 env=0.00144 gate=0.00001 envDelta=0.00143 envFloor=0.00098 onset=1.044 thresh=0.009 onsetDelta=1.03524 baseline=0.00094 adaptive=0.00163 lastPeak=0.00104 guard=0.060 activeAge=0.205 pitch=166.66Hz pitchCents=719.3
2025-12-14 07:38:05 [tracker] [s2] note-ended (new onset) t=4.969 fret=0 dur=0.205
2025-12-14 07:38:05 [tracker] [s3] onset t=5.031 env=0.00171 gate=0.00008 envDelta=0.00163 envFloor=0.00093 onset=1.163 thresh=0.012 onsetDelta=1.15125 baseline=0.00062 adaptive=0.00155 lastPeak=0.00000 guard=0.060 activeAge=-1.000 pitch=-1.00Hz pitchCents=0.0
2025-12-14 07:38:05 [tracker] [s2] onset t=5.089 env=0.00150 gate=0.00001 envDelta=0.00149 envFloor=0.00096 onset=0.610 thresh=0.009 onsetDelta=0.60124 baseline=0.00075 adaptive=0.00160 lastPeak=0.00083 guard=0.060 activeAge=-1.000 pitch=-1.00Hz pitchCents=0.0
2025-12-14 07:38:05 [tracker] [s4] onset t=5.089 env=0.00150 gate=0.00011 envDelta=0.00138 envFloor=0.00101 onset=1.311 thresh=0.014 onsetDelta=1.29672 baseline=0.00067 adaptive=0.00168 lastPeak=0.00000 guard=0.060 activeAge=-1.000 pitch=-1.00Hz pitchCents=0.0
2025-12-14 07:38:05 [tracker] [s5] onset t=5.148 env=0.00159 gate=0.00015 envDelta=0.00144 envFloor=0.00108 onset=0.604 thresh=0.016 onsetDelta=0.58774 baseline=0.00072 adaptive=0.00180 lastPeak=0.00000 guard=0.060 activeAge=-1.000 pitch=-1.00Hz pitchCents=0.0
2025-12-14 07:38:05 [tracker] [s1] aubio-raw t=5.3053 onset=0.944906 env=0.000877 peak=0.002567 gain=1.000
2025-12-14 07:38:05 [tracker] [s1] onset-accepted t=5.3053 env=0.000877 gate=0.000024 envDelta=0.000854 envFloor=0.000647 onset=0.944906 thresh=0.006000 onsetDelta=0.938906 baseline=0.000432 floor=0.000180 adapt=0.001079 lastPeak=0.000000 baseParam=0.000180 gateRatio=0.0550 envParam=0.000450 onsetScale=0.300 retriggerScale=1.400 guard=0.060 guardRemain=0.000 activeAge=-1.000 retrigRemain=0.000 pitchHz=-1.00 pitchCents=0.0
2025-12-14 07:38:05 [tracker] [s4] onset t=5.316 env=0.00139 gate=0.00011 envDelta=0.00127 envFloor=0.00100 onset=0.903 thresh=0.014 onsetDelta=0.88948 baseline=0.00066 adaptive=0.00166 lastPeak=0.00000 guard=0.060 activeAge=-1.000 pitch=-1.00Hz pitchCents=0.0
2025-12-14 07:38:05 [tracker] [s4] onset t=5.425 env=0.00151 gate=0.00012 envDelta=0.00140 envFloor=0.00102 onset=0.871 thresh=0.014 onsetDelta=0.85655 baseline=0.00068 adaptive=0.00169 lastPeak=0.00000 guard=0.060 activeAge=-1.000 pitch=-1.00Hz pitchCents=0.0
2025-12-14 07:38:06 [tracker] [s6] onset t=5.505 env=0.00180 gate=0.00021 envDelta=0.00159 envFloor=0.00126 onset=0.999 thresh=0.018 onsetDelta=0.98076 baseline=0.00084 adaptive=0.00210 lastPeak=0.00000 guard=0.060 activeAge=-1.000 pitch=-1.00Hz pitchCents=0.0
2025-12-14 07:38:06 [tracker] [s5] onset t=5.577 env=0.00145 gate=0.00015 envDelta=0.00131 envFloor=0.00106 onset=0.998 thresh=0.016 onsetDelta=0.98184 baseline=0.00071 adaptive=0.00177 lastPeak=0.00000 guard=0.060 activeAge=-1.000 pitch=-1.00Hz pitchCents=0.0
2025-12-14 07:38:06 [tracker] [s5] onset t=5.740 env=0.00150 gate=0.00015 envDelta=0.00135 envFloor=0.00108 onset=1.300 thresh=0.016 onsetDelta=1.28404 baseline=0.00072 adaptive=0.00181 lastPeak=0.00000 guard=0.060 activeAge=-1.000 pitch=-1.00Hz pitchCents=0.0
2025-12-14 07:38:06 [tracker] [s4] onset t=5.743 env=0.00149 gate=0.00012 envDelta=0.00138 envFloor=0.00102 onset=1.144 thresh=0.014 onsetDelta=1.12957 baseline=0.00068 adaptive=0.00171 lastPeak=0.00000 guard=0.060 activeAge=-1.000 pitch=-1.00Hz pitchCents=0.0
2025-12-14 07:38:06 [tracker] [s4] onset t=5.857 env=0.00153 gate=0.00012 envDelta=0.00141 envFloor=0.00104 onset=0.820 thresh=0.014 onsetDelta=0.80595 baseline=0.00069 adaptive=0.00173 lastPeak=0.00000 guard=0.060 activeAge=-1.000 pitch=-1.00Hz pitchCents=0.0
2025-12-14 07:38:06 [tracker] [s1] aubio-raw t=5.8946 onset=0.841416 env=0.001080 peak=0.002409 gain=1.000
2025-12-14 07:38:06 [tracker] [s1] onset-accepted t=5.8946 env=0.001080 gate=0.000024 envDelta=0.001056 envFloor=0.000652 onset=0.841416 thresh=0.006000 onsetDelta=0.835416 baseline=0.000435 floor=0.000180 adapt=0.001087 lastPeak=0.000000 baseParam=0.000180 gateRatio=0.0550 envParam=0.000450 onsetScale=0.300 retriggerScale=1.400 guard=0.060 guardRemain=0.000 activeAge=-1.000 retrigRemain=0.000 pitchHz=-1.00 pitchCents=0.0
2025-12-14 07:38:06 [tracker] [s1] onset t=5.895 env=0.00108 gate=0.00002 envDelta=0.00106 envFloor=0.00065 onset=0.841 thresh=0.006 onsetDelta=0.83542 baseline=0.00043 adaptive=0.00109 lastPeak=0.00000 guard=0.060 activeAge=-1.000 pitch=-1.00Hz pitchCents=0.0
2025-12-14 07:38:06 [tracker] [s3] onset t=5.895 env=0.00162 gate=0.00008 envDelta=0.00154 envFloor=0.00095 onset=0.984 thresh=0.012 onsetDelta=0.97195 baseline=0.00063 adaptive=0.00158 lastPeak=0.00000 guard=0.060 activeAge=-1.000 pitch=-1.00Hz pitchCents=0.0
2025-12-14 07:38:06 [tracker] [s2] onset t=5.916 env=0.00138 gate=0.00001 envDelta=0.00137 envFloor=0.00099 onset=1.104 thresh=0.009 onsetDelta=1.09451 baseline=0.00066 adaptive=0.00165 lastPeak=0.00018 guard=0.060 activeAge=-1.000 pitch=-1.00Hz pitchCents=0.0
2025-12-14 07:38:06 [tracker] [s6] onset t=5.935 env=0.00174 gate=0.00020 envDelta=0.00154 envFloor=0.00122 onset=0.964 thresh=0.018 onsetDelta=0.94566 baseline=0.00081 adaptive=0.00203 lastPeak=0.00000 guard=0.060 activeAge=-1.000 pitch=-1.00Hz pitchCents=0.0
2025-12-14 07:38:06 [sessionwavs] wrote 6 wav files to /home/general/SignalAssistant/logs/sessionwavs/session-20251214-073800 (shutdown)
# Session closed at 2025-12-14 07:38:06
