# SignalAssistant session log
# Started at 2025-12-16 05:23:43
2025-12-16 05:23:43 [session] mode=live session='' path='' duration=0.00 files=0
2025-12-16 05:23:43 [tracker-settings] TrackerConfig onsetThreshold=0.02000 minNoteDurSec=0.045 hopSec=0.010 slideDelta=120.0 bendDelta=35.0
2025-12-16 05:23:43 [tracker-settings] string1 midi=40 lowCut=37.08Hz highCut=445.00Hz baseline=0.000180 gateRatio=0.05500 envFloor=0.000450 sustainScale=0.580 retriggerScale=1.400 peakRelease=0.120 pitchTol=0.400 onsetScale=0.006
2025-12-16 05:23:43 [tracker-settings] string3 midi=50 lowCut=85.16Hz highCut=693.05Hz baseline=0.000260 gateRatio=0.13000 envFloor=0.000650 sustainScale=0.820 retriggerScale=1.100 peakRelease=0.140 pitchTol=0.450 onsetScale=0.012
2025-12-16 05:23:43 [tracker-settings] string4 midi=55 lowCut=127.40Hz highCut=862.39Hz baseline=0.000320 gateRatio=0.17000 envFloor=0.000780 sustainScale=1.000 retriggerScale=1.000 peakRelease=0.160 pitchTol=0.440 onsetScale=0.014
2025-12-16 05:23:43 [tracker-settings] string5 midi=59 lowCut=160.51Hz highCut=1086.54Hz baseline=0.000370 gateRatio=0.21000 envFloor=0.000900 sustainScale=1.000 retriggerScale=1.000 peakRelease=0.180 pitchTol=0.500 onsetScale=0.016
2025-12-16 05:23:43 [tracker-settings] string6 midi=64 lowCut=214.26Hz highCut=1450.36Hz baseline=0.000420 gateRatio=0.25000 envFloor=0.001050 sustainScale=1.000 retriggerScale=1.000 peakRelease=0.200 pitchTol=0.550 onsetScale=0.018
2025-12-16 05:23:43 [tracker] [s1] calibration reset target=0.00180 gain=1.000
2025-12-16 05:23:43 [tracker] [s2] calibration reset target=0.00180 gain=1.000
2025-12-16 05:23:43 [tracker] [s3] calibration reset target=0.00180 gain=1.000
2025-12-16 05:23:43 [tracker] [s4] calibration reset target=0.00180 gain=1.000
2025-12-16 05:23:43 [tracker] [s5] calibration reset target=0.00180 gain=1.000
2025-12-16 05:23:43 [tracker] [s6] calibration reset target=0.00180 gain=1.000
2025-12-16 05:23:43 [calibration] Loading calibration profile multipliers into parameters
2025-12-16 05:23:43 [calibration] String 1: setting multiplier to 6.317
2025-12-16 05:23:43 [calibration] String 2: setting multiplier to 8.000
2025-12-16 05:23:43 [calibration] String 3: setting multiplier to 8.000
2025-12-16 05:23:43 [calibration] String 4: setting multiplier to 8.000
2025-12-16 05:23:43 [calibration] String 5: setting multiplier to 8.000
2025-12-16 05:23:43 [calibration] String 6: setting multiplier to 8.000
2025-12-16 05:23:43 [tracker] [s1] calibration avg=0.03970 target=0.00180 gain=1.000
2025-12-16 05:23:43 [tracker] [s2] calibration avg=0.01940 target=0.00180 gain=1.000
2025-12-16 05:23:43 [tracker] [s3] calibration avg=0.01411 target=0.00180 gain=1.000
2025-12-16 05:23:43 [tracker] [s4] calibration avg=0.03018 target=0.00180 gain=1.000
2025-12-16 05:23:43 [tracker] [s5] calibration avg=0.02970 target=0.00180 gain=1.000
2025-12-16 05:23:43 [tracker] [s6] calibration avg=0.02331 target=0.00180 gain=1.000
2025-12-16 05:23:44 [tracker] [s1] configure sr=48000.0 hop=128 fft=1024 low=37.1 high=445.0
2025-12-16 05:23:44 [tracker] [s1] params baseline=0.000180 gate=0.0550 envFloor=0.000450 sustain=0.580 retrigger=1.400 peakRelease=0.120 pitchTol=0.400 onsetScale=0.006 aubioScale=1.20 aubioThresh=0.024 onsetSilence=-85.0 pitchSilence=-90.0
2025-12-16 05:23:44 [tracker] [s2] configure sr=48000.0 hop=128 fft=1024 low=55.0 high=563.2
2025-12-16 05:23:44 [tracker] [s2] params baseline=0.000220 gate=0.0100 envFloor=0.000100 sustain=1.500 retrigger=1.250 peakRelease=0.130 pitchTol=0.400 onsetScale=0.009 aubioScale=1.35 aubioThresh=0.027 onsetSilence=-85.0 pitchSilence=-90.0
2025-12-16 05:23:44 [tracker] [s3] configure sr=48000.0 hop=128 fft=1024 low=85.2 high=693.0
2025-12-16 05:23:44 [tracker] [s3] params baseline=0.000260 gate=0.1300 envFloor=0.000650 sustain=0.820 retrigger=1.100 peakRelease=0.140 pitchTol=0.450 onsetScale=0.012 aubioScale=1.60 aubioThresh=0.032 onsetSilence=-75.0 pitchSilence=-80.0
2025-12-16 05:23:44 [tracker] [s4] configure sr=48000.0 hop=128 fft=1024 low=127.4 high=862.4
2025-12-16 05:23:44 [tracker] [s4] params baseline=0.000320 gate=0.1700 envFloor=0.000780 sustain=1.000 retrigger=1.000 peakRelease=0.160 pitchTol=0.440 onsetScale=0.014 aubioScale=1.80 aubioThresh=0.036 onsetSilence=-75.0 pitchSilence=-80.0
2025-12-16 05:23:44 [tracker] [s5] configure sr=48000.0 hop=128 fft=512 low=160.5 high=1086.5
2025-12-16 05:23:44 [tracker] [s5] params baseline=0.000370 gate=0.2100 envFloor=0.000900 sustain=1.000 retrigger=1.000 peakRelease=0.180 pitchTol=0.500 onsetScale=0.016 aubioScale=1.80 aubioThresh=0.036 onsetSilence=-75.0 pitchSilence=-80.0
2025-12-16 05:23:44 [tracker] [s6] configure sr=48000.0 hop=128 fft=512 low=214.3 high=1450.4
2025-12-16 05:23:44 [tracker] [s6] params baseline=0.000420 gate=0.2500 envFloor=0.001050 sustain=1.000 retrigger=1.000 peakRelease=0.200 pitchTol=0.550 onsetScale=0.018 aubioScale=1.80 aubioThresh=0.036 onsetSilence=-75.0 pitchSilence=-80.0
2025-12-16 05:23:44 [tracker] [s1] aubio-raw t=0.0040 onset=4.000000 env=0.000984 peak=0.002459 gain=1.000
2025-12-16 05:23:44 [tracker] [s1] onset-accepted t=0.0040 env=0.000984 gate=0.000022 envDelta=0.000962 envFloor=0.000600 onset=4.000000 thresh=0.006000 onsetDelta=3.994000 baseline=0.000400 floor=0.000180 adapt=0.001000 lastPeak=0.000000 baseParam=0.000180 gateRatio=0.0550 envParam=0.000450 onsetScale=0.300 retriggerScale=1.400 guard=0.060 guardRemain=0.000 activeAge=-1.000 retrigRemain=0.000 pitchHz=125.16 pitchCents=723.6
2025-12-16 05:23:44 [tracker] [s1] onset t=0.004 env=0.00098 gate=0.00002 envDelta=0.00096 envFloor=0.00060 onset=4.000 thresh=0.006 onsetDelta=3.99400 baseline=0.00040 adaptive=0.00100 lastPeak=0.00000 guard=0.060 activeAge=-1.000 pitch=125.16Hz pitchCents=723.6
2025-12-16 05:23:44 [tracker] [s2] onset t=0.004 env=0.00108 gate=0.00000 envDelta=0.00108 envFloor=0.00061 onset=4.000 thresh=0.009 onsetDelta=3.99100 baseline=0.00040 adaptive=0.00101 lastPeak=0.00000 guard=0.060 activeAge=-1.000 pitch=125.16Hz pitchCents=223.6
2025-12-16 05:23:44 [tracker] [s3] onset t=0.004 env=0.00162 gate=0.00006 envDelta=0.00156 envFloor=0.00066 onset=4.000 thresh=0.012 onsetDelta=3.98840 baseline=0.00044 adaptive=0.00109 lastPeak=0.00000 guard=0.060 activeAge=-1.000 pitch=125.16Hz pitchCents=-276.4
2025-12-16 05:23:44 [tracker] [s4] onset t=0.004 env=0.00163 gate=0.00007 envDelta=0.00155 envFloor=0.00078 onset=4.000 thresh=0.014 onsetDelta=3.98600 baseline=0.00044 adaptive=0.00109 lastPeak=0.00000 guard=0.060 activeAge=-1.000 pitch=125.16Hz pitchCents=-776.4
2025-12-16 05:23:44 [tracker] [s5] onset t=0.004 env=0.00167 gate=0.00009 envDelta=0.00158 envFloor=0.00090 onset=4.000 thresh=0.016 onsetDelta=3.98400 baseline=0.00044 adaptive=0.00110 lastPeak=0.00000 guard=0.060 activeAge=-1.000 pitch=376.47Hz pitchCents=730.0
2025-12-16 05:23:44 [tracker] [s6] onset t=0.004 env=0.00205 gate=0.00012 envDelta=0.00193 envFloor=0.00105 onset=4.000 thresh=0.018 onsetDelta=3.98200 baseline=0.00046 adaptive=0.00116 lastPeak=0.00000 guard=0.060 activeAge=-1.000 pitch=376.47Hz pitchCents=230.0
2025-12-16 05:23:44 [tracker] [s2] onset t=0.076 env=0.00138 gate=0.00001 envDelta=0.00137 envFloor=0.00079 onset=1.141 thresh=0.009 onsetDelta=1.13155 baseline=0.00053 adaptive=0.00131 lastPeak=0.00000 guard=0.060 activeAge=-1.000 pitch=95.24Hz pitchCents=-249.5
2025-12-16 05:23:44 [tracker] [s5] onset t=0.127 env=0.00153 gate=0.00014 envDelta=0.00139 envFloor=0.00099 onset=1.053 thresh=0.016 onsetDelta=1.03722 baseline=0.00066 adaptive=0.00165 lastPeak=0.00000 guard=0.060 activeAge=-1.000 pitch=-1.00Hz pitchCents=0.0
2025-12-16 05:23:44 [tracker] [s6] onset t=0.140 env=0.00174 gate=0.00020 envDelta=0.00155 envFloor=0.00117 onset=1.164 thresh=0.018 onsetDelta=1.14636 baseline=0.00078 adaptive=0.00195 lastPeak=0.00000 guard=0.060 activeAge=-1.000 pitch=-1.00Hz pitchCents=0.0
2025-12-16 05:23:44 [tracker] [s2] onset t=0.151 env=0.00119 gate=0.00000 envDelta=0.00119 envFloor=0.00074 onset=0.999 thresh=0.009 onsetDelta=0.98996 baseline=0.00049 adaptive=0.00124 lastPeak=0.00000 guard=0.060 activeAge=-1.000 pitch=380.92Hz pitchCents=2150.4
2025-12-16 05:23:44 [tracker] [s4] onset t=0.156 env=0.00115 gate=0.00010 envDelta=0.00105 envFloor=0.00090 onset=0.930 thresh=0.014 onsetDelta=0.91574 baseline=0.00060 adaptive=0.00150 lastPeak=0.00000 guard=0.060 activeAge=-1.000 pitch=-1.00Hz pitchCents=0.0
2025-12-16 05:23:44 [tracker] [s6] onset t=0.217 env=0.00164 gate=0.00019 envDelta=0.00145 envFloor=0.00113 onset=1.102 thresh=0.018 onsetDelta=1.08365 baseline=0.00075 adaptive=0.00188 lastPeak=0.00000 guard=0.060 activeAge=-1.000 pitch=-1.00Hz pitchCents=0.0
2025-12-16 05:23:44 [tracker] [s6] onset t=0.273 env=0.00191 gate=0.00020 envDelta=0.00171 envFloor=0.00119 onset=1.172 thresh=0.018 onsetDelta=1.15381 baseline=0.00079 adaptive=0.00198 lastPeak=0.00000 guard=0.060 activeAge=-1.000 pitch=-1.00Hz pitchCents=0.0
2025-12-16 05:23:44 [tracker] [s1] aubio-raw t=0.2947 onset=1.454415 env=0.000587 peak=0.001548 gain=1.000
2025-12-16 05:23:44 [tracker] [s1] onset-accepted t=0.2947 env=0.000587 gate=0.000018 envDelta=0.000569 envFloor=0.000495 onset=1.454415 thresh=0.006000 onsetDelta=1.448415 baseline=0.000330 floor=0.000180 adapt=0.000825 lastPeak=0.000000 baseParam=0.000180 gateRatio=0.0550 envParam=0.000450 onsetScale=0.300 retriggerScale=1.400 guard=0.060 guardRemain=0.000 activeAge=-1.000 retrigRemain=0.000 pitchHz=112.68 pitchCents=541.6
2025-12-16 05:23:44 [tracker] [s1] onset t=0.295 env=0.00059 gate=0.00002 envDelta=0.00057 envFloor=0.00049 onset=1.454 thresh=0.006 onsetDelta=1.44842 baseline=0.00033 adaptive=0.00082 lastPeak=0.00000 guard=0.060 activeAge=-1.000 pitch=112.68Hz pitchCents=541.6
2025-12-16 05:23:44 [tracker] [s1] note-start t=0.295 fret=10 midi=50 vel=0.01 env=0.00059
2025-12-16 05:23:44 [tracker] [s2] onset t=0.433 env=0.00139 gate=0.00001 envDelta=0.00139 envFloor=0.00082 onset=0.996 thresh=0.009 onsetDelta=0.98701 baseline=0.00055 adaptive=0.00137 lastPeak=0.00000 guard=0.060 activeAge=-1.000 pitch=103.90Hz pitchCents=-98.8
2025-12-16 05:23:44 [tracker] [s3] onset t=0.449 env=0.00118 gate=0.00008 envDelta=0.00110 envFloor=0.00088 onset=0.996 thresh=0.012 onsetDelta=0.98447 baseline=0.00059 adaptive=0.00147 lastPeak=0.00000 guard=0.060 activeAge=-1.000 pitch=-1.00Hz pitchCents=0.0
2025-12-16 05:23:44 [tracker] [s4] onset t=0.479 env=0.00140 gate=0.00010 envDelta=0.00129 envFloor=0.00092 onset=1.338 thresh=0.014 onsetDelta=1.32424 baseline=0.00062 adaptive=0.00154 lastPeak=0.00000 guard=0.060 activeAge=-1.000 pitch=-1.00Hz pitchCents=0.0
2025-12-16 05:23:44 [tracker] [s5] onset t=0.513 env=0.00134 gate=0.00014 envDelta=0.00120 envFloor=0.00102 onset=1.004 thresh=0.016 onsetDelta=0.98843 baseline=0.00068 adaptive=0.00170 lastPeak=0.00000 guard=0.060 activeAge=-1.000 pitch=-1.00Hz pitchCents=0.0
2025-12-16 05:23:44 [tracker] [s5] onset t=0.615 env=0.00150 gate=0.00014 envDelta=0.00137 envFloor=0.00096 onset=1.043 thresh=0.016 onsetDelta=1.02656 baseline=0.00064 adaptive=0.00161 lastPeak=0.00000 guard=0.060 activeAge=-1.000 pitch=-1.00Hz pitchCents=0.0
2025-12-16 05:23:44 [tracker] [s6] onset t=0.687 env=0.00196 gate=0.00021 envDelta=0.00175 envFloor=0.00124 onset=1.072 thresh=0.018 onsetDelta=1.05354 baseline=0.00083 adaptive=0.00206 lastPeak=0.00000 guard=0.060 activeAge=-1.000 pitch=-1.00Hz pitchCents=0.0
2025-12-16 05:23:44 [tracker] [s3] onset t=0.753 env=0.00132 gate=0.00007 envDelta=0.00124 envFloor=0.00086 onset=0.840 thresh=0.012 onsetDelta=0.82828 baseline=0.00057 adaptive=0.00143 lastPeak=0.00000 guard=0.060 activeAge=-1.000 pitch=-1.00Hz pitchCents=0.0
2025-12-16 05:23:44 [tracker] [s6] onset t=0.868 env=0.00182 gate=0.00020 envDelta=0.00162 envFloor=0.00121 onset=0.985 thresh=0.018 onsetDelta=0.96655 baseline=0.00081 adaptive=0.00202 lastPeak=0.00000 guard=0.060 activeAge=-1.000 pitch=-1.00Hz pitchCents=0.0
2025-12-16 05:23:44 [tracker] [s2] onset t=0.903 env=0.00117 gate=0.00000 envDelta=0.00116 envFloor=0.00073 onset=0.995 thresh=0.009 onsetDelta=0.98573 baseline=0.00049 adaptive=0.00121 lastPeak=0.00000 guard=0.060 activeAge=-1.000 pitch=148.15Hz pitchCents=515.5
2025-12-16 05:23:44 [tracker] [s2] note-start t=0.903 fret=0 midi=45 vel=0.01 env=0.00117
2025-12-16 05:23:44 [tracker] [s3] onset t=0.935 env=0.00134 gate=0.00007 envDelta=0.00126 envFloor=0.00084 onset=0.720 thresh=0.012 onsetDelta=0.70829 baseline=0.00056 adaptive=0.00140 lastPeak=0.00000 guard=0.060 activeAge=-1.000 pitch=-1.00Hz pitchCents=0.0
2025-12-16 05:23:45 [tracker] [s1] aubio-raw t=0.9987 onset=0.995277 env=0.000933 peak=0.002202 gain=1.000
2025-12-16 05:23:45 [tracker] [s1] onset t=0.999 env=0.00093 gate=0.00002 envDelta=0.00091 envFloor=0.00050 onset=0.995 thresh=0.006 onsetDelta=0.98928 baseline=0.00033 adaptive=0.00083 lastPeak=0.00016 guard=0.060 activeAge=0.704 pitch=98.77Hz pitchCents=313.5
2025-12-16 05:23:45 [tracker] [s1] note-ended (new onset) t=0.999 fret=10 dur=0.704
2025-12-16 05:23:45 [tracker] [s1] note-start t=0.999 fret=3 midi=43 vel=0.01 env=0.00093
2025-12-16 05:23:45 [tracker] [s1] aubio-raw t=1.0573 onset=0.898222 env=0.000764 peak=0.001818 gain=1.000
2025-12-16 05:23:45 [tracker] [s1] onset-separation-guard t=1.0573 env=0.000764 gate=0.000041 envDelta=0.000723 envFloor=0.000526 onset=0.898222 thresh=0.006000 onsetDelta=0.892222 baseline=0.000752 floor=0.000180 adapt=0.000855 lastPeak=0.000835 baseParam=0.000180 gateRatio=0.0550 envParam=0.000450 onsetScale=0.300 retriggerScale=1.400 guard=0.060 guardRemain=0.001 activeAge=0.059 retrigRemain=0.161 pitchHz=160.00 pitchCents=1148.7
2025-12-16 05:23:45 [tracker] [s5] onset t=1.092 env=0.00174 gate=0.00015 envDelta=0.00159 envFloor=0.00105 onset=0.864 thresh=0.016 onsetDelta=0.84770 baseline=0.00070 adaptive=0.00175 lastPeak=0.00000 guard=0.060 activeAge=-1.000 pitch=-1.00Hz pitchCents=0.0
2025-12-16 05:23:45 [tracker] [s6] onset t=1.121 env=0.00202 gate=0.00021 envDelta=0.00181 envFloor=0.00127 onset=0.617 thresh=0.018 onsetDelta=0.59911 baseline=0.00085 adaptive=0.00212 lastPeak=0.00000 guard=0.060 activeAge=-1.000 pitch=-1.00Hz pitchCents=0.0
2025-12-16 05:23:45 [tracker] [s1] aubio-raw t=1.1773 onset=0.997299 env=0.000873 peak=0.002114 gain=1.000
2025-12-16 05:23:45 [tracker] [s1] onset-accepted t=1.1773 env=0.000873 gate=0.000033 envDelta=0.000840 envFloor=0.000508 onset=0.997299 thresh=0.006000 onsetDelta=0.991299 baseline=0.000600 floor=0.000180 adapt=0.000847 lastPeak=0.000667 baseParam=0.000180 gateRatio=0.0550 envParam=0.000450 onsetScale=0.300 retriggerScale=1.400 guard=0.060 guardRemain=0.000 activeAge=0.179 retrigRemain=0.041 pitchHz=-1.00 pitchCents=0.0
2025-12-16 05:23:45 [tracker] [s1] onset t=1.177 env=0.00087 gate=0.00003 envDelta=0.00084 envFloor=0.00051 onset=0.997 thresh=0.006 onsetDelta=0.99130 baseline=0.00060 adaptive=0.00085 lastPeak=0.00067 guard=0.060 activeAge=0.179 pitch=-1.00Hz pitchCents=0.0
2025-12-16 05:23:45 [tracker] [s1] note-ended (new onset) t=1.177 fret=3 dur=0.179
2025-12-16 05:23:45 [tracker] [s2] onset t=1.231 env=0.00083 gate=0.00001 envDelta=0.00083 envFloor=0.00081 onset=1.034 thresh=0.009 onsetDelta=1.02485 baseline=0.00057 adaptive=0.00135 lastPeak=0.00063 guard=0.060 activeAge=0.328 pitch=108.11Hz pitchCents=-30.0
2025-12-16 05:23:45 [tracker] [s2] note-ended (new onset) t=1.231 fret=0 dur=0.328
2025-12-16 05:23:45 [tracker] [s5] onset t=1.252 env=0.00171 gate=0.00015 envDelta=0.00156 envFloor=0.00105 onset=1.188 thresh=0.016 onsetDelta=1.17228 baseline=0.00070 adaptive=0.00175 lastPeak=0.00000 guard=0.060 activeAge=-1.000 pitch=-1.00Hz pitchCents=0.0
2025-12-16 05:23:45 [tracker] [s1] aubio-raw t=1.2680 onset=1.377985 env=0.000570 peak=0.001356 gain=1.000
2025-12-16 05:23:45 [tracker] [s1] onset-accepted t=1.2680 env=0.000570 gate=0.000028 envDelta=0.000542 envFloor=0.000503 onset=1.377985 thresh=0.006000 onsetDelta=1.371985 baseline=0.000506 floor=0.000180 adapt=0.000839 lastPeak=0.000562 baseParam=0.000180 gateRatio=0.0550 envParam=0.000450 onsetScale=0.300 retriggerScale=1.400 guard=0.060 guardRemain=0.000 activeAge=-1.000 retrigRemain=0.000 pitchHz=123.08 pitchCents=694.5
2025-12-16 05:23:45 [tracker] [s1] onset t=1.268 env=0.00057 gate=0.00003 envDelta=0.00054 envFloor=0.00050 onset=1.378 thresh=0.006 onsetDelta=1.37199 baseline=0.00051 adaptive=0.00084 lastPeak=0.00056 guard=0.060 activeAge=-1.000 pitch=123.08Hz pitchCents=694.5
2025-12-16 05:23:45 [tracker] [s1] note-start t=1.268 fret=10 midi=50 vel=0.01 env=0.00057
2025-12-16 05:23:45 [tracker] [s6] onset t=1.316 env=0.00163 gate=0.00019 envDelta=0.00143 envFloor=0.00116 onset=0.838 thresh=0.018 onsetDelta=0.81962 baseline=0.00077 adaptive=0.00193 lastPeak=0.00000 guard=0.060 activeAge=-1.000 pitch=-1.00Hz pitchCents=0.0
2025-12-16 05:23:45 [tracker] [s6] onset t=1.433 env=0.00197 gate=0.00020 envDelta=0.00177 envFloor=0.00122 onset=1.209 thresh=0.018 onsetDelta=1.19067 baseline=0.00082 adaptive=0.00204 lastPeak=0.00000 guard=0.060 activeAge=-1.000 pitch=-1.00Hz pitchCents=0.0
2025-12-16 05:23:45 [tracker] [s5] onset t=1.439 env=0.00157 gate=0.00015 envDelta=0.00143 envFloor=0.00107 onset=1.019 thresh=0.016 onsetDelta=1.00298 baseline=0.00071 adaptive=0.00178 lastPeak=0.00000 guard=0.060 activeAge=-1.000 pitch=-1.00Hz pitchCents=0.0
2025-12-16 05:23:45 [tracker] [s1] aubio-raw t=1.5027 onset=0.995824 env=0.001197 peak=0.002784 gain=1.000
2025-12-16 05:23:45 [tracker] [s1] onset-accepted t=1.5027 env=0.001197 gate=0.000020 envDelta=0.001177 envFloor=0.000534 onset=0.995824 thresh=0.006000 onsetDelta=0.989824 baseline=0.000356 floor=0.000180 adapt=0.000889 lastPeak=0.000367 baseParam=0.000180 gateRatio=0.0550 envParam=0.000450 onsetScale=0.300 retriggerScale=1.400 guard=0.060 guardRemain=0.000 activeAge=0.235 retrigRemain=0.000 pitchHz=123.08 pitchCents=694.4
2025-12-16 05:23:45 [tracker] [s1] onset t=1.503 env=0.00120 gate=0.00002 envDelta=0.00118 envFloor=0.00053 onset=0.996 thresh=0.006 onsetDelta=0.98982 baseline=0.00036 adaptive=0.00089 lastPeak=0.00037 guard=0.060 activeAge=0.235 pitch=123.08Hz pitchCents=694.4
2025-12-16 05:23:45 [tracker] [s1] note-ended (new onset) t=1.503 fret=10 dur=0.235
2025-12-16 05:23:45 [tracker] [s1] note-start t=1.503 fret=3 midi=43 vel=0.01 env=0.00120
2025-12-16 05:23:45 [tracker] [s1] aubio-raw t=1.6200 onset=0.997730 env=0.000672 peak=0.001826 gain=1.000
2025-12-16 05:23:45 [tracker] [s1] onset-accepted t=1.6200 env=0.000672 gate=0.000048 envDelta=0.000625 envFloor=0.000605 onset=0.997730 thresh=0.006000 onsetDelta=0.991730 baseline=0.000864 floor=0.000180 adapt=0.000831 lastPeak=0.000960 baseParam=0.000180 gateRatio=0.0550 envParam=0.000450 onsetScale=0.300 retriggerScale=1.400 guard=0.060 guardRemain=0.000 activeAge=0.117 retrigRemain=0.103 pitchHz=99.99 pitchCents=334.9
2025-12-16 05:23:45 [tracker] [s1] onset t=1.620 env=0.00067 gate=0.00005 envDelta=0.00062 envFloor=0.00060 onset=0.998 thresh=0.006 onsetDelta=0.99173 baseline=0.00086 adaptive=0.00083 lastPeak=0.00096 guard=0.060 activeAge=0.117 pitch=99.99Hz pitchCents=334.9
2025-12-16 05:23:45 [tracker] [s1] note-ended (new onset) t=1.620 fret=3 dur=0.117
2025-12-16 05:23:45 [tracker] [s4] onset t=1.695 env=0.00171 gate=0.00010 envDelta=0.00161 envFloor=0.00090 onset=0.999 thresh=0.014 onsetDelta=0.98491 baseline=0.00060 adaptive=0.00149 lastPeak=0.00000 guard=0.060 activeAge=-1.000 pitch=-1.00Hz pitchCents=0.0
2025-12-16 05:23:45 [tracker] [s1] aubio-raw t=1.7000 onset=1.045867 env=0.000507 peak=0.001233 gain=1.000
2025-12-16 05:23:45 [tracker] [s1] onset-below-env-floor t=1.7000 env=0.000507 gate=0.000041 envDelta=0.000466 envFloor=0.000520 onset=1.045867 thresh=0.006000 onsetDelta=1.039867 baseline=0.000743 floor=0.000180 adapt=0.000784 lastPeak=0.000826 baseParam=0.000180 gateRatio=0.0550 envParam=0.000450 onsetScale=0.300 retriggerScale=1.400 guard=0.060 guardRemain=0.000 activeAge=-1.000 retrigRemain=0.000 pitchHz=275.82 pitchCents=2091.5
2025-12-16 05:23:45 [tracker] [s3] onset t=1.761 env=0.00139 gate=0.00007 envDelta=0.00132 envFloor=0.00081 onset=0.752 thresh=0.012 onsetDelta=0.74031 baseline=0.00054 adaptive=0.00134 lastPeak=0.00000 guard=0.060 activeAge=-1.000 pitch=-1.00Hz pitchCents=0.0
2025-12-16 05:23:45 [tracker] [s2] onset t=1.804 env=0.00106 gate=0.00001 envDelta=0.00106 envFloor=0.00079 onset=1.358 thresh=0.009 onsetDelta=1.34912 baseline=0.00053 adaptive=0.00131 lastPeak=0.00021 guard=0.060 activeAge=-1.000 pitch=125.00Hz pitchCents=221.3
2025-12-16 05:23:45 [tracker] [s2] note-start t=1.804 fret=1 midi=46 vel=0.01 env=0.00106
2025-12-16 05:23:45 [tracker] [s1] aubio-raw t=1.8120 onset=1.053787 env=0.000732 peak=0.001756 gain=1.000
2025-12-16 05:23:45 [tracker] [s1] onset-accepted t=1.8120 env=0.000732 gate=0.000033 envDelta=0.000699 envFloor=0.000505 onset=1.053787 thresh=0.006000 onsetDelta=1.047787 baseline=0.000602 floor=0.000180 adapt=0.000841 lastPeak=0.000669 baseParam=0.000180 gateRatio=0.0550 envParam=0.000450 onsetScale=0.300 retriggerScale=1.400 guard=0.060 guardRemain=0.000 activeAge=-1.000 retrigRemain=0.000 pitchHz=115.94 pitchCents=591.0
2025-12-16 05:23:45 [tracker] [s1] onset t=1.812 env=0.00073 gate=0.00003 envDelta=0.00070 envFloor=0.00050 onset=1.054 thresh=0.006 onsetDelta=1.04779 baseline=0.00060 adaptive=0.00084 lastPeak=0.00067 guard=0.060 activeAge=-1.000 pitch=115.94Hz pitchCents=591.0
2025-12-16 05:23:45 [tracker] [s1] aubio-raw t=1.9187 onset=0.992609 env=0.000638 peak=0.001878 gain=1.000
2025-12-16 05:23:45 [tracker] [s1] onset-accepted t=1.9187 env=0.000638 gate=0.000027 envDelta=0.000611 envFloor=0.000541 onset=0.992609 thresh=0.006000 onsetDelta=0.986609 baseline=0.000493 floor=0.000180 adapt=0.000902 lastPeak=0.000548 baseParam=0.000180 gateRatio=0.0550 envParam=0.000450 onsetScale=0.300 retriggerScale=1.400 guard=0.060 guardRemain=0.000 activeAge=-1.000 retrigRemain=0.000 pitchHz=100.00 pitchCents=334.9
2025-12-16 05:23:45 [tracker] [s1] onset t=1.919 env=0.00064 gate=0.00003 envDelta=0.00061 envFloor=0.00054 onset=0.993 thresh=0.006 onsetDelta=0.98661 baseline=0.00049 adaptive=0.00090 lastPeak=0.00055 guard=0.060 activeAge=-1.000 pitch=100.00Hz pitchCents=334.9
2025-12-16 05:23:45 [tracker] [s1] note-start t=1.919 fret=3 midi=43 vel=0.01 env=0.00064
2025-12-16 05:23:46 [tracker] [s5] onset t=1.985 env=0.00192 gate=0.00015 envDelta=0.00177 envFloor=0.00109 onset=1.042 thresh=0.016 onsetDelta=1.02606 baseline=0.00073 adaptive=0.00181 lastPeak=0.00000 guard=0.060 activeAge=-1.000 pitch=-1.00Hz pitchCents=0.0
2025-12-16 05:23:46 [tracker] [s4] onset t=2.169 env=0.00137 gate=0.00011 envDelta=0.00127 envFloor=0.00094 onset=1.326 thresh=0.014 onsetDelta=1.31218 baseline=0.00063 adaptive=0.00157 lastPeak=0.00000 guard=0.060 activeAge=-1.000 pitch=-1.00Hz pitchCents=0.0
2025-12-16 05:23:46 [tracker] [s6] onset t=2.188 env=0.00184 gate=0.00020 envDelta=0.00164 envFloor=0.00119 onset=1.173 thresh=0.018 onsetDelta=1.15524 baseline=0.00079 adaptive=0.00198 lastPeak=0.00000 guard=0.060 activeAge=-1.000 pitch=-1.00Hz pitchCents=0.0
2025-12-16 05:23:46 [tracker] [s4] onset t=2.241 env=0.00171 gate=0.00011 envDelta=0.00160 envFloor=0.00094 onset=1.004 thresh=0.014 onsetDelta=0.99017 baseline=0.00063 adaptive=0.00157 lastPeak=0.00000 guard=0.060 activeAge=-1.000 pitch=-1.00Hz pitchCents=0.0
2025-12-16 05:23:46 [tracker] [s2] onset t=2.337 env=0.00176 gate=0.00001 envDelta=0.00175 envFloor=0.00086 onset=1.057 thresh=0.009 onsetDelta=1.04776 baseline=0.00057 adaptive=0.00143 lastPeak=0.00039 guard=0.060 activeAge=0.533 pitch=-1.00Hz pitchCents=0.0
2025-12-16 05:23:46 [tracker] [s2] note-ended (new onset) t=2.337 fret=1 dur=0.533
2025-12-16 05:23:46 [tracker] [s1] aubio-raw t=2.3667 onset=0.771214 env=0.000700 peak=0.001710 gain=1.000
2025-12-16 05:23:46 [tracker] [s1] onset-accepted t=2.3667 env=0.000700 gate=0.000018 envDelta=0.000681 envFloor=0.000495 onset=0.771214 thresh=0.006000 onsetDelta=0.765214 baseline=0.000330 floor=0.000180 adapt=0.000825 lastPeak=0.000275 baseParam=0.000180 gateRatio=0.0550 envParam=0.000450 onsetScale=0.300 retriggerScale=1.400 guard=0.060 guardRemain=0.000 activeAge=0.448 retrigRemain=0.000 pitchHz=163.27 pitchCents=1183.8
2025-12-16 05:23:46 [tracker] [s1] onset t=2.367 env=0.00070 gate=0.00002 envDelta=0.00068 envFloor=0.00049 onset=0.771 thresh=0.006 onsetDelta=0.76521 baseline=0.00033 adaptive=0.00082 lastPeak=0.00028 guard=0.060 activeAge=0.448 pitch=163.27Hz pitchCents=1183.8
2025-12-16 05:23:46 [tracker] [s1] note-ended (new onset) t=2.367 fret=3 dur=0.448
2025-12-16 05:23:46 [tracker] [s1] note-start t=2.367 fret=15 midi=55 vel=0.01 env=0.00070
2025-12-16 05:23:46 [tracker] [s1] aubio-raw t=2.4387 onset=0.993999 env=0.000597 peak=0.001782 gain=1.000
2025-12-16 05:23:46 [tracker] [s1] onset-accepted t=2.4387 env=0.000597 gate=0.000030 envDelta=0.000567 envFloor=0.000457 onset=0.993999 thresh=0.006000 onsetDelta=0.987999 baseline=0.000550 floor=0.000180 adapt=0.000762 lastPeak=0.000611 baseParam=0.000180 gateRatio=0.0550 envParam=0.000450 onsetScale=0.300 retriggerScale=1.400 guard=0.060 guardRemain=0.000 activeAge=0.072 retrigRemain=0.148 pitchHz=133.33 pitchCents=833.0
2025-12-16 05:23:46 [tracker] [s1] onset t=2.439 env=0.00060 gate=0.00003 envDelta=0.00057 envFloor=0.00046 onset=0.994 thresh=0.006 onsetDelta=0.98800 baseline=0.00055 adaptive=0.00076 lastPeak=0.00061 guard=0.060 activeAge=0.072 pitch=133.33Hz pitchCents=833.0
2025-12-16 05:23:46 [tracker] [s1] note-ended (new onset) t=2.439 fret=15 dur=0.072
2025-12-16 05:23:46 [tracker] [s1] note-start t=2.439 fret=15 midi=55 vel=0.01 env=0.00060
2025-12-16 05:23:46 [tracker] [s4] onset t=2.441 env=0.00115 gate=0.00010 envDelta=0.00105 envFloor=0.00088 onset=1.198 thresh=0.014 onsetDelta=1.18360 baseline=0.00059 adaptive=0.00147 lastPeak=0.00000 guard=0.060 activeAge=-1.000 pitch=-1.00Hz pitchCents=0.0
2025-12-16 05:23:46 [tracker] [s3] onset t=2.489 env=0.00118 gate=0.00007 envDelta=0.00111 envFloor=0.00082 onset=1.157 thresh=0.012 onsetDelta=1.14567 baseline=0.00054 adaptive=0.00136 lastPeak=0.00000 guard=0.060 activeAge=-1.000 pitch=-1.00Hz pitchCents=0.0
2025-12-16 05:23:46 [tracker] [s4] onset t=2.519 env=0.00125 gate=0.00010 envDelta=0.00116 envFloor=0.00085 onset=0.876 thresh=0.014 onsetDelta=0.86219 baseline=0.00056 adaptive=0.00141 lastPeak=0.00000 guard=0.060 activeAge=-1.000 pitch=-1.00Hz pitchCents=0.0
2025-12-16 05:23:46 [tracker] [s2] onset t=2.521 env=0.00110 gate=0.00000 envDelta=0.00110 envFloor=0.00073 onset=0.995 thresh=0.009 onsetDelta=0.98610 baseline=0.00048 adaptive=0.00121 lastPeak=0.00028 guard=0.060 activeAge=-1.000 pitch=105.26Hz pitchCents=-76.2
2025-12-16 05:23:46 [tracker] [s1] aubio-raw t=2.6600 onset=0.978185 env=0.000699 peak=0.001653 gain=1.000
2025-12-16 05:23:46 [tracker] [s1] onset-accepted t=2.6600 env=0.000699 gate=0.000020 envDelta=0.000679 envFloor=0.000545 onset=0.978185 thresh=0.006000 onsetDelta=0.972185 baseline=0.000364 floor=0.000180 adapt=0.000909 lastPeak=0.000394 baseParam=0.000180 gateRatio=0.0550 envParam=0.000450 onsetScale=0.300 retriggerScale=1.400 guard=0.060 guardRemain=0.000 activeAge=0.221 retrigRemain=0.000 pitchHz=380.94 pitchCents=2650.5
2025-12-16 05:23:46 [tracker] [s1] onset t=2.660 env=0.00070 gate=0.00002 envDelta=0.00068 envFloor=0.00055 onset=0.978 thresh=0.006 onsetDelta=0.97219 baseline=0.00036 adaptive=0.00091 lastPeak=0.00039 guard=0.060 activeAge=0.221 pitch=380.94Hz pitchCents=2650.5
2025-12-16 05:23:46 [tracker] [s1] note-ended (new onset) t=2.660 fret=15 dur=0.221
2025-12-16 05:23:46 [tracker] [s2] onset t=2.713 env=0.00093 gate=0.00001 envDelta=0.00092 envFloor=0.00079 onset=0.996 thresh=0.009 onsetDelta=0.98685 baseline=0.00053 adaptive=0.00132 lastPeak=0.00019 guard=0.060 activeAge=-1.000 pitch=444.42Hz pitchCents=2417.3
2025-12-16 05:23:46 [tracker] [s1] aubio-raw t=2.7400 onset=0.912208 env=0.000615 peak=0.001895 gain=1.000
2025-12-16 05:23:46 [tracker] [s1] onset-accepted t=2.7400 env=0.000615 gate=0.000019 envDelta=0.000596 envFloor=0.000516 onset=0.912208 thresh=0.006000 onsetDelta=0.906208 baseline=0.000344 floor=0.000180 adapt=0.000859 lastPeak=0.000339 baseParam=0.000180 gateRatio=0.0550 envParam=0.000450 onsetScale=0.300 retriggerScale=1.400 guard=0.060 guardRemain=0.000 activeAge=-1.000 retrigRemain=0.000 pitchHz=100.00 pitchCents=335.0
2025-12-16 05:23:46 [tracker] [s1] onset t=2.740 env=0.00062 gate=0.00002 envDelta=0.00060 envFloor=0.00052 onset=0.912 thresh=0.006 onsetDelta=0.90621 baseline=0.00034 adaptive=0.00086 lastPeak=0.00034 guard=0.060 activeAge=-1.000 pitch=100.00Hz pitchCents=335.0
2025-12-16 05:23:46 [tracker] [s5] onset t=2.745 env=0.00159 gate=0.00015 envDelta=0.00145 envFloor=0.00105 onset=1.008 thresh=0.016 onsetDelta=0.99226 baseline=0.00070 adaptive=0.00176 lastPeak=0.00000 guard=0.060 activeAge=-1.000 pitch=-1.00Hz pitchCents=0.0
2025-12-16 05:23:46 [tracker] [s6] onset t=2.767 env=0.00155 gate=0.00021 envDelta=0.00135 envFloor=0.00124 onset=1.300 thresh=0.018 onsetDelta=1.28232 baseline=0.00082 adaptive=0.00206 lastPeak=0.00000 guard=0.060 activeAge=-1.000 pitch=-1.00Hz pitchCents=0.0
2025-12-16 05:23:46 [tracker] [s6] onset t=2.844 env=0.00200 gate=0.00020 envDelta=0.00181 envFloor=0.00118 onset=0.992 thresh=0.018 onsetDelta=0.97393 baseline=0.00079 adaptive=0.00196 lastPeak=0.00000 guard=0.060 activeAge=-1.000 pitch=-1.00Hz pitchCents=0.0
2025-12-16 05:23:46 [tracker] [s4] onset t=2.900 env=0.00136 gate=0.00010 envDelta=0.00126 envFloor=0.00088 onset=1.226 thresh=0.014 onsetDelta=1.21249 baseline=0.00058 adaptive=0.00146 lastPeak=0.00000 guard=0.060 activeAge=-1.000 pitch=-1.00Hz pitchCents=0.0
2025-12-16 05:23:47 [tracker] [s2] onset t=3.017 env=0.00141 gate=0.00001 envDelta=0.00141 envFloor=0.00083 onset=0.926 thresh=0.009 onsetDelta=0.91687 baseline=0.00056 adaptive=0.00139 lastPeak=0.00011 guard=0.060 activeAge=-1.000 pitch=216.20Hz pitchCents=1169.8
2025-12-16 05:23:47 [tracker] [s2] note-start t=3.017 fret=7 midi=52 vel=0.02 env=0.00141
2025-12-16 05:23:47 [tracker] [s1] aubio-raw t=3.0974 onset=1.000212 env=0.000777 peak=0.002228 gain=1.000
2025-12-16 05:23:47 [tracker] [s1] onset-accepted t=3.0974 env=0.000777 gate=0.000018 envDelta=0.000759 envFloor=0.000498 onset=1.000212 thresh=0.006000 onsetDelta=0.994212 baseline=0.000332 floor=0.000180 adapt=0.000830 lastPeak=0.000173 baseParam=0.000180 gateRatio=0.0550 envParam=0.000450 onsetScale=0.300 retriggerScale=1.400 guard=0.060 guardRemain=0.000 activeAge=-1.000 retrigRemain=0.000 pitchHz=-1.00 pitchCents=0.0
2025-12-16 05:23:47 [tracker] [s1] onset t=3.097 env=0.00078 gate=0.00002 envDelta=0.00076 envFloor=0.00050 onset=1.000 thresh=0.006 onsetDelta=0.99421 baseline=0.00033 adaptive=0.00083 lastPeak=0.00017 guard=0.060 activeAge=-1.000 pitch=-1.00Hz pitchCents=0.0
2025-12-16 05:23:47 [tracker] [s5] onset t=3.121 env=0.00122 gate=0.00014 envDelta=0.00107 envFloor=0.00103 onset=0.638 thresh=0.016 onsetDelta=0.62187 baseline=0.00069 adaptive=0.00171 lastPeak=0.00000 guard=0.060 activeAge=-1.000 pitch=-1.00Hz pitchCents=0.0
2025-12-16 05:23:47 [tracker] [s6] onset t=3.145 env=0.00192 gate=0.00021 envDelta=0.00171 envFloor=0.00124 onset=0.997 thresh=0.018 onsetDelta=0.97887 baseline=0.00082 adaptive=0.00206 lastPeak=0.00000 guard=0.060 activeAge=-1.000 pitch=-1.00Hz pitchCents=0.0
2025-12-16 05:23:47 [tracker] [s2] onset t=3.156 env=0.00114 gate=0.00001 envDelta=0.00113 envFloor=0.00078 onset=0.711 thresh=0.009 onsetDelta=0.70157 baseline=0.00098 adaptive=0.00130 lastPeak=0.00109 guard=0.060 activeAge=0.139 pitch=156.85Hz pitchCents=614.3
2025-12-16 05:23:47 [tracker] [s2] note-ended (new onset) t=3.156 fret=7 dur=0.139
2025-12-16 05:23:47 [tracker] [s2] note-start t=3.156 fret=8 midi=53 vel=0.01 env=0.00114
2025-12-16 05:23:47 [tracker] [s6] onset t=3.201 env=0.00166 gate=0.00020 envDelta=0.00146 envFloor=0.00118 onset=1.125 thresh=0.018 onsetDelta=1.10746 baseline=0.00079 adaptive=0.00197 lastPeak=0.00000 guard=0.060 activeAge=-1.000 pitch=-1.00Hz pitchCents=0.0
2025-12-16 05:23:47 [tracker] [s1] aubio-raw t=3.2174 onset=0.996081 env=0.000559 peak=0.001593 gain=1.000
2025-12-16 05:23:47 [tracker] [s1] onset-accepted t=3.2174 env=0.000559 gate=0.000018 envDelta=0.000541 envFloor=0.000493 onset=0.996081 thresh=0.006000 onsetDelta=0.990081 baseline=0.000329 floor=0.000180 adapt=0.000822 lastPeak=0.000138 baseParam=0.000180 gateRatio=0.0550 envParam=0.000450 onsetScale=0.300 retriggerScale=1.400 guard=0.060 guardRemain=0.000 activeAge=-1.000 retrigRemain=0.000 pitchHz=285.69 pitchCents=2152.3
2025-12-16 05:23:47 [tracker] [s1] onset t=3.217 env=0.00056 gate=0.00002 envDelta=0.00054 envFloor=0.00049 onset=0.996 thresh=0.006 onsetDelta=0.99008 baseline=0.00033 adaptive=0.00082 lastPeak=0.00014 guard=0.060 activeAge=-1.000 pitch=285.69Hz pitchCents=2152.3
2025-12-16 05:23:47 [tracker] [s3] onset t=3.223 env=0.00160 gate=0.00007 envDelta=0.00153 envFloor=0.00082 onset=0.893 thresh=0.012 onsetDelta=0.88126 baseline=0.00055 adaptive=0.00137 lastPeak=0.00000 guard=0.060 activeAge=-1.000 pitch=-1.00Hz pitchCents=0.0
2025-12-16 05:23:47 [tracker] [s4] onset t=3.228 env=0.00128 gate=0.00010 envDelta=0.00118 envFloor=0.00085 onset=1.145 thresh=0.014 onsetDelta=1.13114 baseline=0.00056 adaptive=0.00141 lastPeak=0.00000 guard=0.060 activeAge=-1.000 pitch=-1.00Hz pitchCents=0.0
2025-12-16 05:23:47 [tracker] [s4] onset t=3.287 env=0.00140 gate=0.00010 envDelta=0.00130 envFloor=0.00089 onset=0.997 thresh=0.014 onsetDelta=0.98324 baseline=0.00059 adaptive=0.00148 lastPeak=0.00000 guard=0.060 activeAge=-1.000 pitch=-1.00Hz pitchCents=0.0
2025-12-16 05:23:47 [tracker] [s6] onset t=3.300 env=0.00181 gate=0.00020 envDelta=0.00160 envFloor=0.00121 onset=0.998 thresh=0.018 onsetDelta=0.98018 baseline=0.00081 adaptive=0.00202 lastPeak=0.00000 guard=0.060 activeAge=-1.000 pitch=-1.00Hz pitchCents=0.0
2025-12-16 05:23:47 [tracker] [s2] onset t=3.332 env=0.00113 gate=0.00001 envDelta=0.00112 envFloor=0.00081 onset=1.151 thresh=0.009 onsetDelta=1.14229 baseline=0.00074 adaptive=0.00136 lastPeak=0.00082 guard=0.060 activeAge=0.176 pitch=186.04Hz pitchCents=909.7
2025-12-16 05:23:47 [tracker] [s2] note-ended (new onset) t=3.332 fret=8 dur=0.176
2025-12-16 05:23:47 [tracker] [s6] onset t=3.380 env=0.00172 gate=0.00021 envDelta=0.00151 envFloor=0.00126 onset=1.144 thresh=0.018 onsetDelta=1.12582 baseline=0.00084 adaptive=0.00210 lastPeak=0.00000 guard=0.060 activeAge=-1.000 pitch=-1.00Hz pitchCents=0.0
2025-12-16 05:23:47 [tracker] [s6] onset t=3.444 env=0.00186 gate=0.00022 envDelta=0.00164 envFloor=0.00133 onset=0.888 thresh=0.018 onsetDelta=0.87046 baseline=0.00089 adaptive=0.00222 lastPeak=0.00000 guard=0.060 activeAge=-1.000 pitch=-1.00Hz pitchCents=0.0
2025-12-16 05:23:47 [tracker] [s2] onset t=3.457 env=0.00111 gate=0.00001 envDelta=0.00110 envFloor=0.00077 onset=1.067 thresh=0.009 onsetDelta=1.05832 baseline=0.00058 adaptive=0.00128 lastPeak=0.00065 guard=0.060 activeAge=-1.000 pitch=727.27Hz pitchCents=3270.0
2025-12-16 05:23:47 [tracker] [s1] aubio-raw t=3.5240 onset=0.701054 env=0.000491 peak=0.001307 gain=1.000
2025-12-16 05:23:47 [tracker] [s1] onset-below-env-floor t=3.5240 env=0.000491 gate=0.000019 envDelta=0.000472 envFloor=0.000524 onset=0.701054 thresh=0.006000 onsetDelta=0.695054 baseline=0.000350 floor=0.000180 adapt=0.000874 lastPeak=0.000078 baseParam=0.000180 gateRatio=0.0550 envParam=0.000450 onsetScale=0.300 retriggerScale=1.400 guard=0.060 guardRemain=0.000 activeAge=-1.000 retrigRemain=0.000 pitchHz=96.38 pitchCents=271.2
2025-12-16 05:23:47 [tracker] [s6] onset t=3.556 env=0.00168 gate=0.00019 envDelta=0.00149 envFloor=0.00115 onset=0.994 thresh=0.018 onsetDelta=0.97585 baseline=0.00077 adaptive=0.00192 lastPeak=0.00000 guard=0.060 activeAge=-1.000 pitch=-1.00Hz pitchCents=0.0
2025-12-16 05:23:47 [tracker] [s4] onset t=3.572 env=0.00144 gate=0.00010 envDelta=0.00134 envFloor=0.00090 onset=0.597 thresh=0.014 onsetDelta=0.58310 baseline=0.00060 adaptive=0.00151 lastPeak=0.00000 guard=0.060 activeAge=-1.000 pitch=-1.00Hz pitchCents=0.0
2025-12-16 05:23:47 [tracker] [s2] onset t=3.575 env=0.00137 gate=0.00001 envDelta=0.00137 envFloor=0.00078 onset=1.477 thresh=0.009 onsetDelta=1.46816 baseline=0.00052 adaptive=0.00130 lastPeak=0.00052 guard=0.060 activeAge=-1.000 pitch=250.02Hz pitchCents=1421.4
2025-12-16 05:23:47 [tracker] [s5] onset t=3.700 env=0.00198 gate=0.00015 envDelta=0.00184 envFloor=0.00105 onset=0.998 thresh=0.016 onsetDelta=0.98177 baseline=0.00070 adaptive=0.00176 lastPeak=0.00000 guard=0.060 activeAge=-1.000 pitch=-1.00Hz pitchCents=0.0
2025-12-16 05:23:47 [tracker] [s3] onset t=3.745 env=0.00149 gate=0.00007 envDelta=0.00142 envFloor=0.00085 onset=1.202 thresh=0.012 onsetDelta=1.19072 baseline=0.00056 adaptive=0.00141 lastPeak=0.00000 guard=0.060 activeAge=-1.000 pitch=-1.00Hz pitchCents=0.0
2025-12-16 05:23:47 [tracker] [s6] onset t=3.764 env=0.00193 gate=0.00021 envDelta=0.00171 envFloor=0.00129 onset=1.167 thresh=0.018 onsetDelta=1.14854 baseline=0.00086 adaptive=0.00214 lastPeak=0.00000 guard=0.060 activeAge=-1.000 pitch=-1.00Hz pitchCents=0.0
2025-12-16 05:23:47 [tracker] [s1] aubio-raw t=3.8014 onset=0.998604 env=0.000630 peak=0.002349 gain=1.000
2025-12-16 05:23:47 [tracker] [s1] onset-accepted t=3.8014 env=0.000630 gate=0.000018 envDelta=0.000612 envFloor=0.000486 onset=0.998604 thresh=0.006000 onsetDelta=0.992604 baseline=0.000324 floor=0.000180 adapt=0.000810 lastPeak=0.000046 baseParam=0.000180 gateRatio=0.0550 envParam=0.000450 onsetScale=0.300 retriggerScale=1.400 guard=0.060 guardRemain=0.000 activeAge=-1.000 retrigRemain=0.000 pitchHz=145.46 pitchCents=983.7
2025-12-16 05:23:47 [tracker] [s1] onset t=3.801 env=0.00063 gate=0.00002 envDelta=0.00061 envFloor=0.00049 onset=0.999 thresh=0.006 onsetDelta=0.99260 baseline=0.00032 adaptive=0.00081 lastPeak=0.00005 guard=0.060 activeAge=-1.000 pitch=145.46Hz pitchCents=983.7
2025-12-16 05:23:47 [tracker] [s5] onset t=3.807 env=0.00182 gate=0.00016 envDelta=0.00166 envFloor=0.00111 onset=1.120 thresh=0.016 onsetDelta=1.10379 baseline=0.00074 adaptive=0.00186 lastPeak=0.00000 guard=0.060 activeAge=-1.000 pitch=-1.00Hz pitchCents=0.0
2025-12-16 05:23:47 [tracker] [s6] onset t=3.929 env=0.00176 gate=0.00020 envDelta=0.00156 envFloor=0.00117 onset=1.003 thresh=0.018 onsetDelta=0.98500 baseline=0.00078 adaptive=0.00195 lastPeak=0.00000 guard=0.060 activeAge=-1.000 pitch=-1.00Hz pitchCents=0.0
2025-12-16 05:23:48 [tracker] [s3] onset t=3.948 env=0.00118 gate=0.00007 envDelta=0.00111 envFloor=0.00080 onset=1.149 thresh=0.012 onsetDelta=1.13787 baseline=0.00053 adaptive=0.00133 lastPeak=0.00000 guard=0.060 activeAge=-1.000 pitch=-1.00Hz pitchCents=0.0
2025-12-16 05:23:48 [tracker] [s1] aubio-raw t=4.1160 onset=0.991303 env=0.000559 peak=0.001334 gain=1.000
2025-12-16 05:23:48 [tracker] [s1] onset-accepted t=4.1160 env=0.000559 gate=0.000019 envDelta=0.000539 envFloor=0.000521 onset=0.991303 thresh=0.006000 onsetDelta=0.985303 baseline=0.000347 floor=0.000180 adapt=0.000868 lastPeak=0.000026 baseParam=0.000180 gateRatio=0.0550 envParam=0.000450 onsetScale=0.300 retriggerScale=1.400 guard=0.060 guardRemain=0.000 activeAge=-1.000 retrigRemain=0.000 pitchHz=115.94 pitchCents=591.0
2025-12-16 05:23:48 [tracker] [s1] onset t=4.116 env=0.00056 gate=0.00002 envDelta=0.00054 envFloor=0.00052 onset=0.991 thresh=0.006 onsetDelta=0.98530 baseline=0.00035 adaptive=0.00087 lastPeak=0.00003 guard=0.060 activeAge=-1.000 pitch=115.94Hz pitchCents=591.0
2025-12-16 05:23:48 [tracker] [s1] note-start t=4.116 fret=6 midi=46 vel=0.01 env=0.00056
2025-12-16 05:23:48 [tracker] [s5] onset t=4.124 env=0.00162 gate=0.00015 envDelta=0.00148 envFloor=0.00104 onset=1.000 thresh=0.016 onsetDelta=0.98444 baseline=0.00069 adaptive=0.00173 lastPeak=0.00000 guard=0.060 activeAge=-1.000 pitch=-1.00Hz pitchCents=0.0
2025-12-16 05:23:48 [tracker] [s6] onset t=4.129 env=0.00213 gate=0.00021 envDelta=0.00193 envFloor=0.00125 onset=0.986 thresh=0.018 onsetDelta=0.96810 baseline=0.00083 adaptive=0.00209 lastPeak=0.00000 guard=0.060 activeAge=-1.000 pitch=-1.00Hz pitchCents=0.0
2025-12-16 05:23:48 [tracker] [s2] onset t=4.156 env=0.00108 gate=0.00000 envDelta=0.00107 envFloor=0.00072 onset=0.502 thresh=0.009 onsetDelta=0.49349 baseline=0.00048 adaptive=0.00120 lastPeak=0.00017 guard=0.060 activeAge=-1.000 pitch=94.11Hz pitchCents=-270.0
2025-12-16 05:23:48 [tracker] [s2] note-start t=4.156 fret=2 midi=47 vel=0.01 env=0.00108
2025-12-16 05:23:48 [tracker] [s4] onset t=4.167 env=0.00136 gate=0.00011 envDelta=0.00125 envFloor=0.00095 onset=1.339 thresh=0.014 onsetDelta=1.32510 baseline=0.00063 adaptive=0.00158 lastPeak=0.00000 guard=0.060 activeAge=-1.000 pitch=-1.00Hz pitchCents=0.0
2025-12-16 05:23:48 [tracker] [s6] onset t=4.185 env=0.00205 gate=0.00022 envDelta=0.00184 envFloor=0.00130 onset=0.999 thresh=0.018 onsetDelta=0.98068 baseline=0.00087 adaptive=0.00216 lastPeak=0.00000 guard=0.060 activeAge=-1.000 pitch=-1.00Hz pitchCents=0.0
2025-12-16 05:23:48 [tracker] [s2] onset t=4.295 env=0.00133 gate=0.00001 envDelta=0.00132 envFloor=0.00075 onset=0.993 thresh=0.009 onsetDelta=0.98421 baseline=0.00075 adaptive=0.00125 lastPeak=0.00083 guard=0.060 activeAge=0.139 pitch=181.81Hz pitchCents=869.9
2025-12-16 05:23:48 [tracker] [s2] note-ended (new onset) t=4.295 fret=2 dur=0.139
2025-12-16 05:23:48 [tracker] [s2] note-start t=4.295 fret=12 midi=57 vel=0.02 env=0.00133
2025-12-16 05:23:48 [tracker] [s1] aubio-raw t=4.3054 onset=1.026325 env=0.000684 peak=0.001534 gain=1.000
2025-12-16 05:23:48 [tracker] [s1] onset-accepted t=4.3054 env=0.000684 gate=0.000019 envDelta=0.000665 envFloor=0.000495 onset=1.026325 thresh=0.006000 onsetDelta=1.020325 baseline=0.000352 floor=0.000180 adapt=0.000824 lastPeak=0.000391 baseParam=0.000180 gateRatio=0.0550 envParam=0.000450 onsetScale=0.300 retriggerScale=1.400 guard=0.060 guardRemain=0.000 activeAge=0.189 retrigRemain=0.031 pitchHz=121.22 pitchCents=668.2
2025-12-16 05:23:48 [tracker] [s1] onset t=4.305 env=0.00068 gate=0.00002 envDelta=0.00066 envFloor=0.00049 onset=1.026 thresh=0.006 onsetDelta=1.02033 baseline=0.00035 adaptive=0.00082 lastPeak=0.00039 guard=0.060 activeAge=0.189 pitch=121.22Hz pitchCents=668.2
2025-12-16 05:23:48 [tracker] [s1] note-ended (new onset) t=4.305 fret=6 dur=0.189
2025-12-16 05:23:48 [tracker] [s5] onset t=4.327 env=0.00171 gate=0.00014 envDelta=0.00157 envFloor=0.00101 onset=1.074 thresh=0.016 onsetDelta=1.05765 baseline=0.00067 adaptive=0.00169 lastPeak=0.00000 guard=0.060 activeAge=-1.000 pitch=-1.00Hz pitchCents=0.0
