# SignalAssistant session log
# Started at 2025-12-30 04:55:51
2025-12-30 04:55:51 [session] mode=live session='' path='' duration=0.00 files=0
2025-12-30 04:55:51 [tracker-settings] TrackerConfig onsetThreshold=0.02000 minNoteDurSec=0.045 hopSec=0.010 slideDelta=120.0 bendDelta=35.0
2025-12-30 04:55:51 [tracker-settings] string1 midi=40 lowCut=77.50Hz highCut=135.00Hz baseline=0.001000 gateRatio=0.05500 envFloor=0.001500 sustainScale=0.580 retriggerScale=1.400 pitchTol=0.250 onsetScale=0.360
2025-12-30 04:55:51 [tracker-settings] string2 midi=45 lowCut=102.50Hz highCut=215.00Hz baseline=0.001200 gateRatio=0.10000 envFloor=0.001800 sustainScale=0.700 retriggerScale=1.250 pitchTol=0.400 onsetScale=0.610
2025-12-30 04:55:51 [tracker-settings] string3 midi=50 lowCut=137.50Hz highCut=290.00Hz baseline=0.001400 gateRatio=0.13000 envFloor=0.002100 sustainScale=0.820 retriggerScale=1.100 pitchTol=0.450 onsetScale=0.930
2025-12-30 04:55:51 [tracker-settings] string4 midi=55 lowCut=187.50Hz highCut=385.00Hz baseline=0.001600 gateRatio=0.17000 envFloor=0.002400 sustainScale=1.000 retriggerScale=1.000 pitchTol=0.440 onsetScale=1.260
2025-12-30 04:55:51 [tracker-settings] string5 midi=59 lowCut=237.50Hz highCut=485.00Hz baseline=0.001800 gateRatio=0.21000 envFloor=0.002700 sustainScale=1.000 retriggerScale=1.000 pitchTol=0.500 onsetScale=1.440
2025-12-30 04:55:51 [tracker-settings] string6 midi=64 lowCut=317.50Hz highCut=650.00Hz baseline=0.002000 gateRatio=0.25000 envFloor=0.003000 sustainScale=1.000 retriggerScale=1.000 pitchTol=0.550 onsetScale=1.620
2025-12-30 04:55:51 [calibration] Loaded avgRms/peakRms from legacy calibration file
2025-12-30 04:55:51 [calibration] Calibration profile derived from tuning state
2025-12-30 04:55:51 [filter-config] String 1: lowCutMult=75.00 highCutMult=135.00 -> lowCut=75.00 highCut=135.00
2025-12-30 04:55:51 [filter] Low E AGGRESSIVE LPF: 150Hz, LP[0.000095,0.000190,0.000095,-1.972234,0.972614]
2025-12-30 04:55:51 [raw-input] LOW E RAW INPUT: n=128 zc=81 zcFreq=15187.5Hz samples=[-0.01029,0.00290,-0.01255,-0.00786,-0.00583]
2025-12-30 04:55:51 [aubio-input] LOW E aubio buffer: hop=128 peak=0.01820 rms=0.00835 zc=81 zcFreq=15187.5Hz filtered=0 samples=[-0.01029,0.00290,-0.01255,-0.00786,-0.00583]
2025-12-30 04:55:51 [raw-input] LOW E RAW INPUT: n=128 zc=83 zcFreq=15562.5Hz samples=[-0.00697,-0.00278,-0.00308,0.00418,-0.02037]
2025-12-30 04:55:51 [aubio-input] LOW E aubio buffer: hop=128 peak=0.02037 rms=0.00772 zc=83 zcFreq=15562.5Hz filtered=0 samples=[-0.00697,-0.00278,-0.00308,0.00418,-0.02037]
2025-12-30 04:55:51 [raw-input] LOW E RAW INPUT: n=128 zc=82 zcFreq=15375.0Hz samples=[0.00235,0.01231,-0.00888,0.01003,-0.00452]
2025-12-30 04:55:51 [aubio-input] LOW E aubio buffer: hop=128 peak=0.01548 rms=0.00805 zc=82 zcFreq=15375.0Hz filtered=0 samples=[0.00235,0.01231,-0.00888,0.01003,-0.00452]
2025-12-30 04:55:51 [aubio-input] LOW E aubio buffer: hop=128 peak=0.01825 rms=0.00876 zc=67 zcFreq=12562.5Hz filtered=0 samples=[-0.00303,0.01088,-0.00385,0.00400,0.00716]
2025-12-30 04:55:51 [aubio-input] LOW E aubio buffer: hop=128 peak=0.01747 rms=0.00781 zc=83 zcFreq=15562.5Hz filtered=0 samples=[-0.00195,-0.00104,0.00454,0.01242,-0.00713]
2025-12-30 04:55:52 [detection]      S3F-1 Rejected Note (onset=1.11 > thresh=0.10; env=0.0009 < floor=0.0014)
2025-12-30 04:55:59 [detection]      S3F-1 Rejected Note (onset=0.84 > thresh=0.10; env=0.0007 < floor=0.0014)
2025-12-30 04:56:05 [detection] LOW E REJECT: pitch=-1.00 midi=-1 (no pitch or midi)
2025-12-30 04:56:05 [detection] LOW E REJECT: pitch=2663.47 midi=-1 (no pitch or midi)
2025-12-30 04:56:06 [detection] LOW E REJECT: pitch=-1.00 midi=-1 (no pitch or midi)
2025-12-30 04:56:06 [detection] LOW E ONSET: fret=0 pitch=82.41Hz midi=40 stable=1 env=0.0180 onset=0.756
2025-12-30 04:56:06 [detection] LOW E ACCEPTED: detectedHz=82.41 expectedHz=82.41 midi=40(should be 40) fret=0
2025-12-30 04:56:06 [detection]      S1F0 ON (onset=0.756 env=0.0180)
2025-12-30 04:56:06 [detection]      S2F8 ON (onset=1.200 env=0.0072)
2025-12-30 04:56:06 [detection]      S2F8 OFF (sustained-quiet: avgEnv=0.0004 < floor=0.0018)
2025-12-30 04:56:06 [detection]      S1F0 OFF (sharp-drop: 0.0056 -> 0.0008)
2025-12-30 04:56:07 [detection]      S2F0 ON (onset=0.640 env=0.0161)
2025-12-30 04:56:07 [detection]      S3F-1 Rejected Note (onset=0.86 > thresh=0.10; env=0.0007 < floor=0.0014)
2025-12-30 04:56:08 [detection]      S2F0 OFF (sustained-quiet: avgEnv=0.0011 < floor=0.0018)
2025-12-30 04:56:08 [detection]      S2F5 ON (onset=0.898 env=0.0025)
2025-12-30 04:56:08 [detection]      S3F0 ON (onset=1.018 env=0.0426)
2025-12-30 04:56:09 [detection]      S2F5 OFF (sustained-quiet: avgEnv=0.0012 < floor=0.0018)
2025-12-30 04:56:09 [detection]      S3F0 OFF (sharp-drop: 0.0059 -> 0.0009)
2025-12-30 04:56:10 [detection]      S5F-1 Rejected Note (onset=0.74 > thresh=0.10; env=0.0015 < floor=0.0018)
2025-12-30 04:56:11 [detection] LOW E REJECT: pitch=-1.00 midi=-1 (no pitch or midi)
2025-12-30 04:56:11 [detection] LOW E ONSET: fret=0 pitch=82.43Hz midi=40 stable=1 env=0.0358 onset=0.950
2025-12-30 04:56:11 [detection] LOW E ACCEPTED: detectedHz=82.43 expectedHz=82.41 midi=40(should be 40) fret=0
2025-12-30 04:56:11 [detection]      S1F0 ON (onset=0.950 env=0.0358)
2025-12-30 04:56:11 [detection]      S1F0 OFF (retrigger: onset=1.079 ratio=3.52)
2025-12-30 04:56:12 [detection] LOW E ONSET: fret=1 pitch=87.20Hz midi=41 stable=1 env=0.0201 onset=1.432
2025-12-30 04:56:12 [detection]      S1F1 ON (onset=1.432 env=0.0201)
2025-12-30 04:56:12 [detection]      S2F0 Rejected Note (onset=0.82 > thresh=0.10; env=0.0012 < floor=0.0012)
2025-12-30 04:56:13 [detection]      S1F1 OFF (sharp-drop: 0.0084 -> 0.0010)
2025-12-30 04:56:14 [detection] LOW E REJECT: pitch=-1.00 midi=-1 (no pitch or midi)
2025-12-30 04:56:14 [detection]      S2F3 ON (onset=0.997 env=0.1121)
2025-12-30 04:56:14 [detection] LOW E ONSET: fret=1 pitch=87.89Hz midi=41 stable=1 env=0.0478 onset=0.554
2025-12-30 04:56:14 [detection] LOW E ACCEPTED: detectedHz=87.89 expectedHz=87.31 midi=41(should be 41) fret=1
2025-12-30 04:56:14 [detection]      S1F1 ON (onset=0.554 env=0.0478)
2025-12-30 04:56:14 [detection]      S3F3 ON (onset=1.025 env=0.0854)
2025-12-30 04:56:15 [detection]      S2F3 OFF (sharp-drop: 0.0192 -> 0.0015)
2025-12-30 04:56:15 [detection]      S3F3 OFF (sharp-drop: 0.0171 -> 0.0014)
2025-12-30 04:56:15 [detection]      S1F1 OFF (sharp-drop: 0.0076 -> 0.0010)
2025-12-30 04:56:16 [detection] LOW E REJECT: pitch=-1.00 midi=-1 (no pitch or midi)
2025-12-30 04:56:16 [detection] LOW E ONSET: fret=3 pitch=99.19Hz midi=43 stable=1 env=0.2193 onset=1.060
2025-12-30 04:56:16 [detection] LOW E ACCEPTED: detectedHz=99.19 expectedHz=98.00 midi=43(should be 43) fret=3
2025-12-30 04:56:16 [detection]      S1F3 ON (onset=1.060 env=0.2193)
2025-12-30 04:56:16 [detection]      S2F5 ON (onset=0.666 env=0.1877)
2025-12-30 04:56:16 [detection]      S1F3 OFF (retrigger: onset=1.015 ratio=1.49)
2025-12-30 04:56:16 [detection] LOW E ONSET: fret=3 pitch=98.67Hz midi=43 stable=1 env=0.2083 onset=0.665
2025-12-30 04:56:16 [detection] LOW E ACCEPTED: detectedHz=98.67 expectedHz=98.00 midi=43(should be 43) fret=3
2025-12-30 04:56:16 [detection]      S1F3 ON (onset=0.665 env=0.2083)
2025-12-30 04:56:16 [detection]      S3F5 ON (onset=0.808 env=0.0675)
2025-12-30 04:56:17 [detection]      S2F5 OFF (sharp-drop: 0.0399 -> 0.0012)
2025-12-30 04:56:17 [detection]      S3F5 OFF (sharp-drop: 0.0165 -> 0.0012)
2025-12-30 04:56:17 [detection]      S4F-1 Rejected Note (onset=0.88 > thresh=0.10; env=0.0003 < floor=0.0016)
2025-12-30 04:56:17 [detection]      S2F4 Rejected Note (onset=0.87 > thresh=0.10; env=0.0008 < floor=0.0012)
2025-12-30 04:56:17 [detection]      S1F3 OFF (sharp-drop: 0.0445 -> 0.0010)
2025-12-30 04:56:17 [detection]      S2F24 Rejected Note (onset=1.25 > thresh=0.10; env=0.0005 < floor=0.0012)
2025-12-30 04:56:17 [detection] LOW E REJECT: pitch=-1.00 midi=-1 (no pitch or midi)
2025-12-30 04:56:17 [detection]      S2F7 ON (onset=1.106 env=0.2524)
2025-12-30 04:56:17 [detection]      S1F5 ON (onset=1.314 env=0.1817)
2025-12-30 04:56:17 [detection]      S3F9 ON (onset=1.129 env=0.0266)
2025-12-30 04:56:18 [detection]      S2F7 OFF (sharp-drop: 0.0422 -> 0.0015)
2025-12-30 04:56:18 [detection]      S3F9 OFF (sharp-drop: 0.0053 -> 0.0008)
2025-12-30 04:56:18 [detection]      S1F5 OFF (sharp-drop: 0.0289 -> 0.0008)
2025-12-30 04:56:18 [detection] LOW E REJECT: pitch=-1.00 midi=-1 (no pitch or midi)
2025-12-30 04:56:18 [detection]      S1F5 ON (onset=1.129 env=0.1584)
2025-12-30 04:56:19 [detection]      S2F7 ON (onset=0.997 env=0.0776)
2025-12-30 04:56:19 [detection]      S3F9 ON (onset=1.055 env=0.0401)
2025-12-30 04:56:20 [detection]      S3F9 OFF (sharp-drop: 0.0111 -> 0.0013)
2025-12-30 04:56:20 [detection]      S1F5 OFF (sharp-drop: 0.0154 -> 0.0010)
2025-12-30 04:56:20 [detection]      S2F7 OFF (sharp-drop: 0.0149 -> 0.0015)
2025-12-30 04:56:22 [detection]      S3F7 ON (onset=0.775 env=0.0802)
2025-12-30 04:56:22 [detection]      S2F6 ON (onset=0.963 env=0.0234)
2025-12-30 04:56:22 [detection]      S2F6 OFF (sharp-drop: 0.0124 -> 0.0017)
2025-12-30 04:56:23 [detection]      S3F7 OFF (sharp-drop: 0.0166 -> 0.0014)
2025-12-30 04:56:23 [detection] LOW E REJECT: pitch=-1.00 midi=-1 (no pitch or midi)
2025-12-30 04:56:23 [detection]      S3F7 ON (onset=0.988 env=0.1694)
2025-12-30 04:56:23 [detection]      S2F7 ON (onset=1.159 env=0.1034)
2025-12-30 04:56:23 [detection]      S3F7 OFF (retrigger: onset=0.997 ratio=2.24)
2025-12-30 04:56:24 [detection]      S1F7 ON (onset=0.956 env=0.0518)
2025-12-30 04:56:24 [detection]      S3F7 ON (onset=1.318 env=0.0795)
2025-12-30 04:56:24 [detection]      S2F7 OFF (sharp-drop: 0.0144 -> 0.0018)
2025-12-30 04:56:24 [detection]      S3F7 OFF (sharp-drop: 0.0314 -> 0.0012)
2025-12-30 04:56:24 [detection]      S1F7 OFF (sharp-drop: 0.0135 -> 0.0010)
2025-12-30 04:56:25 [detection] LOW E REJECT: pitch=-1.00 midi=-1 (no pitch or midi)
2025-12-30 04:56:25 [detection]      S2F7 ON (onset=1.012 env=0.1660)
2025-12-30 04:56:25 [detection]      S3F7 ON (onset=0.986 env=0.1259)
2025-12-30 04:56:25 [detection]      S2F7 OFF (retrigger: onset=0.995 ratio=3.87)
2025-12-30 04:56:25 [detection]      S1F5 ON (onset=0.522 env=0.0326)
2025-12-30 04:56:25 [detection]      S2F7 ON (onset=1.086 env=0.0825)
2025-12-30 04:56:26 [detection]      S3F7 OFF (sharp-drop: 0.0129 -> 0.0011)
2025-12-30 04:56:26 [detection]      S2F7 OFF (sharp-drop: 0.0182 -> 0.0016)
2025-12-30 04:56:26 [detection]      S1F5 OFF (sharp-drop: 0.0053 -> 0.0007)
2025-12-30 04:56:26 [detection]      S3F24 Rejected Note (onset=1.18 > thresh=0.10; env=0.0010 < floor=0.0014)
2025-12-30 04:56:26 [detection]      S2F24 Rejected Note (onset=1.04 > thresh=0.10; env=0.0006 < floor=0.0012)
2025-12-30 04:56:26 [detection]      S3F24 ON (onset=1.139 env=0.0023)
2025-12-30 04:56:26 [detection] LOW E REJECT: pitch=-1.00 midi=-1 (no pitch or midi)
2025-12-30 04:56:27 [detection]      S2F5 ON (onset=0.781 env=0.1550)
2025-12-30 04:56:27 [detection]      S2F5 OFF (retrigger: onset=0.858 ratio=1.81)
2025-12-30 04:56:27 [detection]      S2F5 ON (onset=0.895 env=0.1732)
2025-12-30 04:56:27 [detection]      S1F-1 Rejected Note (onset=1.25 > thresh=0.10; env=0.0007 < floor=0.0010)
2025-12-30 04:56:27 [detection]      S3F24 OFF (sustained-quiet: avgEnv=0.0003 < floor=0.0014)
2025-12-30 04:56:27 [detection]      S2F5 OFF (sharp-drop: 0.1171 -> 0.0015)
2025-12-30 04:56:27 [detection]      S1F24 Rejected Note (onset=0.93 > thresh=0.10; env=0.0005 < floor=0.0010)
2025-12-30 04:56:27 [detection]      S2F4 ON (onset=0.815 env=0.0015)
2025-12-30 04:56:27 [detection]      S2F4 OFF (sustained-quiet: avgEnv=0.0004 < floor=0.0018)
2025-12-30 04:56:27 [detection]      S2F6 ON (onset=0.729 env=0.0024)
2025-12-30 04:56:27 [detection] LOW E REJECT: pitch=-1.00 midi=-1 (no pitch or midi)
2025-12-30 04:56:28 [detection] LOW E ONSET: fret=1 pitch=88.81Hz midi=41 stable=1 env=0.1356 onset=0.805
2025-12-30 04:56:28 [detection]      S1F1 ON (onset=0.805 env=0.1356)
2025-12-30 04:56:28 [detection]      S3F3 ON (onset=1.002 env=0.1151)
2025-12-30 04:56:28 [detection]      S3F3 OFF (sharp-drop: 0.0279 -> 0.0009)
2025-12-30 04:56:28 [detection]      S2F6 OFF (sustained-quiet: avgEnv=0.0009 < floor=0.0018)
2025-12-30 04:56:29 [detection]      S1F1 OFF (sharp-drop: 0.0168 -> 0.0009)
2025-12-30 04:56:29 [detection] LOW E REJECT: pitch=-1.00 midi=-1 (no pitch or midi)
2025-12-30 04:56:29 [detection]      S2F14 ON (onset=0.593 env=0.0081)
2025-12-30 04:56:30 [detection] LOW E ONSET: fret=0 pitch=82.84Hz midi=40 stable=1 env=0.0176 onset=0.801
2025-12-30 04:56:30 [detection]      S1F0 ON (onset=0.801 env=0.0176)
2025-12-30 04:56:30 [detection]      S3F2 ON (onset=0.611 env=0.0350)
2025-12-30 04:56:30 [detection]      S4F2 ON (onset=0.995 env=0.0512)
2025-12-30 04:56:30 [detection]      S4F2 OFF (sharp-drop: 0.0158 -> 0.0015)
2025-12-30 04:56:30 [detection]      S3F2 OFF (sharp-drop: 0.0085 -> 0.0012)
2025-12-30 04:56:30 [detection]      S2F14 OFF (sustained-quiet: avgEnv=0.0014 < floor=0.0018)
2025-12-30 04:56:31 [detection]      S1F0 OFF (sustained-quiet: avgEnv=0.0005 < floor=0.0010)
2025-12-30 04:56:31 [detection] LOW E REJECT: pitch=-1.00 midi=-1 (no pitch or midi)
2025-12-30 04:56:31 [detection]      S2F2 ON (onset=0.995 env=0.0277)
2025-12-30 04:56:31 [detection]      S3F2 ON (onset=0.998 env=0.0356)
2025-12-30 04:56:31 [detection] LOW E ONSET: fret=1 pitch=-1.00Hz midi=41 stable=0 env=0.1144 onset=0.595
2025-12-30 04:56:31 [detection] LOW E REJECT: pitch=-1.00 midi=41 (no pitch or midi)
2025-12-30 04:56:32 [detection] LOW E ONSET: fret=0 pitch=82.99Hz midi=40 stable=1 env=0.0459 onset=1.043
2025-12-30 04:56:32 [detection] LOW E ACCEPTED: detectedHz=82.99 expectedHz=82.41 midi=40(should be 40) fret=0
2025-12-30 04:56:32 [detection]      S6F19 ON (onset=0.944 env=0.0077)
2025-12-30 04:56:32 [detection]      S4F2 ON (onset=0.939 env=0.1032)
2025-12-30 04:56:32 [detection]      S5F-1 Rejected Note (onset=1.02 > thresh=0.10; env=0.0017 < floor=0.0018)
2025-12-30 04:56:32 [detection]      S6F19 OFF (sharp-drop: 0.0071 -> 0.0007)
2025-12-30 04:56:32 [detection]      S4F2 OFF (sharp-drop: 0.0920 -> 0.0016)
2025-12-30 04:56:32 [detection]      S3F2 OFF (sharp-drop: 0.0190 -> 0.0014)
2025-12-30 04:56:32 [detection]      S2F2 OFF (sharp-drop: 0.0111 -> 0.0012)
2025-12-30 04:56:32 [detection]      S5F-1 Rejected Note (onset=0.60 > thresh=0.10; env=0.0003 < gate=0.0004)
2025-12-30 04:56:32 [detection]      S1F0 OFF (sharp-drop: 0.0277 -> 0.0009)
2025-12-30 04:56:33 [detection] LOW E REJECT: pitch=-1.00 midi=-1 (no pitch or midi)
2025-12-30 04:56:33 [detection] LOW E ONSET: fret=0 pitch=82.44Hz midi=40 stable=1 env=0.1393 onset=0.733
2025-12-30 04:56:33 [detection] LOW E ACCEPTED: detectedHz=82.44 expectedHz=82.41 midi=40(should be 40) fret=0
2025-12-30 04:56:33 [detection]      S1F0 ON (onset=0.733 env=0.1393)
2025-12-30 04:56:36 [detection]      S1F0 OFF (sustained-quiet: avgEnv=0.0006 < floor=0.0010)
2025-12-30 04:56:37 [detection] LOW E REJECT: pitch=-1.00 midi=-1 (no pitch or midi)
2025-12-30 04:56:37 [detection]      S2F8 ON (onset=1.065 env=0.0051)
2025-12-30 04:56:39 [detection]      S5F3 ON (onset=1.201 env=0.0156)
2025-12-30 04:56:39 [detection]      S5F3 OFF (sharp-drop: 0.0143 -> 0.0003)
2025-12-30 04:56:39 [detection]      S2F8 OFF (sustained-quiet: avgEnv=0.0004 < floor=0.0018)
2025-12-30 04:56:39 [detection] LOW E REJECT: pitch=-1.00 midi=-1 (no pitch or midi)
2025-12-30 04:56:40 [detection] LOW E ONSET: fret=1 pitch=88.82Hz midi=41 stable=1 env=0.0852 onset=0.864
2025-12-30 04:56:40 [detection] LOW E ACCEPTED: detectedHz=88.82 expectedHz=87.31 midi=41(should be 41) fret=1
2025-12-30 04:56:40 [detection]      S1F1 ON (onset=0.864 env=0.0852)
2025-12-30 04:56:41 [detection]      S2F0 ON (onset=1.184 env=0.0033)
2025-12-30 04:56:41 [detection]      S2F0 OFF (sustained-quiet: avgEnv=0.0012 < floor=0.0018)
2025-12-30 04:56:41 [detection]      S1F1 OFF (sharp-drop: 0.0187 -> 0.0010)
2025-12-30 04:56:42 [detection]      S5F1 ON (onset=0.955 env=0.0060)
2025-12-30 04:56:44 [detection]      S4F-1 Rejected Note (onset=0.99 > thresh=0.10; env=0.0015 < floor=0.0016)
2025-12-30 04:56:44 [detection]      S5F1 OFF (sustained-quiet: avgEnv=0.0005 < floor=0.0018)
2025-12-30 04:56:44 [detection]      S3F4 ON (onset=0.684 env=0.1474)
2025-12-30 04:56:44 [detection]      S2F9 ON (onset=1.010 env=0.0044)
2025-12-30 04:56:45 [detection]      S2F9 OFF (sustained-quiet: avgEnv=0.0012 < floor=0.0018)
2025-12-30 04:56:45 [detection]      S3F4 OFF (sharp-drop: 0.0554 -> 0.0012)
2025-12-30 04:56:49 [detection] LOW E REJECT: pitch=-1.00 midi=-1 (no pitch or midi)
2025-12-30 04:56:49 [detection]      S2F7 ON (onset=1.109 env=0.0051)
2025-12-30 04:56:49 [detection] LOW E ONSET: fret=0 pitch=82.41Hz midi=40 stable=1 env=0.0964 onset=0.982
2025-12-30 04:56:49 [detection]      S1F0 ON (onset=0.982 env=0.0964)
2025-12-30 04:56:50 [calibration] Baseline noise floor captured: 0.026590
2025-12-30 04:56:50 [detection]      S5F7 Rejected Note (onset=4.00 > thresh=0.10; env=0.0135 < floor=0.0266)
2025-12-30 04:56:50 [filter-config] String 1: lowCutMult=75.00 highCutMult=135.00 -> lowCut=75.00 highCut=135.00
2025-12-30 04:56:50 [filter] Low E AGGRESSIVE LPF: 150Hz, LP[0.000095,0.000190,0.000095,-1.972234,0.972614]
2025-12-30 04:56:50 [detection]      S2F7 OFF (sustained-quiet: avgEnv=0.0026 < floor=0.0399)
2025-12-30 04:56:50 [detection]      S5F-1 Rejected Note (onset=1.00 > thresh=0.10; env=0.0191 < floor=0.0266)
2025-12-30 04:56:50 [detection]      S1F0 OFF (sustained-quiet: avgEnv=0.0136 < floor=0.0266)
2025-12-30 04:56:52 [detection]      S3F-1 Rejected Note (onset=1.49 > thresh=0.10; env=0.0038 < floor=0.0266)
2025-12-30 04:56:52 [detection]      S3F-1 Rejected Note (onset=1.12 > thresh=0.10; env=0.0034 < gate=0.0035)
2025-12-30 04:56:52 [detection]      S3F-1 Rejected Note (onset=0.88 > thresh=0.10; env=0.0018 < gate=0.0035)
2025-12-30 04:56:53 [detection]      S2F0 ON (onset=1.060 env=0.0327)
2025-12-30 04:56:53 [detection]      S2F0 OFF (sustained-quiet: avgEnv=0.0344 < floor=0.0399)
2025-12-30 04:56:53 [detection]      S2F0 ON (onset=1.078 env=0.0296)
2025-12-30 04:56:53 [detection]      S2F0 OFF (sustained-quiet: avgEnv=0.0338 < floor=0.0399)
2025-12-30 04:56:53 [detection]      S3F-1 Rejected Note (onset=1.21 > thresh=0.10; env=0.0106 < floor=0.0266)
2025-12-30 04:56:53 [detection]      S2F0 Rejected Note (onset=0.93 > thresh=0.10; env=0.0247 < floor=0.0266)
2025-12-30 04:56:54 [detection]      S2F0 ON (onset=1.355 env=0.0392)
2025-12-30 04:56:54 [detection]      S2F0 OFF (sustained-quiet: avgEnv=0.0361 < floor=0.0399)
2025-12-30 04:56:54 [detection]      S2F0 ON (onset=0.615 env=0.0447)
2025-12-30 04:56:54 [detection]      S2F0 OFF (sustained-quiet: avgEnv=0.0357 < floor=0.0399)
2025-12-30 04:56:54 [detection]      S3F-1 Rejected Note (onset=1.41 > thresh=0.10; env=0.0050 < floor=0.0266)
2025-12-30 04:56:54 [detection]      S6F-1 Rejected Note (onset=1.41 > thresh=0.10; env=0.0036 < gate=0.0066)
2025-12-30 04:56:54 [detection]      S2F4 Rejected Note (onset=1.11 > thresh=0.10; env=0.0042 < floor=0.0266)
2025-12-30 04:56:54 [detection]      S2F5 Rejected Note (onset=0.97 > thresh=0.10; env=0.0088 < floor=0.0266)
2025-12-30 04:56:55 [detection]      S2F5 Rejected Note (onset=1.00 > thresh=0.10; env=0.0040 < floor=0.0266)
2025-12-30 04:56:55 [detection]      S4F-1 Rejected Note (onset=1.11 > thresh=0.10; env=0.0088 < floor=0.0266)
2025-12-30 04:56:55 [detection]      S3F0 ON (onset=0.965 env=0.0352)
2025-12-30 04:56:55 [detection]      S3F0 OFF (sustained-quiet: avgEnv=0.0265 < floor=0.0266)
2025-12-30 04:56:55 [detection]      S2F5 Rejected Note (onset=0.98 > thresh=0.10; env=0.0049 < floor=0.0266)
2025-12-30 04:56:55 [detection]      S3F1 Rejected Note (onset=0.66 > thresh=0.10; env=0.0076 < floor=0.0266)
2025-12-30 04:56:56 [detection]      S3F1 Rejected Note (onset=1.00 > thresh=0.10; env=0.0251 < floor=0.0266)
2025-12-30 04:56:56 [detection]      S3F1 Rejected Note (onset=1.43 > thresh=0.10; env=0.0222 < floor=0.0266)
2025-12-30 04:56:56 [detection]      S5F-1 Rejected Note (onset=1.47 > thresh=0.10; env=0.0032 < gate=0.0056)
2025-12-30 04:56:56 [detection]      S5F6 Rejected Note (onset=0.68 > thresh=0.10; env=0.0117 < floor=0.0266)
2025-12-30 04:56:56 [detection]      S6F-1 Rejected Note (onset=0.80 > thresh=0.10; env=0.0041 < gate=0.0066)
2025-12-30 04:56:57 [detection]      S5F-1 Rejected Note (onset=1.41 > thresh=0.10; env=0.0053 < gate=0.0056)
2025-12-30 04:56:57 [detection]      S3F0 Rejected Note (onset=1.25 > thresh=0.10; env=0.0189 < floor=0.0266)
2025-12-30 04:56:57 [detection]      S3F6 Rejected Note (onset=0.82 > thresh=0.10; env=0.0077 < floor=0.0266)
2025-12-30 04:56:57 [detection]      S3F6 Rejected Note (onset=0.99 > thresh=0.10; env=0.0126 < floor=0.0266)
2025-12-30 04:56:57 [detection]      S4F0 ON (onset=0.782 env=0.0913)
2025-12-30 04:56:57 [detection]      S5F-1 Rejected Note (onset=1.18 > thresh=0.10; env=0.0050 < gate=0.0056)
2025-12-30 04:56:57 [detection]      S5F-1 Rejected Note (onset=0.99 > thresh=0.10; env=0.0048 < gate=0.0056)
2025-12-30 04:56:57 [detection]      S5F-1 Rejected Note (onset=0.97 > thresh=0.10; env=0.0050 < gate=0.0056)
2025-12-30 04:56:57 [detection]      S3F-1 Rejected Note (onset=1.15 > thresh=0.10; env=0.0037 < floor=0.0266)
2025-12-30 04:56:58 [detection]      S3F-1 Rejected Note (onset=0.73 > thresh=0.10; env=0.0047 < floor=0.0266)
2025-12-30 04:56:58 [detection]      S3F-1 Rejected Note (onset=0.99 > thresh=0.10; env=0.0041 < floor=0.0266)
2025-12-30 04:56:58 [detection]      S5F-1 Rejected Note (onset=0.85 > thresh=0.10; env=0.0038 < gate=0.0056)
2025-12-30 04:56:58 [detection]      S3F-1 Rejected Note (onset=1.00 > thresh=0.10; env=0.0044 < floor=0.0266)
2025-12-30 04:56:58 [detection]      S2F0 Rejected Note (onset=0.90 > thresh=0.10; env=0.0025 < floor=0.0266)
2025-12-30 04:56:58 [detection]      S4F0 OFF (sustained-quiet: avgEnv=0.0094 < floor=0.0266)
2025-12-30 04:56:59 [detection]      S4F-1 Rejected Note (onset=0.63 > thresh=0.10; env=0.0120 < floor=0.0266)
2025-12-30 04:56:59 [detection]      S5F0 ON (onset=1.027 env=0.1099)
2025-12-30 04:56:59 [detection]      S4F-1 Rejected Note (onset=0.78 > thresh=0.10; env=0.0061 < floor=0.0266)
2025-12-30 04:56:59 [detection]      S4F-1 Rejected Note (onset=1.18 > thresh=0.10; env=0.0044 < gate=0.0045)
2025-12-30 04:56:59 [detection]      S4F-1 Rejected Note (onset=1.00 > thresh=0.10; env=0.0050 < floor=0.0266)
2025-12-30 04:57:00 [detection]      S4F-1 Rejected Note (onset=1.00 > thresh=0.10; env=0.0039 < gate=0.0045)
2025-12-30 04:57:00 [detection]      S5F0 OFF (sustained-quiet: avgEnv=0.0013 < floor=0.0266)
2025-12-30 04:57:00 [detection]      S5F5 Rejected Note (onset=1.04 > thresh=0.10; env=0.0106 < floor=0.0266)
2025-12-30 04:57:01 [detection]      S6F0 ON (onset=1.250 env=0.2299)
2025-12-30 04:57:01 [detection]      S5F-1 Rejected Note (onset=1.45 > thresh=0.10; env=0.0056 < floor=0.0266)
2025-12-30 04:57:01 [detection]      S5F6 Rejected Note (onset=1.00 > thresh=0.10; env=0.0055 < gate=0.0056)
2025-12-30 04:57:01 [detection]      S5F6 Rejected Note (onset=1.13 > thresh=0.10; env=0.0043 < gate=0.0056)
2025-12-30 04:57:01 [detection]      S5F-1 Rejected Note (onset=1.50 > thresh=0.10; env=0.0045 < gate=0.0056)
2025-12-30 04:57:01 [detection]      S5F-1 Rejected Note (onset=0.78 > thresh=0.10; env=0.0036 < gate=0.0056)
2025-12-30 04:57:02 [detection]      S5F-1 Rejected Note (onset=1.25 > thresh=0.10; env=0.0245 < floor=0.0266)
2025-12-30 04:57:02 [detection]      S6F0 OFF (sustained-quiet: avgEnv=0.0008 < floor=0.0266)
2025-12-30 04:57:30 [filter-config] String 1: lowCutMult=75.00 highCutMult=135.00 -> lowCut=75.00 highCut=135.00
2025-12-30 04:57:30 [filter] Low E AGGRESSIVE LPF: 150Hz, LP[0.000095,0.000190,0.000095,-1.972234,0.972614]
2025-12-30 04:57:30 [filter-config] String 1: lowCutMult=75.00 highCutMult=135.00 -> lowCut=75.00 highCut=135.00
2025-12-30 04:57:30 [filter] Low E AGGRESSIVE LPF: 150Hz, LP[0.000095,0.000190,0.000095,-1.972234,0.972614]
2025-12-30 04:57:30 [filter-config] String 1: lowCutMult=75.00 highCutMult=135.00 -> lowCut=75.00 highCut=135.00
2025-12-30 04:57:30 [filter] Low E AGGRESSIVE LPF: 150Hz, LP[0.000095,0.000190,0.000095,-1.972234,0.972614]
2025-12-30 04:57:30 [filter-config] String 1: lowCutMult=75.00 highCutMult=135.00 -> lowCut=75.00 highCut=135.00
2025-12-30 04:57:30 [filter] Low E AGGRESSIVE LPF: 150Hz, LP[0.000095,0.000190,0.000095,-1.972234,0.972614]
2025-12-30 04:57:30 [filter-config] String 1: lowCutMult=75.00 highCutMult=135.00 -> lowCut=75.00 highCut=135.00
2025-12-30 04:57:30 [filter-config] String 1: lowCutMult=75.00 highCutMult=135.00 -> lowCut=75.00 highCut=135.00
2025-12-30 04:57:30 [filter] Low E AGGRESSIVE LPF: 150Hz, LP[0.000095,0.000190,0.000095,-1.972234,0.972614]
2025-12-30 04:57:30 [filter-config] String 1: lowCutMult=75.00 highCutMult=135.00 -> lowCut=75.00 highCut=135.00
2025-12-30 04:57:30 [filter] Low E AGGRESSIVE LPF: 150Hz, LP[0.000095,0.000190,0.000095,-1.972234,0.972614]
2025-12-30 04:57:30 [filter-config] String 1: lowCutMult=75.00 highCutMult=135.00 -> lowCut=75.00 highCut=135.00
2025-12-30 04:57:30 [filter] Low E AGGRESSIVE LPF: 150Hz, LP[0.000095,0.000190,0.000095,-1.972234,0.972614]
2025-12-30 04:57:30 [filter-config] String 1: lowCutMult=75.00 highCutMult=135.00 -> lowCut=75.00 highCut=135.00
2025-12-30 04:57:30 [filter] Low E AGGRESSIVE LPF: 150Hz, LP[0.000095,0.000190,0.000095,-1.972234,0.972614]
2025-12-30 04:57:30 [filter-config] String 1: lowCutMult=75.00 highCutMult=135.00 -> lowCut=75.00 highCut=135.00
2025-12-30 04:57:30 [filter] Low E AGGRESSIVE LPF: 150Hz, LP[0.000095,0.000190,0.000095,-1.972234,0.972614]
2025-12-30 04:57:30 [filter-config] String 1: lowCutMult=75.00 highCutMult=135.00 -> lowCut=75.00 highCut=135.00
2025-12-30 04:57:30 [filter] Low E AGGRESSIVE LPF: 150Hz, LP[0.000095,0.000190,0.000095,-1.972234,0.972614]
2025-12-30 04:57:30 [filter-config] String 1: lowCutMult=75.00 highCutMult=135.00 -> lowCut=75.00 highCut=135.00
2025-12-30 04:57:30 [filter-config] String 1: lowCutMult=75.00 highCutMult=135.00 -> lowCut=75.00 highCut=135.00
2025-12-30 04:57:30 [filter] Low E AGGRESSIVE LPF: 150Hz, LP[0.000095,0.000190,0.000095,-1.972234,0.972614]
2025-12-30 04:57:30 [filter-config] String 1: lowCutMult=75.00 highCutMult=135.00 -> lowCut=75.00 highCut=135.00
2025-12-30 04:57:30 [filter] Low E AGGRESSIVE LPF: 150Hz, LP[0.000095,0.000190,0.000095,-1.972234,0.972614]
2025-12-30 04:57:30 [filter-config] String 1: lowCutMult=75.00 highCutMult=135.00 -> lowCut=75.00 highCut=135.00
2025-12-30 04:57:30 [filter] Low E AGGRESSIVE LPF: 150Hz, LP[0.000095,0.000190,0.000095,-1.972234,0.972614]
2025-12-30 04:57:30 [filter-config] String 1: lowCutMult=75.00 highCutMult=135.00 -> lowCut=75.00 highCut=135.00
2025-12-30 04:57:30 [filter] Low E AGGRESSIVE LPF: 150Hz, LP[0.000095,0.000190,0.000095,-1.972234,0.972614]
2025-12-30 04:57:30 [filter-config] String 1: lowCutMult=75.00 highCutMult=135.00 -> lowCut=75.00 highCut=135.00
2025-12-30 04:57:30 [filter] Low E AGGRESSIVE LPF: 150Hz, LP[0.000095,0.000190,0.000095,-1.972234,0.972614]
2025-12-30 04:57:31 [filter-config] String 1: lowCutMult=75.00 highCutMult=135.00 -> lowCut=75.00 highCut=135.00
2025-12-30 04:57:31 [filter] Low E AGGRESSIVE LPF: 150Hz, LP[0.000095,0.000190,0.000095,-1.972234,0.972614]
2025-12-30 04:57:31 [detection] LOW E REJECT: pitch=-1.00 midi=-1 (no pitch or midi)
2025-12-30 04:57:31 [detection]      S2F-1 Rejected Note (onset=1.29 > thresh=0.10; env=0.0102 < floor=0.0266)
2025-12-30 04:57:31 [detection]      S3F-1 Rejected Note (onset=1.14 > thresh=0.10; env=0.0073 < floor=0.0266)
2025-12-30 04:57:32 [detection]      S6F-1 Rejected Note (onset=1.17 > thresh=0.10; env=0.0059 < gate=0.0066)
2025-12-30 04:57:32 [detection]      S3F-1 Rejected Note (onset=1.01 > thresh=0.10; env=0.0150 < floor=0.0266)
2025-12-30 04:57:33 [detection]      S2F4 ON (onset=0.614 env=0.0767)
2025-12-30 04:57:33 [detection]      S2F4 OFF (sustained-quiet: avgEnv=0.0069 < floor=0.0399)
2025-12-30 04:57:33 [detection]      S3F-1 Rejected Note (onset=0.90 > thresh=0.10; env=0.0130 < floor=0.0266)
2025-12-30 04:57:33 [detection]      S1F-1 Rejected Note (onset=0.67 > thresh=0.10; env=0.0042 < floor=0.0266)
2025-12-30 04:57:34 [detection]      S3F-1 Rejected Note (onset=0.98 > thresh=0.10; env=0.0023 < gate=0.0035)
2025-12-30 04:57:34 [detection]      S2F4 ON (onset=0.890 env=0.0441)
2025-12-30 04:57:34 [detection]      S2F4 OFF (sustained-quiet: avgEnv=0.0012 < floor=0.0399)
2025-12-30 04:57:35 [detection]      S3F-1 Rejected Note (onset=0.91 > thresh=0.10; env=0.0038 < floor=0.0266)
2025-12-30 04:57:35 [detection]      S2F4 ON (onset=1.074 env=0.0388)
2025-12-30 04:57:35 [detection]      S3F-1 Rejected Note (onset=0.63 > thresh=0.10; env=0.0053 < floor=0.0266)
2025-12-30 04:57:35 [detection]      S4F-1 Rejected Note (onset=1.17 > thresh=0.10; env=0.0229 < floor=0.0266)
2025-12-30 04:57:35 [detection]      S3F-1 Rejected Note (onset=0.50 > thresh=0.10; env=0.0031 < gate=0.0035)
2025-12-30 04:57:35 [detection]      S2F4 OFF (sustained-quiet: avgEnv=0.0054 < floor=0.0399)
2025-12-30 04:57:35 [detection]      S4F-1 Rejected Note (onset=0.85 > thresh=0.10; env=0.0096 < floor=0.0266)
2025-12-30 04:57:35 [detection]      S3F4 ON (onset=0.667 env=0.1253)
2025-12-30 04:57:35 [detection]      S3F4 OFF (sharp-drop: 0.1116 -> 0.0149)
2025-12-30 04:57:35 [detection]      S2F0 Rejected Note (onset=0.88 > thresh=0.10; env=0.0073 < floor=0.0266)
2025-12-30 04:57:36 [detection]      S2F7 Rejected Note (onset=1.14 > thresh=0.10; env=0.0046 < floor=0.0266)
2025-12-30 04:57:37 [detection]      S3F4 ON (onset=0.968 env=0.0543)
2025-12-30 04:57:37 [detection]      S3F4 OFF (sustained-quiet: avgEnv=0.0004 < floor=0.0266)
2025-12-30 04:57:38 [detection]      S1F-1 Rejected Note (onset=1.44 > thresh=0.10; env=0.0021 < floor=0.0266)
2025-12-30 04:57:38 [detection]      S2F4 ON (onset=1.149 env=0.0412)
2025-12-30 04:57:38 [detection]      S2F4 OFF (sustained-quiet: avgEnv=0.0169 < floor=0.0399)
2025-12-30 04:57:38 [detection]      S1F-1 Rejected Note (onset=0.67 > thresh=0.10; env=0.0048 < floor=0.0266)
2025-12-30 04:57:38 [detection]      S2F0 Rejected Note (onset=1.25 > thresh=0.10; env=0.0007 < floor=0.0266)
2025-12-30 04:57:39 [detection] LOW E REJECT: pitch=-1.00 midi=-1 (no pitch or midi)
2025-12-30 04:57:39 [detection]      S1F4 Rejected Note (onset=0.93 > thresh=0.10; env=0.0044 < floor=0.0266)
2025-12-30 04:57:39 [detection]      S1F-1 Rejected Note (onset=0.98 > thresh=0.10; env=0.0104 < floor=0.0266)
2025-12-30 04:57:39 [detection]      S5F17 Rejected Note (onset=0.55 > thresh=0.10; env=0.0082 < floor=0.0266)
2025-12-30 04:57:39 [detection]      S2F4 ON (onset=1.120 env=0.0739)
2025-12-30 04:57:39 [detection]      S4F6 Rejected Note (onset=1.03 > thresh=0.10; env=0.0224 < floor=0.0266)
2025-12-30 04:57:39 [detection]      S3F6 ON (onset=0.533 env=0.0820)
2025-12-30 04:57:39 [detection]      S4F8 Rejected Note (onset=1.23 > thresh=0.10; env=0.0040 < gate=0.0045)
2025-12-30 04:57:39 [detection]      S3F6 OFF (sustained-quiet: avgEnv=0.0023 < floor=0.0266)
2025-12-30 04:57:39 [detection]      S2F4 OFF (sustained-quiet: avgEnv=0.0132 < floor=0.0399)
2025-12-30 04:57:40 [detection]      S2F4 ON (onset=1.445 env=0.0967)
2025-12-30 04:57:40 [detection]      S3F-1 Rejected Note (onset=1.36 > thresh=0.10; env=0.0093 < floor=0.0266)
2025-12-30 04:57:40 [detection]      S4F24 ON (onset=1.143 env=0.0722)
2025-12-30 04:57:40 [detection]      S4F24 OFF (sustained-quiet: avgEnv=0.0014 < floor=0.0266)
2025-12-30 04:57:40 [detection]      S2F4 OFF (sustained-quiet: avgEnv=0.0067 < floor=0.0399)
2025-12-30 04:57:40 [detection]      S2F9 Rejected Note (onset=1.00 > thresh=0.10; env=0.0063 < floor=0.0266)
2025-12-30 04:57:40 [detection]      S3F4 ON (onset=0.928 env=0.0774)
2025-12-30 04:57:41 [detection]      S3F4 OFF (sustained-quiet: avgEnv=0.0042 < floor=0.0266)
2025-12-30 04:57:41 [detection]      S5F-1 Rejected Note (onset=1.01 > thresh=0.10; env=0.0039 < gate=0.0056)
2025-12-30 04:57:41 [detection]      S3F-1 Rejected Note (onset=0.99 > thresh=0.10; env=0.0169 < floor=0.0266)
2025-12-30 04:57:41 [detection]      S2F4 ON (onset=1.270 env=0.0811)
2025-12-30 04:57:41 [detection]      S3F-1 Rejected Note (onset=1.00 > thresh=0.10; env=0.0052 < floor=0.0266)
2025-12-30 04:57:41 [detection]      S2F4 OFF (sustained-quiet: avgEnv=0.0268 < floor=0.0399)
2025-12-30 04:57:41 [detection]      S2F-1 Rejected Note (onset=0.79 > thresh=0.10; env=0.0097 < floor=0.0266)
2025-12-30 04:57:42 [detection]      S3F4 ON (onset=0.843 env=0.0824)
2025-12-30 04:57:42 [detection]      S4F-1 Rejected Note (onset=0.70 > thresh=0.10; env=0.0030 < gate=0.0045)
2025-12-30 04:57:42 [detection]      S3F4 OFF (sustained-quiet: avgEnv=0.0008 < floor=0.0266)
2025-12-30 04:57:42 [detection]      S3F-1 Rejected Note (onset=0.99 > thresh=0.10; env=0.0043 < floor=0.0266)
2025-12-30 04:57:42 [detection]      S3F-1 Rejected Note (onset=1.07 > thresh=0.10; env=0.0047 < floor=0.0266)
2025-12-30 04:57:42 [detection]      S2F4 ON (onset=1.334 env=0.0868)
2025-12-30 04:57:42 [detection]      S2F4 OFF (sustained-quiet: avgEnv=0.0032 < floor=0.0399)
2025-12-30 04:57:43 [detection]      S4F-1 Rejected Note (onset=0.90 > thresh=0.10; env=0.0090 < floor=0.0266)
2025-12-30 04:57:43 [detection]      S3F4 ON (onset=0.583 env=0.0776)
2025-12-30 04:57:43 [detection]      S2F9 Rejected Note (onset=1.43 > thresh=0.10; env=0.0054 < floor=0.0266)
2025-12-30 04:57:43 [detection]      S4F-1 Rejected Note (onset=1.23 > thresh=0.10; env=0.0052 < floor=0.0266)
2025-12-30 04:57:43 [detection]      S3F4 OFF (sustained-quiet: avgEnv=0.0156 < floor=0.0266)
2025-12-30 04:57:43 [detection]      S1F-1 Rejected Note (onset=0.88 > thresh=0.10; env=0.0139 < floor=0.0266)
2025-12-30 04:57:43 [detection]      S3F-1 Rejected Note (onset=1.18 > thresh=0.10; env=0.0023 < gate=0.0035)
2025-12-30 04:57:43 [detection]      S4F24 Rejected Note (onset=0.90 > thresh=0.10; env=0.0005 < gate=0.0045)
2025-12-30 04:57:43 [detection]      S2F7 ON (onset=0.599 env=0.0290)
2025-12-30 04:57:43 [detection]      S5F-1 Rejected Note (onset=1.05 > thresh=0.10; env=0.0025 < gate=0.0056)
2025-12-30 04:57:43 [detection]      S2F7 OFF (sustained-quiet: avgEnv=0.0050 < floor=0.0399)
2025-12-30 04:57:43 [detection]      S2F9 Rejected Note (onset=1.00 > thresh=0.10; env=0.0040 < floor=0.0266)
2025-12-30 04:57:44 [detection]      S3F4 ON (onset=0.810 env=0.0928)
2025-12-30 04:57:44 [detection]      S3F4 OFF (sustained-quiet: avgEnv=0.0235 < floor=0.0266)
2025-12-30 04:57:44 [detection]      S1F-1 Rejected Note (onset=0.78 > thresh=0.10; env=0.0166 < floor=0.0266)
2025-12-30 04:57:44 [detection]      S2F7 Rejected Note (onset=0.59 > thresh=0.10; env=0.0045 < floor=0.0266)
2025-12-30 04:57:45 [detection]      S6F10 Rejected Note (onset=0.59 > thresh=0.10; env=0.0070 < floor=0.0266)
2025-12-30 04:57:46 [detection]      S3F5 ON (onset=1.221 env=0.0736)
2025-12-30 04:57:46 [detection]      S4F6 ON (onset=1.280 env=0.2138)
2025-12-30 04:57:46 [detection]      S5F24 Rejected Note (onset=0.81 > thresh=0.10; env=0.0031 < gate=0.0056)
2025-12-30 04:57:46 [detection]      S4F6 OFF (sharp-drop: 0.1520 -> 0.0106)
2025-12-30 04:57:46 [detection]      S3F5 OFF (sustained-quiet: avgEnv=0.0174 < floor=0.0266)
2025-12-30 04:57:46 [detection]      S2F4 ON (onset=0.551 env=0.0280)
2025-12-30 04:57:46 [detection]      S2F4 OFF (sustained-quiet: avgEnv=0.0004 < floor=0.0399)
2025-12-30 04:57:47 [detection]      S5F-1 Rejected Note (onset=0.72 > thresh=0.10; env=0.0045 < gate=0.0056)
2025-12-30 04:57:50 [detection]      S3F-1 Rejected Note (onset=1.18 > thresh=0.10; env=0.0058 < floor=0.0266)
2025-12-30 04:57:50 [detection]      S2F2 Rejected Note (onset=1.00 > thresh=0.10; env=0.0148 < floor=0.0266)
2025-12-30 04:57:50 [detection]      S4F-1 Rejected Note (onset=0.96 > thresh=0.10; env=0.0046 < floor=0.0266)
2025-12-30 04:57:50 [detection] LOW E REJECT: pitch=-1.00 midi=-1 (no pitch or midi)
2025-12-30 04:57:50 [detection]      S2F3 ON (onset=0.801 env=0.1426)
2025-12-30 04:57:50 [detection] LOW E ONSET: fret=1 pitch=87.86Hz midi=41 stable=1 env=0.1163 onset=0.621
2025-12-30 04:57:50 [detection] LOW E ACCEPTED: detectedHz=87.86 expectedHz=87.31 midi=41(should be 41) fret=1
2025-12-30 04:57:50 [detection]      S1F1 ON (onset=0.621 env=0.1163)
2025-12-30 04:57:50 [detection]      S3F3 ON (onset=0.791 env=0.0670)
2025-12-30 04:57:50 [detection]      S1F1 OFF (sustained-quiet: avgEnv=0.0069 < floor=0.0266)
2025-12-30 04:57:50 [detection]      S2F3 OFF (sustained-quiet: avgEnv=0.0054 < floor=0.0399)
2025-12-30 04:57:50 [detection]      S3F3 OFF (sustained-quiet: avgEnv=0.0100 < floor=0.0266)
2025-12-30 04:57:51 [detection]      S2F9 Rejected Note (onset=1.40 > thresh=0.10; env=0.0073 < floor=0.0266)
2025-12-30 04:57:51 [detection] LOW E REJECT: pitch=-1.00 midi=-1 (no pitch or midi)
2025-12-30 04:57:52 [detection]      S2F0 Rejected Note (onset=1.33 > thresh=0.10; env=0.0065 < floor=0.0266)
2025-12-30 04:57:52 [detection]      S2F0 Rejected Note (onset=0.96 > thresh=0.10; env=0.0077 < floor=0.0266)
2025-12-30 04:57:53 [detection] LOW E REJECT: pitch=-1.00 midi=-1 (no pitch or midi)
2025-12-30 04:57:53 [detection]      S1F0 Rejected Note (onset=0.89 > thresh=0.10; env=0.0220 < floor=0.0266)
2025-12-30 04:57:53 [detection] LOW E REJECT: pitch=-1.00 midi=-1 (no pitch or midi)
2025-12-30 04:57:53 [detection]      S2F0 Rejected Note (onset=1.00 > thresh=0.10; env=0.0031 < floor=0.0266)
2025-12-30 04:57:53 [detection]      S3F-1 Rejected Note (onset=1.17 > thresh=0.10; env=0.0020 < gate=0.0035)
2025-12-30 04:57:55 [detection]      S2F10 Rejected Note (onset=0.98 > thresh=0.10; env=0.0017 < floor=0.0266)
2025-12-30 04:57:55 [detection]      S6F13 Rejected Note (onset=1.39 > thresh=0.10; env=0.0112 < floor=0.0266)
2025-12-30 04:57:55 [detection]      S6F14 Rejected Note (onset=1.00 > thresh=0.10; env=0.0128 < floor=0.0266)
2025-12-30 04:57:55 [detection]      S6F14 Rejected Note (onset=0.82 > thresh=0.10; env=0.0119 < floor=0.0266)
2025-12-30 04:57:55 [detection]      S6F14 Rejected Note (onset=0.80 > thresh=0.10; env=0.0111 < floor=0.0266)
2025-12-30 04:57:56 [detection]      S6F15 Rejected Note (onset=1.05 > thresh=0.10; env=0.0059 < gate=0.0066)
