# SignalAssistant session log
# Started at 2025-12-08 03:32:09
2025-12-08 03:32:09 [session] mode=live session='' path='' duration=0.00 files=0
2025-12-08 03:32:09 [tracker-settings] TrackerConfig onsetThreshold=0.02000 minNoteDurSec=0.045 hopSec=0.010 slideDelta=120.0 bendDelta=35.0
2025-12-08 03:32:09 [tracker-settings] string1 midi=40 lowCut=37.08Hz highCut=445.00Hz baseline=0.000180 gateRatio=0.05500 envFloor=0.000450 sustainScale=0.580 retriggerScale=1.400 peakRelease=0.120 pitchTol=0.400 onsetScale=0.300
2025-12-08 03:32:09 [tracker-settings] string2 midi=45 lowCut=55.00Hz highCut=563.20Hz baseline=0.000220 gateRatio=0.10000 envFloor=0.000550 sustainScale=0.700 retriggerScale=1.250 peakRelease=0.130 pitchTol=0.400 onsetScale=0.450
2025-12-08 03:32:09 [tracker-settings] string3 midi=50 lowCut=85.16Hz highCut=693.05Hz baseline=0.000260 gateRatio=0.13000 envFloor=0.000650 sustainScale=0.820 retriggerScale=1.100 peakRelease=0.140 pitchTol=0.450 onsetScale=0.580
2025-12-08 03:32:09 [tracker-settings] string4 midi=55 lowCut=127.40Hz highCut=862.39Hz baseline=0.000320 gateRatio=0.17000 envFloor=0.000780 sustainScale=1.000 retriggerScale=1.000 peakRelease=0.160 pitchTol=0.440 onsetScale=0.700
2025-12-08 03:32:09 [tracker-settings] string5 midi=59 lowCut=160.51Hz highCut=1086.54Hz baseline=0.000370 gateRatio=0.21000 envFloor=0.000900 sustainScale=1.000 retriggerScale=1.000 peakRelease=0.180 pitchTol=0.500 onsetScale=0.800
2025-12-08 03:32:09 [tracker-settings] string6 midi=64 lowCut=214.26Hz highCut=1450.36Hz baseline=0.000420 gateRatio=0.25000 envFloor=0.001050 sustainScale=1.000 retriggerScale=1.000 peakRelease=0.200 pitchTol=0.550 onsetScale=0.900
2025-12-08 03:32:09 [tracker] [s1] calibration reset
2025-12-08 03:32:09 [tracker] [s2] calibration reset
2025-12-08 03:32:09 [tracker] [s3] calibration reset
2025-12-08 03:32:09 [tracker] [s4] calibration reset
2025-12-08 03:32:09 [tracker] [s5] calibration reset
2025-12-08 03:32:09 [tracker] [s6] calibration reset
2025-12-08 03:32:09 [tracker] [s1] calibration avg=0.03165 peak=0.10910
2025-12-08 03:32:09 [tracker] [s2] calibration avg=0.01798 peak=0.04582
2025-12-08 03:32:09 [tracker] [s3] calibration avg=0.01325 peak=0.06025
2025-12-08 03:32:09 [tracker] [s4] calibration avg=0.03051 peak=0.11407
2025-12-08 03:32:09 [tracker] [s5] calibration avg=0.03291 peak=0.07733
2025-12-08 03:32:09 [tracker] [s6] calibration avg=0.04616 peak=0.12280
2025-12-08 03:32:10 [tracker] [s1] configure sr=48000.0 hop=128 fft=1024 low=37.1 high=445.0
2025-12-08 03:32:10 [tracker] [s1] params baseline=0.000180 gate=0.0550 envFloor=0.000450 sustain=0.580 retrigger=1.400 peakRelease=0.120 pitchTol=0.400 onsetScale=0.006 aubioScale=1.20 aubioThresh=0.024 onsetSilence=-85.0 pitchSilence=-90.0
2025-12-08 03:32:10 [tracker] [s2] configure sr=48000.0 hop=128 fft=1024 low=55.0 high=563.2
2025-12-08 03:32:10 [tracker] [s2] params baseline=0.000220 gate=0.1000 envFloor=0.000550 sustain=0.700 retrigger=1.250 peakRelease=0.130 pitchTol=0.400 onsetScale=0.009 aubioScale=1.35 aubioThresh=0.027 onsetSilence=-85.0 pitchSilence=-90.0
2025-12-08 03:32:10 [tracker] [s3] configure sr=48000.0 hop=128 fft=1024 low=85.2 high=693.0
2025-12-08 03:32:10 [tracker] [s3] params baseline=0.000260 gate=0.1300 envFloor=0.000650 sustain=0.820 retrigger=1.100 peakRelease=0.140 pitchTol=0.450 onsetScale=0.012 aubioScale=1.60 aubioThresh=0.032 onsetSilence=-75.0 pitchSilence=-80.0
2025-12-08 03:32:10 [tracker] [s4] configure sr=48000.0 hop=128 fft=1024 low=127.4 high=862.4
2025-12-08 03:32:10 [tracker] [s4] params baseline=0.000320 gate=0.1700 envFloor=0.000780 sustain=1.000 retrigger=1.000 peakRelease=0.160 pitchTol=0.440 onsetScale=0.014 aubioScale=1.80 aubioThresh=0.036 onsetSilence=-75.0 pitchSilence=-80.0
2025-12-08 03:32:10 [tracker] [s5] configure sr=48000.0 hop=128 fft=512 low=160.5 high=1086.5
2025-12-08 03:32:10 [tracker] [s5] params baseline=0.000370 gate=0.2100 envFloor=0.000900 sustain=1.000 retrigger=1.000 peakRelease=0.180 pitchTol=0.500 onsetScale=0.016 aubioScale=1.80 aubioThresh=0.036 onsetSilence=-75.0 pitchSilence=-80.0
2025-12-08 03:32:10 [tracker] [s6] configure sr=48000.0 hop=128 fft=512 low=214.3 high=1450.4
2025-12-08 03:32:10 [tracker] [s6] params baseline=0.000420 gate=0.2500 envFloor=0.001050 sustain=1.000 retrigger=1.000 peakRelease=0.200 pitchTol=0.550 onsetScale=0.018 aubioScale=1.80 aubioThresh=0.036 onsetSilence=-75.0 pitchSilence=-80.0
2025-12-08 03:32:10 [tracker] [s1] aubio-raw t=0.0067 onset=4.000000 env=0.000138 peak=0.000301 gain=1.000
2025-12-08 03:32:10 [tracker] [s1] onset-below-gate t=0.0067 env=0.000138 onset=4.000000 thresh=0.006000 baseline=0.029117 gate=0.001601 envFloor=0.024750 floor=0.029117 adapt=0.029117 lastPeak=0.000000 calib=0.029117 baseParam=0.000180 gateRatio=0.0550 envParam=0.000450
2025-12-08 03:32:10 [tracker] [s1] aubio-raw t=0.5267 onset=1.016094 env=0.000144 peak=0.000355 gain=1.000
2025-12-08 03:32:10 [tracker] [s1] onset-below-gate t=0.5267 env=0.000144 onset=1.016094 thresh=0.006000 baseline=0.029117 gate=0.001601 envFloor=0.024750 floor=0.029117 adapt=0.029117 lastPeak=0.000000 calib=0.029117 baseParam=0.000180 gateRatio=0.0550 envParam=0.000450
2025-12-08 03:32:11 [tracker] [s1] aubio-raw t=0.9747 onset=0.987542 env=0.000153 peak=0.000349 gain=1.000
2025-12-08 03:32:11 [tracker] [s1] onset-below-gate t=0.9747 env=0.000153 onset=0.987542 thresh=0.006000 baseline=0.029117 gate=0.001601 envFloor=0.024750 floor=0.029117 adapt=0.029117 lastPeak=0.000000 calib=0.029117 baseParam=0.000180 gateRatio=0.0550 envParam=0.000450
2025-12-08 03:32:11 [tracker] [s1] aubio-raw t=1.1293 onset=1.150432 env=0.000103 peak=0.000303 gain=1.000
2025-12-08 03:32:11 [tracker] [s1] onset-below-gate t=1.1293 env=0.000103 onset=1.150432 thresh=0.006000 baseline=0.029117 gate=0.001601 envFloor=0.024750 floor=0.029117 adapt=0.029117 lastPeak=0.000000 calib=0.029117 baseParam=0.000180 gateRatio=0.0550 envParam=0.000450
2025-12-08 03:32:11 [tracker] [s1] aubio-raw t=1.5587 onset=1.186951 env=0.000080 peak=0.000194 gain=1.000
2025-12-08 03:32:11 [tracker] [s1] onset-below-gate t=1.5587 env=0.000080 onset=1.186951 thresh=0.006000 baseline=0.029117 gate=0.001601 envFloor=0.024750 floor=0.029117 adapt=0.029117 lastPeak=0.000000 calib=0.029117 baseParam=0.000180 gateRatio=0.0550 envParam=0.000450
2025-12-08 03:32:12 [tracker] [s1] aubio-raw t=2.0707 onset=1.163301 env=0.000103 peak=0.000307 gain=1.000
2025-12-08 03:32:12 [tracker] [s1] onset-below-gate t=2.0707 env=0.000103 onset=1.163301 thresh=0.006000 baseline=0.029117 gate=0.001601 envFloor=0.024750 floor=0.029117 adapt=0.029117 lastPeak=0.000000 calib=0.029117 baseParam=0.000180 gateRatio=0.0550 envParam=0.000450
2025-12-08 03:32:12 [tracker] [s1] aubio-raw t=2.2440 onset=0.995604 env=0.000106 peak=0.000227 gain=1.000
2025-12-08 03:32:12 [tracker] [s1] onset-below-gate t=2.2440 env=0.000106 onset=0.995604 thresh=0.006000 baseline=0.029117 gate=0.001601 envFloor=0.024750 floor=0.029117 adapt=0.029117 lastPeak=0.000000 calib=0.029117 baseParam=0.000180 gateRatio=0.0550 envParam=0.000450
2025-12-08 03:32:12 [tracker] [s1] aubio-raw t=2.3560 onset=0.999194 env=0.000110 peak=0.000288 gain=1.000
2025-12-08 03:32:12 [tracker] [s1] onset-below-gate t=2.3560 env=0.000110 onset=0.999194 thresh=0.006000 baseline=0.029117 gate=0.001601 envFloor=0.024750 floor=0.029117 adapt=0.029117 lastPeak=0.000000 calib=0.029117 baseParam=0.000180 gateRatio=0.0550 envParam=0.000450
2025-12-08 03:32:12 [tracker] [s1] aubio-raw t=2.5000 onset=1.049530 env=0.000094 peak=0.000273 gain=1.000
2025-12-08 03:32:12 [tracker] [s1] onset-below-gate t=2.5000 env=0.000094 onset=1.049530 thresh=0.006000 baseline=0.029117 gate=0.001601 envFloor=0.024750 floor=0.029117 adapt=0.029117 lastPeak=0.000000 calib=0.029117 baseParam=0.000180 gateRatio=0.0550 envParam=0.000450
2025-12-08 03:32:13 [tracker] [s1] aubio-raw t=2.7160 onset=0.996722 env=0.000118 peak=0.000334 gain=1.000
2025-12-08 03:32:13 [tracker] [s1] onset-below-gate t=2.7160 env=0.000118 onset=0.996722 thresh=0.006000 baseline=0.029117 gate=0.001601 envFloor=0.024750 floor=0.029117 adapt=0.029117 lastPeak=0.000000 calib=0.029117 baseParam=0.000180 gateRatio=0.0550 envParam=0.000450
2025-12-08 03:32:13 [tracker] [s1] aubio-raw t=2.9374 onset=1.280705 env=0.000149 peak=0.000399 gain=1.000
2025-12-08 03:32:13 [tracker] [s1] onset-below-gate t=2.9374 env=0.000149 onset=1.280705 thresh=0.006000 baseline=0.029117 gate=0.001601 envFloor=0.024750 floor=0.029117 adapt=0.029117 lastPeak=0.000000 calib=0.029117 baseParam=0.000180 gateRatio=0.0550 envParam=0.000450
2025-12-08 03:32:14 [tracker] [s1] aubio-raw t=3.7960 onset=0.997443 env=0.000081 peak=0.000211 gain=1.000
2025-12-08 03:32:14 [tracker] [s1] onset-below-gate t=3.7960 env=0.000081 onset=0.997443 thresh=0.006000 baseline=0.029117 gate=0.001601 envFloor=0.024750 floor=0.029117 adapt=0.029117 lastPeak=0.000000 calib=0.029117 baseParam=0.000180 gateRatio=0.0550 envParam=0.000450
2025-12-08 03:32:14 [tracker] [s1] aubio-raw t=3.8814 onset=0.704400 env=0.000132 peak=0.000307 gain=1.000
2025-12-08 03:32:14 [tracker] [s1] onset-below-gate t=3.8814 env=0.000132 onset=0.704400 thresh=0.006000 baseline=0.029117 gate=0.001601 envFloor=0.024750 floor=0.029117 adapt=0.029117 lastPeak=0.000000 calib=0.029117 baseParam=0.000180 gateRatio=0.0550 envParam=0.000450
2025-12-08 03:32:15 [tracker] [s1] aubio-raw t=4.9640 onset=0.880442 env=0.000099 peak=0.000249 gain=1.000
2025-12-08 03:32:15 [tracker] [s1] onset-below-gate t=4.9640 env=0.000099 onset=0.880442 thresh=0.006000 baseline=0.029117 gate=0.001601 envFloor=0.024750 floor=0.029117 adapt=0.029117 lastPeak=0.000000 calib=0.029117 baseParam=0.000180 gateRatio=0.0550 envParam=0.000450
2025-12-08 03:32:15 [tracker] [s1] aubio-raw t=5.1106 onset=0.997578 env=0.000085 peak=0.000181 gain=1.000
2025-12-08 03:32:15 [tracker] [s1] onset-below-gate t=5.1106 env=0.000085 onset=0.997578 thresh=0.006000 baseline=0.029117 gate=0.001601 envFloor=0.024750 floor=0.029117 adapt=0.029117 lastPeak=0.000000 calib=0.029117 baseParam=0.000180 gateRatio=0.0550 envParam=0.000450
2025-12-08 03:32:15 [tracker] [s1] aubio-raw t=5.2466 onset=1.064696 env=0.000123 peak=0.000316 gain=1.000
2025-12-08 03:32:15 [tracker] [s1] onset-below-gate t=5.2466 env=0.000123 onset=1.064696 thresh=0.006000 baseline=0.029117 gate=0.001601 envFloor=0.024750 floor=0.029117 adapt=0.029117 lastPeak=0.000000 calib=0.029117 baseParam=0.000180 gateRatio=0.0550 envParam=0.000450
2025-12-08 03:32:15 [tracker] [s1] aubio-raw t=5.6573 onset=0.997849 env=0.000097 peak=0.000310 gain=1.000
2025-12-08 03:32:15 [tracker] [s1] onset-below-gate t=5.6573 env=0.000097 onset=0.997849 thresh=0.006000 baseline=0.029117 gate=0.001601 envFloor=0.024750 floor=0.029117 adapt=0.029117 lastPeak=0.000000 calib=0.029117 baseParam=0.000180 gateRatio=0.0550 envParam=0.000450
2025-12-08 03:32:16 [tracker] [s1] aubio-raw t=5.8439 onset=1.423939 env=0.000107 peak=0.000359 gain=1.000
2025-12-08 03:32:16 [tracker] [s1] onset-below-gate t=5.8439 env=0.000107 onset=1.423939 thresh=0.006000 baseline=0.029117 gate=0.001601 envFloor=0.024750 floor=0.029117 adapt=0.029117 lastPeak=0.000000 calib=0.029117 baseParam=0.000180 gateRatio=0.0550 envParam=0.000450
2025-12-08 03:32:16 [tracker] [s1] aubio-raw t=6.0012 onset=0.903061 env=0.000109 peak=0.000256 gain=1.000
2025-12-08 03:32:16 [tracker] [s1] onset-below-gate t=6.0012 env=0.000109 onset=0.903061 thresh=0.006000 baseline=0.029117 gate=0.001601 envFloor=0.024750 floor=0.029117 adapt=0.029117 lastPeak=0.000000 calib=0.029117 baseParam=0.000180 gateRatio=0.0550 envParam=0.000450
2025-12-08 03:32:16 [tracker] [s1] aubio-raw t=6.1159 onset=1.446046 env=0.000678 peak=0.000872 gain=1.000
2025-12-08 03:32:16 [tracker] [s1] onset-below-gate t=6.1159 env=0.000678 onset=1.446046 thresh=0.006000 baseline=0.029117 gate=0.001601 envFloor=0.024750 floor=0.029117 adapt=0.029117 lastPeak=0.000000 calib=0.029117 baseParam=0.000180 gateRatio=0.0550 envParam=0.000450
2025-12-08 03:32:16 [tracker] [s1] aubio-raw t=6.2466 onset=1.232618 env=0.000161 peak=0.000370 gain=1.000
2025-12-08 03:32:16 [tracker] [s1] onset-below-gate t=6.2466 env=0.000161 onset=1.232618 thresh=0.006000 baseline=0.029117 gate=0.001601 envFloor=0.024750 floor=0.029117 adapt=0.029117 lastPeak=0.000000 calib=0.029117 baseParam=0.000180 gateRatio=0.0550 envParam=0.000450
2025-12-08 03:32:16 [tracker] [s1] aubio-raw t=6.4945 onset=0.999186 env=0.001389 peak=0.002415 gain=1.000
2025-12-08 03:32:16 [tracker] [s1] onset-below-gate t=6.4945 env=0.001389 onset=0.999186 thresh=0.006000 baseline=0.029117 gate=0.001601 envFloor=0.024750 floor=0.029117 adapt=0.029117 lastPeak=0.000000 calib=0.029117 baseParam=0.000180 gateRatio=0.0550 envParam=0.000450
2025-12-08 03:32:16 [tracker] [s1] aubio-raw t=6.6199 onset=0.983753 env=0.014677 peak=0.017063 gain=1.000
2025-12-08 03:32:16 [tracker] [s1] onset-below-env-floor t=6.6199 env=0.014677 onset=0.983753 thresh=0.006000 baseline=0.029117 gate=0.001601 envFloor=0.024750 floor=0.029117 adapt=0.029117 lastPeak=0.000000 calib=0.029117 baseParam=0.000180 gateRatio=0.0550 envParam=0.000450
2025-12-08 03:32:16 [tracker] [s1] aubio-raw t=6.6759 onset=0.793449 env=0.006241 peak=0.009663 gain=1.000
2025-12-08 03:32:16 [tracker] [s1] onset-below-env-floor t=6.6759 env=0.006241 onset=0.793449 thresh=0.006000 baseline=0.029117 gate=0.001601 envFloor=0.024750 floor=0.029117 adapt=0.029117 lastPeak=0.000000 calib=0.029117 baseParam=0.000180 gateRatio=0.0550 envParam=0.000450
2025-12-08 03:32:17 [tracker] [s1] aubio-raw t=6.7345 onset=0.650937 env=0.058608 peak=0.100630 gain=1.000
2025-12-08 03:32:17 [tracker] [s1] onset-accepted t=6.7345 env=0.058608 onset=0.650937 thresh=0.006000 baseline=0.029117 gate=0.001601 envFloor=0.024750 floor=0.029117 adapt=0.029117 lastPeak=0.000000 calib=0.029117 baseParam=0.000180 gateRatio=0.0550 envParam=0.000450
2025-12-08 03:32:17 [tracker] [s1] onset t=6.735 env=0.05861 baseline=0.02912 gate=0.00160 envFloor=0.02475 onset=0.651>=0.006
2025-12-08 03:32:17 [tracker] [s1] aubio-raw t=6.7932 onset=1.350584 env=0.059738 peak=0.091564 gain=1.000
2025-12-08 03:32:17 [tracker] [s1] onset-accepted t=6.7932 env=0.059738 onset=1.350584 thresh=0.006000 baseline=0.029117 gate=0.001601 envFloor=0.024750 floor=0.029117 adapt=0.029117 lastPeak=0.000000 calib=0.029117 baseParam=0.000180 gateRatio=0.0550 envParam=0.000450
2025-12-08 03:32:17 [tracker] [s1] onset t=6.793 env=0.05974 baseline=0.02912 gate=0.00160 envFloor=0.02475 onset=1.351>=0.006
2025-12-08 03:32:17 [tracker] [s1] aubio-raw t=6.8678 onset=0.723498 env=0.046452 peak=0.083759 gain=1.000
2025-12-08 03:32:17 [tracker] [s1] onset-accepted t=6.8678 env=0.046452 onset=0.723498 thresh=0.006000 baseline=0.029117 gate=0.001601 envFloor=0.024750 floor=0.029117 adapt=0.029117 lastPeak=0.000000 calib=0.029117 baseParam=0.000180 gateRatio=0.0550 envParam=0.000450
2025-12-08 03:32:17 [tracker] [s1] onset t=6.868 env=0.04645 baseline=0.02912 gate=0.00160 envFloor=0.02475 onset=0.723>=0.006
2025-12-08 03:32:17 [tracker] [s1] aubio-raw t=6.9398 onset=0.967688 env=0.048615 peak=0.078947 gain=1.000
2025-12-08 03:32:17 [tracker] [s1] onset-accepted t=6.9398 env=0.048615 onset=0.967688 thresh=0.006000 baseline=0.029117 gate=0.001601 envFloor=0.024750 floor=0.029117 adapt=0.029117 lastPeak=0.000000 calib=0.029117 baseParam=0.000180 gateRatio=0.0550 envParam=0.000450
2025-12-08 03:32:17 [tracker] [s1] onset t=6.940 env=0.04862 baseline=0.02912 gate=0.00160 envFloor=0.02475 onset=0.968>=0.006
2025-12-08 03:32:17 [tracker] [s1] aubio-raw t=7.0012 onset=0.950370 env=0.038788 peak=0.077386 gain=1.000
2025-12-08 03:32:17 [tracker] [s1] onset-accepted t=7.0012 env=0.038788 onset=0.950370 thresh=0.006000 baseline=0.029117 gate=0.001601 envFloor=0.024750 floor=0.029117 adapt=0.029117 lastPeak=0.000000 calib=0.029117 baseParam=0.000180 gateRatio=0.0550 envParam=0.000450
2025-12-08 03:32:17 [tracker] [s1] onset t=7.001 env=0.03879 baseline=0.02912 gate=0.00160 envFloor=0.02475 onset=0.950>=0.006
2025-12-08 03:32:17 [tracker] [s1] aubio-raw t=7.0732 onset=0.778175 env=0.046473 peak=0.074416 gain=1.000
2025-12-08 03:32:17 [tracker] [s1] onset-accepted t=7.0732 env=0.046473 onset=0.778175 thresh=0.006000 baseline=0.029117 gate=0.001601 envFloor=0.024750 floor=0.029117 adapt=0.029117 lastPeak=0.000000 calib=0.029117 baseParam=0.000180 gateRatio=0.0550 envParam=0.000450
2025-12-08 03:32:17 [tracker] [s1] onset t=7.073 env=0.04647 baseline=0.02912 gate=0.00160 envFloor=0.02475 onset=0.778>=0.006
2025-12-08 03:32:17 [tracker] [s1] aubio-raw t=7.1345 onset=0.713161 env=0.033053 peak=0.072891 gain=1.000
2025-12-08 03:32:17 [tracker] [s1] onset-accepted t=7.1345 env=0.033053 onset=0.713161 thresh=0.006000 baseline=0.029117 gate=0.001601 envFloor=0.024750 floor=0.029117 adapt=0.029117 lastPeak=0.000000 calib=0.029117 baseParam=0.000180 gateRatio=0.0550 envParam=0.000450
2025-12-08 03:32:17 [tracker] [s1] onset t=7.134 env=0.03305 baseline=0.02912 gate=0.00160 envFloor=0.02475 onset=0.713>=0.006
2025-12-08 03:32:17 [tracker] [s1] aubio-raw t=7.2038 onset=1.498924 env=0.034480 peak=0.057418 gain=1.000
2025-12-08 03:32:17 [tracker] [s1] onset-accepted t=7.2038 env=0.034480 onset=1.498924 thresh=0.006000 baseline=0.029117 gate=0.001601 envFloor=0.024750 floor=0.029117 adapt=0.029117 lastPeak=0.000000 calib=0.029117 baseParam=0.000180 gateRatio=0.0550 envParam=0.000450
2025-12-08 03:32:17 [tracker] [s1] onset t=7.204 env=0.03448 baseline=0.02912 gate=0.00160 envFloor=0.02475 onset=1.499>=0.006
2025-12-08 03:32:17 [tracker] [s1] aubio-raw t=7.2678 onset=0.989478 env=0.027367 peak=0.065490 gain=1.000
2025-12-08 03:32:17 [tracker] [s1] onset-accepted t=7.2678 env=0.027367 onset=0.989478 thresh=0.006000 baseline=0.029117 gate=0.001601 envFloor=0.024750 floor=0.029117 adapt=0.029117 lastPeak=0.000000 calib=0.029117 baseParam=0.000180 gateRatio=0.0550 envParam=0.000450
2025-12-08 03:32:17 [tracker] [s1] onset t=7.268 env=0.02737 baseline=0.02912 gate=0.00160 envFloor=0.02475 onset=0.989>=0.006
2025-12-08 03:32:17 [tracker] [s1] aubio-raw t=7.3265 onset=1.347053 env=0.044030 peak=0.062135 gain=1.000
2025-12-08 03:32:17 [tracker] [s1] onset-accepted t=7.3265 env=0.044030 onset=1.347053 thresh=0.006000 baseline=0.029117 gate=0.001601 envFloor=0.024750 floor=0.029117 adapt=0.029117 lastPeak=0.000000 calib=0.029117 baseParam=0.000180 gateRatio=0.0550 envParam=0.000450
2025-12-08 03:32:17 [tracker] [s1] onset t=7.326 env=0.04403 baseline=0.02912 gate=0.00160 envFloor=0.02475 onset=1.347>=0.006
2025-12-08 03:32:17 [tracker] [s1] aubio-raw t=7.4011 onset=0.996895 env=0.001931 peak=0.003423 gain=1.000
2025-12-08 03:32:17 [tracker] [s1] onset-below-env-floor t=7.4011 env=0.001931 onset=0.996895 thresh=0.006000 baseline=0.029117 gate=0.001601 envFloor=0.024750 floor=0.029117 adapt=0.029117 lastPeak=0.000000 calib=0.029117 baseParam=0.000180 gateRatio=0.0550 envParam=0.000450
2025-12-08 03:32:17 [tracker] [s1] aubio-raw t=7.6331 onset=0.978125 env=0.000150 peak=0.000348 gain=1.000
2025-12-08 03:32:17 [tracker] [s1] onset-below-gate t=7.6331 env=0.000150 onset=0.978125 thresh=0.006000 baseline=0.029117 gate=0.001601 envFloor=0.024750 floor=0.029117 adapt=0.029117 lastPeak=0.000000 calib=0.029117 baseParam=0.000180 gateRatio=0.0550 envParam=0.000450
2025-12-08 03:32:18 [tracker] [s1] aubio-raw t=7.8571 onset=1.278267 env=0.000118 peak=0.000341 gain=1.000
2025-12-08 03:32:18 [tracker] [s1] onset-below-gate t=7.8571 env=0.000118 onset=1.278267 thresh=0.006000 baseline=0.029117 gate=0.001601 envFloor=0.024750 floor=0.029117 adapt=0.029117 lastPeak=0.000000 calib=0.029117 baseParam=0.000180 gateRatio=0.0550 envParam=0.000450
2025-12-08 03:32:18 [tracker] [s1] aubio-raw t=7.9504 onset=1.210388 env=0.000130 peak=0.000369 gain=1.000
2025-12-08 03:32:18 [tracker] [s1] onset-below-gate t=7.9504 env=0.000130 onset=1.210388 thresh=0.006000 baseline=0.029117 gate=0.001601 envFloor=0.024750 floor=0.029117 adapt=0.029117 lastPeak=0.000000 calib=0.029117 baseParam=0.000180 gateRatio=0.0550 envParam=0.000450
2025-12-08 03:32:18 [tracker] [s1] aubio-raw t=8.1531 onset=0.501007 env=0.069900 peak=0.193211 gain=1.000
2025-12-08 03:32:18 [tracker] [s1] onset-accepted t=8.1531 env=0.069900 onset=0.501007 thresh=0.006000 baseline=0.029117 gate=0.001601 envFloor=0.024750 floor=0.029117 adapt=0.029117 lastPeak=0.000000 calib=0.029117 baseParam=0.000180 gateRatio=0.0550 envParam=0.000450
2025-12-08 03:32:18 [tracker] [s1] onset t=8.153 env=0.06990 baseline=0.02912 gate=0.00160 envFloor=0.02475 onset=0.501>=0.006
2025-12-08 03:32:18 [tracker] [s1] aubio-raw t=8.2064 onset=0.790272 env=0.006141 peak=0.011107 gain=1.000
2025-12-08 03:32:18 [tracker] [s1] onset-below-env-floor t=8.2064 env=0.006141 onset=0.790272 thresh=0.006000 baseline=0.038796 gate=0.002134 envFloor=0.027157 floor=0.029117 adapt=0.038796 lastPeak=0.000000 calib=0.029117 baseParam=0.000180 gateRatio=0.0550 envParam=0.000450
2025-12-08 03:32:18 [tracker] [s1] aubio-raw t=8.2624 onset=1.408443 env=0.095107 peak=0.162722 gain=1.000
2025-12-08 03:32:18 [tracker] [s1] onset-accepted t=8.2624 env=0.095107 onset=1.408443 thresh=0.006000 baseline=0.037754 gate=0.002076 envFloor=0.026428 floor=0.029117 adapt=0.037754 lastPeak=0.000000 calib=0.029117 baseParam=0.000180 gateRatio=0.0550 envParam=0.000450
2025-12-08 03:32:18 [tracker] [s1] onset t=8.262 env=0.09511 baseline=0.03775 gate=0.00208 envFloor=0.02643 onset=1.408>=0.006
2025-12-08 03:32:18 [tracker] [s1] aubio-raw t=8.3264 onset=0.885013 env=0.007779 peak=0.013123 gain=1.000
2025-12-08 03:32:18 [tracker] [s1] onset-below-env-floor t=8.3264 env=0.007779 onset=0.885013 thresh=0.006000 baseline=0.032866 gate=0.001808 envFloor=0.024750 floor=0.029117 adapt=0.032866 lastPeak=0.000000 calib=0.029117 baseParam=0.000180 gateRatio=0.0550 envParam=0.000450
2025-12-08 03:32:18 [tracker] [s1] aubio-raw t=8.3851 onset=0.599718 env=0.060055 peak=0.114700 gain=1.000
2025-12-08 03:32:18 [tracker] [s1] onset-accepted t=8.3851 env=0.060055 onset=0.599718 thresh=0.006000 baseline=0.029117 gate=0.001601 envFloor=0.024750 floor=0.029117 adapt=0.029117 lastPeak=0.000000 calib=0.029117 baseParam=0.000180 gateRatio=0.0550 envParam=0.000450
2025-12-08 03:32:18 [tracker] [s1] onset t=8.385 env=0.06006 baseline=0.02912 gate=0.00160 envFloor=0.02475 onset=0.600>=0.006
2025-12-08 03:32:18 [tracker] [s1] aubio-raw t=8.4464 onset=0.913347 env=0.010917 peak=0.033575 gain=1.000
2025-12-08 03:32:18 [tracker] [s1] onset-below-env-floor t=8.4464 env=0.010917 onset=0.913347 thresh=0.006000 baseline=0.029117 gate=0.001601 envFloor=0.024750 floor=0.029117 adapt=0.029117 lastPeak=0.000000 calib=0.029117 baseParam=0.000180 gateRatio=0.0550 envParam=0.000450
2025-12-08 03:32:18 [tracker] [s1] aubio-raw t=8.5157 onset=1.251016 env=0.063885 peak=0.086650 gain=1.000
2025-12-08 03:32:18 [tracker] [s1] onset-accepted t=8.5157 env=0.063885 onset=1.251016 thresh=0.006000 baseline=0.029117 gate=0.001601 envFloor=0.024750 floor=0.029117 adapt=0.029117 lastPeak=0.000000 calib=0.029117 baseParam=0.000180 gateRatio=0.0550 envParam=0.000450
2025-12-08 03:32:18 [tracker] [s1] onset t=8.516 env=0.06389 baseline=0.02912 gate=0.00160 envFloor=0.02475 onset=1.251>=0.006
2025-12-08 03:32:18 [tracker] [s1] aubio-raw t=8.5904 onset=0.554777 env=0.027883 peak=0.072487 gain=1.000
2025-12-08 03:32:18 [tracker] [s1] onset-accepted t=8.5904 env=0.027883 onset=0.554777 thresh=0.006000 baseline=0.029117 gate=0.001601 envFloor=0.024750 floor=0.029117 adapt=0.029117 lastPeak=0.000000 calib=0.029117 baseParam=0.000180 gateRatio=0.0550 envParam=0.000450
2025-12-08 03:32:18 [tracker] [s1] onset t=8.590 env=0.02788 baseline=0.02912 gate=0.00160 envFloor=0.02475 onset=0.555>=0.006
2025-12-08 03:32:18 [tracker] [s1] aubio-raw t=8.6490 onset=1.062860 env=0.050145 peak=0.072848 gain=1.000
2025-12-08 03:32:18 [tracker] [s1] onset-accepted t=8.6490 env=0.050145 onset=1.062860 thresh=0.006000 baseline=0.029117 gate=0.001601 envFloor=0.024750 floor=0.029117 adapt=0.029117 lastPeak=0.000000 calib=0.029117 baseParam=0.000180 gateRatio=0.0550 envParam=0.000450
2025-12-08 03:32:18 [tracker] [s1] onset t=8.649 env=0.05014 baseline=0.02912 gate=0.00160 envFloor=0.02475 onset=1.063>=0.006
2025-12-08 03:32:19 [tracker] [s1] aubio-raw t=8.6997 onset=0.831789 env=0.010353 peak=0.018080 gain=1.000
2025-12-08 03:32:19 [tracker] [s1] onset-below-env-floor t=8.6997 env=0.010353 onset=0.831789 thresh=0.006000 baseline=0.029117 gate=0.001601 envFloor=0.024750 floor=0.029117 adapt=0.029117 lastPeak=0.000000 calib=0.029117 baseParam=0.000180 gateRatio=0.0550 envParam=0.000450
2025-12-08 03:32:19 [tracker] [s1] aubio-raw t=8.7930 onset=1.156059 env=0.047007 peak=0.068706 gain=1.000
2025-12-08 03:32:19 [tracker] [s1] onset-accepted t=8.7930 env=0.047007 onset=1.156059 thresh=0.006000 baseline=0.029117 gate=0.001601 envFloor=0.024750 floor=0.029117 adapt=0.029117 lastPeak=0.000000 calib=0.029117 baseParam=0.000180 gateRatio=0.0550 envParam=0.000450
2025-12-08 03:32:19 [tracker] [s1] onset t=8.793 env=0.04701 baseline=0.02912 gate=0.00160 envFloor=0.02475 onset=1.156>=0.006
2025-12-08 03:32:19 [tracker] [s1] aubio-raw t=8.8437 onset=1.101060 env=0.023137 peak=0.052290 gain=1.000
2025-12-08 03:32:19 [tracker] [s1] onset-below-env-floor t=8.8437 env=0.023137 onset=1.101060 thresh=0.006000 baseline=0.029117 gate=0.001601 envFloor=0.024750 floor=0.029117 adapt=0.029117 lastPeak=0.000000 calib=0.029117 baseParam=0.000180 gateRatio=0.0550 envParam=0.000450
2025-12-08 03:32:19 [tracker] [s1] aubio-raw t=8.9024 onset=1.001992 env=0.041742 peak=0.064169 gain=1.000
2025-12-08 03:32:19 [tracker] [s1] onset-accepted t=8.9024 env=0.041742 onset=1.001992 thresh=0.006000 baseline=0.029117 gate=0.001601 envFloor=0.024750 floor=0.029117 adapt=0.029117 lastPeak=0.000000 calib=0.029117 baseParam=0.000180 gateRatio=0.0550 envParam=0.000450
2025-12-08 03:32:19 [tracker] [s1] onset t=8.902 env=0.04174 baseline=0.02912 gate=0.00160 envFloor=0.02475 onset=1.002>=0.006
2025-12-08 03:32:19 [tracker] [s1] aubio-raw t=8.9637 onset=0.984575 env=0.026246 peak=0.045167 gain=1.000
2025-12-08 03:32:19 [tracker] [s1] onset-accepted t=8.9637 env=0.026246 onset=0.984575 thresh=0.006000 baseline=0.029117 gate=0.001601 envFloor=0.024750 floor=0.029117 adapt=0.029117 lastPeak=0.000000 calib=0.029117 baseParam=0.000180 gateRatio=0.0550 envParam=0.000450
2025-12-08 03:32:19 [tracker] [s1] onset t=8.964 env=0.02625 baseline=0.02912 gate=0.00160 envFloor=0.02475 onset=0.985>=0.006
2025-12-08 03:32:19 [tracker] [s1] aubio-raw t=9.0250 onset=1.003889 env=0.017744 peak=0.041966 gain=1.000
2025-12-08 03:32:19 [tracker] [s1] onset-below-env-floor t=9.0250 env=0.017744 onset=1.003889 thresh=0.006000 baseline=0.029117 gate=0.001601 envFloor=0.024750 floor=0.029117 adapt=0.029117 lastPeak=0.000000 calib=0.029117 baseParam=0.000180 gateRatio=0.0550 envParam=0.000450
2025-12-08 03:32:19 [tracker] [s1] aubio-raw t=9.0970 onset=0.951498 env=0.022471 peak=0.039634 gain=1.000
2025-12-08 03:32:19 [tracker] [s1] onset-below-env-floor t=9.0970 env=0.022471 onset=0.951498 thresh=0.006000 baseline=0.029117 gate=0.001601 envFloor=0.024750 floor=0.029117 adapt=0.029117 lastPeak=0.000000 calib=0.029117 baseParam=0.000180 gateRatio=0.0550 envParam=0.000450
2025-12-08 03:32:19 [tracker] [s1] aubio-raw t=9.1797 onset=1.155131 env=0.036007 peak=0.053355 gain=1.000
2025-12-08 03:32:19 [tracker] [s1] onset-accepted t=9.1797 env=0.036007 onset=1.155131 thresh=0.006000 baseline=0.029117 gate=0.001601 envFloor=0.024750 floor=0.029117 adapt=0.029117 lastPeak=0.000000 calib=0.029117 baseParam=0.000180 gateRatio=0.0550 envParam=0.000450
2025-12-08 03:32:19 [tracker] [s1] onset t=9.180 env=0.03601 baseline=0.02912 gate=0.00160 envFloor=0.02475 onset=1.155>=0.006
2025-12-08 03:32:19 [tracker] [s1] note-start t=9.180 fret=6 midi=46 vel=0.43 env=0.03601
2025-12-08 03:32:19 [tracker] [s1] aubio-raw t=9.2650 onset=1.184051 env=0.029531 peak=0.051063 gain=1.000
2025-12-08 03:32:19 [tracker] [s1] onset-accepted t=9.2650 env=0.029531 onset=1.184051 thresh=0.006000 baseline=0.029117 gate=0.001601 envFloor=0.024750 floor=0.029117 adapt=0.029117 lastPeak=0.030671 calib=0.029117 baseParam=0.000180 gateRatio=0.0550 envParam=0.000450
2025-12-08 03:32:19 [tracker] [s1] onset t=9.265 env=0.02953 baseline=0.02912 gate=0.00160 envFloor=0.02475 onset=1.184>=0.006
2025-12-08 03:32:19 [tracker] [s1] note-ended (new onset) t=9.265 fret=6 dur=0.085
2025-12-08 03:32:19 [tracker] [s1] aubio-raw t=9.3263 onset=1.000678 env=0.018287 peak=0.031408 gain=1.000
2025-12-08 03:32:19 [tracker] [s1] onset-below-env-floor t=9.3263 env=0.018287 onset=1.000678 thresh=0.006000 baseline=0.029117 gate=0.001601 envFloor=0.024750 floor=0.029117 adapt=0.029117 lastPeak=0.027331 calib=0.029117 baseParam=0.000180 gateRatio=0.0550 envParam=0.000450
2025-12-08 03:32:19 [tracker] [s1] aubio-raw t=9.3983 onset=1.070999 env=0.021688 peak=0.045220 gain=1.000
2025-12-08 03:32:19 [tracker] [s1] onset-below-env-floor t=9.3983 env=0.021688 onset=1.070999 thresh=0.006000 baseline=0.029117 gate=0.001601 envFloor=0.024750 floor=0.029117 adapt=0.029117 lastPeak=0.023871 calib=0.029117 baseParam=0.000180 gateRatio=0.0550 envParam=0.000450
2025-12-08 03:32:19 [tracker] [s1] aubio-raw t=9.4597 onset=1.098803 env=0.016731 peak=0.026142 gain=1.000
2025-12-08 03:32:19 [tracker] [s1] onset-below-env-floor t=9.4597 env=0.016731 onset=1.098803 thresh=0.006000 baseline=0.029117 gate=0.001601 envFloor=0.024750 floor=0.029117 adapt=0.029117 lastPeak=0.021272 calib=0.029117 baseParam=0.000180 gateRatio=0.0550 envParam=0.000450
2025-12-08 03:32:19 [tracker] [s1] aubio-raw t=9.5210 onset=0.777150 env=0.012882 peak=0.018731 gain=1.000
2025-12-08 03:32:19 [tracker] [s1] onset-below-env-floor t=9.5210 env=0.012882 onset=0.777150 thresh=0.006000 baseline=0.029117 gate=0.001601 envFloor=0.024750 floor=0.029117 adapt=0.029117 lastPeak=0.018956 calib=0.029117 baseParam=0.000180 gateRatio=0.0550 envParam=0.000450
2025-12-08 03:32:19 [tracker] [s1] aubio-raw t=9.5796 onset=1.044023 env=0.021316 peak=0.045894 gain=1.000
2025-12-08 03:32:19 [tracker] [s1] onset-below-env-floor t=9.5796 env=0.021316 onset=1.044023 thresh=0.006000 baseline=0.029117 gate=0.001601 envFloor=0.024750 floor=0.029117 adapt=0.029117 lastPeak=0.016976 calib=0.029117 baseParam=0.000180 gateRatio=0.0550 envParam=0.000450
2025-12-08 03:32:19 [tracker] [s1] aubio-raw t=9.6516 onset=0.967946 env=0.028411 peak=0.046468 gain=1.000
2025-12-08 03:32:19 [tracker] [s1] onset-accepted t=9.6516 env=0.028411 onset=0.967946 thresh=0.006000 baseline=0.029117 gate=0.001601 envFloor=0.024750 floor=0.029117 adapt=0.029117 lastPeak=0.014828 calib=0.029117 baseParam=0.000180 gateRatio=0.0550 envParam=0.000450
2025-12-08 03:32:19 [tracker] [s1] onset t=9.652 env=0.02841 baseline=0.02912 gate=0.00160 envFloor=0.02475 onset=0.968>=0.006
2025-12-08 03:32:19 [tracker] [s1] note-start t=9.652 fret=6 midi=46 vel=0.34 env=0.02841
2025-12-08 03:32:20 [tracker] [s1] aubio-raw t=9.7370 onset=1.061779 env=0.019398 peak=0.042669 gain=1.000
2025-12-08 03:32:20 [tracker] [s1] onset-below-env-floor t=9.7370 env=0.019398 onset=1.061779 thresh=0.006000 baseline=0.029117 gate=0.001601 envFloor=0.024750 floor=0.029117 adapt=0.029117 lastPeak=0.024200 calib=0.029117 baseParam=0.000180 gateRatio=0.0550 envParam=0.000450
2025-12-08 03:32:20 [tracker] [s1] aubio-raw t=9.7983 onset=1.205253 env=0.014865 peak=0.018038 gain=1.000
2025-12-08 03:32:20 [tracker] [s1] onset-below-env-floor t=9.7983 env=0.014865 onset=1.205253 thresh=0.006000 baseline=0.029117 gate=0.001601 envFloor=0.024750 floor=0.029117 adapt=0.029117 lastPeak=0.021565 calib=0.029117 baseParam=0.000180 gateRatio=0.0550 envParam=0.000450
2025-12-08 03:32:20 [tracker] [s1] release-quiet t=9.892 avgEnv=0.00153 floor=0.01435 quietFrames=8
2025-12-08 03:32:20 [tracker] [s1] note-ended t=9.892 fret=6 dur=0.240
2025-12-08 03:32:20 [tracker] [s1] aubio-raw t=10.5156 onset=1.247189 env=0.000190 peak=0.000431 gain=1.000
2025-12-08 03:32:20 [tracker] [s1] onset-below-gate t=10.5156 env=0.000190 onset=1.247189 thresh=0.006000 baseline=0.029117 gate=0.001601 envFloor=0.024750 floor=0.029117 adapt=0.029117 lastPeak=0.005600 calib=0.029117 baseParam=0.000180 gateRatio=0.0550 envParam=0.000450
2025-12-08 03:32:21 [tracker] [s1] aubio-raw t=10.7396 onset=1.435005 env=0.000114 peak=0.000268 gain=1.000
2025-12-08 03:32:21 [tracker] [s1] onset-below-gate t=10.7396 env=0.000114 onset=1.435005 thresh=0.006000 baseline=0.029117 gate=0.001601 envFloor=0.024750 floor=0.029117 adapt=0.029117 lastPeak=0.003675 calib=0.029117 baseParam=0.000180 gateRatio=0.0550 envParam=0.000450
2025-12-08 03:32:21 [tracker] [s1] aubio-raw t=10.8702 onset=0.837355 env=0.000129 peak=0.000317 gain=1.000
2025-12-08 03:32:21 [tracker] [s1] onset-below-gate t=10.8702 env=0.000129 onset=0.837355 thresh=0.006000 baseline=0.029117 gate=0.001601 envFloor=0.024750 floor=0.029117 adapt=0.029117 lastPeak=0.002875 calib=0.029117 baseParam=0.000180 gateRatio=0.0550 envParam=0.000450
2025-12-08 03:32:21 [tracker] [s1] aubio-raw t=11.5422 onset=0.648010 env=0.000111 peak=0.000254 gain=1.000
2025-12-08 03:32:21 [tracker] [s1] onset-below-gate t=11.5422 env=0.000111 onset=0.648010 thresh=0.006000 baseline=0.029117 gate=0.001601 envFloor=0.024750 floor=0.029117 adapt=0.029117 lastPeak=0.000813 calib=0.029117 baseParam=0.000180 gateRatio=0.0550 envParam=0.000450
2025-12-08 03:32:22 [tracker] [s1] aubio-raw t=11.8061 onset=1.255982 env=0.000151 peak=0.000369 gain=1.000
2025-12-08 03:32:22 [tracker] [s1] onset-below-gate t=11.8061 env=0.000151 onset=1.255982 thresh=0.006000 baseline=0.029117 gate=0.001601 envFloor=0.024750 floor=0.029117 adapt=0.029117 lastPeak=0.000495 calib=0.029117 baseParam=0.000180 gateRatio=0.0550 envParam=0.000450
2025-12-08 03:32:22 [tracker] [s1] aubio-raw t=12.0008 onset=1.051989 env=0.000146 peak=0.000322 gain=1.000
2025-12-08 03:32:22 [tracker] [s1] onset-below-gate t=12.0008 env=0.000146 onset=1.051989 thresh=0.006000 baseline=0.029117 gate=0.001601 envFloor=0.024750 floor=0.029117 adapt=0.029117 lastPeak=0.000343 calib=0.029117 baseParam=0.000180 gateRatio=0.0550 envParam=0.000450
2025-12-08 03:32:22 [tracker] [s1] aubio-raw t=12.4914 onset=1.032227 env=0.000148 peak=0.000359 gain=1.000
2025-12-08 03:32:22 [tracker] [s1] onset-below-gate t=12.4914 env=0.000148 onset=1.032227 thresh=0.006000 baseline=0.029117 gate=0.001601 envFloor=0.024750 floor=0.029117 adapt=0.029117 lastPeak=0.000136 calib=0.029117 baseParam=0.000180 gateRatio=0.0550 envParam=0.000450
2025-12-08 03:32:23 [tracker] [s1] aubio-raw t=12.7981 onset=0.668547 env=0.000090 peak=0.000245 gain=1.000
2025-12-08 03:32:23 [tracker] [s1] onset-below-gate t=12.7981 env=0.000090 onset=0.668547 thresh=0.006000 baseline=0.029117 gate=0.001601 envFloor=0.024750 floor=0.029117 adapt=0.029117 lastPeak=0.000077 calib=0.029117 baseParam=0.000180 gateRatio=0.0550 envParam=0.000450
2025-12-08 03:32:23 [tracker] [s1] aubio-raw t=13.4327 onset=0.938967 env=0.000139 peak=0.000351 gain=1.000
2025-12-08 03:32:23 [tracker] [s1] onset-below-gate t=13.4327 env=0.000139 onset=0.938967 thresh=0.006000 baseline=0.029117 gate=0.001601 envFloor=0.024750 floor=0.029117 adapt=0.029117 lastPeak=0.000023 calib=0.029117 baseParam=0.000180 gateRatio=0.0550 envParam=0.000450
2025-12-08 03:32:23 [tracker] [s1] aubio-raw t=13.6833 onset=0.997594 env=0.000116 peak=0.000343 gain=1.000
2025-12-08 03:32:23 [tracker] [s1] onset-below-gate t=13.6833 env=0.000116 onset=0.997594 thresh=0.006000 baseline=0.029117 gate=0.001601 envFloor=0.024750 floor=0.029117 adapt=0.029117 lastPeak=0.000015 calib=0.029117 baseParam=0.000180 gateRatio=0.0550 envParam=0.000450
2025-12-08 03:32:24 [tracker] [s1] aubio-raw t=14.0753 onset=0.831577 env=0.000112 peak=0.000350 gain=1.000
2025-12-08 03:32:24 [tracker] [s1] onset-below-gate t=14.0753 env=0.000112 onset=0.831577 thresh=0.006000 baseline=0.029117 gate=0.001601 envFloor=0.024750 floor=0.029117 adapt=0.029117 lastPeak=0.000007 calib=0.029117 baseParam=0.000180 gateRatio=0.0550 envParam=0.000450
2025-12-08 03:32:24 [tracker] [s1] aubio-raw t=14.2673 onset=0.874497 env=0.000095 peak=0.000251 gain=1.000
2025-12-08 03:32:24 [tracker] [s1] onset-below-gate t=14.2673 env=0.000095 onset=0.874497 thresh=0.006000 baseline=0.029117 gate=0.001601 envFloor=0.024750 floor=0.029117 adapt=0.029117 lastPeak=0.000005 calib=0.029117 baseParam=0.000180 gateRatio=0.0550 envParam=0.000450
2025-12-08 03:32:24 [tracker] [s1] aubio-raw t=14.3580 onset=0.998851 env=0.000096 peak=0.000262 gain=1.000
2025-12-08 03:32:24 [tracker] [s1] onset-below-gate t=14.3580 env=0.000096 onset=0.998851 thresh=0.006000 baseline=0.029117 gate=0.001601 envFloor=0.024750 floor=0.029117 adapt=0.029117 lastPeak=0.000004 calib=0.029117 baseParam=0.000180 gateRatio=0.0550 envParam=0.000450
2025-12-08 03:32:24 [tracker] [s1] aubio-raw t=14.5446 onset=0.751184 env=0.000142 peak=0.000363 gain=1.000
2025-12-08 03:32:24 [tracker] [s1] onset-below-gate t=14.5446 env=0.000142 onset=0.751184 thresh=0.006000 baseline=0.029117 gate=0.001601 envFloor=0.024750 floor=0.029117 adapt=0.029117 lastPeak=0.000003 calib=0.029117 baseParam=0.000180 gateRatio=0.0550 envParam=0.000450
2025-12-08 03:32:24 [tracker] [s1] aubio-raw t=14.6859 onset=0.982744 env=0.000175 peak=0.000341 gain=1.000
2025-12-08 03:32:24 [tracker] [s1] onset-below-gate t=14.6859 env=0.000175 onset=0.982744 thresh=0.006000 baseline=0.029117 gate=0.001601 envFloor=0.024750 floor=0.029117 adapt=0.029117 lastPeak=0.000002 calib=0.029117 baseParam=0.000180 gateRatio=0.0550 envParam=0.000450
2025-12-08 03:32:25 [tracker] [s1] aubio-raw t=14.9019 onset=0.997770 env=0.000107 peak=0.000256 gain=1.000
2025-12-08 03:32:25 [tracker] [s1] onset-below-gate t=14.9019 env=0.000107 onset=0.997770 thresh=0.006000 baseline=0.029117 gate=0.001601 envFloor=0.024750 floor=0.029117 adapt=0.029117 lastPeak=0.000001 calib=0.029117 baseParam=0.000180 gateRatio=0.0550 envParam=0.000450
2025-12-08 03:32:25 [tracker] [s1] aubio-raw t=15.0566 onset=0.966230 env=0.000098 peak=0.000259 gain=1.000
2025-12-08 03:32:25 [tracker] [s1] onset-below-gate t=15.0566 env=0.000098 onset=0.966230 thresh=0.006000 baseline=0.029117 gate=0.001601 envFloor=0.024750 floor=0.029117 adapt=0.029117 lastPeak=0.000001 calib=0.029117 baseParam=0.000180 gateRatio=0.0550 envParam=0.000450
2025-12-08 03:32:25 [tracker] [s1] aubio-raw t=15.1366 onset=0.995384 env=0.000130 peak=0.000328 gain=1.000
2025-12-08 03:32:25 [tracker] [s1] onset-below-gate t=15.1366 env=0.000130 onset=0.995384 thresh=0.006000 baseline=0.029117 gate=0.001601 envFloor=0.024750 floor=0.029117 adapt=0.029117 lastPeak=0.000001 calib=0.029117 baseParam=0.000180 gateRatio=0.0550 envParam=0.000450
2025-12-08 03:32:25 [tracker] [s1] aubio-raw t=15.2246 onset=1.288853 env=0.000180 peak=0.000385 gain=1.000
2025-12-08 03:32:25 [tracker] [s1] onset-below-gate t=15.2246 env=0.000180 onset=1.288853 thresh=0.006000 baseline=0.029117 gate=0.001601 envFloor=0.024750 floor=0.029117 adapt=0.029117 lastPeak=0.000001 calib=0.029117 baseParam=0.000180 gateRatio=0.0550 envParam=0.000450
2025-12-08 03:32:25 [tracker] [s1] aubio-raw t=15.3232 onset=0.742163 env=0.000130 peak=0.000358 gain=1.000
2025-12-08 03:32:25 [tracker] [s1] onset-below-gate t=15.3232 env=0.000130 onset=0.742163 thresh=0.006000 baseline=0.029117 gate=0.001601 envFloor=0.024750 floor=0.029117 adapt=0.029117 lastPeak=0.000001 calib=0.029117 baseParam=0.000180 gateRatio=0.0550 envParam=0.000450
2025-12-08 03:32:25 [tracker] [s1] aubio-raw t=15.3899 onset=0.825385 env=0.000109 peak=0.000264 gain=1.000
2025-12-08 03:32:25 [tracker] [s1] onset-below-gate t=15.3899 env=0.000109 onset=0.825385 thresh=0.006000 baseline=0.029117 gate=0.001601 envFloor=0.024750 floor=0.029117 adapt=0.029117 lastPeak=0.000001 calib=0.029117 baseParam=0.000180 gateRatio=0.0550 envParam=0.000450
2025-12-08 03:32:26 [tracker] [s1] aubio-raw t=15.8165 onset=0.880784 env=0.000111 peak=0.000309 gain=1.000
2025-12-08 03:32:26 [tracker] [s1] onset-below-gate t=15.8165 env=0.000111 onset=0.880784 thresh=0.006000 baseline=0.029117 gate=0.001601 envFloor=0.024750 floor=0.029117 adapt=0.029117 lastPeak=0.000000 calib=0.029117 baseParam=0.000180 gateRatio=0.0550 envParam=0.000450
2025-12-08 03:32:26 [tracker] [s1] aubio-raw t=16.5391 onset=0.751659 env=0.000119 peak=0.000291 gain=1.000
2025-12-08 03:32:26 [tracker] [s1] onset-below-gate t=16.5391 env=0.000119 onset=0.751659 thresh=0.006000 baseline=0.029117 gate=0.001601 envFloor=0.024750 floor=0.029117 adapt=0.029117 lastPeak=0.000000 calib=0.029117 baseParam=0.000180 gateRatio=0.0550 envParam=0.000450
2025-12-08 03:32:27 [tracker] [s1] aubio-raw t=16.7685 onset=1.291703 env=0.000135 peak=0.000346 gain=1.000
2025-12-08 03:32:27 [tracker] [s1] onset-below-gate t=16.7685 env=0.000135 onset=1.291703 thresh=0.006000 baseline=0.029117 gate=0.001601 envFloor=0.024750 floor=0.029117 adapt=0.029117 lastPeak=0.000000 calib=0.029117 baseParam=0.000180 gateRatio=0.0550 envParam=0.000450
2025-12-08 03:32:27 [tracker] [s1] aubio-raw t=17.3577 onset=0.995455 env=0.000116 peak=0.000248 gain=1.000
2025-12-08 03:32:27 [tracker] [s1] onset-below-gate t=17.3577 env=0.000116 onset=0.995455 thresh=0.006000 baseline=0.029117 gate=0.001601 envFloor=0.024750 floor=0.029117 adapt=0.029117 lastPeak=0.000000 calib=0.029117 baseParam=0.000180 gateRatio=0.0550 envParam=0.000450
2025-12-08 03:32:27 [tracker] [s1] aubio-raw t=17.5044 onset=0.998907 env=0.000133 peak=0.000421 gain=1.000
2025-12-08 03:32:27 [tracker] [s1] onset-below-gate t=17.5044 env=0.000133 onset=0.998907 thresh=0.006000 baseline=0.029117 gate=0.001601 envFloor=0.024750 floor=0.029117 adapt=0.029117 lastPeak=0.000000 calib=0.029117 baseParam=0.000180 gateRatio=0.0550 envParam=0.000450
2025-12-08 03:32:28 [tracker] [s1] aubio-raw t=17.7551 onset=0.880407 env=0.000123 peak=0.000292 gain=1.000
2025-12-08 03:32:28 [tracker] [s1] onset-below-gate t=17.7551 env=0.000123 onset=0.880407 thresh=0.006000 baseline=0.029117 gate=0.001601 envFloor=0.024750 floor=0.029117 adapt=0.029117 lastPeak=0.000000 calib=0.029117 baseParam=0.000180 gateRatio=0.0550 envParam=0.000450
2025-12-08 03:32:28 [tracker] [s1] aubio-raw t=17.8617 onset=0.994980 env=0.000132 peak=0.000363 gain=1.000
2025-12-08 03:32:28 [tracker] [s1] onset-below-gate t=17.8617 env=0.000132 onset=0.994980 thresh=0.006000 baseline=0.029117 gate=0.001601 envFloor=0.024750 floor=0.029117 adapt=0.029117 lastPeak=0.000000 calib=0.029117 baseParam=0.000180 gateRatio=0.0550 envParam=0.000450
2025-12-08 03:32:28 [tracker] [s1] aubio-raw t=17.9790 onset=0.989156 env=0.000103 peak=0.000296 gain=1.000
2025-12-08 03:32:28 [tracker] [s1] onset-below-gate t=17.9790 env=0.000103 onset=0.989156 thresh=0.006000 baseline=0.029117 gate=0.001601 envFloor=0.024750 floor=0.029117 adapt=0.029117 lastPeak=0.000000 calib=0.029117 baseParam=0.000180 gateRatio=0.0550 envParam=0.000450
2025-12-08 03:32:28 [tracker] [s1] aubio-raw t=18.3790 onset=1.020332 env=0.000158 peak=0.000421 gain=1.000
2025-12-08 03:32:28 [tracker] [s1] onset-below-gate t=18.3790 env=0.000158 onset=1.020332 thresh=0.006000 baseline=0.029117 gate=0.001601 envFloor=0.024750 floor=0.029117 adapt=0.029117 lastPeak=0.000000 calib=0.029117 baseParam=0.000180 gateRatio=0.0550 envParam=0.000450
2025-12-08 03:32:28 [tracker] [s1] aubio-raw t=18.5123 onset=1.057944 env=0.000154 peak=0.000333 gain=1.000
2025-12-08 03:32:28 [tracker] [s1] onset-below-gate t=18.5123 env=0.000154 onset=1.057944 thresh=0.006000 baseline=0.029117 gate=0.001601 envFloor=0.024750 floor=0.029117 adapt=0.029117 lastPeak=0.000000 calib=0.029117 baseParam=0.000180 gateRatio=0.0550 envParam=0.000450
2025-12-08 03:32:28 [tracker] [s1] aubio-raw t=18.6803 onset=0.998963 env=0.000115 peak=0.000329 gain=1.000
2025-12-08 03:32:28 [tracker] [s1] onset-below-gate t=18.6803 env=0.000115 onset=0.998963 thresh=0.006000 baseline=0.029117 gate=0.001601 envFloor=0.024750 floor=0.029117 adapt=0.029117 lastPeak=0.000000 calib=0.029117 baseParam=0.000180 gateRatio=0.0550 envParam=0.000450
2025-12-08 03:32:29 [tracker] [s1] aubio-raw t=18.9390 onset=0.844543 env=0.000145 peak=0.000370 gain=1.000
2025-12-08 03:32:29 [tracker] [s1] onset-below-gate t=18.9390 env=0.000145 onset=0.844543 thresh=0.006000 baseline=0.029117 gate=0.001601 envFloor=0.024750 floor=0.029117 adapt=0.029117 lastPeak=0.000000 calib=0.029117 baseParam=0.000180 gateRatio=0.0550 envParam=0.000450
2025-12-08 03:32:29 [tracker] [s1] aubio-raw t=19.3629 onset=0.893063 env=0.000146 peak=0.000395 gain=1.000
2025-12-08 03:32:29 [tracker] [s1] onset-below-gate t=19.3629 env=0.000146 onset=0.893063 thresh=0.006000 baseline=0.029117 gate=0.001601 envFloor=0.024750 floor=0.029117 adapt=0.029117 lastPeak=0.000000 calib=0.029117 baseParam=0.000180 gateRatio=0.0550 envParam=0.000450
2025-12-08 03:32:30 [tracker] [s1] aubio-raw t=19.6936 onset=0.854863 env=0.000122 peak=0.000258 gain=1.000
2025-12-08 03:32:30 [tracker] [s1] onset-below-gate t=19.6936 env=0.000122 onset=0.854863 thresh=0.006000 baseline=0.029117 gate=0.001601 envFloor=0.024750 floor=0.029117 adapt=0.029117 lastPeak=0.000000 calib=0.029117 baseParam=0.000180 gateRatio=0.0550 envParam=0.000450
2025-12-08 03:32:30 [tracker] [s1] aubio-raw t=20.6082 onset=1.157543 env=0.000162 peak=0.000351 gain=1.000
2025-12-08 03:32:30 [tracker] [s1] onset-below-gate t=20.6082 env=0.000162 onset=1.157543 thresh=0.006000 baseline=0.029117 gate=0.001601 envFloor=0.024750 floor=0.029117 adapt=0.029117 lastPeak=0.000000 calib=0.029117 baseParam=0.000180 gateRatio=0.0550 envParam=0.000450
2025-12-08 03:32:31 [tracker] [s1] aubio-raw t=20.7175 onset=0.604457 env=0.000082 peak=0.000174 gain=1.000
2025-12-08 03:32:31 [tracker] [s1] onset-below-gate t=20.7175 env=0.000082 onset=0.604457 thresh=0.006000 baseline=0.029117 gate=0.001601 envFloor=0.024750 floor=0.029117 adapt=0.029117 lastPeak=0.000000 calib=0.029117 baseParam=0.000180 gateRatio=0.0550 envParam=0.000450
2025-12-08 03:32:31 [sessionwavs] wrote 6 wav files to /home/general/SignalAssistant/logs/sessionwavs/session-20251208-033209 (shutdown)
