# SignalAssistant session log
# Started at 2025-12-08 02:50:28
2025-12-08 02:50:28 [session] mode=live session='' path='' duration=0.00 files=0
2025-12-08 02:50:28 [tracker-settings] TrackerConfig onsetThreshold=0.02000 minNoteDurSec=0.045 hopSec=0.010 slideDelta=120.0 bendDelta=35.0
2025-12-08 02:50:28 [tracker-settings] string1 midi=40 lowCut=37.08Hz highCut=445.00Hz baseline=0.000180 gateRatio=0.05500 envFloor=0.000450 sustainScale=0.580 retriggerScale=1.400 peakRelease=0.120 pitchTol=0.400 onsetScale=0.300
2025-12-08 02:50:28 [tracker-settings] string2 midi=45 lowCut=55.00Hz highCut=563.20Hz baseline=0.000220 gateRatio=0.10000 envFloor=0.000550 sustainScale=0.700 retriggerScale=1.250 peakRelease=0.130 pitchTol=0.400 onsetScale=0.450
2025-12-08 02:50:28 [tracker-settings] string3 midi=50 lowCut=85.16Hz highCut=693.05Hz baseline=0.000260 gateRatio=0.13000 envFloor=0.000650 sustainScale=0.820 retriggerScale=1.100 peakRelease=0.140 pitchTol=0.450 onsetScale=0.580
2025-12-08 02:50:28 [tracker-settings] string4 midi=55 lowCut=127.40Hz highCut=862.39Hz baseline=0.000320 gateRatio=0.17000 envFloor=0.000780 sustainScale=1.000 retriggerScale=1.000 peakRelease=0.160 pitchTol=0.440 onsetScale=0.700
2025-12-08 02:50:28 [tracker-settings] string5 midi=59 lowCut=160.51Hz highCut=1086.54Hz baseline=0.000370 gateRatio=0.21000 envFloor=0.000900 sustainScale=1.000 retriggerScale=1.000 peakRelease=0.180 pitchTol=0.500 onsetScale=0.800
2025-12-08 02:50:28 [tracker-settings] string6 midi=64 lowCut=214.26Hz highCut=1450.36Hz baseline=0.000420 gateRatio=0.25000 envFloor=0.001050 sustainScale=1.000 retriggerScale=1.000 peakRelease=0.200 pitchTol=0.550 onsetScale=0.900
2025-12-08 02:50:28 [tracker] [s1] calibration reset
2025-12-08 02:50:28 [tracker] [s2] calibration reset
2025-12-08 02:50:28 [tracker] [s3] calibration reset
2025-12-08 02:50:28 [tracker] [s4] calibration reset
2025-12-08 02:50:28 [tracker] [s5] calibration reset
2025-12-08 02:50:28 [tracker] [s6] calibration reset
2025-12-08 02:50:28 [tracker] [s1] calibration avg=0.03165 peak=0.10910
2025-12-08 02:50:28 [tracker] [s2] calibration avg=0.01798 peak=0.04582
2025-12-08 02:50:28 [tracker] [s3] calibration avg=0.01325 peak=0.06025
2025-12-08 02:50:28 [tracker] [s4] calibration avg=0.03051 peak=0.11407
2025-12-08 02:50:28 [tracker] [s5] calibration avg=0.03291 peak=0.07733
2025-12-08 02:50:28 [tracker] [s6] calibration avg=0.04616 peak=0.12280
2025-12-08 02:50:28 [tracker] [s1] configure sr=48000.0 hop=128 fft=1024 low=37.1 high=445.0
2025-12-08 02:50:28 [tracker] [s1] params baseline=0.000180 gate=0.0550 envFloor=0.000450 sustain=0.580 retrigger=1.400 peakRelease=0.120 pitchTol=0.400 onsetScale=0.006 aubioScale=1.20 aubioThresh=0.024 onsetSilence=-85.0 pitchSilence=-90.0
2025-12-08 02:50:28 [tracker] [s2] configure sr=48000.0 hop=128 fft=1024 low=55.0 high=563.2
2025-12-08 02:50:28 [tracker] [s2] params baseline=0.000220 gate=0.1000 envFloor=0.000550 sustain=0.700 retrigger=1.250 peakRelease=0.130 pitchTol=0.400 onsetScale=0.009 aubioScale=1.35 aubioThresh=0.027 onsetSilence=-85.0 pitchSilence=-90.0
2025-12-08 02:50:28 [tracker] [s3] configure sr=48000.0 hop=128 fft=1024 low=85.2 high=693.0
2025-12-08 02:50:28 [tracker] [s3] params baseline=0.000260 gate=0.1300 envFloor=0.000650 sustain=0.820 retrigger=1.100 peakRelease=0.140 pitchTol=0.450 onsetScale=0.012 aubioScale=1.60 aubioThresh=0.032 onsetSilence=-75.0 pitchSilence=-80.0
2025-12-08 02:50:28 [tracker] [s4] configure sr=48000.0 hop=128 fft=1024 low=127.4 high=862.4
2025-12-08 02:50:28 [tracker] [s4] params baseline=0.000320 gate=0.1700 envFloor=0.000780 sustain=1.000 retrigger=1.000 peakRelease=0.160 pitchTol=0.440 onsetScale=0.014 aubioScale=1.80 aubioThresh=0.036 onsetSilence=-75.0 pitchSilence=-80.0
2025-12-08 02:50:28 [tracker] [s5] configure sr=48000.0 hop=128 fft=512 low=160.5 high=1086.5
2025-12-08 02:50:28 [tracker] [s5] params baseline=0.000370 gate=0.2100 envFloor=0.000900 sustain=1.000 retrigger=1.000 peakRelease=0.180 pitchTol=0.500 onsetScale=0.016 aubioScale=1.80 aubioThresh=0.036 onsetSilence=-75.0 pitchSilence=-80.0
2025-12-08 02:50:28 [tracker] [s6] configure sr=48000.0 hop=128 fft=512 low=214.3 high=1450.4
2025-12-08 02:50:28 [tracker] [s6] params baseline=0.000420 gate=0.2500 envFloor=0.001050 sustain=1.000 retrigger=1.000 peakRelease=0.200 pitchTol=0.550 onsetScale=0.018 aubioScale=1.80 aubioThresh=0.036 onsetSilence=-75.0 pitchSilence=-80.0
2025-12-08 02:50:28 [tracker] [s1] aubio-raw t=0.0067 onset=4.000000 env=0.000115 peak=0.000232 gain=1.000
2025-12-08 02:50:28 [tracker] [s1] onset-below-gate t=0.0067 env=0.000115 onset=4.000000 thresh=0.006000 baseline=0.029117 gate=0.001601 envFloor=0.024750 floor=0.029117 adapt=0.029117 lastPeak=0.000000 calib=0.029117 baseParam=0.000180 gateRatio=0.0550 envParam=0.000450
2025-12-08 02:50:28 [tracker] [s1] aubio-raw t=0.6333 onset=1.014982 env=0.000078 peak=0.000206 gain=1.000
2025-12-08 02:50:28 [tracker] [s1] onset-below-gate t=0.6333 env=0.000078 onset=1.014982 thresh=0.006000 baseline=0.029117 gate=0.001601 envFloor=0.024750 floor=0.029117 adapt=0.029117 lastPeak=0.000000 calib=0.029117 baseParam=0.000180 gateRatio=0.0550 envParam=0.000450
2025-12-08 02:50:29 [tracker] [s1] aubio-raw t=0.8227 onset=0.994800 env=0.000140 peak=0.000428 gain=1.000
2025-12-08 02:50:29 [tracker] [s1] onset-below-gate t=0.8227 env=0.000140 onset=0.994800 thresh=0.006000 baseline=0.029117 gate=0.001601 envFloor=0.024750 floor=0.029117 adapt=0.029117 lastPeak=0.000000 calib=0.029117 baseParam=0.000180 gateRatio=0.0550 envParam=0.000450
2025-12-08 02:50:29 [tracker] [s1] aubio-raw t=1.0200 onset=1.114662 env=0.000114 peak=0.000278 gain=1.000
2025-12-08 02:50:29 [tracker] [s1] onset-below-gate t=1.0200 env=0.000114 onset=1.114662 thresh=0.006000 baseline=0.029117 gate=0.001601 envFloor=0.024750 floor=0.029117 adapt=0.029117 lastPeak=0.000000 calib=0.029117 baseParam=0.000180 gateRatio=0.0550 envParam=0.000450
2025-12-08 02:50:29 [tracker] [s1] aubio-raw t=1.3907 onset=0.844685 env=0.000122 peak=0.000314 gain=1.000
2025-12-08 02:50:29 [tracker] [s1] onset-below-gate t=1.3907 env=0.000122 onset=0.844685 thresh=0.006000 baseline=0.029117 gate=0.001601 envFloor=0.024750 floor=0.029117 adapt=0.029117 lastPeak=0.000000 calib=0.029117 baseParam=0.000180 gateRatio=0.0550 envParam=0.000450
2025-12-08 02:50:29 [tracker] [s1] aubio-raw t=1.4573 onset=1.312967 env=0.000132 peak=0.000270 gain=1.000
2025-12-08 02:50:29 [tracker] [s1] onset-below-gate t=1.4573 env=0.000132 onset=1.312967 thresh=0.006000 baseline=0.029117 gate=0.001601 envFloor=0.024750 floor=0.029117 adapt=0.029117 lastPeak=0.000000 calib=0.029117 baseParam=0.000180 gateRatio=0.0550 envParam=0.000450
2025-12-08 02:50:29 [tracker] [s1] aubio-raw t=1.5293 onset=1.401086 env=0.000110 peak=0.000311 gain=1.000
2025-12-08 02:50:29 [tracker] [s1] onset-below-gate t=1.5293 env=0.000110 onset=1.401086 thresh=0.006000 baseline=0.029117 gate=0.001601 envFloor=0.024750 floor=0.029117 adapt=0.029117 lastPeak=0.000000 calib=0.029117 baseParam=0.000180 gateRatio=0.0550 envParam=0.000450
2025-12-08 02:50:30 [tracker] [s1] aubio-raw t=1.7933 onset=0.858632 env=0.000118 peak=0.000313 gain=1.000
2025-12-08 02:50:30 [tracker] [s1] onset-below-gate t=1.7933 env=0.000118 onset=0.858632 thresh=0.006000 baseline=0.029117 gate=0.001601 envFloor=0.024750 floor=0.029117 adapt=0.029117 lastPeak=0.000000 calib=0.029117 baseParam=0.000180 gateRatio=0.0550 envParam=0.000450
2025-12-08 02:50:30 [tracker] [s1] aubio-raw t=1.9773 onset=1.234538 env=0.000111 peak=0.000278 gain=1.000
2025-12-08 02:50:30 [tracker] [s1] onset-below-gate t=1.9773 env=0.000111 onset=1.234538 thresh=0.006000 baseline=0.029117 gate=0.001601 envFloor=0.024750 floor=0.029117 adapt=0.029117 lastPeak=0.000000 calib=0.029117 baseParam=0.000180 gateRatio=0.0550 envParam=0.000450
2025-12-08 02:50:30 [tracker] [s1] aubio-raw t=2.4120 onset=0.885259 env=0.000217 peak=0.000476 gain=1.000
2025-12-08 02:50:30 [tracker] [s1] onset-below-gate t=2.4120 env=0.000217 onset=0.885259 thresh=0.006000 baseline=0.029117 gate=0.001601 envFloor=0.024750 floor=0.029117 adapt=0.029117 lastPeak=0.000000 calib=0.029117 baseParam=0.000180 gateRatio=0.0550 envParam=0.000450
2025-12-08 02:50:31 [tracker] [s1] aubio-raw t=2.7480 onset=0.963146 env=0.000089 peak=0.000292 gain=1.000
2025-12-08 02:50:31 [tracker] [s1] onset-below-gate t=2.7480 env=0.000089 onset=0.963146 thresh=0.006000 baseline=0.029117 gate=0.001601 envFloor=0.024750 floor=0.029117 adapt=0.029117 lastPeak=0.000000 calib=0.029117 baseParam=0.000180 gateRatio=0.0550 envParam=0.000450
2025-12-08 02:50:31 [tracker] [s1] aubio-raw t=2.9507 onset=1.208062 env=0.000108 peak=0.000279 gain=1.000
2025-12-08 02:50:31 [tracker] [s1] onset-below-gate t=2.9507 env=0.000108 onset=1.208062 thresh=0.006000 baseline=0.029117 gate=0.001601 envFloor=0.024750 floor=0.029117 adapt=0.029117 lastPeak=0.000000 calib=0.029117 baseParam=0.000180 gateRatio=0.0550 envParam=0.000450
2025-12-08 02:50:31 [tracker] [s1] aubio-raw t=3.0707 onset=1.003239 env=0.000090 peak=0.000249 gain=1.000
2025-12-08 02:50:31 [tracker] [s1] onset-below-gate t=3.0707 env=0.000090 onset=1.003239 thresh=0.006000 baseline=0.029117 gate=0.001601 envFloor=0.024750 floor=0.029117 adapt=0.029117 lastPeak=0.000000 calib=0.029117 baseParam=0.000180 gateRatio=0.0550 envParam=0.000450
2025-12-08 02:50:31 [tracker] [s1] aubio-raw t=3.2707 onset=0.971149 env=0.000131 peak=0.000322 gain=1.000
2025-12-08 02:50:31 [tracker] [s1] onset-below-gate t=3.2707 env=0.000131 onset=0.971149 thresh=0.006000 baseline=0.029117 gate=0.001601 envFloor=0.024750 floor=0.029117 adapt=0.029117 lastPeak=0.000000 calib=0.029117 baseParam=0.000180 gateRatio=0.0550 envParam=0.000450
2025-12-08 02:50:32 [tracker] [s1] aubio-raw t=3.9454 onset=1.454400 env=0.000174 peak=0.000365 gain=1.000
2025-12-08 02:50:32 [tracker] [s1] onset-below-gate t=3.9454 env=0.000174 onset=1.454400 thresh=0.006000 baseline=0.029117 gate=0.001601 envFloor=0.024750 floor=0.029117 adapt=0.029117 lastPeak=0.000000 calib=0.029117 baseParam=0.000180 gateRatio=0.0550 envParam=0.000450
2025-12-08 02:50:32 [tracker] [s1] aubio-raw t=4.4040 onset=0.996556 env=0.000094 peak=0.000239 gain=1.000
2025-12-08 02:50:32 [tracker] [s1] onset-below-gate t=4.4040 env=0.000094 onset=0.996556 thresh=0.006000 baseline=0.029117 gate=0.001601 envFloor=0.024750 floor=0.029117 adapt=0.029117 lastPeak=0.000000 calib=0.029117 baseParam=0.000180 gateRatio=0.0550 envParam=0.000450
2025-12-08 02:50:32 [tracker] [s1] aubio-raw t=4.4787 onset=1.124578 env=0.000119 peak=0.000301 gain=1.000
2025-12-08 02:50:32 [tracker] [s1] onset-below-gate t=4.4787 env=0.000119 onset=1.124578 thresh=0.006000 baseline=0.029117 gate=0.001601 envFloor=0.024750 floor=0.029117 adapt=0.029117 lastPeak=0.000000 calib=0.029117 baseParam=0.000180 gateRatio=0.0550 envParam=0.000450
2025-12-08 02:50:32 [tracker] [s1] aubio-raw t=4.6147 onset=1.140494 env=0.000162 peak=0.000391 gain=1.000
2025-12-08 02:50:32 [tracker] [s1] onset-below-gate t=4.6147 env=0.000162 onset=1.140494 thresh=0.006000 baseline=0.029117 gate=0.001601 envFloor=0.024750 floor=0.029117 adapt=0.029117 lastPeak=0.000000 calib=0.029117 baseParam=0.000180 gateRatio=0.0550 envParam=0.000450
2025-12-08 02:50:33 [tracker] [s1] aubio-raw t=4.7613 onset=0.997013 env=0.000119 peak=0.000276 gain=1.000
2025-12-08 02:50:33 [tracker] [s1] onset-below-gate t=4.7613 env=0.000119 onset=0.997013 thresh=0.006000 baseline=0.029117 gate=0.001601 envFloor=0.024750 floor=0.029117 adapt=0.029117 lastPeak=0.000000 calib=0.029117 baseParam=0.000180 gateRatio=0.0550 envParam=0.000450
2025-12-08 02:50:33 [tracker] [s1] aubio-raw t=4.9746 onset=0.908016 env=0.000100 peak=0.000312 gain=1.000
2025-12-08 02:50:33 [tracker] [s1] onset-below-gate t=4.9746 env=0.000100 onset=0.908016 thresh=0.006000 baseline=0.029117 gate=0.001601 envFloor=0.024750 floor=0.029117 adapt=0.029117 lastPeak=0.000000 calib=0.029117 baseParam=0.000180 gateRatio=0.0550 envParam=0.000450
2025-12-08 02:50:33 [tracker] [s1] aubio-raw t=5.2386 onset=0.998372 env=0.000111 peak=0.000309 gain=1.000
2025-12-08 02:50:33 [tracker] [s1] onset-below-gate t=5.2386 env=0.000111 onset=0.998372 thresh=0.006000 baseline=0.029117 gate=0.001601 envFloor=0.024750 floor=0.029117 adapt=0.029117 lastPeak=0.000000 calib=0.029117 baseParam=0.000180 gateRatio=0.0550 envParam=0.000450
2025-12-08 02:50:33 [tracker] [s1] aubio-raw t=5.2920 onset=0.995009 env=0.000149 peak=0.000392 gain=1.000
2025-12-08 02:50:33 [tracker] [s1] onset-below-gate t=5.2920 env=0.000149 onset=0.995009 thresh=0.006000 baseline=0.029117 gate=0.001601 envFloor=0.024750 floor=0.029117 adapt=0.029117 lastPeak=0.000000 calib=0.029117 baseParam=0.000180 gateRatio=0.0550 envParam=0.000450
2025-12-08 02:50:34 [tracker] [s1] aubio-raw t=5.7373 onset=0.999947 env=0.000140 peak=0.000354 gain=1.000
2025-12-08 02:50:34 [tracker] [s1] onset-below-gate t=5.7373 env=0.000140 onset=0.999947 thresh=0.006000 baseline=0.029117 gate=0.001601 envFloor=0.024750 floor=0.029117 adapt=0.029117 lastPeak=0.000000 calib=0.029117 baseParam=0.000180 gateRatio=0.0550 envParam=0.000450
2025-12-08 02:50:34 [tracker] [s1] aubio-raw t=6.4652 onset=1.110983 env=0.000085 peak=0.000233 gain=1.000
2025-12-08 02:50:34 [tracker] [s1] onset-below-gate t=6.4652 env=0.000085 onset=1.110983 thresh=0.006000 baseline=0.029117 gate=0.001601 envFloor=0.024750 floor=0.029117 adapt=0.029117 lastPeak=0.000000 calib=0.029117 baseParam=0.000180 gateRatio=0.0550 envParam=0.000450
2025-12-08 02:50:34 [tracker] [s1] aubio-raw t=6.5665 onset=1.098529 env=0.000116 peak=0.000287 gain=1.000
2025-12-08 02:50:34 [tracker] [s1] onset-below-gate t=6.5665 env=0.000116 onset=1.098529 thresh=0.006000 baseline=0.029117 gate=0.001601 envFloor=0.024750 floor=0.029117 adapt=0.029117 lastPeak=0.000000 calib=0.029117 baseParam=0.000180 gateRatio=0.0550 envParam=0.000450
2025-12-08 02:50:35 [tracker] [s1] aubio-raw t=6.8065 onset=0.997322 env=0.000109 peak=0.000325 gain=1.000
2025-12-08 02:50:35 [tracker] [s1] onset-below-gate t=6.8065 env=0.000109 onset=0.997322 thresh=0.006000 baseline=0.029117 gate=0.001601 envFloor=0.024750 floor=0.029117 adapt=0.029117 lastPeak=0.000000 calib=0.029117 baseParam=0.000180 gateRatio=0.0550 envParam=0.000450
2025-12-08 02:50:36 [tracker] [s1] aubio-raw t=8.3024 onset=0.995692 env=0.000140 peak=0.000425 gain=1.000
2025-12-08 02:50:36 [tracker] [s1] onset-below-gate t=8.3024 env=0.000140 onset=0.995692 thresh=0.006000 baseline=0.029117 gate=0.001601 envFloor=0.024750 floor=0.029117 adapt=0.029117 lastPeak=0.000000 calib=0.029117 baseParam=0.000180 gateRatio=0.0550 envParam=0.000450
2025-12-08 02:50:36 [tracker] [s1] aubio-raw t=8.4411 onset=0.997490 env=0.000128 peak=0.000307 gain=1.000
2025-12-08 02:50:36 [tracker] [s1] onset-below-gate t=8.4411 env=0.000128 onset=0.997490 thresh=0.006000 baseline=0.029117 gate=0.001601 envFloor=0.024750 floor=0.029117 adapt=0.029117 lastPeak=0.000000 calib=0.029117 baseParam=0.000180 gateRatio=0.0550 envParam=0.000450
2025-12-08 02:50:37 [tracker] [s1] aubio-raw t=8.7104 onset=0.996714 env=0.000123 peak=0.000263 gain=1.000
2025-12-08 02:50:37 [tracker] [s1] onset-below-gate t=8.7104 env=0.000123 onset=0.996714 thresh=0.006000 baseline=0.029117 gate=0.001601 envFloor=0.024750 floor=0.029117 adapt=0.029117 lastPeak=0.000000 calib=0.029117 baseParam=0.000180 gateRatio=0.0550 envParam=0.000450
2025-12-08 02:50:37 [tracker] [s1] aubio-raw t=9.0890 onset=1.148884 env=0.000109 peak=0.000246 gain=1.000
2025-12-08 02:50:37 [tracker] [s1] onset-below-gate t=9.0890 env=0.000109 onset=1.148884 thresh=0.006000 baseline=0.029117 gate=0.001601 envFloor=0.024750 floor=0.029117 adapt=0.029117 lastPeak=0.000000 calib=0.029117 baseParam=0.000180 gateRatio=0.0550 envParam=0.000450
2025-12-08 02:50:38 [tracker] [s1] aubio-raw t=9.8250 onset=0.883576 env=0.000107 peak=0.000300 gain=1.000
2025-12-08 02:50:38 [tracker] [s1] onset-below-gate t=9.8250 env=0.000107 onset=0.883576 thresh=0.006000 baseline=0.029117 gate=0.001601 envFloor=0.024750 floor=0.029117 adapt=0.029117 lastPeak=0.000000 calib=0.029117 baseParam=0.000180 gateRatio=0.0550 envParam=0.000450
2025-12-08 02:50:38 [tracker] [s1] aubio-raw t=10.0303 onset=1.057553 env=0.000106 peak=0.000252 gain=1.000
2025-12-08 02:50:38 [tracker] [s1] onset-below-gate t=10.0303 env=0.000106 onset=1.057553 thresh=0.006000 baseline=0.029117 gate=0.001601 envFloor=0.024750 floor=0.029117 adapt=0.029117 lastPeak=0.000000 calib=0.029117 baseParam=0.000180 gateRatio=0.0550 envParam=0.000450
2025-12-08 02:50:38 [tracker] [s1] aubio-raw t=10.4542 onset=1.040635 env=0.000083 peak=0.000214 gain=1.000
2025-12-08 02:50:38 [tracker] [s1] onset-below-gate t=10.4542 env=0.000083 onset=1.040635 thresh=0.006000 baseline=0.029117 gate=0.001601 envFloor=0.024750 floor=0.029117 adapt=0.029117 lastPeak=0.000000 calib=0.029117 baseParam=0.000180 gateRatio=0.0550 envParam=0.000450
2025-12-08 02:50:38 [tracker] [s1] aubio-raw t=10.5129 onset=0.919485 env=0.000090 peak=0.000248 gain=1.000
2025-12-08 02:50:38 [tracker] [s1] onset-below-gate t=10.5129 env=0.000090 onset=0.919485 thresh=0.006000 baseline=0.029117 gate=0.001601 envFloor=0.024750 floor=0.029117 adapt=0.029117 lastPeak=0.000000 calib=0.029117 baseParam=0.000180 gateRatio=0.0550 envParam=0.000450
2025-12-08 02:50:39 [tracker] [s1] aubio-raw t=10.7129 onset=0.858203 env=0.000124 peak=0.000394 gain=1.000
2025-12-08 02:50:39 [tracker] [s1] onset-below-gate t=10.7129 env=0.000124 onset=0.858203 thresh=0.006000 baseline=0.029117 gate=0.001601 envFloor=0.024750 floor=0.029117 adapt=0.029117 lastPeak=0.000000 calib=0.029117 baseParam=0.000180 gateRatio=0.0550 envParam=0.000450
2025-12-08 02:50:39 [tracker] [s1] aubio-raw t=11.0035 onset=0.982450 env=0.000080 peak=0.000206 gain=1.000
2025-12-08 02:50:39 [tracker] [s1] onset-below-gate t=11.0035 env=0.000080 onset=0.982450 thresh=0.006000 baseline=0.029117 gate=0.001601 envFloor=0.024750 floor=0.029117 adapt=0.029117 lastPeak=0.000000 calib=0.029117 baseParam=0.000180 gateRatio=0.0550 envParam=0.000450
2025-12-08 02:50:39 [tracker] [s1] aubio-raw t=11.1662 onset=1.291976 env=0.000111 peak=0.000311 gain=1.000
2025-12-08 02:50:39 [tracker] [s1] onset-below-gate t=11.1662 env=0.000111 onset=1.291976 thresh=0.006000 baseline=0.029117 gate=0.001601 envFloor=0.024750 floor=0.029117 adapt=0.029117 lastPeak=0.000000 calib=0.029117 baseParam=0.000180 gateRatio=0.0550 envParam=0.000450
2025-12-08 02:50:39 [tracker] [s1] aubio-raw t=11.5582 onset=1.030847 env=0.000088 peak=0.000235 gain=1.000
2025-12-08 02:50:39 [tracker] [s1] onset-below-gate t=11.5582 env=0.000088 onset=1.030847 thresh=0.006000 baseline=0.029117 gate=0.001601 envFloor=0.024750 floor=0.029117 adapt=0.029117 lastPeak=0.000000 calib=0.029117 baseParam=0.000180 gateRatio=0.0550 envParam=0.000450
2025-12-08 02:50:40 [tracker] [s1] aubio-raw t=12.2434 onset=1.059918 env=0.000154 peak=0.000381 gain=1.000
2025-12-08 02:50:40 [tracker] [s1] onset-below-gate t=12.2434 env=0.000154 onset=1.059918 thresh=0.006000 baseline=0.029117 gate=0.001601 envFloor=0.024750 floor=0.029117 adapt=0.029117 lastPeak=0.000000 calib=0.029117 baseParam=0.000180 gateRatio=0.0550 envParam=0.000450
2025-12-08 02:50:41 [sessionwavs] wrote 6 wav files to /home/general/SignalAssistant/logs/sessionwavs/session-20251208-025028 (shutdown)
