# SignalAssistant session log
# Started at 2025-12-17 07:11:54
2025-12-17 07:11:54 [session] mode=live session='' path='' duration=0.00 files=0
2025-12-17 07:11:54 [tracker-settings] TrackerConfig onsetThreshold=0.02000 minNoteDurSec=0.045 hopSec=0.010 slideDelta=120.0 bendDelta=35.0
2025-12-17 07:11:54 [tracker-settings] string1 midi=40 lowCut=3049.05Hz highCut=146684.27Hz baseline=0.000180 gateRatio=0.05500 envFloor=0.000450 sustainScale=0.580 retriggerScale=1.400 peakRelease=0.120 pitchTol=0.400 onsetScale=0.007
2025-12-17 07:11:54 [tracker-settings] string2 midi=45 lowCut=6050.00Hz highCut=247720.00Hz baseline=0.000220 gateRatio=0.10000 envFloor=0.000550 sustainScale=0.700 retriggerScale=1.250 peakRelease=0.130 pitchTol=0.400 onsetScale=0.012
2025-12-17 07:11:54 [tracker-settings] string3 midi=50 lowCut=12480.75Hz highCut=407019.38Hz baseline=0.000260 gateRatio=0.13000 envFloor=0.000650 sustainScale=0.820 retriggerScale=1.100 peakRelease=0.140 pitchTol=0.450 onsetScale=0.019
2025-12-17 07:11:54 [tracker-settings] string4 midi=55 lowCut=24891.71Hz highCut=675800.12Hz baseline=0.000320 gateRatio=0.17000 envFloor=0.000780 sustainScale=1.000 retriggerScale=1.000 peakRelease=0.160 pitchTol=0.440 onsetScale=0.025
2025-12-17 07:11:54 [tracker-settings] string5 midi=59 lowCut=39510.66Hz highCut=1073702.25Hz baseline=0.000370 gateRatio=0.21000 envFloor=0.000900 sustainScale=1.000 retriggerScale=1.000 peakRelease=0.180 pitchTol=0.500 onsetScale=0.029
2025-12-17 07:11:54 [tracker-settings] string6 midi=64 lowCut=70540.30Hz highCut=1911839.88Hz baseline=0.000420 gateRatio=0.25000 envFloor=0.001050 sustainScale=1.000 retriggerScale=1.000 peakRelease=0.200 pitchTol=0.550 onsetScale=0.032
2025-12-17 07:11:54 [tracker] [s1] calibration reset target=0.00180 gain=1.000
2025-12-17 07:11:54 [tracker] [s2] calibration reset target=0.00180 gain=1.000
2025-12-17 07:11:54 [tracker] [s3] calibration reset target=0.00180 gain=1.000
2025-12-17 07:11:54 [tracker] [s4] calibration reset target=0.00180 gain=1.000
2025-12-17 07:11:54 [tracker] [s5] calibration reset target=0.00180 gain=1.000
2025-12-17 07:11:54 [tracker] [s6] calibration reset target=0.00180 gain=1.000
2025-12-17 07:11:54 [calibration] Loading calibration profile multipliers into parameters
2025-12-17 07:11:54 [calibration] String 1: setting multiplier to 6.317
2025-12-17 07:11:54 [calibration] String 2: setting multiplier to 8.000
2025-12-17 07:11:54 [calibration] String 3: setting multiplier to 8.000
2025-12-17 07:11:54 [calibration] String 4: setting multiplier to 8.000
2025-12-17 07:11:54 [calibration] String 5: setting multiplier to 8.000
2025-12-17 07:11:54 [calibration] String 6: setting multiplier to 8.000
2025-12-17 07:11:54 [tracker] [s1] calibration avg=0.03970 target=0.00180 gain=1.000
2025-12-17 07:11:54 [tracker] [s2] calibration avg=0.01940 target=0.00180 gain=1.000
2025-12-17 07:11:54 [tracker] [s3] calibration avg=0.01411 target=0.00180 gain=1.000
2025-12-17 07:11:54 [tracker] [s4] calibration avg=0.03018 target=0.00180 gain=1.000
2025-12-17 07:11:54 [tracker] [s5] calibration avg=0.02970 target=0.00180 gain=1.000
2025-12-17 07:11:54 [tracker] [s6] calibration avg=0.02331 target=0.00180 gain=1.000
2025-12-17 07:11:55 [tracker] [s1] configure sr=48000.0 hop=128 fft=1024 low=20.0 high=1.4
2025-12-17 07:11:55 [tracker] [s1] params baseline=0.000180 gate=0.0550 envFloor=0.000450 sustain=0.580 retrigger=1.400 peakRelease=0.120 pitchTol=0.400 onsetScale=0.006 aubioScale=1.20 aubioThresh=0.024 onsetSilence=-85.0 pitchSilence=-90.0
2025-12-17 07:11:55 [tracker] [s2] configure sr=48000.0 hop=128 fft=1024 low=20.0 high=1.3
2025-12-17 07:11:55 [tracker] [s2] params baseline=0.000220 gate=0.0100 envFloor=0.000100 sustain=1.500 retrigger=1.250 peakRelease=0.130 pitchTol=0.400 onsetScale=0.009 aubioScale=1.35 aubioThresh=0.027 onsetSilence=-85.0 pitchSilence=-90.0
2025-12-17 07:11:55 [tracker] [s3] configure sr=48000.0 hop=128 fft=1024 low=20.0 high=1.2
2025-12-17 07:11:55 [tracker] [s3] params baseline=0.000260 gate=0.1300 envFloor=0.000650 sustain=0.820 retrigger=1.100 peakRelease=0.140 pitchTol=0.450 onsetScale=0.012 aubioScale=1.60 aubioThresh=0.032 onsetSilence=-75.0 pitchSilence=-80.0
2025-12-17 07:11:55 [tracker] [s4] configure sr=48000.0 hop=128 fft=1024 low=20.0 high=1.1
2025-12-17 07:11:55 [tracker] [s4] params baseline=0.000320 gate=0.1700 envFloor=0.000780 sustain=1.000 retrigger=1.000 peakRelease=0.160 pitchTol=0.440 onsetScale=0.014 aubioScale=1.80 aubioThresh=0.036 onsetSilence=-75.0 pitchSilence=-80.0
2025-12-17 07:11:55 [tracker] [s5] configure sr=48000.0 hop=128 fft=512 low=20.0 high=1.1
2025-12-17 07:11:55 [tracker] [s5] params baseline=0.000370 gate=0.2100 envFloor=0.000900 sustain=1.000 retrigger=1.000 peakRelease=0.180 pitchTol=0.500 onsetScale=0.016 aubioScale=1.80 aubioThresh=0.036 onsetSilence=-75.0 pitchSilence=-80.0
2025-12-17 07:11:55 [tracker] [s6] configure sr=48000.0 hop=128 fft=512 low=20.0 high=1.1
2025-12-17 07:11:55 [tracker] [s6] params baseline=0.000420 gate=0.2500 envFloor=0.001050 sustain=1.000 retrigger=1.000 peakRelease=0.200 pitchTol=0.550 onsetScale=0.018 aubioScale=1.80 aubioThresh=0.036 onsetSilence=-75.0 pitchSilence=-80.0
2025-12-17 07:11:55 [tracker] [s1] aubio-raw t=0.0040 onset=4.000000 env=0.000061 peak=0.000168 gain=1.000
2025-12-17 07:11:55 [tracker] [s1] onset-below-env-floor t=0.0040 env=0.000061 gate=0.000021 envDelta=0.000039 envFloor=0.000583 onset=4.000000 thresh=0.006000 onsetDelta=3.994000 baseline=0.000389 floor=0.000180 adapt=0.000972 lastPeak=0.000000 baseParam=0.000180 gateRatio=0.0550 envParam=0.000450 onsetScale=0.300 retriggerScale=1.400 guard=0.060 guardRemain=0.000 activeAge=-1.000 retrigRemain=0.000 pitchHz=125.16 pitchCents=723.6
2025-12-17 07:11:55 [tracker] [s2] onset t=0.068 env=0.00052 gate=0.00000 envDelta=0.00051 envFloor=0.00038 onset=1.289 thresh=0.009 onsetDelta=1.27962 baseline=0.00026 adaptive=0.00064 lastPeak=0.00000 guard=0.060 activeAge=-1.000 pitch=-1.00Hz pitchCents=0.0
2025-12-17 07:11:55 [tracker] [s1] aubio-raw t=0.3480 onset=1.050106 env=0.000233 peak=0.000449 gain=1.000
2025-12-17 07:11:55 [tracker] [s1] onset-below-env-floor t=0.3480 env=0.000233 gate=0.000010 envDelta=0.000223 envFloor=0.000450 onset=1.050106 thresh=0.006000 onsetDelta=1.044106 baseline=0.000180 floor=0.000180 adapt=0.000277 lastPeak=0.000000 baseParam=0.000180 gateRatio=0.0550 envParam=0.000450 onsetScale=0.300 retriggerScale=1.400 guard=0.060 guardRemain=0.000 activeAge=-1.000 retrigRemain=0.000 pitchHz=-1.00 pitchCents=0.0
2025-12-17 07:11:55 [tracker] [s2] onset t=0.425 env=0.00032 gate=0.00000 envDelta=0.00032 envFloor=0.00029 onset=0.994 thresh=0.009 onsetDelta=0.98519 baseline=0.00022 adaptive=0.00048 lastPeak=0.00000 guard=0.060 activeAge=-1.000 pitch=-1.00Hz pitchCents=0.0
2025-12-17 07:11:55 [tracker] [s2] onset t=0.489 env=0.00039 gate=0.00000 envDelta=0.00039 envFloor=0.00034 onset=1.173 thresh=0.009 onsetDelta=1.16394 baseline=0.00023 adaptive=0.00057 lastPeak=0.00000 guard=0.060 activeAge=-1.000 pitch=-1.00Hz pitchCents=0.0
2025-12-17 07:11:55 [tracker] [s2] onset t=0.556 env=0.00048 gate=0.00000 envDelta=0.00047 envFloor=0.00032 onset=1.231 thresh=0.009 onsetDelta=1.22210 baseline=0.00022 adaptive=0.00054 lastPeak=0.00000 guard=0.060 activeAge=-1.000 pitch=-1.00Hz pitchCents=0.0
2025-12-17 07:11:55 [tracker] [s1] aubio-raw t=0.6013 onset=1.199521 env=0.000146 peak=0.000253 gain=1.000
2025-12-17 07:11:55 [tracker] [s1] onset-below-env-floor t=0.6013 env=0.000146 gate=0.000010 envDelta=0.000136 envFloor=0.000450 onset=1.199521 thresh=0.006000 onsetDelta=1.193521 baseline=0.000180 floor=0.000180 adapt=0.000246 lastPeak=0.000000 baseParam=0.000180 gateRatio=0.0550 envParam=0.000450 onsetScale=0.300 retriggerScale=1.400 guard=0.060 guardRemain=0.000 activeAge=-1.000 retrigRemain=0.000 pitchHz=-1.00 pitchCents=0.0
2025-12-17 07:11:55 [tracker] [s2] onset t=0.673 env=0.00060 gate=0.00000 envDelta=0.00060 envFloor=0.00031 onset=1.161 thresh=0.009 onsetDelta=1.15203 baseline=0.00022 adaptive=0.00052 lastPeak=0.00000 guard=0.060 activeAge=-1.000 pitch=-1.00Hz pitchCents=0.0
2025-12-17 07:11:56 [tracker] [s1] aubio-raw t=1.0733 onset=0.514898 env=0.000192 peak=0.000316 gain=1.000
2025-12-17 07:11:56 [tracker] [s1] onset-below-env-floor t=1.0733 env=0.000192 gate=0.000010 envDelta=0.000182 envFloor=0.000450 onset=0.514898 thresh=0.006000 onsetDelta=0.508898 baseline=0.000180 floor=0.000180 adapt=0.000315 lastPeak=0.000000 baseParam=0.000180 gateRatio=0.0550 envParam=0.000450 onsetScale=0.300 retriggerScale=1.400 guard=0.060 guardRemain=0.000 activeAge=-1.000 retrigRemain=0.000 pitchHz=-1.00 pitchCents=0.0
2025-12-17 07:11:56 [tracker] [s2] onset t=1.415 env=0.00059 gate=0.00000 envDelta=0.00058 envFloor=0.00034 onset=1.029 thresh=0.009 onsetDelta=1.02018 baseline=0.00023 adaptive=0.00057 lastPeak=0.00000 guard=0.060 activeAge=-1.000 pitch=-1.00Hz pitchCents=0.0
2025-12-17 07:11:56 [tracker] [s2] onset t=1.705 env=0.00059 gate=0.00000 envDelta=0.00058 envFloor=0.00030 onset=0.997 thresh=0.009 onsetDelta=0.98829 baseline=0.00022 adaptive=0.00051 lastPeak=0.00000 guard=0.060 activeAge=-1.000 pitch=-1.00Hz pitchCents=0.0
2025-12-17 07:11:57 [tracker] [s2] onset t=1.759 env=0.00041 gate=0.00000 envDelta=0.00041 envFloor=0.00032 onset=0.945 thresh=0.009 onsetDelta=0.93641 baseline=0.00022 adaptive=0.00053 lastPeak=0.00000 guard=0.060 activeAge=-1.000 pitch=-1.00Hz pitchCents=0.0
2025-12-17 07:11:57 [tracker] [s1] aubio-raw t=2.0707 onset=0.993547 env=0.000360 peak=0.000453 gain=1.000
2025-12-17 07:11:57 [tracker] [s1] onset-below-env-floor t=2.0707 env=0.000360 gate=0.000010 envDelta=0.000350 envFloor=0.000450 onset=0.993547 thresh=0.006000 onsetDelta=0.987547 baseline=0.000180 floor=0.000180 adapt=0.000300 lastPeak=0.000000 baseParam=0.000180 gateRatio=0.0550 envParam=0.000450 onsetScale=0.300 retriggerScale=1.400 guard=0.060 guardRemain=0.000 activeAge=-1.000 retrigRemain=0.000 pitchHz=-1.00 pitchCents=0.0
2025-12-17 07:11:57 [tracker] [s2] onset t=2.375 env=0.00058 gate=0.00000 envDelta=0.00058 envFloor=0.00031 onset=1.065 thresh=0.009 onsetDelta=1.05559 baseline=0.00022 adaptive=0.00052 lastPeak=0.00000 guard=0.060 activeAge=-1.000 pitch=-1.00Hz pitchCents=0.0
2025-12-17 07:11:57 [tracker] [s1] aubio-raw t=2.3907 onset=0.991914 env=0.000061 peak=0.000179 gain=1.000
2025-12-17 07:11:57 [tracker] [s1] onset-below-env-floor t=2.3907 env=0.000061 gate=0.000010 envDelta=0.000052 envFloor=0.000450 onset=0.991914 thresh=0.006000 onsetDelta=0.985914 baseline=0.000180 floor=0.000180 adapt=0.000303 lastPeak=0.000000 baseParam=0.000180 gateRatio=0.0550 envParam=0.000450 onsetScale=0.300 retriggerScale=1.400 guard=0.060 guardRemain=0.000 activeAge=-1.000 retrigRemain=0.000 pitchHz=93.93 pitchCents=226.6
2025-12-17 07:11:57 [tracker] [s1] aubio-raw t=2.6547 onset=0.925407 env=0.000112 peak=0.000205 gain=1.000
2025-12-17 07:11:57 [tracker] [s1] onset-below-env-floor t=2.6547 env=0.000112 gate=0.000010 envDelta=0.000102 envFloor=0.000450 onset=0.925407 thresh=0.006000 onsetDelta=0.919407 baseline=0.000180 floor=0.000180 adapt=0.000244 lastPeak=0.000000 baseParam=0.000180 gateRatio=0.0550 envParam=0.000450 onsetScale=0.300 retriggerScale=1.400 guard=0.060 guardRemain=0.000 activeAge=-1.000 retrigRemain=0.000 pitchHz=-1.00 pitchCents=0.0
2025-12-17 07:11:58 [tracker] [s2] onset t=2.900 env=0.00056 gate=0.00000 envDelta=0.00056 envFloor=0.00033 onset=0.858 thresh=0.009 onsetDelta=0.84921 baseline=0.00022 adaptive=0.00055 lastPeak=0.00000 guard=0.060 activeAge=-1.000 pitch=-1.00Hz pitchCents=0.0
2025-12-17 07:11:58 [tracker] [s2] onset t=2.983 env=0.00068 gate=0.00000 envDelta=0.00068 envFloor=0.00036 onset=1.103 thresh=0.009 onsetDelta=1.09431 baseline=0.00024 adaptive=0.00060 lastPeak=0.00000 guard=0.060 activeAge=-1.000 pitch=-1.00Hz pitchCents=0.0
2025-12-17 07:11:58 [tracker] [s1] aubio-raw t=3.3800 onset=1.193829 env=0.000137 peak=0.000256 gain=1.000
2025-12-17 07:11:58 [tracker] [s1] onset-below-env-floor t=3.3800 env=0.000137 gate=0.000010 envDelta=0.000127 envFloor=0.000450 onset=1.193829 thresh=0.006000 onsetDelta=1.187829 baseline=0.000180 floor=0.000180 adapt=0.000324 lastPeak=0.000000 baseParam=0.000180 gateRatio=0.0550 envParam=0.000450 onsetScale=0.300 retriggerScale=1.400 guard=0.060 guardRemain=0.000 activeAge=-1.000 retrigRemain=0.000 pitchHz=-1.00 pitchCents=0.0
2025-12-17 07:11:58 [tracker] [s2] onset t=3.391 env=0.00070 gate=0.00000 envDelta=0.00069 envFloor=0.00035 onset=0.999 thresh=0.009 onsetDelta=0.98997 baseline=0.00023 adaptive=0.00058 lastPeak=0.00000 guard=0.060 activeAge=-1.000 pitch=-1.00Hz pitchCents=0.0
2025-12-17 07:11:58 [tracker] [s1] aubio-raw t=3.4574 onset=0.870391 env=0.000321 peak=0.000426 gain=1.000
2025-12-17 07:11:58 [tracker] [s1] onset-below-env-floor t=3.4574 env=0.000321 gate=0.000010 envDelta=0.000311 envFloor=0.000450 onset=0.870391 thresh=0.006000 onsetDelta=0.864391 baseline=0.000180 floor=0.000180 adapt=0.000275 lastPeak=0.000000 baseParam=0.000180 gateRatio=0.0550 envParam=0.000450 onsetScale=0.300 retriggerScale=1.400 guard=0.060 guardRemain=0.000 activeAge=-1.000 retrigRemain=0.000 pitchHz=-1.00 pitchCents=0.0
2025-12-17 07:11:59 [tracker] [s1] aubio-raw t=3.8094 onset=0.983947 env=0.000085 peak=0.000184 gain=1.000
2025-12-17 07:11:59 [tracker] [s1] onset-below-env-floor t=3.8094 env=0.000085 gate=0.000010 envDelta=0.000075 envFloor=0.000450 onset=0.983947 thresh=0.006000 onsetDelta=0.977947 baseline=0.000180 floor=0.000180 adapt=0.000254 lastPeak=0.000000 baseParam=0.000180 gateRatio=0.0550 envParam=0.000450 onsetScale=0.300 retriggerScale=1.400 guard=0.060 guardRemain=0.000 activeAge=-1.000 retrigRemain=0.000 pitchHz=94.10 pitchCents=229.7
2025-12-17 07:11:59 [tracker] [s2] onset t=3.961 env=0.00049 gate=0.00000 envDelta=0.00049 envFloor=0.00029 onset=0.997 thresh=0.009 onsetDelta=0.98771 baseline=0.00022 adaptive=0.00048 lastPeak=0.00000 guard=0.060 activeAge=-1.000 pitch=-1.00Hz pitchCents=0.0
2025-12-17 07:11:59 [tracker] [s3] onset t=4.047 env=0.00077 gate=0.00003 envDelta=0.00074 envFloor=0.00065 onset=1.363 thresh=0.012 onsetDelta=1.35098 baseline=0.00026 adaptive=0.00046 lastPeak=0.00000 guard=0.060 activeAge=-1.000 pitch=-1.00Hz pitchCents=0.0
2025-12-17 07:11:59 [tracker] [s1] aubio-raw t=4.4147 onset=1.301010 env=0.000374 peak=0.000470 gain=1.000
2025-12-17 07:11:59 [tracker] [s1] onset-below-env-floor t=4.4147 env=0.000374 gate=0.000010 envDelta=0.000364 envFloor=0.000450 onset=1.301010 thresh=0.006000 onsetDelta=1.295010 baseline=0.000180 floor=0.000180 adapt=0.000272 lastPeak=0.000000 baseParam=0.000180 gateRatio=0.0550 envParam=0.000450 onsetScale=0.300 retriggerScale=1.400 guard=0.060 guardRemain=0.000 activeAge=-1.000 retrigRemain=0.000 pitchHz=-1.00 pitchCents=0.0
2025-12-17 07:11:59 [tracker] [s1] aubio-raw t=4.5720 onset=1.032641 env=0.000472 peak=0.000567 gain=1.000
2025-12-17 07:11:59 [tracker] [s1] onset-accepted t=4.5720 env=0.000472 gate=0.000010 envDelta=0.000462 envFloor=0.000450 onset=1.032641 thresh=0.006000 onsetDelta=1.026641 baseline=0.000180 floor=0.000180 adapt=0.000350 lastPeak=0.000000 baseParam=0.000180 gateRatio=0.0550 envParam=0.000450 onsetScale=0.300 retriggerScale=1.400 guard=0.060 guardRemain=0.000 activeAge=-1.000 retrigRemain=0.000 pitchHz=-1.00 pitchCents=0.0
2025-12-17 07:11:59 [tracker] [s1] onset t=4.572 env=0.00047 gate=0.00001 envDelta=0.00046 envFloor=0.00045 onset=1.033 thresh=0.006 onsetDelta=1.02664 baseline=0.00018 adaptive=0.00035 lastPeak=0.00000 guard=0.060 activeAge=-1.000 pitch=-1.00Hz pitchCents=0.0
2025-12-17 07:11:59 [tracker] [s1] aubio-raw t=4.6333 onset=0.998062 env=0.000352 peak=0.000489 gain=1.000
2025-12-17 07:11:59 [tracker] [s1] onset-below-env-floor t=4.6333 env=0.000352 gate=0.000010 envDelta=0.000342 envFloor=0.000450 onset=0.998062 thresh=0.006000 onsetDelta=0.992062 baseline=0.000180 floor=0.000180 adapt=0.000330 lastPeak=0.000000 baseParam=0.000180 gateRatio=0.0550 envParam=0.000450 onsetScale=0.300 retriggerScale=1.400 guard=0.060 guardRemain=0.000 activeAge=-1.000 retrigRemain=0.000 pitchHz=-1.00 pitchCents=0.0
2025-12-17 07:12:00 [tracker] [s1] aubio-raw t=4.7693 onset=0.863663 env=0.000179 peak=0.000334 gain=1.000
2025-12-17 07:12:00 [tracker] [s1] onset-below-env-floor t=4.7693 env=0.000179 gate=0.000010 envDelta=0.000169 envFloor=0.000450 onset=0.863663 thresh=0.006000 onsetDelta=0.857663 baseline=0.000180 floor=0.000180 adapt=0.000301 lastPeak=0.000000 baseParam=0.000180 gateRatio=0.0550 envParam=0.000450 onsetScale=0.300 retriggerScale=1.400 guard=0.060 guardRemain=0.000 activeAge=-1.000 retrigRemain=0.000 pitchHz=-1.00 pitchCents=0.0
2025-12-17 07:12:00 [tracker] [s2] onset t=4.833 env=0.00035 gate=0.00000 envDelta=0.00035 envFloor=0.00025 onset=1.124 thresh=0.009 onsetDelta=1.11453 baseline=0.00022 adaptive=0.00042 lastPeak=0.00000 guard=0.060 activeAge=-1.000 pitch=-1.00Hz pitchCents=0.0
2025-12-17 07:12:00 [tracker] [s1] aubio-raw t=4.8387 onset=0.840544 env=0.000492 peak=0.000633 gain=1.000
2025-12-17 07:12:00 [tracker] [s1] onset-accepted t=4.8387 env=0.000492 gate=0.000010 envDelta=0.000482 envFloor=0.000450 onset=0.840544 thresh=0.006000 onsetDelta=0.834544 baseline=0.000180 floor=0.000180 adapt=0.000341 lastPeak=0.000000 baseParam=0.000180 gateRatio=0.0550 envParam=0.000450 onsetScale=0.300 retriggerScale=1.400 guard=0.060 guardRemain=0.000 activeAge=-1.000 retrigRemain=0.000 pitchHz=-1.00 pitchCents=0.0
2025-12-17 07:12:00 [tracker] [s1] onset t=4.839 env=0.00049 gate=0.00001 envDelta=0.00048 envFloor=0.00045 onset=0.841 thresh=0.006 onsetDelta=0.83454 baseline=0.00018 adaptive=0.00034 lastPeak=0.00000 guard=0.060 activeAge=-1.000 pitch=-1.00Hz pitchCents=0.0
2025-12-17 07:12:00 [tracker] [s2] onset t=4.895 env=0.00036 gate=0.00000 envDelta=0.00036 envFloor=0.00031 onset=0.848 thresh=0.009 onsetDelta=0.83879 baseline=0.00022 adaptive=0.00051 lastPeak=0.00000 guard=0.060 activeAge=-1.000 pitch=-1.00Hz pitchCents=0.0
2025-12-17 07:12:00 [tracker] [s1] aubio-raw t=5.1480 onset=1.059942 env=0.000305 peak=0.000426 gain=1.000
2025-12-17 07:12:00 [tracker] [s1] onset-below-env-floor t=5.1480 env=0.000305 gate=0.000010 envDelta=0.000295 envFloor=0.000450 onset=1.059942 thresh=0.006000 onsetDelta=1.053942 baseline=0.000180 floor=0.000180 adapt=0.000304 lastPeak=0.000000 baseParam=0.000180 gateRatio=0.0550 envParam=0.000450 onsetScale=0.300 retriggerScale=1.400 guard=0.060 guardRemain=0.000 activeAge=-1.000 retrigRemain=0.000 pitchHz=-1.00 pitchCents=0.0
2025-12-17 07:12:00 [sessionwavs] wrote 6 wav files to /home/general/SignalAssistant/logs/sessionwavs/session-20251217-071154 (shutdown)
# Session closed at 2025-12-17 07:12:00
