# SignalAssistant session log
# Started at 2025-12-25 05:29:56
2025-12-25 05:29:56 [session] mode=live session='' path='' duration=0.00 files=0
2025-12-25 05:29:56 [tracker-settings] TrackerConfig onsetThreshold=0.02000 minNoteDurSec=0.045 hopSec=0.010 slideDelta=120.0 bendDelta=35.0
2025-12-25 05:29:56 [tracker-settings] string1 midi=40 lowCut=6386.53Hz highCut=52740.41Hz baseline=0.001000 gateRatio=0.05500 envFloor=0.001500 sustainScale=0.580 retriggerScale=1.400 pitchTol=0.400 onsetScale=0.360
2025-12-25 05:29:56 [tracker-settings] string2 midi=45 lowCut=11275.00Hz highCut=94600.00Hz baseline=0.001200 gateRatio=0.10000 envFloor=0.001800 sustainScale=0.700 retriggerScale=1.250 pitchTol=0.400 onsetScale=0.610
2025-12-25 05:29:56 [tracker-settings] string3 midi=50 lowCut=20189.45Hz highCut=170325.56Hz baseline=0.001400 gateRatio=0.13000 envFloor=0.002100 sustainScale=0.820 retriggerScale=1.100 pitchTol=0.450 onsetScale=0.930
2025-12-25 05:29:56 [tracker-settings] string4 midi=55 lowCut=36749.57Hz highCut=301836.47Hz baseline=0.001600 gateRatio=0.17000 envFloor=0.002400 sustainScale=1.000 retriggerScale=1.000 pitchTol=0.440 onsetScale=1.260
2025-12-25 05:29:56 [tracker-settings] string5 midi=59 lowCut=58648.64Hz highCut=479066.81Hz baseline=0.001800 gateRatio=0.21000 envFloor=0.002700 sustainScale=1.000 retriggerScale=1.000 pitchTol=0.500 onsetScale=1.440
2025-12-25 05:29:56 [tracker-settings] string6 midi=64 lowCut=104656.75Hz highCut=857031.69Hz baseline=0.002000 gateRatio=0.25000 envFloor=0.003000 sustainScale=1.000 retriggerScale=1.000 pitchTol=0.550 onsetScale=1.620
2025-12-25 05:29:56 [tracker] [s1] calibration reset target=0.00180 gain=1.000
2025-12-25 05:29:56 [tracker] [s2] calibration reset target=0.00180 gain=1.000
2025-12-25 05:29:56 [tracker] [s3] calibration reset target=0.00180 gain=1.000
2025-12-25 05:29:56 [tracker] [s4] calibration reset target=0.00180 gain=1.000
2025-12-25 05:29:56 [tracker] [s5] calibration reset target=0.00180 gain=1.000
2025-12-25 05:29:56 [tracker] [s6] calibration reset target=0.00180 gain=1.000
2025-12-25 05:29:56 [calibration] Loaded avgRms/peakRms from legacy calibration file
2025-12-25 05:29:56 [tracker] [s1] calibration avg=0.03937 target=0.00180 gain=1.000
2025-12-25 05:29:56 [tracker] [s2] calibration avg=0.01560 target=0.00180 gain=1.000
2025-12-25 05:29:56 [tracker] [s3] calibration avg=0.00661 target=0.00180 gain=1.000
2025-12-25 05:29:56 [tracker] [s4] calibration avg=0.00473 target=0.00180 gain=1.000
2025-12-25 05:29:56 [tracker] [s5] calibration avg=0.00699 target=0.00180 gain=1.000
2025-12-25 05:29:56 [tracker] [s6] calibration avg=0.02247 target=0.00180 gain=1.000
2025-12-25 05:29:56 [calibration] Calibration profile derived from tuning state
2025-12-25 05:29:56 [tracker] [s1] configure sr=48000.0 hop=128 fft=1024 low=75.0 high=160.0
2025-12-25 05:29:56 [tracker] [s1] params baseline=0.001000 gate=0.0550 envFloor=0.000450 sustain=0.580 retrigger=1.400 pitchTol=0.400 onsetScale=0.100 aubioScale=1.20 aubioThresh=0.024 onsetSilence=-40.0 pitchSilence=-90.0
2025-12-25 05:29:56 [tracker] [s2] configure sr=48000.0 hop=128 fft=1024 low=100.0 high=215.0
2025-12-25 05:29:56 [tracker] [s2] params baseline=0.001200 gate=0.0100 envFloor=0.000100 sustain=1.500 retrigger=1.250 pitchTol=0.400 onsetScale=0.100 aubioScale=1.35 aubioThresh=0.027 onsetSilence=-40.0 pitchSilence=-90.0
2025-12-25 05:29:56 [tracker] [s3] configure sr=48000.0 hop=128 fft=1024 low=135.0 high=290.0
2025-12-25 05:29:56 [tracker] [s3] params baseline=0.001400 gate=0.1300 envFloor=0.000650 sustain=0.820 retrigger=1.100 pitchTol=0.450 onsetScale=0.100 aubioScale=1.60 aubioThresh=0.032 onsetSilence=-40.0 pitchSilence=-80.0
2025-12-25 05:29:56 [tracker] [s4] configure sr=48000.0 hop=128 fft=1024 low=185.0 high=385.0
2025-12-25 05:29:56 [tracker] [s4] params baseline=0.001600 gate=0.1700 envFloor=0.000780 sustain=1.000 retrigger=1.000 pitchTol=0.440 onsetScale=0.100 aubioScale=1.80 aubioThresh=0.036 onsetSilence=-40.0 pitchSilence=-80.0
2025-12-25 05:29:56 [tracker] [s5] configure sr=48000.0 hop=128 fft=512 low=235.0 high=485.0
2025-12-25 05:29:56 [tracker] [s5] params baseline=0.001800 gate=0.2100 envFloor=0.000900 sustain=1.000 retrigger=1.000 pitchTol=0.500 onsetScale=0.100 aubioScale=1.80 aubioThresh=0.036 onsetSilence=-40.0 pitchSilence=-80.0
2025-12-25 05:29:56 [tracker] [s6] configure sr=48000.0 hop=128 fft=512 low=315.0 high=650.0
2025-12-25 05:29:56 [tracker] [s6] params baseline=0.002000 gate=0.2500 envFloor=0.001050 sustain=1.000 retrigger=1.000 pitchTol=0.550 onsetScale=0.100 aubioScale=1.80 aubioThresh=0.036 onsetSilence=-40.0 pitchSilence=-80.0
2025-12-25 05:29:58 [detection] [s4] PASS onset: onsetStrength=1.4055 >= onsetThreshold=0.1000
2025-12-25 05:29:58 [detection] [s4] PASS envFloor: envelope=0.0158 >= envFloor=0.0016
2025-12-25 05:29:58 [tracker] [s4] onset t=1.505 env=0.01578 gate=0.00027 envDelta=0.01551 envFloor=0.00160 onset=1.405 thresh=0.100 onsetDelta=1.30546 baseline=0.00160 lastPeak=0.00000 guard=0.060 activeAge=-1.000 pitch=-1.00Hz pitchCents=0.0
2025-12-25 05:29:58 [detection] [s5] PASS onset: onsetStrength=0.9061 >= onsetThreshold=0.1000
2025-12-25 05:29:58 [detection] [s5] PASS gate: envelope=0.0057 >= gateThreshold=0.0004
2025-12-25 05:29:58 [tracker] [s5] onset t=1.508 env=0.00567 gate=0.00038 envDelta=0.00529 envFloor=0.00180 onset=0.906 thresh=0.100 onsetDelta=0.80605 baseline=0.00180 lastPeak=0.00000 guard=0.060 activeAge=-1.000 pitch=-1.00Hz pitchCents=0.0
2025-12-25 05:29:58 [tracker] [s1] aubio-raw t=1.5160 onset=1.304977 env=0.010832 peak=0.017311 gain=1.000
2025-12-25 05:29:58 [detection] [s1] PASS onset: onsetStrength=1.3050 >= onsetThreshold=0.1000
2025-12-25 05:29:58 [detection] [s1] PASS gate: envelope=0.0108 >= gateThreshold=0.0001
2025-12-25 05:29:58 [detection] [s1] PASS envFloor: envelope=0.0108 >= envFloor=0.0010
2025-12-25 05:29:58 [tracker] [s1] onset-accepted t=1.5160 env=0.010832 gate=0.000055 envDelta=0.010777 envFloor=0.001000 onset=1.304977 thresh=0.100000 onsetDelta=1.204977 baseline=0.001000 lastPeak=0.000000 baseParam=0.001000 gateRatio=0.0550 envParam=0.000450 retriggerScale=1.400 guard=0.060 guardRemain=0.000 activeAge=-1.000 retrigRemain=0.000 pitchHz=185.92 pitchCents=1408.6
2025-12-25 05:29:58 [tracker] [s1] onset t=1.516 env=0.01083 gate=0.00006 envDelta=0.01078 envFloor=0.00100 onset=1.305 thresh=0.100 onsetDelta=1.20498 baseline=0.00100 lastPeak=0.00000 guard=0.060 activeAge=-1.000 pitch=185.92Hz pitchCents=1408.6
2025-12-25 05:29:58 [detection] [s6] PASS onset: onsetStrength=1.1713 >= onsetThreshold=0.1000
2025-12-25 05:29:58 [detection] [s6] PASS gate: envelope=0.0032 >= gateThreshold=0.0005
2025-12-25 05:29:58 [tracker] [s6] onset t=1.529 env=0.00316 gate=0.00050 envDelta=0.00266 envFloor=0.00200 onset=1.171 thresh=0.100 onsetDelta=1.07135 baseline=0.00200 lastPeak=0.00000 guard=0.060 activeAge=-1.000 pitch=1591.59Hz pitchCents=2725.9
2025-12-25 05:29:58 [detection] [s6] PASS onset: onsetStrength=1.3694 >= onsetThreshold=0.1000
2025-12-25 05:29:58 [detection] [s6] PASS gate: envelope=0.0038 >= gateThreshold=0.0005
2025-12-25 05:29:58 [tracker] [s6] onset t=1.593 env=0.00381 gate=0.00050 envDelta=0.00331 envFloor=0.00200 onset=1.369 thresh=0.100 onsetDelta=1.26940 baseline=0.00200 lastPeak=0.00000 guard=0.060 activeAge=-1.000 pitch=-1.00Hz pitchCents=0.0
2025-12-25 05:29:58 [detection] [s6] PASS onset: onsetStrength=1.4464 >= onsetThreshold=0.1000
2025-12-25 05:29:58 [detection] [s6] PASS gate: envelope=0.0037 >= gateThreshold=0.0005
2025-12-25 05:29:58 [tracker] [s6] onset t=1.788 env=0.00370 gate=0.00050 envDelta=0.00320 envFloor=0.00200 onset=1.446 thresh=0.100 onsetDelta=1.34644 baseline=0.00200 lastPeak=0.00000 guard=0.060 activeAge=-1.000 pitch=1773.89Hz pitchCents=2913.6
2025-12-25 05:29:59 [detection] [s2] PASS onset: onsetStrength=0.7686 >= onsetThreshold=0.1000
2025-12-25 05:29:59 [detection] [s2] PASS gate: envelope=0.0128 >= gateThreshold=0.0000
2025-12-25 05:29:59 [detection] [s2] PASS envFloor: envelope=0.0128 >= envFloor=0.0012
2025-12-25 05:29:59 [tracker] [s2] onset t=2.540 env=0.01277 gate=0.00001 envDelta=0.01276 envFloor=0.00120 onset=0.769 thresh=0.100 onsetDelta=0.66865 baseline=0.00120 lastPeak=0.00000 guard=0.060 activeAge=-1.000 pitch=98.71Hz pitchCents=-187.6
2025-12-25 05:29:59 [detection] [s3] PASS onset: onsetStrength=1.1371 >= onsetThreshold=0.1000
2025-12-25 05:29:59 [detection] [s3] PASS gate: envelope=0.2086 >= gateThreshold=0.0002
2025-12-25 05:29:59 [detection] [s3] PASS envFloor: envelope=0.2086 >= envFloor=0.0014
2025-12-25 05:29:59 [tracker] [s3] onset t=2.559 env=0.20858 gate=0.00018 envDelta=0.20840 envFloor=0.00140 onset=1.137 thresh=0.100 onsetDelta=1.03706 baseline=0.00140 lastPeak=0.00000 guard=0.060 activeAge=-1.000 pitch=-1.00Hz pitchCents=0.0
2025-12-25 05:29:59 [detection] [s5] PASS onset: onsetStrength=1.1072 >= onsetThreshold=0.1000
2025-12-25 05:29:59 [tracker] [s5] onset t=2.559 env=0.00294 gate=0.00038 envDelta=0.00256 envFloor=0.00180 onset=1.107 thresh=0.100 onsetDelta=1.00720 baseline=0.00180 lastPeak=0.00000 guard=0.060 activeAge=-1.000 pitch=-1.00Hz pitchCents=0.0
2025-12-25 05:29:59 [detection] [s4] PASS onset: onsetStrength=0.5632 >= onsetThreshold=0.1000
2025-12-25 05:29:59 [detection] [s4] PASS gate: envelope=0.1342 >= gateThreshold=0.0003
2025-12-25 05:29:59 [detection] [s4] PASS envFloor: envelope=0.1342 >= envFloor=0.0016
2025-12-25 05:29:59 [tracker] [s4] onset t=2.572 env=0.13424 gate=0.00027 envDelta=0.13397 envFloor=0.00160 onset=0.563 thresh=0.100 onsetDelta=0.46316 baseline=0.00160 lastPeak=0.00000 guard=0.060 activeAge=-1.000 pitch=1000.93Hz pitchCents=2822.9
2025-12-25 05:29:59 [detection] [s2] PASS onset: onsetStrength=1.0009 >= onsetThreshold=0.1000
2025-12-25 05:29:59 [detection] [s2] PASS gate: envelope=0.2520 >= gateThreshold=0.0000
2025-12-25 05:29:59 [detection] [s2] PASS envFloor: envelope=0.2520 >= envFloor=0.0012
2025-12-25 05:29:59 [tracker] [s2] onset t=2.596 env=0.25196 gate=0.00001 envDelta=0.25195 envFloor=0.00120 onset=1.001 thresh=0.100 onsetDelta=0.90088 baseline=0.00120 lastPeak=0.00000 guard=0.060 activeAge=-1.000 pitch=149.15Hz pitchCents=527.2
2025-12-25 05:29:59 [tracker] [s2] note-start t=2.596 fret=5 midi=50 vel=1.00 env=0.25196
2025-12-25 05:29:59 [detection] [s4] PASS onset: onsetStrength=0.9992 >= onsetThreshold=0.1000
2025-12-25 05:29:59 [detection] [s4] PASS gate: envelope=0.1094 >= gateThreshold=0.0003
2025-12-25 05:29:59 [detection] [s4] PASS envFloor: envelope=0.1094 >= envFloor=0.0016
2025-12-25 05:29:59 [tracker] [s4] onset t=2.652 env=0.10944 gate=0.00027 envDelta=0.10917 envFloor=0.00160 onset=0.999 thresh=0.100 onsetDelta=0.89923 baseline=0.00160 lastPeak=0.00000 guard=0.060 activeAge=-1.000 pitch=298.20Hz pitchCents=726.5
2025-12-25 05:29:59 [tracker] [s4] note-start t=2.652 fret=7 midi=62 vel=1.00 env=0.10944
2025-12-25 05:29:59 [detection]      S4F7 ON (onset=0.999 env=0.1094)
2025-12-25 05:29:59 [detection] [s5] PASS onset: onsetStrength=1.1916 >= onsetThreshold=0.1000
2025-12-25 05:29:59 [detection] [s5] PASS gate: envelope=0.0028 >= gateThreshold=0.0004
2025-12-25 05:29:59 [detection] [s5] PASS envFloor: envelope=0.0028 >= envFloor=0.0018
2025-12-25 05:29:59 [tracker] [s5] onset t=2.663 env=0.00280 gate=0.00038 envDelta=0.00242 envFloor=0.00180 onset=1.192 thresh=0.100 onsetDelta=1.09155 baseline=0.00180 lastPeak=0.00000 guard=0.060 activeAge=-1.000 pitch=-1.00Hz pitchCents=0.0
2025-12-25 05:29:59 [tracker] [s1] aubio-raw t=2.6974 onset=1.005369 env=0.003948 peak=0.005364 gain=1.000
2025-12-25 05:29:59 [detection] [s1] PASS onset: onsetStrength=1.0054 >= onsetThreshold=0.1000
2025-12-25 05:29:59 [detection] [s1] PASS gate: envelope=0.0039 >= gateThreshold=0.0001
2025-12-25 05:29:59 [detection] [s1] PASS envFloor: envelope=0.0039 >= envFloor=0.0010
2025-12-25 05:29:59 [tracker] [s1] onset-accepted t=2.6974 env=0.003948 gate=0.000055 envDelta=0.003893 envFloor=0.001000 onset=1.005369 thresh=0.100000 onsetDelta=0.905369 baseline=0.001000 lastPeak=0.000000 baseParam=0.001000 gateRatio=0.0550 envParam=0.000450 retriggerScale=1.400 guard=0.060 guardRemain=0.000 activeAge=-1.000 retrigRemain=0.000 pitchHz=147.96 pitchCents=1013.3
2025-12-25 05:29:59 [tracker] [s1] onset t=2.697 env=0.00395 gate=0.00006 envDelta=0.00389 envFloor=0.00100 onset=1.005 thresh=0.100 onsetDelta=0.90537 baseline=0.00100 lastPeak=0.00000 guard=0.060 activeAge=-1.000 pitch=147.96Hz pitchCents=1013.3
2025-12-25 05:29:59 [tracker] [s1] note-start t=2.697 fret=10 midi=50 vel=0.05 env=0.00395
2025-12-25 05:29:59 [detection]      S1F10 ON (onset=1.005 env=0.0039)
2025-12-25 05:29:59 [detection] [s3] PASS onset: onsetStrength=0.9983 >= onsetThreshold=0.1000
2025-12-25 05:29:59 [detection] [s3] PASS gate: envelope=0.1143 >= gateThreshold=0.0002
2025-12-25 05:29:59 [detection] [s3] PASS envFloor: envelope=0.1143 >= envFloor=0.0014
2025-12-25 05:29:59 [tracker] [s3] onset t=2.793 env=0.11432 gate=0.00018 envDelta=0.11414 envFloor=0.00140 onset=0.998 thresh=0.100 onsetDelta=0.89825 baseline=0.00140 lastPeak=0.00000 guard=0.060 activeAge=-1.000 pitch=222.04Hz pitchCents=716.0
2025-12-25 05:29:59 [tracker] [s3] note-start t=2.793 fret=7 midi=57 vel=1.00 env=0.11432
2025-12-25 05:29:59 [detection]      S3F7 ON (onset=0.998 env=0.1143)
2025-12-25 05:29:59 [tracker] [s1] aubio-raw t=2.9880 onset=1.155290 env=0.004411 peak=0.006359 gain=1.000
2025-12-25 05:29:59 [tracker] [s1] onset-active-note t=2.9880 env=0.004411 gate=0.000055 envDelta=0.004356 envFloor=0.001000 onset=1.155290 thresh=0.100000 onsetDelta=1.055290 baseline=0.001000 lastPeak=0.002286 baseParam=0.001000 gateRatio=0.0550 envParam=0.000450 retriggerScale=1.400 guard=0.060 guardRemain=0.000 activeAge=0.291 retrigRemain=0.000 pitchHz=156.80 pitchCents=1113.7
2025-12-25 05:30:00 [detection] [s5] PASS onset: onsetStrength=0.7598 >= onsetThreshold=0.1000
2025-12-25 05:30:00 [detection] [s5] PASS gate: envelope=0.0052 >= gateThreshold=0.0004
2025-12-25 05:30:00 [detection] [s5] PASS envFloor: envelope=0.0052 >= envFloor=0.0018
2025-12-25 05:30:00 [tracker] [s5] onset t=3.767 env=0.00521 gate=0.00038 envDelta=0.00484 envFloor=0.00180 onset=0.760 thresh=0.100 onsetDelta=0.65977 baseline=0.00180 lastPeak=0.00000 guard=0.060 activeAge=-1.000 pitch=420.97Hz pitchCents=923.5
2025-12-25 05:30:00 [tracker] [s1] aubio-raw t=3.7960 onset=0.751304 env=0.006149 peak=0.010790 gain=1.000
2025-12-25 05:30:00 [tracker] [s1] onset-active-note t=3.7960 env=0.006149 gate=0.000055 envDelta=0.006094 envFloor=0.001000 onset=0.751304 thresh=0.100000 onsetDelta=0.651304 baseline=0.001000 lastPeak=0.000501 baseParam=0.001000 gateRatio=0.0550 envParam=0.000450 retriggerScale=1.400 guard=0.060 guardRemain=0.000 activeAge=1.099 retrigRemain=0.000 pitchHz=184.50 pitchCents=1395.3
2025-12-25 05:30:00 [detection] [s4] sustain check: avgEnv=0.0014 < sustainFloor=0.0016 (quiet frame 1/8)
2025-12-25 05:30:00 [detection] [s4] sustain check: avgEnv=0.0013 < sustainFloor=0.0016 (quiet frame 2/8)
2025-12-25 05:30:00 [detection] [s2] sustain check: avgEnv=0.0015 < sustainFloor=0.0018 (quiet frame 1/8)
2025-12-25 05:30:00 [detection] [s4] sustain check: avgEnv=0.0012 < sustainFloor=0.0016 (quiet frame 3/8)
2025-12-25 05:30:00 [detection] [s2] sustain check: avgEnv=0.0014 < sustainFloor=0.0018 (quiet frame 2/8)
2025-12-25 05:30:00 [detection] [s4] sustain check: avgEnv=0.0013 < sustainFloor=0.0016 (quiet frame 4/8)
2025-12-25 05:30:00 [detection] [s2] sustain check: avgEnv=0.0011 < sustainFloor=0.0018 (quiet frame 3/8)
2025-12-25 05:30:00 [detection] [s4] sustain check: avgEnv=0.0011 < sustainFloor=0.0016 (quiet frame 5/8)
2025-12-25 05:30:00 [detection] [s2] sustain check: avgEnv=0.0010 < sustainFloor=0.0018 (quiet frame 4/8)
2025-12-25 05:30:00 [detection] [s4] sustain check: avgEnv=0.0011 < sustainFloor=0.0016 (quiet frame 6/8)
2025-12-25 05:30:00 [detection] [s2] sustain check: avgEnv=0.0011 < sustainFloor=0.0018 (quiet frame 5/8)
2025-12-25 05:30:00 [detection] [s4] sustain check: avgEnv=0.0012 < sustainFloor=0.0016 (quiet frame 7/8)
2025-12-25 05:30:00 [detection] [s2] sustain check: avgEnv=0.0013 < sustainFloor=0.0018 (quiet frame 6/8)
2025-12-25 05:30:00 [detection] [s4] sustain check: avgEnv=0.0010 < sustainFloor=0.0016 (quiet frame 8/8)
2025-12-25 05:30:00 [detection] [s4] NOTE-OFF: sustained quiet for 8 frames
2025-12-25 05:30:00 [tracker] [s4] release-quiet t=3.849 avgEnv=0.00096 floor=0.00160 quietFrames=8
2025-12-25 05:30:00 [detection]      S4F7 OFF (sustained-quiet: avgEnv=0.0010 < floor=0.0016)
2025-12-25 05:30:00 [tracker] [s4] note-ended t=3.849 fret=7 dur=1.197
2025-12-25 05:30:00 [detection] [s2] sustain check: avgEnv=0.0012 < sustainFloor=0.0018 (quiet frame 7/8)
2025-12-25 05:30:00 [detection] [s3] sustain check: avgEnv=0.0013 < sustainFloor=0.0014 (quiet frame 1/8)
2025-12-25 05:30:00 [detection] [s2] sustain check: avgEnv=0.0011 < sustainFloor=0.0018 (quiet frame 8/8)
2025-12-25 05:30:00 [detection] [s2] NOTE-OFF: sustained quiet for 8 frames
2025-12-25 05:30:00 [tracker] [s2] release-quiet t=3.855 avgEnv=0.00115 floor=0.00180 quietFrames=8
2025-12-25 05:30:00 [detection]      S2F5 OFF (sustained-quiet: avgEnv=0.0011 < floor=0.0018)
2025-12-25 05:30:00 [tracker] [s2] note-ended t=3.855 fret=5 dur=1.259
2025-12-25 05:30:00 [detection] [s3] sustain check: avgEnv=0.0009 < sustainFloor=0.0014 (quiet frame 2/8)
2025-12-25 05:30:00 [detection] [s3] sustain check: avgEnv=0.0008 < sustainFloor=0.0014 (quiet frame 3/8)
2025-12-25 05:30:00 [detection] [s3] sustain check: avgEnv=0.0008 < sustainFloor=0.0014 (quiet frame 4/8)
2025-12-25 05:30:00 [detection] [s3] sustain check: avgEnv=0.0010 < sustainFloor=0.0014 (quiet frame 5/8)
2025-12-25 05:30:00 [detection] [s3] sustain check: avgEnv=0.0012 < sustainFloor=0.0014 (quiet frame 6/8)
2025-12-25 05:30:00 [detection] [s3] sustain check: avgEnv=0.0012 < sustainFloor=0.0014 (quiet frame 7/8)
2025-12-25 05:30:00 [detection] [s3] sustain check: avgEnv=0.0014 >= sustainFloor=0.0014 (reset quiet count from 7)
2025-12-25 05:30:00 [detection] [s3] sustain check: avgEnv=0.0014 < sustainFloor=0.0014 (quiet frame 1/8)
2025-12-25 05:30:00 [detection] [s3] sustain check: avgEnv=0.0012 < sustainFloor=0.0014 (quiet frame 2/8)
2025-12-25 05:30:00 [detection] [s3] sustain check: avgEnv=0.0009 < sustainFloor=0.0014 (quiet frame 3/8)
2025-12-25 05:30:00 [detection] [s3] sustain check: avgEnv=0.0009 < sustainFloor=0.0014 (quiet frame 4/8)
2025-12-25 05:30:00 [detection] [s3] sustain check: avgEnv=0.0008 < sustainFloor=0.0014 (quiet frame 5/8)
2025-12-25 05:30:00 [detection] [s3] sustain check: avgEnv=0.0008 < sustainFloor=0.0014 (quiet frame 6/8)
2025-12-25 05:30:00 [detection] [s3] sustain check: avgEnv=0.0008 < sustainFloor=0.0014 (quiet frame 7/8)
2025-12-25 05:30:00 [detection] [s3] sustain check: avgEnv=0.0009 < sustainFloor=0.0014 (quiet frame 8/8)
2025-12-25 05:30:00 [detection] [s3] NOTE-OFF: sustained quiet for 8 frames
2025-12-25 05:30:00 [tracker] [s3] release-quiet t=3.892 avgEnv=0.00087 floor=0.00140 quietFrames=8
2025-12-25 05:30:00 [detection]      S3F7 OFF (sustained-quiet: avgEnv=0.0009 < floor=0.0014)
2025-12-25 05:30:00 [tracker] [s3] note-ended t=3.892 fret=7 dur=1.099
2025-12-25 05:30:00 [detection] [s1] sustain check: avgEnv=0.0010 < sustainFloor=0.0010 (quiet frame 1/8)
2025-12-25 05:30:00 [detection] [s1] sustain check: avgEnv=0.0007 < sustainFloor=0.0010 (quiet frame 2/8)
2025-12-25 05:30:00 [detection] [s1] sustain check: avgEnv=0.0007 < sustainFloor=0.0010 (quiet frame 3/8)
2025-12-25 05:30:00 [detection] [s1] sustain check: avgEnv=0.0006 < sustainFloor=0.0010 (quiet frame 4/8)
2025-12-25 05:30:00 [detection] [s1] sustain check: avgEnv=0.0005 < sustainFloor=0.0010 (quiet frame 5/8)
2025-12-25 05:30:00 [detection] [s1] sustain check: avgEnv=0.0005 < sustainFloor=0.0010 (quiet frame 6/8)
2025-12-25 05:30:00 [detection] [s1] sustain check: avgEnv=0.0004 < sustainFloor=0.0010 (quiet frame 7/8)
2025-12-25 05:30:00 [detection] [s1] sustain check: avgEnv=0.0004 < sustainFloor=0.0010 (quiet frame 8/8)
2025-12-25 05:30:00 [detection] [s1] NOTE-OFF: sustained quiet for 8 frames
2025-12-25 05:30:00 [tracker] [s1] release-quiet t=3.932 avgEnv=0.00040 floor=0.00100 quietFrames=8
2025-12-25 05:30:00 [detection]      S1F10 OFF (sustained-quiet: avgEnv=0.0004 < floor=0.0010)
2025-12-25 05:30:00 [tracker] [s1] aubio-raw t=4.2654 onset=0.502773 env=0.004209 peak=0.005770 gain=1.000
2025-12-25 05:30:00 [detection] [s1] PASS onset: onsetStrength=0.5028 >= onsetThreshold=0.1000
2025-12-25 05:30:00 [detection] [s1] PASS gate: envelope=0.0042 >= gateThreshold=0.0001
2025-12-25 05:30:00 [detection] [s1] PASS envFloor: envelope=0.0042 >= envFloor=0.0010
2025-12-25 05:30:00 [tracker] [s1] onset-accepted t=4.2654 env=0.004209 gate=0.000055 envDelta=0.004154 envFloor=0.001000 onset=0.502773 thresh=0.100000 onsetDelta=0.402773 baseline=0.001000 lastPeak=0.000207 baseParam=0.001000 gateRatio=0.0550 envParam=0.000450 retriggerScale=1.400 guard=0.060 guardRemain=0.000 activeAge=-1.000 retrigRemain=0.000 pitchHz=135.48 pitchCents=860.7
2025-12-25 05:30:00 [tracker] [s1] onset t=4.265 env=0.00421 gate=0.00006 envDelta=0.00415 envFloor=0.00100 onset=0.503 thresh=0.100 onsetDelta=0.40277 baseline=0.00100 lastPeak=0.00021 guard=0.060 activeAge=-1.000 pitch=135.48Hz pitchCents=860.7
2025-12-25 05:30:00 [detection] [s2] PASS onset: onsetStrength=0.6663 >= onsetThreshold=0.1000
2025-12-25 05:30:00 [detection] [s2] PASS gate: envelope=0.0354 >= gateThreshold=0.0000
2025-12-25 05:30:00 [detection] [s2] PASS envFloor: envelope=0.0354 >= envFloor=0.0012
2025-12-25 05:30:00 [tracker] [s2] onset t=4.265 env=0.03538 gate=0.00001 envDelta=0.03537 envFloor=0.00120 onset=0.666 thresh=0.100 onsetDelta=0.56633 baseline=0.00120 lastPeak=0.01093 guard=0.060 activeAge=-1.000 pitch=147.04Hz pitchCents=502.4
2025-12-25 05:30:01 [detection] [s3] PASS onset: onsetStrength=1.1665 >= onsetThreshold=0.1000
2025-12-25 05:30:01 [detection] [s3] PASS gate: envelope=0.0101 >= gateThreshold=0.0002
2025-12-25 05:30:01 [detection] [s3] PASS envFloor: envelope=0.0101 >= envFloor=0.0014
2025-12-25 05:30:01 [tracker] [s3] onset t=4.303 env=0.01008 gate=0.00018 envDelta=0.00990 envFloor=0.00140 onset=1.167 thresh=0.100 onsetDelta=1.06655 baseline=0.00140 lastPeak=0.00670 guard=0.060 activeAge=-1.000 pitch=-1.00Hz pitchCents=0.0
2025-12-25 05:30:01 [detection] [s2] PASS onset: onsetStrength=0.9261 >= onsetThreshold=0.1000
2025-12-25 05:30:01 [detection] [s2] PASS gate: envelope=0.1157 >= gateThreshold=0.0000
2025-12-25 05:30:01 [tracker] [s2] onset t=4.337 env=0.11573 gate=0.00001 envDelta=0.11572 envFloor=0.00120 onset=0.926 thresh=0.100 onsetDelta=0.82610 baseline=0.00120 lastPeak=0.00955 guard=0.060 activeAge=-1.000 pitch=148.90Hz pitchCents=524.2
2025-12-25 05:30:01 [tracker] [s2] note-start t=4.337 fret=5 midi=50 vel=1.00 env=0.11573
2025-12-25 05:30:01 [detection]      S2F5 ON (onset=0.926 env=0.1157)
2025-12-25 05:30:01 [detection] [s3] PASS onset: onsetStrength=0.7748 >= onsetThreshold=0.1000
2025-12-25 05:30:01 [detection] [s3] PASS gate: envelope=0.0061 >= gateThreshold=0.0002
2025-12-25 05:30:01 [detection] [s3] PASS envFloor: envelope=0.0061 >= envFloor=0.0014
2025-12-25 05:30:01 [tracker] [s3] onset t=4.668 env=0.00610 gate=0.00018 envDelta=0.00592 envFloor=0.00140 onset=0.775 thresh=0.100 onsetDelta=0.67479 baseline=0.00140 lastPeak=0.00337 guard=0.060 activeAge=-1.000 pitch=-1.00Hz pitchCents=0.0
2025-12-25 05:30:02 [detection] [s2] sustain check: avgEnv=0.0015 < sustainFloor=0.0018 (quiet frame 1/8)
2025-12-25 05:30:02 [detection] [s2] sustain check: avgEnv=0.0012 < sustainFloor=0.0018 (quiet frame 2/8)
2025-12-25 05:30:02 [detection] [s2] sustain check: avgEnv=0.0011 < sustainFloor=0.0018 (quiet frame 3/8)
2025-12-25 05:30:02 [detection] [s2] sustain check: avgEnv=0.0009 < sustainFloor=0.0018 (quiet frame 4/8)
2025-12-25 05:30:02 [detection] [s2] sustain check: avgEnv=0.0009 < sustainFloor=0.0018 (quiet frame 5/8)
2025-12-25 05:30:02 [detection] [s2] sustain check: avgEnv=0.0009 < sustainFloor=0.0018 (quiet frame 6/8)
2025-12-25 05:30:02 [detection] [s2] sustain check: avgEnv=0.0009 < sustainFloor=0.0018 (quiet frame 7/8)
2025-12-25 05:30:02 [detection] [s2] sustain check: avgEnv=0.0007 < sustainFloor=0.0018 (quiet frame 8/8)
2025-12-25 05:30:02 [detection] [s2] NOTE-OFF: sustained quiet for 8 frames
2025-12-25 05:30:02 [tracker] [s2] release-quiet t=6.231 avgEnv=0.00074 floor=0.00180 quietFrames=8
2025-12-25 05:30:02 [detection]      S2F5 OFF (sustained-quiet: avgEnv=0.0007 < floor=0.0018)
2025-12-25 05:30:02 [tracker] [s2] note-ended t=6.231 fret=5 dur=1.893
2025-12-25 05:30:03 [detection] [s3] PASS onset: onsetStrength=0.8487 >= onsetThreshold=0.1000
2025-12-25 05:30:03 [detection] [s3] PASS envFloor: envelope=0.0138 >= envFloor=0.0014
2025-12-25 05:30:03 [tracker] [s3] onset t=6.780 env=0.01385 gate=0.00018 envDelta=0.01367 envFloor=0.00140 onset=0.849 thresh=0.100 onsetDelta=0.74874 baseline=0.00140 lastPeak=0.00006 guard=0.060 activeAge=-1.000 pitch=-1.00Hz pitchCents=0.0
2025-12-25 05:30:03 [tracker] [s1] aubio-raw t=6.9478 onset=0.850407 env=0.011496 peak=0.017092 gain=1.000
2025-12-25 05:30:03 [detection] [s1] PASS onset: onsetStrength=0.8504 >= onsetThreshold=0.1000
2025-12-25 05:30:03 [detection] [s1] PASS gate: envelope=0.0115 >= gateThreshold=0.0001
2025-12-25 05:30:03 [detection] [s1] PASS envFloor: envelope=0.0115 >= envFloor=0.0010
2025-12-25 05:30:03 [tracker] [s1] onset-accepted t=6.9478 env=0.011496 gate=0.000055 envDelta=0.011441 envFloor=0.001000 onset=0.850407 thresh=0.100000 onsetDelta=0.750407 baseline=0.001000 lastPeak=0.000001 baseParam=0.001000 gateRatio=0.0550 envParam=0.000450 retriggerScale=1.400 guard=0.060 guardRemain=0.000 activeAge=-1.000 retrigRemain=0.000 pitchHz=-1.00 pitchCents=0.0
2025-12-25 05:30:03 [tracker] [s1] onset t=6.948 env=0.01150 gate=0.00006 envDelta=0.01144 envFloor=0.00100 onset=0.850 thresh=0.100 onsetDelta=0.75041 baseline=0.00100 lastPeak=0.00000 guard=0.060 activeAge=-1.000 pitch=-1.00Hz pitchCents=0.0
2025-12-25 05:30:03 [detection] [s2] PASS onset: onsetStrength=0.7451 >= onsetThreshold=0.1000
2025-12-25 05:30:03 [detection] [s2] PASS gate: envelope=0.2862 >= gateThreshold=0.0000
2025-12-25 05:30:03 [detection] [s2] PASS envFloor: envelope=0.2862 >= envFloor=0.0012
2025-12-25 05:30:03 [tracker] [s2] onset t=6.950 env=0.28618 gate=0.00001 envDelta=0.28617 envFloor=0.00120 onset=0.745 thresh=0.100 onsetDelta=0.64512 baseline=0.00120 lastPeak=0.00085 guard=0.060 activeAge=-1.000 pitch=150.58Hz pitchCents=543.6
2025-12-25 05:30:03 [detection] [s3] PASS onset: onsetStrength=1.0233 >= onsetThreshold=0.1000
2025-12-25 05:30:03 [detection] [s3] PASS gate: envelope=0.0104 >= gateThreshold=0.0002
2025-12-25 05:30:03 [detection] [s3] PASS envFloor: envelope=0.0104 >= envFloor=0.0014
2025-12-25 05:30:03 [tracker] [s3] onset t=6.950 env=0.01042 gate=0.00018 envDelta=0.01024 envFloor=0.00140 onset=1.023 thresh=0.100 onsetDelta=0.92327 baseline=0.00140 lastPeak=0.00005 guard=0.060 activeAge=-1.000 pitch=-1.00Hz pitchCents=0.0
2025-12-25 05:30:03 [detection] [s4] PASS onset: onsetStrength=1.3033 >= onsetThreshold=0.1000
2025-12-25 05:30:03 [detection] [s4] PASS gate: envelope=0.0083 >= gateThreshold=0.0003
2025-12-25 05:30:03 [detection] [s4] PASS envFloor: envelope=0.0083 >= envFloor=0.0016
2025-12-25 05:30:03 [tracker] [s4] onset t=6.953 env=0.00828 gate=0.00027 envDelta=0.00801 envFloor=0.00160 onset=1.303 thresh=0.100 onsetDelta=1.20330 baseline=0.00160 lastPeak=0.00003 guard=0.060 activeAge=-1.000 pitch=-1.00Hz pitchCents=0.0
2025-12-25 05:30:03 [detection] [s3] PASS onset: onsetStrength=1.0960 >= onsetThreshold=0.1000
2025-12-25 05:30:03 [detection] [s3] PASS gate: envelope=0.0104 >= gateThreshold=0.0002
2025-12-25 05:30:03 [detection] [s3] PASS envFloor: envelope=0.0104 >= envFloor=0.0014
2025-12-25 05:30:03 [tracker] [s3] onset t=7.006 env=0.01045 gate=0.00018 envDelta=0.01026 envFloor=0.00140 onset=1.096 thresh=0.100 onsetDelta=0.99602 baseline=0.00140 lastPeak=0.00004 guard=0.060 activeAge=-1.000 pitch=-1.00Hz pitchCents=0.0
2025-12-25 05:30:03 [detection] [s2] PASS onset: onsetStrength=0.9310 >= onsetThreshold=0.1000
2025-12-25 05:30:03 [detection] [s2] PASS gate: envelope=0.3771 >= gateThreshold=0.0000
2025-12-25 05:30:03 [detection] [s2] PASS envFloor: envelope=0.3771 >= envFloor=0.0012
2025-12-25 05:30:03 [tracker] [s2] onset t=7.012 env=0.37708 gate=0.00001 envDelta=0.37707 envFloor=0.00120 onset=0.931 thresh=0.100 onsetDelta=0.83098 baseline=0.00120 lastPeak=0.00076 guard=0.060 activeAge=-1.000 pitch=149.03Hz pitchCents=525.7
2025-12-25 05:30:03 [tracker] [s2] note-start t=7.012 fret=5 midi=50 vel=1.00 env=0.37708
2025-12-25 05:30:03 [detection]      S2F5 ON (onset=0.931 env=0.3771)
2025-12-25 05:30:03 [tracker] [s1] aubio-raw t=7.0678 onset=1.110710 env=0.006219 peak=0.009272 gain=1.000
2025-12-25 05:30:03 [detection] [s1] PASS onset: onsetStrength=1.1107 >= onsetThreshold=0.1000
2025-12-25 05:30:03 [detection] [s1] PASS gate: envelope=0.0062 >= gateThreshold=0.0001
2025-12-25 05:30:03 [detection] [s1] PASS envFloor: envelope=0.0062 >= envFloor=0.0010
2025-12-25 05:30:03 [tracker] [s1] onset-accepted t=7.0678 env=0.006219 gate=0.000055 envDelta=0.006164 envFloor=0.001000 onset=1.110710 thresh=0.100000 onsetDelta=1.010710 baseline=0.001000 lastPeak=0.000001 baseParam=0.001000 gateRatio=0.0550 envParam=0.000450 retriggerScale=1.400 guard=0.060 guardRemain=0.000 activeAge=-1.000 retrigRemain=0.000 pitchHz=148.21 pitchCents=1016.2
2025-12-25 05:30:03 [tracker] [s1] onset t=7.068 env=0.00622 gate=0.00006 envDelta=0.00616 envFloor=0.00100 onset=1.111 thresh=0.100 onsetDelta=1.01071 baseline=0.00100 lastPeak=0.00000 guard=0.060 activeAge=-1.000 pitch=148.21Hz pitchCents=1016.2
2025-12-25 05:30:03 [tracker] [s1] note-start t=7.068 fret=10 midi=50 vel=0.07 env=0.00622
2025-12-25 05:30:03 [detection]      S1F10 ON (onset=1.111 env=0.0062)
2025-12-25 05:30:04 [detection] [s3] PASS onset: onsetStrength=0.9229 >= onsetThreshold=0.1000
2025-12-25 05:30:04 [detection] [s3] PASS gate: envelope=0.0036 >= gateThreshold=0.0002
2025-12-25 05:30:04 [detection] [s3] PASS envFloor: envelope=0.0036 >= envFloor=0.0014
2025-12-25 05:30:04 [tracker] [s3] onset t=7.622 env=0.00360 gate=0.00018 envDelta=0.00342 envFloor=0.00140 onset=0.923 thresh=0.100 onsetDelta=0.82294 baseline=0.00140 lastPeak=0.00001 guard=0.060 activeAge=-1.000 pitch=3994.11Hz pitchCents=5718.8
2025-12-25 05:30:04 [detection] [s1] sustain check: avgEnv=0.0010 < sustainFloor=0.0010 (quiet frame 1/8)
2025-12-25 05:30:04 [detection] [s1] sustain check: avgEnv=0.0009 < sustainFloor=0.0010 (quiet frame 2/8)
2025-12-25 05:30:04 [detection] [s1] sustain check: avgEnv=0.0009 < sustainFloor=0.0010 (quiet frame 3/8)
2025-12-25 05:30:04 [detection] [s1] sustain check: avgEnv=0.0008 < sustainFloor=0.0010 (quiet frame 4/8)
2025-12-25 05:30:04 [detection] [s1] sustain check: avgEnv=0.0008 < sustainFloor=0.0010 (quiet frame 5/8)
2025-12-25 05:30:04 [detection] [s1] sustain check: avgEnv=0.0008 < sustainFloor=0.0010 (quiet frame 6/8)
2025-12-25 05:30:04 [detection] [s1] sustain check: avgEnv=0.0008 < sustainFloor=0.0010 (quiet frame 7/8)
2025-12-25 05:30:04 [detection] [s1] sustain check: avgEnv=0.0008 < sustainFloor=0.0010 (quiet frame 8/8)
2025-12-25 05:30:04 [detection] [s1] NOTE-OFF: sustained quiet for 8 frames
2025-12-25 05:30:04 [tracker] [s1] release-quiet t=7.660 avgEnv=0.00082 floor=0.00100 quietFrames=8
2025-12-25 05:30:04 [detection]      S1F10 OFF (sustained-quiet: avgEnv=0.0008 < floor=0.0010)
2025-12-25 05:30:04 [tracker] [s1] note-ended t=7.660 fret=10 dur=0.592
2025-12-25 05:30:04 [detection] [s2] sustain check: avgEnv=0.0017 < sustainFloor=0.0018 (quiet frame 1/8)
2025-12-25 05:30:04 [detection] [s2] sustain check: avgEnv=0.0014 < sustainFloor=0.0018 (quiet frame 2/8)
2025-12-25 05:30:04 [detection] [s2] sustain check: avgEnv=0.0014 < sustainFloor=0.0018 (quiet frame 3/8)
2025-12-25 05:30:04 [detection] [s2] sustain check: avgEnv=0.0013 < sustainFloor=0.0018 (quiet frame 4/8)
2025-12-25 05:30:04 [detection] [s2] sustain check: avgEnv=0.0013 < sustainFloor=0.0018 (quiet frame 5/8)
2025-12-25 05:30:04 [detection] [s2] sustain check: avgEnv=0.0013 < sustainFloor=0.0018 (quiet frame 6/8)
2025-12-25 05:30:04 [detection] [s2] sustain check: avgEnv=0.0011 < sustainFloor=0.0018 (quiet frame 7/8)
2025-12-25 05:30:04 [detection] [s2] sustain check: avgEnv=0.0009 < sustainFloor=0.0018 (quiet frame 8/8)
2025-12-25 05:30:04 [detection] [s2] NOTE-OFF: sustained quiet for 8 frames
2025-12-25 05:30:04 [tracker] [s2] release-quiet t=7.809 avgEnv=0.00093 floor=0.00180 quietFrames=8
2025-12-25 05:30:04 [detection]      S2F5 OFF (sustained-quiet: avgEnv=0.0009 < floor=0.0018)
2025-12-25 05:30:04 [tracker] [s2] note-ended t=7.809 fret=5 dur=0.797
2025-12-25 05:30:09 [sessionwavs] wrote 6 wav files to /home/general/SignalAssistant/logs/sessionwavs/session-20251225-052956 (shutdown)
# Session closed at 2025-12-25 05:30:09
