# SignalAssistant session log
# Started at 2025-12-13 14:18:55
2025-12-13 14:18:55 [session] mode=live session='' path='' duration=0.00 files=0
2025-12-13 14:18:55 [tracker-settings] TrackerConfig onsetThreshold=0.02000 minNoteDurSec=0.045 hopSec=0.010 slideDelta=120.0 bendDelta=35.0
2025-12-13 14:18:55 [tracker-settings] string1 midi=40 lowCut=37.08Hz highCut=445.00Hz baseline=0.000180 gateRatio=0.05500 envFloor=0.000450 sustainScale=0.580 retriggerScale=1.400 peakRelease=0.120 pitchTol=0.400 onsetScale=0.300
2025-12-13 14:18:55 [tracker-settings] string2 midi=45 lowCut=55.00Hz highCut=563.20Hz baseline=0.000220 gateRatio=0.10000 envFloor=0.000550 sustainScale=0.700 retriggerScale=1.250 peakRelease=0.130 pitchTol=0.400 onsetScale=0.450
2025-12-13 14:18:55 [tracker-settings] string3 midi=50 lowCut=85.16Hz highCut=693.05Hz baseline=0.000260 gateRatio=0.13000 envFloor=0.000650 sustainScale=0.820 retriggerScale=1.100 peakRelease=0.140 pitchTol=0.450 onsetScale=0.580
2025-12-13 14:18:55 [tracker-settings] string4 midi=55 lowCut=127.40Hz highCut=862.39Hz baseline=0.000320 gateRatio=0.17000 envFloor=0.000780 sustainScale=1.000 retriggerScale=1.000 peakRelease=0.160 pitchTol=0.440 onsetScale=0.700
2025-12-13 14:18:55 [tracker-settings] string5 midi=59 lowCut=160.51Hz highCut=1086.54Hz baseline=0.000370 gateRatio=0.21000 envFloor=0.000900 sustainScale=1.000 retriggerScale=1.000 peakRelease=0.180 pitchTol=0.500 onsetScale=0.800
2025-12-13 14:18:55 [tracker-settings] string6 midi=64 lowCut=214.26Hz highCut=1450.36Hz baseline=0.000420 gateRatio=0.25000 envFloor=0.001050 sustainScale=1.000 retriggerScale=1.000 peakRelease=0.200 pitchTol=0.550 onsetScale=0.900
2025-12-13 14:18:55 [tracker] [s1] calibration reset target=0.00166 gain=0.200
2025-12-13 14:18:55 [tracker] [s2] calibration reset target=0.00169 gain=0.200
2025-12-13 14:18:55 [tracker] [s3] calibration reset target=0.00175 gain=0.200
2025-12-13 14:18:55 [tracker] [s4] calibration reset target=0.00184 gain=0.200
2025-12-13 14:18:55 [tracker] [s5] calibration reset target=0.00193 gain=0.200
2025-12-13 14:18:55 [tracker] [s6] calibration reset target=0.00198 gain=0.200
2025-12-13 14:18:55 [tracker] [s1] calibration avg=0.03666 target=0.00166 gain=0.200
2025-12-13 14:18:55 [tracker] [s2] calibration avg=0.01813 target=0.00169 gain=0.200
2025-12-13 14:18:55 [tracker] [s3] calibration avg=0.01156 target=0.00175 gain=0.200
2025-12-13 14:18:55 [tracker] [s4] calibration avg=0.03785 target=0.00184 gain=0.200
2025-12-13 14:18:55 [tracker] [s5] calibration avg=0.04120 target=0.00193 gain=0.200
2025-12-13 14:18:55 [tracker] [s6] calibration avg=0.03644 target=0.00198 gain=0.200
2025-12-13 14:18:56 [tracker] [s1] configure sr=48000.0 hop=128 fft=1024 low=37.1 high=445.0
2025-12-13 14:18:56 [tracker] [s1] params baseline=0.000180 gate=0.0550 envFloor=0.000450 sustain=0.580 retrigger=1.400 peakRelease=0.120 pitchTol=0.400 onsetScale=0.006 aubioScale=1.20 aubioThresh=0.024 onsetSilence=-85.0 pitchSilence=-90.0
2025-12-13 14:18:56 [tracker] [s2] configure sr=48000.0 hop=128 fft=1024 low=55.0 high=563.2
2025-12-13 14:18:56 [tracker] [s2] params baseline=0.000220 gate=0.0100 envFloor=0.000100 sustain=1.500 retrigger=1.250 peakRelease=0.130 pitchTol=0.400 onsetScale=0.009 aubioScale=1.35 aubioThresh=0.027 onsetSilence=-85.0 pitchSilence=-90.0
2025-12-13 14:18:56 [tracker] [s3] configure sr=48000.0 hop=128 fft=1024 low=85.2 high=693.0
2025-12-13 14:18:56 [tracker] [s3] params baseline=0.000260 gate=0.1300 envFloor=0.000650 sustain=0.820 retrigger=1.100 peakRelease=0.140 pitchTol=0.450 onsetScale=0.012 aubioScale=1.60 aubioThresh=0.032 onsetSilence=-75.0 pitchSilence=-80.0
2025-12-13 14:18:56 [tracker] [s4] configure sr=48000.0 hop=128 fft=1024 low=127.4 high=862.4
2025-12-13 14:18:56 [tracker] [s4] params baseline=0.000320 gate=0.1700 envFloor=0.000780 sustain=1.000 retrigger=1.000 peakRelease=0.160 pitchTol=0.440 onsetScale=0.014 aubioScale=1.80 aubioThresh=0.036 onsetSilence=-75.0 pitchSilence=-80.0
2025-12-13 14:18:56 [tracker] [s5] configure sr=48000.0 hop=128 fft=512 low=160.5 high=1086.5
2025-12-13 14:18:56 [tracker] [s6] configure sr=48000.0 hop=128 fft=512 low=214.3 high=1450.4
2025-12-13 14:18:56 [tracker] [s6] params baseline=0.000420 gate=0.2500 envFloor=0.001050 sustain=1.000 retrigger=1.000 peakRelease=0.200 pitchTol=0.550 onsetScale=0.018 aubioScale=1.80 aubioThresh=0.036 onsetSilence=-75.0 pitchSilence=-80.0
2025-12-13 14:18:56 [tracker] [s1] aubio-raw t=0.0067 onset=4.000000 env=0.000021 peak=0.000058 gain=1.000
2025-12-13 14:18:56 [tracker] [s1] onset-below-gate t=0.0067 env=0.000021 gate=0.000040 envDelta=-0.000018 envFloor=0.000582 onset=4.000000 thresh=0.006000 onsetDelta=3.994000 baseline=0.000720 floor=0.000180 adapt=0.000971 lastPeak=0.000000 baseParam=0.000180 gateRatio=0.0550 envParam=0.000450 onsetScale=0.300 retriggerScale=1.400 guard=0.060 guardRemain=0.000 activeAge=-1.000 retrigRemain=0.000 pitchHz=-1.00 pitchCents=0.0
2025-12-13 14:18:56 [tracker] [s1] aubio-raw t=0.1373 onset=0.827669 env=0.000026 peak=0.000070 gain=1.000
2025-12-13 14:18:56 [tracker] [s1] onset-below-env-floor t=0.1373 env=0.000026 gate=0.000012 envDelta=0.000014 envFloor=0.000450 onset=0.827669 thresh=0.006000 onsetDelta=0.821669 baseline=0.000217 floor=0.000180 adapt=0.000241 lastPeak=0.000000 baseParam=0.000180 gateRatio=0.0550 envParam=0.000450 onsetScale=0.300 retriggerScale=1.400 guard=0.060 guardRemain=0.000 activeAge=-1.000 retrigRemain=0.000 pitchHz=-1.00 pitchCents=0.0
2025-12-13 14:18:56 [tracker] [s1] aubio-raw t=0.2893 onset=0.850547 env=0.000036 peak=0.000079 gain=1.000
2025-12-13 14:18:56 [tracker] [s1] onset-below-env-floor t=0.2893 env=0.000036 gate=0.000010 envDelta=0.000026 envFloor=0.000450 onset=0.850547 thresh=0.006000 onsetDelta=0.844547 baseline=0.000180 floor=0.000180 adapt=0.000065 lastPeak=0.000000 baseParam=0.000180 gateRatio=0.0550 envParam=0.000450 onsetScale=0.300 retriggerScale=1.400 guard=0.060 guardRemain=0.000 activeAge=-1.000 retrigRemain=0.000 pitchHz=1332.85 pitchCents=4818.7
2025-12-13 14:18:56 [tracker] [s1] aubio-raw t=0.5720 onset=0.993443 env=0.000046 peak=0.000097 gain=1.000
2025-12-13 14:18:56 [tracker] [s1] onset-below-env-floor t=0.5720 env=0.000046 gate=0.000010 envDelta=0.000036 envFloor=0.000450 onset=0.993443 thresh=0.006000 onsetDelta=0.987443 baseline=0.000180 floor=0.000180 adapt=0.000037 lastPeak=0.000000 baseParam=0.000180 gateRatio=0.0550 envParam=0.000450 onsetScale=0.300 retriggerScale=1.400 guard=0.060 guardRemain=0.000 activeAge=-1.000 retrigRemain=0.000 pitchHz=307.68 pitchCents=2280.7
2025-12-13 14:18:57 [tracker] [s1] aubio-raw t=0.6627 onset=0.549352 env=0.000058 peak=0.000105 gain=1.000
2025-12-13 14:18:57 [tracker] [s1] onset-below-env-floor t=0.6627 env=0.000058 gate=0.000010 envDelta=0.000048 envFloor=0.000450 onset=0.549352 thresh=0.006000 onsetDelta=0.543352 baseline=0.000180 floor=0.000180 adapt=0.000036 lastPeak=0.000000 baseParam=0.000180 gateRatio=0.0550 envParam=0.000450 onsetScale=0.300 retriggerScale=1.400 guard=0.060 guardRemain=0.000 activeAge=-1.000 retrigRemain=0.000 pitchHz=380.94 pitchCents=2650.5
2025-12-13 14:18:57 [tracker] [s1] aubio-raw t=0.8413 onset=0.997437 env=0.000026 peak=0.000070 gain=1.000
2025-12-13 14:18:57 [tracker] [s1] onset-below-env-floor t=0.8413 env=0.000026 gate=0.000010 envDelta=0.000016 envFloor=0.000450 onset=0.997437 thresh=0.006000 onsetDelta=0.991437 baseline=0.000180 floor=0.000180 adapt=0.000033 lastPeak=0.000000 baseParam=0.000180 gateRatio=0.0550 envParam=0.000450 onsetScale=0.300 retriggerScale=1.400 guard=0.060 guardRemain=0.000 activeAge=-1.000 retrigRemain=0.000 pitchHz=-1.00 pitchCents=0.0
2025-12-13 14:18:57 [tracker] [s1] aubio-raw t=0.9720 onset=0.996876 env=0.000050 peak=0.000106 gain=1.000
2025-12-13 14:18:57 [tracker] [s1] onset-below-env-floor t=0.9720 env=0.000050 gate=0.000010 envDelta=0.000040 envFloor=0.000450 onset=0.996876 thresh=0.006000 onsetDelta=0.990876 baseline=0.000180 floor=0.000180 adapt=0.000035 lastPeak=0.000000 baseParam=0.000180 gateRatio=0.0550 envParam=0.000450 onsetScale=0.300 retriggerScale=1.400 guard=0.060 guardRemain=0.000 activeAge=-1.000 retrigRemain=0.000 pitchHz=-1.00 pitchCents=0.0
2025-12-13 14:18:57 [tracker] [s1] aubio-raw t=1.0867 onset=1.175522 env=0.000039 peak=0.000067 gain=1.000
2025-12-13 14:18:57 [tracker] [s1] onset-below-env-floor t=1.0867 env=0.000039 gate=0.000010 envDelta=0.000030 envFloor=0.000450 onset=1.175522 thresh=0.006000 onsetDelta=1.169522 baseline=0.000180 floor=0.000180 adapt=0.000033 lastPeak=0.000000 baseParam=0.000180 gateRatio=0.0550 envParam=0.000450 onsetScale=0.300 retriggerScale=1.400 guard=0.060 guardRemain=0.000 activeAge=-1.000 retrigRemain=0.000 pitchHz=-1.00 pitchCents=0.0
2025-12-13 14:18:57 [tracker] [s1] aubio-raw t=1.3987 onset=0.890710 env=0.000030 peak=0.000072 gain=1.000
2025-12-13 14:18:57 [tracker] [s1] onset-below-env-floor t=1.3987 env=0.000030 gate=0.000010 envDelta=0.000020 envFloor=0.000450 onset=0.890710 thresh=0.006000 onsetDelta=0.884710 baseline=0.000180 floor=0.000180 adapt=0.000032 lastPeak=0.000000 baseParam=0.000180 gateRatio=0.0550 envParam=0.000450 onsetScale=0.300 retriggerScale=1.400 guard=0.060 guardRemain=0.000 activeAge=-1.000 retrigRemain=0.000 pitchHz=-1.00 pitchCents=0.0
2025-12-13 14:18:58 [tracker] [s1] aubio-raw t=1.7853 onset=1.047473 env=0.000023 peak=0.000069 gain=1.000
2025-12-13 14:18:58 [tracker] [s1] onset-below-env-floor t=1.7853 env=0.000023 gate=0.000010 envDelta=0.000013 envFloor=0.000450 onset=1.047473 thresh=0.006000 onsetDelta=1.041473 baseline=0.000180 floor=0.000180 adapt=0.000033 lastPeak=0.000000 baseParam=0.000180 gateRatio=0.0550 envParam=0.000450 onsetScale=0.300 retriggerScale=1.400 guard=0.060 guardRemain=0.000 activeAge=-1.000 retrigRemain=0.000 pitchHz=-1.00 pitchCents=0.0
2025-12-13 14:18:58 [tracker] [s1] aubio-raw t=1.8387 onset=1.407773 env=0.000044 peak=0.000082 gain=1.000
2025-12-13 14:18:58 [tracker] [s1] onset-below-env-floor t=1.8387 env=0.000044 gate=0.000010 envDelta=0.000034 envFloor=0.000450 onset=1.407773 thresh=0.006000 onsetDelta=1.401773 baseline=0.000180 floor=0.000180 adapt=0.000035 lastPeak=0.000000 baseParam=0.000180 gateRatio=0.0550 envParam=0.000450 onsetScale=0.300 retriggerScale=1.400 guard=0.060 guardRemain=0.000 activeAge=-1.000 retrigRemain=0.000 pitchHz=1598.76 pitchCents=5133.7
2025-12-13 14:18:58 [tracker] [s1] aubio-raw t=2.5667 onset=0.804325 env=0.000017 peak=0.000039 gain=1.000
2025-12-13 14:18:58 [tracker] [s1] onset-below-env-floor t=2.5667 env=0.000017 gate=0.000010 envDelta=0.000007 envFloor=0.000450 onset=0.804325 thresh=0.006000 onsetDelta=0.798325 baseline=0.000180 floor=0.000180 adapt=0.000035 lastPeak=0.000000 baseParam=0.000180 gateRatio=0.0550 envParam=0.000450 onsetScale=0.300 retriggerScale=1.400 guard=0.060 guardRemain=0.000 activeAge=-1.000 retrigRemain=0.000 pitchHz=-1.00 pitchCents=0.0
2025-12-13 14:18:59 [tracker] [s1] aubio-raw t=2.6760 onset=1.138663 env=0.000016 peak=0.000043 gain=1.000
2025-12-13 14:18:59 [tracker] [s1] onset-below-env-floor t=2.6760 env=0.000016 gate=0.000010 envDelta=0.000006 envFloor=0.000450 onset=1.138663 thresh=0.006000 onsetDelta=1.132663 baseline=0.000180 floor=0.000180 adapt=0.000034 lastPeak=0.000000 baseParam=0.000180 gateRatio=0.0550 envParam=0.000450 onsetScale=0.300 retriggerScale=1.400 guard=0.060 guardRemain=0.000 activeAge=-1.000 retrigRemain=0.000 pitchHz=-1.00 pitchCents=0.0
2025-12-13 14:18:59 [tracker] [s1] aubio-raw t=3.1907 onset=0.951935 env=0.000023 peak=0.000064 gain=1.000
2025-12-13 14:18:59 [tracker] [s1] onset-below-env-floor t=3.1907 env=0.000023 gate=0.000010 envDelta=0.000013 envFloor=0.000450 onset=0.951935 thresh=0.006000 onsetDelta=0.945935 baseline=0.000180 floor=0.000180 adapt=0.000035 lastPeak=0.000000 baseParam=0.000180 gateRatio=0.0550 envParam=0.000450 onsetScale=0.300 retriggerScale=1.400 guard=0.060 guardRemain=0.000 activeAge=-1.000 retrigRemain=0.000 pitchHz=-1.00 pitchCents=0.0
2025-12-13 14:18:59 [tracker] [s1] aubio-raw t=3.3560 onset=0.865156 env=0.000037 peak=0.000107 gain=1.000
2025-12-13 14:18:59 [tracker] [s1] onset-below-env-floor t=3.3560 env=0.000037 gate=0.000010 envDelta=0.000027 envFloor=0.000450 onset=0.865156 thresh=0.006000 onsetDelta=0.859156 baseline=0.000180 floor=0.000180 adapt=0.000032 lastPeak=0.000000 baseParam=0.000180 gateRatio=0.0550 envParam=0.000450 onsetScale=0.300 retriggerScale=1.400 guard=0.060 guardRemain=0.000 activeAge=-1.000 retrigRemain=0.000 pitchHz=363.59 pitchCents=2569.8
2025-12-13 14:19:00 [tracker] [s1] aubio-raw t=3.7000 onset=0.564895 env=0.000022 peak=0.000051 gain=1.000
2025-12-13 14:19:00 [tracker] [s1] onset-below-env-floor t=3.7000 env=0.000022 gate=0.000010 envDelta=0.000012 envFloor=0.000450 onset=0.564895 thresh=0.006000 onsetDelta=0.558895 baseline=0.000180 floor=0.000180 adapt=0.000034 lastPeak=0.000000 baseParam=0.000180 gateRatio=0.0550 envParam=0.000450 onsetScale=0.300 retriggerScale=1.400 guard=0.060 guardRemain=0.000 activeAge=-1.000 retrigRemain=0.000 pitchHz=-1.00 pitchCents=0.0
2025-12-13 14:19:00 [tracker] [s1] aubio-raw t=3.8520 onset=0.926506 env=0.000042 peak=0.000090 gain=1.000
2025-12-13 14:19:00 [tracker] [s1] onset-below-env-floor t=3.8520 env=0.000042 gate=0.000010 envDelta=0.000033 envFloor=0.000450 onset=0.926506 thresh=0.006000 onsetDelta=0.920506 baseline=0.000180 floor=0.000180 adapt=0.000033 lastPeak=0.000000 baseParam=0.000180 gateRatio=0.0550 envParam=0.000450 onsetScale=0.300 retriggerScale=1.400 guard=0.060 guardRemain=0.000 activeAge=-1.000 retrigRemain=0.000 pitchHz=-1.00 pitchCents=0.0
2025-12-13 14:19:00 [tracker] [s1] aubio-raw t=4.2547 onset=0.995409 env=0.000026 peak=0.000067 gain=1.000
2025-12-13 14:19:00 [tracker] [s1] onset-below-env-floor t=4.2547 env=0.000026 gate=0.000010 envDelta=0.000016 envFloor=0.000450 onset=0.995409 thresh=0.006000 onsetDelta=0.989409 baseline=0.000180 floor=0.000180 adapt=0.000032 lastPeak=0.000000 baseParam=0.000180 gateRatio=0.0550 envParam=0.000450 onsetScale=0.300 retriggerScale=1.400 guard=0.060 guardRemain=0.000 activeAge=-1.000 retrigRemain=0.000 pitchHz=-1.00 pitchCents=0.0
2025-12-13 14:19:01 [tracker] [s1] aubio-raw t=4.7053 onset=0.692753 env=0.000030 peak=0.000073 gain=1.000
2025-12-13 14:19:01 [tracker] [s1] onset-below-env-floor t=4.7053 env=0.000030 gate=0.000010 envDelta=0.000020 envFloor=0.000450 onset=0.692753 thresh=0.006000 onsetDelta=0.686753 baseline=0.000180 floor=0.000180 adapt=0.000033 lastPeak=0.000000 baseParam=0.000180 gateRatio=0.0550 envParam=0.000450 onsetScale=0.300 retriggerScale=1.400 guard=0.060 guardRemain=0.000 activeAge=-1.000 retrigRemain=0.000 pitchHz=-1.00 pitchCents=0.0
2025-12-13 14:19:01 [tracker] [s1] aubio-raw t=4.9773 onset=0.992947 env=0.000030 peak=0.000069 gain=1.000
2025-12-13 14:19:01 [tracker] [s1] onset-below-env-floor t=4.9773 env=0.000030 gate=0.000010 envDelta=0.000020 envFloor=0.000450 onset=0.992947 thresh=0.006000 onsetDelta=0.986947 baseline=0.000180 floor=0.000180 adapt=0.000035 lastPeak=0.000000 baseParam=0.000180 gateRatio=0.0550 envParam=0.000450 onsetScale=0.300 retriggerScale=1.400 guard=0.060 guardRemain=0.000 activeAge=-1.000 retrigRemain=0.000 pitchHz=-1.00 pitchCents=0.0
2025-12-13 14:19:01 [tracker] [s1] aubio-raw t=5.2786 onset=0.995291 env=0.000035 peak=0.000072 gain=1.000
2025-12-13 14:19:01 [tracker] [s1] onset-below-env-floor t=5.2786 env=0.000035 gate=0.000010 envDelta=0.000025 envFloor=0.000450 onset=0.995291 thresh=0.006000 onsetDelta=0.989291 baseline=0.000180 floor=0.000180 adapt=0.000034 lastPeak=0.000000 baseParam=0.000180 gateRatio=0.0550 envParam=0.000450 onsetScale=0.300 retriggerScale=1.400 guard=0.060 guardRemain=0.000 activeAge=-1.000 retrigRemain=0.000 pitchHz=499.97 pitchCents=3121.2
2025-12-13 14:19:02 [tracker] [s1] aubio-raw t=5.6973 onset=1.384673 env=0.000023 peak=0.000059 gain=1.000
2025-12-13 14:19:02 [tracker] [s1] onset-below-env-floor t=5.6973 env=0.000023 gate=0.000010 envDelta=0.000013 envFloor=0.000450 onset=1.384673 thresh=0.006000 onsetDelta=1.378673 baseline=0.000180 floor=0.000180 adapt=0.000033 lastPeak=0.000000 baseParam=0.000180 gateRatio=0.0550 envParam=0.000450 onsetScale=0.300 retriggerScale=1.400 guard=0.060 guardRemain=0.000 activeAge=-1.000 retrigRemain=0.000 pitchHz=-1.00 pitchCents=0.0
2025-12-13 14:19:02 [tracker] [s1] aubio-raw t=5.8866 onset=1.104173 env=0.000039 peak=0.000100 gain=1.000
2025-12-13 14:19:02 [tracker] [s1] onset-below-env-floor t=5.8866 env=0.000039 gate=0.000010 envDelta=0.000029 envFloor=0.000450 onset=1.104173 thresh=0.006000 onsetDelta=1.098173 baseline=0.000180 floor=0.000180 adapt=0.000034 lastPeak=0.000000 baseParam=0.000180 gateRatio=0.0550 envParam=0.000450 onsetScale=0.300 retriggerScale=1.400 guard=0.060 guardRemain=0.000 activeAge=-1.000 retrigRemain=0.000 pitchHz=-1.00 pitchCents=0.0
2025-12-13 14:19:02 [tracker] [s1] aubio-raw t=6.0146 onset=0.919450 env=0.000016 peak=0.000048 gain=1.000
2025-12-13 14:19:02 [tracker] [s1] onset-below-env-floor t=6.0146 env=0.000016 gate=0.000010 envDelta=0.000006 envFloor=0.000450 onset=0.919450 thresh=0.006000 onsetDelta=0.913450 baseline=0.000180 floor=0.000180 adapt=0.000033 lastPeak=0.000000 baseParam=0.000180 gateRatio=0.0550 envParam=0.000450 onsetScale=0.300 retriggerScale=1.400 guard=0.060 guardRemain=0.000 activeAge=-1.000 retrigRemain=0.000 pitchHz=-1.00 pitchCents=0.0
2025-12-13 14:19:02 [tracker] [s1] aubio-raw t=6.5532 onset=1.066748 env=0.000030 peak=0.000070 gain=1.000
2025-12-13 14:19:02 [tracker] [s1] onset-below-env-floor t=6.5532 env=0.000030 gate=0.000010 envDelta=0.000020 envFloor=0.000450 onset=1.066748 thresh=0.006000 onsetDelta=1.060748 baseline=0.000180 floor=0.000180 adapt=0.000033 lastPeak=0.000000 baseParam=0.000180 gateRatio=0.0550 envParam=0.000450 onsetScale=0.300 retriggerScale=1.400 guard=0.060 guardRemain=0.000 activeAge=-1.000 retrigRemain=0.000 pitchHz=-1.00 pitchCents=0.0
2025-12-13 14:19:03 [tracker] [s1] aubio-raw t=6.6065 onset=0.941459 env=0.000027 peak=0.000069 gain=1.000
2025-12-13 14:19:03 [tracker] [s1] onset-below-env-floor t=6.6065 env=0.000027 gate=0.000010 envDelta=0.000017 envFloor=0.000450 onset=0.941459 thresh=0.006000 onsetDelta=0.935459 baseline=0.000180 floor=0.000180 adapt=0.000033 lastPeak=0.000000 baseParam=0.000180 gateRatio=0.0550 envParam=0.000450 onsetScale=0.300 retriggerScale=1.400 guard=0.060 guardRemain=0.000 activeAge=-1.000 retrigRemain=0.000 pitchHz=-1.00 pitchCents=0.0
2025-12-13 14:19:03 [tracker] [s1] aubio-raw t=6.6759 onset=0.840494 env=0.000029 peak=0.000061 gain=1.000
2025-12-13 14:19:03 [tracker] [s1] onset-below-env-floor t=6.6759 env=0.000029 gate=0.000010 envDelta=0.000019 envFloor=0.000450 onset=0.840494 thresh=0.006000 onsetDelta=0.834494 baseline=0.000180 floor=0.000180 adapt=0.000034 lastPeak=0.000000 baseParam=0.000180 gateRatio=0.0550 envParam=0.000450 onsetScale=0.300 retriggerScale=1.400 guard=0.060 guardRemain=0.000 activeAge=-1.000 retrigRemain=0.000 pitchHz=-1.00 pitchCents=0.0
2025-12-13 14:19:03 [tracker] [s1] aubio-raw t=6.7452 onset=1.339547 env=0.000031 peak=0.000072 gain=1.000
2025-12-13 14:19:03 [tracker] [s1] onset-below-env-floor t=6.7452 env=0.000031 gate=0.000010 envDelta=0.000021 envFloor=0.000450 onset=1.339547 thresh=0.006000 onsetDelta=1.333547 baseline=0.000180 floor=0.000180 adapt=0.000032 lastPeak=0.000000 baseParam=0.000180 gateRatio=0.0550 envParam=0.000450 onsetScale=0.300 retriggerScale=1.400 guard=0.060 guardRemain=0.000 activeAge=-1.000 retrigRemain=0.000 pitchHz=-1.00 pitchCents=0.0
2025-12-13 14:19:03 [tracker] [s1] aubio-raw t=7.2011 onset=1.182218 env=0.000036 peak=0.000080 gain=1.000
2025-12-13 14:19:03 [tracker] [s1] onset-below-env-floor t=7.2011 env=0.000036 gate=0.000010 envDelta=0.000026 envFloor=0.000450 onset=1.182218 thresh=0.006000 onsetDelta=1.176218 baseline=0.000180 floor=0.000180 adapt=0.000035 lastPeak=0.000000 baseParam=0.000180 gateRatio=0.0550 envParam=0.000450 onsetScale=0.300 retriggerScale=1.400 guard=0.060 guardRemain=0.000 activeAge=-1.000 retrigRemain=0.000 pitchHz=-1.00 pitchCents=0.0
2025-12-13 14:19:03 [tracker] [s1] aubio-raw t=7.4811 onset=0.997291 env=0.000019 peak=0.000047 gain=1.000
2025-12-13 14:19:03 [tracker] [s1] onset-below-env-floor t=7.4811 env=0.000019 gate=0.000010 envDelta=0.000009 envFloor=0.000450 onset=0.997291 thresh=0.006000 onsetDelta=0.991291 baseline=0.000180 floor=0.000180 adapt=0.000032 lastPeak=0.000000 baseParam=0.000180 gateRatio=0.0550 envParam=0.000450 onsetScale=0.300 retriggerScale=1.400 guard=0.060 guardRemain=0.000 activeAge=-1.000 retrigRemain=0.000 pitchHz=-1.00 pitchCents=0.0
2025-12-13 14:19:04 [tracker] [s1] aubio-raw t=7.6171 onset=1.092227 env=0.000042 peak=0.000098 gain=1.000
2025-12-13 14:19:04 [tracker] [s1] onset-below-env-floor t=7.6171 env=0.000042 gate=0.000010 envDelta=0.000032 envFloor=0.000450 onset=1.092227 thresh=0.006000 onsetDelta=1.086227 baseline=0.000180 floor=0.000180 adapt=0.000034 lastPeak=0.000000 baseParam=0.000180 gateRatio=0.0550 envParam=0.000450 onsetScale=0.300 retriggerScale=1.400 guard=0.060 guardRemain=0.000 activeAge=-1.000 retrigRemain=0.000 pitchHz=-1.00 pitchCents=0.0
2025-12-13 14:19:04 [tracker] [s1] aubio-raw t=7.7184 onset=1.340471 env=0.000034 peak=0.000075 gain=1.000
2025-12-13 14:19:04 [tracker] [s1] onset-below-env-floor t=7.7184 env=0.000034 gate=0.000010 envDelta=0.000025 envFloor=0.000450 onset=1.340471 thresh=0.006000 onsetDelta=1.334471 baseline=0.000180 floor=0.000180 adapt=0.000033 lastPeak=0.000000 baseParam=0.000180 gateRatio=0.0550 envParam=0.000450 onsetScale=0.300 retriggerScale=1.400 guard=0.060 guardRemain=0.000 activeAge=-1.000 retrigRemain=0.000 pitchHz=-1.00 pitchCents=0.0
2025-12-13 14:19:04 [tracker] [s1] aubio-raw t=7.8704 onset=0.621705 env=0.000021 peak=0.000052 gain=1.000
2025-12-13 14:19:04 [tracker] [s1] onset-below-env-floor t=7.8704 env=0.000021 gate=0.000010 envDelta=0.000011 envFloor=0.000450 onset=0.621705 thresh=0.006000 onsetDelta=0.615705 baseline=0.000180 floor=0.000180 adapt=0.000034 lastPeak=0.000000 baseParam=0.000180 gateRatio=0.0550 envParam=0.000450 onsetScale=0.300 retriggerScale=1.400 guard=0.060 guardRemain=0.000 activeAge=-1.000 retrigRemain=0.000 pitchHz=-1.00 pitchCents=0.0
2025-12-13 14:19:04 [tracker] [s1] aubio-raw t=8.0491 onset=1.028952 env=0.000026 peak=0.000060 gain=1.000
2025-12-13 14:19:04 [tracker] [s1] onset-below-env-floor t=8.0491 env=0.000026 gate=0.000010 envDelta=0.000016 envFloor=0.000450 onset=1.028952 thresh=0.006000 onsetDelta=1.022951 baseline=0.000180 floor=0.000180 adapt=0.000035 lastPeak=0.000000 baseParam=0.000180 gateRatio=0.0550 envParam=0.000450 onsetScale=0.300 retriggerScale=1.400 guard=0.060 guardRemain=0.000 activeAge=-1.000 retrigRemain=0.000 pitchHz=-1.00 pitchCents=0.0
2025-12-13 14:19:04 [tracker] [s1] aubio-raw t=8.1024 onset=1.001888 env=0.000031 peak=0.000070 gain=1.000
2025-12-13 14:19:04 [tracker] [s1] onset-below-env-floor t=8.1024 env=0.000031 gate=0.000010 envDelta=0.000021 envFloor=0.000450 onset=1.001888 thresh=0.006000 onsetDelta=0.995888 baseline=0.000180 floor=0.000180 adapt=0.000035 lastPeak=0.000000 baseParam=0.000180 gateRatio=0.0550 envParam=0.000450 onsetScale=0.300 retriggerScale=1.400 guard=0.060 guardRemain=0.000 activeAge=-1.000 retrigRemain=0.000 pitchHz=-1.00 pitchCents=0.0
