# SignalAssistant session log
# Started at 2025-12-07 22:55:09
2025-12-07 22:55:09 [session] mode=live session='' path='' duration=0.00 files=0
2025-12-07 22:55:09 [tracker-settings] TrackerConfig onsetThreshold=0.02000 minNoteDurSec=0.045 hopSec=0.010 slideDelta=120.0 bendDelta=35.0
2025-12-07 22:55:09 [tracker-settings] string1 midi=40 lowCut=37.08Hz highCut=445.00Hz baseline=0.000180 gateRatio=0.05500 envFloor=0.000450 sustainScale=0.580 retriggerScale=1.400 peakRelease=0.120 pitchTol=0.400 onsetScale=0.300
2025-12-07 22:55:09 [tracker-settings] string2 midi=45 lowCut=55.00Hz highCut=563.20Hz baseline=0.000220 gateRatio=0.10000 envFloor=0.000550 sustainScale=0.700 retriggerScale=1.250 peakRelease=0.130 pitchTol=0.400 onsetScale=0.450
2025-12-07 22:55:09 [tracker-settings] string3 midi=50 lowCut=85.16Hz highCut=693.05Hz baseline=0.000260 gateRatio=0.13000 envFloor=0.000650 sustainScale=0.820 retriggerScale=1.100 peakRelease=0.140 pitchTol=0.450 onsetScale=0.580
2025-12-07 22:55:09 [tracker-settings] string4 midi=55 lowCut=127.40Hz highCut=862.39Hz baseline=0.000320 gateRatio=0.17000 envFloor=0.000780 sustainScale=1.000 retriggerScale=1.000 peakRelease=0.160 pitchTol=0.440 onsetScale=0.700
2025-12-07 22:55:09 [tracker-settings] string5 midi=59 lowCut=160.51Hz highCut=1086.54Hz baseline=0.000370 gateRatio=0.21000 envFloor=0.000900 sustainScale=1.000 retriggerScale=1.000 peakRelease=0.180 pitchTol=0.500 onsetScale=0.800
2025-12-07 22:55:09 [tracker-settings] string6 midi=64 lowCut=214.26Hz highCut=1450.36Hz baseline=0.000420 gateRatio=0.25000 envFloor=0.001050 sustainScale=1.000 retriggerScale=1.000 peakRelease=0.200 pitchTol=0.550 onsetScale=0.900
2025-12-07 22:55:09 [tracker] [s1] calibration reset
2025-12-07 22:55:09 [tracker] [s2] calibration reset
2025-12-07 22:55:09 [tracker] [s3] calibration reset
2025-12-07 22:55:09 [tracker] [s4] calibration reset
2025-12-07 22:55:09 [tracker] [s5] calibration reset
2025-12-07 22:55:09 [tracker] [s6] calibration reset
2025-12-07 22:55:09 [tracker] [s1] calibration avg=0.02438 peak=0.12303
2025-12-07 22:55:09 [tracker] [s2] calibration avg=0.00170 peak=0.00719
2025-12-07 22:55:09 [tracker] [s3] calibration avg=0.01229 peak=0.05820
2025-12-07 22:55:09 [tracker] [s4] calibration avg=0.04010 peak=0.10998
2025-12-07 22:55:09 [tracker] [s6] calibration avg=0.04155 peak=0.13520
2025-12-07 22:55:09 [tracker] [s1] configure sr=48000.0 hop=128 fft=1024 low=37.1 high=445.0
2025-12-07 22:55:09 [tracker] [s1] params baseline=0.000180 gate=0.0550 envFloor=0.000450 sustain=0.580 retrigger=1.400 peakRelease=0.120 pitchTol=0.400 onsetScale=0.006 aubioScale=1.20 aubioThresh=0.024 onsetSilence=-85.0 pitchSilence=-90.0
2025-12-07 22:55:09 [tracker] [s2] configure sr=48000.0 hop=128 fft=1024 low=55.0 high=563.2
2025-12-07 22:55:09 [tracker] [s2] params baseline=0.000220 gate=0.1000 envFloor=0.000550 sustain=0.700 retrigger=1.250 peakRelease=0.130 pitchTol=0.400 onsetScale=0.009 aubioScale=1.35 aubioThresh=0.027 onsetSilence=-85.0 pitchSilence=-90.0
2025-12-07 22:55:09 [tracker] [s3] configure sr=48000.0 hop=128 fft=1024 low=85.2 high=693.0
2025-12-07 22:55:09 [tracker] [s3] params baseline=0.000260 gate=0.1300 envFloor=0.000650 sustain=0.820 retrigger=1.100 peakRelease=0.140 pitchTol=0.450 onsetScale=0.012 aubioScale=1.60 aubioThresh=0.032 onsetSilence=-75.0 pitchSilence=-80.0
2025-12-07 22:55:09 [tracker] [s4] configure sr=48000.0 hop=128 fft=1024 low=127.4 high=862.4
2025-12-07 22:55:09 [tracker] [s4] params baseline=0.000320 gate=0.1700 envFloor=0.000780 sustain=1.000 retrigger=1.000 peakRelease=0.160 pitchTol=0.440 onsetScale=0.014 aubioScale=1.80 aubioThresh=0.036 onsetSilence=-75.0 pitchSilence=-80.0
2025-12-07 22:55:09 [tracker] [s5] configure sr=48000.0 hop=128 fft=512 low=160.5 high=1086.5
2025-12-07 22:55:09 [tracker] [s5] params baseline=0.000370 gate=0.2100 envFloor=0.000900 sustain=1.000 retrigger=1.000 peakRelease=0.180 pitchTol=0.500 onsetScale=0.016 aubioScale=1.80 aubioThresh=0.036 onsetSilence=-75.0 pitchSilence=-80.0
2025-12-07 22:55:09 [tracker] [s6] configure sr=48000.0 hop=128 fft=512 low=214.3 high=1450.4
2025-12-07 22:55:09 [tracker] [s6] params baseline=0.000420 gate=0.2500 envFloor=0.001050 sustain=1.000 retrigger=1.000 peakRelease=0.200 pitchTol=0.550 onsetScale=0.018 aubioScale=1.80 aubioThresh=0.036 onsetSilence=-75.0 pitchSilence=-80.0
2025-12-07 22:55:09 [tracker] [s1] onset-below-gate t=0.0040 env=0.000118 onset=4.000000 thresh=0.006000 baseline=0.022429 gate=0.001234 envFloor=0.019065 floor=0.022429 adapt=0.022429 lastPeak=0.000000 calib=0.022429 baseParam=0.000180 gateRatio=0.0550 envParam=0.000450
2025-12-07 22:55:10 [tracker] [s1] onset-below-gate t=0.5933 env=0.000101 onset=0.841591 thresh=0.006000 baseline=0.022429 gate=0.001234 envFloor=0.019065 floor=0.022429 adapt=0.022429 lastPeak=0.000000 calib=0.022429 baseParam=0.000180 gateRatio=0.0550 envParam=0.000450
2025-12-07 22:55:11 [tracker] [s1] onset-below-gate t=1.4893 env=0.000087 onset=1.142273 thresh=0.006000 baseline=0.022429 gate=0.001234 envFloor=0.019065 floor=0.022429 adapt=0.022429 lastPeak=0.000000 calib=0.022429 baseParam=0.000180 gateRatio=0.0550 envParam=0.000450
2025-12-07 22:55:11 [tracker] [s1] onset-below-gate t=1.6573 env=0.000165 onset=0.993907 thresh=0.006000 baseline=0.022429 gate=0.001234 envFloor=0.019065 floor=0.022429 adapt=0.022429 lastPeak=0.000000 calib=0.022429 baseParam=0.000180 gateRatio=0.0550 envParam=0.000450
2025-12-07 22:55:11 [tracker] [s1] onset-below-gate t=2.0120 env=0.000148 onset=1.165697 thresh=0.006000 baseline=0.022429 gate=0.001234 envFloor=0.019065 floor=0.022429 adapt=0.022429 lastPeak=0.000000 calib=0.022429 baseParam=0.000180 gateRatio=0.0550 envParam=0.000450
2025-12-07 22:55:12 [tracker] [s1] onset-below-gate t=2.2440 env=0.000125 onset=0.972444 thresh=0.006000 baseline=0.022429 gate=0.001234 envFloor=0.019065 floor=0.022429 adapt=0.022429 lastPeak=0.000000 calib=0.022429 baseParam=0.000180 gateRatio=0.0550 envParam=0.000450
2025-12-07 22:55:12 [tracker] [s1] onset-below-gate t=2.4600 env=0.000155 onset=0.996570 thresh=0.006000 baseline=0.022429 gate=0.001234 envFloor=0.019065 floor=0.022429 adapt=0.022429 lastPeak=0.000000 calib=0.022429 baseParam=0.000180 gateRatio=0.0550 envParam=0.000450
2025-12-07 22:55:12 [tracker] [s1] onset-below-gate t=2.5747 env=0.000166 onset=1.071345 thresh=0.006000 baseline=0.022429 gate=0.001234 envFloor=0.019065 floor=0.022429 adapt=0.022429 lastPeak=0.000000 calib=0.022429 baseParam=0.000180 gateRatio=0.0550 envParam=0.000450
2025-12-07 22:55:12 [tracker] [s1] onset-below-gate t=2.6547 env=0.000131 onset=1.072916 thresh=0.006000 baseline=0.022429 gate=0.001234 envFloor=0.019065 floor=0.022429 adapt=0.022429 lastPeak=0.000000 calib=0.022429 baseParam=0.000180 gateRatio=0.0550 envParam=0.000450
2025-12-07 22:55:12 [tracker] [s1] onset-below-gate t=2.7374 env=0.000087 onset=1.492629 thresh=0.006000 baseline=0.022429 gate=0.001234 envFloor=0.019065 floor=0.022429 adapt=0.022429 lastPeak=0.000000 calib=0.022429 baseParam=0.000180 gateRatio=0.0550 envParam=0.000450
2025-12-07 22:55:12 [live-record] start
2025-12-07 22:55:12 [tracker] [s1] configure sr=48000.0 hop=128 fft=1024 low=37.1 high=445.0
2025-12-07 22:55:12 [tracker] [s1] params baseline=0.000180 gate=0.0550 envFloor=0.000450 sustain=0.580 retrigger=1.400 peakRelease=0.120 pitchTol=0.400 onsetScale=0.006 aubioScale=1.20 aubioThresh=0.024 onsetSilence=-85.0 pitchSilence=-90.0
2025-12-07 22:55:12 [tracker] [s1] onset-below-gate t=0.0013 env=0.000146 onset=4.000000 thresh=0.006000 baseline=0.022429 gate=0.001234 envFloor=0.019065 floor=0.022429 adapt=0.022429 lastPeak=0.000000 calib=0.022429 baseParam=0.000180 gateRatio=0.0550 envParam=0.000450
2025-12-07 22:55:12 [tracker] [s2] configure sr=48000.0 hop=128 fft=1024 low=55.0 high=563.2
2025-12-07 22:55:12 [tracker] [s2] params baseline=0.000220 gate=0.1000 envFloor=0.000550 sustain=0.700 retrigger=1.250 peakRelease=0.130 pitchTol=0.400 onsetScale=0.009 aubioScale=1.35 aubioThresh=0.027 onsetSilence=-85.0 pitchSilence=-90.0
2025-12-07 22:55:12 [tracker] [s3] configure sr=48000.0 hop=128 fft=1024 low=85.2 high=693.0
2025-12-07 22:55:12 [tracker] [s3] params baseline=0.000260 gate=0.1300 envFloor=0.000650 sustain=0.820 retrigger=1.100 peakRelease=0.140 pitchTol=0.450 onsetScale=0.012 aubioScale=1.60 aubioThresh=0.032 onsetSilence=-75.0 pitchSilence=-80.0
2025-12-07 22:55:12 [tracker] [s4] configure sr=48000.0 hop=128 fft=1024 low=127.4 high=862.4
2025-12-07 22:55:12 [tracker] [s4] params baseline=0.000320 gate=0.1700 envFloor=0.000780 sustain=1.000 retrigger=1.000 peakRelease=0.160 pitchTol=0.440 onsetScale=0.014 aubioScale=1.80 aubioThresh=0.036 onsetSilence=-75.0 pitchSilence=-80.0
2025-12-07 22:55:12 [tracker] [s5] configure sr=48000.0 hop=128 fft=512 low=160.5 high=1086.5
2025-12-07 22:55:12 [tracker] [s5] params baseline=0.000370 gate=0.2100 envFloor=0.000900 sustain=1.000 retrigger=1.000 peakRelease=0.180 pitchTol=0.500 onsetScale=0.016 aubioScale=1.80 aubioThresh=0.036 onsetSilence=-75.0 pitchSilence=-80.0
2025-12-07 22:55:12 [tracker] [s6] configure sr=48000.0 hop=128 fft=512 low=214.3 high=1450.4
2025-12-07 22:55:12 [tracker] [s6] params baseline=0.000420 gate=0.2500 envFloor=0.001050 sustain=1.000 retrigger=1.000 peakRelease=0.200 pitchTol=0.550 onsetScale=0.018 aubioScale=1.80 aubioThresh=0.036 onsetSilence=-75.0 pitchSilence=-80.0
2025-12-07 22:55:12 [tracker] [s1] onset-below-gate t=0.2120 env=0.000151 onset=1.176190 thresh=0.006000 baseline=0.022429 gate=0.001234 envFloor=0.019065 floor=0.022429 adapt=0.022429 lastPeak=0.000000 calib=0.022429 baseParam=0.000180 gateRatio=0.0550 envParam=0.000450
2025-12-07 22:55:13 [tracker] [s1] onset-below-gate t=0.7827 env=0.000141 onset=1.215356 thresh=0.006000 baseline=0.022429 gate=0.001234 envFloor=0.019065 floor=0.022429 adapt=0.022429 lastPeak=0.000000 calib=0.022429 baseParam=0.000180 gateRatio=0.0550 envParam=0.000450
2025-12-07 22:55:13 [tracker] [s1] onset-below-gate t=1.0040 env=0.000386 onset=0.776303 thresh=0.006000 baseline=0.022429 gate=0.001234 envFloor=0.019065 floor=0.022429 adapt=0.022429 lastPeak=0.000000 calib=0.022429 baseParam=0.000180 gateRatio=0.0550 envParam=0.000450
2025-12-07 22:55:13 [tracker] [s1] onset-below-gate t=1.1960 env=0.000176 onset=1.204378 thresh=0.006000 baseline=0.022429 gate=0.001234 envFloor=0.019065 floor=0.022429 adapt=0.022429 lastPeak=0.000000 calib=0.022429 baseParam=0.000180 gateRatio=0.0550 envParam=0.000450
2025-12-07 22:55:14 [tracker] [s1] onset-accepted t=1.3160 env=0.101911 onset=1.346266 thresh=0.006000 baseline=0.022429 gate=0.001234 envFloor=0.019065 floor=0.022429 adapt=0.022429 lastPeak=0.000000 calib=0.022429 baseParam=0.000180 gateRatio=0.0550 envParam=0.000450
2025-12-07 22:55:14 [tracker] [s1] onset t=1.316 env=0.10191 baseline=0.02243 gate=0.00123 envFloor=0.01907 onset=1.346>=0.006
2025-12-07 22:55:14 [tracker] [s2] onset t=1.319 env=0.01413 baseline=0.00179 gate=0.00018 envFloor=0.00136 onset=0.623>=0.009
2025-12-07 22:55:14 [tracker] [s3] onset t=1.329 env=0.01651 baseline=0.01192 gate=0.00155 envFloor=0.01013 onset=1.331>=0.012
2025-12-07 22:55:14 [tracker] [s2] onset t=1.372 env=0.06424 baseline=0.03098 gate=0.00310 envFloor=0.02169 onset=1.005>=0.009
2025-12-07 22:55:14 [tracker] [s2] note-start t=1.372 fret=7 midi=52 vel=0.77 env=0.06424
2025-12-07 22:55:14 [tracker] [s1] onset-below-env-floor t=1.4040 env=0.009812 onset=1.143551 thresh=0.006000 baseline=0.023445 gate=0.001289 envFloor=0.019065 floor=0.022429 adapt=0.023445 lastPeak=0.000000 calib=0.022429 baseParam=0.000180 gateRatio=0.0550 envParam=0.000450
2025-12-07 22:55:14 [tracker] [s2] onset t=1.449 env=0.03539 baseline=0.04999 gate=0.00500 envFloor=0.01831 onset=0.925>=0.009
2025-12-07 22:55:14 [tracker] [s2] note-ended (new onset) t=1.449 fret=7 dur=0.077
2025-12-07 22:55:14 [tracker] [s2] note-start t=1.449 fret=7 midi=52 vel=0.42 env=0.03539
2025-12-07 22:55:14 [tracker] [s3] onset t=1.495 env=0.01651 baseline=0.01389 gate=0.00181 envFloor=0.01013 onset=0.997>=0.012
2025-12-07 22:55:14 [tracker] [s3] note-start t=1.495 fret=7 midi=57 vel=0.20 env=0.01651
2025-12-07 22:55:14 [tracker] [s1] onset-below-env-floor t=1.5213 env=0.007134 onset=1.494442 thresh=0.006000 baseline=0.022429 gate=0.001234 envFloor=0.019065 floor=0.022429 adapt=0.022429 lastPeak=0.000000 calib=0.022429 baseParam=0.000180 gateRatio=0.0550 envParam=0.000450
2025-12-07 22:55:14 [tracker] [s3] onset t=1.623 env=0.01808 baseline=0.01192 gate=0.00155 envFloor=0.01013 onset=1.162>=0.012
2025-12-07 22:55:14 [tracker] [s3] note-ended (new onset) t=1.623 fret=7 dur=0.128
2025-12-07 22:55:14 [tracker] [s3] note-start t=1.623 fret=7 midi=57 vel=0.22 env=0.01808
2025-12-07 22:55:14 [tracker] [s1] onset-accepted t=1.6653 env=0.042300 onset=1.144741 thresh=0.006000 baseline=0.034149 gate=0.001878 envFloor=0.023904 floor=0.022429 adapt=0.034149 lastPeak=0.000000 calib=0.022429 baseParam=0.000180 gateRatio=0.0550 envParam=0.000450
2025-12-07 22:55:14 [tracker] [s1] onset t=1.665 env=0.04230 baseline=0.03415 gate=0.00188 envFloor=0.02390 onset=1.145>=0.006
2025-12-07 22:55:14 [tracker] [s2] onset t=1.673 env=0.04316 baseline=0.02980 gate=0.00298 envFloor=0.02086 onset=0.948>=0.009
2025-12-07 22:55:14 [tracker] [s2] note-ended (new onset) t=1.673 fret=7 dur=0.224
2025-12-07 22:55:14 [tracker] [s2] note-start t=1.673 fret=7 midi=52 vel=0.52 env=0.04316
2025-12-07 22:55:14 [tracker] [s3] onset t=1.684 env=0.01807 baseline=0.01450 gate=0.00189 envFloor=0.01013 onset=0.563>=0.012
2025-12-07 22:55:14 [tracker] [s3] note-ended (new onset) t=1.684 fret=7 dur=0.061
2025-12-07 22:55:14 [tracker] [s3] note-start t=1.684 fret=7 midi=57 vel=0.22 env=0.01807
2025-12-07 22:55:14 [tracker] [s2] release-retrigger t=1.729 onset=1.223 gate=0.034 age=0.056
2025-12-07 22:55:14 [tracker] [s2] note-ended t=1.729 fret=7 dur=0.056
2025-12-07 22:55:14 [tracker] [s2] onset t=1.900 env=0.03043 baseline=0.02537 gate=0.00254 envFloor=0.01257 onset=1.132>=0.009
2025-12-07 22:55:14 [tracker] [s2] note-start t=1.900 fret=7 midi=52 vel=0.37 env=0.03043
2025-12-07 22:55:14 [tracker] [s1] onset-below-env-floor t=1.9240 env=0.008442 onset=1.311752 thresh=0.006000 baseline=0.022429 gate=0.001234 envFloor=0.019065 floor=0.022429 adapt=0.022429 lastPeak=0.000000 calib=0.022429 baseParam=0.000180 gateRatio=0.0550 envParam=0.000450
2025-12-07 22:55:14 [tracker] [s2] onset t=1.967 env=0.01364 baseline=0.02416 gate=0.00242 envFloor=0.00951 onset=1.279>=0.009
2025-12-07 22:55:14 [tracker] [s2] note-ended (new onset) t=1.967 fret=7 dur=0.067
2025-12-07 22:55:14 [tracker] [s2] note-start t=1.967 fret=6 midi=51 vel=0.16 env=0.01364
2025-12-07 22:55:14 [tracker] [s3] onset t=1.967 env=0.01092 baseline=0.01192 gate=0.00155 envFloor=0.01013 onset=1.402>=0.012
2025-12-07 22:55:14 [tracker] [s3] note-ended (new onset) t=1.967 fret=7 dur=0.283
2025-12-07 22:55:14 [tracker] [s3] note-start t=1.967 fret=7 midi=57 vel=0.13 env=0.01092
2025-12-07 22:55:14 [tracker] [s1] onset-below-env-floor t=2.0040 env=0.004787 onset=1.004736 thresh=0.006000 baseline=0.022429 gate=0.001234 envFloor=0.019065 floor=0.022429 adapt=0.022429 lastPeak=0.000000 calib=0.022429 baseParam=0.000180 gateRatio=0.0550 envParam=0.000450
2025-12-07 22:55:14 [tracker] [s2] release-retrigger t=2.020 onset=1.242 gate=0.012 age=0.053
2025-12-07 22:55:14 [tracker] [s3] release-retrigger t=2.023 onset=0.993 gate=0.011 age=0.056
2025-12-07 22:55:14 [tracker] [s3] note-ended t=2.023 fret=7 dur=0.056
2025-12-07 22:55:14 [tracker] [s1] onset-below-gate t=2.0573 env=0.000781 onset=0.857213 thresh=0.006000 baseline=0.022429 gate=0.001234 envFloor=0.019065 floor=0.022429 adapt=0.022429 lastPeak=0.000000 calib=0.022429 baseParam=0.000180 gateRatio=0.0550 envParam=0.000450
2025-12-07 22:55:14 [tracker] [s1] onset-below-gate t=2.1240 env=0.000721 onset=0.999752 thresh=0.006000 baseline=0.022429 gate=0.001234 envFloor=0.019065 floor=0.022429 adapt=0.022429 lastPeak=0.000000 calib=0.022429 baseParam=0.000180 gateRatio=0.0550 envParam=0.000450
2025-12-07 22:55:14 [tracker] [s2] onset t=2.159 env=0.00391 baseline=0.00856 gate=0.00086 envFloor=0.00184 onset=1.260>=0.009
2025-12-07 22:55:14 [tracker] [s1] onset-below-gate t=2.2227 env=0.000624 onset=1.035114 thresh=0.006000 baseline=0.022429 gate=0.001234 envFloor=0.019065 floor=0.022429 adapt=0.022429 lastPeak=0.000000 calib=0.022429 baseParam=0.000180 gateRatio=0.0550 envParam=0.000450
2025-12-07 22:55:15 [tracker] [s1] onset-below-env-floor t=2.3080 env=0.007507 onset=1.070275 thresh=0.006000 baseline=0.022429 gate=0.001234 envFloor=0.019065 floor=0.022429 adapt=0.022429 lastPeak=0.000000 calib=0.022429 baseParam=0.000180 gateRatio=0.0550 envParam=0.000450
2025-12-07 22:55:15 [tracker] [s2] onset t=2.321 env=0.06717 baseline=0.01881 gate=0.00188 envFloor=0.01316 onset=1.110>=0.009
2025-12-07 22:55:15 [tracker] [s4] onset t=2.337 env=0.04778 baseline=0.04090 gate=0.00695 envFloor=0.03477 onset=0.687>=0.014
2025-12-07 22:55:15 [tracker] [s3] onset t=2.351 env=0.05725 baseline=0.02607 gate=0.00339 envFloor=0.01825 onset=1.310>=0.012
2025-12-07 22:55:15 [tracker] [s3] onset t=2.412 env=0.03393 baseline=0.02554 gate=0.00332 envFloor=0.01788 onset=0.985>=0.012
2025-12-07 22:55:15 [tracker] [s3] note-start t=2.412 fret=7 midi=57 vel=0.41 env=0.03393
2025-12-07 22:55:15 [tracker] [s1] onset-below-gate t=2.5960 env=0.000461 onset=0.995147 thresh=0.006000 baseline=0.022429 gate=0.001234 envFloor=0.019065 floor=0.022429 adapt=0.022429 lastPeak=0.000000 calib=0.022429 baseParam=0.000180 gateRatio=0.0550 envParam=0.000450
2025-12-07 22:55:15 [tracker] [s2] onset t=2.644 env=0.02133 baseline=0.02822 gate=0.00282 envFloor=0.01975 onset=0.520>=0.009
2025-12-07 22:55:15 [tracker] [s3] onset t=2.649 env=0.07308 baseline=0.03578 gate=0.00465 envFloor=0.02504 onset=0.626>=0.012
2025-12-07 22:55:15 [tracker] [s3] note-ended (new onset) t=2.649 fret=7 dur=0.237
2025-12-07 22:55:15 [tracker] [s1] onset-below-gate t=2.6520 env=0.001223 onset=0.697564 thresh=0.006000 baseline=0.022429 gate=0.001234 envFloor=0.019065 floor=0.022429 adapt=0.022429 lastPeak=0.000000 calib=0.022429 baseParam=0.000180 gateRatio=0.0550 envParam=0.000450
2025-12-07 22:55:15 [tracker] [s4] onset t=2.657 env=0.04711 baseline=0.04365 gate=0.00742 envFloor=0.03477 onset=1.429>=0.014
2025-12-07 22:55:15 [tracker] [s5] onset t=2.663 env=0.06308 baseline=0.03951 gate=0.00830 envFloor=0.03358 onset=1.363>=0.016
2025-12-07 22:55:15 [tracker] [s4] onset t=2.721 env=0.05118 baseline=0.04090 gate=0.00695 envFloor=0.03477 onset=0.666>=0.014
2025-12-07 22:55:15 [tracker] [s4] note-start t=2.721 fret=7 midi=62 vel=0.61 env=0.05118
2025-12-07 22:55:15 [tracker] [s4] release-retrigger t=2.775 onset=0.998 gate=0.035 age=0.053
2025-12-07 22:55:15 [tracker] [s4] note-ended t=2.775 fret=7 dur=0.053
2025-12-07 22:55:15 [tracker] [s3] onset t=2.823 env=0.03353 baseline=0.02927 gate=0.00380 envFloor=0.02049 onset=0.587>=0.012
2025-12-07 22:55:15 [tracker] [s3] note-start t=2.823 fret=7 midi=57 vel=0.40 env=0.03353
2025-12-07 22:55:15 [tracker] [s2] onset t=2.903 env=0.03056 baseline=0.02313 gate=0.00231 envFloor=0.01619 onset=0.754>=0.009
2025-12-07 22:55:15 [tracker] [s2] note-start t=2.903 fret=5 midi=50 vel=0.37 env=0.03056
2025-12-07 22:55:15 [tracker] [s3] release-quiet t=2.924 avgEnv=0.01200 floor=0.01416 quietFrames=8
2025-12-07 22:55:15 [tracker] [s3] note-ended t=2.924 fret=7 dur=0.101
2025-12-07 22:55:15 [tracker] [s2] release-quiet t=2.967 avgEnv=0.00258 floor=0.00932 quietFrames=8
2025-12-07 22:55:15 [tracker] [s2] note-ended t=2.967 fret=5 dur=0.064
2025-12-07 22:55:15 [tracker] [s2] onset t=3.095 env=0.00433 baseline=0.01917 gate=0.00192 envFloor=0.00246 onset=1.319>=0.009
2025-12-07 22:55:15 [tracker] [s1] onset-below-gate t=3.1027 env=0.000443 onset=0.997850 thresh=0.006000 baseline=0.022429 gate=0.001234 envFloor=0.019065 floor=0.022429 adapt=0.022429 lastPeak=0.000000 calib=0.022429 baseParam=0.000180 gateRatio=0.0550 envParam=0.000450
2025-12-07 22:55:15 [tracker] [s1] onset-below-env-floor t=3.2787 env=0.002220 onset=0.983770 thresh=0.006000 baseline=0.022429 gate=0.001234 envFloor=0.019065 floor=0.022429 adapt=0.022429 lastPeak=0.000000 calib=0.022429 baseParam=0.000180 gateRatio=0.0550 envParam=0.000450
2025-12-07 22:55:15 [tracker] [s2] onset t=3.281 env=0.00720 baseline=0.01350 gate=0.00135 envFloor=0.00216 onset=1.079>=0.009
2025-12-07 22:55:16 [tracker] [s1] onset-below-gate t=3.5320 env=0.000082 onset=1.440532 thresh=0.006000 baseline=0.022429 gate=0.001234 envFloor=0.019065 floor=0.022429 adapt=0.022429 lastPeak=0.000000 calib=0.022429 baseParam=0.000180 gateRatio=0.0550 envParam=0.000450
2025-12-07 22:55:16 [tracker] [s2] onset t=3.577 env=0.00274 baseline=0.00774 gate=0.00077 envFloor=0.00136 onset=0.797>=0.009
2025-12-07 22:55:16 [tracker] [s2] onset t=3.716 env=0.00671 baseline=0.00596 gate=0.00060 envFloor=0.00136 onset=1.121>=0.009
2025-12-07 22:55:16 [tracker] [s1] onset-accepted t=3.8760 env=0.022689 onset=1.147171 thresh=0.006000 baseline=0.022429 gate=0.001234 envFloor=0.019065 floor=0.022429 adapt=0.022429 lastPeak=0.000000 calib=0.022429 baseParam=0.000180 gateRatio=0.0550 envParam=0.000450
2025-12-07 22:55:16 [tracker] [s1] onset t=3.876 env=0.02269 baseline=0.02243 gate=0.00123 envFloor=0.01907 onset=1.147>=0.006
2025-12-07 22:55:16 [tracker] [s3] onset t=3.881 env=0.01812 baseline=0.01192 gate=0.00155 envFloor=0.01013 onset=1.260>=0.012
2025-12-07 22:55:16 [tracker] [s2] onset t=3.889 env=0.08767 baseline=0.02679 gate=0.00268 envFloor=0.01875 onset=0.814>=0.009
2025-12-07 22:55:16 [tracker] [s4] onset t=3.903 env=0.06229 baseline=0.04090 gate=0.00695 envFloor=0.03477 onset=1.473>=0.014
2025-12-07 22:55:16 [tracker] [s3] onset t=3.999 env=0.09285 baseline=0.04483 gate=0.00583 envFloor=0.03138 onset=0.725>=0.012
2025-12-07 22:55:16 [tracker] [s3] note-start t=3.999 fret=7 midi=57 vel=1.00 env=0.09285
2025-12-07 22:55:16 [tracker] [s1] onset-below-env-floor t=4.0334 env=0.001835 onset=1.040368 thresh=0.006000 baseline=0.022429 gate=0.001234 envFloor=0.019065 floor=0.022429 adapt=0.022429 lastPeak=0.000000 calib=0.022429 baseParam=0.000180 gateRatio=0.0550 envParam=0.000450
2025-12-07 22:55:16 [tracker] [s2] onset t=4.052 env=0.08029 baseline=0.03580 gate=0.00358 envFloor=0.02506 onset=1.482>=0.009
2025-12-07 22:55:16 [tracker] [s2] note-start t=4.052 fret=5 midi=50 vel=0.96 env=0.08029
2025-12-07 22:55:16 [tracker] [s3] onset t=4.164 env=0.03571 baseline=0.06125 gate=0.00796 envFloor=0.02052 onset=1.271>=0.012
2025-12-07 22:55:16 [tracker] [s3] note-ended (new onset) t=4.164 fret=7 dur=0.165
2025-12-07 22:55:16 [tracker] [s3] note-start t=4.164 fret=7 midi=57 vel=0.43 env=0.03571
2025-12-07 22:55:16 [tracker] [s1] onset-below-env-floor t=4.2280 env=0.005061 onset=0.667826 thresh=0.006000 baseline=0.022429 gate=0.001234 envFloor=0.019065 floor=0.022429 adapt=0.022429 lastPeak=0.000000 calib=0.022429 baseParam=0.000180 gateRatio=0.0550 envParam=0.000450
2025-12-07 22:55:16 [tracker] [s2] onset t=4.233 env=0.08807 baseline=0.06160 gate=0.00616 envFloor=0.04312 onset=0.576>=0.009
2025-12-07 22:55:16 [tracker] [s2] note-ended (new onset) t=4.233 fret=5 dur=0.181
2025-12-07 22:55:16 [tracker] [s3] onset t=4.244 env=0.17141 baseline=0.07100 gate=0.00923 envFloor=0.04970 onset=1.021>=0.012
2025-12-07 22:55:16 [tracker] [s3] note-ended (new onset) t=4.244 fret=7 dur=0.080
2025-12-07 22:55:17 [tracker] [s3] onset t=4.308 env=0.12875 baseline=0.06329 gate=0.00823 envFloor=0.04431 onset=1.083>=0.012
2025-12-07 22:55:17 [tracker] [s4] onset t=4.316 env=0.04439 baseline=0.05002 gate=0.00850 envFloor=0.03502 onset=1.082>=0.014
2025-12-07 22:55:17 [tracker] [s4] note-start t=4.316 fret=7 midi=62 vel=0.53 env=0.04439
2025-12-07 22:55:17 [tracker] [s1] onset-below-env-floor t=4.3694 env=0.001487 onset=0.998396 thresh=0.006000 baseline=0.022429 gate=0.001234 envFloor=0.019065 floor=0.022429 adapt=0.022429 lastPeak=0.000000 calib=0.022429 baseParam=0.000180 gateRatio=0.0550 envParam=0.000450
2025-12-07 22:55:17 [tracker] [s4] release-retrigger t=4.377 onset=0.507 gate=0.042 age=0.061
2025-12-07 22:55:17 [tracker] [s4] note-ended t=4.377 fret=7 dur=0.061
2025-12-07 22:55:17 [tracker] [s3] onset t=4.393 env=0.10476 baseline=0.09871 gate=0.01283 envFloor=0.03517 onset=1.058>=0.012
2025-12-07 22:55:17 [tracker] [s3] note-ended (new onset) t=4.393 fret=7 dur=0.085
2025-12-07 22:55:17 [tracker] [s3] note-start t=4.393 fret=7 midi=57 vel=1.00 env=0.10476
2025-12-07 22:55:17 [tracker] [s3] onset t=4.457 env=0.07478 baseline=0.08360 gate=0.01087 envFloor=0.02855 onset=0.979>=0.012
2025-12-07 22:55:17 [tracker] [s3] note-ended (new onset) t=4.457 fret=7 dur=0.064
2025-12-07 22:55:17 [tracker] [s3] note-start t=4.457 fret=7 midi=57 vel=0.90 env=0.07478
2025-12-07 22:55:17 [tracker] [s2] onset t=4.503 env=0.14095 baseline=0.05871 gate=0.00587 envFloor=0.04110 onset=0.753>=0.009
2025-12-07 22:55:17 [tracker] [s2] note-start t=4.503 fret=5 midi=50 vel=1.00 env=0.14095
2025-12-07 22:55:17 [tracker] [s3] release-quiet t=4.553 avgEnv=0.00758 floor=0.01851 quietFrames=8
2025-12-07 22:55:17 [tracker] [s3] note-ended t=4.553 fret=7 dur=0.096
2025-12-07 22:55:17 [tracker] [s2] release-quiet t=4.567 avgEnv=0.00979 floor=0.02531 quietFrames=8
2025-12-07 22:55:17 [tracker] [s2] note-ended t=4.567 fret=5 dur=0.064
2025-12-07 22:55:17 [tracker] [s3] onset t=4.583 env=0.02451 baseline=0.05317 gate=0.00691 envFloor=0.01207 onset=1.110>=0.012
2025-12-07 22:55:17 [tracker] [s1] onset-below-gate t=4.6600 env=0.000468 onset=1.107052 thresh=0.006000 baseline=0.022429 gate=0.001234 envFloor=0.019065 floor=0.022429 adapt=0.022429 lastPeak=0.000000 calib=0.022429 baseParam=0.000180 gateRatio=0.0550 envParam=0.000450
2025-12-07 22:55:17 [tracker] [s1] onset-below-gate t=4.7240 env=0.000252 onset=0.997959 thresh=0.006000 baseline=0.022429 gate=0.001234 envFloor=0.019065 floor=0.022429 adapt=0.022429 lastPeak=0.000000 calib=0.022429 baseParam=0.000180 gateRatio=0.0550 envParam=0.000450
2025-12-07 22:55:17 [tracker] [s1] onset-below-env-floor t=4.8520 env=0.011203 onset=0.809517 thresh=0.006000 baseline=0.022429 gate=0.001234 envFloor=0.019065 floor=0.022429 adapt=0.022429 lastPeak=0.000000 calib=0.022429 baseParam=0.000180 gateRatio=0.0550 envParam=0.000450
2025-12-07 22:55:17 [tracker] [s2] onset t=4.865 env=0.17584 baseline=0.06416 gate=0.00642 envFloor=0.02213 onset=0.870>=0.009
2025-12-07 22:55:17 [tracker] [s3] onset t=4.873 env=0.03446 baseline=0.03079 gate=0.00400 envFloor=0.01598 onset=1.418>=0.012
2025-12-07 22:55:17 [tracker] [s4] onset t=4.881 env=0.09004 baseline=0.04090 gate=0.00695 envFloor=0.03477 onset=0.896>=0.014
2025-12-07 22:55:17 [tracker] [s4] onset t=4.956 env=0.03734 baseline=0.04090 gate=0.00695 envFloor=0.03477 onset=0.877>=0.014
2025-12-07 22:55:17 [tracker] [s4] note-start t=4.956 fret=5 midi=60 vel=0.45 env=0.03734
2025-12-07 22:55:17 [tracker] [s1] onset-below-env-floor t=4.9746 env=0.003097 onset=0.852081 thresh=0.006000 baseline=0.022429 gate=0.001234 envFloor=0.019065 floor=0.022429 adapt=0.022429 lastPeak=0.000000 calib=0.022429 baseParam=0.000180 gateRatio=0.0550 envParam=0.000450
2025-12-07 22:55:17 [tracker] [s3] onset t=5.004 env=0.07113 baseline=0.03602 gate=0.00468 envFloor=0.02521 onset=0.971>=0.012
2025-12-07 22:55:17 [tracker] [s3] note-start t=5.004 fret=5 midi=55 vel=0.85 env=0.07113
2025-12-07 22:55:17 [tracker] [s2] onset t=5.063 env=0.09982 baseline=0.04427 gate=0.00443 envFloor=0.03054 onset=1.343>=0.009
2025-12-07 22:55:17 [tracker] [s2] note-start t=5.063 fret=3 midi=48 vel=1.00 env=0.09982
2025-12-07 22:55:17 [tracker] [s3] release-retrigger t=5.063 onset=0.552 gate=0.043 age=0.059
2025-12-07 22:55:17 [tracker] [s3] note-ended t=5.063 fret=5 dur=0.059
2025-12-07 22:55:17 [tracker] [s4] onset t=5.063 env=0.05394 baseline=0.04090 gate=0.00695 envFloor=0.03477 onset=0.528>=0.014
2025-12-07 22:55:17 [tracker] [s4] note-ended (new onset) t=5.063 fret=5 dur=0.107
2025-12-07 22:55:17 [tracker] [s4] note-start t=5.063 fret=5 midi=60 vel=0.65 env=0.05394
2025-12-07 22:55:17 [tracker] [s1] onset-below-env-floor t=5.0653 env=0.002967 onset=0.874233 thresh=0.006000 baseline=0.022429 gate=0.001234 envFloor=0.019065 floor=0.022429 adapt=0.022429 lastPeak=0.000000 calib=0.022429 baseParam=0.000180 gateRatio=0.0550 envParam=0.000450
2025-12-07 22:55:17 [tracker] [s2] release-retrigger t=5.119 onset=0.504 gate=0.053 age=0.056
2025-12-07 22:55:17 [tracker] [s2] note-ended t=5.119 fret=3 dur=0.056
2025-12-07 22:55:17 [tracker] [s4] onset t=5.124 env=0.04194 baseline=0.04326 gate=0.00735 envFloor=0.03477 onset=0.949>=0.014
2025-12-07 22:55:17 [tracker] [s4] note-ended (new onset) t=5.124 fret=5 dur=0.061
2025-12-07 22:55:17 [tracker] [s4] note-start t=5.124 fret=0 midi=55 vel=0.50 env=0.04194
2025-12-07 22:55:17 [tracker] [s1] onset-accepted t=5.1266 env=0.071290 onset=1.200166 thresh=0.006000 baseline=0.022429 gate=0.001234 envFloor=0.019065 floor=0.022429 adapt=0.022429 lastPeak=0.000000 calib=0.022429 baseParam=0.000180 gateRatio=0.0550 envParam=0.000450
2025-12-07 22:55:17 [tracker] [s1] onset t=5.127 env=0.07129 baseline=0.02243 gate=0.00123 envFloor=0.01907 onset=1.200>=0.006
2025-12-07 22:55:17 [tracker] [s3] onset t=5.137 env=0.04457 baseline=0.04983 gate=0.00648 envFloor=0.01926 onset=1.340>=0.012
2025-12-07 22:55:17 [tracker] [s1] onset-below-env-floor t=5.1800 env=0.008910 onset=0.543060 thresh=0.006000 baseline=0.022429 gate=0.001234 envFloor=0.019065 floor=0.022429 adapt=0.022429 lastPeak=0.000000 calib=0.022429 baseParam=0.000180 gateRatio=0.0550 envParam=0.000450
2025-12-07 22:55:17 [tracker] [s4] release-retrigger t=5.180 onset=1.180 gate=0.035 age=0.056
2025-12-07 22:55:17 [tracker] [s4] note-ended t=5.180 fret=0 dur=0.056
2025-12-07 22:55:18 [tracker] [s2] onset t=5.193 env=0.02405 baseline=0.07027 gate=0.00703 envFloor=0.02302 onset=0.918>=0.009
2025-12-07 22:55:18 [tracker] [s2] note-start t=5.193 fret=11 midi=56 vel=0.29 env=0.02405
2025-12-07 22:55:18 [tracker] [s3] onset t=5.193 env=0.03855 baseline=0.04485 gate=0.00583 envFloor=0.01632 onset=1.060>=0.012
2025-12-07 22:55:18 [tracker] [s3] note-start t=5.193 fret=18 midi=68 vel=0.46 env=0.03855
2025-12-07 22:55:18 [tracker] [s3] onset t=5.257 env=0.02978 baseline=0.03077 gate=0.00400 envFloor=0.01340 onset=0.599>=0.012
2025-12-07 22:55:18 [tracker] [s3] note-ended (new onset) t=5.257 fret=18 dur=0.064
2025-12-07 22:55:18 [tracker] [s3] note-start t=5.257 fret=18 midi=68 vel=0.36 env=0.02978
2025-12-07 22:55:18 [tracker] [s2] onset t=5.260 env=0.02103 baseline=0.02404 gate=0.00240 envFloor=0.01683 onset=0.860>=0.009
2025-12-07 22:55:18 [tracker] [s2] note-ended (new onset) t=5.260 fret=11 dur=0.067
2025-12-07 22:55:18 [tracker] [s1] onset-below-env-floor t=5.2706 env=0.005007 onset=1.241726 thresh=0.006000 baseline=0.022429 gate=0.001234 envFloor=0.019065 floor=0.022429 adapt=0.022429 lastPeak=0.000000 calib=0.022429 baseParam=0.000180 gateRatio=0.0550 envParam=0.000450
2025-12-07 22:55:18 [tracker] [s3] release-quiet t=5.327 avgEnv=0.00118 floor=0.01008 quietFrames=8
2025-12-07 22:55:18 [tracker] [s3] note-ended t=5.327 fret=18 dur=0.069
2025-12-07 22:55:18 [tracker] [s1] onset-below-env-floor t=5.3346 env=0.005996 onset=0.520645 thresh=0.006000 baseline=0.022429 gate=0.001234 envFloor=0.019065 floor=0.022429 adapt=0.022429 lastPeak=0.000000 calib=0.022429 baseParam=0.000180 gateRatio=0.0550 envParam=0.000450
2025-12-07 22:55:18 [tracker] [s1] onset-below-env-floor t=5.3933 env=0.001436 onset=1.039092 thresh=0.006000 baseline=0.022429 gate=0.001234 envFloor=0.019065 floor=0.022429 adapt=0.022429 lastPeak=0.000000 calib=0.022429 baseParam=0.000180 gateRatio=0.0550 envParam=0.000450
2025-12-07 22:55:18 [tracker] [s1] onset-below-gate t=5.4733 env=0.000800 onset=0.738122 thresh=0.006000 baseline=0.022429 gate=0.001234 envFloor=0.019065 floor=0.022429 adapt=0.022429 lastPeak=0.000000 calib=0.022429 baseParam=0.000180 gateRatio=0.0550 envParam=0.000450
2025-12-07 22:55:18 [tracker] [s1] onset-below-gate t=5.5239 env=0.001145 onset=0.652410 thresh=0.006000 baseline=0.022429 gate=0.001234 envFloor=0.019065 floor=0.022429 adapt=0.022429 lastPeak=0.000000 calib=0.022429 baseParam=0.000180 gateRatio=0.0550 envParam=0.000450
2025-12-07 22:55:18 [tracker] [s1] onset-below-env-floor t=5.5879 env=0.002496 onset=0.880693 thresh=0.006000 baseline=0.022429 gate=0.001234 envFloor=0.019065 floor=0.022429 adapt=0.022429 lastPeak=0.000000 calib=0.022429 baseParam=0.000180 gateRatio=0.0550 envParam=0.000450
2025-12-07 22:55:18 [tracker] [s2] onset t=5.593 env=0.00209 baseline=0.01020 gate=0.00102 envFloor=0.00152 onset=0.588>=0.009
2025-12-07 22:55:18 [tracker] [s1] onset-below-gate t=5.6386 env=0.000996 onset=0.842068 thresh=0.006000 baseline=0.022429 gate=0.001234 envFloor=0.019065 floor=0.022429 adapt=0.022429 lastPeak=0.000000 calib=0.022429 baseParam=0.000180 gateRatio=0.0550 envParam=0.000450
2025-12-07 22:55:18 [tracker] [s1] onset-below-env-floor t=5.6946 env=0.002364 onset=0.832777 thresh=0.006000 baseline=0.022429 gate=0.001234 envFloor=0.019065 floor=0.022429 adapt=0.022429 lastPeak=0.000000 calib=0.022429 baseParam=0.000180 gateRatio=0.0550 envParam=0.000450
2025-12-07 22:55:18 [tracker] [s1] onset-below-env-floor t=5.7586 env=0.011718 onset=0.846667 thresh=0.006000 baseline=0.022429 gate=0.001234 envFloor=0.019065 floor=0.022429 adapt=0.022429 lastPeak=0.000000 calib=0.022429 baseParam=0.000180 gateRatio=0.0550 envParam=0.000450
2025-12-07 22:55:19 [tracker] [s1] onset-below-env-floor t=5.8252 env=0.003392 onset=1.037075 thresh=0.006000 baseline=0.022429 gate=0.001234 envFloor=0.019065 floor=0.022429 adapt=0.022429 lastPeak=0.000000 calib=0.022429 baseParam=0.000180 gateRatio=0.0550 envParam=0.000450
2025-12-07 22:55:19 [tracker] [s2] onset t=5.868 env=0.06089 baseline=0.01705 gate=0.00170 envFloor=0.01193 onset=0.576>=0.009
2025-12-07 22:55:19 [tracker] [s3] onset t=5.871 env=0.02643 baseline=0.01192 gate=0.00155 envFloor=0.01013 onset=0.640>=0.012
2025-12-07 22:55:19 [tracker] [s1] onset-accepted t=5.8866 env=0.037390 onset=1.219527 thresh=0.006000 baseline=0.035006 gate=0.001925 envFloor=0.024504 floor=0.022429 adapt=0.035006 lastPeak=0.000000 calib=0.022429 baseParam=0.000180 gateRatio=0.0550 envParam=0.000450
2025-12-07 22:55:19 [tracker] [s1] onset t=5.887 env=0.03739 baseline=0.03501 gate=0.00193 envFloor=0.02450 onset=1.220>=0.006
2025-12-07 22:55:19 [tracker] [s2] onset t=5.919 env=0.03310 baseline=0.02465 gate=0.00246 envFloor=0.01725 onset=0.848>=0.009
2025-12-07 22:55:19 [tracker] [s3] onset t=5.927 env=0.01923 baseline=0.01192 gate=0.00155 envFloor=0.01013 onset=1.359>=0.012
2025-12-07 22:55:19 [tracker] [s3] note-start t=5.927 fret=0 midi=50 vel=0.23 env=0.01923
2025-12-07 22:55:19 [tracker] [s1] onset-accepted t=5.9452 env=0.033651 onset=1.207152 thresh=0.006000 baseline=0.039685 gate=0.002183 envFloor=0.027780 floor=0.022429 adapt=0.039685 lastPeak=0.000000 calib=0.022429 baseParam=0.000180 gateRatio=0.0550 envParam=0.000450
2025-12-07 22:55:19 [tracker] [s1] onset t=5.945 env=0.03365 baseline=0.03969 gate=0.00218 envFloor=0.02778 onset=1.207>=0.006
2025-12-07 22:55:19 [tracker] [s1] note-start t=5.945 fret=3 midi=43 vel=0.40 env=0.03365
2025-12-07 22:55:19 [tracker] [s2] onset t=5.975 env=0.03986 baseline=0.02759 gate=0.00276 envFloor=0.01931 onset=0.731>=0.009
2025-12-07 22:55:19 [tracker] [s2] note-start t=5.975 fret=17 midi=62 vel=0.48 env=0.03986
2025-12-07 22:55:19 [tracker] [s3] release-retrigger t=5.985 onset=0.777 gate=0.011 age=0.059
2025-12-07 22:55:19 [tracker] [s3] note-ended t=5.985 fret=0 dur=0.059
2025-12-07 22:55:19 [tracker] [s1] onset-accepted t=6.0119 env=0.079180 onset=0.778365 thresh=0.006000 baseline=0.034209 gate=0.001882 envFloor=0.023947 floor=0.022429 adapt=0.034209 lastPeak=0.029688 calib=0.022429 baseParam=0.000180 gateRatio=0.0550 envParam=0.000450
2025-12-07 22:55:19 [tracker] [s1] onset t=6.012 env=0.07918 baseline=0.03421 gate=0.00188 envFloor=0.02395 onset=0.778>=0.006
2025-12-07 22:55:19 [tracker] [s1] note-ended (new onset) t=6.012 fret=3 dur=0.067
2025-12-07 22:55:19 [tracker] [s1] note-start t=6.012 fret=3 midi=43 vel=0.95 env=0.07918
2025-12-07 22:55:19 [tracker] [s2] release-retrigger t=6.028 onset=0.914 gate=0.035 age=0.053
2025-12-07 22:55:19 [tracker] [s2] note-ended t=6.028 fret=17 dur=0.053
2025-12-07 22:55:19 [tracker] [s3] onset t=6.047 env=0.01084 baseline=0.01381 gate=0.00180 envFloor=0.01013 onset=1.125>=0.012
2025-12-07 22:55:19 [tracker] [s3] note-start t=6.047 fret=0 midi=50 vel=0.13 env=0.01084
2025-12-07 22:55:19 [tracker] [s1] onset-separation-guard t=6.0626 env=0.091170 onset=0.791209 thresh=0.006000 baseline=0.064788 gate=0.003563 envFloor=0.025629 floor=0.022429 adapt=0.036613 lastPeak=0.071987 calib=0.022429 baseParam=0.000180 gateRatio=0.0550 envParam=0.000450
2025-12-07 22:55:19 [tracker] [s2] onset t=6.079 env=0.06343 baseline=0.07534 gate=0.00753 envFloor=0.05274 onset=0.963>=0.009
2025-12-07 22:55:19 [tracker] [s2] note-start t=6.079 fret=0 midi=45 vel=0.76 env=0.06343
2025-12-07 22:55:19 [tracker] [s1] onset-accepted t=6.1159 env=0.047288 onset=0.996715 thresh=0.006000 baseline=0.058608 gate=0.003223 envFloor=0.029597 floor=0.022429 adapt=0.042282 lastPeak=0.065120 calib=0.022429 baseParam=0.000180 gateRatio=0.0550 envParam=0.000450
2025-12-07 22:55:19 [tracker] [s1] onset t=6.116 env=0.04729 baseline=0.05861 gate=0.00322 envFloor=0.02960 onset=0.997>=0.006
2025-12-07 22:55:19 [tracker] [s1] note-ended (new onset) t=6.116 fret=3 dur=0.104
2025-12-07 22:55:19 [tracker] [s3] release-retrigger t=6.116 onset=1.057 gate=0.036 age=0.069
2025-12-07 22:55:19 [tracker] [s3] note-ended t=6.116 fret=0 dur=0.069
2025-12-07 22:55:19 [tracker] [s2] release-retrigger t=6.132 onset=0.872 gate=0.097 age=0.053
2025-12-07 22:55:19 [tracker] [s2] note-ended t=6.132 fret=0 dur=0.053
2025-12-07 22:55:19 [tracker] [s1] onset-accepted t=6.1746 env=0.041618 onset=0.842592 thresh=0.006000 baseline=0.052489 gate=0.002887 envFloor=0.028886 floor=0.022429 adapt=0.041266 lastPeak=0.058321 calib=0.022429 baseParam=0.000180 gateRatio=0.0550 envParam=0.000450
2025-12-07 22:55:19 [tracker] [s1] onset t=6.175 env=0.04162 baseline=0.05249 gate=0.00289 envFloor=0.02889 onset=0.843>=0.006
2025-12-07 22:55:19 [tracker] [s1] note-start t=6.175 fret=3 midi=43 vel=0.50 env=0.04162
2025-12-07 22:55:19 [tracker] [s3] onset t=6.177 env=0.03679 baseline=0.02285 gate=0.00297 envFloor=0.01600 onset=1.170>=0.012
2025-12-07 22:55:19 [tracker] [s1] onset-accepted t=6.2386 env=0.048137 onset=1.276725 thresh=0.006000 baseline=0.033211 gate=0.001827 envFloor=0.019065 floor=0.022429 adapt=0.027216 lastPeak=0.036901 calib=0.022429 baseParam=0.000180 gateRatio=0.0550 envParam=0.000450
2025-12-07 22:55:19 [tracker] [s1] onset t=6.239 env=0.04814 baseline=0.03321 gate=0.00183 envFloor=0.01907 onset=1.277>=0.006
2025-12-07 22:55:19 [tracker] [s1] note-ended (new onset) t=6.239 fret=3 dur=0.064
2025-12-07 22:55:19 [tracker] [s1] harmonic-bias t=6.239 pitch=154.21Hz ratio=1.87 harmonic=2 midi=43->40
2025-12-07 22:55:19 [tracker] [s1] open-hold t=6.239 hold=0.360s
2025-12-07 22:55:19 [tracker] [s1] note-start t=6.239 fret=0 midi=40 vel=0.58 env=0.04814
2025-12-07 22:55:19 [tracker] [s1] onset-below-env-floor t=6.3372 env=0.004790 onset=0.774933 thresh=0.006000 baseline=0.035989 gate=0.001979 envFloor=0.019065 floor=0.022429 adapt=0.022429 lastPeak=0.039988 calib=0.022429 baseParam=0.000180 gateRatio=0.0550 envParam=0.000450
2025-12-07 22:55:20 [tracker] [s1] onset-below-gate t=6.4039 env=0.001143 onset=0.910098 thresh=0.006000 baseline=0.031751 gate=0.001746 envFloor=0.019065 floor=0.022429 adapt=0.022429 lastPeak=0.035278 calib=0.022429 baseParam=0.000180 gateRatio=0.0550 envParam=0.000450
2025-12-07 22:55:20 [tracker] [s2] onset t=6.431 env=0.10210 baseline=0.03298 gate=0.00330 envFloor=0.02309 onset=0.520>=0.009
2025-12-07 22:55:20 [tracker] [s3] onset t=6.433 env=0.06116 baseline=0.02185 gate=0.00284 envFloor=0.01530 onset=1.105>=0.012
2025-12-07 22:55:20 [tracker] [s1] onset-accepted t=6.4599 env=0.093775 onset=1.078580 thresh=0.006000 baseline=0.034187 gate=0.001880 envFloor=0.023931 floor=0.022429 adapt=0.034187 lastPeak=0.031754 calib=0.022429 baseParam=0.000180 gateRatio=0.0550 envParam=0.000450
2025-12-07 22:55:20 [tracker] [s1] onset t=6.460 env=0.09377 baseline=0.03419 gate=0.00188 envFloor=0.02393 onset=1.079>=0.006
2025-12-07 22:55:20 [tracker] [s1] note-ended (new onset) t=6.460 fret=0 dur=0.221
2025-12-07 22:55:20 [tracker] [s1] harmonic-bias t=6.460 pitch=159.13Hz ratio=1.93 harmonic=2 midi=46->40
2025-12-07 22:55:20 [tracker] [s1] open-hold t=6.460 hold=0.360s
2025-12-07 22:55:20 [tracker] [s1] note-start t=6.460 fret=0 midi=40 vel=1.00 env=0.09377
2025-12-07 22:55:20 [tracker] [s2] onset t=6.489 env=0.07392 baseline=0.04365 gate=0.00437 envFloor=0.03056 onset=1.295>=0.009
2025-12-07 22:55:20 [tracker] [s3] onset t=6.495 env=0.03442 baseline=0.02355 gate=0.00306 envFloor=0.01648 onset=1.022>=0.012
2025-12-07 22:55:20 [tracker] [s1] onset-separation-guard t=6.5132 env=0.040444 onset=1.026316 thresh=0.006000 baseline=0.076347 gate=0.004199 envFloor=0.021144 floor=0.022429 adapt=0.030206 lastPeak=0.084829 calib=0.022429 baseParam=0.000180 gateRatio=0.0550 envParam=0.000450
2025-12-07 22:55:20 [tracker] [s3] onset t=6.553 env=0.01774 baseline=0.01875 gate=0.00244 envFloor=0.01312 onset=0.526>=0.012
2025-12-07 22:55:20 [tracker] [s2] onset t=6.556 env=0.03631 baseline=0.04244 gate=0.00424 envFloor=0.02970 onset=1.307>=0.009
2025-12-07 22:55:20 [tracker] [s1] onset-accepted t=6.5719 env=0.025619 onset=0.994874 thresh=0.006000 baseline=0.068375 gate=0.003761 envFloor=0.021252 floor=0.022429 adapt=0.030359 lastPeak=0.075972 calib=0.022429 baseParam=0.000180 gateRatio=0.0550 envParam=0.000450
2025-12-07 22:55:20 [tracker] [s1] onset t=6.572 env=0.02562 baseline=0.06837 gate=0.00376 envFloor=0.02125 onset=0.995>=0.006
2025-12-07 22:55:20 [tracker] [s1] note-ended (new onset) t=6.572 fret=0 dur=0.112
2025-12-07 22:55:20 [tracker] [s2] onset t=6.620 env=0.18229 baseline=0.04782 gate=0.00478 envFloor=0.03347 onset=0.564>=0.009
2025-12-07 22:55:20 [tracker] [s2] note-start t=6.620 fret=17 midi=62 vel=1.00 env=0.18229
2025-12-07 22:55:20 [tracker] [s3] onset t=6.623 env=0.10657 baseline=0.02110 gate=0.00274 envFloor=0.01477 onset=0.737>=0.012
2025-12-07 22:55:20 [tracker] [s3] note-start t=6.623 fret=0 midi=50 vel=1.00 env=0.10657
2025-12-07 22:55:20 [tracker] [s1] onset-accepted t=6.6252 env=0.047508 onset=0.655639 thresh=0.006000 baseline=0.061853 gate=0.003402 envFloor=0.030452 floor=0.022429 adapt=0.043504 lastPeak=0.068725 calib=0.022429 baseParam=0.000180 gateRatio=0.0550 envParam=0.000450
2025-12-07 22:55:20 [tracker] [s1] onset t=6.625 env=0.04751 baseline=0.06185 gate=0.00340 envFloor=0.03045 onset=0.656>=0.006
2025-12-07 22:55:20 [tracker] [s2] onset t=6.687 env=0.08084 baseline=0.14474 gate=0.01447 envFloor=0.03371 onset=0.576>=0.009
2025-12-07 22:55:20 [tracker] [s2] note-ended (new onset) t=6.687 fret=17 dur=0.067
2025-12-07 22:55:20 [tracker] [s2] note-start t=6.687 fret=17 midi=62 vel=0.97 env=0.08084
2025-12-07 22:55:20 [tracker] [s1] onset-accepted t=6.6972 env=0.050770 onset=0.667696 thresh=0.006000 baseline=0.054023 gate=0.002971 envFloor=0.037057 floor=0.022429 adapt=0.052939 lastPeak=0.060026 calib=0.022429 baseParam=0.000180 gateRatio=0.0550 envParam=0.000450
2025-12-07 22:55:20 [tracker] [s1] onset t=6.697 env=0.05077 baseline=0.05402 gate=0.00297 envFloor=0.03706 onset=0.668>=0.006
2025-12-07 22:55:20 [tracker] [s1] note-start t=6.697 fret=11 midi=51 vel=0.61 env=0.05077
2025-12-07 22:55:20 [tracker] [s3] onset t=6.697 env=0.02385 baseline=0.08335 gate=0.01084 envFloor=0.01397 onset=0.673>=0.012
2025-12-07 22:55:20 [tracker] [s3] note-ended (new onset) t=6.697 fret=0 dur=0.075
2025-12-07 22:55:20 [tracker] [s2] onset t=6.751 env=0.03400 baseline=0.06451 gate=0.00645 envFloor=0.02401 onset=0.835>=0.009
2025-12-07 22:55:20 [tracker] [s2] note-ended (new onset) t=6.751 fret=17 dur=0.064
2025-12-07 22:55:20 [tracker] [s1] onset-below-gate t=6.7665 env=0.002142 onset=1.259243 thresh=0.006000 baseline=0.040110 gate=0.002206 envFloor=0.023164 floor=0.022429 adapt=0.033092 lastPeak=0.044567 calib=0.022429 baseParam=0.000180 gateRatio=0.0550 envParam=0.000450
2025-12-07 22:55:20 [tracker] [s1] onset-below-gate t=6.8305 env=0.000891 onset=0.996947 thresh=0.006000 baseline=0.035564 gate=0.001956 envFloor=0.019065 floor=0.022429 adapt=0.022429 lastPeak=0.039515 calib=0.022429 baseParam=0.000180 gateRatio=0.0550 envParam=0.000450
2025-12-07 22:55:20 [tracker] [s1] release-quiet t=6.937 avgEnv=0.00065 floor=0.01106 quietFrames=8
2025-12-07 22:55:20 [tracker] [s1] note-ended t=6.937 fret=11 dur=0.240
2025-12-07 22:55:20 [tracker] [s1] onset-accepted t=6.9745 env=0.047115 onset=1.311647 thresh=0.006000 baseline=0.027130 gate=0.001492 envFloor=0.019065 floor=0.022429 adapt=0.022429 lastPeak=0.030145 calib=0.022429 baseParam=0.000180 gateRatio=0.0550 envParam=0.000450
2025-12-07 22:55:20 [tracker] [s1] onset t=6.974 env=0.04712 baseline=0.02713 gate=0.00149 envFloor=0.01907 onset=1.312>=0.006
2025-12-07 22:55:21 [tracker] [s3] onset t=6.982 env=0.03035 baseline=0.04875 gate=0.00634 envFloor=0.01013 onset=1.496>=0.012
2025-12-07 22:55:21 [tracker] [s2] onset t=7.017 env=0.02048 baseline=0.03908 gate=0.00391 envFloor=0.01809 onset=1.343>=0.009
2025-12-07 22:55:21 [tracker] [s1] onset-accepted t=7.0518 env=0.020409 onset=0.700235 thresh=0.006000 baseline=0.028031 gate=0.001542 envFloor=0.019622 floor=0.022429 adapt=0.028031 lastPeak=0.026066 calib=0.022429 baseParam=0.000180 gateRatio=0.0550 envParam=0.000450
2025-12-07 22:55:21 [tracker] [s1] onset t=7.052 env=0.02041 baseline=0.02803 gate=0.00154 envFloor=0.01962 onset=0.700>=0.006
2025-12-07 22:55:21 [tracker] [s1] note-start t=7.052 fret=16 midi=56 vel=0.24 env=0.02041
2025-12-07 22:55:21 [tracker] [s3] onset t=7.057 env=0.02303 baseline=0.04237 gate=0.00551 envFloor=0.01013 onset=0.685>=0.012
2025-12-07 22:55:21 [tracker] [s3] note-start t=7.057 fret=18 midi=68 vel=0.28 env=0.02303
2025-12-07 22:55:21 [tracker] [s2] onset t=7.070 env=0.04988 baseline=0.03535 gate=0.00354 envFloor=0.02326 onset=0.783>=0.009
2025-12-07 22:55:21 [tracker] [s2] note-start t=7.070 fret=14 midi=59 vel=0.60 env=0.04988
2025-12-07 22:55:21 [tracker] [s1] onset-separation-guard t=7.1105 env=0.045354 onset=1.085692 thresh=0.006000 baseline=0.023378 gate=0.001286 envFloor=0.019065 floor=0.022429 adapt=0.023378 lastPeak=0.018278 calib=0.022429 baseParam=0.000180 gateRatio=0.0550 envParam=0.000450
2025-12-07 22:55:21 [tracker] [s3] release-retrigger t=7.113 onset=1.166 gate=0.013 age=0.056
2025-12-07 22:55:21 [tracker] [s3] note-ended t=7.113 fret=18 dur=0.056
2025-12-07 22:55:21 [tracker] [s2] release-retrigger t=7.124 onset=0.756 gate=0.039 age=0.053
2025-12-07 22:55:21 [tracker] [s2] note-ended t=7.124 fret=14 dur=0.053
2025-12-07 22:55:21 [tracker] [s1] onset-accepted t=7.1692 env=0.022554 onset=1.086174 thresh=0.006000 baseline=0.022429 gate=0.001234 envFloor=0.019065 floor=0.022429 adapt=0.022429 lastPeak=0.016369 calib=0.022429 baseParam=0.000180 gateRatio=0.0550 envParam=0.000450
2025-12-07 22:55:21 [tracker] [s1] onset t=7.169 env=0.02255 baseline=0.02243 gate=0.00123 envFloor=0.01907 onset=1.086>=0.006
2025-12-07 22:55:21 [tracker] [s1] note-ended (new onset) t=7.169 fret=16 dur=0.117
2025-12-07 22:55:21 [tracker] [s1] note-start t=7.169 fret=16 midi=56 vel=0.27 env=0.02255
2025-12-07 22:55:21 [tracker] [s3] onset t=7.169 env=0.02029 baseline=0.01679 gate=0.00218 envFloor=0.01013 onset=0.542>=0.012
2025-12-07 22:55:21 [tracker] [s2] onset t=7.177 env=0.06743 baseline=0.03674 gate=0.00367 envFloor=0.01880 onset=1.275>=0.009
2025-12-07 22:55:21 [tracker] [s4] onset t=7.180 env=0.03705 baseline=0.04090 gate=0.00695 envFloor=0.03477 onset=0.831>=0.014
2025-12-07 22:55:21 [tracker] [s1] onset-separation-guard t=7.2278 env=0.031161 onset=0.893881 thresh=0.006000 baseline=0.038015 gate=0.002091 envFloor=0.026610 floor=0.022429 adapt=0.038015 lastPeak=0.020199 calib=0.022429 baseParam=0.000180 gateRatio=0.0550 envParam=0.000450
2025-12-07 22:55:21 [tracker] [s2] onset t=7.273 env=0.07362 baseline=0.04046 gate=0.00405 envFloor=0.02832 onset=0.972>=0.009
2025-12-07 22:55:21 [tracker] [s2] note-start t=7.273 fret=14 midi=59 vel=0.88 env=0.07362
2025-12-07 22:55:21 [tracker] [s3] onset t=7.276 env=0.04080 baseline=0.02112 gate=0.00275 envFloor=0.01478 onset=1.216>=0.012
2025-12-07 22:55:21 [tracker] [s3] note-start t=7.276 fret=0 midi=50 vel=0.49 env=0.04080
2025-12-07 22:55:21 [tracker] [s1] onset-accepted t=7.2811 env=0.083783 onset=0.910163 thresh=0.006000 baseline=0.038234 gate=0.002103 envFloor=0.026764 floor=0.022429 adapt=0.038234 lastPeak=0.018273 calib=0.022429 baseParam=0.000180 gateRatio=0.0550 envParam=0.000450
2025-12-07 22:55:21 [tracker] [s1] onset t=7.281 env=0.08378 baseline=0.03823 gate=0.00210 envFloor=0.02676 onset=0.910>=0.006
2025-12-07 22:55:21 [tracker] [s1] note-ended (new onset) t=7.281 fret=16 dur=0.112
2025-12-07 22:55:21 [tracker] [s1] note-start t=7.281 fret=9 midi=49 vel=1.00 env=0.08378
2025-12-07 22:55:21 [tracker] [s2] release-retrigger t=7.326 onset=1.348 gate=0.049 age=0.053
2025-12-07 22:55:21 [tracker] [s2] note-ended t=7.326 fret=14 dur=0.053
2025-12-07 22:55:21 [tracker] [s3] release-retrigger t=7.329 onset=1.004 gate=0.022 age=0.053
2025-12-07 22:55:21 [tracker] [s3] note-ended t=7.329 fret=0 dur=0.053
2025-12-07 22:55:21 [tracker] [s1] onset-separation-guard t=7.3371 env=0.056348 onset=0.996609 thresh=0.006000 baseline=0.067871 gate=0.003733 envFloor=0.021200 floor=0.022429 adapt=0.030286 lastPeak=0.075412 calib=0.022429 baseParam=0.000180 gateRatio=0.0550 envParam=0.000450
2025-12-07 22:55:21 [tracker] [s2] onset t=7.390 env=0.06441 baseline=0.05314 gate=0.00531 envFloor=0.02063 onset=0.757>=0.009
2025-12-07 22:55:21 [tracker] [s1] onset-below-env-floor t=7.3931 env=0.014395 onset=0.766390 thresh=0.006000 baseline=0.061090 gate=0.003360 envFloor=0.019065 floor=0.022429 adapt=0.024459 lastPeak=0.067878 calib=0.022429 baseParam=0.000180 gateRatio=0.0550 envParam=0.000450
2025-12-07 22:55:21 [tracker] [s3] onset t=7.398 env=0.02474 baseline=0.02916 gate=0.00379 envFloor=0.01013 onset=0.709>=0.012
2025-12-07 22:55:21 [tracker] [s3] note-start t=7.398 fret=18 midi=68 vel=0.30 env=0.02474
2025-12-07 22:55:21 [tracker] [s1] onset-accepted t=7.4518 env=0.038728 onset=0.624968 thresh=0.006000 baseline=0.054711 gate=0.003009 envFloor=0.019065 floor=0.022429 adapt=0.022429 lastPeak=0.060790 calib=0.022429 baseParam=0.000180 gateRatio=0.0550 envParam=0.000450
2025-12-07 22:55:21 [tracker] [s1] onset t=7.452 env=0.03873 baseline=0.05471 gate=0.00301 envFloor=0.01907 onset=0.625>=0.006
2025-12-07 22:55:21 [tracker] [s1] note-ended (new onset) t=7.452 fret=9 dur=0.171
2025-12-07 22:55:21 [tracker] [s2] onset t=7.457 env=0.04314 baseline=0.04688 gate=0.00469 envFloor=0.01735 onset=0.564>=0.009
2025-12-07 22:55:21 [tracker] [s2] note-start t=7.457 fret=14 midi=59 vel=0.52 env=0.04314
2025-12-07 22:55:21 [tracker] [s3] onset t=7.462 env=0.01996 baseline=0.01974 gate=0.00257 envFloor=0.01013 onset=1.074>=0.012
2025-12-07 22:55:21 [tracker] [s3] note-ended (new onset) t=7.462 fret=18 dur=0.064
2025-12-07 22:55:21 [tracker] [s3] note-start t=7.462 fret=0 midi=50 vel=0.24 env=0.01996
2025-12-07 22:55:21 [tracker] [s2] release-retrigger t=7.510 onset=1.342 gate=0.030 age=0.053
2025-12-07 22:55:21 [tracker] [s2] note-ended t=7.510 fret=14 dur=0.053
2025-12-07 22:55:21 [tracker] [s1] onset-below-env-floor t=7.5131 env=0.013175 onset=0.869612 thresh=0.006000 baseline=0.048754 gate=0.002681 envFloor=0.019065 floor=0.022429 adapt=0.022429 lastPeak=0.054171 calib=0.022429 baseParam=0.000180 gateRatio=0.0550 envParam=0.000450
2025-12-07 22:55:21 [tracker] [s3] onset t=7.526 env=0.01028 baseline=0.01593 gate=0.00207 envFloor=0.01013 onset=1.301>=0.012
2025-12-07 22:55:21 [tracker] [s3] note-ended (new onset) t=7.526 fret=0 dur=0.064
2025-12-07 22:55:21 [tracker] [s2] onset t=7.572 env=0.01820 baseline=0.03130 gate=0.00313 envFloor=0.01282 onset=0.785>=0.009
2025-12-07 22:55:21 [tracker] [s2] note-start t=7.572 fret=14 midi=59 vel=0.22 env=0.01820
2025-12-07 22:55:22 [tracker] [s1] onset-below-env-floor t=7.5851 env=0.015344 onset=0.988852 thresh=0.006000 baseline=0.042583 gate=0.002342 envFloor=0.019065 floor=0.022429 adapt=0.022429 lastPeak=0.047314 calib=0.022429 baseParam=0.000180 gateRatio=0.0550 envParam=0.000450
2025-12-07 22:55:22 [tracker] [s3] onset t=7.588 env=0.01250 baseline=0.01419 gate=0.00185 envFloor=0.01013 onset=1.034>=0.012
2025-12-07 22:55:22 [tracker] [s3] note-start t=7.588 fret=0 midi=50 vel=0.15 env=0.01250
2025-12-07 22:55:22 [tracker] [s2] onset t=7.644 env=0.03182 baseline=0.01573 gate=0.00157 envFloor=0.01101 onset=0.732>=0.009
2025-12-07 22:55:22 [tracker] [s2] note-ended (new onset) t=7.644 fret=14 dur=0.072
2025-12-07 22:55:22 [tracker] [s2] note-start t=7.644 fret=14 midi=59 vel=0.38 env=0.03182
2025-12-07 22:55:22 [tracker] [s1] onset-accepted t=7.6464 env=0.036347 onset=0.596597 thresh=0.006000 baseline=0.037946 gate=0.002087 envFloor=0.019065 floor=0.022429 adapt=0.022429 lastPeak=0.042162 calib=0.022429 baseParam=0.000180 gateRatio=0.0550 envParam=0.000450
2025-12-07 22:55:22 [tracker] [s1] onset t=7.646 env=0.03635 baseline=0.03795 gate=0.00209 envFloor=0.01907 onset=0.597>=0.006
2025-12-07 22:55:22 [tracker] [s3] release-retrigger t=7.652 onset=0.549 gate=0.011 age=0.064
2025-12-07 22:55:22 [tracker] [s3] note-ended t=7.652 fret=0 dur=0.064
2025-12-07 22:55:22 [tracker] [s2] onset t=7.705 env=0.01613 baseline=0.02552 gate=0.00255 envFloor=0.00918 onset=1.095>=0.009
2025-12-07 22:55:22 [tracker] [s2] note-ended (new onset) t=7.705 fret=14 dur=0.061
2025-12-07 22:55:22 [tracker] [s1] onset-below-env-floor t=7.7131 env=0.009841 onset=1.209662 thresh=0.006000 baseline=0.033476 gate=0.001841 envFloor=0.019065 floor=0.022429 adapt=0.022429 lastPeak=0.037196 calib=0.022429 baseParam=0.000180 gateRatio=0.0550 envParam=0.000450
2025-12-07 22:55:22 [tracker] [s2] onset t=7.758 env=0.02321 baseline=0.02309 gate=0.00231 envFloor=0.00798 onset=0.743>=0.009
2025-12-07 22:55:22 [tracker] [s3] onset t=7.761 env=0.01036 baseline=0.01192 gate=0.00155 envFloor=0.01013 onset=0.923>=0.012
2025-12-07 22:55:22 [tracker] [s3] note-start t=7.761 fret=0 midi=50 vel=0.12 env=0.01036
2025-12-07 22:55:22 [tracker] [s1] onset-below-env-floor t=7.7851 env=0.018916 onset=0.750699 thresh=0.006000 baseline=0.029239 gate=0.001608 envFloor=0.019065 floor=0.022429 adapt=0.022429 lastPeak=0.032488 calib=0.022429 baseParam=0.000180 gateRatio=0.0550 envParam=0.000450
2025-12-07 22:55:22 [tracker] [s2] onset t=7.812 env=0.02004 baseline=0.02089 gate=0.00209 envFloor=0.00735 onset=1.165>=0.009
2025-12-07 22:55:22 [tracker] [s3] release-retrigger t=7.822 onset=0.667 gate=0.011 age=0.061
2025-12-07 22:55:22 [tracker] [s3] note-ended t=7.822 fret=0 dur=0.061
2025-12-07 22:55:22 [tracker] [s1] onset-below-env-floor t=7.8491 env=0.016254 onset=1.117149 thresh=0.006000 baseline=0.025925 gate=0.001426 envFloor=0.019065 floor=0.022429 adapt=0.022429 lastPeak=0.028805 calib=0.022429 baseParam=0.000180 gateRatio=0.0550 envParam=0.000450
2025-12-07 22:55:22 [tracker] [s2] onset t=7.889 env=0.02277 baseline=0.01806 gate=0.00181 envFloor=0.00644 onset=1.399>=0.009
2025-12-07 22:55:22 [tracker] [s2] note-start t=7.889 fret=14 midi=59 vel=0.27 env=0.02277
2025-12-07 22:55:22 [tracker] [s1] onset-below-env-floor t=7.9158 env=0.003041 onset=0.747291 thresh=0.006000 baseline=0.022871 gate=0.001258 envFloor=0.019065 floor=0.022429 adapt=0.022429 lastPeak=0.025413 calib=0.022429 baseParam=0.000180 gateRatio=0.0550 envParam=0.000450
2025-12-07 22:55:22 [tracker] [s2] release-retrigger t=7.948 onset=1.072 gate=0.011 age=0.059
2025-12-07 22:55:22 [tracker] [s2] note-ended t=7.948 fret=14 dur=0.059
2025-12-07 22:55:22 [tracker] [s1] onset-below-gate t=7.9878 env=0.000214 onset=0.910603 thresh=0.006000 baseline=0.022429 gate=0.001234 envFloor=0.019065 floor=0.022429 adapt=0.022429 lastPeak=0.022196 calib=0.022429 baseParam=0.000180 gateRatio=0.0550 envParam=0.000450
2025-12-07 22:55:22 [tracker] [s2] onset t=8.006 env=0.00796 baseline=0.01644 gate=0.00164 envFloor=0.00421 onset=0.631>=0.009
2025-12-07 22:55:22 [tracker] [s1] onset-below-env-floor t=8.0518 env=0.013511 onset=0.846566 thresh=0.006000 baseline=0.022429 gate=0.001234 envFloor=0.019065 floor=0.022429 adapt=0.022429 lastPeak=0.019680 calib=0.022429 baseParam=0.000180 gateRatio=0.0550 envParam=0.000450
2025-12-07 22:55:22 [tracker] [s2] onset t=8.060 env=0.03000 baseline=0.02550 gate=0.00255 envFloor=0.01785 onset=0.634>=0.009
2025-12-07 22:55:22 [tracker] [s2] note-start t=8.060 fret=9 midi=54 vel=0.36 env=0.03000
2025-12-07 22:55:22 [tracker] [s3] onset t=8.060 env=0.03279 baseline=0.02332 gate=0.00303 envFloor=0.01632 onset=0.979>=0.012
2025-12-07 22:55:22 [tracker] [s2] release-retrigger t=8.113 onset=0.826 gate=0.036 age=0.053
2025-12-07 22:55:22 [tracker] [s2] note-ended t=8.113 fret=9 dur=0.053
2025-12-07 22:55:22 [tracker] [s1] onset-below-env-floor t=8.1157 env=0.004184 onset=0.916424 thresh=0.006000 baseline=0.022429 gate=0.001234 envFloor=0.019065 floor=0.022429 adapt=0.022429 lastPeak=0.017449 calib=0.022429 baseParam=0.000180 gateRatio=0.0550 envParam=0.000450
2025-12-07 22:55:22 [tracker] [s3] onset t=8.116 env=0.05364 baseline=0.02780 gate=0.00361 envFloor=0.01946 onset=0.732>=0.012
2025-12-07 22:55:23 [tracker] [s1] onset-below-env-floor t=8.1744 env=0.006057 onset=0.808557 thresh=0.006000 baseline=0.022429 gate=0.001234 envFloor=0.019065 floor=0.022429 adapt=0.022429 lastPeak=0.015628 calib=0.022429 baseParam=0.000180 gateRatio=0.0550 envParam=0.000450
2025-12-07 22:55:23 [tracker] [s3] onset t=8.174 env=0.05331 baseline=0.02752 gate=0.00358 envFloor=0.01926 onset=0.709>=0.012
2025-12-07 22:55:23 [tracker] [s3] note-start t=8.174 fret=12 midi=62 vel=0.64 env=0.05331
2025-12-07 22:55:23 [tracker] [s2] onset t=8.180 env=0.05199 baseline=0.02317 gate=0.00232 envFloor=0.01622 onset=0.905>=0.009
2025-12-07 22:55:23 [tracker] [s1] onset-below-env-floor t=8.2251 env=0.012993 onset=0.965389 thresh=0.006000 baseline=0.022429 gate=0.001234 envFloor=0.019065 floor=0.022429 adapt=0.022429 lastPeak=0.014208 calib=0.022429 baseParam=0.000180 gateRatio=0.0550 envParam=0.000450
2025-12-07 22:55:23 [tracker] [s3] release-retrigger t=8.230 onset=0.896 gate=0.030 age=0.056
2025-12-07 22:55:23 [tracker] [s3] note-ended t=8.230 fret=12 dur=0.056
2025-12-07 22:55:23 [tracker] [s2] onset t=8.233 env=0.01767 baseline=0.02146 gate=0.00215 envFloor=0.01502 onset=1.197>=0.009
2025-12-07 22:55:23 [tracker] [s2] note-start t=8.233 fret=9 midi=54 vel=0.21 env=0.01767
2025-12-07 22:55:23 [tracker] [s1] onset-below-env-floor t=8.2837 env=0.015776 onset=0.866257 thresh=0.006000 baseline=0.022429 gate=0.001234 envFloor=0.019065 floor=0.022429 adapt=0.022429 lastPeak=0.012724 calib=0.022429 baseParam=0.000180 gateRatio=0.0550 envParam=0.000450
2025-12-07 22:55:23 [tracker] [s3] onset t=8.286 env=0.04195 baseline=0.03887 gate=0.00505 envFloor=0.01507 onset=1.379>=0.012
2025-12-07 22:55:23 [tracker] [s3] note-start t=8.286 fret=12 midi=62 vel=0.50 env=0.04195
2025-12-07 22:55:23 [tracker] [s2] onset t=8.297 env=0.04595 baseline=0.01933 gate=0.00193 envFloor=0.01353 onset=0.910>=0.009
2025-12-07 22:55:23 [tracker] [s2] note-ended (new onset) t=8.297 fret=9 dur=0.064
2025-12-07 22:55:23 [tracker] [s3] release-retrigger t=8.345 onset=0.915 gate=0.025 age=0.059
2025-12-07 22:55:23 [tracker] [s3] note-ended t=8.345 fret=12 dur=0.059
2025-12-07 22:55:23 [tracker] [s1] onset-below-env-floor t=8.3504 env=0.006004 onset=0.925836 thresh=0.006000 baseline=0.022429 gate=0.001234 envFloor=0.019065 floor=0.022429 adapt=0.022429 lastPeak=0.011226 calib=0.022429 baseParam=0.000180 gateRatio=0.0550 envParam=0.000450
2025-12-07 22:55:23 [tracker] [s3] onset t=8.398 env=0.02176 baseline=0.03059 gate=0.00398 envFloor=0.01418 onset=0.573>=0.012
2025-12-07 22:55:23 [tracker] [s3] note-start t=8.398 fret=12 midi=62 vel=0.26 env=0.02176
2025-12-07 22:55:23 [tracker] [s1] onset-below-env-floor t=8.4064 env=0.008474 onset=1.165789 thresh=0.006000 baseline=0.022429 gate=0.001234 envFloor=0.019065 floor=0.022429 adapt=0.022429 lastPeak=0.010104 calib=0.022429 baseParam=0.000180 gateRatio=0.0550 envParam=0.000450
2025-12-07 22:55:23 [tracker] [s2] onset t=8.420 env=0.01437 baseline=0.01614 gate=0.00161 envFloor=0.01130 onset=1.275>=0.009
2025-12-07 22:55:23 [tracker] [s2] note-start t=8.420 fret=9 midi=54 vel=0.17 env=0.01437
2025-12-07 22:55:23 [tracker] [s3] release-retrigger t=8.457 onset=0.846 gate=0.028 age=0.059
2025-12-07 22:55:23 [tracker] [s3] note-ended t=8.457 fret=12 dur=0.059
2025-12-07 22:55:23 [tracker] [s1] onset-accepted t=8.4677 env=0.137931 onset=0.991735 thresh=0.006000 baseline=0.039289 gate=0.002161 envFloor=0.027502 floor=0.022429 adapt=0.039289 lastPeak=0.009004 calib=0.022429 baseParam=0.000180 gateRatio=0.0550 envParam=0.000450
2025-12-07 22:55:23 [tracker] [s1] onset t=8.468 env=0.13793 baseline=0.03929 gate=0.00216 envFloor=0.02750 onset=0.992>=0.006
2025-12-07 22:55:23 [tracker] [s2] onset t=8.486 env=0.10432 baseline=0.04834 gate=0.00483 envFloor=0.03384 onset=1.001>=0.009
2025-12-07 22:55:23 [tracker] [s2] note-ended (new onset) t=8.486 fret=9 dur=0.067
2025-12-07 22:55:23 [tracker] [s2] note-start t=8.486 fret=9 midi=54 vel=1.00 env=0.10432
2025-12-07 22:55:23 [tracker] [s3] onset t=8.521 env=0.02344 baseline=0.01596 gate=0.00208 envFloor=0.01117 onset=1.116>=0.012
2025-12-07 22:55:23 [tracker] [s1] onset-below-env-floor t=8.5291 env=0.022012 onset=0.984175 thresh=0.006000 baseline=0.043715 gate=0.002404 envFloor=0.030601 floor=0.022429 adapt=0.043715 lastPeak=0.008023 calib=0.022429 baseParam=0.000180 gateRatio=0.0550 envParam=0.000450
2025-12-07 22:55:23 [tracker] [s2] release-retrigger t=8.548 onset=0.706 gate=0.063 age=0.061
2025-12-07 22:55:23 [tracker] [s2] note-ended t=8.548 fret=9 dur=0.061
2025-12-07 22:55:23 [tracker] [s1] onset-below-env-floor t=8.5797 env=0.022839 onset=0.853127 thresh=0.006000 baseline=0.036526 gate=0.002009 envFloor=0.025568 floor=0.022429 adapt=0.036526 lastPeak=0.007295 calib=0.022429 baseParam=0.000180 gateRatio=0.0550 envParam=0.000450
2025-12-07 22:55:23 [tracker] [s3] onset t=8.582 env=0.01358 baseline=0.01386 gate=0.00180 envFloor=0.01013 onset=1.260>=0.012
2025-12-07 22:55:23 [tracker] [s3] note-start t=8.582 fret=12 midi=62 vel=0.16 env=0.01358
2025-12-07 22:55:23 [tracker] [s3] release-retrigger t=8.641 onset=1.083 gate=0.011 age=0.059
2025-12-07 22:55:23 [tracker] [s3] note-ended t=8.641 fret=12 dur=0.059
2025-12-07 22:55:23 [tracker] [s1] onset-below-gate t=8.6677 env=0.000153 onset=1.362418 thresh=0.006000 baseline=0.022429 gate=0.001234 envFloor=0.019065 floor=0.022429 adapt=0.022429 lastPeak=0.006182 calib=0.022429 baseParam=0.000180 gateRatio=0.0550 envParam=0.000450
2025-12-07 22:55:24 [tracker] [s1] onset-below-gate t=8.9077 env=0.000138 onset=1.123400 thresh=0.006000 baseline=0.022429 gate=0.001234 envFloor=0.019065 floor=0.022429 adapt=0.022429 lastPeak=0.003938 calib=0.022429 baseParam=0.000180 gateRatio=0.0550 envParam=0.000450
2025-12-07 22:55:24 [tracker] [s1] onset-below-gate t=9.0223 env=0.000166 onset=1.051707 thresh=0.006000 baseline=0.022429 gate=0.001234 envFloor=0.019065 floor=0.022429 adapt=0.022429 lastPeak=0.003174 calib=0.022429 baseParam=0.000180 gateRatio=0.0550 envParam=0.000450
2025-12-07 22:55:24 [tracker] [s1] onset-below-gate t=9.2703 env=0.000218 onset=0.678603 thresh=0.006000 baseline=0.022429 gate=0.001234 envFloor=0.019065 floor=0.022429 adapt=0.022429 lastPeak=0.001991 calib=0.022429 baseParam=0.000180 gateRatio=0.0550 envParam=0.000450
2025-12-07 22:55:25 [tracker] [s1] onset-below-gate t=9.3957 env=0.000176 onset=0.848047 thresh=0.006000 baseline=0.022429 gate=0.001234 envFloor=0.019065 floor=0.022429 adapt=0.022429 lastPeak=0.001573 calib=0.022429 baseParam=0.000180 gateRatio=0.0550 envParam=0.000450
2025-12-07 22:55:25 [live-record] stop duration=12.45
2025-12-07 22:55:25 [tracker] [s1] onset-below-gate t=9.5183 env=0.000091 onset=1.228884 thresh=0.006000 baseline=0.022429 gate=0.001234 envFloor=0.019065 floor=0.022429 adapt=0.022429 lastPeak=0.001249 calib=0.022429 baseParam=0.000180 gateRatio=0.0550 envParam=0.000450
2025-12-07 22:55:25 [tracker] [s1] onset-below-gate t=9.5930 env=0.000194 onset=1.008371 thresh=0.006000 baseline=0.022429 gate=0.001234 envFloor=0.019065 floor=0.022429 adapt=0.022429 lastPeak=0.001086 calib=0.022429 baseParam=0.000180 gateRatio=0.0550 envParam=0.000450
2025-12-07 22:55:25 [tracker] [s1] onset-below-gate t=9.6463 env=0.000229 onset=0.860663 thresh=0.006000 baseline=0.022429 gate=0.001234 envFloor=0.019065 floor=0.022429 adapt=0.022429 lastPeak=0.000982 calib=0.022429 baseParam=0.000180 gateRatio=0.0550 envParam=0.000450
2025-12-07 22:55:25 [tracker] [s1] onset-below-gate t=9.7476 env=0.000191 onset=0.995970 thresh=0.006000 baseline=0.022429 gate=0.001234 envFloor=0.019065 floor=0.022429 adapt=0.022429 lastPeak=0.000812 calib=0.022429 baseParam=0.000180 gateRatio=0.0550 envParam=0.000450
2025-12-07 22:55:25 [tracker] [s1] onset-below-gate t=9.8010 env=0.000112 onset=0.903407 thresh=0.006000 baseline=0.022429 gate=0.001234 envFloor=0.019065 floor=0.022429 adapt=0.022429 lastPeak=0.000734 calib=0.022429 baseParam=0.000180 gateRatio=0.0550 envParam=0.000450
2025-12-07 22:55:25 [tracker] [s1] onset-below-gate t=9.9050 env=0.000189 onset=0.680364 thresh=0.006000 baseline=0.022429 gate=0.001234 envFloor=0.019065 floor=0.022429 adapt=0.022429 lastPeak=0.000604 calib=0.022429 baseParam=0.000180 gateRatio=0.0550 envParam=0.000450
2025-12-07 22:55:26 [tracker] [s1] onset-below-gate t=10.0836 env=0.000200 onset=0.998612 thresh=0.006000 baseline=0.022429 gate=0.001234 envFloor=0.019065 floor=0.022429 adapt=0.022429 lastPeak=0.000432 calib=0.022429 baseParam=0.000180 gateRatio=0.0550 envParam=0.000450
2025-12-07 22:55:26 [tracker] [s1] onset-below-gate t=10.1636 env=0.000160 onset=1.049852 thresh=0.006000 baseline=0.022429 gate=0.001234 envFloor=0.019065 floor=0.022429 adapt=0.022429 lastPeak=0.000371 calib=0.022429 baseParam=0.000180 gateRatio=0.0550 envParam=0.000450
2025-12-07 22:55:26 [tracker] [s1] onset-below-gate t=10.2249 env=0.000086 onset=0.959816 thresh=0.006000 baseline=0.022429 gate=0.001234 envFloor=0.019065 floor=0.022429 adapt=0.022429 lastPeak=0.000331 calib=0.022429 baseParam=0.000180 gateRatio=0.0550 envParam=0.000450
2025-12-07 22:55:26 [tracker] [s1] onset-below-gate t=10.2889 env=0.000146 onset=1.198918 thresh=0.006000 baseline=0.022429 gate=0.001234 envFloor=0.019065 floor=0.022429 adapt=0.022429 lastPeak=0.000293 calib=0.022429 baseParam=0.000180 gateRatio=0.0550 envParam=0.000450
2025-12-07 22:55:26 [tracker] [s1] onset-below-gate t=10.4489 env=0.000202 onset=0.999978 thresh=0.006000 baseline=0.022429 gate=0.001234 envFloor=0.019065 floor=0.022429 adapt=0.022429 lastPeak=0.000217 calib=0.022429 baseParam=0.000180 gateRatio=0.0550 envParam=0.000450
2025-12-07 22:55:27 [tracker] [s1] onset-below-gate t=10.5529 env=0.000196 onset=0.878538 thresh=0.006000 baseline=0.022429 gate=0.001234 envFloor=0.019065 floor=0.022429 adapt=0.022429 lastPeak=0.000179 calib=0.022429 baseParam=0.000180 gateRatio=0.0550 envParam=0.000450
2025-12-07 22:55:27 [tracker] [s1] onset-below-gate t=10.6782 env=0.000152 onset=0.939046 thresh=0.006000 baseline=0.022429 gate=0.001234 envFloor=0.019065 floor=0.022429 adapt=0.022429 lastPeak=0.000141 calib=0.022429 baseParam=0.000180 gateRatio=0.0550 envParam=0.000450
2025-12-07 22:55:27 [tracker] [s1] onset-below-gate t=10.7556 env=0.000142 onset=0.786251 thresh=0.006000 baseline=0.022429 gate=0.001234 envFloor=0.019065 floor=0.022429 adapt=0.022429 lastPeak=0.000122 calib=0.022429 baseParam=0.000180 gateRatio=0.0550 envParam=0.000450
2025-12-07 22:55:27 [tracker] [s1] onset-below-gate t=10.8062 env=0.000191 onset=1.328207 thresh=0.006000 baseline=0.022429 gate=0.001234 envFloor=0.019065 floor=0.022429 adapt=0.022429 lastPeak=0.000111 calib=0.022429 baseParam=0.000180 gateRatio=0.0550 envParam=0.000450
2025-12-07 22:55:27 [tracker] [s1] onset-below-gate t=10.8622 env=0.000103 onset=0.994323 thresh=0.006000 baseline=0.022429 gate=0.001234 envFloor=0.019065 floor=0.022429 adapt=0.022429 lastPeak=0.000100 calib=0.022429 baseParam=0.000180 gateRatio=0.0550 envParam=0.000450
2025-12-07 22:55:27 [tracker] [s1] onset-below-gate t=10.9182 env=0.000133 onset=0.782416 thresh=0.006000 baseline=0.022429 gate=0.001234 envFloor=0.019065 floor=0.022429 adapt=0.022429 lastPeak=0.000090 calib=0.022429 baseParam=0.000180 gateRatio=0.0550 envParam=0.000450
2025-12-07 22:55:27 [tracker] [s1] onset-below-gate t=11.0169 env=0.000095 onset=1.442347 thresh=0.006000 baseline=0.022429 gate=0.001234 envFloor=0.019065 floor=0.022429 adapt=0.022429 lastPeak=0.000075 calib=0.022429 baseParam=0.000180 gateRatio=0.0550 envParam=0.000450
2025-12-07 22:55:28 [tracker] [s1] onset-below-gate t=11.1289 env=0.000166 onset=0.994478 thresh=0.006000 baseline=0.022429 gate=0.001234 envFloor=0.019065 floor=0.022429 adapt=0.022429 lastPeak=0.000061 calib=0.022429 baseParam=0.000180 gateRatio=0.0550 envParam=0.000450
2025-12-07 22:55:28 [tracker] [s1] onset-below-gate t=11.2382 env=0.000116 onset=1.476186 thresh=0.006000 baseline=0.022429 gate=0.001234 envFloor=0.019065 floor=0.022429 adapt=0.022429 lastPeak=0.000049 calib=0.022429 baseParam=0.000180 gateRatio=0.0550 envParam=0.000450
2025-12-07 22:55:28 [live-record] label='efasef' duration=12.45
2025-12-07 22:55:28 [tracker] [s1] onset-below-gate t=11.5128 env=0.000130 onset=0.799326 thresh=0.006000 baseline=0.022429 gate=0.001234 envFloor=0.019065 floor=0.022429 adapt=0.022429 lastPeak=0.000029 calib=0.022429 baseParam=0.000180 gateRatio=0.0550 envParam=0.000450
2025-12-07 22:55:28 [tracker] [s1] onset-below-gate t=11.5715 env=0.000158 onset=1.158939 thresh=0.006000 baseline=0.022429 gate=0.001234 envFloor=0.019065 floor=0.022429 adapt=0.022429 lastPeak=0.000026 calib=0.022429 baseParam=0.000180 gateRatio=0.0550 envParam=0.000450
2025-12-07 22:55:28 [tracker] [s1] onset-below-gate t=11.6222 env=0.000087 onset=1.320077 thresh=0.006000 baseline=0.022429 gate=0.001234 envFloor=0.019065 floor=0.022429 adapt=0.022429 lastPeak=0.000024 calib=0.022429 baseParam=0.000180 gateRatio=0.0550 envParam=0.000450
2025-12-07 22:55:29 [tracker] [s1] onset-below-gate t=11.6782 env=0.000103 onset=0.775557 thresh=0.006000 baseline=0.022429 gate=0.001234 envFloor=0.019065 floor=0.022429 adapt=0.022429 lastPeak=0.000022 calib=0.022429 baseParam=0.000180 gateRatio=0.0550 envParam=0.000450
2025-12-07 22:55:29 [tracker] [s1] onset-below-gate t=11.7475 env=0.000158 onset=0.624138 thresh=0.006000 baseline=0.022429 gate=0.001234 envFloor=0.019065 floor=0.022429 adapt=0.022429 lastPeak=0.000019 calib=0.022429 baseParam=0.000180 gateRatio=0.0550 envParam=0.000450
2025-12-07 22:55:29 [tracker] [s1] onset-below-gate t=11.8008 env=0.000139 onset=1.382059 thresh=0.006000 baseline=0.022429 gate=0.001234 envFloor=0.019065 floor=0.022429 adapt=0.022429 lastPeak=0.000017 calib=0.022429 baseParam=0.000180 gateRatio=0.0550 envParam=0.000450
2025-12-07 22:55:29 [tracker] [s1] onset-below-gate t=11.8675 env=0.000180 onset=1.484168 thresh=0.006000 baseline=0.022429 gate=0.001234 envFloor=0.019065 floor=0.022429 adapt=0.022429 lastPeak=0.000015 calib=0.022429 baseParam=0.000180 gateRatio=0.0550 envParam=0.000450
2025-12-07 22:55:29 [tracker] [s1] onset-below-gate t=11.9208 env=0.000240 onset=1.040046 thresh=0.006000 baseline=0.022429 gate=0.001234 envFloor=0.019065 floor=0.022429 adapt=0.022429 lastPeak=0.000014 calib=0.022429 baseParam=0.000180 gateRatio=0.0550 envParam=0.000450
2025-12-07 22:55:29 [live-record] saved session folder='efasef' duration=9.42
2025-12-07 22:55:29 [tracker] [s1] onset-below-gate t=11.9848 env=0.000135 onset=1.240336 thresh=0.006000 baseline=0.022429 gate=0.001234 envFloor=0.019065 floor=0.022429 adapt=0.022429 lastPeak=0.000012 calib=0.022429 baseParam=0.000180 gateRatio=0.0550 envParam=0.000450
2025-12-07 22:55:29 [tracker] [s1] onset-below-gate t=12.1795 env=0.000087 onset=0.878324 thresh=0.006000 baseline=0.022429 gate=0.001234 envFloor=0.019065 floor=0.022429 adapt=0.022429 lastPeak=0.000008 calib=0.022429 baseParam=0.000180 gateRatio=0.0550 envParam=0.000450
2025-12-07 22:55:30 [tracker] [s1] onset-below-gate t=12.3234 env=0.000108 onset=1.036360 thresh=0.006000 baseline=0.022429 gate=0.001234 envFloor=0.019065 floor=0.022429 adapt=0.022429 lastPeak=0.000006 calib=0.022429 baseParam=0.000180 gateRatio=0.0550 envParam=0.000450
2025-12-07 22:55:30 [tracker] [s1] onset-below-gate t=12.3794 env=0.000126 onset=1.248608 thresh=0.006000 baseline=0.022429 gate=0.001234 envFloor=0.019065 floor=0.022429 adapt=0.022429 lastPeak=0.000006 calib=0.022429 baseParam=0.000180 gateRatio=0.0550 envParam=0.000450
2025-12-07 22:55:30 [tracker] [s1] onset-below-gate t=12.4941 env=0.000177 onset=0.879514 thresh=0.006000 baseline=0.022429 gate=0.001234 envFloor=0.019065 floor=0.022429 adapt=0.022429 lastPeak=0.000005 calib=0.022429 baseParam=0.000180 gateRatio=0.0550 envParam=0.000450
2025-12-07 22:55:30 [tracker] [s1] onset-below-gate t=12.5741 env=0.000155 onset=0.750209 thresh=0.006000 baseline=0.022429 gate=0.001234 envFloor=0.019065 floor=0.022429 adapt=0.022429 lastPeak=0.000004 calib=0.022429 baseParam=0.000180 gateRatio=0.0550 envParam=0.000450
2025-12-07 22:55:30 [tracker] [s1] onset-below-gate t=12.6728 env=0.000127 onset=1.091583 thresh=0.006000 baseline=0.022429 gate=0.001234 envFloor=0.019065 floor=0.022429 adapt=0.022429 lastPeak=0.000003 calib=0.022429 baseParam=0.000180 gateRatio=0.0550 envParam=0.000450
2025-12-07 22:55:30 [tracker] [s1] onset-below-gate t=12.7367 env=0.000124 onset=0.817069 thresh=0.006000 baseline=0.022429 gate=0.001234 envFloor=0.019065 floor=0.022429 adapt=0.022429 lastPeak=0.000003 calib=0.022429 baseParam=0.000180 gateRatio=0.0550 envParam=0.000450
2025-12-07 22:55:30 [tracker] [s1] onset-below-gate t=12.7981 env=0.000158 onset=0.791860 thresh=0.006000 baseline=0.022429 gate=0.001234 envFloor=0.019065 floor=0.022429 adapt=0.022429 lastPeak=0.000003 calib=0.022429 baseParam=0.000180 gateRatio=0.0550 envParam=0.000450
2025-12-07 22:55:31 [tracker] [s1] onset-below-gate t=12.9074 env=0.000106 onset=0.790467 thresh=0.006000 baseline=0.022429 gate=0.001234 envFloor=0.019065 floor=0.022429 adapt=0.022429 lastPeak=0.000002 calib=0.022429 baseParam=0.000180 gateRatio=0.0550 envParam=0.000450
2025-12-07 22:55:31 [tracker] [s1] onset-below-gate t=12.9927 env=0.000134 onset=0.997987 thresh=0.006000 baseline=0.022429 gate=0.001234 envFloor=0.019065 floor=0.022429 adapt=0.022429 lastPeak=0.000002 calib=0.022429 baseParam=0.000180 gateRatio=0.0550 envParam=0.000450
2025-12-07 22:55:31 [tracker] [s1] onset-below-gate t=13.0967 env=0.000092 onset=1.182094 thresh=0.006000 baseline=0.022429 gate=0.001234 envFloor=0.019065 floor=0.022429 adapt=0.022429 lastPeak=0.000001 calib=0.022429 baseParam=0.000180 gateRatio=0.0550 envParam=0.000450
2025-12-07 22:55:31 [tracker] [s1] onset-below-gate t=13.2380 env=0.000110 onset=0.883093 thresh=0.006000 baseline=0.022429 gate=0.001234 envFloor=0.019065 floor=0.022429 adapt=0.022429 lastPeak=0.000001 calib=0.022429 baseParam=0.000180 gateRatio=0.0550 envParam=0.000450
2025-12-07 22:55:31 [tracker] [s1] onset-below-gate t=13.3447 env=0.000145 onset=0.907549 thresh=0.006000 baseline=0.022429 gate=0.001234 envFloor=0.019065 floor=0.022429 adapt=0.022429 lastPeak=0.000001 calib=0.022429 baseParam=0.000180 gateRatio=0.0550 envParam=0.000450
2025-12-07 22:55:31 [tracker] [s1] onset-below-gate t=13.4300 env=0.000096 onset=0.765563 thresh=0.006000 baseline=0.022429 gate=0.001234 envFloor=0.019065 floor=0.022429 adapt=0.022429 lastPeak=0.000001 calib=0.022429 baseParam=0.000180 gateRatio=0.0550 envParam=0.000450
2025-12-07 22:55:32 [tracker] [s1] onset-below-gate t=13.5207 env=0.000146 onset=1.273618 thresh=0.006000 baseline=0.022429 gate=0.001234 envFloor=0.019065 floor=0.022429 adapt=0.022429 lastPeak=0.000001 calib=0.022429 baseParam=0.000180 gateRatio=0.0550 envParam=0.000450
2025-12-07 22:55:32 [tracker] [s1] onset-below-gate t=13.5980 env=0.000171 onset=0.610352 thresh=0.006000 baseline=0.022429 gate=0.001234 envFloor=0.019065 floor=0.022429 adapt=0.022429 lastPeak=0.000001 calib=0.022429 baseParam=0.000180 gateRatio=0.0550 envParam=0.000450
2025-12-07 22:55:32 [tracker] [s1] onset-below-gate t=13.6753 env=0.000126 onset=0.689422 thresh=0.006000 baseline=0.022429 gate=0.001234 envFloor=0.019065 floor=0.022429 adapt=0.022429 lastPeak=0.000001 calib=0.022429 baseParam=0.000180 gateRatio=0.0550 envParam=0.000450
2025-12-07 22:55:32 [tracker] [s1] onset-below-gate t=13.8673 env=0.000126 onset=0.718499 thresh=0.006000 baseline=0.022429 gate=0.001234 envFloor=0.019065 floor=0.022429 adapt=0.022429 lastPeak=0.000000 calib=0.022429 baseParam=0.000180 gateRatio=0.0550 envParam=0.000450
2025-12-07 22:55:32 [tracker] [s1] onset-below-gate t=13.9260 env=0.000109 onset=1.146084 thresh=0.006000 baseline=0.022429 gate=0.001234 envFloor=0.019065 floor=0.022429 adapt=0.022429 lastPeak=0.000000 calib=0.022429 baseParam=0.000180 gateRatio=0.0550 envParam=0.000450
2025-12-07 22:55:32 [tracker] [s1] onset-below-gate t=13.9953 env=0.000173 onset=1.044963 thresh=0.006000 baseline=0.022429 gate=0.001234 envFloor=0.019065 floor=0.022429 adapt=0.022429 lastPeak=0.000000 calib=0.022429 baseParam=0.000180 gateRatio=0.0550 envParam=0.000450
2025-12-07 22:55:33 [tracker] [s1] onset-below-gate t=14.0593 env=0.000091 onset=0.966109 thresh=0.006000 baseline=0.022429 gate=0.001234 envFloor=0.019065 floor=0.022429 adapt=0.022429 lastPeak=0.000000 calib=0.022429 baseParam=0.000180 gateRatio=0.0550 envParam=0.000450
2025-12-07 22:55:33 [tracker] [s1] onset-below-gate t=14.1206 env=0.000107 onset=0.615295 thresh=0.006000 baseline=0.022429 gate=0.001234 envFloor=0.019065 floor=0.022429 adapt=0.022429 lastPeak=0.000000 calib=0.022429 baseParam=0.000180 gateRatio=0.0550 envParam=0.000450
2025-12-07 22:55:33 [tracker] [s1] onset-below-gate t=14.2566 env=0.000119 onset=0.986412 thresh=0.006000 baseline=0.022429 gate=0.001234 envFloor=0.019065 floor=0.022429 adapt=0.022429 lastPeak=0.000000 calib=0.022429 baseParam=0.000180 gateRatio=0.0550 envParam=0.000450
2025-12-07 22:55:33 [tracker] [s1] onset-below-gate t=14.3713 env=0.000086 onset=1.037146 thresh=0.006000 baseline=0.022429 gate=0.001234 envFloor=0.019065 floor=0.022429 adapt=0.022429 lastPeak=0.000000 calib=0.022429 baseParam=0.000180 gateRatio=0.0550 envParam=0.000450
2025-12-07 22:55:33 [tracker] [s1] onset-below-gate t=14.5553 env=0.000117 onset=0.953377 thresh=0.006000 baseline=0.022429 gate=0.001234 envFloor=0.019065 floor=0.022429 adapt=0.022429 lastPeak=0.000000 calib=0.022429 baseParam=0.000180 gateRatio=0.0550 envParam=0.000450
2025-12-07 22:55:34 [tracker] [s1] onset-below-gate t=14.6539 env=0.000122 onset=0.930139 thresh=0.006000 baseline=0.022429 gate=0.001234 envFloor=0.019065 floor=0.022429 adapt=0.022429 lastPeak=0.000000 calib=0.022429 baseParam=0.000180 gateRatio=0.0550 envParam=0.000450
2025-12-07 22:55:34 [tracker] [s1] onset-below-gate t=14.7126 env=0.000139 onset=1.265480 thresh=0.006000 baseline=0.022429 gate=0.001234 envFloor=0.019065 floor=0.022429 adapt=0.022429 lastPeak=0.000000 calib=0.022429 baseParam=0.000180 gateRatio=0.0550 envParam=0.000450
2025-12-07 22:55:34 [tracker] [s1] onset-below-gate t=14.7926 env=0.000167 onset=0.836011 thresh=0.006000 baseline=0.022429 gate=0.001234 envFloor=0.019065 floor=0.022429 adapt=0.022429 lastPeak=0.000000 calib=0.022429 baseParam=0.000180 gateRatio=0.0550 envParam=0.000450
2025-12-07 22:55:34 [tracker] [s1] onset-below-gate t=14.9819 env=0.000096 onset=0.789471 thresh=0.006000 baseline=0.022429 gate=0.001234 envFloor=0.019065 floor=0.022429 adapt=0.022429 lastPeak=0.000000 calib=0.022429 baseParam=0.000180 gateRatio=0.0550 envParam=0.000450
2025-12-07 22:55:34 [tracker] [s1] onset-below-gate t=15.0326 env=0.000112 onset=0.728107 thresh=0.006000 baseline=0.022429 gate=0.001234 envFloor=0.019065 floor=0.022429 adapt=0.022429 lastPeak=0.000000 calib=0.022429 baseParam=0.000180 gateRatio=0.0550 envParam=0.000450
2025-12-07 22:55:34 [tracker] [s1] onset-below-gate t=15.0859 env=0.000137 onset=1.112072 thresh=0.006000 baseline=0.022429 gate=0.001234 envFloor=0.019065 floor=0.022429 adapt=0.022429 lastPeak=0.000000 calib=0.022429 baseParam=0.000180 gateRatio=0.0550 envParam=0.000450
2025-12-07 22:55:34 [tracker] [s1] onset-below-gate t=15.1872 env=0.000194 onset=0.610961 thresh=0.006000 baseline=0.022429 gate=0.001234 envFloor=0.019065 floor=0.022429 adapt=0.022429 lastPeak=0.000000 calib=0.022429 baseParam=0.000180 gateRatio=0.0550 envParam=0.000450
2025-12-07 22:55:35 [tracker] [s1] onset-below-gate t=15.2406 env=0.000140 onset=0.841900 thresh=0.006000 baseline=0.022429 gate=0.001234 envFloor=0.019065 floor=0.022429 adapt=0.022429 lastPeak=0.000000 calib=0.022429 baseParam=0.000180 gateRatio=0.0550 envParam=0.000450
2025-12-07 22:55:35 [tracker] [s1] onset-below-gate t=15.4059 env=0.000094 onset=1.268203 thresh=0.006000 baseline=0.022429 gate=0.001234 envFloor=0.019065 floor=0.022429 adapt=0.022429 lastPeak=0.000000 calib=0.022429 baseParam=0.000180 gateRatio=0.0550 envParam=0.000450
2025-12-07 22:55:35 [tracker] [s1] onset-below-gate t=15.4672 env=0.000105 onset=0.963931 thresh=0.006000 baseline=0.022429 gate=0.001234 envFloor=0.019065 floor=0.022429 adapt=0.022429 lastPeak=0.000000 calib=0.022429 baseParam=0.000180 gateRatio=0.0550 envParam=0.000450
2025-12-07 22:55:35 [tracker] [s1] onset-below-gate t=15.7125 env=0.000096 onset=1.393943 thresh=0.006000 baseline=0.022429 gate=0.001234 envFloor=0.019065 floor=0.022429 adapt=0.022429 lastPeak=0.000000 calib=0.022429 baseParam=0.000180 gateRatio=0.0550 envParam=0.000450
2025-12-07 22:55:36 [tracker] [s1] onset-below-gate t=15.7952 env=0.000183 onset=0.660606 thresh=0.006000 baseline=0.022429 gate=0.001234 envFloor=0.019065 floor=0.022429 adapt=0.022429 lastPeak=0.000000 calib=0.022429 baseParam=0.000180 gateRatio=0.0550 envParam=0.000450
2025-12-07 22:55:36 [tracker] [s1] onset-below-gate t=15.9178 env=0.000093 onset=1.275919 thresh=0.006000 baseline=0.022429 gate=0.001234 envFloor=0.019065 floor=0.022429 adapt=0.022429 lastPeak=0.000000 calib=0.022429 baseParam=0.000180 gateRatio=0.0550 envParam=0.000450
2025-12-07 22:55:36 [tracker] [s1] onset-below-gate t=16.0405 env=0.000178 onset=1.042691 thresh=0.006000 baseline=0.022429 gate=0.001234 envFloor=0.019065 floor=0.022429 adapt=0.022429 lastPeak=0.000000 calib=0.022429 baseParam=0.000180 gateRatio=0.0550 envParam=0.000450
2025-12-07 22:55:36 [tracker] [s1] onset-below-gate t=16.1232 env=0.000115 onset=0.987059 thresh=0.006000 baseline=0.022429 gate=0.001234 envFloor=0.019065 floor=0.022429 adapt=0.022429 lastPeak=0.000000 calib=0.022429 baseParam=0.000180 gateRatio=0.0550 envParam=0.000450
2025-12-07 22:55:37 [tracker] [s1] onset-below-gate t=16.3818 env=0.000119 onset=0.601596 thresh=0.006000 baseline=0.022429 gate=0.001234 envFloor=0.019065 floor=0.022429 adapt=0.022429 lastPeak=0.000000 calib=0.022429 baseParam=0.000180 gateRatio=0.0550 envParam=0.000450
2025-12-07 22:55:37 [tracker] [s1] onset-below-gate t=16.4911 env=0.000119 onset=0.947443 thresh=0.006000 baseline=0.022429 gate=0.001234 envFloor=0.019065 floor=0.022429 adapt=0.022429 lastPeak=0.000000 calib=0.022429 baseParam=0.000180 gateRatio=0.0550 envParam=0.000450
2025-12-07 22:55:37 [tracker] [s1] onset-below-gate t=16.6165 env=0.000087 onset=0.983179 thresh=0.006000 baseline=0.022429 gate=0.001234 envFloor=0.019065 floor=0.022429 adapt=0.022429 lastPeak=0.000000 calib=0.022429 baseParam=0.000180 gateRatio=0.0550 envParam=0.000450
2025-12-07 22:55:37 [tracker] [s1] onset-below-gate t=16.7098 env=0.000130 onset=0.991620 thresh=0.006000 baseline=0.022429 gate=0.001234 envFloor=0.019065 floor=0.022429 adapt=0.022429 lastPeak=0.000000 calib=0.022429 baseParam=0.000180 gateRatio=0.0550 envParam=0.000450
2025-12-07 22:55:37 [tracker] [s1] onset-below-gate t=16.7738 env=0.000137 onset=0.586355 thresh=0.006000 baseline=0.022429 gate=0.001234 envFloor=0.019065 floor=0.022429 adapt=0.022429 lastPeak=0.000000 calib=0.022429 baseParam=0.000180 gateRatio=0.0550 envParam=0.000450
2025-12-07 22:55:37 [tracker] [s1] onset-below-gate t=16.8245 env=0.000181 onset=1.344405 thresh=0.006000 baseline=0.022429 gate=0.001234 envFloor=0.019065 floor=0.022429 adapt=0.022429 lastPeak=0.000000 calib=0.022429 baseParam=0.000180 gateRatio=0.0550 envParam=0.000450
2025-12-07 22:55:37 [tracker] [s1] onset-below-gate t=16.8911 env=0.000143 onset=0.674164 thresh=0.006000 baseline=0.022429 gate=0.001234 envFloor=0.019065 floor=0.022429 adapt=0.022429 lastPeak=0.000000 calib=0.022429 baseParam=0.000180 gateRatio=0.0550 envParam=0.000450
