# SignalAssistant session log
# Started at 2025-12-20 02:07:15
2025-12-20 02:07:15 [session] mode=live session='' path='' duration=0.00 files=0
2025-12-20 02:07:15 [tracker-settings] TrackerConfig onsetThreshold=0.02000 minNoteDurSec=0.045 hopSec=0.010 slideDelta=120.0 bendDelta=35.0
2025-12-20 02:07:15 [tracker-settings] string1 midi=40 lowCut=6386.53Hz highCut=52740.41Hz baseline=0.000180 gateRatio=0.05500 envFloor=0.000450 sustainScale=0.580 retriggerScale=1.400 peakRelease=0.120 pitchTol=0.400 onsetScale=0.007
2025-12-20 02:07:15 [tracker-settings] string2 midi=45 lowCut=11275.00Hz highCut=94600.00Hz baseline=0.000220 gateRatio=0.10000 envFloor=0.000550 sustainScale=0.700 retriggerScale=1.250 peakRelease=0.130 pitchTol=0.400 onsetScale=0.012
2025-12-20 02:07:15 [tracker-settings] string3 midi=50 lowCut=20189.45Hz highCut=170325.56Hz baseline=0.000260 gateRatio=0.13000 envFloor=0.000650 sustainScale=0.820 retriggerScale=1.100 peakRelease=0.140 pitchTol=0.450 onsetScale=0.019
2025-12-20 02:07:15 [tracker-settings] string4 midi=55 lowCut=36749.57Hz highCut=301836.47Hz baseline=0.000320 gateRatio=0.17000 envFloor=0.000780 sustainScale=1.000 retriggerScale=1.000 peakRelease=0.160 pitchTol=0.440 onsetScale=0.025
2025-12-20 02:07:15 [tracker-settings] string5 midi=59 lowCut=58648.64Hz highCut=479066.81Hz baseline=0.000370 gateRatio=0.21000 envFloor=0.000900 sustainScale=1.000 retriggerScale=1.000 peakRelease=0.180 pitchTol=0.500 onsetScale=0.029
2025-12-20 02:07:15 [tracker-settings] string6 midi=64 lowCut=104656.75Hz highCut=857031.69Hz baseline=0.000420 gateRatio=0.25000 envFloor=0.001050 sustainScale=1.000 retriggerScale=1.000 peakRelease=0.200 pitchTol=0.550 onsetScale=0.032
2025-12-20 02:07:15 [tracker] [s1] calibration reset target=0.00180 gain=1.000
2025-12-20 02:07:15 [tracker] [s2] calibration reset target=0.00180 gain=1.000
2025-12-20 02:07:15 [tracker] [s3] calibration reset target=0.00180 gain=1.000
2025-12-20 02:07:15 [tracker] [s4] calibration reset target=0.00180 gain=1.000
2025-12-20 02:07:15 [tracker] [s5] calibration reset target=0.00180 gain=1.000
2025-12-20 02:07:15 [tracker] [s6] calibration reset target=0.00180 gain=1.000
2025-12-20 02:07:15 [calibration] Loading calibration profile multipliers into parameters
2025-12-20 02:07:15 [calibration] String 1: setting multiplier to 6.340
2025-12-20 02:07:15 [calibration] String 2: setting multiplier to 8.000
2025-12-20 02:07:15 [calibration] String 3: setting multiplier to 8.000
2025-12-20 02:07:15 [calibration] String 4: setting multiplier to 8.000
2025-12-20 02:07:15 [calibration] String 5: setting multiplier to 8.000
2025-12-20 02:07:15 [calibration] String 6: setting multiplier to 8.000
2025-12-20 02:07:15 [tracker] [s1] calibration avg=0.03937 target=0.00180 gain=1.000
2025-12-20 02:07:15 [tracker] [s3] calibration avg=0.00661 target=0.00180 gain=1.000
2025-12-20 02:07:15 [tracker] [s4] calibration avg=0.00473 target=0.00180 gain=1.000
2025-12-20 02:07:15 [tracker] [s5] calibration avg=0.00699 target=0.00180 gain=1.000
2025-12-20 02:07:15 [tracker] [s6] calibration avg=0.02247 target=0.00180 gain=1.000
2025-12-20 02:07:15 [tracker] [s1] configure sr=48000.0 hop=128 fft=1024 low=75.0 high=160.0
2025-12-20 02:07:15 [tracker] [s2] configure sr=48000.0 hop=128 fft=1024 low=100.0 high=215.0
2025-12-20 02:07:15 [tracker] [s2] params baseline=0.000220 gate=0.0100 envFloor=0.000100 sustain=1.500 retrigger=1.250 peakRelease=0.130 pitchTol=0.400 onsetScale=0.009 aubioScale=1.35 aubioThresh=0.027 onsetSilence=-85.0 pitchSilence=-90.0
2025-12-20 02:07:15 [tracker] [s3] configure sr=48000.0 hop=128 fft=1024 low=135.0 high=290.0
2025-12-20 02:07:15 [tracker] [s3] params baseline=0.000260 gate=0.1300 envFloor=0.000650 sustain=0.820 retrigger=1.100 peakRelease=0.140 pitchTol=0.450 onsetScale=0.012 aubioScale=1.60 aubioThresh=0.032 onsetSilence=-75.0 pitchSilence=-80.0
2025-12-20 02:07:15 [tracker] [s4] configure sr=48000.0 hop=128 fft=1024 low=185.0 high=385.0
2025-12-20 02:07:15 [tracker] [s4] params baseline=0.000320 gate=0.1700 envFloor=0.000780 sustain=1.000 retrigger=1.000 peakRelease=0.160 pitchTol=0.440 onsetScale=0.014 aubioScale=1.80 aubioThresh=0.036 onsetSilence=-75.0 pitchSilence=-80.0
2025-12-20 02:07:15 [tracker] [s5] configure sr=48000.0 hop=128 fft=512 low=235.0 high=485.0
2025-12-20 02:07:15 [tracker] [s5] params baseline=0.000370 gate=0.2100 envFloor=0.000900 sustain=1.000 retrigger=1.000 peakRelease=0.180 pitchTol=0.500 onsetScale=0.016 aubioScale=1.80 aubioThresh=0.036 onsetSilence=-75.0 pitchSilence=-80.0
2025-12-20 02:07:15 [tracker] [s6] configure sr=48000.0 hop=128 fft=512 low=315.0 high=650.0
2025-12-20 02:07:15 [tracker] [s6] params baseline=0.000420 gate=0.2500 envFloor=0.001050 sustain=1.000 retrigger=1.000 peakRelease=0.200 pitchTol=0.550 onsetScale=0.018 aubioScale=1.80 aubioThresh=0.036 onsetSilence=-75.0 pitchSilence=-80.0
2025-12-20 02:07:15 [tracker] [s1] aubio-raw t=0.0120 onset=4.000000 env=0.015193 peak=0.019103 gain=1.000
2025-12-20 02:07:15 [tracker] [s1] onset-accepted t=0.0120 env=0.015193 gate=0.000040 envDelta=0.015154 envFloor=0.001512 onset=4.000000 thresh=0.006000 onsetDelta=3.994000 baseline=0.000720 floor=0.000180 adapt=0.003129 lastPeak=0.000000 baseParam=0.000180 gateRatio=0.0550 envParam=0.000450 onsetScale=0.300 retriggerScale=1.400 guard=0.060 guardRemain=0.000 activeAge=-1.000 retrigRemain=0.000 pitchHz=125.16 pitchCents=723.6
2025-12-20 02:07:15 [tracker] [s2] onset t=0.012 env=0.01807 gate=0.00001 envDelta=0.01807 envFloor=0.00185 onset=4.000 thresh=0.009 onsetDelta=3.99100 baseline=0.00088 adaptive=0.00356 lastPeak=0.00000 guard=0.060 activeAge=-1.000 pitch=125.16Hz pitchCents=223.6
2025-12-20 02:07:15 [tracker] [s3] onset t=0.012 env=0.01741 gate=0.00014 envDelta=0.01727 envFloor=0.00208 onset=4.000 thresh=0.012 onsetDelta=3.98840 baseline=0.00104 adaptive=0.00346 lastPeak=0.00000 guard=0.060 activeAge=-1.000 pitch=125.16Hz pitchCents=-276.4
2025-12-20 02:07:15 [tracker] [s4] onset t=0.012 env=0.01560 gate=0.00022 envDelta=0.01539 envFloor=0.00191 onset=4.000 thresh=0.014 onsetDelta=3.98600 baseline=0.00128 adaptive=0.00319 lastPeak=0.00000 guard=0.060 activeAge=-1.000 pitch=125.16Hz pitchCents=-776.4
2025-12-20 02:07:15 [tracker] [s5] onset t=0.012 env=0.01412 gate=0.00025 envDelta=0.01387 envFloor=0.00178 onset=4.000 thresh=0.016 onsetDelta=3.98400 baseline=0.00119 adaptive=0.00297 lastPeak=0.00000 guard=0.060 activeAge=-1.000 pitch=376.47Hz pitchCents=730.0
2025-12-20 02:07:15 [tracker] [s6] onset t=0.012 env=0.01315 gate=0.00028 envDelta=0.01287 envFloor=0.00169 onset=4.000 thresh=0.018 onsetDelta=3.98200 baseline=0.00113 adaptive=0.00282 lastPeak=0.00000 guard=0.060 activeAge=-1.000 pitch=376.47Hz pitchCents=230.0
2025-12-20 02:07:15 [tracker] [s1] aubio-raw t=0.1240 onset=1.239559 env=0.007695 peak=0.013951 gain=1.000
2025-12-20 02:07:15 [tracker] [s1] onset-accepted t=0.1240 env=0.007695 gate=0.000040 envDelta=0.007655 envFloor=0.001512 onset=1.239559 thresh=0.006000 onsetDelta=1.233559 baseline=0.000720 floor=0.000180 adapt=0.021143 lastPeak=0.000000 baseParam=0.000180 gateRatio=0.0550 envParam=0.000450 onsetScale=0.300 retriggerScale=1.400 guard=0.060 guardRemain=0.000 activeAge=-1.000 retrigRemain=0.000 pitchHz=-1.00 pitchCents=0.0
2025-12-20 02:07:15 [tracker] [s1] onset t=0.124 env=0.00769 gate=0.00004 envDelta=0.00766 envFloor=0.00151 onset=1.240 thresh=0.006 onsetDelta=1.23356 baseline=0.00072 adaptive=0.02114 lastPeak=0.00000 guard=0.060 activeAge=-1.000 pitch=-1.00Hz pitchCents=0.0
2025-12-20 02:07:15 [tracker] [s5] onset t=0.252 env=0.01376 gate=0.00031 envDelta=0.01345 envFloor=0.00311 onset=1.011 thresh=0.016 onsetDelta=0.99507 baseline=0.00148 adaptive=0.01230 lastPeak=0.00000 guard=0.060 activeAge=-1.000 pitch=-1.00Hz pitchCents=0.0
2025-12-20 02:07:15 [tracker] [s6] onset t=0.271 env=0.00588 gate=0.00042 envDelta=0.00546 envFloor=0.00353 onset=0.782 thresh=0.018 onsetDelta=0.76427 baseline=0.00168 adaptive=0.00983 lastPeak=0.00000 guard=0.060 activeAge=-1.000 pitch=-1.00Hz pitchCents=0.0
2025-12-20 02:07:15 [tracker] [s4] onset t=0.289 env=0.00758 gate=0.00022 envDelta=0.00736 envFloor=0.00269 onset=1.000 thresh=0.014 onsetDelta=0.98578 baseline=0.00128 adaptive=0.01483 lastPeak=0.00000 guard=0.060 activeAge=-1.000 pitch=-1.00Hz pitchCents=0.0
2025-12-20 02:07:15 [tracker] [s6] onset t=0.321 env=0.00575 gate=0.00042 envDelta=0.00533 envFloor=0.00353 onset=0.881 thresh=0.018 onsetDelta=0.86331 baseline=0.00168 adaptive=0.00973 lastPeak=0.00000 guard=0.060 activeAge=-1.000 pitch=-1.00Hz pitchCents=0.0
2025-12-20 02:07:15 [tracker] [s1] aubio-raw t=0.3907 onset=0.999170 env=0.007684 peak=0.014339 gain=1.000
2025-12-20 02:07:15 [tracker] [s1] onset-accepted t=0.3907 env=0.007684 gate=0.000040 envDelta=0.007644 envFloor=0.001512 onset=0.999170 thresh=0.006000 onsetDelta=0.993170 baseline=0.000720 floor=0.000180 adapt=0.021780 lastPeak=0.000000 baseParam=0.000180 gateRatio=0.0550 envParam=0.000450 onsetScale=0.300 retriggerScale=1.400 guard=0.060 guardRemain=0.000 activeAge=-1.000 retrigRemain=0.000 pitchHz=-1.00 pitchCents=0.0
2025-12-20 02:07:15 [tracker] [s1] onset t=0.391 env=0.00768 gate=0.00004 envDelta=0.00764 envFloor=0.00151 onset=0.999 thresh=0.006 onsetDelta=0.99317 baseline=0.00072 adaptive=0.02178 lastPeak=0.00000 guard=0.060 activeAge=-1.000 pitch=-1.00Hz pitchCents=0.0
2025-12-20 02:07:15 [tracker] [s4] onset t=0.391 env=0.01089 gate=0.00022 envDelta=0.01067 envFloor=0.00269 onset=1.172 thresh=0.014 onsetDelta=1.15754 baseline=0.00128 adaptive=0.01495 lastPeak=0.00000 guard=0.060 activeAge=-1.000 pitch=-1.00Hz pitchCents=0.0
2025-12-20 02:07:15 [rms-meters] RMS -> E: raw=0.00565 cal=0.03581 | A: raw=0.00587 cal=0.04695 | D: raw=0.00635 cal=0.05076 | G: raw=0.00636 cal=0.05085 | B: raw=0.00618 cal=0.04948 | e: raw=0.00627 cal=0.05017
2025-12-20 02:07:15 [tracker] [s2] onset t=0.439 env=0.01568 gate=0.00001 envDelta=0.01567 envFloor=0.00185 onset=1.097 thresh=0.009 onsetDelta=1.08780 baseline=0.00088 adaptive=0.02394 lastPeak=0.00000 guard=0.060 activeAge=-1.000 pitch=-1.00Hz pitchCents=0.0
2025-12-20 02:07:16 [tracker] [s1] aubio-raw t=0.4573 onset=1.106991 env=0.008091 peak=0.014610 gain=1.000
2025-12-20 02:07:16 [tracker] [s1] onset-accepted t=0.4573 env=0.008091 gate=0.000040 envDelta=0.008051 envFloor=0.001512 onset=1.106991 thresh=0.006000 onsetDelta=1.100991 baseline=0.000720 floor=0.000180 adapt=0.021814 lastPeak=0.000000 baseParam=0.000180 gateRatio=0.0550 envParam=0.000450 onsetScale=0.300 retriggerScale=1.400 guard=0.060 guardRemain=0.000 activeAge=-1.000 retrigRemain=0.000 pitchHz=-1.00 pitchCents=0.0
2025-12-20 02:07:16 [tracker] [s1] onset t=0.457 env=0.00809 gate=0.00004 envDelta=0.00805 envFloor=0.00151 onset=1.107 thresh=0.006 onsetDelta=1.10099 baseline=0.00072 adaptive=0.02181 lastPeak=0.00000 guard=0.060 activeAge=-1.000 pitch=-1.00Hz pitchCents=0.0
2025-12-20 02:07:16 [tracker] [s3] onset t=0.460 env=0.02203 gate=0.00014 envDelta=0.02189 envFloor=0.00218 onset=0.995 thresh=0.012 onsetDelta=0.98335 baseline=0.00104 adaptive=0.01985 lastPeak=0.00000 guard=0.060 activeAge=-1.000 pitch=-1.00Hz pitchCents=0.0
2025-12-20 02:07:16 [tracker] [s5] onset t=0.503 env=0.01384 gate=0.00031 envDelta=0.01352 envFloor=0.00311 onset=1.160 thresh=0.016 onsetDelta=1.14433 baseline=0.00148 adaptive=0.01220 lastPeak=0.00000 guard=0.060 activeAge=-1.000 pitch=-1.00Hz pitchCents=0.0
2025-12-20 02:07:16 [tracker] [s5] onset t=0.569 env=0.01379 gate=0.00031 envDelta=0.01348 envFloor=0.00311 onset=0.953 thresh=0.016 onsetDelta=0.93721 baseline=0.00148 adaptive=0.01224 lastPeak=0.00000 guard=0.060 activeAge=-1.000 pitch=-1.00Hz pitchCents=0.0
2025-12-20 02:07:16 [tracker] [s1] aubio-raw t=0.5907 onset=0.996055 env=0.008088 peak=0.015065 gain=1.000
2025-12-20 02:07:16 [tracker] [s1] onset-accepted t=0.5907 env=0.008088 gate=0.000040 envDelta=0.008048 envFloor=0.001512 onset=0.996055 thresh=0.006000 onsetDelta=0.990055 baseline=0.000720 floor=0.000180 adapt=0.021742 lastPeak=0.000000 baseParam=0.000180 gateRatio=0.0550 envParam=0.000450 onsetScale=0.300 retriggerScale=1.400 guard=0.060 guardRemain=0.000 activeAge=-1.000 retrigRemain=0.000 pitchHz=-1.00 pitchCents=0.0
2025-12-20 02:07:16 [tracker] [s1] onset t=0.591 env=0.00809 gate=0.00004 envDelta=0.00805 envFloor=0.00151 onset=0.996 thresh=0.006 onsetDelta=0.99006 baseline=0.00072 adaptive=0.02174 lastPeak=0.00000 guard=0.060 activeAge=-1.000 pitch=-1.00Hz pitchCents=0.0
2025-12-20 02:07:16 [tracker] [s2] onset t=0.607 env=0.00951 gate=0.00001 envDelta=0.00950 envFloor=0.00185 onset=1.045 thresh=0.009 onsetDelta=1.03596 baseline=0.00088 adaptive=0.02326 lastPeak=0.00000 guard=0.060 activeAge=-1.000 pitch=-1.00Hz pitchCents=0.0
2025-12-20 02:07:16 [tracker] [s3] onset t=0.609 env=0.01995 gate=0.00014 envDelta=0.01981 envFloor=0.00218 onset=1.121 thresh=0.012 onsetDelta=1.10951 baseline=0.00104 adaptive=0.01940 lastPeak=0.00000 guard=0.060 activeAge=-1.000 pitch=-1.00Hz pitchCents=0.0
2025-12-20 02:07:16 [rms-meters] RMS -> E: raw=0.00570 cal=0.03614 | A: raw=0.00583 cal=0.04666 | D: raw=0.00586 cal=0.04684 | G: raw=0.00571 cal=0.04571 | B: raw=0.00567 cal=0.04537 | e: raw=0.00582 cal=0.04660
2025-12-20 02:07:16 [tracker] [s6] onset t=0.687 env=0.00794 gate=0.00042 envDelta=0.00752 envFloor=0.00353 onset=0.897 thresh=0.018 onsetDelta=0.87937 baseline=0.00168 adaptive=0.00992 lastPeak=0.00000 guard=0.060 activeAge=-1.000 pitch=-1.00Hz pitchCents=0.0
2025-12-20 02:07:16 [rms-meters] RMS -> E: raw=0.00525 cal=0.03326 | A: raw=0.00515 cal=0.04124 | D: raw=0.00572 cal=0.04579 | G: raw=0.00558 cal=0.04465 | B: raw=0.00550 cal=0.04400 | e: raw=0.00550 cal=0.04396
2025-12-20 02:07:16 [tracker] [s3] onset t=0.772 env=0.01043 gate=0.00014 envDelta=0.01030 envFloor=0.00218 onset=1.082 thresh=0.012 onsetDelta=1.06995 baseline=0.00104 adaptive=0.01951 lastPeak=0.00000 guard=0.060 activeAge=-1.000 pitch=-1.00Hz pitchCents=0.0
2025-12-20 02:07:16 [rms-meters] RMS -> E: raw=0.00583 cal=0.03699 | A: raw=0.00603 cal=0.04825 | D: raw=0.00720 cal=0.05763 | G: raw=0.00726 cal=0.05806 | B: raw=0.00714 cal=0.05710 | e: raw=0.00710 cal=0.05683
2025-12-20 02:07:16 [tracker] [s2] onset t=0.791 env=0.01274 gate=0.00001 envDelta=0.01273 envFloor=0.00185 onset=0.520 thresh=0.009 onsetDelta=0.51063 baseline=0.00088 adaptive=0.02355 lastPeak=0.00000 guard=0.060 activeAge=-1.000 pitch=-1.00Hz pitchCents=0.0
2025-12-20 02:07:16 [tracker] [s1] aubio-raw t=0.8093 onset=1.247362 env=0.018765 peak=0.027735 gain=1.000
2025-12-20 02:07:16 [tracker] [s1] onset-accepted t=0.8093 env=0.018765 gate=0.000040 envDelta=0.018726 envFloor=0.001512 onset=1.247362 thresh=0.006000 onsetDelta=1.241362 baseline=0.000720 floor=0.000180 adapt=0.021608 lastPeak=0.000000 baseParam=0.000180 gateRatio=0.0550 envParam=0.000450 onsetScale=0.300 retriggerScale=1.400 guard=0.060 guardRemain=0.000 activeAge=-1.000 retrigRemain=0.000 pitchHz=-1.00 pitchCents=0.0
2025-12-20 02:07:16 [tracker] [s1] onset t=0.809 env=0.01877 gate=0.00004 envDelta=0.01873 envFloor=0.00151 onset=1.247 thresh=0.006 onsetDelta=1.24136 baseline=0.00072 adaptive=0.02161 lastPeak=0.00000 guard=0.060 activeAge=-1.000 pitch=-1.00Hz pitchCents=0.0
2025-12-20 02:07:16 [tracker] [s6] onset t=0.820 env=0.00758 gate=0.00042 envDelta=0.00716 envFloor=0.00353 onset=0.993 thresh=0.018 onsetDelta=0.97499 baseline=0.00168 adaptive=0.00978 lastPeak=0.00000 guard=0.060 activeAge=-1.000 pitch=-1.00Hz pitchCents=0.0
2025-12-20 02:07:16 [tracker] [s4] onset t=0.831 env=0.00792 gate=0.00022 envDelta=0.00771 envFloor=0.00269 onset=0.998 thresh=0.014 onsetDelta=0.98436 baseline=0.00128 adaptive=0.01484 lastPeak=0.00000 guard=0.060 activeAge=-1.000 pitch=-1.00Hz pitchCents=0.0
2025-12-20 02:07:16 [rms-meters] RMS -> E: raw=0.00567 cal=0.03597 | A: raw=0.00605 cal=0.04838 | D: raw=0.00743 cal=0.05945 | G: raw=0.00755 cal=0.06040 | B: raw=0.00727 cal=0.05819 | e: raw=0.00736 cal=0.05887
2025-12-20 02:07:16 [rms-meters] RMS -> E: raw=0.00483 cal=0.03062 | A: raw=0.00463 cal=0.03707 | D: raw=0.00395 cal=0.03161 | G: raw=0.00381 cal=0.03045 | B: raw=0.00384 cal=0.03073 | e: raw=0.00393 cal=0.03147
2025-12-20 02:07:16 [tracker] [s6] onset t=0.945 env=0.00636 gate=0.00042 envDelta=0.00594 envFloor=0.00353 onset=0.698 thresh=0.018 onsetDelta=0.67965 baseline=0.00168 adaptive=0.00987 lastPeak=0.00000 guard=0.060 activeAge=-1.000 pitch=-1.00Hz pitchCents=0.0
2025-12-20 02:07:16 [rms-meters] RMS -> E: raw=0.00585 cal=0.03606 | A: raw=0.00604 cal=0.04697 | D: raw=0.00632 cal=0.05965 | G: raw=0.00622 cal=0.05972 | B: raw=0.00614 cal=0.05818 | e: raw=0.00614 cal=0.05797
2025-12-20 02:07:16 [tracker] [s4] onset t=1.076 env=0.01622 gate=0.00022 envDelta=0.01600 envFloor=0.00269 onset=1.161 thresh=0.014 onsetDelta=1.14728 baseline=0.00128 adaptive=0.01528 lastPeak=0.00000 guard=0.060 activeAge=-1.000 pitch=-1.00Hz pitchCents=0.0
2025-12-20 02:07:16 [tracker] [s1] aubio-raw t=1.1000 onset=0.742825 env=0.013061 peak=0.017472 gain=1.000
2025-12-20 02:07:16 [tracker] [s1] onset-accepted t=1.1000 env=0.013061 gate=0.000040 envDelta=0.013021 envFloor=0.001512 onset=0.742825 thresh=0.006000 onsetDelta=0.736825 baseline=0.000720 floor=0.000180 adapt=0.021991 lastPeak=0.000000 baseParam=0.000180 gateRatio=0.0550 envParam=0.000450 onsetScale=0.300 retriggerScale=1.400 guard=0.060 guardRemain=0.000 activeAge=-1.000 retrigRemain=0.000 pitchHz=-1.00 pitchCents=0.0
2025-12-20 02:07:16 [tracker] [s1] onset t=1.100 env=0.01306 gate=0.00004 envDelta=0.01302 envFloor=0.00151 onset=0.743 thresh=0.006 onsetDelta=0.73683 baseline=0.00072 adaptive=0.02199 lastPeak=0.00000 guard=0.060 activeAge=-1.000 pitch=-1.00Hz pitchCents=0.0
2025-12-20 02:07:16 [rms-meters] RMS -> E: raw=0.00545 cal=0.03454 | A: raw=0.00554 cal=0.04434 | D: raw=0.00696 cal=0.05564 | G: raw=0.00689 cal=0.05513 | B: raw=0.00671 cal=0.05369 | e: raw=0.00673 cal=0.05383
2025-12-20 02:07:16 [tracker] [s2] onset t=1.127 env=0.02657 gate=0.00001 envDelta=0.02656 envFloor=0.00185 onset=0.751 thresh=0.009 onsetDelta=0.74215 baseline=0.00088 adaptive=0.02402 lastPeak=0.00000 guard=0.060 activeAge=-1.000 pitch=-1.00Hz pitchCents=0.0
2025-12-20 02:07:16 [rms-meters] RMS -> E: raw=0.00474 cal=0.03007 | A: raw=0.00451 cal=0.03608 | D: raw=0.00299 cal=0.02394 | G: raw=0.00287 cal=0.02297 | B: raw=0.00294 cal=0.02351 | e: raw=0.00286 cal=0.02284
2025-12-20 02:07:16 [tracker] [s1] aubio-raw t=1.1933 onset=1.102875 env=0.022906 peak=0.028858 gain=1.000
2025-12-20 02:07:16 [tracker] [s1] onset-accepted t=1.1933 env=0.022906 gate=0.000040 envDelta=0.022867 envFloor=0.001512 onset=1.102875 thresh=0.006000 onsetDelta=1.096875 baseline=0.000720 floor=0.000180 adapt=0.022082 lastPeak=0.000000 baseParam=0.000180 gateRatio=0.0550 envParam=0.000450 onsetScale=0.300 retriggerScale=1.400 guard=0.060 guardRemain=0.000 activeAge=-1.000 retrigRemain=0.000 pitchHz=-1.00 pitchCents=0.0
2025-12-20 02:07:16 [tracker] [s1] onset t=1.193 env=0.02291 gate=0.00004 envDelta=0.02287 envFloor=0.00151 onset=1.103 thresh=0.006 onsetDelta=1.09688 baseline=0.00072 adaptive=0.02208 lastPeak=0.00000 guard=0.060 activeAge=-1.000 pitch=-1.00Hz pitchCents=0.0
2025-12-20 02:07:16 [tracker] [s2] onset t=1.217 env=0.02101 gate=0.00001 envDelta=0.02101 envFloor=0.00185 onset=1.235 thresh=0.009 onsetDelta=1.22636 baseline=0.00088 adaptive=0.02319 lastPeak=0.00000 guard=0.060 activeAge=-1.000 pitch=-1.00Hz pitchCents=0.0
2025-12-20 02:07:16 [tracker] [s3] onset t=1.239 env=0.01019 gate=0.00014 envDelta=0.01006 envFloor=0.00218 onset=0.999 thresh=0.012 onsetDelta=0.98722 baseline=0.00104 adaptive=0.01940 lastPeak=0.00000 guard=0.060 activeAge=-1.000 pitch=-1.00Hz pitchCents=0.0
2025-12-20 02:07:16 [tracker] [s4] onset t=1.260 env=0.01750 gate=0.00022 envDelta=0.01728 envFloor=0.00269 onset=0.629 thresh=0.014 onsetDelta=0.61519 baseline=0.00128 adaptive=0.01531 lastPeak=0.00000 guard=0.060 activeAge=-1.000 pitch=-1.00Hz pitchCents=0.0
2025-12-20 02:07:16 [rms-meters] RMS -> E: raw=0.00492 cal=0.03118 | A: raw=0.00481 cal=0.03850 | D: raw=0.00526 cal=0.04205 | G: raw=0.00507 cal=0.04055 | B: raw=0.00491 cal=0.03925 | e: raw=0.00495 cal=0.03960
2025-12-20 02:07:16 [tracker] [s1] aubio-raw t=1.3053 onset=0.925895 env=0.015998 peak=0.025422 gain=1.000
2025-12-20 02:07:16 [tracker] [s1] onset-accepted t=1.3053 env=0.015998 gate=0.000040 envDelta=0.015958 envFloor=0.001512 onset=0.925895 thresh=0.006000 onsetDelta=0.919895 baseline=0.000720 floor=0.000180 adapt=0.022428 lastPeak=0.000000 baseParam=0.000180 gateRatio=0.0550 envParam=0.000450 onsetScale=0.300 retriggerScale=1.400 guard=0.060 guardRemain=0.000 activeAge=-1.000 retrigRemain=0.000 pitchHz=-1.00 pitchCents=0.0
2025-12-20 02:07:16 [tracker] [s1] onset t=1.305 env=0.01600 gate=0.00004 envDelta=0.01596 envFloor=0.00151 onset=0.926 thresh=0.006 onsetDelta=0.91990 baseline=0.00072 adaptive=0.02243 lastPeak=0.00000 guard=0.060 activeAge=-1.000 pitch=-1.00Hz pitchCents=0.0
2025-12-20 02:07:16 [rms-meters] RMS -> E: raw=0.00492 cal=0.03119 | A: raw=0.00476 cal=0.03806 | D: raw=0.00426 cal=0.03407 | G: raw=0.00415 cal=0.03318 | B: raw=0.00405 cal=0.03242 | e: raw=0.00407 cal=0.03256
2025-12-20 02:07:16 [tracker] [s4] onset t=1.391 env=0.01156 gate=0.00022 envDelta=0.01135 envFloor=0.00269 onset=1.341 thresh=0.014 onsetDelta=1.32680 baseline=0.00128 adaptive=0.01494 lastPeak=0.00000 guard=0.060 activeAge=-1.000 pitch=-1.00Hz pitchCents=0.0
2025-12-20 02:07:16 [tracker] [s2] onset t=1.396 env=0.02107 gate=0.00001 envDelta=0.02106 envFloor=0.00185 onset=1.082 thresh=0.009 onsetDelta=1.07282 baseline=0.00088 adaptive=0.02421 lastPeak=0.00000 guard=0.060 activeAge=-1.000 pitch=-1.00Hz pitchCents=0.0
2025-12-20 02:07:16 [rms-meters] RMS -> E: raw=0.00576 cal=0.03653 | A: raw=0.00581 cal=0.04646 | D: raw=0.00558 cal=0.04461 | G: raw=0.00547 cal=0.04378 | B: raw=0.00547 cal=0.04373 | e: raw=0.00546 cal=0.04371
2025-12-20 02:07:16 [tracker] [s6] onset t=1.423 env=0.00647 gate=0.00042 envDelta=0.00605 envFloor=0.00353 onset=0.982 thresh=0.018 onsetDelta=0.96443 baseline=0.00168 adaptive=0.00965 lastPeak=0.00000 guard=0.060 activeAge=-1.000 pitch=-1.00Hz pitchCents=0.0
2025-12-20 02:07:17 [rms-meters] RMS -> E: raw=0.00542 cal=0.03438 | A: raw=0.00548 cal=0.04387 | D: raw=0.00718 cal=0.05741 | G: raw=0.00691 cal=0.05524 | B: raw=0.00694 cal=0.05556 | e: raw=0.00684 cal=0.05469
2025-12-20 02:07:17 [tracker] [s3] onset t=1.503 env=0.02292 gate=0.00014 envDelta=0.02278 envFloor=0.00218 onset=1.269 thresh=0.012 onsetDelta=1.25757 baseline=0.00104 adaptive=0.01967 lastPeak=0.00000 guard=0.060 activeAge=-1.000 pitch=-1.00Hz pitchCents=0.0
2025-12-20 02:07:17 [tracker] [s6] onset t=1.521 env=0.00592 gate=0.00042 envDelta=0.00550 envFloor=0.00353 onset=0.994 thresh=0.018 onsetDelta=0.97643 baseline=0.00168 adaptive=0.00965 lastPeak=0.00000 guard=0.060 activeAge=-1.000 pitch=-1.00Hz pitchCents=0.0
2025-12-20 02:07:17 [tracker] [s2] onset t=1.577 env=0.02798 gate=0.00001 envDelta=0.02797 envFloor=0.00185 onset=1.090 thresh=0.009 onsetDelta=1.08087 baseline=0.00088 adaptive=0.02417 lastPeak=0.00000 guard=0.060 activeAge=-1.000 pitch=-1.00Hz pitchCents=0.0
2025-12-20 02:07:17 [rms-meters] RMS -> E: raw=0.00463 cal=0.02935 | A: raw=0.00445 cal=0.03559 | D: raw=0.00277 cal=0.02213 | G: raw=0.00269 cal=0.02151 | B: raw=0.00259 cal=0.02068 | e: raw=0.00267 cal=0.02135
2025-12-20 02:07:17 [tracker] [s4] onset t=1.617 env=0.01554 gate=0.00022 envDelta=0.01532 envFloor=0.00269 onset=1.161 thresh=0.014 onsetDelta=1.14748 baseline=0.00128 adaptive=0.01510 lastPeak=0.00000 guard=0.060 activeAge=-1.000 pitch=-1.00Hz pitchCents=0.0
2025-12-20 02:07:17 [tracker] [s5] onset t=1.639 env=0.00679 gate=0.00031 envDelta=0.00648 envFloor=0.00311 onset=1.129 thresh=0.016 onsetDelta=1.11270 baseline=0.00148 adaptive=0.01196 lastPeak=0.00000 guard=0.060 activeAge=-1.000 pitch=-1.00Hz pitchCents=0.0
2025-12-20 02:07:17 [tracker] [s2] onset t=1.657 env=0.01405 gate=0.00001 envDelta=0.01404 envFloor=0.00185 onset=1.001 thresh=0.009 onsetDelta=0.99224 baseline=0.00088 adaptive=0.02364 lastPeak=0.00000 guard=0.060 activeAge=-1.000 pitch=-1.00Hz pitchCents=0.0
2025-12-20 02:07:17 [rms-meters] RMS -> E: raw=0.00489 cal=0.03102 | A: raw=0.00494 cal=0.03952 | D: raw=0.00533 cal=0.04263 | G: raw=0.00503 cal=0.04027 | B: raw=0.00528 cal=0.04220 | e: raw=0.00520 cal=0.04156
2025-12-20 02:07:17 [rms-meters] RMS -> E: raw=0.00503 cal=0.03190 | A: raw=0.00494 cal=0.03951 | D: raw=0.00460 cal=0.03680 | G: raw=0.00442 cal=0.03534 | B: raw=0.00433 cal=0.03467 | e: raw=0.00435 cal=0.03477
2025-12-20 02:07:17 [rms-meters] RMS -> E: raw=0.00570 cal=0.03614 | A: raw=0.00575 cal=0.04598 | D: raw=0.00545 cal=0.04360 | G: raw=0.00538 cal=0.04304 | B: raw=0.00533 cal=0.04262 | e: raw=0.00527 cal=0.04217
2025-12-20 02:07:17 [tracker] [s2] onset t=1.823 env=0.00805 gate=0.00001 envDelta=0.00804 envFloor=0.00185 onset=1.092 thresh=0.009 onsetDelta=1.08288 baseline=0.00088 adaptive=0.02334 lastPeak=0.00000 guard=0.060 activeAge=-1.000 pitch=-1.00Hz pitchCents=0.0
2025-12-20 02:07:17 [tracker] [s5] onset t=1.873 env=0.00856 gate=0.00031 envDelta=0.00825 envFloor=0.00311 onset=0.735 thresh=0.016 onsetDelta=0.71855 baseline=0.00148 adaptive=0.01210 lastPeak=0.00000 guard=0.060 activeAge=-1.000 pitch=-1.00Hz pitchCents=0.0
2025-12-20 02:07:17 [rms-meters] RMS -> E: raw=0.00460 cal=0.02917 | A: raw=0.00430 cal=0.03441 | D: raw=0.00271 cal=0.02170 | G: raw=0.00257 cal=0.02055 | B: raw=0.00267 cal=0.02136 | e: raw=0.00269 cal=0.02151
2025-12-20 02:07:17 [tracker] [s2] onset t=1.908 env=0.01713 gate=0.00001 envDelta=0.01712 envFloor=0.00185 onset=0.912 thresh=0.009 onsetDelta=0.90318 baseline=0.00088 adaptive=0.02346 lastPeak=0.00000 guard=0.060 activeAge=-1.000 pitch=-1.00Hz pitchCents=0.0
2025-12-20 02:07:17 [rms-meters] RMS -> E: raw=0.00565 cal=0.03579 | A: raw=0.00579 cal=0.04631 | D: raw=0.00687 cal=0.05499 | G: raw=0.00680 cal=0.05441 | B: raw=0.00681 cal=0.05444 | e: raw=0.00667 cal=0.05333
2025-12-20 02:07:17 [tracker] [s1] aubio-raw t=2.0227 onset=1.314077 env=0.009205 peak=0.020317 gain=1.000
2025-12-20 02:07:17 [tracker] [s1] onset-accepted t=2.0227 env=0.009205 gate=0.000040 envDelta=0.009166 envFloor=0.001512 onset=1.314077 thresh=0.006000 onsetDelta=1.308077 baseline=0.000720 floor=0.000180 adapt=0.021879 lastPeak=0.000000 baseParam=0.000180 gateRatio=0.0550 envParam=0.000450 onsetScale=0.300 retriggerScale=1.400 guard=0.060 guardRemain=0.000 activeAge=-1.000 retrigRemain=0.000 pitchHz=-1.00 pitchCents=0.0
2025-12-20 02:07:17 [tracker] [s1] onset t=2.023 env=0.00921 gate=0.00004 envDelta=0.00917 envFloor=0.00151 onset=1.314 thresh=0.006 onsetDelta=1.30808 baseline=0.00072 adaptive=0.02188 lastPeak=0.00000 guard=0.060 activeAge=-1.000 pitch=-1.00Hz pitchCents=0.0
2025-12-20 02:07:17 [rms-meters] RMS -> E: raw=0.00504 cal=0.03196 | A: raw=0.00505 cal=0.04041 | D: raw=0.00558 cal=0.04465 | G: raw=0.00544 cal=0.04351 | B: raw=0.00536 cal=0.04289 | e: raw=0.00547 cal=0.04373
2025-12-20 02:07:17 [rms-meters] RMS -> E: raw=0.00542 cal=0.03438 | A: raw=0.00531 cal=0.04252 | D: raw=0.00446 cal=0.03566 | G: raw=0.00447 cal=0.03573 | B: raw=0.00446 cal=0.03567 | e: raw=0.00445 cal=0.03557
2025-12-20 02:07:17 [tracker] [s1] aubio-raw t=2.1427 onset=0.882063 env=0.020845 peak=0.028677 gain=1.000
2025-12-20 02:07:17 [tracker] [s1] onset-accepted t=2.1427 env=0.020845 gate=0.000040 envDelta=0.020806 envFloor=0.001512 onset=0.882063 thresh=0.006000 onsetDelta=0.876063 baseline=0.000720 floor=0.000180 adapt=0.021622 lastPeak=0.000000 baseParam=0.000180 gateRatio=0.0550 envParam=0.000450 onsetScale=0.300 retriggerScale=1.400 guard=0.060 guardRemain=0.000 activeAge=-1.000 retrigRemain=0.000 pitchHz=-1.00 pitchCents=0.0
2025-12-20 02:07:17 [tracker] [s1] onset t=2.143 env=0.02085 gate=0.00004 envDelta=0.02081 envFloor=0.00151 onset=0.882 thresh=0.006 onsetDelta=0.87606 baseline=0.00072 adaptive=0.02162 lastPeak=0.00000 guard=0.060 activeAge=-1.000 pitch=-1.00Hz pitchCents=0.0
2025-12-20 02:07:17 [tracker] [s5] onset t=2.153 env=0.00948 gate=0.00031 envDelta=0.00917 envFloor=0.00311 onset=1.150 thresh=0.016 onsetDelta=1.13368 baseline=0.00148 adaptive=0.01224 lastPeak=0.00000 guard=0.060 activeAge=-1.000 pitch=-1.00Hz pitchCents=0.0
2025-12-20 02:07:17 [rms-meters] RMS -> E: raw=0.00569 cal=0.03608 | A: raw=0.00567 cal=0.04536 | D: raw=0.00541 cal=0.04325 | G: raw=0.00521 cal=0.04168 | B: raw=0.00527 cal=0.04214 | e: raw=0.00518 cal=0.04145
2025-12-20 02:07:17 [rms-meters] RMS -> E: raw=0.00539 cal=0.03415 | A: raw=0.00554 cal=0.04428 | D: raw=0.00717 cal=0.05736 | G: raw=0.00700 cal=0.05597 | B: raw=0.00689 cal=0.05512 | e: raw=0.00701 cal=0.05609
2025-12-20 02:07:17 [tracker] [s1] aubio-raw t=2.3374 onset=1.020171 env=0.022671 peak=0.027203 gain=1.000
2025-12-20 02:07:17 [tracker] [s1] onset-accepted t=2.3374 env=0.022671 gate=0.000040 envDelta=0.022631 envFloor=0.001512 onset=1.020171 thresh=0.006000 onsetDelta=1.014171 baseline=0.000720 floor=0.000180 adapt=0.022094 lastPeak=0.000000 baseParam=0.000180 gateRatio=0.0550 envParam=0.000450 onsetScale=0.300 retriggerScale=1.400 guard=0.060 guardRemain=0.000 activeAge=-1.000 retrigRemain=0.000 pitchHz=-1.00 pitchCents=0.0
2025-12-20 02:07:17 [tracker] [s1] onset t=2.337 env=0.02267 gate=0.00004 envDelta=0.02263 envFloor=0.00151 onset=1.020 thresh=0.006 onsetDelta=1.01417 baseline=0.00072 adaptive=0.02209 lastPeak=0.00000 guard=0.060 activeAge=-1.000 pitch=-1.00Hz pitchCents=0.0
2025-12-20 02:07:17 [tracker] [s4] onset t=2.340 env=0.01072 gate=0.00022 envDelta=0.01050 envFloor=0.00269 onset=1.165 thresh=0.014 onsetDelta=1.15078 baseline=0.00128 adaptive=0.01494 lastPeak=0.00000 guard=0.060 activeAge=-1.000 pitch=-1.00Hz pitchCents=0.0
2025-12-20 02:07:17 [rms-meters] RMS -> E: raw=0.00446 cal=0.02828 | A: raw=0.00424 cal=0.03394 | D: raw=0.00253 cal=0.02024 | G: raw=0.00226 cal=0.01807 | B: raw=0.00231 cal=0.01850 | e: raw=0.00235 cal=0.01878
2025-12-20 02:07:17 [tracker] [s6] onset t=2.393 env=0.01113 gate=0.00042 envDelta=0.01071 envFloor=0.00353 onset=1.075 thresh=0.018 onsetDelta=1.05698 baseline=0.00168 adaptive=0.00989 lastPeak=0.00000 guard=0.060 activeAge=-1.000 pitch=-1.00Hz pitchCents=0.0
2025-12-20 02:07:17 [tracker] [s1] aubio-raw t=2.4467 onset=1.427122 env=0.016661 peak=0.026467 gain=1.000
2025-12-20 02:07:17 [tracker] [s1] onset-accepted t=2.4467 env=0.016661 gate=0.000040 envDelta=0.016621 envFloor=0.001512 onset=1.427122 thresh=0.006000 onsetDelta=1.421122 baseline=0.000720 floor=0.000180 adapt=0.022353 lastPeak=0.000000 baseParam=0.000180 gateRatio=0.0550 envParam=0.000450 onsetScale=0.300 retriggerScale=1.400 guard=0.060 guardRemain=0.000 activeAge=-1.000 retrigRemain=0.000 pitchHz=-1.00 pitchCents=0.0
2025-12-20 02:07:17 [tracker] [s1] onset t=2.447 env=0.01666 gate=0.00004 envDelta=0.01662 envFloor=0.00151 onset=1.427 thresh=0.006 onsetDelta=1.42112 baseline=0.00072 adaptive=0.02235 lastPeak=0.00000 guard=0.060 activeAge=-1.000 pitch=-1.00Hz pitchCents=0.0
2025-12-20 02:07:18 [tracker] [s6] onset t=2.455 env=0.00604 gate=0.00042 envDelta=0.00562 envFloor=0.00353 onset=0.948 thresh=0.018 onsetDelta=0.92988 baseline=0.00168 adaptive=0.00968 lastPeak=0.00000 guard=0.060 activeAge=-1.000 pitch=-1.00Hz pitchCents=0.0
2025-12-20 02:07:18 [rms-meters] RMS -> E: raw=0.00509 cal=0.03226 | A: raw=0.00508 cal=0.04062 | D: raw=0.00574 cal=0.04589 | G: raw=0.00567 cal=0.04539 | B: raw=0.00563 cal=0.04508 | e: raw=0.00571 cal=0.04567
2025-12-20 02:07:18 [tracker] [s3] onset t=2.505 env=0.00825 gate=0.00014 envDelta=0.00812 envFloor=0.00218 onset=1.249 thresh=0.012 onsetDelta=1.23766 baseline=0.00104 adaptive=0.01927 lastPeak=0.00000 guard=0.060 activeAge=-1.000 pitch=-1.00Hz pitchCents=0.0
2025-12-20 02:07:18 [tracker] [s6] onset t=2.535 env=0.01097 gate=0.00042 envDelta=0.01055 envFloor=0.00353 onset=1.001 thresh=0.018 onsetDelta=0.98294 baseline=0.00168 adaptive=0.00997 lastPeak=0.00000 guard=0.060 activeAge=-1.000 pitch=-1.00Hz pitchCents=0.0
2025-12-20 02:07:18 [rms-meters] RMS -> E: raw=0.00536 cal=0.03399 | A: raw=0.00537 cal=0.04294 | D: raw=0.00443 cal=0.03545 | G: raw=0.00424 cal=0.03389 | B: raw=0.00423 cal=0.03384 | e: raw=0.00429 cal=0.03436
2025-12-20 02:07:18 [tracker] [s3] onset t=2.559 env=0.01899 gate=0.00014 envDelta=0.01886 envFloor=0.00218 onset=0.905 thresh=0.012 onsetDelta=0.89294 baseline=0.00104 adaptive=0.01936 lastPeak=0.00000 guard=0.060 activeAge=-1.000 pitch=-1.00Hz pitchCents=0.0
2025-12-20 02:07:18 [rms-meters] RMS -> E: raw=0.00560 cal=0.03553 | A: raw=0.00557 cal=0.04456 | D: raw=0.00506 cal=0.04045 | G: raw=0.00481 cal=0.03850 | B: raw=0.00495 cal=0.03964 | e: raw=0.00496 cal=0.03969
2025-12-20 02:07:18 [tracker] [s2] onset t=2.628 env=0.02743 gate=0.00001 envDelta=0.02742 envFloor=0.00185 onset=0.860 thresh=0.009 onsetDelta=0.85071 baseline=0.00088 adaptive=0.02389 lastPeak=0.00000 guard=0.060 activeAge=-1.000 pitch=-1.00Hz pitchCents=0.0
2025-12-20 02:07:18 [tracker] [s1] aubio-raw t=2.6520 onset=1.092730 env=0.024990 peak=0.027534 gain=1.000
2025-12-20 02:07:18 [tracker] [s1] onset-accepted t=2.6520 env=0.024990 gate=0.000040 envDelta=0.024951 envFloor=0.001512 onset=1.092730 thresh=0.006000 onsetDelta=1.086730 baseline=0.000720 floor=0.000180 adapt=0.022596 lastPeak=0.000000 baseParam=0.000180 gateRatio=0.0550 envParam=0.000450 onsetScale=0.300 retriggerScale=1.400 guard=0.060 guardRemain=0.000 activeAge=-1.000 retrigRemain=0.000 pitchHz=-1.00 pitchCents=0.0
2025-12-20 02:07:18 [tracker] [s1] onset t=2.652 env=0.02499 gate=0.00004 envDelta=0.02495 envFloor=0.00151 onset=1.093 thresh=0.006 onsetDelta=1.08673 baseline=0.00072 adaptive=0.02260 lastPeak=0.00000 guard=0.060 activeAge=-1.000 pitch=-1.00Hz pitchCents=0.0
2025-12-20 02:07:18 [tracker] [s3] onset t=2.700 env=0.01756 gate=0.00014 envDelta=0.01742 envFloor=0.00218 onset=1.144 thresh=0.012 onsetDelta=1.13275 baseline=0.00104 adaptive=0.01909 lastPeak=0.00000 guard=0.060 activeAge=-1.000 pitch=-1.00Hz pitchCents=0.0
2025-12-20 02:07:18 [rms-meters] RMS -> E: raw=0.00462 cal=0.02927 | A: raw=0.00434 cal=0.03471 | D: raw=0.00300 cal=0.02400 | G: raw=0.00287 cal=0.02299 | B: raw=0.00292 cal=0.02332 | e: raw=0.00290 cal=0.02317
2025-12-20 02:07:18 [tracker] [s2] onset t=2.703 env=0.02769 gate=0.00001 envDelta=0.02768 envFloor=0.00185 onset=0.709 thresh=0.009 onsetDelta=0.69953 baseline=0.00088 adaptive=0.02399 lastPeak=0.00000 guard=0.060 activeAge=-1.000 pitch=-1.00Hz pitchCents=0.0
2025-12-20 02:07:18 [rms-meters] RMS -> E: raw=0.00560 cal=0.03550 | A: raw=0.00575 cal=0.04602 | D: raw=0.00654 cal=0.05231 | G: raw=0.00639 cal=0.05113 | B: raw=0.00633 cal=0.05067 | e: raw=0.00627 cal=0.05014
2025-12-20 02:07:18 [tracker] [s1] aubio-raw t=2.7827 onset=0.992584 env=0.012076 peak=0.017345 gain=1.000
2025-12-20 02:07:18 [tracker] [s1] onset-accepted t=2.7827 env=0.012076 gate=0.000040 envDelta=0.012036 envFloor=0.001512 onset=0.992584 thresh=0.006000 onsetDelta=0.986584 baseline=0.000720 floor=0.000180 adapt=0.022060 lastPeak=0.000000 baseParam=0.000180 gateRatio=0.0550 envParam=0.000450 onsetScale=0.300 retriggerScale=1.400 guard=0.060 guardRemain=0.000 activeAge=-1.000 retrigRemain=0.000 pitchHz=-1.00 pitchCents=0.0
2025-12-20 02:07:18 [tracker] [s1] onset t=2.783 env=0.01208 gate=0.00004 envDelta=0.01204 envFloor=0.00151 onset=0.993 thresh=0.006 onsetDelta=0.98658 baseline=0.00072 adaptive=0.02206 lastPeak=0.00000 guard=0.060 activeAge=-1.000 pitch=-1.00Hz pitchCents=0.0
2025-12-20 02:07:18 [tracker] [s2] onset t=2.804 env=0.02063 gate=0.00001 envDelta=0.02062 envFloor=0.00185 onset=1.080 thresh=0.009 onsetDelta=1.07111 baseline=0.00088 adaptive=0.02394 lastPeak=0.00000 guard=0.060 activeAge=-1.000 pitch=-1.00Hz pitchCents=0.0
2025-12-20 02:07:18 [tracker] [s5] onset t=2.833 env=0.01130 gate=0.00031 envDelta=0.01099 envFloor=0.00311 onset=1.102 thresh=0.016 onsetDelta=1.08635 baseline=0.00148 adaptive=0.01203 lastPeak=0.00000 guard=0.060 activeAge=-1.000 pitch=-1.00Hz pitchCents=0.0
2025-12-20 02:07:18 [tracker] [s6] onset t=2.833 env=0.00965 gate=0.00042 envDelta=0.00923 envFloor=0.00353 onset=0.774 thresh=0.018 onsetDelta=0.75574 baseline=0.00168 adaptive=0.00969 lastPeak=0.00000 guard=0.060 activeAge=-1.000 pitch=-1.00Hz pitchCents=0.0
2025-12-20 02:07:18 [rms-meters] RMS -> E: raw=0.00525 cal=0.03331 | A: raw=0.00525 cal=0.04200 | D: raw=0.00596 cal=0.04770 | G: raw=0.00591 cal=0.04726 | B: raw=0.00589 cal=0.04711 | e: raw=0.00583 cal=0.04664
2025-12-20 02:07:18 [tracker] [s1] aubio-raw t=2.8734 onset=0.997708 env=0.007560 peak=0.014495 gain=1.000
2025-12-20 02:07:18 [tracker] [s1] onset-accepted t=2.8734 env=0.007560 gate=0.000040 envDelta=0.007520 envFloor=0.001512 onset=0.997708 thresh=0.006000 onsetDelta=0.991708 baseline=0.000720 floor=0.000180 adapt=0.021704 lastPeak=0.000000 baseParam=0.000180 gateRatio=0.0550 envParam=0.000450 onsetScale=0.300 retriggerScale=1.400 guard=0.060 guardRemain=0.000 activeAge=-1.000 retrigRemain=0.000 pitchHz=-1.00 pitchCents=0.0
2025-12-20 02:07:18 [tracker] [s1] onset t=2.873 env=0.00756 gate=0.00004 envDelta=0.00752 envFloor=0.00151 onset=0.998 thresh=0.006 onsetDelta=0.99171 baseline=0.00072 adaptive=0.02170 lastPeak=0.00000 guard=0.060 activeAge=-1.000 pitch=-1.00Hz pitchCents=0.0
2025-12-20 02:07:18 [tracker] [s2] onset t=2.940 env=0.01180 gate=0.00001 envDelta=0.01179 envFloor=0.00185 onset=0.997 thresh=0.009 onsetDelta=0.98835 baseline=0.00088 adaptive=0.02371 lastPeak=0.00000 guard=0.060 activeAge=-1.000 pitch=-1.00Hz pitchCents=0.0
2025-12-20 02:07:18 [rms-meters] RMS -> E: raw=0.00534 cal=0.03388 | A: raw=0.00532 cal=0.04256 | D: raw=0.00432 cal=0.03454 | G: raw=0.00419 cal=0.03351 | B: raw=0.00415 cal=0.03318 | e: raw=0.00411 cal=0.03289
2025-12-20 02:07:18 [tracker] [s6] onset t=2.967 env=0.00945 gate=0.00042 envDelta=0.00903 envFloor=0.00353 onset=0.996 thresh=0.018 onsetDelta=0.97839 baseline=0.00168 adaptive=0.00971 lastPeak=0.00000 guard=0.060 activeAge=-1.000 pitch=-1.00Hz pitchCents=0.0
2025-12-20 02:07:18 [rms-meters] RMS -> E: raw=0.00586 cal=0.03715 | A: raw=0.00601 cal=0.04805 | D: raw=0.00774 cal=0.06193 | G: raw=0.00775 cal=0.06203 | B: raw=0.00746 cal=0.05971 | e: raw=0.00755 cal=0.06042
2025-12-20 02:07:18 [tracker] [s5] onset t=3.052 env=0.01326 gate=0.00031 envDelta=0.01295 envFloor=0.00311 onset=1.251 thresh=0.016 onsetDelta=1.23535 baseline=0.00148 adaptive=0.01214 lastPeak=0.00000 guard=0.060 activeAge=-1.000 pitch=-1.00Hz pitchCents=0.0
2025-12-20 02:07:18 [tracker] [s1] aubio-raw t=3.0760 onset=0.686629 env=0.022196 peak=0.028364 gain=1.000
2025-12-20 02:07:18 [tracker] [s1] onset-accepted t=3.0760 env=0.022196 gate=0.000040 envDelta=0.022156 envFloor=0.001512 onset=0.686629 thresh=0.006000 onsetDelta=0.680629 baseline=0.000720 floor=0.000180 adapt=0.021746 lastPeak=0.000000 baseParam=0.000180 gateRatio=0.0550 envParam=0.000450 onsetScale=0.300 retriggerScale=1.400 guard=0.060 guardRemain=0.000 activeAge=-1.000 retrigRemain=0.000 pitchHz=-1.00 pitchCents=0.0
2025-12-20 02:07:18 [tracker] [s1] onset t=3.076 env=0.02220 gate=0.00004 envDelta=0.02216 envFloor=0.00151 onset=0.687 thresh=0.006 onsetDelta=0.68063 baseline=0.00072 adaptive=0.02175 lastPeak=0.00000 guard=0.060 activeAge=-1.000 pitch=-1.00Hz pitchCents=0.0
2025-12-20 02:07:18 [tracker] [s6] onset t=3.087 env=0.00620 gate=0.00042 envDelta=0.00578 envFloor=0.00353 onset=0.986 thresh=0.018 onsetDelta=0.96833 baseline=0.00168 adaptive=0.00986 lastPeak=0.00000 guard=0.060 activeAge=-1.000 pitch=-1.00Hz pitchCents=0.0
2025-12-20 02:07:18 [rms-meters] RMS -> E: raw=0.00457 cal=0.02899 | A: raw=0.00437 cal=0.03496 | D: raw=0.00305 cal=0.02438 | G: raw=0.00303 cal=0.02424 | B: raw=0.00289 cal=0.02313 | e: raw=0.00292 cal=0.02338
2025-12-20 02:07:18 [rms-meters] RMS -> E: raw=0.00555 cal=0.03516 | A: raw=0.00573 cal=0.04587 | D: raw=0.00631 cal=0.05047 | G: raw=0.00616 cal=0.04925 | B: raw=0.00608 cal=0.04861 | e: raw=0.00614 cal=0.04915
2025-12-20 02:07:18 [tracker] [s6] onset t=3.201 env=0.01106 gate=0.00042 envDelta=0.01064 envFloor=0.00353 onset=1.129 thresh=0.018 onsetDelta=1.11129 baseline=0.00168 adaptive=0.00983 lastPeak=0.00000 guard=0.060 activeAge=-1.000 pitch=-1.00Hz pitchCents=0.0
2025-12-20 02:07:18 [rms-meters] RMS -> E: raw=0.00526 cal=0.03338 | A: raw=0.00529 cal=0.04232 | D: raw=0.00633 cal=0.05063 | G: raw=0.00613 cal=0.04903 | B: raw=0.00599 cal=0.04795 | e: raw=0.00615 cal=0.04917
2025-12-20 02:07:18 [tracker] [s6] onset t=3.284 env=0.01065 gate=0.00042 envDelta=0.01023 envFloor=0.00353 onset=1.276 thresh=0.018 onsetDelta=1.25776 baseline=0.00168 adaptive=0.00983 lastPeak=0.00000 guard=0.060 activeAge=-1.000 pitch=-1.00Hz pitchCents=0.0
2025-12-20 02:07:18 [tracker] [s5] onset t=3.303 env=0.01148 gate=0.00031 envDelta=0.01117 envFloor=0.00311 onset=0.929 thresh=0.016 onsetDelta=0.91303 baseline=0.00148 adaptive=0.01212 lastPeak=0.00000 guard=0.060 activeAge=-1.000 pitch=-1.00Hz pitchCents=0.0
2025-12-20 02:07:18 [tracker] [s6] onset t=3.337 env=0.00607 gate=0.00042 envDelta=0.00565 envFloor=0.00353 onset=0.774 thresh=0.018 onsetDelta=0.75580 baseline=0.00168 adaptive=0.00976 lastPeak=0.00000 guard=0.060 activeAge=-1.000 pitch=-1.00Hz pitchCents=0.0
2025-12-20 02:07:18 [rms-meters] RMS -> E: raw=0.00531 cal=0.03364 | A: raw=0.00527 cal=0.04216 | D: raw=0.00410 cal=0.03281 | G: raw=0.00402 cal=0.03213 | B: raw=0.00401 cal=0.03207 | e: raw=0.00400 cal=0.03204
2025-12-20 02:07:18 [rms-meters] RMS -> E: raw=0.00584 cal=0.03701 | A: raw=0.00603 cal=0.04823 | D: raw=0.00767 cal=0.06132 | G: raw=0.00751 cal=0.06007 | B: raw=0.00737 cal=0.05894 | e: raw=0.00750 cal=0.05997
2025-12-20 02:07:18 [tracker] [s6] onset t=3.436 env=0.00767 gate=0.00042 envDelta=0.00725 envFloor=0.00353 onset=0.756 thresh=0.018 onsetDelta=0.73800 baseline=0.00168 adaptive=0.00974 lastPeak=0.00000 guard=0.060 activeAge=-1.000 pitch=-1.00Hz pitchCents=0.0
2025-12-20 02:07:19 [tracker] [s5] onset t=3.468 env=0.01378 gate=0.00031 envDelta=0.01346 envFloor=0.00311 onset=1.010 thresh=0.016 onsetDelta=0.99354 baseline=0.00148 adaptive=0.01233 lastPeak=0.00000 guard=0.060 activeAge=-1.000 pitch=-1.00Hz pitchCents=0.0
2025-12-20 02:07:19 [rms-meters] RMS -> E: raw=0.00451 cal=0.02859 | A: raw=0.00429 cal=0.03435 | D: raw=0.00318 cal=0.02548 | G: raw=0.00317 cal=0.02537 | B: raw=0.00312 cal=0.02498 | e: raw=0.00313 cal=0.02506
2025-12-20 02:07:19 [tracker] [s2] onset t=3.505 env=0.00888 gate=0.00001 envDelta=0.00887 envFloor=0.00185 onset=1.025 thresh=0.009 onsetDelta=1.01597 baseline=0.00088 adaptive=0.02322 lastPeak=0.00000 guard=0.060 activeAge=-1.000 pitch=-1.00Hz pitchCents=0.0
2025-12-20 02:07:19 [tracker] [s4] onset t=3.575 env=0.01315 gate=0.00022 envDelta=0.01293 envFloor=0.00269 onset=1.007 thresh=0.014 onsetDelta=0.99328 baseline=0.00128 adaptive=0.01466 lastPeak=0.00000 guard=0.060 activeAge=-1.000 pitch=-1.00Hz pitchCents=0.0
2025-12-20 02:07:19 [rms-meters] RMS -> E: raw=0.00565 cal=0.03581 | A: raw=0.00578 cal=0.04621 | D: raw=0.00612 cal=0.04895 | G: raw=0.00593 cal=0.04748 | B: raw=0.00574 cal=0.04594 | e: raw=0.00593 cal=0.04741
2025-12-20 02:07:19 [tracker] [s1] aubio-raw t=3.6387 onset=1.094108 env=0.010735 peak=0.022818 gain=1.000
2025-12-20 02:07:19 [tracker] [s1] onset-accepted t=3.6387 env=0.010735 gate=0.000040 envDelta=0.010695 envFloor=0.001512 onset=1.094108 thresh=0.006000 onsetDelta=1.088108 baseline=0.000720 floor=0.000180 adapt=0.021887 lastPeak=0.000000 baseParam=0.000180 gateRatio=0.0550 envParam=0.000450 onsetScale=0.300 retriggerScale=1.400 guard=0.060 guardRemain=0.000 activeAge=-1.000 retrigRemain=0.000 pitchHz=-1.00 pitchCents=0.0
2025-12-20 02:07:19 [tracker] [s1] onset t=3.639 env=0.01073 gate=0.00004 envDelta=0.01069 envFloor=0.00151 onset=1.094 thresh=0.006 onsetDelta=1.08811 baseline=0.00072 adaptive=0.02189 lastPeak=0.00000 guard=0.060 activeAge=-1.000 pitch=-1.00Hz pitchCents=0.0
2025-12-20 02:07:19 [tracker] [s4] onset t=3.639 env=0.00805 gate=0.00022 envDelta=0.00783 envFloor=0.00269 onset=0.700 thresh=0.014 onsetDelta=0.68552 baseline=0.00128 adaptive=0.01471 lastPeak=0.00000 guard=0.060 activeAge=-1.000 pitch=-1.00Hz pitchCents=0.0
2025-12-20 02:07:19 [rms-meters] RMS -> E: raw=0.00539 cal=0.03420 | A: raw=0.00541 cal=0.04331 | D: raw=0.00643 cal=0.05143 | G: raw=0.00650 cal=0.05202 | B: raw=0.00633 cal=0.05063 | e: raw=0.00628 cal=0.05028
2025-12-20 02:07:19 [rms-meters] RMS -> E: raw=0.00526 cal=0.03335 | A: raw=0.00508 cal=0.04065 | D: raw=0.00388 cal=0.03105 | G: raw=0.00375 cal=0.03001 | B: raw=0.00378 cal=0.03026 | e: raw=0.00367 cal=0.02940
2025-12-20 02:07:19 [tracker] [s5] onset t=3.751 env=0.01377 gate=0.00031 envDelta=0.01346 envFloor=0.00311 onset=1.336 thresh=0.016 onsetDelta=1.32026 baseline=0.00148 adaptive=0.01237 lastPeak=0.00000 guard=0.060 activeAge=-1.000 pitch=-1.00Hz pitchCents=0.0
2025-12-20 02:07:19 [tracker] [s1] aubio-raw t=3.7587 onset=1.001205 env=0.019806 peak=0.028341 gain=1.000
2025-12-20 02:07:19 [tracker] [s1] onset-accepted t=3.7587 env=0.019806 gate=0.000040 envDelta=0.019767 envFloor=0.001512 onset=1.001205 thresh=0.006000 onsetDelta=0.995205 baseline=0.000720 floor=0.000180 adapt=0.021572 lastPeak=0.000000 baseParam=0.000180 gateRatio=0.0550 envParam=0.000450 onsetScale=0.300 retriggerScale=1.400 guard=0.060 guardRemain=0.000 activeAge=-1.000 retrigRemain=0.000 pitchHz=-1.00 pitchCents=0.0
2025-12-20 02:07:19 [tracker] [s1] onset t=3.759 env=0.01981 gate=0.00004 envDelta=0.01977 envFloor=0.00151 onset=1.001 thresh=0.006 onsetDelta=0.99521 baseline=0.00072 adaptive=0.02157 lastPeak=0.00000 guard=0.060 activeAge=-1.000 pitch=-1.00Hz pitchCents=0.0
2025-12-20 02:07:19 [rms-meters] RMS -> E: raw=0.00572 cal=0.03627 | A: raw=0.00598 cal=0.04787 | D: raw=0.00761 cal=0.06084 | G: raw=0.00748 cal=0.05980 | B: raw=0.00744 cal=0.05954 | e: raw=0.00733 cal=0.05861
2025-12-20 02:07:19 [tracker] [s2] onset t=3.839 env=0.00919 gate=0.00001 envDelta=0.00918 envFloor=0.00185 onset=0.996 thresh=0.009 onsetDelta=0.98733 baseline=0.00088 adaptive=0.02339 lastPeak=0.00000 guard=0.060 activeAge=-1.000 pitch=-1.00Hz pitchCents=0.0
2025-12-20 02:07:19 [tracker] [s6] onset t=3.857 env=0.00792 gate=0.00042 envDelta=0.00750 envFloor=0.00353 onset=0.566 thresh=0.018 onsetDelta=0.54758 baseline=0.00168 adaptive=0.00948 lastPeak=0.00000 guard=0.060 activeAge=-1.000 pitch=-1.00Hz pitchCents=0.0
2025-12-20 02:07:19 [tracker] [s4] onset t=3.860 env=0.01765 gate=0.00022 envDelta=0.01743 envFloor=0.00269 onset=0.994 thresh=0.014 onsetDelta=0.98012 baseline=0.00128 adaptive=0.01512 lastPeak=0.00000 guard=0.060 activeAge=-1.000 pitch=-1.00Hz pitchCents=0.0
2025-12-20 02:07:19 [rms-meters] RMS -> E: raw=0.00457 cal=0.02900 | A: raw=0.00433 cal=0.03463 | D: raw=0.00339 cal=0.02710 | G: raw=0.00331 cal=0.02652 | B: raw=0.00334 cal=0.02673 | e: raw=0.00326 cal=0.02605
2025-12-20 02:07:19 [tracker] [s2] onset t=3.905 env=0.00869 gate=0.00001 envDelta=0.00868 envFloor=0.00185 onset=0.995 thresh=0.009 onsetDelta=0.98612 baseline=0.00088 adaptive=0.02326 lastPeak=0.00000 guard=0.060 activeAge=-1.000 pitch=-1.00Hz pitchCents=0.0
2025-12-20 02:07:19 [tracker] [s1] aubio-raw t=3.9454 onset=1.204498 env=0.022441 peak=0.027861 gain=1.000
2025-12-20 02:07:19 [tracker] [s1] onset-accepted t=3.9454 env=0.022441 gate=0.000040 envDelta=0.022402 envFloor=0.001512 onset=1.204498 thresh=0.006000 onsetDelta=1.198498 baseline=0.000720 floor=0.000180 adapt=0.022223 lastPeak=0.000000 baseParam=0.000180 gateRatio=0.0550 envParam=0.000450 onsetScale=0.300 retriggerScale=1.400 guard=0.060 guardRemain=0.000 activeAge=-1.000 retrigRemain=0.000 pitchHz=-1.00 pitchCents=0.0
2025-12-20 02:07:19 [tracker] [s2] onset t=3.961 env=0.02544 gate=0.00001 envDelta=0.02543 envFloor=0.00185 onset=1.200 thresh=0.009 onsetDelta=1.19099 baseline=0.00088 adaptive=0.02376 lastPeak=0.00000 guard=0.060 activeAge=-1.000 pitch=-1.00Hz pitchCents=0.0
2025-12-20 02:07:19 [rms-meters] RMS -> E: raw=0.00568 cal=0.03603 | A: raw=0.00575 cal=0.04601 | D: raw=0.00592 cal=0.04736 | G: raw=0.00581 cal=0.04649 | B: raw=0.00580 cal=0.04641 | e: raw=0.00576 cal=0.04606
2025-12-20 02:07:19 [tracker] [s5] onset t=4.001 env=0.01380 gate=0.00031 envDelta=0.01349 envFloor=0.00311 onset=1.254 thresh=0.016 onsetDelta=1.23812 baseline=0.00148 adaptive=0.01230 lastPeak=0.00000 guard=0.060 activeAge=-1.000 pitch=-1.00Hz pitchCents=0.0
2025-12-20 02:07:19 [tracker] [s2] onset t=4.028 env=0.02554 gate=0.00001 envDelta=0.02553 envFloor=0.00185 onset=0.964 thresh=0.009 onsetDelta=0.95524 baseline=0.00088 adaptive=0.02383 lastPeak=0.00000 guard=0.060 activeAge=-1.000 pitch=-1.00Hz pitchCents=0.0
2025-12-20 02:07:19 [rms-meters] RMS -> E: raw=0.00545 cal=0.03457 | A: raw=0.00550 cal=0.04403 | D: raw=0.00673 cal=0.05380 | G: raw=0.00668 cal=0.05347 | B: raw=0.00655 cal=0.05241 | e: raw=0.00647 cal=0.05178
2025-12-20 02:07:19 [tracker] [s5] onset t=4.108 env=0.01181 gate=0.00031 envDelta=0.01150 envFloor=0.00311 onset=0.902 thresh=0.016 onsetDelta=0.88605 baseline=0.00148 adaptive=0.01206 lastPeak=0.00000 guard=0.060 activeAge=-1.000 pitch=-1.00Hz pitchCents=0.0
2025-12-20 02:07:19 [rms-meters] RMS -> E: raw=0.00505 cal=0.03203 | A: raw=0.00493 cal=0.03947 | D: raw=0.00370 cal=0.02961 | G: raw=0.00350 cal=0.02800 | B: raw=0.00355 cal=0.02843 | e: raw=0.00349 cal=0.02792
2025-12-20 02:07:19 [tracker] [s3] onset t=4.148 env=0.01254 gate=0.00014 envDelta=0.01240 envFloor=0.00218 onset=1.439 thresh=0.012 onsetDelta=1.42773 baseline=0.00104 adaptive=0.01962 lastPeak=0.00000 guard=0.060 activeAge=-1.000 pitch=-1.00Hz pitchCents=0.0
2025-12-20 02:07:19 [tracker] [s2] onset t=4.159 env=0.02443 gate=0.00001 envDelta=0.02442 envFloor=0.00185 onset=0.996 thresh=0.009 onsetDelta=0.98728 baseline=0.00088 adaptive=0.02349 lastPeak=0.00000 guard=0.060 activeAge=-1.000 pitch=-1.00Hz pitchCents=0.0
2025-12-20 02:07:19 [tracker] [s3] onset t=4.212 env=0.01430 gate=0.00014 envDelta=0.01416 envFloor=0.00218 onset=0.891 thresh=0.012 onsetDelta=0.87894 baseline=0.00104 adaptive=0.01978 lastPeak=0.00000 guard=0.060 activeAge=-1.000 pitch=-1.00Hz pitchCents=0.0
2025-12-20 02:07:19 [rms-meters] RMS -> E: raw=0.00563 cal=0.03572 | A: raw=0.00584 cal=0.04674 | D: raw=0.00744 cal=0.05954 | G: raw=0.00742 cal=0.05933 | B: raw=0.00734 cal=0.05874 | e: raw=0.00734 cal=0.05869
2025-12-20 02:07:19 [tracker] [s4] onset t=4.255 env=0.00787 gate=0.00022 envDelta=0.00765 envFloor=0.00269 onset=1.025 thresh=0.014 onsetDelta=1.01120 baseline=0.00128 adaptive=0.01484 lastPeak=0.00000 guard=0.060 activeAge=-1.000 pitch=-1.00Hz pitchCents=0.0
2025-12-20 02:07:19 [tracker] [s3] onset t=4.273 env=0.01451 gate=0.00014 envDelta=0.01437 envFloor=0.00218 onset=1.122 thresh=0.012 onsetDelta=1.11032 baseline=0.00104 adaptive=0.01948 lastPeak=0.00000 guard=0.060 activeAge=-1.000 pitch=-1.00Hz pitchCents=0.0
2025-12-20 02:07:19 [rms-meters] RMS -> E: raw=0.00465 cal=0.02949 | A: raw=0.00447 cal=0.03572 | D: raw=0.00359 cal=0.02872 | G: raw=0.00369 cal=0.02949 | B: raw=0.00350 cal=0.02797 | e: raw=0.00354 cal=0.02835
2025-12-20 02:07:19 [tracker] [s2] onset t=4.340 env=0.01416 gate=0.00001 envDelta=0.01415 envFloor=0.00185 onset=0.974 thresh=0.009 onsetDelta=0.96530 baseline=0.00088 adaptive=0.02368 lastPeak=0.00000 guard=0.060 activeAge=-1.000 pitch=-1.00Hz pitchCents=0.0
2025-12-20 02:07:19 [tracker] [s4] onset t=4.340 env=0.01221 gate=0.00022 envDelta=0.01199 envFloor=0.00269 onset=0.994 thresh=0.014 onsetDelta=0.98045 baseline=0.00128 adaptive=0.01489 lastPeak=0.00000 guard=0.060 activeAge=-1.000 pitch=-1.00Hz pitchCents=0.0
2025-12-20 02:07:19 [rms-meters] RMS -> E: raw=0.00566 cal=0.03590 | A: raw=0.00577 cal=0.04612 | D: raw=0.00573 cal=0.04583 | G: raw=0.00568 cal=0.04543 | B: raw=0.00561 cal=0.04487 | e: raw=0.00557 cal=0.04455
2025-12-20 02:07:19 [tracker] [s3] onset t=4.404 env=0.01122 gate=0.00014 envDelta=0.01109 envFloor=0.00218 onset=0.649 thresh=0.012 onsetDelta=0.63770 baseline=0.00104 adaptive=0.01947 lastPeak=0.00000 guard=0.060 activeAge=-1.000 pitch=-1.00Hz pitchCents=0.0
2025-12-20 02:07:19 [tracker] [s1] aubio-raw t=4.4067 onset=1.039194 env=0.009504 peak=0.016126 gain=1.000
2025-12-20 02:07:19 [tracker] [s1] onset-accepted t=4.4067 env=0.009504 gate=0.000040 envDelta=0.009464 envFloor=0.001512 onset=1.039194 thresh=0.006000 onsetDelta=1.033194 baseline=0.000720 floor=0.000180 adapt=0.021941 lastPeak=0.000000 baseParam=0.000180 gateRatio=0.0550 envParam=0.000450 onsetScale=0.300 retriggerScale=1.400 guard=0.060 guardRemain=0.000 activeAge=-1.000 retrigRemain=0.000 pitchHz=-1.00 pitchCents=0.0
2025-12-20 02:07:19 [tracker] [s1] onset t=4.407 env=0.00950 gate=0.00004 envDelta=0.00946 envFloor=0.00151 onset=1.039 thresh=0.006 onsetDelta=1.03319 baseline=0.00072 adaptive=0.02194 lastPeak=0.00000 guard=0.060 activeAge=-1.000 pitch=-1.00Hz pitchCents=0.0
2025-12-20 02:07:20 [tracker] [s6] onset t=4.452 env=0.01038 gate=0.00042 envDelta=0.00996 envFloor=0.00353 onset=1.369 thresh=0.018 onsetDelta=1.35070 baseline=0.00168 adaptive=0.00977 lastPeak=0.00000 guard=0.060 activeAge=-1.000 pitch=-1.00Hz pitchCents=0.0
2025-12-20 02:07:20 [rms-meters] RMS -> E: raw=0.00552 cal=0.03500 | A: raw=0.00565 cal=0.04524 | D: raw=0.00700 cal=0.05603 | G: raw=0.00699 cal=0.05592 | B: raw=0.00669 cal=0.05354 | e: raw=0.00681 cal=0.05448
2025-12-20 02:07:20 [tracker] [s4] onset t=4.524 env=0.01265 gate=0.00022 envDelta=0.01243 envFloor=0.00269 onset=0.711 thresh=0.014 onsetDelta=0.69699 baseline=0.00128 adaptive=0.01468 lastPeak=0.00000 guard=0.060 activeAge=-1.000 pitch=-1.00Hz pitchCents=0.0
2025-12-20 02:07:20 [rms-meters] RMS -> E: raw=0.00496 cal=0.03145 | A: raw=0.00482 cal=0.03858 | D: raw=0.00347 cal=0.02774 | G: raw=0.00318 cal=0.02540 | B: raw=0.00329 cal=0.02631 | e: raw=0.00319 cal=0.02554
2025-12-20 02:07:20 [rms-meters] RMS -> E: raw=0.00566 cal=0.03590 | A: raw=0.00591 cal=0.04728 | D: raw=0.00751 cal=0.06005 | G: raw=0.00739 cal=0.05910 | B: raw=0.00724 cal=0.05788 | e: raw=0.00733 cal=0.05863
2025-12-20 02:07:20 [tracker] [s5] onset t=4.636 env=0.00915 gate=0.00031 envDelta=0.00883 envFloor=0.00311 onset=1.307 thresh=0.016 onsetDelta=1.29071 baseline=0.00148 adaptive=0.01224 lastPeak=0.00000 guard=0.060 activeAge=-1.000 pitch=-1.00Hz pitchCents=0.0
2025-12-20 02:07:20 [tracker] [s3] onset t=4.673 env=0.01439 gate=0.00014 envDelta=0.01426 envFloor=0.00218 onset=1.159 thresh=0.012 onsetDelta=1.14728 baseline=0.00104 adaptive=0.01944 lastPeak=0.00000 guard=0.060 activeAge=-1.000 pitch=-1.00Hz pitchCents=0.0
2025-12-20 02:07:20 [rms-meters] RMS -> E: raw=0.00473 cal=0.02999 | A: raw=0.00463 cal=0.03702 | D: raw=0.00379 cal=0.03030 | G: raw=0.00389 cal=0.03114 | B: raw=0.00374 cal=0.02995 | e: raw=0.00376 cal=0.03009
2025-12-20 02:07:20 [rms-meters] RMS -> E: raw=0.00565 cal=0.03584 | A: raw=0.00581 cal=0.04648 | D: raw=0.00565 cal=0.04516 | G: raw=0.00551 cal=0.04407 | B: raw=0.00546 cal=0.04369 | e: raw=0.00545 cal=0.04359
2025-12-20 02:07:20 [tracker] [s3] onset t=4.791 env=0.01585 gate=0.00014 envDelta=0.01571 envFloor=0.00218 onset=1.005 thresh=0.012 onsetDelta=0.99365 baseline=0.00104 adaptive=0.01922 lastPeak=0.00000 guard=0.060 activeAge=-1.000 pitch=-1.00Hz pitchCents=0.0
2025-12-20 02:07:20 [tracker] [s1] aubio-raw t=4.8040 onset=0.955903 env=0.018869 peak=0.026383 gain=1.000
2025-12-20 02:07:20 [tracker] [s1] onset-accepted t=4.8040 env=0.018869 gate=0.000040 envDelta=0.018830 envFloor=0.001512 onset=0.955903 thresh=0.006000 onsetDelta=0.949903 baseline=0.000720 floor=0.000180 adapt=0.022332 lastPeak=0.000000 baseParam=0.000180 gateRatio=0.0550 envParam=0.000450 onsetScale=0.300 retriggerScale=1.400 guard=0.060 guardRemain=0.000 activeAge=-1.000 retrigRemain=0.000 pitchHz=-1.00 pitchCents=0.0
2025-12-20 02:07:20 [tracker] [s1] onset t=4.804 env=0.01887 gate=0.00004 envDelta=0.01883 envFloor=0.00151 onset=0.956 thresh=0.006 onsetDelta=0.94990 baseline=0.00072 adaptive=0.02233 lastPeak=0.00000 guard=0.060 activeAge=-1.000 pitch=-1.00Hz pitchCents=0.0
2025-12-20 02:07:20 [rms-meters] RMS -> E: raw=0.00550 cal=0.03484 | A: raw=0.00563 cal=0.04507 | D: raw=0.00714 cal=0.05710 | G: raw=0.00700 cal=0.05600 | B: raw=0.00685 cal=0.05479 | e: raw=0.00696 cal=0.05569
2025-12-20 02:07:20 [tracker] [s4] onset t=4.873 env=0.01208 gate=0.00022 envDelta=0.01186 envFloor=0.00269 onset=1.257 thresh=0.014 onsetDelta=1.24292 baseline=0.00128 adaptive=0.01483 lastPeak=0.00000 guard=0.060 activeAge=-1.000 pitch=-1.00Hz pitchCents=0.0
2025-12-20 02:07:20 [rms-meters] RMS -> E: raw=0.00483 cal=0.03060 | A: raw=0.00464 cal=0.03713 | D: raw=0.00309 cal=0.02470 | G: raw=0.00297 cal=0.02373 | B: raw=0.00301 cal=0.02406 | e: raw=0.00293 cal=0.02345
2025-12-20 02:07:20 [tracker] [s6] onset t=4.969 env=0.00616 gate=0.00042 envDelta=0.00574 envFloor=0.00353 onset=0.998 thresh=0.018 onsetDelta=0.97990 baseline=0.00168 adaptive=0.00980 lastPeak=0.00000 guard=0.060 activeAge=-1.000 pitch=-1.00Hz pitchCents=0.0
2025-12-20 02:07:20 [rms-meters] RMS -> E: raw=0.00570 cal=0.03616 | A: raw=0.00597 cal=0.04779 | D: raw=0.00745 cal=0.05958 | G: raw=0.00730 cal=0.05838 | B: raw=0.00739 cal=0.05911 | e: raw=0.00735 cal=0.05880
2025-12-20 02:07:20 [tracker] [s1] aubio-raw t=5.0280 onset=0.997476 env=0.024657 peak=0.029292 gain=1.000
2025-12-20 02:07:20 [tracker] [s1] onset-accepted t=5.0280 env=0.024657 gate=0.000040 envDelta=0.024617 envFloor=0.001512 onset=0.997476 thresh=0.006000 onsetDelta=0.991476 baseline=0.000720 floor=0.000180 adapt=0.022086 lastPeak=0.000000 baseParam=0.000180 gateRatio=0.0550 envParam=0.000450 onsetScale=0.300 retriggerScale=1.400 guard=0.060 guardRemain=0.000 activeAge=-1.000 retrigRemain=0.000 pitchHz=-1.00 pitchCents=0.0
2025-12-20 02:07:20 [tracker] [s1] onset t=5.028 env=0.02466 gate=0.00004 envDelta=0.02462 envFloor=0.00151 onset=0.997 thresh=0.006 onsetDelta=0.99148 baseline=0.00072 adaptive=0.02209 lastPeak=0.00000 guard=0.060 activeAge=-1.000 pitch=-1.00Hz pitchCents=0.0
2025-12-20 02:07:20 [tracker] [s6] onset t=5.033 env=0.01113 gate=0.00042 envDelta=0.01071 envFloor=0.00353 onset=1.129 thresh=0.018 onsetDelta=1.11095 baseline=0.00168 adaptive=0.00990 lastPeak=0.00000 guard=0.060 activeAge=-1.000 pitch=-1.00Hz pitchCents=0.0
2025-12-20 02:07:20 [tracker] [s4] onset t=5.089 env=0.01092 gate=0.00022 envDelta=0.01070 envFloor=0.00269 onset=1.053 thresh=0.014 onsetDelta=1.03900 baseline=0.00128 adaptive=0.01496 lastPeak=0.00000 guard=0.060 activeAge=-1.000 pitch=-1.00Hz pitchCents=0.0
2025-12-20 02:07:20 [rms-meters] RMS -> E: raw=0.00485 cal=0.03074 | A: raw=0.00472 cal=0.03777 | D: raw=0.00411 cal=0.03287 | G: raw=0.00413 cal=0.03304 | B: raw=0.00405 cal=0.03242 | e: raw=0.00410 cal=0.03278
2025-12-20 02:07:20 [tracker] [s5] onset t=5.151 env=0.01374 gate=0.00031 envDelta=0.01343 envFloor=0.00311 onset=1.137 thresh=0.016 onsetDelta=1.12133 baseline=0.00148 adaptive=0.01236 lastPeak=0.00000 guard=0.060 activeAge=-1.000 pitch=-1.00Hz pitchCents=0.0
2025-12-20 02:07:20 [rms-meters] RMS -> E: raw=0.00567 cal=0.03593 | A: raw=0.00579 cal=0.04633 | D: raw=0.00532 cal=0.04260 | G: raw=0.00529 cal=0.04234 | B: raw=0.00532 cal=0.04259 | e: raw=0.00527 cal=0.04214
2025-12-20 02:07:20 [tracker] [s4] onset t=5.239 env=0.00955 gate=0.00022 envDelta=0.00934 envFloor=0.00269 onset=0.862 thresh=0.014 onsetDelta=0.84829 baseline=0.00128 adaptive=0.01487 lastPeak=0.00000 guard=0.060 activeAge=-1.000 pitch=-1.00Hz pitchCents=0.0
2025-12-20 02:07:20 [rms-meters] RMS -> E: raw=0.00560 cal=0.03550 | A: raw=0.00568 cal=0.04541 | D: raw=0.00714 cal=0.05709 | G: raw=0.00709 cal=0.05672 | B: raw=0.00709 cal=0.05673 | e: raw=0.00700 cal=0.05600
2025-12-20 02:07:20 [tracker] [s3] onset t=5.308 env=0.01990 gate=0.00014 envDelta=0.01977 envFloor=0.00218 onset=0.994 thresh=0.012 onsetDelta=0.98271 baseline=0.00104 adaptive=0.01939 lastPeak=0.00000 guard=0.060 activeAge=-1.000 pitch=-1.00Hz pitchCents=0.0
2025-12-20 02:07:20 [rms-meters] RMS -> E: raw=0.00499 cal=0.03161 | A: raw=0.00512 cal=0.04097 | D: raw=0.00600 cal=0.04802 | G: raw=0.00583 cal=0.04660 | B: raw=0.00583 cal=0.04667 | e: raw=0.00587 cal=0.04694
2025-12-20 02:07:20 [tracker] [s4] onset t=5.393 env=0.01734 gate=0.00022 envDelta=0.01712 envFloor=0.00269 onset=0.989 thresh=0.014 onsetDelta=0.97461 baseline=0.00128 adaptive=0.01504 lastPeak=0.00000 guard=0.060 activeAge=-1.000 pitch=-1.00Hz pitchCents=0.0
2025-12-20 02:07:20 [rms-meters] RMS -> E: raw=0.00497 cal=0.03154 | A: raw=0.00487 cal=0.03894 | D: raw=0.00378 cal=0.03025 | G: raw=0.00370 cal=0.02961 | B: raw=0.00364 cal=0.02916 | e: raw=0.00368 cal=0.02942
2025-12-20 02:07:20 [tracker] [s3] onset t=5.425 env=0.02257 gate=0.00014 envDelta=0.02243 envFloor=0.00218 onset=0.938 thresh=0.012 onsetDelta=0.92637 baseline=0.00104 adaptive=0.01994 lastPeak=0.00000 guard=0.060 activeAge=-1.000 pitch=-1.00Hz pitchCents=0.0
2025-12-20 02:07:21 [rms-meters] RMS -> E: raw=0.00498 cal=0.03154 | A: raw=0.00481 cal=0.03846 | D: raw=0.00446 cal=0.03567 | G: raw=0.00431 cal=0.03444 | B: raw=0.00421 cal=0.03369 | e: raw=0.00412 cal=0.03294
2025-12-20 02:07:21 [tracker] [s1] aubio-raw t=5.5079 onset=0.999810 env=0.018197 peak=0.027306 gain=1.000
2025-12-20 02:07:21 [tracker] [s1] onset-accepted t=5.5079 env=0.018197 gate=0.000040 envDelta=0.018157 envFloor=0.001512 onset=0.999810 thresh=0.006000 onsetDelta=0.993810 baseline=0.000720 floor=0.000180 adapt=0.021608 lastPeak=0.000000 baseParam=0.000180 gateRatio=0.0550 envParam=0.000450 onsetScale=0.300 retriggerScale=1.400 guard=0.060 guardRemain=0.000 activeAge=-1.000 retrigRemain=0.000 pitchHz=-1.00 pitchCents=0.0
2025-12-20 02:07:21 [tracker] [s1] onset t=5.508 env=0.01820 gate=0.00004 envDelta=0.01816 envFloor=0.00151 onset=1.000 thresh=0.006 onsetDelta=0.99381 baseline=0.00072 adaptive=0.02161 lastPeak=0.00000 guard=0.060 activeAge=-1.000 pitch=-1.00Hz pitchCents=0.0
2025-12-20 02:07:21 [rms-meters] RMS -> E: raw=0.00570 cal=0.03614 | A: raw=0.00569 cal=0.04555 | D: raw=0.00535 cal=0.04279 | G: raw=0.00523 cal=0.04187 | B: raw=0.00511 cal=0.04084 | e: raw=0.00513 cal=0.04103
2025-12-20 02:07:21 [tracker] [s4] onset t=5.607 env=0.01227 gate=0.00022 envDelta=0.01205 envFloor=0.00269 onset=0.992 thresh=0.014 onsetDelta=0.97825 baseline=0.00128 adaptive=0.01484 lastPeak=0.00000 guard=0.060 activeAge=-1.000 pitch=-1.00Hz pitchCents=0.0
2025-12-20 02:07:21 [tracker] [s5] onset t=5.652 env=0.01103 gate=0.00031 envDelta=0.01072 envFloor=0.00311 onset=1.005 thresh=0.016 onsetDelta=0.98880 baseline=0.00148 adaptive=0.01211 lastPeak=0.00000 guard=0.060 activeAge=-1.000 pitch=-1.00Hz pitchCents=0.0
2025-12-20 02:07:21 [rms-meters] RMS -> E: raw=0.00558 cal=0.03539 | A: raw=0.00571 cal=0.04570 | D: raw=0.00729 cal=0.05829 | G: raw=0.00720 cal=0.05763 | B: raw=0.00725 cal=0.05801 | e: raw=0.00715 cal=0.05718
2025-12-20 02:07:21 [tracker] [s3] onset t=5.673 env=0.01504 gate=0.00014 envDelta=0.01490 envFloor=0.00218 onset=1.141 thresh=0.012 onsetDelta=1.12947 baseline=0.00104 adaptive=0.01930 lastPeak=0.00000 guard=0.060 activeAge=-1.000 pitch=-1.00Hz pitchCents=0.0
2025-12-20 02:07:21 [tracker] [s6] onset t=5.703 env=0.00615 gate=0.00042 envDelta=0.00573 envFloor=0.00353 onset=0.951 thresh=0.018 onsetDelta=0.93346 baseline=0.00168 adaptive=0.00974 lastPeak=0.00000 guard=0.060 activeAge=-1.000 pitch=-1.00Hz pitchCents=0.0
2025-12-20 02:07:21 [tracker] [s4] onset t=5.708 env=0.01648 gate=0.00022 envDelta=0.01626 envFloor=0.00269 onset=0.954 thresh=0.014 onsetDelta=0.94048 baseline=0.00128 adaptive=0.01517 lastPeak=0.00000 guard=0.060 activeAge=-1.000 pitch=-1.00Hz pitchCents=0.0
2025-12-20 02:07:21 [tracker] [s2] onset t=5.740 env=0.01581 gate=0.00001 envDelta=0.01580 envFloor=0.00185 onset=0.762 thresh=0.009 onsetDelta=0.75308 baseline=0.00088 adaptive=0.02366 lastPeak=0.00000 guard=0.060 activeAge=-1.000 pitch=-1.00Hz pitchCents=0.0
2025-12-20 02:07:21 [rms-meters] RMS -> E: raw=0.00499 cal=0.02888 | A: raw=0.00502 cal=0.03447 | D: raw=0.00603 cal=0.02035 | G: raw=0.00594 cal=0.02032 | B: raw=0.00576 cal=0.02061 | e: raw=0.00578 cal=0.02074
2025-12-20 02:07:21 [rms-meters] RMS -> E: raw=0.00569 cal=0.03608 | A: raw=0.00599 cal=0.04795 | D: raw=0.00736 cal=0.05890 | G: raw=0.00722 cal=0.05776 | B: raw=0.00715 cal=0.05722 | e: raw=0.00718 cal=0.05747
2025-12-20 02:07:21 [tracker] [s1] aubio-raw t=5.8732 onset=0.555077 env=0.010925 peak=0.017027 gain=1.000
2025-12-20 02:07:21 [tracker] [s1] onset-accepted t=5.8732 env=0.010925 gate=0.000040 envDelta=0.010885 envFloor=0.001512 onset=0.555077 thresh=0.006000 onsetDelta=0.549077 baseline=0.000720 floor=0.000180 adapt=0.022116 lastPeak=0.000000 baseParam=0.000180 gateRatio=0.0550 envParam=0.000450 onsetScale=0.300 retriggerScale=1.400 guard=0.060 guardRemain=0.000 activeAge=-1.000 retrigRemain=0.000 pitchHz=-1.00 pitchCents=0.0
2025-12-20 02:07:21 [tracker] [s1] onset t=5.873 env=0.01093 gate=0.00004 envDelta=0.01089 envFloor=0.00151 onset=0.555 thresh=0.006 onsetDelta=0.54908 baseline=0.00072 adaptive=0.02212 lastPeak=0.00000 guard=0.060 activeAge=-1.000 pitch=-1.00Hz pitchCents=0.0
2025-12-20 02:07:21 [tracker] [s3] onset t=5.887 env=0.01302 gate=0.00014 envDelta=0.01289 envFloor=0.00218 onset=0.997 thresh=0.012 onsetDelta=0.98533 baseline=0.00104 adaptive=0.01963 lastPeak=0.00000 guard=0.060 activeAge=-1.000 pitch=-1.00Hz pitchCents=0.0
2025-12-20 02:07:21 [rms-meters] RMS -> E: raw=0.00508 cal=0.03220 | A: raw=0.00487 cal=0.03898 | D: raw=0.00451 cal=0.03604 | G: raw=0.00452 cal=0.03618 | B: raw=0.00441 cal=0.03530 | e: raw=0.00442 cal=0.03537
2025-12-20 02:07:21 [tracker] [s6] onset t=5.951 env=0.01064 gate=0.00042 envDelta=0.01022 envFloor=0.00353 onset=1.075 thresh=0.018 onsetDelta=1.05739 baseline=0.00168 adaptive=0.00980 lastPeak=0.00000 guard=0.060 activeAge=-1.000 pitch=-1.00Hz pitchCents=0.0
2025-12-20 02:07:21 [tracker] [s1] aubio-raw t=5.9639 onset=1.452811 env=0.007486 peak=0.013072 gain=1.000
2025-12-20 02:07:21 [tracker] [s1] onset-accepted t=5.9639 env=0.007486 gate=0.000040 envDelta=0.007447 envFloor=0.001512 onset=1.452811 thresh=0.006000 onsetDelta=1.446811 baseline=0.000720 floor=0.000180 adapt=0.021784 lastPeak=0.000000 baseParam=0.000180 gateRatio=0.0550 envParam=0.000450 onsetScale=0.300 retriggerScale=1.400 guard=0.060 guardRemain=0.000 activeAge=-1.000 retrigRemain=0.000 pitchHz=-1.00 pitchCents=0.0
2025-12-20 02:07:21 [rms-meters] RMS -> E: raw=0.00495 cal=0.03141 | A: raw=0.00480 cal=0.03840 | D: raw=0.00390 cal=0.03121 | G: raw=0.00371 cal=0.02964 | B: raw=0.00370 cal=0.02960 | e: raw=0.00373 cal=0.02981
2025-12-20 02:07:21 [tracker] [s5] onset t=5.983 env=0.01243 gate=0.00031 envDelta=0.01212 envFloor=0.00311 onset=1.135 thresh=0.016 onsetDelta=1.11944 baseline=0.00148 adaptive=0.01221 lastPeak=0.00000 guard=0.060 activeAge=-1.000 pitch=-1.00Hz pitchCents=0.0
2025-12-20 02:07:21 [tracker] [s2] onset t=6.007 env=0.01581 gate=0.00001 envDelta=0.01580 envFloor=0.00185 onset=0.750 thresh=0.009 onsetDelta=0.74058 baseline=0.00088 adaptive=0.02356 lastPeak=0.00000 guard=0.060 activeAge=-1.000 pitch=-1.00Hz pitchCents=0.0
2025-12-20 02:07:21 [rms-meters] RMS -> E: raw=0.00557 cal=0.03533 | A: raw=0.00567 cal=0.04533 | D: raw=0.00740 cal=0.05918 | G: raw=0.00732 cal=0.05858 | B: raw=0.00719 cal=0.05752 | e: raw=0.00717 cal=0.05737
2025-12-20 02:07:21 [tracker] [s3] onset t=6.135 env=0.02262 gate=0.00014 envDelta=0.02249 envFloor=0.00218 onset=0.995 thresh=0.012 onsetDelta=0.98330 baseline=0.00104 adaptive=0.01973 lastPeak=0.00000 guard=0.060 activeAge=-1.000 pitch=-1.00Hz pitchCents=0.0
2025-12-20 02:07:21 [rms-meters] RMS -> E: raw=0.00501 cal=0.03177 | A: raw=0.00513 cal=0.04104 | D: raw=0.00636 cal=0.05090 | G: raw=0.00620 cal=0.04959 | B: raw=0.00594 cal=0.04751 | e: raw=0.00603 cal=0.04826
2025-12-20 02:07:21 [tracker] [s5] onset t=6.175 env=0.01359 gate=0.00031 envDelta=0.01328 envFloor=0.00311 onset=0.995 thresh=0.016 onsetDelta=0.97943 baseline=0.00148 adaptive=0.01234 lastPeak=0.00000 guard=0.060 activeAge=-1.000 pitch=-1.00Hz pitchCents=0.0
2025-12-20 02:07:21 [tracker] [s1] aubio-raw t=6.1772 onset=1.443753 env=0.026133 peak=0.028622 gain=1.000
2025-12-20 02:07:21 [tracker] [s1] onset-accepted t=6.1772 env=0.026133 gate=0.000040 envDelta=0.026094 envFloor=0.001512 onset=1.443753 thresh=0.006000 onsetDelta=1.437753 baseline=0.000720 floor=0.000180 adapt=0.022305 lastPeak=0.000000 baseParam=0.000180 gateRatio=0.0550 envParam=0.000450 onsetScale=0.300 retriggerScale=1.400 guard=0.060 guardRemain=0.000 activeAge=-1.000 retrigRemain=0.000 pitchHz=-1.00 pitchCents=0.0
2025-12-20 02:07:21 [tracker] [s1] onset t=6.177 env=0.02613 gate=0.00004 envDelta=0.02609 envFloor=0.00151 onset=1.444 thresh=0.006 onsetDelta=1.43775 baseline=0.00072 adaptive=0.02231 lastPeak=0.00000 guard=0.060 activeAge=-1.000 pitch=-1.00Hz pitchCents=0.0
2025-12-20 02:07:21 [rms-meters] RMS -> E: raw=0.00581 cal=0.03683 | A: raw=0.00598 cal=0.04782 | D: raw=0.00736 cal=0.05888 | G: raw=0.00727 cal=0.05819 | B: raw=0.00712 cal=0.05699 | e: raw=0.00715 cal=0.05723
2025-12-20 02:07:21 [tracker] [s1] aubio-raw t=6.2386 onset=0.880354 env=0.007195 peak=0.012178 gain=1.000
2025-12-20 02:07:21 [tracker] [s1] onset-accepted t=6.2386 env=0.007195 gate=0.000040 envDelta=0.007155 envFloor=0.001512 onset=0.880354 thresh=0.006000 onsetDelta=0.874354 baseline=0.000720 floor=0.000180 adapt=0.021691 lastPeak=0.000000 baseParam=0.000180 gateRatio=0.0550 envParam=0.000450 onsetScale=0.300 retriggerScale=1.400 guard=0.060 guardRemain=0.000 activeAge=-1.000 retrigRemain=0.000 pitchHz=-1.00 pitchCents=0.0
2025-12-20 02:07:21 [tracker] [s1] onset t=6.239 env=0.00720 gate=0.00004 envDelta=0.00716 envFloor=0.00151 onset=0.880 thresh=0.006 onsetDelta=0.87435 baseline=0.00072 adaptive=0.02169 lastPeak=0.00000 guard=0.060 activeAge=-1.000 pitch=-1.00Hz pitchCents=0.0
2025-12-20 02:07:21 [rms-meters] RMS -> E: raw=0.00595 cal=0.03775 | A: raw=0.00618 cal=0.04943 | D: raw=0.00788 cal=0.06305 | G: raw=0.00768 cal=0.06143 | B: raw=0.00752 cal=0.06018 | e: raw=0.00762 cal=0.06096
2025-12-20 02:07:21 [rms-meters] RMS -> E: raw=0.00559 cal=0.03542 | A: raw=0.00557 cal=0.04453 | D: raw=0.00500 cal=0.04001 | G: raw=0.00488 cal=0.03907 | B: raw=0.00480 cal=0.03843 | e: raw=0.00480 cal=0.03844
2025-12-20 02:07:21 [tracker] [s3] onset t=6.407 env=0.01510 gate=0.00014 envDelta=0.01497 envFloor=0.00218 onset=1.170 thresh=0.012 onsetDelta=1.15811 baseline=0.00104 adaptive=0.01933 lastPeak=0.00000 guard=0.060 activeAge=-1.000 pitch=-1.00Hz pitchCents=0.0
2025-12-20 02:07:21 [tracker] [s4] onset t=6.441 env=0.01660 gate=0.00022 envDelta=0.01639 envFloor=0.00269 onset=1.000 thresh=0.014 onsetDelta=0.98606 baseline=0.00128 adaptive=0.01528 lastPeak=0.00000 guard=0.060 activeAge=-1.000 pitch=-1.00Hz pitchCents=0.0
2025-12-20 02:07:22 [rms-meters] RMS -> E: raw=0.00557 cal=0.03533 | A: raw=0.00569 cal=0.04549 | D: raw=0.00754 cal=0.06032 | G: raw=0.00736 cal=0.05891 | B: raw=0.00725 cal=0.05804 | e: raw=0.00726 cal=0.05805
2025-12-20 02:07:22 [tracker] [s5] onset t=6.471 env=0.00663 gate=0.00031 envDelta=0.00632 envFloor=0.00311 onset=0.877 thresh=0.016 onsetDelta=0.86107 baseline=0.00148 adaptive=0.01193 lastPeak=0.00000 guard=0.060 activeAge=-1.000 pitch=-1.00Hz pitchCents=0.0
2025-12-20 02:07:22 [tracker] [s1] aubio-raw t=6.4865 onset=1.044425 env=0.019677 peak=0.025618 gain=1.000
2025-12-20 02:07:22 [tracker] [s1] onset-accepted t=6.4865 env=0.019677 gate=0.000040 envDelta=0.019638 envFloor=0.001512 onset=1.044425 thresh=0.006000 onsetDelta=1.038425 baseline=0.000720 floor=0.000180 adapt=0.022320 lastPeak=0.000000 baseParam=0.000180 gateRatio=0.0550 envParam=0.000450 onsetScale=0.300 retriggerScale=1.400 guard=0.060 guardRemain=0.000 activeAge=-1.000 retrigRemain=0.000 pitchHz=-1.00 pitchCents=0.0
2025-12-20 02:07:22 [tracker] [s1] onset t=6.487 env=0.01968 gate=0.00004 envDelta=0.01964 envFloor=0.00151 onset=1.044 thresh=0.006 onsetDelta=1.03843 baseline=0.00072 adaptive=0.02232 lastPeak=0.00000 guard=0.060 activeAge=-1.000 pitch=-1.00Hz pitchCents=0.0
2025-12-20 02:07:22 [tracker] [s2] onset t=6.508 env=0.02392 gate=0.00001 envDelta=0.02391 envFloor=0.00185 onset=0.957 thresh=0.009 onsetDelta=0.94762 baseline=0.00088 adaptive=0.02341 lastPeak=0.00000 guard=0.060 activeAge=-1.000 pitch=-1.00Hz pitchCents=0.0
2025-12-20 02:07:22 [rms-meters] RMS -> E: raw=0.00504 cal=0.03198 | A: raw=0.00506 cal=0.04049 | D: raw=0.00648 cal=0.05187 | G: raw=0.00640 cal=0.05121 | B: raw=0.00622 cal=0.04976 | e: raw=0.00621 cal=0.04971
2025-12-20 02:07:22 [tracker] [s5] onset t=6.601 env=0.01312 gate=0.00031 envDelta=0.01281 envFloor=0.00311 onset=1.214 thresh=0.016 onsetDelta=1.19818 baseline=0.00148 adaptive=0.01204 lastPeak=0.00000 guard=0.060 activeAge=-1.000 pitch=-1.00Hz pitchCents=0.0
2025-12-20 02:07:22 [tracker] [s2] onset t=6.604 env=0.01264 gate=0.00001 envDelta=0.01263 envFloor=0.00185 onset=1.036 thresh=0.009 onsetDelta=1.02659 baseline=0.00088 adaptive=0.02350 lastPeak=0.00000 guard=0.060 activeAge=-1.000 pitch=-1.00Hz pitchCents=0.0
2025-12-20 02:07:22 [rms-meters] RMS -> E: raw=0.00583 cal=0.03699 | A: raw=0.00612 cal=0.04895 | D: raw=0.00736 cal=0.05888 | G: raw=0.00721 cal=0.05770 | B: raw=0.00712 cal=0.05698 | e: raw=0.00724 cal=0.05788
2025-12-20 02:07:22 [tracker] [s4] onset t=6.657 env=0.01449 gate=0.00022 envDelta=0.01427 envFloor=0.00269 onset=1.300 thresh=0.014 onsetDelta=1.28577 baseline=0.00128 adaptive=0.01487 lastPeak=0.00000 guard=0.060 activeAge=-1.000 pitch=-1.00Hz pitchCents=0.0
2025-12-20 02:07:22 [rms-meters] RMS -> E: raw=0.00519 cal=0.03291 | A: raw=0.00515 cal=0.04123 | D: raw=0.00509 cal=0.04070 | G: raw=0.00497 cal=0.03977 | B: raw=0.00483 cal=0.03860 | e: raw=0.00492 cal=0.03935
2025-12-20 02:07:22 [rms-meters] RMS -> E: raw=0.00550 cal=0.03485 | A: raw=0.00548 cal=0.04387 | D: raw=0.00468 cal=0.03745 | G: raw=0.00467 cal=0.03735 | B: raw=0.00464 cal=0.03710 | e: raw=0.00463 cal=0.03706
2025-12-20 02:07:22 [tracker] [s2] onset t=6.825 env=0.02775 gate=0.00001 envDelta=0.02774 envFloor=0.00185 onset=0.615 thresh=0.009 onsetDelta=0.60562 baseline=0.00088 adaptive=0.02432 lastPeak=0.00000 guard=0.060 activeAge=-1.000 pitch=-1.00Hz pitchCents=0.0
2025-12-20 02:07:22 [rms-meters] RMS -> E: raw=0.00562 cal=0.03566 | A: raw=0.00574 cal=0.04589 | D: raw=0.00749 cal=0.05989 | G: raw=0.00752 cal=0.06019 | B: raw=0.00733 cal=0.05865 | e: raw=0.00740 cal=0.05923
2025-12-20 02:07:22 [tracker] [s5] onset t=6.868 env=0.01333 gate=0.00031 envDelta=0.01302 envFloor=0.00311 onset=1.158 thresh=0.016 onsetDelta=1.14163 baseline=0.00148 adaptive=0.01216 lastPeak=0.00000 guard=0.060 activeAge=-1.000 pitch=-1.00Hz pitchCents=0.0
2025-12-20 02:07:22 [rms-meters] RMS -> E: raw=0.00436 cal=0.02766 | A: raw=0.00415 cal=0.03317 | D: raw=0.00221 cal=0.01769 | G: raw=0.00221 cal=0.01771 | B: raw=0.00231 cal=0.01850 | e: raw=0.00216 cal=0.01724
2025-12-20 02:07:22 [tracker] [s3] onset t=6.990 env=0.01898 gate=0.00014 envDelta=0.01885 envFloor=0.00218 onset=1.153 thresh=0.012 onsetDelta=1.14163 baseline=0.00104 adaptive=0.01919 lastPeak=0.00000 guard=0.060 activeAge=-1.000 pitch=-1.00Hz pitchCents=0.0
2025-12-20 02:07:22 [rms-meters] RMS -> E: raw=0.00586 cal=0.03714 | A: raw=0.00604 cal=0.04835 | D: raw=0.00735 cal=0.05880 | G: raw=0.00727 cal=0.05817 | B: raw=0.00706 cal=0.05648 | e: raw=0.00711 cal=0.05686
2025-12-20 02:07:22 [tracker] [s1] aubio-raw t=7.0385 onset=0.616519 env=0.007552 peak=0.013115 gain=1.000
2025-12-20 02:07:22 [tracker] [s1] onset-accepted t=7.0385 env=0.007552 gate=0.000040 envDelta=0.007512 envFloor=0.001512 onset=0.616519 thresh=0.006000 onsetDelta=0.610519 baseline=0.000720 floor=0.000180 adapt=0.021555 lastPeak=0.000000 baseParam=0.000180 gateRatio=0.0550 envParam=0.000450 onsetScale=0.300 retriggerScale=1.400 guard=0.060 guardRemain=0.000 activeAge=-1.000 retrigRemain=0.000 pitchHz=-1.00 pitchCents=0.0
2025-12-20 02:07:22 [tracker] [s1] onset t=7.038 env=0.00755 gate=0.00004 envDelta=0.00751 envFloor=0.00151 onset=0.617 thresh=0.006 onsetDelta=0.61052 baseline=0.00072 adaptive=0.02155 lastPeak=0.00000 guard=0.060 activeAge=-1.000 pitch=-1.00Hz pitchCents=0.0
2025-12-20 02:07:22 [tracker] [s4] onset t=7.046 env=0.01034 gate=0.00022 envDelta=0.01012 envFloor=0.00269 onset=0.994 thresh=0.014 onsetDelta=0.98020 baseline=0.00128 adaptive=0.01504 lastPeak=0.00000 guard=0.060 activeAge=-1.000 pitch=-1.00Hz pitchCents=0.0
2025-12-20 02:07:22 [tracker] [s1] aubio-raw t=7.0918 onset=0.997569 env=0.024222 peak=0.028650 gain=1.000
2025-12-20 02:07:22 [tracker] [s1] onset-accepted t=7.0918 env=0.024222 gate=0.000040 envDelta=0.024183 envFloor=0.001512 onset=0.997569 thresh=0.006000 onsetDelta=0.991569 baseline=0.000720 floor=0.000180 adapt=0.022320 lastPeak=0.000000 baseParam=0.000180 gateRatio=0.0550 envParam=0.000450 onsetScale=0.300 retriggerScale=1.400 guard=0.060 guardRemain=0.000 activeAge=-1.000 retrigRemain=0.000 pitchHz=-1.00 pitchCents=0.0
2025-12-20 02:07:22 [tracker] [s1] onset t=7.092 env=0.02422 gate=0.00004 envDelta=0.02418 envFloor=0.00151 onset=0.998 thresh=0.006 onsetDelta=0.99157 baseline=0.00072 adaptive=0.02232 lastPeak=0.00000 guard=0.060 activeAge=-1.000 pitch=-1.00Hz pitchCents=0.0
2025-12-20 02:07:22 [rms-meters] RMS -> E: raw=0.00519 cal=0.03291 | A: raw=0.00520 cal=0.04157 | D: raw=0.00540 cal=0.04317 | G: raw=0.00523 cal=0.04183 | B: raw=0.00512 cal=0.04097 | e: raw=0.00521 cal=0.04170
2025-12-20 02:07:22 [tracker] [s4] onset t=7.142 env=0.01733 gate=0.00022 envDelta=0.01712 envFloor=0.00269 onset=0.811 thresh=0.014 onsetDelta=0.79749 baseline=0.00128 adaptive=0.01506 lastPeak=0.00000 guard=0.060 activeAge=-1.000 pitch=-1.00Hz pitchCents=0.0
2025-12-20 02:07:22 [tracker] [s1] aubio-raw t=7.1692 onset=1.247143 env=0.022502 peak=0.027634 gain=1.000
2025-12-20 02:07:22 [tracker] [s1] onset-accepted t=7.1692 env=0.022502 gate=0.000040 envDelta=0.022463 envFloor=0.001512 onset=1.247143 thresh=0.006000 onsetDelta=1.241143 baseline=0.000720 floor=0.000180 adapt=0.022035 lastPeak=0.000000 baseParam=0.000180 gateRatio=0.0550 envParam=0.000450 onsetScale=0.300 retriggerScale=1.400 guard=0.060 guardRemain=0.000 activeAge=-1.000 retrigRemain=0.000 pitchHz=-1.00 pitchCents=0.0
2025-12-20 02:07:22 [tracker] [s1] onset t=7.169 env=0.02250 gate=0.00004 envDelta=0.02246 envFloor=0.00151 onset=1.247 thresh=0.006 onsetDelta=1.24114 baseline=0.00072 adaptive=0.02204 lastPeak=0.00000 guard=0.060 activeAge=-1.000 pitch=-1.00Hz pitchCents=0.0
2025-12-20 02:07:22 [rms-meters] RMS -> E: raw=0.00537 cal=0.03403 | A: raw=0.00543 cal=0.04341 | D: raw=0.00461 cal=0.03684 | G: raw=0.00442 cal=0.03533 | B: raw=0.00441 cal=0.03530 | e: raw=0.00438 cal=0.03503
2025-12-20 02:07:22 [tracker] [s6] onset t=7.182 env=0.01085 gate=0.00042 envDelta=0.01043 envFloor=0.00353 onset=1.395 thresh=0.018 onsetDelta=1.37737 baseline=0.00168 adaptive=0.00988 lastPeak=0.00000 guard=0.060 activeAge=-1.000 pitch=-1.00Hz pitchCents=0.0
2025-12-20 02:07:22 [tracker] [s3] onset t=7.225 env=0.02285 gate=0.00014 envDelta=0.02272 envFloor=0.00218 onset=0.816 thresh=0.012 onsetDelta=0.80459 baseline=0.00104 adaptive=0.01993 lastPeak=0.00000 guard=0.060 activeAge=-1.000 pitch=-1.00Hz pitchCents=0.0
2025-12-20 02:07:22 [tracker] [s1] aubio-raw t=7.2385 onset=1.172448 env=0.007603 peak=0.013052 gain=1.000
2025-12-20 02:07:22 [tracker] [s1] onset-accepted t=7.2385 env=0.007603 gate=0.000040 envDelta=0.007563 envFloor=0.001512 onset=1.172448 thresh=0.006000 onsetDelta=1.166448 baseline=0.000720 floor=0.000180 adapt=0.021636 lastPeak=0.000000 baseParam=0.000180 gateRatio=0.0550 envParam=0.000450 onsetScale=0.300 retriggerScale=1.400 guard=0.060 guardRemain=0.000 activeAge=-1.000 retrigRemain=0.000 pitchHz=-1.00 pitchCents=0.0
2025-12-20 02:07:22 [tracker] [s1] onset t=7.238 env=0.00760 gate=0.00004 envDelta=0.00756 envFloor=0.00151 onset=1.172 thresh=0.006 onsetDelta=1.16645 baseline=0.00072 adaptive=0.02164 lastPeak=0.00000 guard=0.060 activeAge=-1.000 pitch=-1.00Hz pitchCents=0.0
2025-12-20 02:07:22 [rms-meters] RMS -> E: raw=0.00552 cal=0.03497 | A: raw=0.00578 cal=0.04627 | D: raw=0.00751 cal=0.06011 | G: raw=0.00747 cal=0.05973 | B: raw=0.00734 cal=0.05869 | e: raw=0.00741 cal=0.05931
2025-12-20 02:07:22 [tracker] [s2] onset t=7.326 env=0.02743 gate=0.00001 envDelta=0.02743 envFloor=0.00185 onset=1.047 thresh=0.009 onsetDelta=1.03824 baseline=0.00088 adaptive=0.02374 lastPeak=0.00000 guard=0.060 activeAge=-1.000 pitch=-1.00Hz pitchCents=0.0
2025-12-20 02:07:22 [tracker] [s4] onset t=7.332 env=0.01352 gate=0.00022 envDelta=0.01330 envFloor=0.00269 onset=1.127 thresh=0.014 onsetDelta=1.11273 baseline=0.00128 adaptive=0.01474 lastPeak=0.00000 guard=0.060 activeAge=-1.000 pitch=-1.00Hz pitchCents=0.0
2025-12-20 02:07:22 [rms-meters] RMS -> E: raw=0.00442 cal=0.02802 | A: raw=0.00411 cal=0.03291 | D: raw=0.00235 cal=0.01877 | G: raw=0.00229 cal=0.01834 | B: raw=0.00236 cal=0.01889 | e: raw=0.00227 cal=0.01817
2025-12-20 02:07:22 [rms-meters] RMS -> E: raw=0.00592 cal=0.03751 | A: raw=0.00617 cal=0.04940 | D: raw=0.00726 cal=0.05804 | G: raw=0.00708 cal=0.05666 | B: raw=0.00706 cal=0.05652 | e: raw=0.00700 cal=0.05602
2025-12-20 02:07:23 [tracker] [s6] onset t=7.473 env=0.00777 gate=0.00042 envDelta=0.00735 envFloor=0.00353 onset=0.924 thresh=0.018 onsetDelta=0.90648 baseline=0.00168 adaptive=0.00947 lastPeak=0.00000 guard=0.060 activeAge=-1.000 pitch=-1.00Hz pitchCents=0.0
2025-12-20 02:07:23 [tracker] [s3] onset t=7.489 env=0.01445 gate=0.00014 envDelta=0.01432 envFloor=0.00218 onset=0.989 thresh=0.012 onsetDelta=0.97719 baseline=0.00104 adaptive=0.01941 lastPeak=0.00000 guard=0.060 activeAge=-1.000 pitch=-1.00Hz pitchCents=0.0
2025-12-20 02:07:23 [rms-meters] RMS -> E: raw=0.00523 cal=0.03314 | A: raw=0.00517 cal=0.04139 | D: raw=0.00542 cal=0.04338 | G: raw=0.00539 cal=0.04310 | B: raw=0.00527 cal=0.04218 | e: raw=0.00517 cal=0.04138
2025-12-20 02:07:23 [tracker] [s4] onset t=7.524 env=0.01554 gate=0.00022 envDelta=0.01532 envFloor=0.00269 onset=1.037 thresh=0.014 onsetDelta=1.02283 baseline=0.00128 adaptive=0.01510 lastPeak=0.00000 guard=0.060 activeAge=-1.000 pitch=-1.00Hz pitchCents=0.0
2025-12-20 02:07:23 [rms-meters] RMS -> E: raw=0.00528 cal=0.03346 | A: raw=0.00521 cal=0.04171 | D: raw=0.00428 cal=0.03425 | G: raw=0.00418 cal=0.03344 | B: raw=0.00423 cal=0.03382 | e: raw=0.00429 cal=0.03434
2025-12-20 02:07:23 [tracker] [s3] onset t=7.585 env=0.01820 gate=0.00014 envDelta=0.01807 envFloor=0.00218 onset=0.996 thresh=0.012 onsetDelta=0.98421 baseline=0.00104 adaptive=0.01961 lastPeak=0.00000 guard=0.060 activeAge=-1.000 pitch=-1.00Hz pitchCents=0.0
2025-12-20 02:07:23 [tracker] [s5] onset t=7.585 env=0.00842 gate=0.00031 envDelta=0.00811 envFloor=0.00311 onset=1.287 thresh=0.016 onsetDelta=1.27053 baseline=0.00148 adaptive=0.01233 lastPeak=0.00000 guard=0.060 activeAge=-1.000 pitch=-1.00Hz pitchCents=0.0
2025-12-20 02:07:23 [tracker] [s2] onset t=7.588 env=0.00866 gate=0.00001 envDelta=0.00866 envFloor=0.00185 onset=0.996 thresh=0.009 onsetDelta=0.98729 baseline=0.00088 adaptive=0.02325 lastPeak=0.00000 guard=0.060 activeAge=-1.000 pitch=-1.00Hz pitchCents=0.0
2025-12-20 02:07:23 [rms-meters] RMS -> E: raw=0.00561 cal=0.03558 | A: raw=0.00580 cal=0.04638 | D: raw=0.00768 cal=0.06143 | G: raw=0.00761 cal=0.06087 | B: raw=0.00735 cal=0.05881 | e: raw=0.00747 cal=0.05980
2025-12-20 02:07:23 [tracker] [s1] aubio-raw t=7.6864 onset=1.076353 env=0.018143 peak=0.025920 gain=1.000
2025-12-20 02:07:23 [tracker] [s1] onset-accepted t=7.6864 env=0.018143 gate=0.000040 envDelta=0.018104 envFloor=0.001512 onset=1.076353 thresh=0.006000 onsetDelta=1.070353 baseline=0.000720 floor=0.000180 adapt=0.022466 lastPeak=0.000000 baseParam=0.000180 gateRatio=0.0550 envParam=0.000450 onsetScale=0.300 retriggerScale=1.400 guard=0.060 guardRemain=0.000 activeAge=-1.000 retrigRemain=0.000 pitchHz=-1.00 pitchCents=0.0
2025-12-20 02:07:23 [tracker] [s4] onset t=7.705 env=0.01107 gate=0.00022 envDelta=0.01085 envFloor=0.00269 onset=0.999 thresh=0.014 onsetDelta=0.98509 baseline=0.00128 adaptive=0.01490 lastPeak=0.00000 guard=0.060 activeAge=-1.000 pitch=-1.00Hz pitchCents=0.0
2025-12-20 02:07:23 [rms-meters] RMS -> E: raw=0.00449 cal=0.02846 | A: raw=0.00426 cal=0.03405 | D: raw=0.00251 cal=0.02010 | G: raw=0.00249 cal=0.01996 | B: raw=0.00253 cal=0.02021 | e: raw=0.00250 cal=0.01997
2025-12-20 02:07:23 [tracker] [s6] onset t=7.788 env=0.00696 gate=0.00042 envDelta=0.00654 envFloor=0.00353 onset=0.999 thresh=0.018 onsetDelta=0.98086 baseline=0.00168 adaptive=0.00967 lastPeak=0.00000 guard=0.060 activeAge=-1.000 pitch=-1.00Hz pitchCents=0.0
2025-12-20 02:07:23 [rms-meters] RMS -> E: raw=0.00596 cal=0.03777 | A: raw=0.00612 cal=0.04900 | D: raw=0.00717 cal=0.05735 | G: raw=0.00706 cal=0.05650 | B: raw=0.00695 cal=0.05557 | e: raw=0.00696 cal=0.05572
2025-12-20 02:07:23 [tracker] [s2] onset t=7.822 env=0.01517 gate=0.00001 envDelta=0.01516 envFloor=0.00185 onset=1.005 thresh=0.009 onsetDelta=0.99569 baseline=0.00088 adaptive=0.02362 lastPeak=0.00000 guard=0.060 activeAge=-1.000 pitch=-1.00Hz pitchCents=0.0
2025-12-20 02:07:23 [tracker] [s3] onset t=7.822 env=0.01476 gate=0.00014 envDelta=0.01462 envFloor=0.00218 onset=1.005 thresh=0.012 onsetDelta=0.99350 baseline=0.00104 adaptive=0.01939 lastPeak=0.00000 guard=0.060 activeAge=-1.000 pitch=-1.00Hz pitchCents=0.0
2025-12-20 02:07:23 [rms-meters] RMS -> E: raw=0.00522 cal=0.03312 | A: raw=0.00519 cal=0.04156 | D: raw=0.00551 cal=0.04411 | G: raw=0.00549 cal=0.04390 | B: raw=0.00540 cal=0.04322 | e: raw=0.00548 cal=0.04386
2025-12-20 02:07:23 [tracker] [s6] onset t=7.966 env=0.01082 gate=0.00042 envDelta=0.01040 envFloor=0.00353 onset=1.001 thresh=0.018 onsetDelta=0.98285 baseline=0.00168 adaptive=0.00985 lastPeak=0.00000 guard=0.060 activeAge=-1.000 pitch=-1.00Hz pitchCents=0.0
2025-12-20 02:07:23 [tracker] [s1] aubio-raw t=7.9718 onset=1.100358 env=0.007624 peak=0.014048 gain=1.000
2025-12-20 02:07:23 [tracker] [s1] onset-accepted t=7.9718 env=0.007624 gate=0.000040 envDelta=0.007585 envFloor=0.001512 onset=1.100358 thresh=0.006000 onsetDelta=1.094358 baseline=0.000720 floor=0.000180 adapt=0.021705 lastPeak=0.000000 baseParam=0.000180 gateRatio=0.0550 envParam=0.000450 onsetScale=0.300 retriggerScale=1.400 guard=0.060 guardRemain=0.000 activeAge=-1.000 retrigRemain=0.000 pitchHz=-1.00 pitchCents=0.0
2025-12-20 02:07:23 [tracker] [s1] onset t=7.972 env=0.00762 gate=0.00004 envDelta=0.00758 envFloor=0.00151 onset=1.100 thresh=0.006 onsetDelta=1.09436 baseline=0.00072 adaptive=0.02171 lastPeak=0.00000 guard=0.060 activeAge=-1.000 pitch=-1.00Hz pitchCents=0.0
2025-12-20 02:07:23 [rms-meters] RMS -> E: raw=0.00524 cal=0.03319 | A: raw=0.00510 cal=0.04083 | D: raw=0.00424 cal=0.03389 | G: raw=0.00411 cal=0.03287 | B: raw=0.00412 cal=0.03293 | e: raw=0.00400 cal=0.03200
2025-12-20 02:07:23 [tracker] [s4] onset t=8.006 env=0.01294 gate=0.00022 envDelta=0.01272 envFloor=0.00269 onset=1.017 thresh=0.014 onsetDelta=1.00312 baseline=0.00128 adaptive=0.01459 lastPeak=0.00000 guard=0.060 activeAge=-1.000 pitch=-1.00Hz pitchCents=0.0
2025-12-20 02:07:23 [tracker] [s3] onset t=8.014 env=0.01573 gate=0.00014 envDelta=0.01560 envFloor=0.00218 onset=0.996 thresh=0.012 onsetDelta=0.98442 baseline=0.00104 adaptive=0.01922 lastPeak=0.00000 guard=0.060 activeAge=-1.000 pitch=-1.00Hz pitchCents=0.0
2025-12-20 02:07:23 [rms-meters] RMS -> E: raw=0.00565 cal=0.03583 | A: raw=0.00591 cal=0.04724 | D: raw=0.00768 cal=0.06142 | G: raw=0.00761 cal=0.06086 | B: raw=0.00744 cal=0.05950 | e: raw=0.00741 cal=0.05926
2025-12-20 02:07:23 [tracker] [s4] onset t=8.102 env=0.00974 gate=0.00022 envDelta=0.00953 envFloor=0.00269 onset=1.077 thresh=0.014 onsetDelta=1.06284 baseline=0.00128 adaptive=0.01508 lastPeak=0.00000 guard=0.060 activeAge=-1.000 pitch=-1.00Hz pitchCents=0.0
2025-12-20 02:07:23 [rms-meters] RMS -> E: raw=0.00463 cal=0.02938 | A: raw=0.00445 cal=0.03558 | D: raw=0.00291 cal=0.02330 | G: raw=0.00273 cal=0.02186 | B: raw=0.00279 cal=0.02232 | e: raw=0.00275 cal=0.02201
2025-12-20 02:07:23 [tracker] [s5] onset t=8.185 env=0.00807 gate=0.00031 envDelta=0.00776 envFloor=0.00311 onset=0.591 thresh=0.016 onsetDelta=0.57477 baseline=0.00148 adaptive=0.01226 lastPeak=0.00000 guard=0.060 activeAge=-1.000 pitch=-1.00Hz pitchCents=0.0
2025-12-20 02:07:23 [tracker] [s2] onset t=8.188 env=0.00982 gate=0.00001 envDelta=0.00981 envFloor=0.00185 onset=1.139 thresh=0.009 onsetDelta=1.13025 baseline=0.00088 adaptive=0.02333 lastPeak=0.00000 guard=0.060 activeAge=-1.000 pitch=-1.00Hz pitchCents=0.0
2025-12-20 02:07:23 [rms-meters] RMS -> E: raw=0.00594 cal=0.03768 | A: raw=0.00618 cal=0.04948 | D: raw=0.00720 cal=0.05758 | G: raw=0.00684 cal=0.05469 | B: raw=0.00685 cal=0.05481 | e: raw=0.00694 cal=0.05556
2025-12-20 02:07:23 [tracker] [s5] onset t=8.252 env=0.00795 gate=0.00031 envDelta=0.00764 envFloor=0.00311 onset=0.766 thresh=0.016 onsetDelta=0.75012 baseline=0.00148 adaptive=0.01223 lastPeak=0.00000 guard=0.060 activeAge=-1.000 pitch=-1.00Hz pitchCents=0.0
2025-12-20 02:07:23 [tracker] [s6] onset t=8.252 env=0.00560 gate=0.00042 envDelta=0.00518 envFloor=0.00353 onset=0.909 thresh=0.018 onsetDelta=0.89081 baseline=0.00168 adaptive=0.00974 lastPeak=0.00000 guard=0.060 activeAge=-1.000 pitch=-1.00Hz pitchCents=0.0
2025-12-20 02:07:23 [tracker] [s1] aubio-raw t=8.2544 onset=1.097240 env=0.007156 peak=0.013662 gain=1.000
2025-12-20 02:07:23 [tracker] [s1] onset-accepted t=8.2544 env=0.007156 gate=0.000040 envDelta=0.007117 envFloor=0.001512 onset=1.097240 thresh=0.006000 onsetDelta=1.091240 baseline=0.000720 floor=0.000180 adapt=0.021652 lastPeak=0.000000 baseParam=0.000180 gateRatio=0.0550 envParam=0.000450 onsetScale=0.300 retriggerScale=1.400 guard=0.060 guardRemain=0.000 activeAge=-1.000 retrigRemain=0.000 pitchHz=-1.00 pitchCents=0.0
2025-12-20 02:07:23 [tracker] [s1] onset t=8.254 env=0.00716 gate=0.00004 envDelta=0.00712 envFloor=0.00151 onset=1.097 thresh=0.006 onsetDelta=1.09124 baseline=0.00072 adaptive=0.02165 lastPeak=0.00000 guard=0.060 activeAge=-1.000 pitch=-1.00Hz pitchCents=0.0
2025-12-20 02:07:23 [rms-meters] RMS -> E: raw=0.00517 cal=0.03279 | A: raw=0.00521 cal=0.04170 | D: raw=0.00565 cal=0.04522 | G: raw=0.00574 cal=0.04596 | B: raw=0.00564 cal=0.04513 | e: raw=0.00562 cal=0.04494
2025-12-20 02:07:23 [tracker] [s5] onset t=8.324 env=0.01374 gate=0.00031 envDelta=0.01343 envFloor=0.00311 onset=0.825 thresh=0.016 onsetDelta=0.80889 baseline=0.00148 adaptive=0.01239 lastPeak=0.00000 guard=0.060 activeAge=-1.000 pitch=-1.00Hz pitchCents=0.0
2025-12-20 02:07:23 [tracker] [s2] onset t=8.345 env=0.01193 gate=0.00001 envDelta=0.01192 envFloor=0.00185 onset=0.798 thresh=0.009 onsetDelta=0.78873 baseline=0.00088 adaptive=0.02365 lastPeak=0.00000 guard=0.060 activeAge=-1.000 pitch=-1.00Hz pitchCents=0.0
2025-12-20 02:07:23 [rms-meters] RMS -> E: raw=0.00506 cal=0.03205 | A: raw=0.00506 cal=0.04050 | D: raw=0.00398 cal=0.03185 | G: raw=0.00377 cal=0.03019 | B: raw=0.00377 cal=0.03015 | e: raw=0.00378 cal=0.03021
2025-12-20 02:07:23 [tracker] [s1] aubio-raw t=8.3877 onset=1.352015 env=0.007537 peak=0.013414 gain=1.000
2025-12-20 02:07:23 [tracker] [s1] onset-accepted t=8.3877 env=0.007537 gate=0.000040 envDelta=0.007497 envFloor=0.001512 onset=1.352015 thresh=0.006000 onsetDelta=1.346015 baseline=0.000720 floor=0.000180 adapt=0.021670 lastPeak=0.000000 baseParam=0.000180 gateRatio=0.0550 envParam=0.000450 onsetScale=0.300 retriggerScale=1.400 guard=0.060 guardRemain=0.000 activeAge=-1.000 retrigRemain=0.000 pitchHz=-1.00 pitchCents=0.0
2025-12-20 02:07:23 [tracker] [s1] onset t=8.388 env=0.00754 gate=0.00004 envDelta=0.00750 envFloor=0.00151 onset=1.352 thresh=0.006 onsetDelta=1.34602 baseline=0.00072 adaptive=0.02167 lastPeak=0.00000 guard=0.060 activeAge=-1.000 pitch=-1.00Hz pitchCents=0.0
2025-12-20 02:07:23 [tracker] [s5] onset t=8.438 env=0.00942 gate=0.00031 envDelta=0.00911 envFloor=0.00311 onset=0.930 thresh=0.016 onsetDelta=0.91377 baseline=0.00148 adaptive=0.01213 lastPeak=0.00000 guard=0.060 activeAge=-1.000 pitch=-1.00Hz pitchCents=0.0
2025-12-20 02:07:24 [tracker] [s4] onset t=8.457 env=0.01647 gate=0.00022 envDelta=0.01626 envFloor=0.00269 onset=0.754 thresh=0.014 onsetDelta=0.73952 baseline=0.00128 adaptive=0.01512 lastPeak=0.00000 guard=0.060 activeAge=-1.000 pitch=-1.00Hz pitchCents=0.0
2025-12-20 02:07:24 [rms-meters] RMS -> E: raw=0.00569 cal=0.03606 | A: raw=0.00597 cal=0.04773 | D: raw=0.00767 cal=0.06133 | G: raw=0.00759 cal=0.06071 | B: raw=0.00745 cal=0.05956 | e: raw=0.00744 cal=0.05955
2025-12-20 02:07:24 [tracker] [s6] onset t=8.481 env=0.00741 gate=0.00042 envDelta=0.00699 envFloor=0.00353 onset=0.993 thresh=0.018 onsetDelta=0.97462 baseline=0.00168 adaptive=0.00950 lastPeak=0.00000 guard=0.060 activeAge=-1.000 pitch=-1.00Hz pitchCents=0.0
2025-12-20 02:07:24 [rms-meters] RMS -> E: raw=0.00479 cal=0.03037 | A: raw=0.00458 cal=0.03663 | D: raw=0.00324 cal=0.02589 | G: raw=0.00316 cal=0.02527 | B: raw=0.00317 cal=0.02539 | e: raw=0.00321 cal=0.02568
2025-12-20 02:07:24 [tracker] [s6] onset t=8.580 env=0.00687 gate=0.00042 envDelta=0.00645 envFloor=0.00353 onset=1.127 thresh=0.018 onsetDelta=1.10896 baseline=0.00168 adaptive=0.00960 lastPeak=0.00000 guard=0.060 activeAge=-1.000 pitch=-1.00Hz pitchCents=0.0
2025-12-20 02:07:24 [rms-meters] RMS -> E: raw=0.00594 cal=0.03768 | A: raw=0.00611 cal=0.04889 | D: raw=0.00697 cal=0.05580 | G: raw=0.00664 cal=0.05312 | B: raw=0.00663 cal=0.05300 | e: raw=0.00663 cal=0.05306
2025-12-20 02:07:24 [tracker] [s2] onset t=8.662 env=0.00855 gate=0.00001 envDelta=0.00855 envFloor=0.00185 onset=0.999 thresh=0.009 onsetDelta=0.99022 baseline=0.00088 adaptive=0.02325 lastPeak=0.00000 guard=0.060 activeAge=-1.000 pitch=-1.00Hz pitchCents=0.0
2025-12-20 02:07:24 [tracker] [s1] aubio-raw t=8.6890 onset=0.899244 env=0.011750 peak=0.016551 gain=1.000
2025-12-20 02:07:24 [tracker] [s1] onset-accepted t=8.6890 env=0.011750 gate=0.000040 envDelta=0.011710 envFloor=0.001512 onset=0.899244 thresh=0.006000 onsetDelta=0.893244 baseline=0.000720 floor=0.000180 adapt=0.021916 lastPeak=0.000000 baseParam=0.000180 gateRatio=0.0550 envParam=0.000450 onsetScale=0.300 retriggerScale=1.400 guard=0.060 guardRemain=0.000 activeAge=-1.000 retrigRemain=0.000 pitchHz=-1.00 pitchCents=0.0
2025-12-20 02:07:24 [tracker] [s1] onset t=8.689 env=0.01175 gate=0.00004 envDelta=0.01171 envFloor=0.00151 onset=0.899 thresh=0.006 onsetDelta=0.89324 baseline=0.00072 adaptive=0.02192 lastPeak=0.00000 guard=0.060 activeAge=-1.000 pitch=-1.00Hz pitchCents=0.0
2025-12-20 02:07:24 [rms-meters] RMS -> E: raw=0.00510 cal=0.03232 | A: raw=0.00514 cal=0.04110 | D: raw=0.00590 cal=0.04721 | G: raw=0.00569 cal=0.04552 | B: raw=0.00562 cal=0.04494 | e: raw=0.00574 cal=0.04589
2025-12-20 02:07:24 [tracker] [s4] onset t=8.790 env=0.01679 gate=0.00022 envDelta=0.01657 envFloor=0.00269 onset=0.999 thresh=0.014 onsetDelta=0.98537 baseline=0.00128 adaptive=0.01524 lastPeak=0.00000 guard=0.060 activeAge=-1.000 pitch=-1.00Hz pitchCents=0.0
2025-12-20 02:07:24 [tracker] [s2] onset t=8.801 env=0.02610 gate=0.00001 envDelta=0.02609 envFloor=0.00185 onset=1.491 thresh=0.009 onsetDelta=1.48232 baseline=0.00088 adaptive=0.02368 lastPeak=0.00000 guard=0.060 activeAge=-1.000 pitch=-1.00Hz pitchCents=0.0
2025-12-20 02:07:24 [tracker] [s4] onset t=8.886 env=0.00753 gate=0.00022 envDelta=0.00731 envFloor=0.00269 onset=0.998 thresh=0.014 onsetDelta=0.98439 baseline=0.00128 adaptive=0.01483 lastPeak=0.00000 guard=0.060 activeAge=-1.000 pitch=-1.00Hz pitchCents=0.0
2025-12-20 02:07:24 [tracker] [s1] aubio-raw t=9.0410 onset=0.829844 env=0.023945 peak=0.028875 gain=1.000
2025-12-20 02:07:24 [tracker] [s1] onset-accepted t=9.0410 env=0.023945 gate=0.000040 envDelta=0.023905 envFloor=0.001512 onset=0.829844 thresh=0.006000 onsetDelta=0.823844 baseline=0.000720 floor=0.000180 adapt=0.022216 lastPeak=0.000000 baseParam=0.000180 gateRatio=0.0550 envParam=0.000450 onsetScale=0.300 retriggerScale=1.400 guard=0.060 guardRemain=0.000 activeAge=-1.000 retrigRemain=0.000 pitchHz=-1.00 pitchCents=0.0
2025-12-20 02:07:24 [tracker] [s1] onset t=9.041 env=0.02395 gate=0.00004 envDelta=0.02391 envFloor=0.00151 onset=0.830 thresh=0.006 onsetDelta=0.82384 baseline=0.00072 adaptive=0.02222 lastPeak=0.00000 guard=0.060 activeAge=-1.000 pitch=-1.00Hz pitchCents=0.0
2025-12-20 02:07:24 [tracker] [s5] onset t=9.182 env=0.01342 gate=0.00031 envDelta=0.01310 envFloor=0.00311 onset=1.000 thresh=0.016 onsetDelta=0.98364 baseline=0.00148 adaptive=0.01224 lastPeak=0.00000 guard=0.060 activeAge=-1.000 pitch=-1.00Hz pitchCents=0.0
2025-12-20 02:07:24 [tracker] [s3] onset t=9.198 env=0.01952 gate=0.00014 envDelta=0.01939 envFloor=0.00218 onset=1.042 thresh=0.012 onsetDelta=1.03073 baseline=0.00104 adaptive=0.01942 lastPeak=0.00000 guard=0.060 activeAge=-1.000 pitch=-1.00Hz pitchCents=0.0
2025-12-20 02:07:24 [tracker] [s1] aubio-raw t=9.2090 onset=1.285335 env=0.026263 peak=0.027942 gain=1.000
2025-12-20 02:07:24 [tracker] [s1] onset-accepted t=9.2090 env=0.026263 gate=0.000040 envDelta=0.026224 envFloor=0.001512 onset=1.285335 thresh=0.006000 onsetDelta=1.279335 baseline=0.000720 floor=0.000180 adapt=0.022241 lastPeak=0.000000 baseParam=0.000180 gateRatio=0.0550 envParam=0.000450 onsetScale=0.300 retriggerScale=1.400 guard=0.060 guardRemain=0.000 activeAge=-1.000 retrigRemain=0.000 pitchHz=-1.00 pitchCents=0.0
2025-12-20 02:07:24 [tracker] [s1] onset t=9.209 env=0.02626 gate=0.00004 envDelta=0.02622 envFloor=0.00151 onset=1.285 thresh=0.006 onsetDelta=1.27934 baseline=0.00072 adaptive=0.02224 lastPeak=0.00000 guard=0.060 activeAge=-1.000 pitch=-1.00Hz pitchCents=0.0
2025-12-20 02:07:24 [tracker] [s6] onset t=9.268 env=0.00644 gate=0.00042 envDelta=0.00602 envFloor=0.00353 onset=1.012 thresh=0.018 onsetDelta=0.99449 baseline=0.00168 adaptive=0.00974 lastPeak=0.00000 guard=0.060 activeAge=-1.000 pitch=-1.00Hz pitchCents=0.0
2025-12-20 02:07:24 [sessionwavs] wrote 6 wav files to /home/general/SignalAssistant/logs/sessionwavs/session-20251220-020715 (shutdown)
# Session closed at 2025-12-20 02:07:25
