# SignalAssistant session log
# Started at 2025-12-16 05:29:19
2025-12-16 05:29:19 [session] mode=live session='' path='' duration=0.00 files=0
2025-12-16 05:29:19 [tracker-settings] TrackerConfig onsetThreshold=0.02000 minNoteDurSec=0.045 hopSec=0.010 slideDelta=120.0 bendDelta=35.0
2025-12-16 05:29:19 [tracker-settings] string1 midi=40 lowCut=37.08Hz highCut=445.00Hz baseline=0.000180 gateRatio=0.05500 envFloor=0.000450 sustainScale=0.580 retriggerScale=1.400 peakRelease=0.120 pitchTol=0.400 onsetScale=0.006
2025-12-16 05:29:19 [tracker-settings] string2 midi=45 lowCut=55.00Hz highCut=563.20Hz baseline=0.000220 gateRatio=0.10000 envFloor=0.000550 sustainScale=0.700 retriggerScale=1.250 peakRelease=0.130 pitchTol=0.400 onsetScale=0.009
2025-12-16 05:29:19 [tracker-settings] string3 midi=50 lowCut=85.16Hz highCut=693.05Hz baseline=0.000260 gateRatio=0.13000 envFloor=0.000650 sustainScale=0.820 retriggerScale=1.100 peakRelease=0.140 pitchTol=0.450 onsetScale=0.012
2025-12-16 05:29:19 [tracker-settings] string4 midi=55 lowCut=127.40Hz highCut=862.39Hz baseline=0.000320 gateRatio=0.17000 envFloor=0.000780 sustainScale=1.000 retriggerScale=1.000 peakRelease=0.160 pitchTol=0.440 onsetScale=0.014
2025-12-16 05:29:19 [tracker-settings] string5 midi=59 lowCut=160.51Hz highCut=1086.54Hz baseline=0.000370 gateRatio=0.21000 envFloor=0.000900 sustainScale=1.000 retriggerScale=1.000 peakRelease=0.180 pitchTol=0.500 onsetScale=0.016
2025-12-16 05:29:19 [tracker-settings] string6 midi=64 lowCut=214.26Hz highCut=1450.36Hz baseline=0.000420 gateRatio=0.25000 envFloor=0.001050 sustainScale=1.000 retriggerScale=1.000 peakRelease=0.200 pitchTol=0.550 onsetScale=0.018
2025-12-16 05:29:19 [tracker] [s1] calibration reset target=0.00180 gain=1.000
2025-12-16 05:29:19 [tracker] [s2] calibration reset target=0.00180 gain=1.000
2025-12-16 05:29:19 [tracker] [s3] calibration reset target=0.00180 gain=1.000
2025-12-16 05:29:19 [tracker] [s4] calibration reset target=0.00180 gain=1.000
2025-12-16 05:29:19 [tracker] [s5] calibration reset target=0.00180 gain=1.000
2025-12-16 05:29:19 [tracker] [s6] calibration reset target=0.00180 gain=1.000
2025-12-16 05:29:19 [calibration] Loading calibration profile multipliers into parameters
2025-12-16 05:29:19 [calibration] String 1: setting multiplier to 6.317
2025-12-16 05:29:19 [calibration] String 2: setting multiplier to 8.000
2025-12-16 05:29:19 [calibration] String 3: setting multiplier to 8.000
2025-12-16 05:29:19 [calibration] String 4: setting multiplier to 8.000
2025-12-16 05:29:19 [calibration] String 5: setting multiplier to 8.000
2025-12-16 05:29:19 [calibration] String 6: setting multiplier to 8.000
2025-12-16 05:29:19 [tracker] [s1] calibration avg=0.03970 target=0.00180 gain=1.000
2025-12-16 05:29:19 [tracker] [s2] calibration avg=0.01940 target=0.00180 gain=1.000
2025-12-16 05:29:19 [tracker] [s3] calibration avg=0.01411 target=0.00180 gain=1.000
2025-12-16 05:29:19 [tracker] [s5] calibration avg=0.02970 target=0.00180 gain=1.000
2025-12-16 05:29:19 [tracker] [s6] calibration avg=0.02331 target=0.00180 gain=1.000
2025-12-16 05:29:20 [tracker] [s1] configure sr=48000.0 hop=128 fft=1024 low=37.1 high=445.0
2025-12-16 05:29:20 [tracker] [s1] params baseline=0.000180 gate=0.0550 envFloor=0.000450 sustain=0.580 retrigger=1.400 peakRelease=0.120 pitchTol=0.400 onsetScale=0.006 aubioScale=1.20 aubioThresh=0.024 onsetSilence=-85.0 pitchSilence=-90.0
2025-12-16 05:29:20 [tracker] [s2] configure sr=48000.0 hop=128 fft=1024 low=55.0 high=563.2
2025-12-16 05:29:20 [tracker] [s2] params baseline=0.000220 gate=0.0100 envFloor=0.000100 sustain=1.500 retrigger=1.250 peakRelease=0.130 pitchTol=0.400 onsetScale=0.009 aubioScale=1.35 aubioThresh=0.027 onsetSilence=-85.0 pitchSilence=-90.0
2025-12-16 05:29:20 [tracker] [s3] configure sr=48000.0 hop=128 fft=1024 low=85.2 high=693.0
2025-12-16 05:29:20 [tracker] [s3] params baseline=0.000260 gate=0.1300 envFloor=0.000650 sustain=0.820 retrigger=1.100 peakRelease=0.140 pitchTol=0.450 onsetScale=0.012 aubioScale=1.60 aubioThresh=0.032 onsetSilence=-75.0 pitchSilence=-80.0
2025-12-16 05:29:20 [tracker] [s4] configure sr=48000.0 hop=128 fft=1024 low=127.4 high=862.4
2025-12-16 05:29:20 [tracker] [s4] params baseline=0.000320 gate=0.1700 envFloor=0.000780 sustain=1.000 retrigger=1.000 peakRelease=0.160 pitchTol=0.440 onsetScale=0.014 aubioScale=1.80 aubioThresh=0.036 onsetSilence=-75.0 pitchSilence=-80.0
2025-12-16 05:29:20 [tracker] [s5] configure sr=48000.0 hop=128 fft=512 low=160.5 high=1086.5
2025-12-16 05:29:20 [tracker] [s5] params baseline=0.000370 gate=0.2100 envFloor=0.000900 sustain=1.000 retrigger=1.000 peakRelease=0.180 pitchTol=0.500 onsetScale=0.016 aubioScale=1.80 aubioThresh=0.036 onsetSilence=-75.0 pitchSilence=-80.0
2025-12-16 05:29:20 [tracker] [s6] configure sr=48000.0 hop=128 fft=512 low=214.3 high=1450.4
2025-12-16 05:29:20 [tracker] [s6] params baseline=0.000420 gate=0.2500 envFloor=0.001050 sustain=1.000 retrigger=1.000 peakRelease=0.200 pitchTol=0.550 onsetScale=0.018 aubioScale=1.80 aubioThresh=0.036 onsetSilence=-75.0 pitchSilence=-80.0
2025-12-16 05:29:20 [tracker] [s1] aubio-raw t=0.0173 onset=4.000000 env=0.000526 peak=0.001521 gain=1.000
2025-12-16 05:29:20 [tracker] [s1] onset-below-env-floor t=0.0173 env=0.000526 gate=0.000022 envDelta=0.000505 envFloor=0.000591 onset=4.000000 thresh=0.006000 onsetDelta=3.994000 baseline=0.000394 floor=0.000180 adapt=0.000986 lastPeak=0.000000 baseParam=0.000180 gateRatio=0.0550 envParam=0.000450 onsetScale=0.300 retriggerScale=1.400 guard=0.060 guardRemain=0.000 activeAge=-1.000 retrigRemain=0.000 pitchHz=125.16 pitchCents=723.6
2025-12-16 05:29:20 [tracker] [s2] onset t=0.017 env=0.00128 gate=0.00000 envDelta=0.00128 envFloor=0.00063 onset=4.000 thresh=0.009 onsetDelta=3.99100 baseline=0.00042 adaptive=0.00104 lastPeak=0.00000 guard=0.060 activeAge=-1.000 pitch=125.16Hz pitchCents=223.6
2025-12-16 05:29:20 [tracker] [s3] onset t=0.017 env=0.00102 gate=0.00005 envDelta=0.00097 envFloor=0.00065 onset=4.000 thresh=0.012 onsetDelta=3.98840 baseline=0.00040 adaptive=0.00100 lastPeak=0.00000 guard=0.060 activeAge=-1.000 pitch=125.16Hz pitchCents=-276.4
2025-12-16 05:29:20 [tracker] [s4] onset t=0.017 env=0.00116 gate=0.00007 envDelta=0.00109 envFloor=0.00078 onset=4.000 thresh=0.014 onsetDelta=3.98600 baseline=0.00041 adaptive=0.00102 lastPeak=0.00000 guard=0.060 activeAge=-1.000 pitch=125.16Hz pitchCents=-776.4
2025-12-16 05:29:20 [tracker] [s5] onset t=0.017 env=0.00146 gate=0.00009 envDelta=0.00137 envFloor=0.00090 onset=4.000 thresh=0.016 onsetDelta=3.98400 baseline=0.00043 adaptive=0.00107 lastPeak=0.00000 guard=0.060 activeAge=-1.000 pitch=376.47Hz pitchCents=730.0
2025-12-16 05:29:20 [tracker] [s6] onset t=0.017 env=0.00179 gate=0.00011 envDelta=0.00168 envFloor=0.00105 onset=4.000 thresh=0.018 onsetDelta=3.98200 baseline=0.00045 adaptive=0.00112 lastPeak=0.00000 guard=0.060 activeAge=-1.000 pitch=376.47Hz pitchCents=230.0
2025-12-16 05:29:20 [tracker] [s2] onset t=0.081 env=0.00106 gate=0.00000 envDelta=0.00106 envFloor=0.00066 onset=1.045 thresh=0.009 onsetDelta=1.03595 baseline=0.00044 adaptive=0.00111 lastPeak=0.00000 guard=0.060 activeAge=-1.000 pitch=210.53Hz pitchCents=1123.8
2025-12-16 05:29:20 [tracker] [s2] note-start t=0.081 fret=5 midi=50 vel=0.01 env=0.00106
2025-12-16 05:29:20 [tracker] [s2] onset t=0.263 env=0.00120 gate=0.00001 envDelta=0.00119 envFloor=0.00076 onset=1.061 thresh=0.009 onsetDelta=1.05204 baseline=0.00068 adaptive=0.00127 lastPeak=0.00076 guard=0.060 activeAge=0.181 pitch=228.59Hz pitchCents=1266.3
2025-12-16 05:29:20 [tracker] [s2] note-ended (new onset) t=0.263 fret=5 dur=0.181
2025-12-16 05:29:20 [tracker] [s4] onset t=0.268 env=0.00139 gate=0.00010 envDelta=0.00129 envFloor=0.00090 onset=1.087 thresh=0.014 onsetDelta=1.07292 baseline=0.00060 adaptive=0.00151 lastPeak=0.00000 guard=0.060 activeAge=-1.000 pitch=-1.00Hz pitchCents=0.0
2025-12-16 05:29:20 [tracker] [s5] onset t=0.359 env=0.00144 gate=0.00013 envDelta=0.00130 envFloor=0.00095 onset=1.109 thresh=0.016 onsetDelta=1.09309 baseline=0.00063 adaptive=0.00159 lastPeak=0.00000 guard=0.060 activeAge=-1.000 pitch=-1.00Hz pitchCents=0.0
2025-12-16 05:29:20 [tracker] [s3] onset t=0.377 env=0.00137 gate=0.00007 envDelta=0.00131 envFloor=0.00079 onset=0.662 thresh=0.012 onsetDelta=0.65005 baseline=0.00053 adaptive=0.00131 lastPeak=0.00000 guard=0.060 activeAge=-1.000 pitch=-1.00Hz pitchCents=0.0
2025-12-16 05:29:20 [tracker] [s5] onset t=0.439 env=0.00162 gate=0.00014 envDelta=0.00149 envFloor=0.00099 onset=1.000 thresh=0.016 onsetDelta=0.98366 baseline=0.00066 adaptive=0.00166 lastPeak=0.00000 guard=0.060 activeAge=-1.000 pitch=-1.00Hz pitchCents=0.0
2025-12-16 05:29:20 [tracker] [s2] onset t=0.460 env=0.00110 gate=0.00001 envDelta=0.00109 envFloor=0.00076 onset=0.745 thresh=0.009 onsetDelta=0.73565 baseline=0.00051 adaptive=0.00127 lastPeak=0.00052 guard=0.060 activeAge=-1.000 pitch=131.15Hz pitchCents=304.4
2025-12-16 05:29:20 [tracker] [s2] note-start t=0.460 fret=0 midi=45 vel=0.01 env=0.00110
2025-12-16 05:29:20 [tracker] [s5] onset t=0.647 env=0.00154 gate=0.00014 envDelta=0.00140 envFloor=0.00102 onset=1.027 thresh=0.016 onsetDelta=1.01149 baseline=0.00068 adaptive=0.00170 lastPeak=0.00000 guard=0.060 activeAge=-1.000 pitch=-1.00Hz pitchCents=0.0
2025-12-16 05:29:20 [tracker] [s1] aubio-raw t=0.6493 onset=0.975043 env=0.000871 peak=0.001796 gain=1.000
2025-12-16 05:29:20 [tracker] [s1] onset-accepted t=0.6493 env=0.000871 gate=0.000018 envDelta=0.000853 envFloor=0.000486 onset=0.975043 thresh=0.006000 onsetDelta=0.969043 baseline=0.000324 floor=0.000180 adapt=0.000810 lastPeak=0.000000 baseParam=0.000180 gateRatio=0.0550 envParam=0.000450 onsetScale=0.300 retriggerScale=1.400 guard=0.060 guardRemain=0.000 activeAge=-1.000 retrigRemain=0.000 pitchHz=347.81 pitchCents=2493.0
2025-12-16 05:29:20 [tracker] [s1] onset t=0.649 env=0.00087 gate=0.00002 envDelta=0.00085 envFloor=0.00049 onset=0.975 thresh=0.006 onsetDelta=0.96904 baseline=0.00032 adaptive=0.00081 lastPeak=0.00000 guard=0.060 activeAge=-1.000 pitch=347.81Hz pitchCents=2493.0
2025-12-16 05:29:21 [tracker] [s3] onset t=0.724 env=0.00095 gate=0.00007 envDelta=0.00088 envFloor=0.00081 onset=0.879 thresh=0.012 onsetDelta=0.86770 baseline=0.00054 adaptive=0.00134 lastPeak=0.00000 guard=0.060 activeAge=-1.000 pitch=-1.00Hz pitchCents=0.0
2025-12-16 05:29:21 [tracker] [s5] onset t=0.844 env=0.00185 gate=0.00015 envDelta=0.00170 envFloor=0.00104 onset=0.999 thresh=0.016 onsetDelta=0.98328 baseline=0.00070 adaptive=0.00174 lastPeak=0.00000 guard=0.060 activeAge=-1.000 pitch=-1.00Hz pitchCents=0.0
2025-12-16 05:29:21 [tracker] [s6] onset t=0.857 env=0.00201 gate=0.00021 envDelta=0.00180 envFloor=0.00123 onset=1.092 thresh=0.018 onsetDelta=1.07373 baseline=0.00082 adaptive=0.00206 lastPeak=0.00000 guard=0.060 activeAge=-1.000 pitch=-1.00Hz pitchCents=0.0
2025-12-16 05:29:21 [tracker] [s1] aubio-raw t=0.8973 onset=0.999359 env=0.000637 peak=0.001740 gain=1.000
2025-12-16 05:29:21 [tracker] [s1] onset-accepted t=0.8973 env=0.000637 gate=0.000019 envDelta=0.000618 envFloor=0.000519 onset=0.999359 thresh=0.006000 onsetDelta=0.993359 baseline=0.000346 floor=0.000180 adapt=0.000865 lastPeak=0.000000 baseParam=0.000180 gateRatio=0.0550 envParam=0.000450 onsetScale=0.300 retriggerScale=1.400 guard=0.060 guardRemain=0.000 activeAge=-1.000 retrigRemain=0.000 pitchHz=-1.00 pitchCents=0.0
2025-12-16 05:29:21 [tracker] [s1] onset t=0.897 env=0.00064 gate=0.00002 envDelta=0.00062 envFloor=0.00052 onset=0.999 thresh=0.006 onsetDelta=0.99336 baseline=0.00035 adaptive=0.00087 lastPeak=0.00000 guard=0.060 activeAge=-1.000 pitch=-1.00Hz pitchCents=0.0
2025-12-16 05:29:21 [tracker] [s4] onset t=0.913 env=0.00128 gate=0.00010 envDelta=0.00117 envFloor=0.00092 onset=0.983 thresh=0.014 onsetDelta=0.96917 baseline=0.00061 adaptive=0.00154 lastPeak=0.00000 guard=0.060 activeAge=-1.000 pitch=-1.00Hz pitchCents=0.0
2025-12-16 05:29:21 [tracker] [s3] onset t=0.991 env=0.00126 gate=0.00007 envDelta=0.00119 envFloor=0.00078 onset=1.321 thresh=0.012 onsetDelta=1.30934 baseline=0.00052 adaptive=0.00129 lastPeak=0.00000 guard=0.060 activeAge=-1.000 pitch=-1.00Hz pitchCents=0.0
2025-12-16 05:29:21 [tracker] [s2] onset t=1.017 env=0.00088 gate=0.00000 envDelta=0.00087 envFloor=0.00070 onset=1.194 thresh=0.009 onsetDelta=1.18520 baseline=0.00047 adaptive=0.00116 lastPeak=0.00038 guard=0.060 activeAge=0.557 pitch=94.11Hz pitchCents=-270.0
2025-12-16 05:29:21 [tracker] [s2] note-ended (new onset) t=1.017 fret=0 dur=0.557
2025-12-16 05:29:21 [tracker] [s2] note-start t=1.017 fret=2 midi=47 vel=0.01 env=0.00088
2025-12-16 05:29:21 [tracker] [s1] aubio-raw t=1.0547 onset=1.162106 env=0.000636 peak=0.001687 gain=1.000
2025-12-16 05:29:21 [tracker] [s1] onset-accepted t=1.0547 env=0.000636 gate=0.000018 envDelta=0.000617 envFloor=0.000503 onset=1.162106 thresh=0.006000 onsetDelta=1.156106 baseline=0.000335 floor=0.000180 adapt=0.000838 lastPeak=0.000000 baseParam=0.000180 gateRatio=0.0550 envParam=0.000450 onsetScale=0.300 retriggerScale=1.400 guard=0.060 guardRemain=0.000 activeAge=-1.000 retrigRemain=0.000 pitchHz=97.55 pitchCents=292.1
2025-12-16 05:29:21 [tracker] [s1] onset t=1.055 env=0.00064 gate=0.00002 envDelta=0.00062 envFloor=0.00050 onset=1.162 thresh=0.006 onsetDelta=1.15611 baseline=0.00034 adaptive=0.00084 lastPeak=0.00000 guard=0.060 activeAge=-1.000 pitch=97.55Hz pitchCents=292.1
2025-12-16 05:29:21 [tracker] [s6] onset t=1.057 env=0.00198 gate=0.00019 envDelta=0.00179 envFloor=0.00115 onset=1.168 thresh=0.018 onsetDelta=1.14982 baseline=0.00077 adaptive=0.00192 lastPeak=0.00000 guard=0.060 activeAge=-1.000 pitch=-1.00Hz pitchCents=0.0
2025-12-16 05:29:21 [tracker] [s4] onset t=1.081 env=0.00142 gate=0.00010 envDelta=0.00132 envFloor=0.00086 onset=0.961 thresh=0.014 onsetDelta=0.94719 baseline=0.00057 adaptive=0.00143 lastPeak=0.00000 guard=0.060 activeAge=-1.000 pitch=-1.00Hz pitchCents=0.0
2025-12-16 05:29:21 [tracker] [s6] onset t=1.116 env=0.00187 gate=0.00019 envDelta=0.00167 envFloor=0.00115 onset=1.190 thresh=0.018 onsetDelta=1.17222 baseline=0.00077 adaptive=0.00192 lastPeak=0.00000 guard=0.060 activeAge=-1.000 pitch=-1.00Hz pitchCents=0.0
2025-12-16 05:29:21 [tracker] [s3] onset t=1.159 env=0.00181 gate=0.00007 envDelta=0.00174 envFloor=0.00085 onset=1.052 thresh=0.012 onsetDelta=1.04044 baseline=0.00057 adaptive=0.00142 lastPeak=0.00000 guard=0.060 activeAge=-1.000 pitch=-1.00Hz pitchCents=0.0
2025-12-16 05:29:21 [tracker] [s4] onset t=1.161 env=0.00118 gate=0.00010 envDelta=0.00108 envFloor=0.00086 onset=1.089 thresh=0.014 onsetDelta=1.07466 baseline=0.00058 adaptive=0.00144 lastPeak=0.00000 guard=0.060 activeAge=-1.000 pitch=-1.00Hz pitchCents=0.0
2025-12-16 05:29:21 [tracker] [s5] onset t=1.185 env=0.00168 gate=0.00014 envDelta=0.00154 envFloor=0.00101 onset=0.738 thresh=0.016 onsetDelta=0.72165 baseline=0.00067 adaptive=0.00168 lastPeak=0.00000 guard=0.060 activeAge=-1.000 pitch=-1.00Hz pitchCents=0.0
2025-12-16 05:29:21 [tracker] [s3] onset t=1.295 env=0.00122 gate=0.00007 envDelta=0.00115 envFloor=0.00086 onset=0.711 thresh=0.012 onsetDelta=0.69958 baseline=0.00057 adaptive=0.00143 lastPeak=0.00000 guard=0.060 activeAge=-1.000 pitch=-1.00Hz pitchCents=0.0
2025-12-16 05:29:21 [tracker] [s6] onset t=1.348 env=0.00217 gate=0.00020 envDelta=0.00197 envFloor=0.00123 onset=0.995 thresh=0.018 onsetDelta=0.97694 baseline=0.00082 adaptive=0.00205 lastPeak=0.00000 guard=0.060 activeAge=-1.000 pitch=-1.00Hz pitchCents=0.0
2025-12-16 05:29:21 [tracker] [s5] onset t=1.391 env=0.00167 gate=0.00015 envDelta=0.00153 envFloor=0.00105 onset=0.957 thresh=0.016 onsetDelta=0.94135 baseline=0.00070 adaptive=0.00175 lastPeak=0.00000 guard=0.060 activeAge=-1.000 pitch=-1.00Hz pitchCents=0.0
2025-12-16 05:29:21 [tracker] [s4] onset t=1.481 env=0.00104 gate=0.00010 envDelta=0.00094 envFloor=0.00088 onset=0.999 thresh=0.014 onsetDelta=0.98471 baseline=0.00058 adaptive=0.00146 lastPeak=0.00000 guard=0.060 activeAge=-1.000 pitch=-1.00Hz pitchCents=0.0
2025-12-16 05:29:21 [tracker] [s5] onset t=1.529 env=0.00161 gate=0.00014 envDelta=0.00147 envFloor=0.00098 onset=0.943 thresh=0.016 onsetDelta=0.92658 baseline=0.00065 adaptive=0.00163 lastPeak=0.00000 guard=0.060 activeAge=-1.000 pitch=-1.00Hz pitchCents=0.0
2025-12-16 05:29:21 [tracker] [s2] onset t=1.607 env=0.00098 gate=0.00001 envDelta=0.00098 envFloor=0.00076 onset=0.973 thresh=0.009 onsetDelta=0.96432 baseline=0.00051 adaptive=0.00127 lastPeak=0.00029 guard=0.060 activeAge=0.589 pitch=163.26Hz pitchCents=683.6
2025-12-16 05:29:21 [tracker] [s2] note-ended (new onset) t=1.607 fret=2 dur=0.589
2025-12-16 05:29:21 [tracker] [s6] onset t=1.687 env=0.00196 gate=0.00021 envDelta=0.00175 envFloor=0.00127 onset=1.182 thresh=0.018 onsetDelta=1.16359 baseline=0.00085 adaptive=0.00212 lastPeak=0.00000 guard=0.060 activeAge=-1.000 pitch=-1.00Hz pitchCents=0.0
2025-12-16 05:29:21 [tracker] [s4] onset t=1.697 env=0.00133 gate=0.00011 envDelta=0.00123 envFloor=0.00094 onset=0.997 thresh=0.014 onsetDelta=0.98307 baseline=0.00063 adaptive=0.00157 lastPeak=0.00000 guard=0.060 activeAge=-1.000 pitch=-1.00Hz pitchCents=0.0
2025-12-16 05:29:22 [tracker] [s3] onset t=1.727 env=0.00110 gate=0.00007 envDelta=0.00102 envFloor=0.00085 onset=1.004 thresh=0.012 onsetDelta=0.99289 baseline=0.00057 adaptive=0.00142 lastPeak=0.00000 guard=0.060 activeAge=-1.000 pitch=-1.00Hz pitchCents=0.0
2025-12-16 05:29:22 [tracker] [s4] onset t=1.793 env=0.00128 gate=0.00010 envDelta=0.00118 envFloor=0.00087 onset=0.976 thresh=0.014 onsetDelta=0.96156 baseline=0.00058 adaptive=0.00145 lastPeak=0.00000 guard=0.060 activeAge=-1.000 pitch=-1.00Hz pitchCents=0.0
2025-12-16 05:29:22 [tracker] [s1] aubio-raw t=1.7960 onset=1.140857 env=0.000936 peak=0.002247 gain=1.000
2025-12-16 05:29:22 [tracker] [s1] onset-accepted t=1.7960 env=0.000936 gate=0.000018 envDelta=0.000918 envFloor=0.000480 onset=1.140857 thresh=0.006000 onsetDelta=1.134857 baseline=0.000320 floor=0.000180 adapt=0.000801 lastPeak=0.000000 baseParam=0.000180 gateRatio=0.0550 envParam=0.000450 onsetScale=0.300 retriggerScale=1.400 guard=0.060 guardRemain=0.000 activeAge=-1.000 retrigRemain=0.000 pitchHz=200.00 pitchCents=1535.0
2025-12-16 05:29:22 [tracker] [s1] onset t=1.796 env=0.00094 gate=0.00002 envDelta=0.00092 envFloor=0.00048 onset=1.141 thresh=0.006 onsetDelta=1.13486 baseline=0.00032 adaptive=0.00080 lastPeak=0.00000 guard=0.060 activeAge=-1.000 pitch=200.00Hz pitchCents=1535.0
2025-12-16 05:29:22 [tracker] [s2] onset t=1.804 env=0.00134 gate=0.00001 envDelta=0.00134 envFloor=0.00080 onset=1.216 thresh=0.009 onsetDelta=1.20657 baseline=0.00053 adaptive=0.00133 lastPeak=0.00020 guard=0.060 activeAge=-1.000 pitch=123.07Hz pitchCents=194.4
2025-12-16 05:29:22 [tracker] [s6] onset t=1.831 env=0.00153 gate=0.00019 envDelta=0.00134 envFloor=0.00114 onset=0.999 thresh=0.018 onsetDelta=0.98082 baseline=0.00076 adaptive=0.00190 lastPeak=0.00000 guard=0.060 activeAge=-1.000 pitch=-1.00Hz pitchCents=0.0
2025-12-16 05:29:22 [tracker] [s1] aubio-raw t=1.9293 onset=1.372597 env=0.000880 peak=0.001658 gain=1.000
2025-12-16 05:29:22 [tracker] [s1] onset-accepted t=1.9293 env=0.000880 gate=0.000019 envDelta=0.000861 envFloor=0.000518 onset=1.372597 thresh=0.006000 onsetDelta=1.366597 baseline=0.000345 floor=0.000180 adapt=0.000863 lastPeak=0.000000 baseParam=0.000180 gateRatio=0.0550 envParam=0.000450 onsetScale=0.300 retriggerScale=1.400 guard=0.060 guardRemain=0.000 activeAge=-1.000 retrigRemain=0.000 pitchHz=145.46 pitchCents=983.8
2025-12-16 05:29:22 [tracker] [s1] onset t=1.929 env=0.00088 gate=0.00002 envDelta=0.00086 envFloor=0.00052 onset=1.373 thresh=0.006 onsetDelta=1.36660 baseline=0.00035 adaptive=0.00086 lastPeak=0.00000 guard=0.060 activeAge=-1.000 pitch=145.46Hz pitchCents=983.8
2025-12-16 05:29:22 [tracker] [s1] note-start t=1.929 fret=11 midi=51 vel=0.01 env=0.00088
2025-12-16 05:29:22 [tracker] [s1] aubio-raw t=1.9827 onset=1.072592 env=0.000917 peak=0.002468 gain=1.000
2025-12-16 05:29:22 [tracker] [s1] onset-separation-guard t=1.9827 env=0.000917 gate=0.000039 envDelta=0.000878 envFloor=0.000514 onset=1.072592 thresh=0.006000 onsetDelta=1.066592 baseline=0.000716 floor=0.000180 adapt=0.000857 lastPeak=0.000796 baseParam=0.000180 gateRatio=0.0550 envParam=0.000450 onsetScale=0.300 retriggerScale=1.400 guard=0.060 guardRemain=0.007 activeAge=0.053 retrigRemain=0.167 pitchHz=112.67 pitchCents=541.6
2025-12-16 05:29:22 [tracker] [s5] onset t=2.031 env=0.00181 gate=0.00015 envDelta=0.00165 envFloor=0.00110 onset=1.297 thresh=0.016 onsetDelta=1.28096 baseline=0.00074 adaptive=0.00184 lastPeak=0.00000 guard=0.060 activeAge=-1.000 pitch=-1.00Hz pitchCents=0.0
2025-12-16 05:29:22 [tracker] [s1] aubio-raw t=2.0573 onset=1.188663 env=0.000660 peak=0.001937 gain=1.000
2025-12-16 05:29:22 [tracker] [s1] onset-accepted t=2.0573 env=0.000660 gate=0.000034 envDelta=0.000626 envFloor=0.000563 onset=1.188663 thresh=0.006000 onsetDelta=1.182663 baseline=0.000622 floor=0.000180 adapt=0.000938 lastPeak=0.000692 baseParam=0.000180 gateRatio=0.0550 envParam=0.000450 onsetScale=0.300 retriggerScale=1.400 guard=0.060 guardRemain=0.000 activeAge=0.128 retrigRemain=0.092 pitchHz=210.51 pitchCents=1623.7
2025-12-16 05:29:22 [tracker] [s1] onset t=2.057 env=0.00066 gate=0.00003 envDelta=0.00063 envFloor=0.00056 onset=1.189 thresh=0.006 onsetDelta=1.18266 baseline=0.00062 adaptive=0.00094 lastPeak=0.00069 guard=0.060 activeAge=0.128 pitch=210.51Hz pitchCents=1623.7
2025-12-16 05:29:22 [tracker] [s1] note-ended (new onset) t=2.057 fret=11 dur=0.128
2025-12-16 05:29:22 [tracker] [s6] onset t=2.105 env=0.00201 gate=0.00021 envDelta=0.00180 envFloor=0.00124 onset=0.878 thresh=0.018 onsetDelta=0.85978 baseline=0.00083 adaptive=0.00207 lastPeak=0.00000 guard=0.060 activeAge=-1.000 pitch=-1.00Hz pitchCents=0.0
2025-12-16 05:29:22 [tracker] [s1] aubio-raw t=2.1320 onset=0.995937 env=0.000630 peak=0.001709 gain=1.000
2025-12-16 05:29:22 [tracker] [s1] onset-accepted t=2.1320 env=0.000630 gate=0.000030 envDelta=0.000601 envFloor=0.000535 onset=0.995937 thresh=0.006000 onsetDelta=0.989937 baseline=0.000541 floor=0.000180 adapt=0.000891 lastPeak=0.000601 baseParam=0.000180 gateRatio=0.0550 envParam=0.000450 onsetScale=0.300 retriggerScale=1.400 guard=0.060 guardRemain=0.000 activeAge=-1.000 retrigRemain=0.000 pitchHz=205.14 pitchCents=1578.9
2025-12-16 05:29:22 [tracker] [s1] onset t=2.132 env=0.00063 gate=0.00003 envDelta=0.00060 envFloor=0.00053 onset=0.996 thresh=0.006 onsetDelta=0.98994 baseline=0.00054 adaptive=0.00089 lastPeak=0.00060 guard=0.060 activeAge=-1.000 pitch=205.14Hz pitchCents=1578.9
2025-12-16 05:29:22 [tracker] [s4] onset t=2.132 env=0.00129 gate=0.00010 envDelta=0.00119 envFloor=0.00090 onset=1.112 thresh=0.014 onsetDelta=1.09756 baseline=0.00060 adaptive=0.00150 lastPeak=0.00000 guard=0.060 activeAge=-1.000 pitch=-1.00Hz pitchCents=0.0
2025-12-16 05:29:22 [tracker] [s2] onset t=2.145 env=0.00111 gate=0.00001 envDelta=0.00110 envFloor=0.00080 onset=0.994 thresh=0.009 onsetDelta=0.98480 baseline=0.00053 adaptive=0.00133 lastPeak=0.00011 guard=0.060 activeAge=-1.000 pitch=145.45Hz pitchCents=483.6
2025-12-16 05:29:22 [tracker] [s6] onset t=2.188 env=0.00151 gate=0.00019 envDelta=0.00132 envFloor=0.00114 onset=0.601 thresh=0.018 onsetDelta=0.58328 baseline=0.00076 adaptive=0.00190 lastPeak=0.00000 guard=0.060 activeAge=-1.000 pitch=-1.00Hz pitchCents=0.0
2025-12-16 05:29:22 [tracker] [s2] onset t=2.316 env=0.00168 gate=0.00001 envDelta=0.00168 envFloor=0.00080 onset=1.062 thresh=0.009 onsetDelta=1.05343 baseline=0.00053 adaptive=0.00133 lastPeak=0.00008 guard=0.060 activeAge=-1.000 pitch=96.39Hz pitchCents=-228.7
2025-12-16 05:29:22 [tracker] [s4] onset t=2.449 env=0.00137 gate=0.00010 envDelta=0.00127 envFloor=0.00092 onset=1.150 thresh=0.014 onsetDelta=1.13617 baseline=0.00061 adaptive=0.00153 lastPeak=0.00000 guard=0.060 activeAge=-1.000 pitch=-1.00Hz pitchCents=0.0
2025-12-16 05:29:22 [tracker] [s6] onset t=2.577 env=0.00164 gate=0.00019 envDelta=0.00145 envFloor=0.00117 onset=0.997 thresh=0.018 onsetDelta=0.97915 baseline=0.00078 adaptive=0.00195 lastPeak=0.00000 guard=0.060 activeAge=-1.000 pitch=-1.00Hz pitchCents=0.0
2025-12-16 05:29:22 [tracker] [s4] onset t=2.583 env=0.00125 gate=0.00010 envDelta=0.00115 envFloor=0.00091 onset=1.007 thresh=0.014 onsetDelta=0.99334 baseline=0.00061 adaptive=0.00151 lastPeak=0.00000 guard=0.060 activeAge=-1.000 pitch=-1.00Hz pitchCents=0.0
2025-12-16 05:29:22 [tracker] [s5] onset t=2.673 env=0.00166 gate=0.00014 envDelta=0.00152 envFloor=0.00102 onset=0.889 thresh=0.016 onsetDelta=0.87275 baseline=0.00068 adaptive=0.00170 lastPeak=0.00000 guard=0.060 activeAge=-1.000 pitch=-1.00Hz pitchCents=0.0
2025-12-16 05:29:23 [tracker] [s2] onset t=2.799 env=0.00121 gate=0.00001 envDelta=0.00120 envFloor=0.00081 onset=1.104 thresh=0.009 onsetDelta=1.09548 baseline=0.00054 adaptive=0.00135 lastPeak=0.00003 guard=0.060 activeAge=-1.000 pitch=97.56Hz pitchCents=-207.8
2025-12-16 05:29:23 [tracker] [s5] onset t=2.807 env=0.00185 gate=0.00016 envDelta=0.00169 envFloor=0.00111 onset=1.037 thresh=0.016 onsetDelta=1.02123 baseline=0.00074 adaptive=0.00185 lastPeak=0.00000 guard=0.060 activeAge=-1.000 pitch=-1.00Hz pitchCents=0.0
2025-12-16 05:29:23 [tracker] [s1] aubio-raw t=2.8547 onset=0.998662 env=0.000650 peak=0.002182 gain=1.000
2025-12-16 05:29:23 [tracker] [s1] onset-accepted t=2.8547 env=0.000650 gate=0.000020 envDelta=0.000630 envFloor=0.000545 onset=0.998662 thresh=0.006000 onsetDelta=0.992662 baseline=0.000364 floor=0.000180 adapt=0.000909 lastPeak=0.000155 baseParam=0.000180 gateRatio=0.0550 envParam=0.000450 onsetScale=0.300 retriggerScale=1.400 guard=0.060 guardRemain=0.000 activeAge=-1.000 retrigRemain=0.000 pitchHz=210.52 pitchCents=1623.8
2025-12-16 05:29:23 [tracker] [s1] onset t=2.855 env=0.00065 gate=0.00002 envDelta=0.00063 envFloor=0.00055 onset=0.999 thresh=0.006 onsetDelta=0.99266 baseline=0.00036 adaptive=0.00091 lastPeak=0.00015 guard=0.060 activeAge=-1.000 pitch=210.52Hz pitchCents=1623.8
2025-12-16 05:29:23 [tracker] [s6] onset t=2.855 env=0.00240 gate=0.00022 envDelta=0.00218 envFloor=0.00129 onset=0.817 thresh=0.018 onsetDelta=0.79856 baseline=0.00086 adaptive=0.00215 lastPeak=0.00000 guard=0.060 activeAge=-1.000 pitch=-1.00Hz pitchCents=0.0
2025-12-16 05:29:23 [tracker] [s1] aubio-raw t=2.9107 onset=1.149230 env=0.000561 peak=0.001643 gain=1.000
2025-12-16 05:29:23 [tracker] [s1] onset-accepted t=2.9107 env=0.000561 gate=0.000019 envDelta=0.000542 envFloor=0.000515 onset=1.149230 thresh=0.006000 onsetDelta=1.143230 baseline=0.000343 floor=0.000180 adapt=0.000858 lastPeak=0.000139 baseParam=0.000180 gateRatio=0.0550 envParam=0.000450 onsetScale=0.300 retriggerScale=1.400 guard=0.060 guardRemain=0.000 activeAge=-1.000 retrigRemain=0.000 pitchHz=112.67 pitchCents=541.5
2025-12-16 05:29:23 [tracker] [s1] onset t=2.911 env=0.00056 gate=0.00002 envDelta=0.00054 envFloor=0.00051 onset=1.149 thresh=0.006 onsetDelta=1.14323 baseline=0.00034 adaptive=0.00086 lastPeak=0.00014 guard=0.060 activeAge=-1.000 pitch=112.67Hz pitchCents=541.5
2025-12-16 05:29:23 [tracker] [s5] onset t=2.993 env=0.00151 gate=0.00013 envDelta=0.00137 envFloor=0.00096 onset=0.999 thresh=0.016 onsetDelta=0.98312 baseline=0.00064 adaptive=0.00159 lastPeak=0.00000 guard=0.060 activeAge=-1.000 pitch=-1.00Hz pitchCents=0.0
2025-12-16 05:29:23 [tracker] [s2] onset t=3.039 env=0.00102 gate=0.00000 envDelta=0.00101 envFloor=0.00075 onset=0.570 thresh=0.009 onsetDelta=0.56097 baseline=0.00050 adaptive=0.00124 lastPeak=0.00002 guard=0.060 activeAge=-1.000 pitch=108.11Hz pitchCents=-30.0
2025-12-16 05:29:23 [tracker] [s6] onset t=3.119 env=0.00187 gate=0.00021 envDelta=0.00166 envFloor=0.00127 onset=1.031 thresh=0.018 onsetDelta=1.01301 baseline=0.00085 adaptive=0.00211 lastPeak=0.00000 guard=0.060 activeAge=-1.000 pitch=-1.00Hz pitchCents=0.0
2025-12-16 05:29:23 [tracker] [s4] onset t=3.164 env=0.00138 gate=0.00010 envDelta=0.00128 envFloor=0.00089 onset=0.996 thresh=0.014 onsetDelta=0.98164 baseline=0.00060 adaptive=0.00149 lastPeak=0.00000 guard=0.060 activeAge=-1.000 pitch=-1.00Hz pitchCents=0.0
2025-12-16 05:29:23 [tracker] [s5] onset t=3.239 env=0.00136 gate=0.00014 envDelta=0.00121 envFloor=0.00103 onset=0.995 thresh=0.016 onsetDelta=0.97945 baseline=0.00069 adaptive=0.00172 lastPeak=0.00000 guard=0.060 activeAge=-1.000 pitch=-1.00Hz pitchCents=0.0
2025-12-16 05:29:23 [tracker] [s4] onset t=3.351 env=0.00142 gate=0.00010 envDelta=0.00132 envFloor=0.00086 onset=1.011 thresh=0.014 onsetDelta=0.99709 baseline=0.00057 adaptive=0.00143 lastPeak=0.00000 guard=0.060 activeAge=-1.000 pitch=-1.00Hz pitchCents=0.0
2025-12-16 05:29:23 [tracker] [s3] onset t=3.385 env=0.00103 gate=0.00007 envDelta=0.00096 envFloor=0.00078 onset=1.415 thresh=0.012 onsetDelta=1.40372 baseline=0.00052 adaptive=0.00131 lastPeak=0.00000 guard=0.060 activeAge=-1.000 pitch=-1.00Hz pitchCents=0.0
2025-12-16 05:29:23 [tracker] [s5] onset t=3.508 env=0.00209 gate=0.00015 envDelta=0.00194 envFloor=0.00107 onset=0.960 thresh=0.016 onsetDelta=0.94374 baseline=0.00072 adaptive=0.00179 lastPeak=0.00000 guard=0.060 activeAge=-1.000 pitch=-1.00Hz pitchCents=0.0
2025-12-16 05:29:23 [tracker] [s3] onset t=3.609 env=0.00111 gate=0.00007 envDelta=0.00103 envFloor=0.00086 onset=1.030 thresh=0.012 onsetDelta=1.01875 baseline=0.00057 adaptive=0.00143 lastPeak=0.00000 guard=0.060 activeAge=-1.000 pitch=-1.00Hz pitchCents=0.0
2025-12-16 05:29:23 [tracker] [s4] onset t=3.633 env=0.00146 gate=0.00010 envDelta=0.00136 envFloor=0.00089 onset=0.915 thresh=0.014 onsetDelta=0.90138 baseline=0.00060 adaptive=0.00149 lastPeak=0.00000 guard=0.060 activeAge=-1.000 pitch=-1.00Hz pitchCents=0.0
2025-12-16 05:29:23 [tracker] [s1] aubio-raw t=3.6787 onset=1.060817 env=0.000751 peak=0.001549 gain=1.000
2025-12-16 05:29:23 [tracker] [s1] onset-accepted t=3.6787 env=0.000751 gate=0.000018 envDelta=0.000733 envFloor=0.000481 onset=1.060817 thresh=0.006000 onsetDelta=1.054817 baseline=0.000320 floor=0.000180 adapt=0.000801 lastPeak=0.000033 baseParam=0.000180 gateRatio=0.0550 envParam=0.000450 onsetScale=0.300 retriggerScale=1.400 guard=0.060 guardRemain=0.000 activeAge=-1.000 retrigRemain=0.000 pitchHz=94.12 pitchCents=230.0
2025-12-16 05:29:23 [tracker] [s1] onset t=3.679 env=0.00075 gate=0.00002 envDelta=0.00073 envFloor=0.00048 onset=1.061 thresh=0.006 onsetDelta=1.05482 baseline=0.00032 adaptive=0.00080 lastPeak=0.00003 guard=0.060 activeAge=-1.000 pitch=94.12Hz pitchCents=230.0
2025-12-16 05:29:23 [tracker] [s5] onset t=3.684 env=0.00119 gate=0.00014 envDelta=0.00105 envFloor=0.00103 onset=0.869 thresh=0.016 onsetDelta=0.85275 baseline=0.00069 adaptive=0.00172 lastPeak=0.00000 guard=0.060 activeAge=-1.000 pitch=-1.00Hz pitchCents=0.0
2025-12-16 05:29:24 [tracker] [s3] onset t=3.727 env=0.00108 gate=0.00007 envDelta=0.00101 envFloor=0.00083 onset=1.026 thresh=0.012 onsetDelta=1.01426 baseline=0.00055 adaptive=0.00138 lastPeak=0.00000 guard=0.060 activeAge=-1.000 pitch=-1.00Hz pitchCents=0.0
2025-12-16 05:29:24 [tracker] [s2] onset t=3.796 env=0.00149 gate=0.00001 envDelta=0.00148 envFloor=0.00078 onset=0.997 thresh=0.009 onsetDelta=0.98823 baseline=0.00052 adaptive=0.00130 lastPeak=0.00000 guard=0.060 activeAge=-1.000 pitch=163.25Hz pitchCents=683.5
2025-12-16 05:29:24 [tracker] [s4] onset t=3.828 env=0.00145 gate=0.00010 envDelta=0.00135 envFloor=0.00089 onset=0.995 thresh=0.014 onsetDelta=0.98062 baseline=0.00059 adaptive=0.00149 lastPeak=0.00000 guard=0.060 activeAge=-1.000 pitch=-1.00Hz pitchCents=0.0
2025-12-16 05:29:24 [tracker] [s3] onset t=3.831 env=0.00131 gate=0.00007 envDelta=0.00123 envFloor=0.00084 onset=1.471 thresh=0.012 onsetDelta=1.45958 baseline=0.00056 adaptive=0.00140 lastPeak=0.00000 guard=0.060 activeAge=-1.000 pitch=-1.00Hz pitchCents=0.0
2025-12-16 05:29:24 [tracker] [s5] onset t=3.919 env=0.00163 gate=0.00015 envDelta=0.00148 envFloor=0.00107 onset=1.151 thresh=0.016 onsetDelta=1.13539 baseline=0.00071 adaptive=0.00179 lastPeak=0.00000 guard=0.060 activeAge=-1.000 pitch=-1.00Hz pitchCents=0.0
2025-12-16 05:29:24 [tracker] [s6] onset t=3.961 env=0.00175 gate=0.00021 envDelta=0.00153 envFloor=0.00129 onset=0.897 thresh=0.018 onsetDelta=0.87906 baseline=0.00086 adaptive=0.00215 lastPeak=0.00000 guard=0.060 activeAge=-1.000 pitch=-1.00Hz pitchCents=0.0
2025-12-16 05:29:24 [tracker] [s2] onset t=4.033 env=0.00120 gate=0.00001 envDelta=0.00119 envFloor=0.00077 onset=1.001 thresh=0.009 onsetDelta=0.99183 baseline=0.00052 adaptive=0.00129 lastPeak=0.00000 guard=0.060 activeAge=-1.000 pitch=142.85Hz pitchCents=452.4
2025-12-16 05:29:24 [tracker] [s1] aubio-raw t=4.0654 onset=0.555966 env=0.000729 peak=0.001859 gain=1.000
2025-12-16 05:29:24 [tracker] [s1] onset-accepted t=4.0654 env=0.000729 gate=0.000018 envDelta=0.000711 envFloor=0.000490 onset=0.555966 thresh=0.006000 onsetDelta=0.549966 baseline=0.000327 floor=0.000180 adapt=0.000817 lastPeak=0.000016 baseParam=0.000180 gateRatio=0.0550 envParam=0.000450 onsetScale=0.300 retriggerScale=1.400 guard=0.060 guardRemain=0.000 activeAge=-1.000 retrigRemain=0.000 pitchHz=129.03 pitchCents=776.2
2025-12-16 05:29:24 [tracker] [s1] onset t=4.065 env=0.00073 gate=0.00002 envDelta=0.00071 envFloor=0.00049 onset=0.556 thresh=0.006 onsetDelta=0.54997 baseline=0.00033 adaptive=0.00082 lastPeak=0.00002 guard=0.060 activeAge=-1.000 pitch=129.03Hz pitchCents=776.2
2025-12-16 05:29:24 [tracker] [s1] note-start t=4.065 fret=4 midi=44 vel=0.01 env=0.00073
2025-12-16 05:29:24 [tracker] [s6] onset t=4.089 env=0.00178 gate=0.00020 envDelta=0.00158 envFloor=0.00119 onset=0.990 thresh=0.018 onsetDelta=0.97210 baseline=0.00079 adaptive=0.00199 lastPeak=0.00000 guard=0.060 activeAge=-1.000 pitch=-1.00Hz pitchCents=0.0
2025-12-16 05:29:24 [tracker] [s1] aubio-raw t=4.1694 onset=0.997688 env=0.000538 peak=0.001339 gain=1.000
2025-12-16 05:29:24 [tracker] [s1] onset-accepted t=4.1694 env=0.000538 gate=0.000030 envDelta=0.000508 envFloor=0.000484 onset=0.997688 thresh=0.006000 onsetDelta=0.991688 baseline=0.000540 floor=0.000180 adapt=0.000807 lastPeak=0.000600 baseParam=0.000180 gateRatio=0.0550 envParam=0.000450 onsetScale=0.300 retriggerScale=1.400 guard=0.060 guardRemain=0.000 activeAge=0.104 retrigRemain=0.116 pitchHz=320.06 pitchCents=2349.0
2025-12-16 05:29:24 [tracker] [s1] note-ended (new onset) t=4.169 fret=4 dur=0.104
2025-12-16 05:29:24 [tracker] [s4] onset t=4.244 env=0.00153 gate=0.00011 envDelta=0.00142 envFloor=0.00096 onset=1.019 thresh=0.014 onsetDelta=1.00478 baseline=0.00064 adaptive=0.00160 lastPeak=0.00000 guard=0.060 activeAge=-1.000 pitch=-1.00Hz pitchCents=0.0
2025-12-16 05:29:24 [tracker] [s1] aubio-raw t=4.2547 onset=1.054611 env=0.001268 peak=0.002784 gain=1.000
2025-12-16 05:29:24 [tracker] [s1] onset-accepted t=4.2547 env=0.001268 gate=0.000025 envDelta=0.001243 envFloor=0.000534 onset=1.054611 thresh=0.006000 onsetDelta=1.048611 baseline=0.000460 floor=0.000180 adapt=0.000889 lastPeak=0.000511 baseParam=0.000180 gateRatio=0.0550 envParam=0.000450 onsetScale=0.300 retriggerScale=1.400 guard=0.060 guardRemain=0.000 activeAge=-1.000 retrigRemain=0.000 pitchHz=285.69 pitchCents=2152.4
2025-12-16 05:29:24 [tracker] [s1] onset t=4.255 env=0.00127 gate=0.00003 envDelta=0.00124 envFloor=0.00053 onset=1.055 thresh=0.006 onsetDelta=1.04861 baseline=0.00046 adaptive=0.00089 lastPeak=0.00051 guard=0.060 activeAge=-1.000 pitch=285.69Hz pitchCents=2152.4
2025-12-16 05:29:24 [tracker] [s1] note-start t=4.255 fret=6 midi=46 vel=0.02 env=0.00127
2025-12-16 05:29:24 [tracker] [s2] onset t=4.260 env=0.00136 gate=0.00001 envDelta=0.00136 envFloor=0.00079 onset=0.920 thresh=0.009 onsetDelta=0.91082 baseline=0.00053 adaptive=0.00132 lastPeak=0.00000 guard=0.060 activeAge=-1.000 pitch=-1.00Hz pitchCents=0.0
