# SignalAssistant session log
# Started at 2025-12-12 07:02:46
2025-12-12 07:02:46 [session] mode=recorded session='testt' path='/home/general/SignalAssistant/sessions/live/testt' duration=7.17 files=6
2025-12-12 07:02:46 [tracker-settings] TrackerConfig onsetThreshold=0.02000 minNoteDurSec=0.045 hopSec=0.010 slideDelta=120.0 bendDelta=35.0
2025-12-12 07:02:46 [tracker-settings] string1 midi=40 lowCut=37.08Hz highCut=445.00Hz baseline=0.000180 gateRatio=0.05500 envFloor=0.000450 sustainScale=0.580 retriggerScale=1.400 peakRelease=0.120 pitchTol=0.400 onsetScale=0.300
2025-12-12 07:02:46 [tracker-settings] string2 midi=45 lowCut=55.00Hz highCut=563.20Hz baseline=0.000220 gateRatio=0.10000 envFloor=0.000550 sustainScale=0.700 retriggerScale=1.250 peakRelease=0.130 pitchTol=0.400 onsetScale=0.450
2025-12-12 07:02:46 [tracker-settings] string4 midi=55 lowCut=127.40Hz highCut=862.39Hz baseline=0.000320 gateRatio=0.17000 envFloor=0.000780 sustainScale=1.000 retriggerScale=1.000 peakRelease=0.160 pitchTol=0.440 onsetScale=0.700
2025-12-12 07:02:46 [tracker-settings] string5 midi=59 lowCut=160.51Hz highCut=1086.54Hz baseline=0.000370 gateRatio=0.21000 envFloor=0.000900 sustainScale=1.000 retriggerScale=1.000 peakRelease=0.180 pitchTol=0.500 onsetScale=0.800
2025-12-12 07:02:46 [tracker-settings] string6 midi=64 lowCut=214.26Hz highCut=1450.36Hz baseline=0.000420 gateRatio=0.25000 envFloor=0.001050 sustainScale=1.000 retriggerScale=1.000 peakRelease=0.200 pitchTol=0.550 onsetScale=0.900
2025-12-12 07:02:46 [tracker] [s1] calibration reset target=0.00166 gain=0.920
2025-12-12 07:02:46 [tracker] [s2] calibration reset target=0.00169 gain=0.940
2025-12-12 07:02:46 [tracker] [s3] calibration reset target=0.00175 gain=0.970
2025-12-12 07:02:46 [tracker] [s4] calibration reset target=0.00184 gain=1.020
2025-12-12 07:02:46 [tracker] [s5] calibration reset target=0.00193 gain=1.070
2025-12-12 07:02:46 [tracker] [s6] calibration reset target=0.00198 gain=1.100
2025-12-12 07:02:46 [tracker] [s1] calibration avg=0.02860 target=0.00166 gain=0.200
2025-12-12 07:02:46 [tracker] [s2] calibration avg=0.01798 target=0.00169 gain=0.200
2025-12-12 07:02:46 [tracker] [s3] calibration avg=0.01325 target=0.00175 gain=0.200
2025-12-12 07:02:46 [tracker] [s4] calibration avg=0.03051 target=0.00184 gain=0.200
2025-12-12 07:02:46 [tracker] [s5] calibration avg=0.03291 target=0.00193 gain=0.200
2025-12-12 07:02:46 [tracker] [s6] calibration avg=0.04616 target=0.00198 gain=0.200
2025-12-12 07:02:49 [test-mode] play session='testt' position=0.00 duration=7.17
2025-12-12 07:02:49 [tracker] [s1] configure sr=48000.0 hop=128 fft=1024 low=37.1 high=445.0
2025-12-12 07:02:49 [tracker] [s1] params baseline=0.000180 gate=0.0550 envFloor=0.000450 sustain=0.580 retrigger=1.400 peakRelease=0.120 pitchTol=0.400 onsetScale=0.006 aubioScale=1.20 aubioThresh=0.024 onsetSilence=-85.0 pitchSilence=-90.0
2025-12-12 07:02:49 [tracker] [s1] aubio-raw t=0.0013 onset=4.000000 env=0.000028 peak=0.000068 gain=1.000
2025-12-12 07:02:49 [tracker] [s1] onset-below-gate t=0.0013 env=0.000028 gate=0.000040 envDelta=-0.000012 envFloor=0.000583 onset=4.000000 thresh=0.006000 onsetDelta=3.994000 baseline=0.000720 floor=0.000180 adapt=0.000971 lastPeak=0.000000 baseParam=0.000180 gateRatio=0.0550 envParam=0.000450 onsetScale=0.300 retriggerScale=1.400 guard=0.060 guardRemain=0.000 activeAge=-1.000 retrigRemain=0.000 pitchHz=-1.00 pitchCents=0.0
2025-12-12 07:02:49 [tracker] [s2] configure sr=48000.0 hop=128 fft=1024 low=55.0 high=563.2
2025-12-12 07:02:49 [tracker] [s2] params baseline=0.000220 gate=0.0100 envFloor=0.000100 sustain=1.500 retrigger=1.250 peakRelease=0.130 pitchTol=0.400 onsetScale=0.009 aubioScale=1.35 aubioThresh=0.027 onsetSilence=-85.0 pitchSilence=-90.0
2025-12-12 07:02:49 [tracker] [s3] configure sr=48000.0 hop=128 fft=1024 low=85.2 high=693.0
2025-12-12 07:02:49 [tracker] [s3] params baseline=0.000260 gate=0.1300 envFloor=0.000650 sustain=0.820 retrigger=1.100 peakRelease=0.140 pitchTol=0.450 onsetScale=0.012 aubioScale=1.60 aubioThresh=0.032 onsetSilence=-75.0 pitchSilence=-80.0
2025-12-12 07:02:49 [tracker] [s4] configure sr=48000.0 hop=128 fft=1024 low=127.4 high=862.4
2025-12-12 07:02:49 [tracker] [s4] params baseline=0.000320 gate=0.1700 envFloor=0.000780 sustain=1.000 retrigger=1.000 peakRelease=0.160 pitchTol=0.440 onsetScale=0.014 aubioScale=1.80 aubioThresh=0.036 onsetSilence=-75.0 pitchSilence=-80.0
2025-12-12 07:02:49 [tracker] [s5] configure sr=48000.0 hop=128 fft=512 low=160.5 high=1086.5
2025-12-12 07:02:49 [tracker] [s5] params baseline=0.000370 gate=0.2100 envFloor=0.000900 sustain=1.000 retrigger=1.000 peakRelease=0.180 pitchTol=0.500 onsetScale=0.016 aubioScale=1.80 aubioThresh=0.036 onsetSilence=-75.0 pitchSilence=-80.0
2025-12-12 07:02:49 [tracker] [s6] configure sr=48000.0 hop=128 fft=512 low=214.3 high=1450.4
2025-12-12 07:02:49 [tracker] [s6] params baseline=0.000420 gate=0.2500 envFloor=0.001050 sustain=1.000 retrigger=1.000 peakRelease=0.200 pitchTol=0.550 onsetScale=0.018 aubioScale=1.80 aubioThresh=0.036 onsetSilence=-75.0 pitchSilence=-80.0
2025-12-12 07:02:49 [tracker] [s1] aubio-raw t=0.2520 onset=0.995077 env=0.000035 peak=0.000079 gain=1.000
2025-12-12 07:02:49 [tracker] [s1] onset-below-env-floor t=0.2520 env=0.000035 gate=0.000010 envDelta=0.000025 envFloor=0.000450 onset=0.995077 thresh=0.006000 onsetDelta=0.989077 baseline=0.000180 floor=0.000180 adapt=0.000079 lastPeak=0.000000 baseParam=0.000180 gateRatio=0.0550 envParam=0.000450 onsetScale=0.300 retriggerScale=1.400 guard=0.060 guardRemain=0.000 activeAge=-1.000 retrigRemain=0.000 pitchHz=166.65 pitchCents=1219.2
2025-12-12 07:02:50 [tracker] [s1] aubio-raw t=0.3987 onset=0.994624 env=0.000022 peak=0.000062 gain=1.000
2025-12-12 07:02:50 [tracker] [s1] onset-below-env-floor t=0.3987 env=0.000022 gate=0.000010 envDelta=0.000012 envFloor=0.000450 onset=0.994624 thresh=0.006000 onsetDelta=0.988624 baseline=0.000180 floor=0.000180 adapt=0.000036 lastPeak=0.000000 baseParam=0.000180 gateRatio=0.0550 envParam=0.000450 onsetScale=0.300 retriggerScale=1.400 guard=0.060 guardRemain=0.000 activeAge=-1.000 retrigRemain=0.000 pitchHz=-1.00 pitchCents=0.0
2025-12-12 07:02:50 [tracker] [s1] aubio-raw t=0.7213 onset=1.420801 env=0.000052 peak=0.000163 gain=1.000
2025-12-12 07:02:50 [tracker] [s1] onset-below-env-floor t=0.7213 env=0.000052 gate=0.000010 envDelta=0.000042 envFloor=0.000450 onset=1.420801 thresh=0.006000 onsetDelta=1.414801 baseline=0.000180 floor=0.000180 adapt=0.000048 lastPeak=0.000000 baseParam=0.000180 gateRatio=0.0550 envParam=0.000450 onsetScale=0.300 retriggerScale=1.400 guard=0.060 guardRemain=0.000 activeAge=-1.000 retrigRemain=0.000 pitchHz=-1.00 pitchCents=0.0
2025-12-12 07:02:50 [tracker] [s1] aubio-raw t=1.0253 onset=1.059401 env=0.000082 peak=0.000169 gain=1.000
2025-12-12 07:02:50 [tracker] [s1] onset-below-env-floor t=1.0253 env=0.000082 gate=0.000010 envDelta=0.000072 envFloor=0.000450 onset=1.059401 thresh=0.006000 onsetDelta=1.053401 baseline=0.000180 floor=0.000180 adapt=0.000058 lastPeak=0.000000 baseParam=0.000180 gateRatio=0.0550 envParam=0.000450 onsetScale=0.300 retriggerScale=1.400 guard=0.060 guardRemain=0.000 activeAge=-1.000 retrigRemain=0.000 pitchHz=-1.00 pitchCents=0.0
2025-12-12 07:02:50 [tracker] [s1] aubio-raw t=1.2253 onset=0.958338 env=0.000029 peak=0.000091 gain=1.000
2025-12-12 07:02:50 [tracker] [s1] onset-below-env-floor t=1.2253 env=0.000029 gate=0.000010 envDelta=0.000019 envFloor=0.000450 onset=0.958338 thresh=0.006000 onsetDelta=0.952338 baseline=0.000180 floor=0.000180 adapt=0.000056 lastPeak=0.000000 baseParam=0.000180 gateRatio=0.0550 envParam=0.000450 onsetScale=0.300 retriggerScale=1.400 guard=0.060 guardRemain=0.000 activeAge=-1.000 retrigRemain=0.000 pitchHz=-1.00 pitchCents=0.0
2025-12-12 07:02:50 [tracker] [s1] aubio-raw t=1.3187 onset=0.533378 env=0.000030 peak=0.000061 gain=1.000
2025-12-12 07:02:50 [tracker] [s1] onset-below-env-floor t=1.3187 env=0.000030 gate=0.000010 envDelta=0.000020 envFloor=0.000450 onset=0.533378 thresh=0.006000 onsetDelta=0.527378 baseline=0.000180 floor=0.000180 adapt=0.000056 lastPeak=0.000000 baseParam=0.000180 gateRatio=0.0550 envParam=0.000450 onsetScale=0.300 retriggerScale=1.400 guard=0.060 guardRemain=0.000 activeAge=-1.000 retrigRemain=0.000 pitchHz=-1.00 pitchCents=0.0
2025-12-12 07:02:51 [tracker] [s1] aubio-raw t=1.3880 onset=0.774139 env=0.000103 peak=0.000154 gain=1.000
2025-12-12 07:02:51 [tracker] [s1] onset-below-env-floor t=1.3880 env=0.000103 gate=0.000010 envDelta=0.000093 envFloor=0.000450 onset=0.774139 thresh=0.006000 onsetDelta=0.768139 baseline=0.000180 floor=0.000180 adapt=0.000069 lastPeak=0.000000 baseParam=0.000180 gateRatio=0.0550 envParam=0.000450 onsetScale=0.300 retriggerScale=1.400 guard=0.060 guardRemain=0.000 activeAge=-1.000 retrigRemain=0.000 pitchHz=105.26 pitchCents=423.7
2025-12-12 07:02:51 [tracker] [s1] aubio-raw t=1.5133 onset=1.303572 env=0.000034 peak=0.000086 gain=1.000
2025-12-12 07:02:51 [tracker] [s1] onset-below-env-floor t=1.5133 env=0.000034 gate=0.000010 envDelta=0.000024 envFloor=0.000450 onset=1.303572 thresh=0.006000 onsetDelta=1.297572 baseline=0.000180 floor=0.000180 adapt=0.000049 lastPeak=0.000000 baseParam=0.000180 gateRatio=0.0550 envParam=0.000450 onsetScale=0.300 retriggerScale=1.400 guard=0.060 guardRemain=0.000 activeAge=-1.000 retrigRemain=0.000 pitchHz=250.00 pitchCents=1921.3
2025-12-12 07:02:51 [tracker] [s1] aubio-raw t=1.6253 onset=0.933271 env=0.000025 peak=0.000058 gain=1.000
2025-12-12 07:02:51 [tracker] [s1] onset-below-env-floor t=1.6253 env=0.000025 gate=0.000010 envDelta=0.000016 envFloor=0.000450 onset=0.933271 thresh=0.006000 onsetDelta=0.927271 baseline=0.000180 floor=0.000180 adapt=0.000032 lastPeak=0.000000 baseParam=0.000180 gateRatio=0.0550 envParam=0.000450 onsetScale=0.300 retriggerScale=1.400 guard=0.060 guardRemain=0.000 activeAge=-1.000 retrigRemain=0.000 pitchHz=-1.00 pitchCents=0.0
2025-12-12 07:02:51 [tracker] [s1] aubio-raw t=1.7133 onset=0.515293 env=0.010556 peak=0.017961 gain=1.000
2025-12-12 07:02:51 [tracker] [s1] onset-accepted t=1.7133 env=0.010556 gate=0.000040 envDelta=0.010516 envFloor=0.001512 onset=0.515293 thresh=0.006000 onsetDelta=0.509293 baseline=0.000720 floor=0.000180 adapt=0.005948 lastPeak=0.000000 baseParam=0.000180 gateRatio=0.0550 envParam=0.000450 onsetScale=0.300 retriggerScale=1.400 guard=0.060 guardRemain=0.000 activeAge=-1.000 retrigRemain=0.000 pitchHz=453.29 pitchCents=2951.5
2025-12-12 07:02:51 [tracker] [s1] onset t=1.713 env=0.01056 gate=0.00004 envDelta=0.01052 envFloor=0.00151 onset=0.515 thresh=0.006 onsetDelta=0.50929 baseline=0.00072 adaptive=0.00595 lastPeak=0.00000 guard=0.060 activeAge=-1.000 pitch=453.29Hz pitchCents=2951.5
2025-12-12 07:02:51 [tracker] [s2] onset t=1.721 env=0.01094 gate=0.00001 envDelta=0.01093 envFloor=0.00185 onset=0.633 thresh=0.009 onsetDelta=0.62422 baseline=0.00088 adaptive=0.01426 lastPeak=0.00000 guard=0.060 activeAge=-1.000 pitch=231.35Hz pitchCents=1287.1
2025-12-12 07:02:51 [tracker] [s3] onset t=1.727 env=0.01445 gate=0.00014 envDelta=0.01432 envFloor=0.00218 onset=0.917 thresh=0.012 onsetDelta=0.90513 baseline=0.00104 adaptive=0.01104 lastPeak=0.00000 guard=0.060 activeAge=-1.000 pitch=119.24Hz pitchCents=-360.4
2025-12-12 07:02:51 [tracker] [s4] onset t=1.732 env=0.02928 gate=0.00022 envDelta=0.02907 envFloor=0.00269 onset=0.701 thresh=0.014 onsetDelta=0.68690 baseline=0.00128 adaptive=0.01781 lastPeak=0.00000 guard=0.060 activeAge=-1.000 pitch=1325.22Hz pitchCents=3308.8
2025-12-12 07:02:51 [tracker] [s5] onset t=1.735 env=0.00752 gate=0.00031 envDelta=0.00721 envFloor=0.00311 onset=1.481 thresh=0.016 onsetDelta=1.46525 baseline=0.00148 adaptive=0.01543 lastPeak=0.00000 guard=0.060 activeAge=-1.000 pitch=1685.40Hz pitchCents=3325.0
2025-12-12 07:02:51 [tracker] [s6] onset t=1.743 env=0.00580 gate=0.00042 envDelta=0.00538 envFloor=0.00353 onset=0.615 thresh=0.018 onsetDelta=0.59716 baseline=0.00168 adaptive=0.00810 lastPeak=0.00000 guard=0.060 activeAge=-1.000 pitch=798.76Hz pitchCents=1532.3
2025-12-12 07:02:51 [tracker] [s2] onset t=1.775 env=0.02148 gate=0.00001 envDelta=0.02147 envFloor=0.00185 onset=0.965 thresh=0.009 onsetDelta=0.95595 baseline=0.00088 adaptive=0.02066 lastPeak=0.00000 guard=0.060 activeAge=-1.000 pitch=147.60Hz pitchCents=509.1
2025-12-12 07:02:51 [tracker] [s2] note-start t=1.775 fret=5 midi=50 vel=0.26 env=0.02148
2025-12-12 07:02:51 [tracker] [s1] aubio-raw t=1.8120 onset=0.941503 env=0.001066 peak=0.001599 gain=1.000
2025-12-12 07:02:51 [tracker] [s1] onset-below-env-floor t=1.8120 env=0.001066 gate=0.000040 envDelta=0.001026 envFloor=0.001512 onset=0.941503 thresh=0.006000 onsetDelta=0.935503 baseline=0.000720 floor=0.000180 adapt=0.003009 lastPeak=0.000000 baseParam=0.000180 gateRatio=0.0550 envParam=0.000450 onsetScale=0.300 retriggerScale=1.400 guard=0.060 guardRemain=0.000 activeAge=-1.000 retrigRemain=0.000 pitchHz=107.26 pitchCents=456.3
2025-12-12 07:02:51 [tracker] [s4] onset t=1.825 env=0.01339 gate=0.00022 envDelta=0.01317 envFloor=0.00269 onset=1.001 thresh=0.014 onsetDelta=0.98696 baseline=0.00128 adaptive=0.01882 lastPeak=0.00000 guard=0.060 activeAge=-1.000 pitch=295.20Hz pitchCents=709.0
2025-12-12 07:02:51 [tracker] [s4] note-start t=1.825 fret=7 midi=62 vel=0.16 env=0.01339
2025-12-12 07:02:51 [tracker] [s2] release-retrigger t=1.828 onset=0.959 gate=0.000 age=0.053
2025-12-12 07:02:51 [tracker] [s2] note-ended t=1.828 fret=5 dur=0.053
2025-12-12 07:02:51 [tracker] [s3] onset t=1.841 env=0.01280 gate=0.00014 envDelta=0.01267 envFloor=0.00218 onset=0.728 thresh=0.012 onsetDelta=0.71641 baseline=0.00104 adaptive=0.01367 lastPeak=0.00000 guard=0.060 activeAge=-1.000 pitch=222.20Hz pitchCents=717.2
2025-12-12 07:02:51 [tracker] [s3] note-start t=1.841 fret=7 midi=57 vel=0.15 env=0.01280
2025-12-12 07:02:51 [tracker] [s1] aubio-raw t=1.8947 onset=0.989244 env=0.000251 peak=0.000595 gain=1.000
2025-12-12 07:02:51 [tracker] [s1] onset-below-env-floor t=1.8947 env=0.000251 gate=0.000040 envDelta=0.000211 envFloor=0.000917 onset=0.989244 thresh=0.006000 onsetDelta=0.983244 baseline=0.000720 floor=0.000180 adapt=0.001528 lastPeak=0.000000 baseParam=0.000180 gateRatio=0.0550 envParam=0.000450 onsetScale=0.300 retriggerScale=1.400 guard=0.060 guardRemain=0.000 activeAge=-1.000 retrigRemain=0.000 pitchHz=109.49 pitchCents=492.0
2025-12-12 07:02:51 [tracker] [s2] onset t=1.903 env=0.02186 gate=0.00003 envDelta=0.02184 envFloor=0.00844 onset=0.969 thresh=0.009 onsetDelta=0.95970 baseline=0.00264 adaptive=0.01806 lastPeak=0.01689 guard=0.060 activeAge=-1.000 pitch=147.09Hz pitchCents=503.0
2025-12-12 07:02:51 [tracker] [s2] note-start t=1.903 fret=5 midi=50 vel=0.26 env=0.02186
2025-12-12 07:02:51 [tracker] [s3] onset t=1.903 env=0.01008 gate=0.00041 envDelta=0.00968 envFloor=0.00655 onset=0.998 thresh=0.012 onsetDelta=0.98605 baseline=0.00312 adaptive=0.01167 lastPeak=0.01141 guard=0.060 activeAge=0.061 pitch=222.20Hz pitchCents=717.3
2025-12-12 07:02:51 [tracker] [s3] note-ended (new onset) t=1.903 fret=7 dur=0.061
2025-12-12 07:02:51 [tracker] [s3] note-start t=1.903 fret=7 midi=57 vel=0.12 env=0.01008
2025-12-12 07:02:51 [tracker] [s3] release-retrigger t=1.959 onset=0.997 gate=0.001 age=0.056
2025-12-12 07:02:51 [tracker] [s3] note-ended t=1.959 fret=7 dur=0.056
2025-12-12 07:02:51 [tracker] [s2] onset t=1.977 env=0.01922 gate=0.00003 envDelta=0.01920 envFloor=0.00950 onset=1.003 thresh=0.009 onsetDelta=0.99431 baseline=0.00264 adaptive=0.01599 lastPeak=0.01900 guard=0.060 activeAge=0.075 pitch=146.97Hz pitchCents=501.7
2025-12-12 07:02:51 [tracker] [s2] note-ended (new onset) t=1.977 fret=5 dur=0.075
2025-12-12 07:02:51 [tracker] [s2] note-start t=1.977 fret=5 midi=50 vel=0.23 env=0.01922
2025-12-12 07:02:51 [tracker] [s1] aubio-raw t=2.0520 onset=0.685110 env=0.006388 peak=0.013042 gain=1.000
2025-12-12 07:02:51 [tracker] [s1] onset-accepted t=2.0520 env=0.006388 gate=0.000040 envDelta=0.006348 envFloor=0.001512 onset=0.685110 thresh=0.006000 onsetDelta=0.679110 baseline=0.000720 floor=0.000180 adapt=0.004722 lastPeak=0.000000 baseParam=0.000180 gateRatio=0.0550 envParam=0.000450 onsetScale=0.300 retriggerScale=1.400 guard=0.060 guardRemain=0.000 activeAge=-1.000 retrigRemain=0.000 pitchHz=120.82 pitchCents=662.4
2025-12-12 07:02:51 [tracker] [s1] onset t=2.052 env=0.00639 gate=0.00004 envDelta=0.00635 envFloor=0.00151 onset=0.685 thresh=0.006 onsetDelta=0.67911 baseline=0.00072 adaptive=0.00472 lastPeak=0.00000 guard=0.060 activeAge=-1.000 pitch=120.82Hz pitchCents=662.4
2025-12-12 07:02:51 [tracker] [s2] onset t=2.060 env=0.02539 gate=0.00003 envDelta=0.02536 envFloor=0.00823 onset=1.400 thresh=0.009 onsetDelta=1.39136 baseline=0.00264 adaptive=0.01969 lastPeak=0.01646 guard=0.060 activeAge=0.083 pitch=151.09Hz pitchCents=549.5
2025-12-12 07:02:51 [tracker] [s2] note-ended (new onset) t=2.060 fret=5 dur=0.083
2025-12-12 07:02:51 [tracker] [s3] onset t=2.065 env=0.02469 gate=0.00041 envDelta=0.02428 envFloor=0.00655 onset=1.297 thresh=0.012 onsetDelta=1.28574 baseline=0.00312 adaptive=0.02033 lastPeak=0.00743 guard=0.060 activeAge=-1.000 pitch=893.75Hz pitchCents=3126.9
2025-12-12 07:02:51 [tracker] [s4] onset t=2.073 env=0.01555 gate=0.00065 envDelta=0.01490 envFloor=0.00806 onset=0.559 thresh=0.014 onsetDelta=0.54505 baseline=0.00384 adaptive=0.01909 lastPeak=0.00840 guard=0.060 activeAge=0.248 pitch=93.93Hz pitchCents=-1273.4
2025-12-12 07:02:51 [tracker] [s4] note-ended (new onset) t=2.073 fret=7 dur=0.248
2025-12-12 07:02:51 [tracker] [s5] onset t=2.076 env=0.00368 gate=0.00031 envDelta=0.00337 envFloor=0.00311 onset=1.243 thresh=0.016 onsetDelta=1.22735 baseline=0.00148 adaptive=0.01056 lastPeak=0.00000 guard=0.060 activeAge=-1.000 pitch=188.24Hz pitchCents=-470.0
2025-12-12 07:02:51 [tracker] [s6] onset t=2.081 env=0.00533 gate=0.00042 envDelta=0.00491 envFloor=0.00353 onset=1.281 thresh=0.018 onsetDelta=1.26307 baseline=0.00168 adaptive=0.00636 lastPeak=0.00000 guard=0.060 activeAge=-1.000 pitch=219.66Hz pitchCents=-702.7
2025-12-12 07:02:51 [tracker] [s1] aubio-raw t=2.1187 onset=0.899389 env=0.001388 peak=0.002824 gain=1.000
2025-12-12 07:02:51 [tracker] [s1] onset-below-env-floor t=2.1187 env=0.001388 gate=0.000040 envDelta=0.001349 envFloor=0.001512 onset=0.899389 thresh=0.006000 onsetDelta=0.893389 baseline=0.000720 floor=0.000180 adapt=0.004138 lastPeak=0.000000 baseParam=0.000180 gateRatio=0.0550 envParam=0.000450 onsetScale=0.300 retriggerScale=1.400 guard=0.060 guardRemain=0.000 activeAge=-1.000 retrigRemain=0.000 pitchHz=109.96 pitchCents=499.4
2025-12-12 07:02:51 [tracker] [s3] onset t=2.124 env=0.01968 gate=0.00041 envDelta=0.01928 envFloor=0.00655 onset=1.367 thresh=0.012 onsetDelta=1.35507 baseline=0.00312 adaptive=0.02748 lastPeak=0.00665 guard=0.060 activeAge=-1.000 pitch=222.06Hz pitchCents=716.1
2025-12-12 07:02:51 [tracker] [s3] note-start t=2.124 fret=7 midi=57 vel=0.24 env=0.01968
2025-12-12 07:02:51 [tracker] [s2] onset t=2.148 env=0.02087 gate=0.00003 envDelta=0.02084 envFloor=0.00697 onset=0.693 thresh=0.009 onsetDelta=0.68353 baseline=0.00264 adaptive=0.01734 lastPeak=0.01395 guard=0.060 activeAge=-1.000 pitch=147.16Hz pitchCents=503.9
2025-12-12 07:02:51 [tracker] [s2] note-start t=2.148 fret=5 midi=50 vel=0.25 env=0.02087
2025-12-12 07:02:51 [tracker] [s3] release-retrigger t=2.183 onset=0.991 gate=0.001 age=0.059
2025-12-12 07:02:51 [tracker] [s3] note-ended t=2.183 fret=7 dur=0.059
2025-12-12 07:02:51 [tracker] [s2] release-retrigger t=2.199 onset=0.675 gate=0.000 age=0.051
2025-12-12 07:02:51 [tracker] [s2] note-ended t=2.199 fret=5 dur=0.051
2025-12-12 07:02:51 [tracker] [s3] onset t=2.239 env=0.01548 gate=0.00041 envDelta=0.01507 envFloor=0.00793 onset=1.450 thresh=0.012 onsetDelta=1.43816 baseline=0.00312 adaptive=0.02086 lastPeak=0.01587 guard=0.060 activeAge=-1.000 pitch=221.83Hz pitchCents=714.3
2025-12-12 07:02:51 [tracker] [s3] note-start t=2.239 fret=7 midi=57 vel=0.19 env=0.01548
2025-12-12 07:02:51 [tracker] [s2] onset t=2.249 env=0.01603 gate=0.00003 envDelta=0.01600 envFloor=0.00862 onset=0.966 thresh=0.009 onsetDelta=0.95747 baseline=0.00264 adaptive=0.01422 lastPeak=0.01725 guard=0.060 activeAge=-1.000 pitch=147.06Hz pitchCents=502.6
2025-12-12 07:02:51 [tracker] [s2] note-start t=2.249 fret=5 midi=50 vel=0.19 env=0.01603
2025-12-12 07:02:51 [tracker] [s4] onset t=2.255 env=0.00945 gate=0.00065 envDelta=0.00880 envFloor=0.00683 onset=0.994 thresh=0.014 onsetDelta=0.98032 baseline=0.00384 adaptive=0.01139 lastPeak=0.00597 guard=0.060 activeAge=-1.000 pitch=295.66Hz pitchCents=711.7
2025-12-12 07:02:51 [tracker] [s4] note-start t=2.255 fret=7 midi=62 vel=0.11 env=0.00945
2025-12-12 07:02:51 [tracker] [s3] onset t=2.300 env=0.01318 gate=0.00041 envDelta=0.01277 envFloor=0.00690 onset=0.768 thresh=0.012 onsetDelta=0.75623 baseline=0.00312 adaptive=0.01721 lastPeak=0.01379 guard=0.060 activeAge=0.061 pitch=221.63Hz pitchCents=712.8
2025-12-12 07:02:51 [tracker] [s3] note-ended (new onset) t=2.300 fret=7 dur=0.061
2025-12-12 07:02:51 [tracker] [s1] aubio-raw t=2.3160 onset=1.079166 env=0.000159 peak=0.000275 gain=1.000
2025-12-12 07:02:51 [tracker] [s1] onset-below-env-floor t=2.3160 env=0.000159 gate=0.000040 envDelta=0.000119 envFloor=0.000604 onset=1.079166 thresh=0.006000 onsetDelta=1.073166 baseline=0.000720 floor=0.000180 adapt=0.001006 lastPeak=0.000000 baseParam=0.000180 gateRatio=0.0550 envParam=0.000450 onsetScale=0.300 retriggerScale=1.400 guard=0.060 guardRemain=0.000 activeAge=-1.000 retrigRemain=0.000 pitchHz=109.67 pitchCents=494.9
2025-12-12 07:02:51 [tracker] [s2] release-retrigger t=2.335 onset=1.089 gate=0.000 age=0.085
2025-12-12 07:02:51 [tracker] [s2] note-ended t=2.335 fret=5 dur=0.085
2025-12-12 07:02:52 [tracker] [s1] aubio-raw t=2.3800 onset=0.653299 env=0.000563 peak=0.001038 gain=1.000
2025-12-12 07:02:52 [tracker] [s1] onset-accepted t=2.3800 env=0.000563 gate=0.000038 envDelta=0.000525 envFloor=0.000486 onset=0.653299 thresh=0.006000 onsetDelta=0.647299 baseline=0.000694 floor=0.000180 adapt=0.000771 lastPeak=0.000000 baseParam=0.000180 gateRatio=0.0550 envParam=0.000450 onsetScale=0.300 retriggerScale=1.400 guard=0.060 guardRemain=0.000 activeAge=-1.000 retrigRemain=0.000 pitchHz=139.74 pitchCents=914.3
2025-12-12 07:02:52 [tracker] [s1] onset t=2.380 env=0.00056 gate=0.00004 envDelta=0.00052 envFloor=0.00049 onset=0.653 thresh=0.006 onsetDelta=0.64730 baseline=0.00069 adaptive=0.00077 lastPeak=0.00000 guard=0.060 activeAge=-1.000 pitch=139.74Hz pitchCents=914.3
2025-12-12 07:02:52 [tracker] [s4] release-retrigger t=2.380 onset=1.215 gate=0.002 age=0.125
2025-12-12 07:02:52 [tracker] [s4] note-ended t=2.380 fret=7 dur=0.125
2025-12-12 07:02:52 [tracker] [s2] onset t=2.385 env=0.00984 gate=0.00003 envDelta=0.00982 envFloor=0.00621 onset=1.039 thresh=0.009 onsetDelta=1.02967 baseline=0.00264 adaptive=0.00991 lastPeak=0.01241 guard=0.060 activeAge=-1.000 pitch=145.54Hz pitchCents=484.6
2025-12-12 07:02:52 [tracker] [s2] note-start t=2.385 fret=5 midi=50 vel=0.12 env=0.00984
2025-12-12 07:02:52 [tracker] [s3] release-retrigger t=2.404 onset=0.890 gate=0.001 age=0.104
2025-12-12 07:02:52 [tracker] [s3] note-ended t=2.404 fret=7 dur=0.104
2025-12-12 07:02:52 [tracker] [s2] release-retrigger t=2.457 onset=0.869 gate=0.000 age=0.072
2025-12-12 07:02:52 [tracker] [s2] note-ended t=2.457 fret=5 dur=0.072
2025-12-12 07:02:52 [tracker] [s3] onset t=2.529 env=0.00457 gate=0.00041 envDelta=0.00417 envFloor=0.00428 onset=0.825 thresh=0.012 onsetDelta=0.81388 baseline=0.00312 adaptive=0.00313 lastPeak=0.00856 guard=0.060 activeAge=-1.000 pitch=-1.00Hz pitchCents=0.0
2025-12-12 07:02:52 [tracker] [s1] aubio-raw t=2.5614 onset=1.397567 env=0.000566 peak=0.000818 gain=1.000
2025-12-12 07:02:52 [tracker] [s1] onset-accepted t=2.5614 env=0.000566 gate=0.000018 envDelta=0.000547 envFloor=0.000450 onset=1.397567 thresh=0.006000 onsetDelta=1.391567 baseline=0.000335 floor=0.000180 adapt=0.000372 lastPeak=0.000000 baseParam=0.000180 gateRatio=0.0550 envParam=0.000450 onsetScale=0.300 retriggerScale=1.400 guard=0.060 guardRemain=0.000 activeAge=-1.000 retrigRemain=0.000 pitchHz=100.02 pitchCents=335.4
2025-12-12 07:02:52 [tracker] [s1] onset t=2.561 env=0.00057 gate=0.00002 envDelta=0.00055 envFloor=0.00045 onset=1.398 thresh=0.006 onsetDelta=1.39157 baseline=0.00033 adaptive=0.00037 lastPeak=0.00000 guard=0.060 activeAge=-1.000 pitch=100.02Hz pitchCents=335.4
2025-12-12 07:02:52 [tracker] [s1] aubio-raw t=2.7080 onset=0.638938 env=0.003756 peak=0.006092 gain=1.000
2025-12-12 07:02:52 [tracker] [s1] onset-accepted t=2.7080 env=0.003756 gate=0.000040 envDelta=0.003716 envFloor=0.001512 onset=0.638938 thresh=0.006000 onsetDelta=0.632938 baseline=0.000720 floor=0.000180 adapt=0.003305 lastPeak=0.000000 baseParam=0.000180 gateRatio=0.0550 envParam=0.000450 onsetScale=0.300 retriggerScale=1.400 guard=0.060 guardRemain=0.000 activeAge=-1.000 retrigRemain=0.000 pitchHz=414.69 pitchCents=2797.4
2025-12-12 07:02:52 [tracker] [s1] onset t=2.708 env=0.00376 gate=0.00004 envDelta=0.00372 envFloor=0.00151 onset=0.639 thresh=0.006 onsetDelta=0.63294 baseline=0.00072 adaptive=0.00331 lastPeak=0.00000 guard=0.060 activeAge=-1.000 pitch=414.69Hz pitchCents=2797.4
2025-12-12 07:02:52 [tracker] [s2] onset t=2.719 env=0.02288 gate=0.00003 envDelta=0.02285 envFloor=0.00554 onset=1.145 thresh=0.009 onsetDelta=1.13629 baseline=0.00264 adaptive=0.01195 lastPeak=0.00526 guard=0.060 activeAge=-1.000 pitch=-1.00Hz pitchCents=0.0
2025-12-12 07:02:52 [tracker] [s3] onset t=2.727 env=0.01611 gate=0.00041 envDelta=0.01570 envFloor=0.00655 onset=1.464 thresh=0.012 onsetDelta=1.45280 baseline=0.00312 adaptive=0.01210 lastPeak=0.00591 guard=0.060 activeAge=-1.000 pitch=-1.00Hz pitchCents=0.0
2025-12-12 07:02:52 [tracker] [s5] onset t=2.737 env=0.00427 gate=0.00031 envDelta=0.00396 envFloor=0.00311 onset=1.203 thresh=0.016 onsetDelta=1.18698 baseline=0.00148 adaptive=0.01252 lastPeak=0.00000 guard=0.060 activeAge=-1.000 pitch=199.56Hz pitchCents=-368.8
2025-12-12 07:02:52 [tracker] [s6] onset t=2.743 env=0.00554 gate=0.00042 envDelta=0.00512 envFloor=0.00353 onset=1.164 thresh=0.018 onsetDelta=1.14581 baseline=0.00168 adaptive=0.00621 lastPeak=0.00000 guard=0.060 activeAge=-1.000 pitch=1751.94Hz pitchCents=2892.0
2025-12-12 07:02:52 [tracker] [s4] onset t=2.788 env=0.01650 gate=0.00053 envDelta=0.01597 envFloor=0.00655 onset=0.955 thresh=0.014 onsetDelta=0.94097 baseline=0.00312 adaptive=0.02356 lastPeak=0.00347 guard=0.060 activeAge=-1.000 pitch=313.75Hz pitchCents=814.6
2025-12-12 07:02:52 [tracker] [s4] note-start t=2.788 fret=8 midi=63 vel=0.20 env=0.01650
2025-12-12 07:02:52 [tracker] [s1] aubio-raw t=2.8254 onset=0.997530 env=0.000571 peak=0.000995 gain=1.000
2025-12-12 07:02:52 [tracker] [s1] onset-below-env-floor t=2.8254 env=0.000571 gate=0.000040 envDelta=0.000531 envFloor=0.001096 onset=0.997530 thresh=0.006000 onsetDelta=0.991530 baseline=0.000720 floor=0.000180 adapt=0.001826 lastPeak=0.000000 baseParam=0.000180 gateRatio=0.0550 envParam=0.000450 onsetScale=0.300 retriggerScale=1.400 guard=0.060 guardRemain=0.000 activeAge=-1.000 retrigRemain=0.000 pitchHz=115.83 pitchCents=589.4
2025-12-12 07:02:52 [tracker] [s2] onset t=2.828 env=0.01273 gate=0.00003 envDelta=0.01270 envFloor=0.00554 onset=0.889 thresh=0.009 onsetDelta=0.87999 baseline=0.00264 adaptive=0.01321 lastPeak=0.00428 guard=0.060 activeAge=-1.000 pitch=155.66Hz pitchCents=601.1
2025-12-12 07:02:52 [tracker] [s2] note-start t=2.828 fret=6 midi=51 vel=0.15 env=0.01273
2025-12-12 07:02:52 [tracker] [s3] onset t=2.839 env=0.01542 gate=0.00041 envDelta=0.01501 envFloor=0.00655 onset=0.654 thresh=0.012 onsetDelta=0.64278 baseline=0.00312 adaptive=0.01596 lastPeak=0.00479 guard=0.060 activeAge=-1.000 pitch=235.62Hz pitchCents=818.7
2025-12-12 07:02:52 [tracker] [s3] note-start t=2.839 fret=8 midi=58 vel=0.19 env=0.01542
2025-12-12 07:02:52 [tracker] [s4] release-retrigger t=2.897 onset=1.092 gate=0.002 age=0.109
2025-12-12 07:02:52 [tracker] [s4] note-ended t=2.897 fret=8 dur=0.109
2025-12-12 07:02:52 [tracker] [s2] onset t=2.919 env=0.00924 gate=0.00003 envDelta=0.00921 envFloor=0.00554 onset=1.000 thresh=0.009 onsetDelta=0.99098 baseline=0.00264 adaptive=0.01040 lastPeak=0.01074 guard=0.060 activeAge=0.091 pitch=155.75Hz pitchCents=602.1
2025-12-12 07:02:52 [tracker] [s2] note-ended (new onset) t=2.919 fret=6 dur=0.091
2025-12-12 07:02:52 [tracker] [s2] note-start t=2.919 fret=6 midi=51 vel=0.11 env=0.00924
2025-12-12 07:02:52 [tracker] [s3] onset t=2.932 env=0.01236 gate=0.00041 envDelta=0.01196 envFloor=0.00655 onset=1.215 thresh=0.012 onsetDelta=1.20337 baseline=0.00312 adaptive=0.01272 lastPeak=0.01294 guard=0.060 activeAge=0.093 pitch=235.69Hz pitchCents=819.2
2025-12-12 07:02:52 [tracker] [s3] note-ended (new onset) t=2.932 fret=8 dur=0.093
2025-12-12 07:02:52 [tracker] [s3] note-start t=2.932 fret=8 midi=58 vel=0.15 env=0.01236
2025-12-12 07:02:52 [tracker] [s3] onset t=3.047 env=0.01000 gate=0.00041 envDelta=0.00959 envFloor=0.00596 onset=1.496 thresh=0.012 onsetDelta=1.48417 baseline=0.00312 adaptive=0.00993 lastPeak=0.00997 guard=0.060 activeAge=0.115 pitch=232.99Hz pitchCents=799.3
2025-12-12 07:02:52 [tracker] [s3] note-ended (new onset) t=3.047 fret=8 dur=0.115
2025-12-12 07:02:52 [tracker] [s3] note-start t=3.047 fret=8 midi=58 vel=0.12 env=0.01000
2025-12-12 07:02:52 [tracker] [s2] onset t=3.055 env=0.00861 gate=0.00003 envDelta=0.00859 envFloor=0.00501 onset=1.303 thresh=0.009 onsetDelta=1.29378 baseline=0.00264 adaptive=0.00835 lastPeak=0.00716 guard=0.060 activeAge=0.136 pitch=155.21Hz pitchCents=596.0
2025-12-12 07:02:52 [tracker] [s2] note-ended (new onset) t=3.055 fret=6 dur=0.136
2025-12-12 07:02:52 [tracker] [s2] note-start t=3.055 fret=6 midi=51 vel=0.10 env=0.00861
2025-12-12 07:02:52 [tracker] [s1] aubio-raw t=3.0654 onset=0.602618 env=0.008785 peak=0.019542 gain=1.000
2025-12-12 07:02:52 [tracker] [s1] onset-accepted t=3.0654 env=0.008785 gate=0.000040 envDelta=0.008746 envFloor=0.001512 onset=0.602618 thresh=0.006000 onsetDelta=0.596618 baseline=0.000720 floor=0.000180 adapt=0.008906 lastPeak=0.000000 baseParam=0.000180 gateRatio=0.0550 envParam=0.000450 onsetScale=0.300 retriggerScale=1.400 guard=0.060 guardRemain=0.000 activeAge=-1.000 retrigRemain=0.000 pitchHz=93.93 pitchCents=226.6
2025-12-12 07:02:52 [tracker] [s1] onset t=3.065 env=0.00879 gate=0.00004 envDelta=0.00875 envFloor=0.00151 onset=0.603 thresh=0.006 onsetDelta=0.59662 baseline=0.00072 adaptive=0.00891 lastPeak=0.00000 guard=0.060 activeAge=-1.000 pitch=93.93Hz pitchCents=226.6
2025-12-12 07:02:52 [tracker] [s5] onset t=3.084 env=0.00323 gate=0.00031 envDelta=0.00292 envFloor=0.00311 onset=1.086 thresh=0.016 onsetDelta=1.06973 baseline=0.00148 adaptive=0.00536 lastPeak=0.00000 guard=0.060 activeAge=-1.000 pitch=1549.76Hz pitchCents=3179.8
2025-12-12 07:02:52 [tracker] [s6] onset t=3.089 env=0.00555 gate=0.00042 envDelta=0.00513 envFloor=0.00201 onset=0.934 thresh=0.018 onsetDelta=0.91589 baseline=0.00168 adaptive=0.00335 lastPeak=0.00000 guard=0.060 activeAge=-1.000 pitch=331.31Hz pitchCents=8.8
2025-12-12 07:02:52 [tracker] [s3] onset t=3.132 env=0.01021 gate=0.00041 envDelta=0.00980 envFloor=0.00644 onset=1.215 thresh=0.012 onsetDelta=1.20312 baseline=0.00312 adaptive=0.01074 lastPeak=0.00851 guard=0.060 activeAge=0.085 pitch=249.36Hz pitchCents=916.9
2025-12-12 07:02:52 [tracker] [s3] note-ended (new onset) t=3.132 fret=8 dur=0.085
2025-12-12 07:02:52 [tracker] [s3] note-start t=3.132 fret=9 midi=59 vel=0.12 env=0.01021
2025-12-12 07:02:52 [tracker] [s2] onset t=3.164 env=0.02233 gate=0.00003 envDelta=0.02230 envFloor=0.00554 onset=0.591 thresh=0.009 onsetDelta=0.58225 baseline=0.00264 adaptive=0.02048 lastPeak=0.00701 guard=0.060 activeAge=0.109 pitch=164.83Hz pitchCents=700.1
2025-12-12 07:02:52 [tracker] [s2] note-ended (new onset) t=3.164 fret=6 dur=0.109
2025-12-12 07:02:52 [tracker] [s2] note-start t=3.164 fret=7 midi=52 vel=0.27 env=0.02233
2025-12-12 07:02:52 [tracker] [s4] onset t=3.175 env=0.00991 gate=0.00065 envDelta=0.00925 envFloor=0.00806 onset=0.997 thresh=0.014 onsetDelta=0.98349 baseline=0.00384 adaptive=0.01390 lastPeak=0.00798 guard=0.060 activeAge=-1.000 pitch=329.55Hz pitchCents=899.6
2025-12-12 07:02:52 [tracker] [s4] note-start t=3.175 fret=9 midi=64 vel=0.12 env=0.00991
2025-12-12 07:02:52 [tracker] [s3] onset t=3.204 env=0.00969 gate=0.00041 envDelta=0.00928 envFloor=0.00579 onset=0.730 thresh=0.012 onsetDelta=0.71851 baseline=0.00312 adaptive=0.00965 lastPeak=0.00891 guard=0.060 activeAge=0.072 pitch=249.75Hz pitchCents=919.6
2025-12-12 07:02:52 [tracker] [s3] note-ended (new onset) t=3.204 fret=9 dur=0.072
2025-12-12 07:02:52 [tracker] [s3] note-start t=3.204 fret=9 midi=59 vel=0.12 env=0.00969
2025-12-12 07:02:52 [tracker] [s2] onset t=3.239 env=0.01736 gate=0.00003 envDelta=0.01733 envFloor=0.00970 onset=0.731 thresh=0.009 onsetDelta=0.72198 baseline=0.00264 adaptive=0.01827 lastPeak=0.01940 guard=0.060 activeAge=0.075 pitch=164.98Hz pitchCents=701.7
2025-12-12 07:02:52 [tracker] [s2] note-ended (new onset) t=3.239 fret=7 dur=0.075
2025-12-12 07:02:52 [tracker] [s2] note-start t=3.239 fret=7 midi=52 vel=0.21 env=0.01736
2025-12-12 07:02:52 [tracker] [s4] onset t=3.252 env=0.01047 gate=0.00065 envDelta=0.00982 envFloor=0.00708 onset=1.114 thresh=0.014 onsetDelta=1.10014 baseline=0.00384 adaptive=0.01181 lastPeak=0.00857 guard=0.060 activeAge=0.077 pitch=329.87Hz pitchCents=901.3
2025-12-12 07:02:52 [tracker] [s4] note-ended (new onset) t=3.252 fret=9 dur=0.077
2025-12-12 07:02:52 [tracker] [s4] note-start t=3.252 fret=9 midi=64 vel=0.13 env=0.01047
2025-12-12 07:02:52 [tracker] [s2] release-retrigger t=3.297 onset=0.688 gate=0.000 age=0.059
2025-12-12 07:02:52 [tracker] [s2] note-ended t=3.297 fret=7 dur=0.059
2025-12-12 07:02:52 [tracker] [s1] aubio-raw t=3.3267 onset=0.979087 env=0.000467 peak=0.000968 gain=1.000
2025-12-12 07:02:52 [tracker] [s1] onset-below-env-floor t=3.3267 env=0.000467 gate=0.000040 envDelta=0.000427 envFloor=0.000572 onset=0.979087 thresh=0.006000 onsetDelta=0.973087 baseline=0.000720 floor=0.000180 adapt=0.000953 lastPeak=0.000000 baseParam=0.000180 gateRatio=0.0550 envParam=0.000450 onsetScale=0.300 retriggerScale=1.400 guard=0.060 guardRemain=0.000 activeAge=-1.000 retrigRemain=0.000 pitchHz=123.82 pitchCents=704.9
2025-12-12 07:02:53 [tracker] [s3] onset t=3.329 env=0.00808 gate=0.00041 envDelta=0.00767 envFloor=0.00509 onset=1.108 thresh=0.012 onsetDelta=1.09664 baseline=0.00312 adaptive=0.00848 lastPeak=0.00765 guard=0.060 activeAge=0.125 pitch=249.68Hz pitchCents=919.1
2025-12-12 07:02:53 [tracker] [s3] note-ended (new onset) t=3.329 fret=9 dur=0.125
2025-12-12 07:02:53 [tracker] [s3] note-start t=3.329 fret=9 midi=59 vel=0.10 env=0.00808
2025-12-12 07:02:53 [tracker] [s4] release-retrigger t=3.359 onset=1.253 gate=0.002 age=0.107
2025-12-12 07:02:53 [tracker] [s4] note-ended t=3.359 fret=9 dur=0.107
2025-12-12 07:02:53 [tracker] [s3] release-retrigger t=3.388 onset=0.571 gate=0.001 age=0.059
2025-12-12 07:02:53 [tracker] [s3] note-ended t=3.388 fret=9 dur=0.059
2025-12-12 07:02:53 [tracker] [s1] aubio-raw t=3.4280 onset=1.037606 env=0.000022 peak=0.000053 gain=1.000
2025-12-12 07:02:53 [tracker] [s1] onset-below-gate t=3.4280 env=0.000022 gate=0.000023 envDelta=-0.000001 envFloor=0.000450 onset=1.037606 thresh=0.006000 onsetDelta=1.031606 baseline=0.000422 floor=0.000180 adapt=0.000469 lastPeak=0.000000 baseParam=0.000180 gateRatio=0.0550 envParam=0.000450 onsetScale=0.300 retriggerScale=1.400 guard=0.060 guardRemain=0.000 activeAge=-1.000 retrigRemain=0.000 pitchHz=-1.00 pitchCents=0.0
2025-12-12 07:02:53 [tracker] [s1] aubio-raw t=3.4920 onset=1.000119 env=0.000024 peak=0.000058 gain=1.000
2025-12-12 07:02:53 [tracker] [s1] onset-below-env-floor t=3.4920 env=0.000024 gate=0.000012 envDelta=0.000012 envFloor=0.000450 onset=1.000119 thresh=0.006000 onsetDelta=0.994119 baseline=0.000218 floor=0.000180 adapt=0.000242 lastPeak=0.000000 baseParam=0.000180 gateRatio=0.0550 envParam=0.000450 onsetScale=0.300 retriggerScale=1.400 guard=0.060 guardRemain=0.000 activeAge=-1.000 retrigRemain=0.000 pitchHz=-1.00 pitchCents=0.0
2025-12-12 07:02:53 [tracker] [s1] aubio-raw t=4.1054 onset=0.997344 env=0.000019 peak=0.000056 gain=1.000
2025-12-12 07:02:53 [tracker] [s1] onset-below-env-floor t=4.1054 env=0.000019 gate=0.000010 envDelta=0.000009 envFloor=0.000450 onset=0.997344 thresh=0.006000 onsetDelta=0.991344 baseline=0.000180 floor=0.000180 adapt=0.000032 lastPeak=0.000000 baseParam=0.000180 gateRatio=0.0550 envParam=0.000450 onsetScale=0.300 retriggerScale=1.400 guard=0.060 guardRemain=0.000 activeAge=-1.000 retrigRemain=0.000 pitchHz=-1.00 pitchCents=0.0
2025-12-12 07:02:53 [tracker] [s1] aubio-raw t=4.2547 onset=1.340914 env=0.000168 peak=0.000385 gain=1.000
2025-12-12 07:02:53 [tracker] [s1] onset-below-env-floor t=4.2547 env=0.000168 gate=0.000010 envDelta=0.000158 envFloor=0.000450 onset=1.340914 thresh=0.006000 onsetDelta=1.334913 baseline=0.000180 floor=0.000180 adapt=0.000099 lastPeak=0.000000 baseParam=0.000180 gateRatio=0.0550 envParam=0.000450 onsetScale=0.300 retriggerScale=1.400 guard=0.060 guardRemain=0.000 activeAge=-1.000 retrigRemain=0.000 pitchHz=-1.00 pitchCents=0.0
2025-12-12 07:02:53 [tracker] [s1] aubio-raw t=4.3134 onset=0.751133 env=0.000300 peak=0.000594 gain=1.000
2025-12-12 07:02:53 [tracker] [s1] onset-below-env-floor t=4.3134 env=0.000300 gate=0.000015 envDelta=0.000285 envFloor=0.000450 onset=0.751133 thresh=0.006000 onsetDelta=0.745133 baseline=0.000272 floor=0.000180 adapt=0.000302 lastPeak=0.000000 baseParam=0.000180 gateRatio=0.0550 envParam=0.000450 onsetScale=0.300 retriggerScale=1.400 guard=0.060 guardRemain=0.000 activeAge=-1.000 retrigRemain=0.000 pitchHz=145.76 pitchCents=987.3
2025-12-12 07:02:53 [tracker] [s3] onset t=4.321 env=0.02882 gate=0.00015 envDelta=0.02867 envFloor=0.00237 onset=0.630 thresh=0.012 onsetDelta=0.61872 baseline=0.00113 adaptive=0.01428 lastPeak=0.00125 guard=0.060 activeAge=-1.000 pitch=763.25Hz pitchCents=2853.6
2025-12-12 07:02:53 [tracker] [s3] note-start t=4.321 fret=24 midi=74 vel=0.35 env=0.02882
2025-12-12 07:02:53 [tracker] [s4] onset t=4.327 env=0.02635 gate=0.00022 envDelta=0.02613 envFloor=0.00269 onset=1.428 thresh=0.014 onsetDelta=1.41408 baseline=0.00128 adaptive=0.01467 lastPeak=0.00139 guard=0.060 activeAge=-1.000 pitch=-1.00Hz pitchCents=0.0
2025-12-12 07:02:53 [tracker] [s5] onset t=4.332 env=0.00846 gate=0.00031 envDelta=0.00815 envFloor=0.00311 onset=1.474 thresh=0.016 onsetDelta=1.45761 baseline=0.00148 adaptive=0.00623 lastPeak=0.00000 guard=0.060 activeAge=-1.000 pitch=1447.13Hz pitchCents=3061.1
2025-12-12 07:02:54 [tracker] [s2] onset t=4.404 env=0.01661 gate=0.00002 envDelta=0.01660 envFloor=0.00367 onset=1.060 thresh=0.009 onsetDelta=1.05095 baseline=0.00175 adaptive=0.01392 lastPeak=0.00194 guard=0.060 activeAge=-1.000 pitch=147.49Hz pitchCents=507.7
2025-12-12 07:02:54 [tracker] [s2] note-start t=4.404 fret=5 midi=50 vel=0.20 env=0.01661
2025-12-12 07:02:54 [tracker] [s3] onset t=4.412 env=0.02204 gate=0.00041 envDelta=0.02163 envFloor=0.01215 onset=1.161 thresh=0.012 onsetDelta=1.14947 baseline=0.00312 adaptive=0.02174 lastPeak=0.02430 guard=0.060 activeAge=0.091 pitch=221.87Hz pitchCents=714.7
2025-12-12 07:02:54 [tracker] [s3] note-ended (new onset) t=4.412 fret=24 dur=0.091
2025-12-12 07:02:54 [tracker] [s3] note-start t=4.412 fret=7 midi=57 vel=0.26 env=0.02204
2025-12-12 07:02:54 [tracker] [s4] onset t=4.415 env=0.01559 gate=0.00022 envDelta=0.01537 envFloor=0.00269 onset=0.802 thresh=0.014 onsetDelta=0.78778 baseline=0.00128 adaptive=0.01932 lastPeak=0.00118 guard=0.060 activeAge=-1.000 pitch=295.45Hz pitchCents=710.5
2025-12-12 07:02:54 [tracker] [s4] note-start t=4.415 fret=7 midi=62 vel=0.19 env=0.01559
2025-12-12 07:02:54 [tracker] [s1] aubio-raw t=4.4413 onset=0.552873 env=0.000551 peak=0.000903 gain=1.000
2025-12-12 07:02:54 [tracker] [s1] onset-accepted t=4.4413 env=0.000551 gate=0.000027 envDelta=0.000524 envFloor=0.000450 onset=0.552873 thresh=0.006000 onsetDelta=0.546873 baseline=0.000490 floor=0.000180 adapt=0.000544 lastPeak=0.000000 baseParam=0.000180 gateRatio=0.0550 envParam=0.000450 onsetScale=0.300 retriggerScale=1.400 guard=0.060 guardRemain=0.000 activeAge=-1.000 retrigRemain=0.000 pitchHz=216.11 pitchCents=1669.1
2025-12-12 07:02:54 [tracker] [s1] onset t=4.441 env=0.00055 gate=0.00003 envDelta=0.00052 envFloor=0.00045 onset=0.553 thresh=0.006 onsetDelta=0.54687 baseline=0.00049 adaptive=0.00054 lastPeak=0.00000 guard=0.060 activeAge=-1.000 pitch=216.11Hz pitchCents=1669.1
2025-12-12 07:02:54 [tracker] [s1] note-start t=4.441 fret=17 midi=57 vel=0.01 env=0.00055
2025-12-12 07:02:54 [tracker] [s2] onset t=4.479 env=0.01412 gate=0.00003 envDelta=0.01409 envFloor=0.00722 onset=1.038 thresh=0.009 onsetDelta=1.02893 baseline=0.00264 adaptive=0.01226 lastPeak=0.01444 guard=0.060 activeAge=0.075 pitch=147.41Hz pitchCents=506.8
2025-12-12 07:02:54 [tracker] [s2] note-ended (new onset) t=4.479 fret=5 dur=0.075
2025-12-12 07:02:54 [tracker] [s1] aubio-raw t=4.5240 onset=0.998064 env=0.000373 peak=0.000570 gain=1.000
2025-12-12 07:02:54 [tracker] [s1] onset-below-env-floor t=4.5240 env=0.000373 gate=0.000023 envDelta=0.000350 envFloor=0.000450 onset=0.998064 thresh=0.006000 onsetDelta=0.992064 baseline=0.000425 floor=0.000180 adapt=0.000414 lastPeak=0.000472 baseParam=0.000180 gateRatio=0.0550 envParam=0.000450 onsetScale=0.300 retriggerScale=1.400 guard=0.060 guardRemain=0.000 activeAge=0.083 retrigRemain=0.137 pitchHz=115.87 pitchCents=589.9
2025-12-12 07:02:54 [tracker] [s3] onset t=4.556 env=0.01390 gate=0.00041 envDelta=0.01349 envFloor=0.00841 onset=1.211 thresh=0.012 onsetDelta=1.19917 baseline=0.00312 adaptive=0.01509 lastPeak=0.01681 guard=0.060 activeAge=0.144 pitch=221.17Hz pitchCents=709.1
2025-12-12 07:02:54 [tracker] [s3] note-ended (new onset) t=4.556 fret=7 dur=0.144
2025-12-12 07:02:54 [tracker] [s3] note-start t=4.556 fret=7 midi=57 vel=0.17 env=0.01390
2025-12-12 07:02:54 [tracker] [s2] onset t=4.567 env=0.01279 gate=0.00003 envDelta=0.01276 envFloor=0.00598 onset=0.999 thresh=0.009 onsetDelta=0.99037 baseline=0.00264 adaptive=0.01057 lastPeak=0.01197 guard=0.060 activeAge=0.088 pitch=146.93Hz pitchCents=501.2
2025-12-12 07:02:54 [tracker] [s2] note-ended (new onset) t=4.567 fret=5 dur=0.088
2025-12-12 07:02:54 [tracker] [s2] note-start t=4.567 fret=5 midi=50 vel=0.15 env=0.01279
2025-12-12 07:02:54 [tracker] [s1] aubio-raw t=4.5827 onset=0.957390 env=0.000853 peak=0.001359 gain=1.000
2025-12-12 07:02:54 [tracker] [s1] onset-accepted t=4.5827 env=0.000853 gate=0.000022 envDelta=0.000831 envFloor=0.000450 onset=0.957390 thresh=0.006000 onsetDelta=0.951390 baseline=0.000408 floor=0.000180 adapt=0.000453 lastPeak=0.000423 baseParam=0.000180 gateRatio=0.0550 envParam=0.000450 onsetScale=0.300 retriggerScale=1.400 guard=0.060 guardRemain=0.000 activeAge=0.141 retrigRemain=0.079 pitchHz=109.01 pitchCents=484.4
2025-12-12 07:02:54 [tracker] [s1] onset t=4.583 env=0.00085 gate=0.00002 envDelta=0.00083 envFloor=0.00045 onset=0.957 thresh=0.006 onsetDelta=0.95139 baseline=0.00041 adaptive=0.00045 lastPeak=0.00042 guard=0.060 activeAge=0.141 pitch=109.01Hz pitchCents=484.4
2025-12-12 07:02:54 [tracker] [s1] note-ended (new onset) t=4.583 fret=17 dur=0.141
2025-12-12 07:02:54 [tracker] [s4] release-retrigger t=4.612 onset=1.119 gate=0.002 age=0.197
2025-12-12 07:02:54 [tracker] [s4] note-ended t=4.612 fret=7 dur=0.197
2025-12-12 07:02:54 [tracker] [s1] aubio-raw t=4.6467 onset=0.995373 env=0.000229 peak=0.000428 gain=1.000
2025-12-12 07:02:54 [tracker] [s1] onset-below-env-floor t=4.6467 env=0.000229 gate=0.000037 envDelta=0.000191 envFloor=0.000477 onset=0.995373 thresh=0.006000 onsetDelta=0.989373 baseline=0.000681 floor=0.000180 adapt=0.000527 lastPeak=0.000757 baseParam=0.000180 gateRatio=0.0550 envParam=0.000450 onsetScale=0.300 retriggerScale=1.400 guard=0.060 guardRemain=0.000 activeAge=0.064 retrigRemain=0.156 pitchHz=95.01 pitchCents=246.3
2025-12-12 07:02:54 [tracker] [s3] release-quiet t=4.689 avgEnv=0.00020 floor=0.00053 quietFrames=8
2025-12-12 07:02:54 [tracker] [s3] note-ended t=4.689 fret=7 dur=0.133
2025-12-12 07:02:54 [tracker] [s1] aubio-raw t=4.7080 onset=1.077995 env=0.000053 peak=0.000101 gain=1.000
2025-12-12 07:02:54 [tracker] [s1] onset-below-env-floor t=4.7080 env=0.000053 gate=0.000033 envDelta=0.000019 envFloor=0.000450 onset=1.077995 thresh=0.006000 onsetDelta=1.071995 baseline=0.000607 floor=0.000180 adapt=0.000328 lastPeak=0.000674 baseParam=0.000180 gateRatio=0.0550 envParam=0.000450 onsetScale=0.300 retriggerScale=1.400 guard=0.060 guardRemain=0.000 activeAge=0.125 retrigRemain=0.095 pitchHz=170.07 pitchCents=1254.3
2025-12-12 07:02:54 [tracker] [s2] release-quiet t=4.759 avgEnv=0.00006 floor=0.00015 quietFrames=8
2025-12-12 07:02:54 [tracker] [s2] note-ended t=4.759 fret=5 dur=0.192
2025-12-12 07:02:54 [tracker] [s1] aubio-raw t=4.7853 onset=1.355291 env=0.000631 peak=0.000983 gain=1.000
2025-12-12 07:02:54 [tracker] [s1] onset-accepted t=4.7853 env=0.000631 gate=0.000029 envDelta=0.000602 envFloor=0.000450 onset=1.355291 thresh=0.006000 onsetDelta=1.349291 baseline=0.000525 floor=0.000180 adapt=0.000384 lastPeak=0.000583 baseParam=0.000180 gateRatio=0.0550 envParam=0.000450 onsetScale=0.300 retriggerScale=1.400 guard=0.060 guardRemain=0.000 activeAge=0.203 retrigRemain=0.017 pitchHz=104.29 pitchCents=407.7
2025-12-12 07:02:54 [tracker] [s1] onset t=4.785 env=0.00063 gate=0.00003 envDelta=0.00060 envFloor=0.00045 onset=1.355 thresh=0.006 onsetDelta=1.34929 baseline=0.00052 adaptive=0.00038 lastPeak=0.00058 guard=0.060 activeAge=0.203 pitch=104.29Hz pitchCents=407.7
2025-12-12 07:02:54 [tracker] [s1] note-ended (new onset) t=4.785 fret=16 dur=0.203
2025-12-12 07:02:54 [tracker] [s2] onset t=4.809 env=0.00755 gate=0.00003 envDelta=0.00752 envFloor=0.00405 onset=1.205 thresh=0.009 onsetDelta=1.19570 baseline=0.00264 adaptive=0.00284 lastPeak=0.00810 guard=0.060 activeAge=-1.000 pitch=111.94Hz pitchCents=30.3
2025-12-12 07:02:54 [tracker] [s4] onset t=4.836 env=0.06169 gate=0.00065 envDelta=0.06104 envFloor=0.00806 onset=1.050 thresh=0.014 onsetDelta=1.03638 baseline=0.00384 adaptive=0.02925 lastPeak=0.00706 guard=0.060 activeAge=-1.000 pitch=-1.00Hz pitchCents=0.0
2025-12-12 07:02:54 [tracker] [s1] aubio-raw t=4.8387 onset=1.034219 env=0.001899 peak=0.002862 gain=1.000
2025-12-12 07:02:54 [tracker] [s1] onset-accepted t=4.8387 env=0.001899 gate=0.000040 envDelta=0.001860 envFloor=0.001512 onset=1.034219 thresh=0.006000 onsetDelta=1.028219 baseline=0.000720 floor=0.000180 adapt=0.003826 lastPeak=0.000527 baseParam=0.000180 gateRatio=0.0550 envParam=0.000450 onsetScale=0.300 retriggerScale=1.400 guard=0.060 guardRemain=0.000 activeAge=-1.000 retrigRemain=0.000 pitchHz=113.42 pitchCents=553.1
2025-12-12 07:02:54 [tracker] [s1] onset t=4.839 env=0.00190 gate=0.00004 envDelta=0.00186 envFloor=0.00151 onset=1.034 thresh=0.006 onsetDelta=1.02822 baseline=0.00072 adaptive=0.00383 lastPeak=0.00053 guard=0.060 activeAge=-1.000 pitch=113.42Hz pitchCents=553.1
2025-12-12 07:02:54 [tracker] [s5] onset t=4.841 env=0.00779 gate=0.00031 envDelta=0.00748 envFloor=0.00311 onset=0.881 thresh=0.016 onsetDelta=0.86492 baseline=0.00148 adaptive=0.01806 lastPeak=0.00000 guard=0.060 activeAge=-1.000 pitch=1428.73Hz pitchCents=3039.0
2025-12-12 07:02:54 [tracker] [s3] onset t=4.892 env=0.01316 gate=0.00041 envDelta=0.01275 envFloor=0.00655 onset=0.747 thresh=0.012 onsetDelta=0.73560 baseline=0.00312 adaptive=0.02032 lastPeak=0.00739 guard=0.060 activeAge=-1.000 pitch=235.51Hz pitchCents=817.9
2025-12-12 07:02:54 [tracker] [s3] note-start t=4.892 fret=8 midi=58 vel=0.16 env=0.01316
2025-12-12 07:02:54 [tracker] [s2] onset t=4.897 env=0.01427 gate=0.00003 envDelta=0.01425 envFloor=0.00554 onset=0.816 thresh=0.009 onsetDelta=0.80655 baseline=0.00264 adaptive=0.01446 lastPeak=0.00687 guard=0.060 activeAge=-1.000 pitch=155.81Hz pitchCents=602.8
2025-12-12 07:02:54 [tracker] [s2] note-start t=4.897 fret=6 midi=51 vel=0.17 env=0.01427
2025-12-12 07:02:54 [tracker] [s4] onset t=4.919 env=0.03283 gate=0.00065 envDelta=0.03217 envFloor=0.00806 onset=0.878 thresh=0.014 onsetDelta=0.86409 baseline=0.00384 adaptive=0.04150 lastPeak=0.00605 guard=0.060 activeAge=-1.000 pitch=313.36Hz pitchCents=812.4
2025-12-12 07:02:54 [tracker] [s4] note-start t=4.919 fret=8 midi=63 vel=0.39 env=0.03283
2025-12-12 07:02:54 [tracker] [s2] release-retrigger t=4.964 onset=0.965 gate=0.000 age=0.067
2025-12-12 07:02:54 [tracker] [s2] note-ended t=4.964 fret=6 dur=0.067
2025-12-12 07:02:54 [tracker] [s3] onset t=4.975 env=0.01761 gate=0.00041 envDelta=0.01721 envFloor=0.00655 onset=0.934 thresh=0.012 onsetDelta=0.92287 baseline=0.00312 adaptive=0.01765 lastPeak=0.01127 guard=0.060 activeAge=0.083 pitch=235.15Hz pitchCents=815.3
2025-12-12 07:02:54 [tracker] [s3] note-ended (new onset) t=4.975 fret=8 dur=0.083
2025-12-12 07:02:54 [tracker] [s3] note-start t=4.975 fret=8 midi=58 vel=0.21 env=0.01761
2025-12-12 07:02:54 [tracker] [s1] aubio-raw t=4.9773 onset=0.750327 env=0.000508 peak=0.000856 gain=1.000
2025-12-12 07:02:54 [tracker] [s1] onset-below-env-floor t=4.9773 env=0.000508 gate=0.000040 envDelta=0.000468 envFloor=0.000913 onset=0.750327 thresh=0.006000 onsetDelta=0.744327 baseline=0.000720 floor=0.000180 adapt=0.001522 lastPeak=0.000406 baseParam=0.000180 gateRatio=0.0550 envParam=0.000450 onsetScale=0.300 retriggerScale=1.400 guard=0.060 guardRemain=0.000 activeAge=-1.000 retrigRemain=0.000 pitchHz=114.23 pitchCents=565.4
2025-12-12 07:02:54 [tracker] [s4] release-retrigger t=4.977 onset=0.972 gate=0.002 age=0.059
2025-12-12 07:02:54 [tracker] [s4] note-ended t=4.977 fret=8 dur=0.059
2025-12-12 07:02:54 [tracker] [s3] release-retrigger t=5.025 onset=0.889 gate=0.001 age=0.051
2025-12-12 07:02:54 [tracker] [s3] note-ended t=5.025 fret=8 dur=0.051
2025-12-12 07:02:54 [tracker] [s1] aubio-raw t=5.0386 onset=0.997408 env=0.000695 peak=0.001011 gain=1.000
2025-12-12 07:02:54 [tracker] [s1] onset-accepted t=5.0386 env=0.000695 gate=0.000040 envDelta=0.000655 envFloor=0.000593 onset=0.997408 thresh=0.006000 onsetDelta=0.991408 baseline=0.000720 floor=0.000180 adapt=0.000988 lastPeak=0.000362 baseParam=0.000180 gateRatio=0.0550 envParam=0.000450 onsetScale=0.300 retriggerScale=1.400 guard=0.060 guardRemain=0.000 activeAge=-1.000 retrigRemain=0.000 pitchHz=166.86 pitchCents=1221.4
2025-12-12 07:02:54 [tracker] [s1] onset t=5.039 env=0.00069 gate=0.00004 envDelta=0.00065 envFloor=0.00059 onset=0.997 thresh=0.006 onsetDelta=0.99141 baseline=0.00072 adaptive=0.00099 lastPeak=0.00036 guard=0.060 activeAge=-1.000 pitch=166.86Hz pitchCents=1221.4
2025-12-12 07:02:54 [tracker] [s1] aubio-raw t=5.1666 onset=0.991216 env=0.000031 peak=0.000081 gain=1.000
2025-12-12 07:02:54 [tracker] [s1] onset-below-env-floor t=5.1666 env=0.000031 gate=0.000017 envDelta=0.000014 envFloor=0.000450 onset=0.991216 thresh=0.006000 onsetDelta=0.985216 baseline=0.000310 floor=0.000180 adapt=0.000345 lastPeak=0.000285 baseParam=0.000180 gateRatio=0.0550 envParam=0.000450 onsetScale=0.300 retriggerScale=1.400 guard=0.060 guardRemain=0.000 activeAge=-1.000 retrigRemain=0.000 pitchHz=-1.00 pitchCents=0.0
2025-12-12 07:02:54 [tracker] [s1] aubio-raw t=5.2253 onset=0.969135 env=0.000024 peak=0.000049 gain=1.000
2025-12-12 07:02:54 [tracker] [s1] onset-below-env-floor t=5.2253 env=0.000024 gate=0.000013 envDelta=0.000012 envFloor=0.000450 onset=0.969135 thresh=0.006000 onsetDelta=0.963135 baseline=0.000230 floor=0.000180 adapt=0.000194 lastPeak=0.000255 baseParam=0.000180 gateRatio=0.0550 envParam=0.000450 onsetScale=0.300 retriggerScale=1.400 guard=0.060 guardRemain=0.000 activeAge=-1.000 retrigRemain=0.000 pitchHz=-1.00 pitchCents=0.0
2025-12-12 07:02:54 [tracker] [s1] aubio-raw t=5.3080 onset=1.080633 env=0.002111 peak=0.002909 gain=1.000
2025-12-12 07:02:54 [tracker] [s1] onset-accepted t=5.3080 env=0.002111 gate=0.000040 envDelta=0.002071 envFloor=0.000740 onset=1.080633 thresh=0.006000 onsetDelta=1.074633 baseline=0.000720 floor=0.000180 adapt=0.001234 lastPeak=0.000218 baseParam=0.000180 gateRatio=0.0550 envParam=0.000450 onsetScale=0.300 retriggerScale=1.400 guard=0.060 guardRemain=0.000 activeAge=-1.000 retrigRemain=0.000 pitchHz=-1.00 pitchCents=0.0
2025-12-12 07:02:54 [tracker] [s1] onset t=5.308 env=0.00211 gate=0.00004 envDelta=0.00207 envFloor=0.00074 onset=1.081 thresh=0.006 onsetDelta=1.07463 baseline=0.00072 adaptive=0.00123 lastPeak=0.00022 guard=0.060 activeAge=-1.000 pitch=-1.00Hz pitchCents=0.0
2025-12-12 07:02:55 [tracker] [s3] onset t=5.353 env=0.03050 gate=0.00041 envDelta=0.03009 envFloor=0.00655 onset=0.834 thresh=0.012 onsetDelta=0.82256 baseline=0.00312 adaptive=0.01574 lastPeak=0.00864 guard=0.060 activeAge=-1.000 pitch=752.80Hz pitchCents=2829.7
2025-12-12 07:02:55 [tracker] [s3] note-start t=5.353 fret=24 midi=74 vel=0.37 env=0.03050
2025-12-12 07:02:55 [tracker] [s4] onset t=5.359 env=0.01546 gate=0.00065 envDelta=0.01481 envFloor=0.00718 onset=1.087 thresh=0.014 onsetDelta=1.07262 baseline=0.00384 adaptive=0.01129 lastPeak=0.01436 guard=0.060 activeAge=-1.000 pitch=1046.04Hz pitchCents=2899.2
2025-12-12 07:02:55 [tracker] [s3] onset t=5.423 env=0.01898 gate=0.00041 envDelta=0.01857 envFloor=0.01339 onset=0.553 thresh=0.012 onsetDelta=0.54122 baseline=0.00312 adaptive=0.02558 lastPeak=0.02677 guard=0.060 activeAge=0.069 pitch=249.99Hz pitchCents=921.3
2025-12-12 07:02:55 [tracker] [s3] note-ended (new onset) t=5.423 fret=24 dur=0.069
2025-12-12 07:02:55 [tracker] [s3] note-start t=5.423 fret=9 midi=59 vel=0.23 env=0.01898
2025-12-12 07:02:55 [tracker] [s2] onset t=5.433 env=0.02423 gate=0.00003 envDelta=0.02421 envFloor=0.00554 onset=1.221 thresh=0.009 onsetDelta=1.21159 baseline=0.00264 adaptive=0.02314 lastPeak=0.00521 guard=0.060 activeAge=-1.000 pitch=165.22Hz pitchCents=704.2
2025-12-12 07:02:55 [tracker] [s2] note-start t=5.433 fret=7 midi=52 vel=0.29 env=0.02423
2025-12-12 07:02:55 [tracker] [s1] aubio-raw t=5.4813 onset=1.006081 env=0.000677 peak=0.000987 gain=1.000
2025-12-12 07:02:55 [tracker] [s1] onset-accepted t=5.4813 env=0.000677 gate=0.000034 envDelta=0.000643 envFloor=0.000450 onset=1.006081 thresh=0.006000 onsetDelta=1.000081 baseline=0.000622 floor=0.000180 adapt=0.000691 lastPeak=0.000158 baseParam=0.000180 gateRatio=0.0550 envParam=0.000450 onsetScale=0.300 retriggerScale=1.400 guard=0.060 guardRemain=0.000 activeAge=-1.000 retrigRemain=0.000 pitchHz=251.23 pitchCents=1929.8
2025-12-12 07:02:55 [tracker] [s1] onset t=5.481 env=0.00068 gate=0.00003 envDelta=0.00064 envFloor=0.00045 onset=1.006 thresh=0.006 onsetDelta=1.00008 baseline=0.00062 adaptive=0.00069 lastPeak=0.00016 guard=0.060 activeAge=-1.000 pitch=251.23Hz pitchCents=1929.8
2025-12-12 07:02:55 [tracker] [s1] note-start t=5.481 fret=19 midi=59 vel=0.01 env=0.00068
2025-12-12 07:02:55 [tracker] [s3] onset t=5.492 env=0.01778 gate=0.00041 envDelta=0.01737 envFloor=0.00833 onset=0.902 thresh=0.012 onsetDelta=0.89088 baseline=0.00312 adaptive=0.02383 lastPeak=0.01666 guard=0.060 activeAge=0.069 pitch=249.93Hz pitchCents=920.8
2025-12-12 07:02:55 [tracker] [s3] note-ended (new onset) t=5.492 fret=9 dur=0.069
2025-12-12 07:02:55 [tracker] [s2] onset t=5.527 env=0.01993 gate=0.00003 envDelta=0.01990 envFloor=0.01017 onset=0.598 thresh=0.009 onsetDelta=0.58888 baseline=0.00264 adaptive=0.02090 lastPeak=0.02033 guard=0.060 activeAge=0.093 pitch=164.94Hz pitchCents=701.3
2025-12-12 07:02:55 [tracker] [s2] note-ended (new onset) t=5.527 fret=7 dur=0.093
2025-12-12 07:02:55 [tracker] [s2] note-start t=5.527 fret=7 midi=52 vel=0.24 env=0.01993
2025-12-12 07:02:55 [tracker] [s2] release-retrigger t=5.580 onset=1.032 gate=0.000 age=0.053
2025-12-12 07:02:55 [tracker] [s2] note-ended t=5.580 fret=7 dur=0.053
2025-12-12 07:02:55 [tracker] [s3] onset t=5.583 env=0.01754 gate=0.00041 envDelta=0.01714 envFloor=0.00750 onset=1.318 thresh=0.012 onsetDelta=1.30672 baseline=0.00312 adaptive=0.02066 lastPeak=0.01499 guard=0.060 activeAge=0.091 pitch=249.73Hz pitchCents=919.4
2025-12-12 07:02:55 [tracker] [s3] note-ended (new onset) t=5.583 fret=9 dur=0.091
2025-12-12 07:02:55 [tracker] [s3] note-start t=5.583 fret=9 midi=59 vel=0.21 env=0.01754
2025-12-12 07:02:55 [tracker] [s1] aubio-raw t=5.6066 onset=0.994245 env=0.000764 peak=0.001191 gain=1.000
2025-12-12 07:02:55 [tracker] [s1] onset-accepted t=5.6066 env=0.000764 gate=0.000033 envDelta=0.000731 envFloor=0.000450 onset=0.994245 thresh=0.006000 onsetDelta=0.988245 baseline=0.000597 floor=0.000180 adapt=0.000664 lastPeak=0.000535 baseParam=0.000180 gateRatio=0.0550 envParam=0.000450 onsetScale=0.300 retriggerScale=1.400 guard=0.060 guardRemain=0.000 activeAge=0.125 retrigRemain=0.095 pitchHz=250.25 pitchCents=1923.1
2025-12-12 07:02:55 [tracker] [s1] onset t=5.607 env=0.00076 gate=0.00003 envDelta=0.00073 envFloor=0.00045 onset=0.994 thresh=0.006 onsetDelta=0.98825 baseline=0.00060 adaptive=0.00066 lastPeak=0.00053 guard=0.060 activeAge=0.125 pitch=250.25Hz pitchCents=1923.1
2025-12-12 07:02:55 [tracker] [s1] note-ended (new onset) t=5.607 fret=19 dur=0.125
2025-12-12 07:02:55 [tracker] [s1] note-start t=5.607 fret=19 midi=59 vel=0.01 env=0.00076
2025-12-12 07:02:55 [tracker] [s3] onset t=5.719 env=0.01448 gate=0.00041 envDelta=0.01407 envFloor=0.00679 onset=0.964 thresh=0.012 onsetDelta=0.95203 baseline=0.00312 adaptive=0.01670 lastPeak=0.01359 guard=0.060 activeAge=0.136 pitch=249.86Hz pitchCents=920.4
2025-12-12 07:02:55 [tracker] [s3] note-ended (new onset) t=5.719 fret=9 dur=0.136
2025-12-12 07:02:55 [tracker] [s3] note-start t=5.719 fret=9 midi=59 vel=0.17 env=0.01448
2025-12-12 07:02:55 [tracker] [s3] release-retrigger t=5.777 onset=0.790 gate=0.001 age=0.059
2025-12-12 07:02:55 [tracker] [s3] note-ended t=5.777 fret=9 dur=0.059
2025-12-12 07:02:55 [tracker] [s4] onset t=5.788 env=0.00486 gate=0.00065 envDelta=0.00420 envFloor=0.00370 onset=0.663 thresh=0.014 onsetDelta=0.64877 baseline=0.00384 adaptive=0.00617 lastPeak=0.00641 guard=0.060 activeAge=-1.000 pitch=331.68Hz pitchCents=910.7
2025-12-12 07:02:55 [tracker] [s4] note-start t=5.788 fret=9 midi=64 vel=0.06 env=0.00486
2025-12-12 07:02:55 [tracker] [s1] aubio-raw t=5.7933 onset=0.588475 env=0.000657 peak=0.000992 gain=1.000
2025-12-12 07:02:55 [tracker] [s1] onset-accepted t=5.7933 env=0.000657 gate=0.000031 envDelta=0.000626 envFloor=0.000450 onset=0.588475 thresh=0.006000 onsetDelta=0.582475 baseline=0.000567 floor=0.000180 adapt=0.000630 lastPeak=0.000538 baseParam=0.000180 gateRatio=0.0550 envParam=0.000450 onsetScale=0.300 retriggerScale=1.400 guard=0.060 guardRemain=0.000 activeAge=0.187 retrigRemain=0.033 pitchHz=249.29 pitchCents=1916.4
2025-12-12 07:02:55 [tracker] [s1] onset t=5.793 env=0.00066 gate=0.00003 envDelta=0.00063 envFloor=0.00045 onset=0.588 thresh=0.006 onsetDelta=0.58248 baseline=0.00057 adaptive=0.00063 lastPeak=0.00054 guard=0.060 activeAge=0.187 pitch=249.29Hz pitchCents=1916.4
2025-12-12 07:02:55 [tracker] [s1] note-ended (new onset) t=5.793 fret=19 dur=0.187
2025-12-12 07:02:55 [tracker] [s1] note-start t=5.793 fret=19 midi=59 vel=0.01 env=0.00066
2025-12-12 07:02:55 [tracker] [s1] aubio-raw t=5.8439 onset=1.257030 env=0.000350 peak=0.000748 gain=1.000
2025-12-12 07:02:55 [tracker] [s1] onset-below-env-floor t=5.8439 env=0.000350 gate=0.000030 envDelta=0.000321 envFloor=0.000450 onset=1.257030 thresh=0.006000 onsetDelta=1.251030 baseline=0.000537 floor=0.000180 adapt=0.000514 lastPeak=0.000597 baseParam=0.000180 gateRatio=0.0550 envParam=0.000450 onsetScale=0.300 retriggerScale=1.400 guard=0.060 guardRemain=0.009 activeAge=0.051 retrigRemain=0.169 pitchHz=111.22 pitchCents=519.1
2025-12-12 07:02:55 [tracker] [s4] release-retrigger t=5.847 onset=0.623 gate=0.002 age=0.059
2025-12-12 07:02:55 [tracker] [s4] note-ended t=5.847 fret=9 dur=0.059
2025-12-12 07:02:55 [tracker] [s1] aubio-raw t=5.9159 onset=1.102275 env=0.000268 peak=0.000475 gain=1.000
2025-12-12 07:02:55 [tracker] [s1] onset-below-env-floor t=5.9159 env=0.000268 gate=0.000026 envDelta=0.000242 envFloor=0.000450 onset=1.102275 thresh=0.006000 onsetDelta=1.096275 baseline=0.000469 floor=0.000180 adapt=0.000426 lastPeak=0.000522 baseParam=0.000180 gateRatio=0.0550 envParam=0.000450 onsetScale=0.300 retriggerScale=1.400 guard=0.060 guardRemain=0.000 activeAge=0.123 retrigRemain=0.097 pitchHz=99.19 pitchCents=320.9
2025-12-12 07:02:55 [tracker] [s1] aubio-raw t=5.9986 onset=0.992083 env=0.000130 peak=0.000250 gain=1.000
2025-12-12 07:02:55 [tracker] [s1] onset-below-env-floor t=5.9986 env=0.000130 gate=0.000022 envDelta=0.000107 envFloor=0.000450 onset=0.992083 thresh=0.006000 onsetDelta=0.986083 baseline=0.000402 floor=0.000180 adapt=0.000351 lastPeak=0.000447 baseParam=0.000180 gateRatio=0.0550 envParam=0.000450 onsetScale=0.300 retriggerScale=1.400 guard=0.060 guardRemain=0.000 activeAge=0.205 retrigRemain=0.015 pitchHz=93.93 pitchCents=226.6
2025-12-12 07:02:55 [tracker] [s1] release-quiet t=6.033 avgEnv=0.00015 floor=0.00026 quietFrames=8
2025-12-12 07:02:55 [tracker] [s1] note-ended t=6.033 fret=19 dur=0.240
2025-12-12 07:02:56 [tracker] [s1] aubio-raw t=6.9105 onset=0.991145 env=0.000030 peak=0.000064 gain=1.000
2025-12-12 07:02:56 [tracker] [s1] onset-below-env-floor t=6.9105 env=0.000030 gate=0.000010 envDelta=0.000020 envFloor=0.000450 onset=0.991145 thresh=0.006000 onsetDelta=0.985145 baseline=0.000180 floor=0.000180 adapt=0.000032 lastPeak=0.000080 baseParam=0.000180 gateRatio=0.0550 envParam=0.000450 onsetScale=0.300 retriggerScale=1.400 guard=0.060 guardRemain=0.000 activeAge=-1.000 retrigRemain=0.000 pitchHz=-1.00 pitchCents=0.0
2025-12-12 07:02:56 [tracker] [s1] aubio-raw t=7.0492 onset=0.996708 env=0.000027 peak=0.000075 gain=1.000
2025-12-12 07:02:56 [tracker] [s1] onset-below-env-floor t=7.0492 env=0.000027 gate=0.000010 envDelta=0.000018 envFloor=0.000450 onset=0.996708 thresh=0.006000 onsetDelta=0.990708 baseline=0.000180 floor=0.000180 adapt=0.000030 lastPeak=0.000062 baseParam=0.000180 gateRatio=0.0550 envParam=0.000450 onsetScale=0.300 retriggerScale=1.400 guard=0.060 guardRemain=0.000 activeAge=-1.000 retrigRemain=0.000 pitchHz=-1.00 pitchCents=0.0
2025-12-12 07:02:56 [tracker] [s1] aubio-raw t=7.1185 onset=0.828084 env=0.000026 peak=0.000060 gain=1.000
2025-12-12 07:02:56 [tracker] [s1] onset-below-env-floor t=7.1185 env=0.000026 gate=0.000010 envDelta=0.000016 envFloor=0.000450 onset=0.828084 thresh=0.006000 onsetDelta=0.822084 baseline=0.000180 floor=0.000180 adapt=0.000037 lastPeak=0.000054 baseParam=0.000180 gateRatio=0.0550 envParam=0.000450 onsetScale=0.300 retriggerScale=1.400 guard=0.060 guardRemain=0.000 activeAge=-1.000 retrigRemain=0.000 pitchHz=-1.00 pitchCents=0.0
2025-12-12 07:03:03 [sessionwavs] wrote 6 wav files to /home/general/SignalAssistant/logs/sessionwavs/session-20251212-070246 (shutdown)
# Session closed at 2025-12-12 07:03:03
