# SignalAssistant session log
# Started at 2025-12-16 05:22:56
2025-12-16 05:22:56 [session] mode=live session='' path='' duration=0.00 files=0
2025-12-16 05:22:56 [tracker-settings] TrackerConfig onsetThreshold=0.02000 minNoteDurSec=0.045 hopSec=0.010 slideDelta=120.0 bendDelta=35.0
2025-12-16 05:22:56 [tracker-settings] string1 midi=40 lowCut=37.08Hz highCut=445.00Hz baseline=0.000180 gateRatio=0.05500 envFloor=0.000450 sustainScale=0.580 retriggerScale=1.400 peakRelease=0.120 pitchTol=0.400 onsetScale=0.006
2025-12-16 05:22:56 [tracker-settings] string2 midi=45 lowCut=55.00Hz highCut=563.20Hz baseline=0.000220 gateRatio=0.10000 envFloor=0.000550 sustainScale=0.700 retriggerScale=1.250 peakRelease=0.130 pitchTol=0.400 onsetScale=0.009
2025-12-16 05:22:56 [tracker-settings] string3 midi=50 lowCut=85.16Hz highCut=693.05Hz baseline=0.000260 gateRatio=0.13000 envFloor=0.000650 sustainScale=0.820 retriggerScale=1.100 peakRelease=0.140 pitchTol=0.450 onsetScale=0.012
2025-12-16 05:22:56 [tracker-settings] string4 midi=55 lowCut=127.40Hz highCut=862.39Hz baseline=0.000320 gateRatio=0.17000 envFloor=0.000780 sustainScale=1.000 retriggerScale=1.000 peakRelease=0.160 pitchTol=0.440 onsetScale=0.014
2025-12-16 05:22:56 [tracker-settings] string5 midi=59 lowCut=160.51Hz highCut=1086.54Hz baseline=0.000370 gateRatio=0.21000 envFloor=0.000900 sustainScale=1.000 retriggerScale=1.000 peakRelease=0.180 pitchTol=0.500 onsetScale=0.016
2025-12-16 05:22:56 [tracker-settings] string6 midi=64 lowCut=214.26Hz highCut=1450.36Hz baseline=0.000420 gateRatio=0.25000 envFloor=0.001050 sustainScale=1.000 retriggerScale=1.000 peakRelease=0.200 pitchTol=0.550 onsetScale=0.018
2025-12-16 05:22:56 [tracker] [s1] calibration reset target=0.00180 gain=1.000
2025-12-16 05:22:56 [tracker] [s2] calibration reset target=0.00180 gain=1.000
2025-12-16 05:22:56 [tracker] [s3] calibration reset target=0.00180 gain=1.000
2025-12-16 05:22:56 [tracker] [s4] calibration reset target=0.00180 gain=1.000
2025-12-16 05:22:56 [tracker] [s5] calibration reset target=0.00180 gain=1.000
2025-12-16 05:22:56 [tracker] [s6] calibration reset target=0.00180 gain=1.000
2025-12-16 05:22:56 [calibration] Loading calibration profile multipliers into parameters
2025-12-16 05:22:56 [calibration] String 1: setting multiplier to 6.317
2025-12-16 05:22:56 [calibration] String 2: setting multiplier to 8.000
2025-12-16 05:22:56 [calibration] String 3: setting multiplier to 8.000
2025-12-16 05:22:56 [calibration] String 4: setting multiplier to 8.000
2025-12-16 05:22:56 [calibration] String 5: setting multiplier to 8.000
2025-12-16 05:22:56 [calibration] String 6: setting multiplier to 8.000
2025-12-16 05:22:56 [tracker] [s1] calibration avg=0.03970 target=0.00180 gain=1.000
2025-12-16 05:22:56 [tracker] [s2] calibration avg=0.01940 target=0.00180 gain=1.000
2025-12-16 05:22:56 [tracker] [s3] calibration avg=0.01411 target=0.00180 gain=1.000
2025-12-16 05:22:56 [tracker] [s4] calibration avg=0.03018 target=0.00180 gain=1.000
2025-12-16 05:22:56 [tracker] [s5] calibration avg=0.02970 target=0.00180 gain=1.000
2025-12-16 05:22:56 [tracker] [s6] calibration avg=0.02331 target=0.00180 gain=1.000
2025-12-16 05:22:56 [tracker] [s1] configure sr=48000.0 hop=128 fft=1024 low=37.1 high=445.0
2025-12-16 05:22:56 [tracker] [s1] params baseline=0.000180 gate=0.0550 envFloor=0.000450 sustain=0.580 retrigger=1.400 peakRelease=0.120 pitchTol=0.400 onsetScale=0.006 aubioScale=1.20 aubioThresh=0.024 onsetSilence=-85.0 pitchSilence=-90.0
2025-12-16 05:22:56 [tracker] [s2] configure sr=48000.0 hop=128 fft=1024 low=55.0 high=563.2
2025-12-16 05:22:56 [tracker] [s2] params baseline=0.000220 gate=0.0100 envFloor=0.000100 sustain=1.500 retrigger=1.250 peakRelease=0.130 pitchTol=0.400 onsetScale=0.009 aubioScale=1.35 aubioThresh=0.027 onsetSilence=-85.0 pitchSilence=-90.0
2025-12-16 05:22:56 [tracker] [s3] configure sr=48000.0 hop=128 fft=1024 low=85.2 high=693.0
2025-12-16 05:22:56 [tracker] [s3] params baseline=0.000260 gate=0.1300 envFloor=0.000650 sustain=0.820 retrigger=1.100 peakRelease=0.140 pitchTol=0.450 onsetScale=0.012 aubioScale=1.60 aubioThresh=0.032 onsetSilence=-75.0 pitchSilence=-80.0
2025-12-16 05:22:56 [tracker] [s4] configure sr=48000.0 hop=128 fft=1024 low=127.4 high=862.4
2025-12-16 05:22:56 [tracker] [s4] params baseline=0.000320 gate=0.1700 envFloor=0.000780 sustain=1.000 retrigger=1.000 peakRelease=0.160 pitchTol=0.440 onsetScale=0.014 aubioScale=1.80 aubioThresh=0.036 onsetSilence=-75.0 pitchSilence=-80.0
2025-12-16 05:22:56 [tracker] [s5] configure sr=48000.0 hop=128 fft=512 low=160.5 high=1086.5
2025-12-16 05:22:56 [tracker] [s5] params baseline=0.000370 gate=0.2100 envFloor=0.000900 sustain=1.000 retrigger=1.000 peakRelease=0.180 pitchTol=0.500 onsetScale=0.016 aubioScale=1.80 aubioThresh=0.036 onsetSilence=-75.0 pitchSilence=-80.0
2025-12-16 05:22:56 [tracker] [s6] configure sr=48000.0 hop=128 fft=512 low=214.3 high=1450.4
2025-12-16 05:22:56 [tracker] [s6] params baseline=0.000420 gate=0.2500 envFloor=0.001050 sustain=1.000 retrigger=1.000 peakRelease=0.200 pitchTol=0.550 onsetScale=0.018 aubioScale=1.80 aubioThresh=0.036 onsetSilence=-75.0 pitchSilence=-80.0
2025-12-16 05:22:56 [tracker] [s1] aubio-raw t=0.0147 onset=4.000000 env=0.000662 peak=0.001905 gain=1.000
2025-12-16 05:22:56 [tracker] [s1] onset-accepted t=0.0147 env=0.000662 gate=0.000022 envDelta=0.000640 envFloor=0.000594 onset=4.000000 thresh=0.006000 onsetDelta=3.994000 baseline=0.000396 floor=0.000180 adapt=0.000990 lastPeak=0.000000 baseParam=0.000180 gateRatio=0.0550 envParam=0.000450 onsetScale=0.300 retriggerScale=1.400 guard=0.060 guardRemain=0.000 activeAge=-1.000 retrigRemain=0.000 pitchHz=125.16 pitchCents=723.6
2025-12-16 05:22:56 [tracker] [s1] onset t=0.015 env=0.00066 gate=0.00002 envDelta=0.00064 envFloor=0.00059 onset=4.000 thresh=0.006 onsetDelta=3.99400 baseline=0.00040 adaptive=0.00099 lastPeak=0.00000 guard=0.060 activeAge=-1.000 pitch=125.16Hz pitchCents=723.6
2025-12-16 05:22:56 [tracker] [s2] onset t=0.015 env=0.00120 gate=0.00000 envDelta=0.00119 envFloor=0.00062 onset=4.000 thresh=0.009 onsetDelta=3.99100 baseline=0.00041 adaptive=0.00103 lastPeak=0.00000 guard=0.060 activeAge=-1.000 pitch=125.16Hz pitchCents=223.6
2025-12-16 05:22:56 [tracker] [s3] onset t=0.015 env=0.00113 gate=0.00005 envDelta=0.00108 envFloor=0.00065 onset=4.000 thresh=0.012 onsetDelta=3.98840 baseline=0.00041 adaptive=0.00102 lastPeak=0.00000 guard=0.060 activeAge=-1.000 pitch=125.16Hz pitchCents=-276.4
2025-12-16 05:22:56 [tracker] [s4] onset t=0.015 env=0.00138 gate=0.00007 envDelta=0.00131 envFloor=0.00078 onset=4.000 thresh=0.014 onsetDelta=3.98600 baseline=0.00042 adaptive=0.00106 lastPeak=0.00000 guard=0.060 activeAge=-1.000 pitch=125.16Hz pitchCents=-776.4
2025-12-16 05:22:56 [tracker] [s5] onset t=0.015 env=0.00157 gate=0.00009 envDelta=0.00148 envFloor=0.00090 onset=4.000 thresh=0.016 onsetDelta=3.98400 baseline=0.00043 adaptive=0.00109 lastPeak=0.00000 guard=0.060 activeAge=-1.000 pitch=376.47Hz pitchCents=730.0
2025-12-16 05:22:56 [tracker] [s6] onset t=0.015 env=0.00154 gate=0.00011 envDelta=0.00143 envFloor=0.00105 onset=4.000 thresh=0.018 onsetDelta=3.98200 baseline=0.00043 adaptive=0.00108 lastPeak=0.00000 guard=0.060 activeAge=-1.000 pitch=376.47Hz pitchCents=230.0
2025-12-16 05:22:56 [tracker] [s1] aubio-raw t=0.1400 onset=0.999027 env=0.002836 peak=0.006696 gain=1.000
2025-12-16 05:22:56 [tracker] [s1] onset-accepted t=0.1400 env=0.002836 gate=0.000040 envDelta=0.002796 envFloor=0.001512 onset=0.999027 thresh=0.006000 onsetDelta=0.993028 baseline=0.000720 floor=0.000180 adapt=0.003714 lastPeak=0.000000 baseParam=0.000180 gateRatio=0.0550 envParam=0.000450 onsetScale=0.300 retriggerScale=1.400 guard=0.060 guardRemain=0.000 activeAge=-1.000 retrigRemain=0.000 pitchHz=-1.00 pitchCents=0.0
2025-12-16 05:22:56 [tracker] [s1] onset t=0.140 env=0.00284 gate=0.00004 envDelta=0.00280 envFloor=0.00151 onset=0.999 thresh=0.006 onsetDelta=0.99303 baseline=0.00072 adaptive=0.00371 lastPeak=0.00000 guard=0.060 activeAge=-1.000 pitch=-1.00Hz pitchCents=0.0
2025-12-16 05:22:56 [tracker] [s3] onset t=0.199 env=0.00161 gate=0.00008 envDelta=0.00153 envFloor=0.00097 onset=0.958 thresh=0.012 onsetDelta=0.94644 baseline=0.00065 adaptive=0.00162 lastPeak=0.00000 guard=0.060 activeAge=-1.000 pitch=-1.00Hz pitchCents=0.0
2025-12-16 05:22:56 [tracker] [s6] onset t=0.199 env=0.00309 gate=0.00041 envDelta=0.00267 envFloor=0.00247 onset=0.611 thresh=0.018 onsetDelta=0.59333 baseline=0.00165 adaptive=0.00412 lastPeak=0.00000 guard=0.060 activeAge=-1.000 pitch=-1.00Hz pitchCents=0.0
2025-12-16 05:22:57 [tracker] [s4] onset t=0.281 env=0.00429 gate=0.00020 envDelta=0.00410 envFloor=0.00173 onset=1.235 thresh=0.014 onsetDelta=1.22051 baseline=0.00115 adaptive=0.00288 lastPeak=0.00000 guard=0.060 activeAge=-1.000 pitch=-1.00Hz pitchCents=0.0
2025-12-16 05:22:57 [tracker] [s6] onset t=0.345 env=0.00439 gate=0.00042 envDelta=0.00397 envFloor=0.00353 onset=0.994 thresh=0.018 onsetDelta=0.97605 baseline=0.00168 adaptive=0.00845 lastPeak=0.00000 guard=0.060 activeAge=-1.000 pitch=570.61Hz pitchCents=950.0
2025-12-16 05:22:57 [tracker] [s4] onset t=0.361 env=0.00203 gate=0.00020 envDelta=0.00183 envFloor=0.00175 onset=0.622 thresh=0.014 onsetDelta=0.60843 baseline=0.00117 adaptive=0.00292 lastPeak=0.00000 guard=0.060 activeAge=-1.000 pitch=-1.00Hz pitchCents=0.0
2025-12-16 05:22:57 [tracker] [s5] onset t=0.412 env=0.00169 gate=0.00017 envDelta=0.00152 envFloor=0.00121 onset=1.148 thresh=0.016 onsetDelta=1.13153 baseline=0.00080 adaptive=0.00201 lastPeak=0.00000 guard=0.060 activeAge=-1.000 pitch=-1.00Hz pitchCents=0.0
2025-12-16 05:22:57 [tracker] [s2] onset t=0.500 env=0.00166 gate=0.00001 envDelta=0.00165 envFloor=0.00089 onset=1.225 thresh=0.009 onsetDelta=1.21643 baseline=0.00060 adaptive=0.00149 lastPeak=0.00000 guard=0.060 activeAge=-1.000 pitch=126.99Hz pitchCents=248.6
2025-12-16 05:22:57 [tracker] [s2] note-start t=0.500 fret=2 midi=47 vel=0.02 env=0.00166
2025-12-16 05:22:57 [tracker] [s6] onset t=0.527 env=0.00188 gate=0.00029 envDelta=0.00160 envFloor=0.00172 onset=1.076 thresh=0.018 onsetDelta=1.05790 baseline=0.00115 adaptive=0.00287 lastPeak=0.00000 guard=0.060 activeAge=-1.000 pitch=-1.00Hz pitchCents=0.0
2025-12-16 05:22:57 [tracker] [s4] onset t=0.580 env=0.00156 gate=0.00014 envDelta=0.00142 envFloor=0.00124 onset=0.994 thresh=0.014 onsetDelta=0.97981 baseline=0.00082 adaptive=0.00206 lastPeak=0.00000 guard=0.060 activeAge=-1.000 pitch=-1.00Hz pitchCents=0.0
2025-12-16 05:22:57 [tracker] [s2] release-retrigger t=0.591 onset=0.996 gate=0.000 age=0.091
2025-12-16 05:22:57 [tracker] [s2] note-ended t=0.591 fret=2 dur=0.091
2025-12-16 05:22:57 [tracker] [s3] onset t=0.599 env=0.00131 gate=0.00007 envDelta=0.00124 envFloor=0.00086 onset=0.995 thresh=0.012 onsetDelta=0.98354 baseline=0.00057 adaptive=0.00143 lastPeak=0.00000 guard=0.060 activeAge=-1.000 pitch=-1.00Hz pitchCents=0.0
2025-12-16 05:22:57 [tracker] [s1] aubio-raw t=0.6520 onset=1.398314 env=0.002658 peak=0.005058 gain=1.000
2025-12-16 05:22:57 [tracker] [s1] onset-accepted t=0.6520 env=0.002658 gate=0.000040 envDelta=0.002618 envFloor=0.001512 onset=1.398314 thresh=0.006000 onsetDelta=1.392314 baseline=0.000720 floor=0.000180 adapt=0.003453 lastPeak=0.000000 baseParam=0.000180 gateRatio=0.0550 envParam=0.000450 onsetScale=0.300 retriggerScale=1.400 guard=0.060 guardRemain=0.000 activeAge=-1.000 retrigRemain=0.000 pitchHz=145.27 pitchCents=981.5
2025-12-16 05:22:57 [tracker] [s1] onset t=0.652 env=0.00266 gate=0.00004 envDelta=0.00262 envFloor=0.00151 onset=1.398 thresh=0.006 onsetDelta=1.39231 baseline=0.00072 adaptive=0.00345 lastPeak=0.00000 guard=0.060 activeAge=-1.000 pitch=145.27Hz pitchCents=981.5
2025-12-16 05:22:57 [tracker] [s5] onset t=0.729 env=0.00203 gate=0.00016 envDelta=0.00187 envFloor=0.00114 onset=1.354 thresh=0.016 onsetDelta=1.33833 baseline=0.00076 adaptive=0.00189 lastPeak=0.00000 guard=0.060 activeAge=-1.000 pitch=-1.00Hz pitchCents=0.0
2025-12-16 05:22:57 [tracker] [s1] aubio-raw t=0.7480 onset=0.997808 env=0.002810 peak=0.005385 gain=1.000
2025-12-16 05:22:57 [tracker] [s1] onset-accepted t=0.7480 env=0.002810 gate=0.000040 envDelta=0.002771 envFloor=0.001512 onset=0.997808 thresh=0.006000 onsetDelta=0.991808 baseline=0.000720 floor=0.000180 adapt=0.003409 lastPeak=0.000000 baseParam=0.000180 gateRatio=0.0550 envParam=0.000450 onsetScale=0.300 retriggerScale=1.400 guard=0.060 guardRemain=0.000 activeAge=-1.000 retrigRemain=0.000 pitchHz=142.68 pitchCents=950.3
2025-12-16 05:22:57 [tracker] [s1] onset t=0.748 env=0.00281 gate=0.00004 envDelta=0.00277 envFloor=0.00151 onset=0.998 thresh=0.006 onsetDelta=0.99181 baseline=0.00072 adaptive=0.00341 lastPeak=0.00000 guard=0.060 activeAge=-1.000 pitch=142.68Hz pitchCents=950.3
2025-12-16 05:22:57 [tracker] [s6] onset t=0.871 env=0.00251 gate=0.00031 envDelta=0.00220 envFloor=0.00187 onset=1.050 thresh=0.018 onsetDelta=1.03216 baseline=0.00125 adaptive=0.00312 lastPeak=0.00000 guard=0.060 activeAge=-1.000 pitch=-1.00Hz pitchCents=0.0
2025-12-16 05:22:57 [tracker] [s5] onset t=0.916 env=0.00173 gate=0.00019 envDelta=0.00154 envFloor=0.00138 onset=0.900 thresh=0.016 onsetDelta=0.88375 baseline=0.00092 adaptive=0.00229 lastPeak=0.00000 guard=0.060 activeAge=-1.000 pitch=-1.00Hz pitchCents=0.0
2025-12-16 05:22:57 [tracker] [s6] onset t=0.932 env=0.00723 gate=0.00042 envDelta=0.00681 envFloor=0.00353 onset=1.343 thresh=0.018 onsetDelta=1.32512 baseline=0.00168 adaptive=0.01652 lastPeak=0.00000 guard=0.060 activeAge=-1.000 pitch=-1.00Hz pitchCents=0.0
2025-12-16 05:22:57 [tracker] [s5] onset t=1.031 env=0.00190 gate=0.00015 envDelta=0.00175 envFloor=0.00110 onset=0.552 thresh=0.016 onsetDelta=0.53632 baseline=0.00073 adaptive=0.00183 lastPeak=0.00000 guard=0.060 activeAge=-1.000 pitch=-1.00Hz pitchCents=0.0
2025-12-16 05:22:57 [tracker] [s3] onset t=1.044 env=0.00114 gate=0.00007 envDelta=0.00106 envFloor=0.00083 onset=0.965 thresh=0.012 onsetDelta=0.95321 baseline=0.00055 adaptive=0.00138 lastPeak=0.00000 guard=0.060 activeAge=-1.000 pitch=-1.00Hz pitchCents=0.0
2025-12-16 05:22:57 [tracker] [s1] aubio-raw t=1.0760 onset=1.151334 env=0.000512 peak=0.001109 gain=1.000
2025-12-16 05:22:57 [tracker] [s1] onset-below-env-floor t=1.0760 env=0.000512 gate=0.000032 envDelta=0.000480 envFloor=0.000873 onset=1.151334 thresh=0.006000 onsetDelta=1.145334 baseline=0.000582 floor=0.000180 adapt=0.001455 lastPeak=0.000000 baseParam=0.000180 gateRatio=0.0550 envParam=0.000450 onsetScale=0.300 retriggerScale=1.400 guard=0.060 guardRemain=0.000 activeAge=-1.000 retrigRemain=0.000 pitchHz=94.11 pitchCents=229.9
2025-12-16 05:22:57 [tracker] [s6] onset t=1.169 env=0.00229 gate=0.00031 envDelta=0.00198 envFloor=0.00185 onset=1.100 thresh=0.018 onsetDelta=1.08245 baseline=0.00124 adaptive=0.00309 lastPeak=0.00000 guard=0.060 activeAge=-1.000 pitch=-1.00Hz pitchCents=0.0
2025-12-16 05:22:57 [tracker] [s3] onset t=1.239 env=0.00121 gate=0.00007 envDelta=0.00113 envFloor=0.00084 onset=1.392 thresh=0.012 onsetDelta=1.38088 baseline=0.00056 adaptive=0.00139 lastPeak=0.00000 guard=0.060 activeAge=-1.000 pitch=-1.00Hz pitchCents=0.0
2025-12-16 05:22:58 [tracker] [s6] onset t=1.353 env=0.00198 gate=0.00024 envDelta=0.00174 envFloor=0.00142 onset=0.913 thresh=0.018 onsetDelta=0.89488 baseline=0.00095 adaptive=0.00237 lastPeak=0.00000 guard=0.060 activeAge=-1.000 pitch=-1.00Hz pitchCents=0.0
2025-12-16 05:22:58 [tracker] [s1] aubio-raw t=1.3640 onset=1.013049 env=0.001219 peak=0.003102 gain=1.000
2025-12-16 05:22:58 [tracker] [s1] onset-accepted t=1.3640 env=0.001219 gate=0.000029 envDelta=0.001190 envFloor=0.000787 onset=1.013049 thresh=0.006000 onsetDelta=1.007049 baseline=0.000525 floor=0.000180 adapt=0.001312 lastPeak=0.000000 baseParam=0.000180 gateRatio=0.0550 envParam=0.000450 onsetScale=0.300 retriggerScale=1.400 guard=0.060 guardRemain=0.000 activeAge=-1.000 retrigRemain=0.000 pitchHz=105.26 pitchCents=423.7
2025-12-16 05:22:58 [tracker] [s1] onset t=1.364 env=0.00122 gate=0.00003 envDelta=0.00119 envFloor=0.00079 onset=1.013 thresh=0.006 onsetDelta=1.00705 baseline=0.00052 adaptive=0.00131 lastPeak=0.00000 guard=0.060 activeAge=-1.000 pitch=105.26Hz pitchCents=423.7
2025-12-16 05:22:58 [tracker] [s5] onset t=1.436 env=0.00153 gate=0.00014 envDelta=0.00140 envFloor=0.00099 onset=0.994 thresh=0.016 onsetDelta=0.97837 baseline=0.00066 adaptive=0.00166 lastPeak=0.00000 guard=0.060 activeAge=-1.000 pitch=-1.00Hz pitchCents=0.0
2025-12-16 05:22:58 [tracker] [s3] onset t=1.471 env=0.00092 gate=0.00007 envDelta=0.00085 envFloor=0.00077 onset=0.999 thresh=0.012 onsetDelta=0.98703 baseline=0.00051 adaptive=0.00128 lastPeak=0.00000 guard=0.060 activeAge=-1.000 pitch=-1.00Hz pitchCents=0.0
2025-12-16 05:22:58 [tracker] [s6] onset t=1.479 env=0.00194 gate=0.00022 envDelta=0.00172 envFloor=0.00132 onset=1.089 thresh=0.018 onsetDelta=1.07093 baseline=0.00088 adaptive=0.00219 lastPeak=0.00000 guard=0.060 activeAge=-1.000 pitch=-1.00Hz pitchCents=0.0
2025-12-16 05:22:58 [tracker] [s2] onset t=1.532 env=0.00109 gate=0.00001 envDelta=0.00109 envFloor=0.00081 onset=1.426 thresh=0.009 onsetDelta=1.41674 baseline=0.00054 adaptive=0.00135 lastPeak=0.00024 guard=0.060 activeAge=-1.000 pitch=97.55Hz pitchCents=-207.9
2025-12-16 05:22:58 [tracker] [s2] onset t=1.607 env=0.00122 gate=0.00001 envDelta=0.00121 envFloor=0.00078 onset=0.996 thresh=0.009 onsetDelta=0.98652 baseline=0.00086 adaptive=0.00130 lastPeak=0.00095 guard=0.060 activeAge=0.075 pitch=727.33Hz pitchCents=3270.1
2025-12-16 05:22:58 [tracker] [s2] note-ended (new onset) t=1.607 fret=2 dur=0.075
2025-12-16 05:22:58 [tracker] [s3] onset t=1.623 env=0.00144 gate=0.00008 envDelta=0.00136 envFloor=0.00087 onset=0.997 thresh=0.012 onsetDelta=0.98520 baseline=0.00058 adaptive=0.00144 lastPeak=0.00000 guard=0.060 activeAge=-1.000 pitch=-1.00Hz pitchCents=0.0
2025-12-16 05:22:58 [tracker] [s1] aubio-raw t=1.7187 onset=1.209295 env=0.001031 peak=0.002180 gain=1.000
2025-12-16 05:22:58 [tracker] [s1] onset-accepted t=1.7187 env=0.001031 gate=0.000028 envDelta=0.001004 envFloor=0.000755 onset=1.209295 thresh=0.006000 onsetDelta=1.203295 baseline=0.000503 floor=0.000180 adapt=0.001258 lastPeak=0.000000 baseParam=0.000180 gateRatio=0.0550 envParam=0.000450 onsetScale=0.300 retriggerScale=1.400 guard=0.060 guardRemain=0.000 activeAge=-1.000 retrigRemain=0.000 pitchHz=105.26 pitchCents=423.8
2025-12-16 05:22:58 [tracker] [s1] onset t=1.719 env=0.00103 gate=0.00003 envDelta=0.00100 envFloor=0.00075 onset=1.209 thresh=0.006 onsetDelta=1.20330 baseline=0.00050 adaptive=0.00126 lastPeak=0.00000 guard=0.060 activeAge=-1.000 pitch=105.26Hz pitchCents=423.8
2025-12-16 05:22:58 [tracker] [s1] aubio-raw t=1.7747 onset=0.920245 env=0.001396 peak=0.002974 gain=1.000
2025-12-16 05:22:58 [tracker] [s1] onset-accepted t=1.7747 env=0.001396 gate=0.000028 envDelta=0.001367 envFloor=0.000774 onset=0.920245 thresh=0.006000 onsetDelta=0.914245 baseline=0.000516 floor=0.000180 adapt=0.001290 lastPeak=0.000000 baseParam=0.000180 gateRatio=0.0550 envParam=0.000450 onsetScale=0.300 retriggerScale=1.400 guard=0.060 guardRemain=0.000 activeAge=-1.000 retrigRemain=0.000 pitchHz=-1.00 pitchCents=0.0
2025-12-16 05:22:58 [tracker] [s1] onset t=1.775 env=0.00140 gate=0.00003 envDelta=0.00137 envFloor=0.00077 onset=0.920 thresh=0.006 onsetDelta=0.91425 baseline=0.00052 adaptive=0.00129 lastPeak=0.00000 guard=0.060 activeAge=-1.000 pitch=-1.00Hz pitchCents=0.0
2025-12-16 05:22:58 [tracker] [s4] onset t=1.799 env=0.00138 gate=0.00011 envDelta=0.00127 envFloor=0.00100 onset=1.297 thresh=0.014 onsetDelta=1.28267 baseline=0.00066 adaptive=0.00166 lastPeak=0.00000 guard=0.060 activeAge=-1.000 pitch=-1.00Hz pitchCents=0.0
2025-12-16 05:22:58 [tracker] [s1] aubio-raw t=1.9107 onset=0.931744 env=0.001400 peak=0.002984 gain=1.000
2025-12-16 05:22:58 [tracker] [s1] onset-accepted t=1.9107 env=0.001400 gate=0.000026 envDelta=0.001374 envFloor=0.000705 onset=0.931744 thresh=0.006000 onsetDelta=0.925744 baseline=0.000470 floor=0.000180 adapt=0.001175 lastPeak=0.000000 baseParam=0.000180 gateRatio=0.0550 envParam=0.000450 onsetScale=0.300 retriggerScale=1.400 guard=0.060 guardRemain=0.000 activeAge=-1.000 retrigRemain=0.000 pitchHz=114.29 pitchCents=566.2
2025-12-16 05:22:58 [tracker] [s1] onset t=1.911 env=0.00140 gate=0.00003 envDelta=0.00137 envFloor=0.00071 onset=0.932 thresh=0.006 onsetDelta=0.92574 baseline=0.00047 adaptive=0.00118 lastPeak=0.00000 guard=0.060 activeAge=-1.000 pitch=114.29Hz pitchCents=566.2
2025-12-16 05:22:58 [tracker] [s2] onset t=1.937 env=0.00091 gate=0.00001 envDelta=0.00091 envFloor=0.00077 onset=0.997 thresh=0.009 onsetDelta=0.98849 baseline=0.00052 adaptive=0.00129 lastPeak=0.00051 guard=0.060 activeAge=-1.000 pitch=216.22Hz pitchCents=1170.0
2025-12-16 05:22:58 [tracker] [s5] onset t=1.972 env=0.00161 gate=0.00015 envDelta=0.00146 envFloor=0.00109 onset=1.003 thresh=0.016 onsetDelta=0.98744 baseline=0.00072 adaptive=0.00181 lastPeak=0.00000 guard=0.060 activeAge=-1.000 pitch=-1.00Hz pitchCents=0.0
2025-12-16 05:22:58 [tracker] [s6] onset t=1.991 env=0.00250 gate=0.00023 envDelta=0.00227 envFloor=0.00137 onset=0.996 thresh=0.018 onsetDelta=0.97784 baseline=0.00092 adaptive=0.00229 lastPeak=0.00000 guard=0.060 activeAge=-1.000 pitch=-1.00Hz pitchCents=0.0
2025-12-16 05:22:58 [tracker] [s5] onset t=2.199 env=0.00192 gate=0.00014 envDelta=0.00178 envFloor=0.00100 onset=1.000 thresh=0.016 onsetDelta=0.98353 baseline=0.00066 adaptive=0.00166 lastPeak=0.00000 guard=0.060 activeAge=-1.000 pitch=-1.00Hz pitchCents=0.0
2025-12-16 05:22:58 [tracker] [s2] onset t=2.241 env=0.00116 gate=0.00000 envDelta=0.00116 envFloor=0.00074 onset=1.033 thresh=0.009 onsetDelta=1.02380 baseline=0.00049 adaptive=0.00124 lastPeak=0.00029 guard=0.060 activeAge=-1.000 pitch=102.56Hz pitchCents=-121.3
2025-12-16 05:22:59 [tracker] [s3] onset t=2.273 env=0.00108 gate=0.00007 envDelta=0.00101 envFloor=0.00080 onset=1.120 thresh=0.012 onsetDelta=1.10804 baseline=0.00053 adaptive=0.00133 lastPeak=0.00000 guard=0.060 activeAge=-1.000 pitch=-1.00Hz pitchCents=0.0
2025-12-16 05:22:59 [tracker] [s4] onset t=2.377 env=0.00167 gate=0.00011 envDelta=0.00155 envFloor=0.00100 onset=1.071 thresh=0.014 onsetDelta=1.05673 baseline=0.00067 adaptive=0.00167 lastPeak=0.00000 guard=0.060 activeAge=-1.000 pitch=-1.00Hz pitchCents=0.0
2025-12-16 05:22:59 [tracker] [s5] onset t=2.455 env=0.00168 gate=0.00015 envDelta=0.00152 envFloor=0.00108 onset=0.999 thresh=0.016 onsetDelta=0.98277 baseline=0.00072 adaptive=0.00180 lastPeak=0.00000 guard=0.060 activeAge=-1.000 pitch=-1.00Hz pitchCents=0.0
2025-12-16 05:22:59 [tracker] [s3] onset t=2.473 env=0.00134 gate=0.00008 envDelta=0.00126 envFloor=0.00087 onset=1.498 thresh=0.012 onsetDelta=1.48611 baseline=0.00058 adaptive=0.00144 lastPeak=0.00000 guard=0.060 activeAge=-1.000 pitch=-1.00Hz pitchCents=0.0
2025-12-16 05:22:59 [tracker] [s1] aubio-raw t=2.4947 onset=0.998618 env=0.000866 peak=0.002452 gain=1.000
2025-12-16 05:22:59 [tracker] [s1] onset-accepted t=2.4947 env=0.000866 gate=0.000024 envDelta=0.000842 envFloor=0.000641 onset=0.998618 thresh=0.006000 onsetDelta=0.992618 baseline=0.000428 floor=0.000180 adapt=0.001069 lastPeak=0.000000 baseParam=0.000180 gateRatio=0.0550 envParam=0.000450 onsetScale=0.300 retriggerScale=1.400 guard=0.060 guardRemain=0.000 activeAge=-1.000 retrigRemain=0.000 pitchHz=163.26 pitchCents=1183.6
2025-12-16 05:22:59 [tracker] [s1] onset t=2.495 env=0.00087 gate=0.00002 envDelta=0.00084 envFloor=0.00064 onset=0.999 thresh=0.006 onsetDelta=0.99262 baseline=0.00043 adaptive=0.00107 lastPeak=0.00000 guard=0.060 activeAge=-1.000 pitch=163.26Hz pitchCents=1183.6
2025-12-16 05:22:59 [tracker] [s3] onset t=2.641 env=0.00108 gate=0.00007 envDelta=0.00101 envFloor=0.00079 onset=1.308 thresh=0.012 onsetDelta=1.29654 baseline=0.00052 adaptive=0.00131 lastPeak=0.00000 guard=0.060 activeAge=-1.000 pitch=-1.00Hz pitchCents=0.0
2025-12-16 05:22:59 [tracker] [s6] onset t=2.679 env=0.00187 gate=0.00021 envDelta=0.00166 envFloor=0.00125 onset=1.340 thresh=0.018 onsetDelta=1.32208 baseline=0.00083 adaptive=0.00208 lastPeak=0.00000 guard=0.060 activeAge=-1.000 pitch=-1.00Hz pitchCents=0.0
2025-12-16 05:22:59 [tracker] [s3] onset t=2.737 env=0.00139 gate=0.00007 envDelta=0.00132 envFloor=0.00085 onset=0.886 thresh=0.012 onsetDelta=0.87489 baseline=0.00057 adaptive=0.00142 lastPeak=0.00000 guard=0.060 activeAge=-1.000 pitch=-1.00Hz pitchCents=0.0
2025-12-16 05:22:59 [tracker] [s6] onset t=2.761 env=0.00213 gate=0.00022 envDelta=0.00191 envFloor=0.00132 onset=1.058 thresh=0.018 onsetDelta=1.04000 baseline=0.00088 adaptive=0.00221 lastPeak=0.00000 guard=0.060 activeAge=-1.000 pitch=-1.00Hz pitchCents=0.0
2025-12-16 05:22:59 [tracker] [s1] aubio-raw t=2.7774 onset=1.344393 env=0.001564 peak=0.003403 gain=1.000
2025-12-16 05:22:59 [tracker] [s1] onset-accepted t=2.7774 env=0.001564 gate=0.000025 envDelta=0.001540 envFloor=0.000677 onset=1.344393 thresh=0.006000 onsetDelta=1.338393 baseline=0.000451 floor=0.000180 adapt=0.001128 lastPeak=0.000000 baseParam=0.000180 gateRatio=0.0550 envParam=0.000450 onsetScale=0.300 retriggerScale=1.400 guard=0.060 guardRemain=0.000 activeAge=-1.000 retrigRemain=0.000 pitchHz=96.38 pitchCents=271.2
2025-12-16 05:22:59 [tracker] [s1] onset t=2.777 env=0.00156 gate=0.00002 envDelta=0.00154 envFloor=0.00068 onset=1.344 thresh=0.006 onsetDelta=1.33839 baseline=0.00045 adaptive=0.00113 lastPeak=0.00000 guard=0.060 activeAge=-1.000 pitch=96.38Hz pitchCents=271.2
2025-12-16 05:22:59 [tracker] [s1] note-start t=2.777 fret=4 midi=44 vel=0.02 env=0.00156
2025-12-16 05:22:59 [tracker] [s3] onset t=2.796 env=0.00126 gate=0.00008 envDelta=0.00118 envFloor=0.00095 onset=0.997 thresh=0.012 onsetDelta=0.98540 baseline=0.00063 adaptive=0.00158 lastPeak=0.00000 guard=0.060 activeAge=-1.000 pitch=-1.00Hz pitchCents=0.0
2025-12-16 05:22:59 [tracker] [s1] aubio-raw t=3.0814 onset=1.000023 env=0.001278 peak=0.002969 gain=1.000
2025-12-16 05:22:59 [tracker] [s1] onset-accepted t=3.0814 env=0.001278 gate=0.000044 envDelta=0.001234 envFloor=0.000592 onset=1.000023 thresh=0.006000 onsetDelta=0.994024 baseline=0.000795 floor=0.000180 adapt=0.000986 lastPeak=0.000883 baseParam=0.000180 gateRatio=0.0550 envParam=0.000450 onsetScale=0.300 retriggerScale=1.400 guard=0.060 guardRemain=0.000 activeAge=0.304 retrigRemain=0.000 pitchHz=-1.00 pitchCents=0.0
2025-12-16 05:22:59 [tracker] [s1] onset t=3.081 env=0.00128 gate=0.00004 envDelta=0.00123 envFloor=0.00059 onset=1.000 thresh=0.006 onsetDelta=0.99402 baseline=0.00080 adaptive=0.00099 lastPeak=0.00088 guard=0.060 activeAge=0.304 pitch=-1.00Hz pitchCents=0.0
2025-12-16 05:22:59 [tracker] [s1] note-ended (new onset) t=3.081 fret=4 dur=0.304
2025-12-16 05:22:59 [tracker] [s2] onset t=3.124 env=0.00129 gate=0.00001 envDelta=0.00129 envFloor=0.00078 onset=1.461 thresh=0.009 onsetDelta=1.45186 baseline=0.00052 adaptive=0.00130 lastPeak=0.00022 guard=0.060 activeAge=0.883 pitch=105.26Hz pitchCents=-76.3
2025-12-16 05:22:59 [tracker] [s2] note-ended (new onset) t=3.124 fret=0 dur=0.883
2025-12-16 05:22:59 [tracker] [s2] onset t=3.231 env=0.00097 gate=0.00001 envDelta=0.00096 envFloor=0.00083 onset=1.098 thresh=0.009 onsetDelta=1.08875 baseline=0.00056 adaptive=0.00139 lastPeak=0.00018 guard=0.060 activeAge=-1.000 pitch=170.22Hz pitchCents=755.9
2025-12-16 05:23:00 [tracker] [s6] onset t=3.332 env=0.00172 gate=0.00019 envDelta=0.00152 envFloor=0.00115 onset=0.998 thresh=0.018 onsetDelta=0.98023 baseline=0.00077 adaptive=0.00192 lastPeak=0.00000 guard=0.060 activeAge=-1.000 pitch=-1.00Hz pitchCents=0.0
2025-12-16 05:23:00 [tracker] [s5] onset t=3.487 env=0.00199 gate=0.00015 envDelta=0.00184 envFloor=0.00110 onset=0.996 thresh=0.016 onsetDelta=0.98040 baseline=0.00073 adaptive=0.00184 lastPeak=0.00000 guard=0.060 activeAge=-1.000 pitch=-1.00Hz pitchCents=0.0
2025-12-16 05:23:00 [tracker] [s2] onset t=3.500 env=0.00109 gate=0.00000 envDelta=0.00109 envFloor=0.00071 onset=1.168 thresh=0.009 onsetDelta=1.15949 baseline=0.00047 adaptive=0.00118 lastPeak=0.00011 guard=0.060 activeAge=-1.000 pitch=222.22Hz pitchCents=1217.4
2025-12-16 05:23:00 [tracker] [s1] aubio-raw t=3.5240 onset=0.748777 env=0.000622 peak=0.001886 gain=1.000
2025-12-16 05:23:00 [tracker] [s1] onset-accepted t=3.5240 env=0.000622 gate=0.000021 envDelta=0.000601 envFloor=0.000563 onset=0.748777 thresh=0.006000 onsetDelta=0.742777 baseline=0.000375 floor=0.000180 adapt=0.000938 lastPeak=0.000384 baseParam=0.000180 gateRatio=0.0550 envParam=0.000450 onsetScale=0.300 retriggerScale=1.400 guard=0.060 guardRemain=0.000 activeAge=-1.000 retrigRemain=0.000 pitchHz=-1.00 pitchCents=0.0
2025-12-16 05:23:00 [tracker] [s1] onset t=3.524 env=0.00062 gate=0.00002 envDelta=0.00060 envFloor=0.00056 onset=0.749 thresh=0.006 onsetDelta=0.74278 baseline=0.00038 adaptive=0.00094 lastPeak=0.00038 guard=0.060 activeAge=-1.000 pitch=-1.00Hz pitchCents=0.0
2025-12-16 05:23:00 [tracker] [s3] onset t=3.532 env=0.00123 gate=0.00008 envDelta=0.00115 envFloor=0.00088 onset=1.148 thresh=0.012 onsetDelta=1.13678 baseline=0.00059 adaptive=0.00147 lastPeak=0.00000 guard=0.060 activeAge=-1.000 pitch=-1.00Hz pitchCents=0.0
2025-12-16 05:23:00 [tracker] [s3] onset t=3.585 env=0.00121 gate=0.00007 envDelta=0.00114 envFloor=0.00085 onset=1.012 thresh=0.012 onsetDelta=1.00058 baseline=0.00057 adaptive=0.00142 lastPeak=0.00000 guard=0.060 activeAge=-1.000 pitch=-1.00Hz pitchCents=0.0
2025-12-16 05:23:00 [tracker] [s6] onset t=3.676 env=0.00190 gate=0.00020 envDelta=0.00170 envFloor=0.00117 onset=1.016 thresh=0.018 onsetDelta=0.99849 baseline=0.00078 adaptive=0.00195 lastPeak=0.00000 guard=0.060 activeAge=-1.000 pitch=-1.00Hz pitchCents=0.0
2025-12-16 05:23:00 [tracker] [s2] onset t=3.695 env=0.00137 gate=0.00000 envDelta=0.00137 envFloor=0.00075 onset=0.959 thresh=0.009 onsetDelta=0.94992 baseline=0.00050 adaptive=0.00124 lastPeak=0.00008 guard=0.060 activeAge=-1.000 pitch=163.26Hz pitchCents=683.6
2025-12-16 05:23:00 [tracker] [s5] onset t=3.753 env=0.00180 gate=0.00014 envDelta=0.00166 envFloor=0.00099 onset=0.997 thresh=0.016 onsetDelta=0.98092 baseline=0.00066 adaptive=0.00166 lastPeak=0.00000 guard=0.060 activeAge=-1.000 pitch=-1.00Hz pitchCents=0.0
2025-12-16 05:23:00 [tracker] [s4] onset t=3.772 env=0.00153 gate=0.00010 envDelta=0.00143 envFloor=0.00088 onset=0.999 thresh=0.014 onsetDelta=0.98483 baseline=0.00058 adaptive=0.00146 lastPeak=0.00000 guard=0.060 activeAge=-1.000 pitch=-1.00Hz pitchCents=0.0
2025-12-16 05:23:00 [tracker] [s6] onset t=3.855 env=0.00202 gate=0.00021 envDelta=0.00181 envFloor=0.00125 onset=1.072 thresh=0.018 onsetDelta=1.05436 baseline=0.00083 adaptive=0.00208 lastPeak=0.00000 guard=0.060 activeAge=-1.000 pitch=-1.00Hz pitchCents=0.0
2025-12-16 05:23:00 [tracker] [s2] onset t=3.964 env=0.00104 gate=0.00001 envDelta=0.00103 envFloor=0.00081 onset=0.998 thresh=0.009 onsetDelta=0.98908 baseline=0.00054 adaptive=0.00135 lastPeak=0.00005 guard=0.060 activeAge=-1.000 pitch=190.48Hz pitchCents=950.5
2025-12-16 05:23:00 [tracker] [s1] aubio-raw t=4.0174 onset=0.998162 env=0.000600 peak=0.001566 gain=1.000
2025-12-16 05:23:00 [tracker] [s1] onset-accepted t=4.0174 env=0.000600 gate=0.000018 envDelta=0.000582 envFloor=0.000494 onset=0.998162 thresh=0.006000 onsetDelta=0.992162 baseline=0.000330 floor=0.000180 adapt=0.000824 lastPeak=0.000152 baseParam=0.000180 gateRatio=0.0550 envParam=0.000450 onsetScale=0.300 retriggerScale=1.400 guard=0.060 guardRemain=0.000 activeAge=-1.000 retrigRemain=0.000 pitchHz=166.66 pitchCents=1219.3
2025-12-16 05:23:00 [tracker] [s1] onset t=4.017 env=0.00060 gate=0.00002 envDelta=0.00058 envFloor=0.00049 onset=0.998 thresh=0.006 onsetDelta=0.99216 baseline=0.00033 adaptive=0.00082 lastPeak=0.00015 guard=0.060 activeAge=-1.000 pitch=166.66Hz pitchCents=1219.3
2025-12-16 05:23:00 [tracker] [s1] aubio-raw t=4.1187 onset=1.200489 env=0.000787 peak=0.002562 gain=1.000
2025-12-16 05:23:00 [tracker] [s1] onset-accepted t=4.1187 env=0.000787 gate=0.000017 envDelta=0.000769 envFloor=0.000477 onset=1.200489 thresh=0.006000 onsetDelta=1.194489 baseline=0.000318 floor=0.000180 adapt=0.000795 lastPeak=0.000126 baseParam=0.000180 gateRatio=0.0550 envParam=0.000450 onsetScale=0.300 retriggerScale=1.400 guard=0.060 guardRemain=0.000 activeAge=-1.000 retrigRemain=0.000 pitchHz=186.04 pitchCents=1409.7
2025-12-16 05:23:00 [tracker] [s1] onset t=4.119 env=0.00079 gate=0.00002 envDelta=0.00077 envFloor=0.00048 onset=1.200 thresh=0.006 onsetDelta=1.19449 baseline=0.00032 adaptive=0.00079 lastPeak=0.00013 guard=0.060 activeAge=-1.000 pitch=186.04Hz pitchCents=1409.7
2025-12-16 05:23:00 [tracker] [s4] onset t=4.161 env=0.00127 gate=0.00010 envDelta=0.00117 envFloor=0.00091 onset=1.009 thresh=0.014 onsetDelta=0.99520 baseline=0.00061 adaptive=0.00152 lastPeak=0.00000 guard=0.060 activeAge=-1.000 pitch=-1.00Hz pitchCents=0.0
2025-12-16 05:23:00 [tracker] [s5] onset t=4.199 env=0.00177 gate=0.00015 envDelta=0.00162 envFloor=0.00104 onset=0.790 thresh=0.016 onsetDelta=0.77438 baseline=0.00069 adaptive=0.00173 lastPeak=0.00000 guard=0.060 activeAge=-1.000 pitch=-1.00Hz pitchCents=0.0
2025-12-16 05:23:00 [tracker] [s4] onset t=4.249 env=0.00149 gate=0.00010 envDelta=0.00139 envFloor=0.00089 onset=1.056 thresh=0.014 onsetDelta=1.04231 baseline=0.00059 adaptive=0.00148 lastPeak=0.00000 guard=0.060 activeAge=-1.000 pitch=-1.00Hz pitchCents=0.0
2025-12-16 05:23:01 [tracker] [s3] onset t=4.332 env=0.00117 gate=0.00008 envDelta=0.00109 envFloor=0.00087 onset=1.086 thresh=0.012 onsetDelta=1.07402 baseline=0.00058 adaptive=0.00146 lastPeak=0.00000 guard=0.060 activeAge=-1.000 pitch=-1.00Hz pitchCents=0.0
2025-12-16 05:23:01 [tracker] [s2] onset t=4.337 env=0.00144 gate=0.00001 envDelta=0.00144 envFloor=0.00081 onset=0.994 thresh=0.009 onsetDelta=0.98497 baseline=0.00054 adaptive=0.00135 lastPeak=0.00002 guard=0.060 activeAge=-1.000 pitch=148.14Hz pitchCents=515.4
2025-12-16 05:23:01 [tracker] [s5] onset t=4.337 env=0.00186 gate=0.00015 envDelta=0.00171 envFloor=0.00108 onset=0.991 thresh=0.016 onsetDelta=0.97543 baseline=0.00072 adaptive=0.00180 lastPeak=0.00000 guard=0.060 activeAge=-1.000 pitch=-1.00Hz pitchCents=0.0
