# SignalAssistant session log
# Started at 2025-12-16 05:26:36
2025-12-16 05:26:36 [session] mode=live session='' path='' duration=0.00 files=0
2025-12-16 05:26:36 [tracker-settings] TrackerConfig onsetThreshold=0.02000 minNoteDurSec=0.045 hopSec=0.010 slideDelta=120.0 bendDelta=35.0
2025-12-16 05:26:36 [tracker-settings] string1 midi=40 lowCut=37.08Hz highCut=445.00Hz baseline=0.000180 gateRatio=0.05500 envFloor=0.000450 sustainScale=0.580 retriggerScale=1.400 peakRelease=0.120 pitchTol=0.400 onsetScale=0.006
2025-12-16 05:26:36 [tracker-settings] string2 midi=45 lowCut=55.00Hz highCut=563.20Hz baseline=0.000220 gateRatio=0.10000 envFloor=0.000550 sustainScale=0.700 retriggerScale=1.250 peakRelease=0.130 pitchTol=0.400 onsetScale=0.009
2025-12-16 05:26:36 [tracker-settings] string3 midi=50 lowCut=85.16Hz highCut=693.05Hz baseline=0.000260 gateRatio=0.13000 envFloor=0.000650 sustainScale=0.820 retriggerScale=1.100 peakRelease=0.140 pitchTol=0.450 onsetScale=0.012
2025-12-16 05:26:36 [tracker-settings] string4 midi=55 lowCut=127.40Hz highCut=862.39Hz baseline=0.000320 gateRatio=0.17000 envFloor=0.000780 sustainScale=1.000 retriggerScale=1.000 peakRelease=0.160 pitchTol=0.440 onsetScale=0.014
2025-12-16 05:26:36 [tracker-settings] string5 midi=59 lowCut=160.51Hz highCut=1086.54Hz baseline=0.000370 gateRatio=0.21000 envFloor=0.000900 sustainScale=1.000 retriggerScale=1.000 peakRelease=0.180 pitchTol=0.500 onsetScale=0.016
2025-12-16 05:26:36 [tracker-settings] string6 midi=64 lowCut=214.26Hz highCut=1450.36Hz baseline=0.000420 gateRatio=0.25000 envFloor=0.001050 sustainScale=1.000 retriggerScale=1.000 peakRelease=0.200 pitchTol=0.550 onsetScale=0.018
2025-12-16 05:26:36 [tracker] [s1] calibration reset target=0.00180 gain=1.000
2025-12-16 05:26:36 [tracker] [s2] calibration reset target=0.00180 gain=1.000
2025-12-16 05:26:36 [tracker] [s3] calibration reset target=0.00180 gain=1.000
2025-12-16 05:26:36 [tracker] [s4] calibration reset target=0.00180 gain=1.000
2025-12-16 05:26:36 [tracker] [s5] calibration reset target=0.00180 gain=1.000
2025-12-16 05:26:36 [tracker] [s6] calibration reset target=0.00180 gain=1.000
2025-12-16 05:26:36 [calibration] Loading calibration profile multipliers into parameters
2025-12-16 05:26:36 [calibration] String 1: setting multiplier to 6.317
2025-12-16 05:26:36 [calibration] String 2: setting multiplier to 8.000
2025-12-16 05:26:36 [calibration] String 3: setting multiplier to 8.000
2025-12-16 05:26:36 [calibration] String 4: setting multiplier to 8.000
2025-12-16 05:26:36 [calibration] String 5: setting multiplier to 8.000
2025-12-16 05:26:36 [calibration] String 6: setting multiplier to 8.000
2025-12-16 05:26:36 [tracker] [s1] calibration avg=0.03970 target=0.00180 gain=1.000
2025-12-16 05:26:36 [tracker] [s2] calibration avg=0.01940 target=0.00180 gain=1.000
2025-12-16 05:26:36 [tracker] [s3] calibration avg=0.01411 target=0.00180 gain=1.000
2025-12-16 05:26:36 [tracker] [s4] calibration avg=0.03018 target=0.00180 gain=1.000
2025-12-16 05:26:36 [tracker] [s5] calibration avg=0.02970 target=0.00180 gain=1.000
2025-12-16 05:26:36 [tracker] [s6] calibration avg=0.02331 target=0.00180 gain=1.000
2025-12-16 05:26:36 [tracker] [s1] configure sr=48000.0 hop=128 fft=1024 low=37.1 high=445.0
2025-12-16 05:26:36 [tracker] [s2] configure sr=48000.0 hop=128 fft=1024 low=55.0 high=563.2
2025-12-16 05:26:36 [tracker] [s2] params baseline=0.000220 gate=0.0100 envFloor=0.000100 sustain=1.500 retrigger=1.250 peakRelease=0.130 pitchTol=0.400 onsetScale=0.009 aubioScale=1.35 aubioThresh=0.027 onsetSilence=-85.0 pitchSilence=-90.0
2025-12-16 05:26:36 [tracker] [s3] configure sr=48000.0 hop=128 fft=1024 low=85.2 high=693.0
2025-12-16 05:26:36 [tracker] [s3] params baseline=0.000260 gate=0.1300 envFloor=0.000650 sustain=0.820 retrigger=1.100 peakRelease=0.140 pitchTol=0.450 onsetScale=0.012 aubioScale=1.60 aubioThresh=0.032 onsetSilence=-75.0 pitchSilence=-80.0
2025-12-16 05:26:36 [tracker] [s4] configure sr=48000.0 hop=128 fft=1024 low=127.4 high=862.4
2025-12-16 05:26:36 [tracker] [s4] params baseline=0.000320 gate=0.1700 envFloor=0.000780 sustain=1.000 retrigger=1.000 peakRelease=0.160 pitchTol=0.440 onsetScale=0.014 aubioScale=1.80 aubioThresh=0.036 onsetSilence=-75.0 pitchSilence=-80.0
2025-12-16 05:26:36 [tracker] [s5] configure sr=48000.0 hop=128 fft=512 low=160.5 high=1086.5
2025-12-16 05:26:36 [tracker] [s6] configure sr=48000.0 hop=128 fft=512 low=214.3 high=1450.4
2025-12-16 05:26:36 [tracker] [s6] params baseline=0.000420 gate=0.2500 envFloor=0.001050 sustain=1.000 retrigger=1.000 peakRelease=0.200 pitchTol=0.550 onsetScale=0.018 aubioScale=1.80 aubioThresh=0.036 onsetSilence=-75.0 pitchSilence=-80.0
2025-12-16 05:26:36 [tracker] [s1] aubio-raw t=0.0067 onset=4.000000 env=0.000709 peak=0.001898 gain=1.000
2025-12-16 05:26:36 [tracker] [s1] onset-accepted t=0.0067 env=0.000709 gate=0.000022 envDelta=0.000687 envFloor=0.000595 onset=4.000000 thresh=0.006000 onsetDelta=3.994000 baseline=0.000397 floor=0.000180 adapt=0.000991 lastPeak=0.000000 baseParam=0.000180 gateRatio=0.0550 envParam=0.000450 onsetScale=0.300 retriggerScale=1.400 guard=0.060 guardRemain=0.000 activeAge=-1.000 retrigRemain=0.000 pitchHz=125.16 pitchCents=723.6
2025-12-16 05:26:36 [tracker] [s1] onset t=0.007 env=0.00071 gate=0.00002 envDelta=0.00069 envFloor=0.00059 onset=4.000 thresh=0.006 onsetDelta=3.99400 baseline=0.00040 adaptive=0.00099 lastPeak=0.00000 guard=0.060 activeAge=-1.000 pitch=125.16Hz pitchCents=723.6
2025-12-16 05:26:36 [tracker] [s2] onset t=0.007 env=0.00120 gate=0.00000 envDelta=0.00120 envFloor=0.00062 onset=4.000 thresh=0.009 onsetDelta=3.99100 baseline=0.00041 adaptive=0.00103 lastPeak=0.00000 guard=0.060 activeAge=-1.000 pitch=125.16Hz pitchCents=223.6
2025-12-16 05:26:36 [tracker] [s3] onset t=0.007 env=0.00093 gate=0.00005 envDelta=0.00088 envFloor=0.00065 onset=4.000 thresh=0.012 onsetDelta=3.98840 baseline=0.00040 adaptive=0.00100 lastPeak=0.00000 guard=0.060 activeAge=-1.000 pitch=125.16Hz pitchCents=-276.4
2025-12-16 05:26:36 [tracker] [s4] onset t=0.007 env=0.00188 gate=0.00008 envDelta=0.00180 envFloor=0.00078 onset=4.000 thresh=0.014 onsetDelta=3.98600 baseline=0.00045 adaptive=0.00113 lastPeak=0.00000 guard=0.060 activeAge=-1.000 pitch=125.16Hz pitchCents=-776.4
2025-12-16 05:26:36 [tracker] [s5] onset t=0.007 env=0.00139 gate=0.00009 envDelta=0.00130 envFloor=0.00090 onset=4.000 thresh=0.016 onsetDelta=3.98400 baseline=0.00042 adaptive=0.00106 lastPeak=0.00000 guard=0.060 activeAge=-1.000 pitch=376.47Hz pitchCents=730.0
2025-12-16 05:26:36 [tracker] [s6] onset t=0.007 env=0.00152 gate=0.00011 envDelta=0.00141 envFloor=0.00105 onset=4.000 thresh=0.018 onsetDelta=3.98200 baseline=0.00043 adaptive=0.00108 lastPeak=0.00000 guard=0.060 activeAge=-1.000 pitch=376.47Hz pitchCents=230.0
2025-12-16 05:26:36 [tracker] [s2] onset t=0.119 env=0.00112 gate=0.00001 envDelta=0.00111 envFloor=0.00076 onset=0.996 thresh=0.009 onsetDelta=0.98697 baseline=0.00050 adaptive=0.00126 lastPeak=0.00000 guard=0.060 activeAge=-1.000 pitch=121.21Hz pitchCents=168.0
2025-12-16 05:26:36 [tracker] [s1] aubio-raw t=0.1213 onset=0.948861 env=0.000804 peak=0.002566 gain=1.000
2025-12-16 05:26:36 [tracker] [s1] onset-accepted t=0.1213 env=0.000804 gate=0.000018 envDelta=0.000786 envFloor=0.000489 onset=0.948861 thresh=0.006000 onsetDelta=0.942861 baseline=0.000326 floor=0.000180 adapt=0.000815 lastPeak=0.000000 baseParam=0.000180 gateRatio=0.0550 envParam=0.000450 onsetScale=0.300 retriggerScale=1.400 guard=0.060 guardRemain=0.000 activeAge=-1.000 retrigRemain=0.000 pitchHz=117.64 pitchCents=616.3
2025-12-16 05:26:36 [tracker] [s1] onset t=0.121 env=0.00080 gate=0.00002 envDelta=0.00079 envFloor=0.00049 onset=0.949 thresh=0.006 onsetDelta=0.94286 baseline=0.00033 adaptive=0.00081 lastPeak=0.00000 guard=0.060 activeAge=-1.000 pitch=117.64Hz pitchCents=616.3
2025-12-16 05:26:36 [tracker] [s1] note-start t=0.121 fret=5 midi=45 vel=0.01 env=0.00080
2025-12-16 05:26:36 [tracker] [s4] onset t=0.156 env=0.00134 gate=0.00009 envDelta=0.00125 envFloor=0.00083 onset=1.288 thresh=0.014 onsetDelta=1.27359 baseline=0.00055 adaptive=0.00138 lastPeak=0.00000 guard=0.060 activeAge=-1.000 pitch=-1.00Hz pitchCents=0.0
2025-12-16 05:26:36 [tracker] [s6] onset t=0.183 env=0.00199 gate=0.00019 envDelta=0.00180 envFloor=0.00113 onset=1.331 thresh=0.018 onsetDelta=1.31256 baseline=0.00075 adaptive=0.00188 lastPeak=0.00000 guard=0.060 activeAge=-1.000 pitch=-1.00Hz pitchCents=0.0
2025-12-16 05:26:36 [tracker] [s5] onset t=0.193 env=0.00165 gate=0.00014 envDelta=0.00151 envFloor=0.00099 onset=1.111 thresh=0.016 onsetDelta=1.09499 baseline=0.00066 adaptive=0.00164 lastPeak=0.00000 guard=0.060 activeAge=-1.000 pitch=-1.00Hz pitchCents=0.0
2025-12-16 05:26:36 [tracker] [s3] onset t=0.196 env=0.00133 gate=0.00007 envDelta=0.00126 envFloor=0.00079 onset=0.721 thresh=0.012 onsetDelta=0.70925 baseline=0.00053 adaptive=0.00132 lastPeak=0.00000 guard=0.060 activeAge=-1.000 pitch=-1.00Hz pitchCents=0.0
2025-12-16 05:26:36 [tracker] [s4] onset t=0.215 env=0.00175 gate=0.00010 envDelta=0.00165 envFloor=0.00089 onset=0.995 thresh=0.014 onsetDelta=0.98145 baseline=0.00059 adaptive=0.00148 lastPeak=0.00000 guard=0.060 activeAge=-1.000 pitch=-1.00Hz pitchCents=0.0
2025-12-16 05:26:37 [tracker] [s2] onset t=0.241 env=0.00116 gate=0.00001 envDelta=0.00116 envFloor=0.00076 onset=0.881 thresh=0.009 onsetDelta=0.87158 baseline=0.00051 adaptive=0.00126 lastPeak=0.00000 guard=0.060 activeAge=-1.000 pitch=205.14Hz pitchCents=1078.9
2025-12-16 05:26:37 [tracker] [s6] onset t=0.255 env=0.00188 gate=0.00021 envDelta=0.00168 envFloor=0.00123 onset=1.109 thresh=0.018 onsetDelta=1.09071 baseline=0.00082 adaptive=0.00205 lastPeak=0.00000 guard=0.060 activeAge=-1.000 pitch=-1.00Hz pitchCents=0.0
2025-12-16 05:26:37 [tracker] [s4] onset t=0.332 env=0.00135 gate=0.00011 envDelta=0.00124 envFloor=0.00096 onset=0.896 thresh=0.014 onsetDelta=0.88238 baseline=0.00064 adaptive=0.00160 lastPeak=0.00000 guard=0.060 activeAge=-1.000 pitch=-1.00Hz pitchCents=0.0
2025-12-16 05:26:37 [tracker] [s2] onset t=0.401 env=0.00097 gate=0.00001 envDelta=0.00097 envFloor=0.00081 onset=0.836 thresh=0.009 onsetDelta=0.82672 baseline=0.00054 adaptive=0.00134 lastPeak=0.00000 guard=0.060 activeAge=-1.000 pitch=319.99Hz pitchCents=1848.6
2025-12-16 05:26:37 [tracker] [s4] onset t=0.431 env=0.00154 gate=0.00010 envDelta=0.00144 envFloor=0.00087 onset=1.012 thresh=0.014 onsetDelta=0.99842 baseline=0.00058 adaptive=0.00146 lastPeak=0.00000 guard=0.060 activeAge=-1.000 pitch=-1.00Hz pitchCents=0.0
2025-12-16 05:26:37 [tracker] [s5] onset t=0.449 env=0.00150 gate=0.00014 envDelta=0.00136 envFloor=0.00101 onset=0.981 thresh=0.016 onsetDelta=0.96489 baseline=0.00067 adaptive=0.00169 lastPeak=0.00000 guard=0.060 activeAge=-1.000 pitch=-1.00Hz pitchCents=0.0
2025-12-16 05:26:37 [tracker] [s3] onset t=0.479 env=0.00107 gate=0.00007 envDelta=0.00101 envFloor=0.00076 onset=1.157 thresh=0.012 onsetDelta=1.14549 baseline=0.00051 adaptive=0.00126 lastPeak=0.00000 guard=0.060 activeAge=-1.000 pitch=-1.00Hz pitchCents=0.0
2025-12-16 05:26:37 [tracker] [s2] onset t=0.535 env=0.00133 gate=0.00001 envDelta=0.00133 envFloor=0.00078 onset=1.023 thresh=0.009 onsetDelta=1.01369 baseline=0.00052 adaptive=0.00130 lastPeak=0.00000 guard=0.060 activeAge=-1.000 pitch=140.35Hz pitchCents=421.8
2025-12-16 05:26:37 [tracker] [s2] note-start t=0.535 fret=4 midi=49 vel=0.02 env=0.00133
2025-12-16 05:26:37 [tracker] [s1] aubio-raw t=0.6467 onset=0.996467 env=0.000801 peak=0.001857 gain=1.000
2025-12-16 05:26:37 [tracker] [s1] onset-accepted t=0.6467 env=0.000801 gate=0.000018 envDelta=0.000782 envFloor=0.000495 onset=0.996467 thresh=0.006000 onsetDelta=0.990467 baseline=0.000330 floor=0.000180 adapt=0.000825 lastPeak=0.000299 baseParam=0.000180 gateRatio=0.0550 envParam=0.000450 onsetScale=0.300 retriggerScale=1.400 guard=0.060 guardRemain=0.000 activeAge=0.525 retrigRemain=0.000 pitchHz=1599.38 pitchCents=5134.3
2025-12-16 05:26:37 [tracker] [s1] onset t=0.647 env=0.00080 gate=0.00002 envDelta=0.00078 envFloor=0.00049 onset=0.996 thresh=0.006 onsetDelta=0.99047 baseline=0.00033 adaptive=0.00082 lastPeak=0.00030 guard=0.060 activeAge=0.525 pitch=1599.38Hz pitchCents=5134.3
2025-12-16 05:26:37 [tracker] [s1] note-ended (new onset) t=0.647 fret=5 dur=0.525
2025-12-16 05:26:37 [tracker] [s1] aubio-raw t=0.7080 onset=1.013039 env=0.000685 peak=0.001778 gain=1.000
2025-12-16 05:26:37 [tracker] [s1] onset-accepted t=0.7080 env=0.000685 gate=0.000018 envDelta=0.000667 envFloor=0.000497 onset=1.013039 thresh=0.006000 onsetDelta=1.007039 baseline=0.000331 floor=0.000180 adapt=0.000828 lastPeak=0.000267 baseParam=0.000180 gateRatio=0.0550 envParam=0.000450 onsetScale=0.300 retriggerScale=1.400 guard=0.060 guardRemain=0.000 activeAge=-1.000 retrigRemain=0.000 pitchHz=140.35 pitchCents=921.9
2025-12-16 05:26:37 [tracker] [s1] onset t=0.708 env=0.00069 gate=0.00002 envDelta=0.00067 envFloor=0.00050 onset=1.013 thresh=0.006 onsetDelta=1.00704 baseline=0.00033 adaptive=0.00083 lastPeak=0.00027 guard=0.060 activeAge=-1.000 pitch=140.35Hz pitchCents=921.9
2025-12-16 05:26:37 [tracker] [s4] onset t=0.735 env=0.00139 gate=0.00010 envDelta=0.00129 envFloor=0.00092 onset=0.904 thresh=0.014 onsetDelta=0.89036 baseline=0.00061 adaptive=0.00154 lastPeak=0.00000 guard=0.060 activeAge=-1.000 pitch=-1.00Hz pitchCents=0.0
2025-12-16 05:26:37 [tracker] [s2] onset t=0.831 env=0.00085 gate=0.00001 envDelta=0.00084 envFloor=0.00076 onset=0.811 thresh=0.009 onsetDelta=0.80185 baseline=0.00069 adaptive=0.00126 lastPeak=0.00077 guard=0.060 activeAge=0.296 pitch=363.64Hz pitchCents=2070.0
2025-12-16 05:26:37 [tracker] [s2] note-ended (new onset) t=0.831 fret=4 dur=0.296
2025-12-16 05:26:37 [tracker] [s2] note-start t=0.831 fret=0 midi=45 vel=0.01 env=0.00085
2025-12-16 05:26:37 [tracker] [s4] onset t=0.857 env=0.00145 gate=0.00010 envDelta=0.00135 envFloor=0.00086 onset=1.035 thresh=0.014 onsetDelta=1.02057 baseline=0.00057 adaptive=0.00144 lastPeak=0.00000 guard=0.060 activeAge=-1.000 pitch=-1.00Hz pitchCents=0.0
2025-12-16 05:26:37 [tracker] [s2] release-retrigger t=0.884 onset=1.000 gate=0.000 age=0.053
2025-12-16 05:26:37 [tracker] [s2] note-ended t=0.884 fret=0 dur=0.053
2025-12-16 05:26:37 [tracker] [s1] aubio-raw t=1.0707 onset=0.997839 env=0.000946 peak=0.002263 gain=1.000
2025-12-16 05:26:37 [tracker] [s1] onset-accepted t=1.0707 env=0.000946 gate=0.000019 envDelta=0.000927 envFloor=0.000519 onset=0.997839 thresh=0.006000 onsetDelta=0.991839 baseline=0.000346 floor=0.000180 adapt=0.000866 lastPeak=0.000135 baseParam=0.000180 gateRatio=0.0550 envParam=0.000450 onsetScale=0.300 retriggerScale=1.400 guard=0.060 guardRemain=0.000 activeAge=-1.000 retrigRemain=0.000 pitchHz=-1.00 pitchCents=0.0
2025-12-16 05:26:37 [tracker] [s1] onset t=1.071 env=0.00095 gate=0.00002 envDelta=0.00093 envFloor=0.00052 onset=0.998 thresh=0.006 onsetDelta=0.99184 baseline=0.00035 adaptive=0.00087 lastPeak=0.00013 guard=0.060 activeAge=-1.000 pitch=-1.00Hz pitchCents=0.0
2025-12-16 05:26:37 [tracker] [s6] onset t=1.095 env=0.00183 gate=0.00022 envDelta=0.00161 envFloor=0.00131 onset=0.845 thresh=0.018 onsetDelta=0.82714 baseline=0.00087 adaptive=0.00218 lastPeak=0.00000 guard=0.060 activeAge=-1.000 pitch=-1.00Hz pitchCents=0.0
2025-12-16 05:26:37 [tracker] [s5] onset t=1.119 env=0.00137 gate=0.00015 envDelta=0.00122 envFloor=0.00108 onset=0.995 thresh=0.016 onsetDelta=0.97872 baseline=0.00072 adaptive=0.00180 lastPeak=0.00000 guard=0.060 activeAge=-1.000 pitch=-1.00Hz pitchCents=0.0
2025-12-16 05:26:38 [tracker] [s4] onset t=1.305 env=0.00133 gate=0.00010 envDelta=0.00123 envFloor=0.00085 onset=1.301 thresh=0.014 onsetDelta=1.28718 baseline=0.00057 adaptive=0.00142 lastPeak=0.00000 guard=0.060 activeAge=-1.000 pitch=-1.00Hz pitchCents=0.0
2025-12-16 05:26:38 [tracker] [s2] onset t=1.369 env=0.00126 gate=0.00001 envDelta=0.00125 envFloor=0.00075 onset=1.215 thresh=0.009 onsetDelta=1.20555 baseline=0.00050 adaptive=0.00126 lastPeak=0.00031 guard=0.060 activeAge=-1.000 pitch=195.13Hz pitchCents=992.3
2025-12-16 05:26:38 [tracker] [s3] onset t=1.393 env=0.00101 gate=0.00007 envDelta=0.00094 envFloor=0.00085 onset=1.320 thresh=0.012 onsetDelta=1.30829 baseline=0.00057 adaptive=0.00141 lastPeak=0.00000 guard=0.060 activeAge=-1.000 pitch=-1.00Hz pitchCents=0.0
2025-12-16 05:26:38 [tracker] [s1] aubio-raw t=1.4387 onset=1.128629 env=0.000776 peak=0.002477 gain=1.000
2025-12-16 05:26:38 [tracker] [s1] onset-accepted t=1.4387 env=0.000776 gate=0.000019 envDelta=0.000757 envFloor=0.000513 onset=1.128629 thresh=0.006000 onsetDelta=1.122629 baseline=0.000342 floor=0.000180 adapt=0.000854 lastPeak=0.000068 baseParam=0.000180 gateRatio=0.0550 envParam=0.000450 onsetScale=0.300 retriggerScale=1.400 guard=0.060 guardRemain=0.000 activeAge=-1.000 retrigRemain=0.000 pitchHz=-1.00 pitchCents=0.0
2025-12-16 05:26:38 [tracker] [s1] onset t=1.439 env=0.00078 gate=0.00002 envDelta=0.00076 envFloor=0.00051 onset=1.129 thresh=0.006 onsetDelta=1.12263 baseline=0.00034 adaptive=0.00085 lastPeak=0.00007 guard=0.060 activeAge=-1.000 pitch=-1.00Hz pitchCents=0.0
2025-12-16 05:26:38 [tracker] [s5] onset t=1.516 env=0.00160 gate=0.00015 envDelta=0.00145 envFloor=0.00106 onset=1.359 thresh=0.016 onsetDelta=1.34327 baseline=0.00071 adaptive=0.00176 lastPeak=0.00000 guard=0.060 activeAge=-1.000 pitch=-1.00Hz pitchCents=0.0
2025-12-16 05:26:38 [tracker] [s3] onset t=1.769 env=0.00133 gate=0.00008 envDelta=0.00126 envFloor=0.00087 onset=1.001 thresh=0.012 onsetDelta=0.98902 baseline=0.00058 adaptive=0.00145 lastPeak=0.00000 guard=0.060 activeAge=-1.000 pitch=-1.00Hz pitchCents=0.0
2025-12-16 05:26:38 [tracker] [s2] onset t=1.836 env=0.00107 gate=0.00001 envDelta=0.00107 envFloor=0.00076 onset=1.039 thresh=0.009 onsetDelta=1.03003 baseline=0.00050 adaptive=0.00126 lastPeak=0.00013 guard=0.060 activeAge=-1.000 pitch=170.21Hz pitchCents=755.8
2025-12-16 05:26:38 [tracker] [s3] onset t=1.868 env=0.00121 gate=0.00007 envDelta=0.00114 envFloor=0.00084 onset=0.627 thresh=0.012 onsetDelta=0.61584 baseline=0.00056 adaptive=0.00140 lastPeak=0.00000 guard=0.060 activeAge=-1.000 pitch=-1.00Hz pitchCents=0.0
2025-12-16 05:26:38 [tracker] [s1] aubio-raw t=2.0013 onset=1.049882 env=0.001108 peak=0.002217 gain=1.000
2025-12-16 05:26:38 [tracker] [s1] onset t=2.001 env=0.00111 gate=0.00002 envDelta=0.00109 envFloor=0.00052 onset=1.050 thresh=0.006 onsetDelta=1.04388 baseline=0.00034 adaptive=0.00086 lastPeak=0.00002 guard=0.060 activeAge=-1.000 pitch=173.91Hz pitchCents=1293.0
2025-12-16 05:26:38 [tracker] [s1] note-start t=2.001 fret=6 midi=46 vel=0.01 env=0.00111
2025-12-16 05:26:39 [tracker] [s6] onset t=2.233 env=0.00206 gate=0.00021 envDelta=0.00185 envFloor=0.00127 onset=0.998 thresh=0.018 onsetDelta=0.97966 baseline=0.00085 adaptive=0.00212 lastPeak=0.00000 guard=0.060 activeAge=-1.000 pitch=-1.00Hz pitchCents=0.0
2025-12-16 05:26:39 [tracker] [s4] onset t=2.281 env=0.00144 gate=0.00010 envDelta=0.00133 envFloor=0.00092 onset=1.203 thresh=0.014 onsetDelta=1.18876 baseline=0.00061 adaptive=0.00153 lastPeak=0.00000 guard=0.060 activeAge=-1.000 pitch=-1.00Hz pitchCents=0.0
2025-12-16 05:26:39 [tracker] [s1] aubio-raw t=2.2867 onset=1.106339 env=0.000752 peak=0.001896 gain=1.000
2025-12-16 05:26:39 [tracker] [s1] onset-accepted t=2.2867 env=0.000752 gate=0.000032 envDelta=0.000720 envFloor=0.000517 onset=1.106339 thresh=0.006000 onsetDelta=1.100339 baseline=0.000583 floor=0.000180 adapt=0.000862 lastPeak=0.000648 baseParam=0.000180 gateRatio=0.0550 envParam=0.000450 onsetScale=0.300 retriggerScale=1.400 guard=0.060 guardRemain=0.000 activeAge=0.285 retrigRemain=0.000 pitchHz=222.23 pitchCents=1717.5
2025-12-16 05:26:39 [tracker] [s1] onset t=2.287 env=0.00075 gate=0.00003 envDelta=0.00072 envFloor=0.00052 onset=1.106 thresh=0.006 onsetDelta=1.10034 baseline=0.00058 adaptive=0.00086 lastPeak=0.00065 guard=0.060 activeAge=0.285 pitch=222.23Hz pitchCents=1717.5
2025-12-16 05:26:39 [tracker] [s1] note-ended (new onset) t=2.287 fret=6 dur=0.285
2025-12-16 05:26:39 [tracker] [s1] note-start t=2.287 fret=8 midi=48 vel=0.01 env=0.00075
2025-12-16 05:26:39 [tracker] [s5] onset t=2.329 env=0.00141 gate=0.00014 envDelta=0.00127 envFloor=0.00102 onset=0.949 thresh=0.016 onsetDelta=0.93287 baseline=0.00068 adaptive=0.00170 lastPeak=0.00000 guard=0.060 activeAge=-1.000 pitch=-1.00Hz pitchCents=0.0
2025-12-16 05:26:39 [tracker] [s2] onset t=2.431 env=0.00123 gate=0.00001 envDelta=0.00122 envFloor=0.00077 onset=1.002 thresh=0.009 onsetDelta=0.99331 baseline=0.00052 adaptive=0.00129 lastPeak=0.00004 guard=0.060 activeAge=-1.000 pitch=210.53Hz pitchCents=1123.8
2025-12-16 05:26:39 [tracker] [s2] note-start t=2.431 fret=22 midi=67 vel=0.01 env=0.00123
2025-12-16 05:26:39 [tracker] [s1] aubio-raw t=2.4680 onset=1.285408 env=0.000847 peak=0.001807 gain=1.000
2025-12-16 05:26:39 [tracker] [s1] onset t=2.468 env=0.00085 gate=0.00003 envDelta=0.00082 envFloor=0.00055 onset=1.285 thresh=0.006 onsetDelta=1.27941 baseline=0.00048 adaptive=0.00091 lastPeak=0.00053 guard=0.060 activeAge=0.181 pitch=95.24Hz pitchCents=250.5
2025-12-16 05:26:39 [tracker] [s1] note-ended (new onset) t=2.468 fret=8 dur=0.181
2025-12-16 05:26:39 [tracker] [s2] onset t=2.719 env=0.00127 gate=0.00001 envDelta=0.00127 envFloor=0.00074 onset=0.996 thresh=0.009 onsetDelta=0.98697 baseline=0.00064 adaptive=0.00124 lastPeak=0.00071 guard=0.060 activeAge=0.288 pitch=163.26Hz pitchCents=683.6
2025-12-16 05:26:39 [tracker] [s2] note-start t=2.719 fret=3 midi=48 vel=0.02 env=0.00127
2025-12-16 05:26:39 [tracker] [s6] onset t=2.724 env=0.00225 gate=0.00020 envDelta=0.00205 envFloor=0.00123 onset=0.995 thresh=0.018 onsetDelta=0.97657 baseline=0.00082 adaptive=0.00205 lastPeak=0.00000 guard=0.060 activeAge=-1.000 pitch=-1.00Hz pitchCents=0.0
2025-12-16 05:26:39 [tracker] [s3] onset t=2.793 env=0.00131 gate=0.00007 envDelta=0.00124 envFloor=0.00082 onset=0.994 thresh=0.012 onsetDelta=0.98221 baseline=0.00054 adaptive=0.00136 lastPeak=0.00000 guard=0.060 activeAge=-1.000 pitch=-1.00Hz pitchCents=0.0
2025-12-16 05:26:39 [tracker] [s5] onset t=2.825 env=0.00199 gate=0.00015 envDelta=0.00185 envFloor=0.00104 onset=1.172 thresh=0.016 onsetDelta=1.15578 baseline=0.00070 adaptive=0.00174 lastPeak=0.00000 guard=0.060 activeAge=-1.000 pitch=-1.00Hz pitchCents=0.0
2025-12-16 05:26:39 [tracker] [s3] onset t=2.871 env=0.00110 gate=0.00007 envDelta=0.00103 envFloor=0.00082 onset=0.934 thresh=0.012 onsetDelta=0.92200 baseline=0.00055 adaptive=0.00136 lastPeak=0.00000 guard=0.060 activeAge=-1.000 pitch=-1.00Hz pitchCents=0.0
2025-12-16 05:26:39 [tracker] [s2] onset t=2.876 env=0.00125 gate=0.00001 envDelta=0.00124 envFloor=0.00076 onset=0.740 thresh=0.009 onsetDelta=0.73098 baseline=0.00085 adaptive=0.00127 lastPeak=0.00095 guard=0.060 activeAge=0.157 pitch=137.92Hz pitchCents=391.6
2025-12-16 05:26:39 [tracker] [s1] aubio-raw t=2.8894 onset=0.715618 env=0.000735 peak=0.001798 gain=1.000
2025-12-16 05:26:39 [tracker] [s1] onset-accepted t=2.8894 env=0.000735 gate=0.000019 envDelta=0.000716 envFloor=0.000518 onset=0.715618 thresh=0.006000 onsetDelta=0.709618 baseline=0.000345 floor=0.000180 adapt=0.000863 lastPeak=0.000242 baseParam=0.000180 gateRatio=0.0550 envParam=0.000450 onsetScale=0.300 retriggerScale=1.400 guard=0.060 guardRemain=0.000 activeAge=-1.000 retrigRemain=0.000 pitchHz=109.58 pitchCents=493.4
2025-12-16 05:26:39 [tracker] [s1] onset t=2.889 env=0.00073 gate=0.00002 envDelta=0.00072 envFloor=0.00052 onset=0.716 thresh=0.006 onsetDelta=0.70962 baseline=0.00035 adaptive=0.00086 lastPeak=0.00024 guard=0.060 activeAge=-1.000 pitch=109.58Hz pitchCents=493.4
2025-12-16 05:26:39 [tracker] [s6] onset t=2.996 env=0.00209 gate=0.00022 envDelta=0.00186 envFloor=0.00134 onset=1.024 thresh=0.018 onsetDelta=1.00609 baseline=0.00089 adaptive=0.00223 lastPeak=0.00000 guard=0.060 activeAge=-1.000 pitch=-1.00Hz pitchCents=0.0
2025-12-16 05:26:39 [tracker] [s1] aubio-raw t=3.1347 onset=1.216462 env=0.000708 peak=0.001423 gain=1.000
2025-12-16 05:26:39 [tracker] [s1] onset-accepted t=3.1347 env=0.000708 gate=0.000017 envDelta=0.000690 envFloor=0.000471 onset=1.216462 thresh=0.006000 onsetDelta=1.210462 baseline=0.000314 floor=0.000180 adapt=0.000786 lastPeak=0.000153 baseParam=0.000180 gateRatio=0.0550 envParam=0.000450 onsetScale=0.300 retriggerScale=1.400 guard=0.060 guardRemain=0.000 activeAge=-1.000 retrigRemain=0.000 pitchHz=210.52 pitchCents=1623.8
2025-12-16 05:26:39 [tracker] [s1] onset t=3.135 env=0.00071 gate=0.00002 envDelta=0.00069 envFloor=0.00047 onset=1.216 thresh=0.006 onsetDelta=1.21046 baseline=0.00031 adaptive=0.00079 lastPeak=0.00015 guard=0.060 activeAge=-1.000 pitch=210.52Hz pitchCents=1623.8
2025-12-16 05:26:39 [tracker] [s4] onset t=3.153 env=0.00122 gate=0.00010 envDelta=0.00112 envFloor=0.00085 onset=1.004 thresh=0.014 onsetDelta=0.98988 baseline=0.00057 adaptive=0.00142 lastPeak=0.00000 guard=0.060 activeAge=-1.000 pitch=-1.00Hz pitchCents=0.0
2025-12-16 05:26:39 [tracker] [s2] onset t=3.212 env=0.00106 gate=0.00001 envDelta=0.00106 envFloor=0.00076 onset=0.890 thresh=0.009 onsetDelta=0.88117 baseline=0.00051 adaptive=0.00127 lastPeak=0.00050 guard=0.060 activeAge=-1.000 pitch=228.59Hz pitchCents=1266.3
2025-12-16 05:26:39 [tracker] [s2] note-start t=3.212 fret=13 midi=58 vel=0.01 env=0.00106
2025-12-16 05:26:39 [tracker] [s1] aubio-raw t=3.2174 onset=1.126445 env=0.000724 peak=0.001641 gain=1.000
2025-12-16 05:26:39 [tracker] [s1] onset-accepted t=3.2174 env=0.000724 gate=0.000018 envDelta=0.000707 envFloor=0.000489 onset=1.126445 thresh=0.006000 onsetDelta=1.120445 baseline=0.000326 floor=0.000180 adapt=0.000814 lastPeak=0.000131 baseParam=0.000180 gateRatio=0.0550 envParam=0.000450 onsetScale=0.300 retriggerScale=1.400 guard=0.060 guardRemain=0.000 activeAge=-1.000 retrigRemain=0.000 pitchHz=123.08 pitchCents=694.4
2025-12-16 05:26:39 [tracker] [s1] onset t=3.217 env=0.00072 gate=0.00002 envDelta=0.00071 envFloor=0.00049 onset=1.126 thresh=0.006 onsetDelta=1.12045 baseline=0.00033 adaptive=0.00081 lastPeak=0.00013 guard=0.060 activeAge=-1.000 pitch=123.08Hz pitchCents=694.4
2025-12-16 05:26:39 [tracker] [s1] note-start t=3.217 fret=3 midi=43 vel=0.01 env=0.00072
2025-12-16 05:26:40 [tracker] [s1] aubio-raw t=3.2814 onset=1.112605 env=0.000666 peak=0.001517 gain=1.000
2025-12-16 05:26:40 [tracker] [s1] onset-accepted t=3.2814 env=0.000666 gate=0.000032 envDelta=0.000634 envFloor=0.000515 onset=1.112605 thresh=0.006000 onsetDelta=1.106605 baseline=0.000578 floor=0.000180 adapt=0.000859 lastPeak=0.000642 baseParam=0.000180 gateRatio=0.0550 envParam=0.000450 onsetScale=0.300 retriggerScale=1.400 guard=0.060 guardRemain=0.000 activeAge=0.064 retrigRemain=0.156 pitchHz=121.21 pitchCents=668.0
2025-12-16 05:26:40 [tracker] [s1] onset t=3.281 env=0.00067 gate=0.00003 envDelta=0.00063 envFloor=0.00052 onset=1.113 thresh=0.006 onsetDelta=1.10660 baseline=0.00058 adaptive=0.00086 lastPeak=0.00064 guard=0.060 activeAge=0.064 pitch=121.21Hz pitchCents=668.0
2025-12-16 05:26:40 [tracker] [s1] note-ended (new onset) t=3.281 fret=3 dur=0.064
2025-12-16 05:26:40 [tracker] [s5] onset t=3.388 env=0.00179 gate=0.00015 envDelta=0.00163 envFloor=0.00110 onset=0.867 thresh=0.016 onsetDelta=0.85087 baseline=0.00074 adaptive=0.00184 lastPeak=0.00000 guard=0.060 activeAge=-1.000 pitch=-1.00Hz pitchCents=0.0
2025-12-16 05:26:40 [tracker] [s2] onset t=3.471 env=0.00120 gate=0.00001 envDelta=0.00119 envFloor=0.00079 onset=0.997 thresh=0.009 onsetDelta=0.98845 baseline=0.00059 adaptive=0.00132 lastPeak=0.00065 guard=0.060 activeAge=0.259 pitch=121.20Hz pitchCents=167.9
2025-12-16 05:26:40 [tracker] [s2] note-ended (new onset) t=3.471 fret=13 dur=0.259
2025-12-16 05:26:40 [tracker] [s6] onset t=3.481 env=0.00189 gate=0.00020 envDelta=0.00169 envFloor=0.00121 onset=0.564 thresh=0.018 onsetDelta=0.54580 baseline=0.00081 adaptive=0.00202 lastPeak=0.00000 guard=0.060 activeAge=-1.000 pitch=-1.00Hz pitchCents=0.0
2025-12-16 05:26:40 [tracker] [s4] onset t=3.537 env=0.00159 gate=0.00010 envDelta=0.00149 envFloor=0.00092 onset=1.094 thresh=0.014 onsetDelta=1.07991 baseline=0.00061 adaptive=0.00153 lastPeak=0.00000 guard=0.060 activeAge=-1.000 pitch=-1.00Hz pitchCents=0.0
2025-12-16 05:26:40 [tracker] [s1] aubio-raw t=3.5507 onset=0.996676 env=0.000853 peak=0.001995 gain=1.000
2025-12-16 05:26:40 [tracker] [s1] onset-accepted t=3.5507 env=0.000853 gate=0.000019 envDelta=0.000834 envFloor=0.000508 onset=0.996676 thresh=0.006000 onsetDelta=0.990676 baseline=0.000348 floor=0.000180 adapt=0.000846 lastPeak=0.000387 baseParam=0.000180 gateRatio=0.0550 envParam=0.000450 onsetScale=0.300 retriggerScale=1.400 guard=0.060 guardRemain=0.000 activeAge=-1.000 retrigRemain=0.000 pitchHz=140.34 pitchCents=921.7
2025-12-16 05:26:40 [tracker] [s1] onset t=3.551 env=0.00085 gate=0.00002 envDelta=0.00083 envFloor=0.00051 onset=0.997 thresh=0.006 onsetDelta=0.99068 baseline=0.00035 adaptive=0.00085 lastPeak=0.00039 guard=0.060 activeAge=-1.000 pitch=140.34Hz pitchCents=921.7
2025-12-16 05:26:40 [tracker] [s5] onset t=3.551 env=0.00160 gate=0.00014 envDelta=0.00146 envFloor=0.00098 onset=1.148 thresh=0.016 onsetDelta=1.13244 baseline=0.00065 adaptive=0.00164 lastPeak=0.00000 guard=0.060 activeAge=-1.000 pitch=-1.00Hz pitchCents=0.0
2025-12-16 05:26:40 [tracker] [s6] onset t=3.599 env=0.00196 gate=0.00020 envDelta=0.00176 envFloor=0.00119 onset=0.863 thresh=0.018 onsetDelta=0.84477 baseline=0.00079 adaptive=0.00199 lastPeak=0.00000 guard=0.060 activeAge=-1.000 pitch=-1.00Hz pitchCents=0.0
2025-12-16 05:26:40 [tracker] [s2] onset t=3.655 env=0.00137 gate=0.00001 envDelta=0.00136 envFloor=0.00083 onset=1.324 thresh=0.009 onsetDelta=1.31467 baseline=0.00056 adaptive=0.00139 lastPeak=0.00046 guard=0.060 activeAge=-1.000 pitch=170.22Hz pitchCents=755.8
2025-12-16 05:26:40 [tracker] [s4] onset t=3.655 env=0.00142 gate=0.00011 envDelta=0.00131 envFloor=0.00097 onset=0.916 thresh=0.014 onsetDelta=0.90227 baseline=0.00065 adaptive=0.00162 lastPeak=0.00000 guard=0.060 activeAge=-1.000 pitch=-1.00Hz pitchCents=0.0
2025-12-16 05:26:40 [tracker] [s6] onset t=3.713 env=0.00214 gate=0.00022 envDelta=0.00192 envFloor=0.00131 onset=0.992 thresh=0.018 onsetDelta=0.97390 baseline=0.00087 adaptive=0.00218 lastPeak=0.00000 guard=0.060 activeAge=-1.000 pitch=-1.00Hz pitchCents=0.0
2025-12-16 05:26:40 [tracker] [s5] onset t=3.721 env=0.00178 gate=0.00015 envDelta=0.00163 envFloor=0.00107 onset=0.764 thresh=0.016 onsetDelta=0.74770 baseline=0.00072 adaptive=0.00179 lastPeak=0.00000 guard=0.060 activeAge=-1.000 pitch=-1.00Hz pitchCents=0.0
2025-12-16 05:26:40 [tracker] [s3] onset t=3.788 env=0.00109 gate=0.00007 envDelta=0.00102 envFloor=0.00084 onset=1.020 thresh=0.012 onsetDelta=1.00876 baseline=0.00056 adaptive=0.00139 lastPeak=0.00000 guard=0.060 activeAge=-1.000 pitch=-1.00Hz pitchCents=0.0
2025-12-16 05:26:40 [tracker] [s2] onset t=3.812 env=0.00122 gate=0.00000 envDelta=0.00121 envFloor=0.00073 onset=1.123 thresh=0.009 onsetDelta=1.11446 baseline=0.00049 adaptive=0.00122 lastPeak=0.00034 guard=0.060 activeAge=-1.000 pitch=363.65Hz pitchCents=2070.1
2025-12-16 05:26:40 [tracker] [s4] onset t=3.871 env=0.00102 gate=0.00010 envDelta=0.00091 envFloor=0.00092 onset=1.191 thresh=0.014 onsetDelta=1.17727 baseline=0.00061 adaptive=0.00153 lastPeak=0.00000 guard=0.060 activeAge=-1.000 pitch=-1.00Hz pitchCents=0.0
2025-12-16 05:26:40 [tracker] [s6] onset t=3.881 env=0.00184 gate=0.00019 envDelta=0.00165 envFloor=0.00112 onset=1.415 thresh=0.018 onsetDelta=1.39731 baseline=0.00075 adaptive=0.00187 lastPeak=0.00000 guard=0.060 activeAge=-1.000 pitch=-1.00Hz pitchCents=0.0
2025-12-16 05:26:40 [tracker] [s2] onset t=3.964 env=0.00088 gate=0.00000 envDelta=0.00087 envFloor=0.00073 onset=0.988 thresh=0.009 onsetDelta=0.97900 baseline=0.00049 adaptive=0.00122 lastPeak=0.00026 guard=0.060 activeAge=-1.000 pitch=114.28Hz pitchCents=66.1
2025-12-16 05:26:40 [tracker] [s5] onset t=4.081 env=0.00162 gate=0.00016 envDelta=0.00147 envFloor=0.00111 onset=1.160 thresh=0.016 onsetDelta=1.14435 baseline=0.00074 adaptive=0.00185 lastPeak=0.00000 guard=0.060 activeAge=-1.000 pitch=-1.00Hz pitchCents=0.0
2025-12-16 05:26:40 [tracker] [s4] onset t=4.148 env=0.00142 gate=0.00011 envDelta=0.00132 envFloor=0.00093 onset=0.994 thresh=0.014 onsetDelta=0.97977 baseline=0.00062 adaptive=0.00155 lastPeak=0.00000 guard=0.060 activeAge=-1.000 pitch=-1.00Hz pitchCents=0.0
2025-12-16 05:26:40 [tracker] [s2] onset t=4.209 env=0.00096 gate=0.00001 envDelta=0.00096 envFloor=0.00076 onset=0.997 thresh=0.009 onsetDelta=0.98765 baseline=0.00051 adaptive=0.00127 lastPeak=0.00016 guard=0.060 activeAge=-1.000 pitch=150.94Hz pitchCents=547.8
2025-12-16 05:26:41 [tracker] [s4] onset t=4.311 env=0.00142 gate=0.00010 envDelta=0.00131 envFloor=0.00092 onset=1.389 thresh=0.014 onsetDelta=1.37467 baseline=0.00061 adaptive=0.00153 lastPeak=0.00000 guard=0.060 activeAge=-1.000 pitch=-1.00Hz pitchCents=0.0
2025-12-16 05:26:41 [tracker] [s5] onset t=4.319 env=0.00145 gate=0.00014 envDelta=0.00131 envFloor=0.00099 onset=0.992 thresh=0.016 onsetDelta=0.97636 baseline=0.00066 adaptive=0.00165 lastPeak=0.00000 guard=0.060 activeAge=-1.000 pitch=-1.00Hz pitchCents=0.0
2025-12-16 05:26:41 [tracker] [s3] onset t=4.345 env=0.00125 gate=0.00007 envDelta=0.00118 envFloor=0.00083 onset=0.995 thresh=0.012 onsetDelta=0.98325 baseline=0.00055 adaptive=0.00138 lastPeak=0.00000 guard=0.060 activeAge=-1.000 pitch=-1.00Hz pitchCents=0.0
