# SignalAssistant session log
# Started at 2025-12-16 05:27:58
2025-12-16 05:27:58 [tracker-settings] TrackerConfig onsetThreshold=0.02000 minNoteDurSec=0.045 hopSec=0.010 slideDelta=120.0 bendDelta=35.0
2025-12-16 05:27:58 [tracker-settings] string1 midi=40 lowCut=37.08Hz highCut=445.00Hz baseline=0.000180 gateRatio=0.05500 envFloor=0.000450 sustainScale=0.580 retriggerScale=1.400 peakRelease=0.120 pitchTol=0.400 onsetScale=0.006
2025-12-16 05:27:58 [tracker-settings] string6 midi=64 lowCut=214.26Hz highCut=1450.36Hz baseline=0.000420 gateRatio=0.25000 envFloor=0.001050 sustainScale=1.000 retriggerScale=1.000 peakRelease=0.200 pitchTol=0.550 onsetScale=0.018
2025-12-16 05:27:58 [tracker] [s1] calibration reset target=0.00180 gain=1.000
2025-12-16 05:27:58 [tracker] [s2] calibration reset target=0.00180 gain=1.000
2025-12-16 05:27:58 [tracker] [s3] calibration reset target=0.00180 gain=1.000
2025-12-16 05:27:58 [tracker] [s4] calibration reset target=0.00180 gain=1.000
2025-12-16 05:27:58 [tracker] [s5] calibration reset target=0.00180 gain=1.000
2025-12-16 05:27:58 [tracker] [s6] calibration reset target=0.00180 gain=1.000
2025-12-16 05:27:58 [calibration] Loading calibration profile multipliers into parameters
2025-12-16 05:27:58 [calibration] String 1: setting multiplier to 6.317
2025-12-16 05:27:58 [calibration] String 2: setting multiplier to 8.000
2025-12-16 05:27:58 [calibration] String 3: setting multiplier to 8.000
2025-12-16 05:27:58 [calibration] String 4: setting multiplier to 8.000
2025-12-16 05:27:58 [calibration] String 5: setting multiplier to 8.000
2025-12-16 05:27:58 [calibration] String 6: setting multiplier to 8.000
2025-12-16 05:27:58 [tracker] [s1] calibration avg=0.03970 target=0.00180 gain=1.000
2025-12-16 05:27:58 [tracker] [s2] calibration avg=0.01940 target=0.00180 gain=1.000
2025-12-16 05:27:58 [tracker] [s3] calibration avg=0.01411 target=0.00180 gain=1.000
2025-12-16 05:27:58 [tracker] [s4] calibration avg=0.03018 target=0.00180 gain=1.000
2025-12-16 05:27:58 [tracker] [s5] calibration avg=0.02970 target=0.00180 gain=1.000
2025-12-16 05:27:58 [tracker] [s6] calibration avg=0.02331 target=0.00180 gain=1.000
2025-12-16 05:27:58 [tracker] [s1] configure sr=48000.0 hop=128 fft=1024 low=37.1 high=445.0
2025-12-16 05:27:58 [tracker] [s2] configure sr=48000.0 hop=128 fft=1024 low=55.0 high=563.2
2025-12-16 05:27:58 [tracker] [s2] params baseline=0.000220 gate=0.0100 envFloor=0.000100 sustain=1.500 retrigger=1.250 peakRelease=0.130 pitchTol=0.400 onsetScale=0.009 aubioScale=1.35 aubioThresh=0.027 onsetSilence=-85.0 pitchSilence=-90.0
2025-12-16 05:27:58 [tracker] [s3] configure sr=48000.0 hop=128 fft=1024 low=85.2 high=693.0
2025-12-16 05:27:58 [tracker] [s3] params baseline=0.000260 gate=0.1300 envFloor=0.000650 sustain=0.820 retrigger=1.100 peakRelease=0.140 pitchTol=0.450 onsetScale=0.012 aubioScale=1.60 aubioThresh=0.032 onsetSilence=-75.0 pitchSilence=-80.0
2025-12-16 05:27:58 [tracker] [s4] configure sr=48000.0 hop=128 fft=1024 low=127.4 high=862.4
2025-12-16 05:27:58 [tracker] [s4] params baseline=0.000320 gate=0.1700 envFloor=0.000780 sustain=1.000 retrigger=1.000 peakRelease=0.160 pitchTol=0.440 onsetScale=0.014 aubioScale=1.80 aubioThresh=0.036 onsetSilence=-75.0 pitchSilence=-80.0
2025-12-16 05:27:58 [tracker] [s5] configure sr=48000.0 hop=128 fft=512 low=160.5 high=1086.5
2025-12-16 05:27:58 [tracker] [s5] params baseline=0.000370 gate=0.2100 envFloor=0.000900 sustain=1.000 retrigger=1.000 peakRelease=0.180 pitchTol=0.500 onsetScale=0.016 aubioScale=1.80 aubioThresh=0.036 onsetSilence=-75.0 pitchSilence=-80.0
2025-12-16 05:27:58 [tracker] [s6] configure sr=48000.0 hop=128 fft=512 low=214.3 high=1450.4
2025-12-16 05:27:58 [tracker] [s6] params baseline=0.000420 gate=0.2500 envFloor=0.001050 sustain=1.000 retrigger=1.000 peakRelease=0.200 pitchTol=0.550 onsetScale=0.018 aubioScale=1.80 aubioThresh=0.036 onsetSilence=-75.0 pitchSilence=-80.0
2025-12-16 05:27:58 [tracker] [s1] aubio-raw t=0.0120 onset=4.000000 env=0.001068 peak=0.002404 gain=1.000
2025-12-16 05:27:58 [tracker] [s1] onset-accepted t=0.0120 env=0.001068 gate=0.000022 envDelta=0.001046 envFloor=0.000606 onset=4.000000 thresh=0.006000 onsetDelta=3.994000 baseline=0.000404 floor=0.000180 adapt=0.001010 lastPeak=0.000000 baseParam=0.000180 gateRatio=0.0550 envParam=0.000450 onsetScale=0.300 retriggerScale=1.400 guard=0.060 guardRemain=0.000 activeAge=-1.000 retrigRemain=0.000 pitchHz=125.16 pitchCents=723.6
2025-12-16 05:27:58 [tracker] [s1] onset t=0.012 env=0.00107 gate=0.00002 envDelta=0.00105 envFloor=0.00061 onset=4.000 thresh=0.006 onsetDelta=3.99400 baseline=0.00040 adaptive=0.00101 lastPeak=0.00000 guard=0.060 activeAge=-1.000 pitch=125.16Hz pitchCents=723.6
2025-12-16 05:27:58 [tracker] [s2] onset t=0.012 env=0.00148 gate=0.00000 envDelta=0.00148 envFloor=0.00064 onset=4.000 thresh=0.009 onsetDelta=3.99100 baseline=0.00043 adaptive=0.00107 lastPeak=0.00000 guard=0.060 activeAge=-1.000 pitch=125.16Hz pitchCents=223.6
2025-12-16 05:27:58 [tracker] [s3] onset t=0.012 env=0.00110 gate=0.00005 envDelta=0.00105 envFloor=0.00065 onset=4.000 thresh=0.012 onsetDelta=3.98840 baseline=0.00041 adaptive=0.00102 lastPeak=0.00000 guard=0.060 activeAge=-1.000 pitch=125.16Hz pitchCents=-276.4
2025-12-16 05:27:58 [tracker] [s4] onset t=0.012 env=0.00159 gate=0.00007 envDelta=0.00152 envFloor=0.00078 onset=4.000 thresh=0.014 onsetDelta=3.98600 baseline=0.00044 adaptive=0.00109 lastPeak=0.00000 guard=0.060 activeAge=-1.000 pitch=125.16Hz pitchCents=-776.4
2025-12-16 05:27:58 [tracker] [s5] onset t=0.012 env=0.00181 gate=0.00009 envDelta=0.00172 envFloor=0.00090 onset=4.000 thresh=0.016 onsetDelta=3.98400 baseline=0.00045 adaptive=0.00112 lastPeak=0.00000 guard=0.060 activeAge=-1.000 pitch=376.47Hz pitchCents=730.0
2025-12-16 05:27:58 [tracker] [s6] onset t=0.012 env=0.00197 gate=0.00011 envDelta=0.00185 envFloor=0.00105 onset=4.000 thresh=0.018 onsetDelta=3.98200 baseline=0.00046 adaptive=0.00114 lastPeak=0.00000 guard=0.060 activeAge=-1.000 pitch=376.47Hz pitchCents=230.0
2025-12-16 05:27:59 [tracker] [s6] onset t=0.175 env=0.00182 gate=0.00020 envDelta=0.00162 envFloor=0.00121 onset=1.288 thresh=0.018 onsetDelta=1.26960 baseline=0.00081 adaptive=0.00202 lastPeak=0.00000 guard=0.060 activeAge=-1.000 pitch=-1.00Hz pitchCents=0.0
2025-12-16 05:27:59 [tracker] [s2] onset t=0.244 env=0.00101 gate=0.00001 envDelta=0.00101 envFloor=0.00076 onset=1.002 thresh=0.009 onsetDelta=0.99340 baseline=0.00051 adaptive=0.00127 lastPeak=0.00000 guard=0.060 activeAge=-1.000 pitch=150.94Hz pitchCents=547.8
2025-12-16 05:27:59 [tracker] [s1] aubio-raw t=0.2493 onset=0.998354 env=0.000545 peak=0.001410 gain=1.000
2025-12-16 05:27:59 [tracker] [s1] onset-accepted t=0.2493 env=0.000545 gate=0.000018 envDelta=0.000526 envFloor=0.000498 onset=0.998354 thresh=0.006000 onsetDelta=0.992354 baseline=0.000332 floor=0.000180 adapt=0.000831 lastPeak=0.000000 baseParam=0.000180 gateRatio=0.0550 envParam=0.000450 onsetScale=0.300 retriggerScale=1.400 guard=0.060 guardRemain=0.000 activeAge=-1.000 retrigRemain=0.000 pitchHz=156.86 pitchCents=1114.4
2025-12-16 05:27:59 [tracker] [s1] onset t=0.249 env=0.00054 gate=0.00002 envDelta=0.00053 envFloor=0.00050 onset=0.998 thresh=0.006 onsetDelta=0.99235 baseline=0.00033 adaptive=0.00083 lastPeak=0.00000 guard=0.060 activeAge=-1.000 pitch=156.86Hz pitchCents=1114.4
2025-12-16 05:27:59 [tracker] [s1] note-start t=0.249 fret=11 midi=51 vel=0.01 env=0.00054
2025-12-16 05:27:59 [tracker] [s3] onset t=0.481 env=0.00121 gate=0.00007 envDelta=0.00114 envFloor=0.00079 onset=0.996 thresh=0.012 onsetDelta=0.98477 baseline=0.00053 adaptive=0.00132 lastPeak=0.00000 guard=0.060 activeAge=-1.000 pitch=-1.00Hz pitchCents=0.0
2025-12-16 05:27:59 [tracker] [s4] onset t=0.500 env=0.00160 gate=0.00010 envDelta=0.00150 envFloor=0.00091 onset=0.612 thresh=0.014 onsetDelta=0.59763 baseline=0.00061 adaptive=0.00152 lastPeak=0.00000 guard=0.060 activeAge=-1.000 pitch=-1.00Hz pitchCents=0.0
2025-12-16 05:27:59 [tracker] [s2] onset t=0.503 env=0.00124 gate=0.00001 envDelta=0.00123 envFloor=0.00077 onset=0.863 thresh=0.009 onsetDelta=0.85357 baseline=0.00056 adaptive=0.00128 lastPeak=0.00062 guard=0.060 activeAge=0.259 pitch=186.05Hz pitchCents=909.8
2025-12-16 05:27:59 [tracker] [s2] note-ended (new onset) t=0.503 fret=13 dur=0.259
2025-12-16 05:27:59 [tracker] [s2] note-start t=0.503 fret=0 midi=45 vel=0.01 env=0.00124
2025-12-16 05:27:59 [tracker] [s1] aubio-raw t=0.5133 onset=0.989726 env=0.000599 peak=0.001688 gain=1.000
2025-12-16 05:27:59 [tracker] [s1] onset-accepted t=0.5133 env=0.000599 gate=0.000018 envDelta=0.000581 envFloor=0.000488 onset=0.989726 thresh=0.006000 onsetDelta=0.983726 baseline=0.000325 floor=0.000180 adapt=0.000813 lastPeak=0.000332 baseParam=0.000180 gateRatio=0.0550 envParam=0.000450 onsetScale=0.300 retriggerScale=1.400 guard=0.060 guardRemain=0.000 activeAge=0.264 retrigRemain=0.000 pitchHz=163.27 pitchCents=1183.7
2025-12-16 05:27:59 [tracker] [s1] onset t=0.513 env=0.00060 gate=0.00002 envDelta=0.00058 envFloor=0.00049 onset=0.990 thresh=0.006 onsetDelta=0.98373 baseline=0.00033 adaptive=0.00081 lastPeak=0.00033 guard=0.060 activeAge=0.264 pitch=163.27Hz pitchCents=1183.7
2025-12-16 05:27:59 [tracker] [s1] note-ended (new onset) t=0.513 fret=11 dur=0.264
2025-12-16 05:27:59 [tracker] [s1] note-start t=0.513 fret=8 midi=48 vel=0.01 env=0.00060
2025-12-16 05:27:59 [tracker] [s3] onset t=0.577 env=0.00106 gate=0.00007 envDelta=0.00099 envFloor=0.00080 onset=1.175 thresh=0.012 onsetDelta=1.16313 baseline=0.00053 adaptive=0.00134 lastPeak=0.00000 guard=0.060 activeAge=-1.000 pitch=-1.00Hz pitchCents=0.0
2025-12-16 05:27:59 [tracker] [s6] onset t=0.583 env=0.00193 gate=0.00021 envDelta=0.00172 envFloor=0.00127 onset=1.087 thresh=0.018 onsetDelta=1.06937 baseline=0.00085 adaptive=0.00212 lastPeak=0.00000 guard=0.060 activeAge=-1.000 pitch=-1.00Hz pitchCents=0.0
2025-12-16 05:27:59 [tracker] [s1] aubio-raw t=0.6173 onset=1.292105 env=0.000792 peak=0.001615 gain=1.000
2025-12-16 05:27:59 [tracker] [s1] onset-accepted t=0.6173 env=0.000792 gate=0.000024 envDelta=0.000768 envFloor=0.000545 onset=1.292105 thresh=0.006000 onsetDelta=1.286105 baseline=0.000444 floor=0.000180 adapt=0.000909 lastPeak=0.000493 baseParam=0.000180 gateRatio=0.0550 envParam=0.000450 onsetScale=0.300 retriggerScale=1.400 guard=0.060 guardRemain=0.000 activeAge=0.104 retrigRemain=0.116 pitchHz=95.24 pitchCents=250.5
2025-12-16 05:27:59 [tracker] [s1] onset t=0.617 env=0.00079 gate=0.00002 envDelta=0.00077 envFloor=0.00055 onset=1.292 thresh=0.006 onsetDelta=1.28611 baseline=0.00044 adaptive=0.00091 lastPeak=0.00049 guard=0.060 activeAge=0.104 pitch=95.24Hz pitchCents=250.5
2025-12-16 05:27:59 [tracker] [s1] note-ended (new onset) t=0.617 fret=8 dur=0.104
2025-12-16 05:27:59 [tracker] [s1] note-start t=0.617 fret=3 midi=43 vel=0.01 env=0.00079
2025-12-16 05:27:59 [tracker] [s3] onset t=0.647 env=0.00120 gate=0.00008 envDelta=0.00112 envFloor=0.00087 onset=0.918 thresh=0.012 onsetDelta=0.90630 baseline=0.00058 adaptive=0.00145 lastPeak=0.00000 guard=0.060 activeAge=-1.000 pitch=-1.00Hz pitchCents=0.0
2025-12-16 05:27:59 [tracker] [s2] onset t=0.713 env=0.00128 gate=0.00001 envDelta=0.00127 envFloor=0.00083 onset=0.867 thresh=0.009 onsetDelta=0.85761 baseline=0.00075 adaptive=0.00138 lastPeak=0.00083 guard=0.060 activeAge=0.211 pitch=170.21Hz pitchCents=755.8
2025-12-16 05:27:59 [tracker] [s2] note-ended (new onset) t=0.713 fret=0 dur=0.211
2025-12-16 05:27:59 [tracker] [s5] onset t=0.735 env=0.00150 gate=0.00015 envDelta=0.00135 envFloor=0.00104 onset=0.884 thresh=0.016 onsetDelta=0.86832 baseline=0.00070 adaptive=0.00174 lastPeak=0.00000 guard=0.060 activeAge=-1.000 pitch=-1.00Hz pitchCents=0.0
2025-12-16 05:27:59 [tracker] [s3] onset t=0.767 env=0.00139 gate=0.00007 envDelta=0.00131 envFloor=0.00082 onset=0.989 thresh=0.012 onsetDelta=0.97771 baseline=0.00055 adaptive=0.00136 lastPeak=0.00000 guard=0.060 activeAge=-1.000 pitch=-1.00Hz pitchCents=0.0
2025-12-16 05:27:59 [tracker] [s1] aubio-raw t=0.8173 onset=0.884886 env=0.000828 peak=0.001677 gain=1.000
2025-12-16 05:27:59 [tracker] [s1] onset-accepted t=0.8173 env=0.000828 gate=0.000027 envDelta=0.000801 envFloor=0.000532 onset=0.884886 thresh=0.006000 onsetDelta=0.878886 baseline=0.000489 floor=0.000180 adapt=0.000887 lastPeak=0.000544 baseParam=0.000180 gateRatio=0.0550 envParam=0.000450 onsetScale=0.300 retriggerScale=1.400 guard=0.060 guardRemain=0.000 activeAge=0.200 retrigRemain=0.020 pitchHz=117.64 pitchCents=616.2
2025-12-16 05:27:59 [tracker] [s1] onset t=0.817 env=0.00083 gate=0.00003 envDelta=0.00080 envFloor=0.00053 onset=0.885 thresh=0.006 onsetDelta=0.87889 baseline=0.00049 adaptive=0.00089 lastPeak=0.00054 guard=0.060 activeAge=0.200 pitch=117.64Hz pitchCents=616.2
2025-12-16 05:27:59 [tracker] [s1] note-ended (new onset) t=0.817 fret=3 dur=0.200
2025-12-16 05:27:59 [tracker] [s1] aubio-raw t=0.9000 onset=0.997462 env=0.000632 peak=0.001396 gain=1.000
2025-12-16 05:27:59 [tracker] [s1] onset-accepted t=0.9000 env=0.000632 gate=0.000023 envDelta=0.000609 envFloor=0.000481 onset=0.997462 thresh=0.006000 onsetDelta=0.991462 baseline=0.000419 floor=0.000180 adapt=0.000801 lastPeak=0.000466 baseParam=0.000180 gateRatio=0.0550 envParam=0.000450 onsetScale=0.300 retriggerScale=1.400 guard=0.060 guardRemain=0.000 activeAge=-1.000 retrigRemain=0.000 pitchHz=98.77 pitchCents=313.6
2025-12-16 05:27:59 [tracker] [s1] onset t=0.900 env=0.00063 gate=0.00002 envDelta=0.00061 envFloor=0.00048 onset=0.997 thresh=0.006 onsetDelta=0.99146 baseline=0.00042 adaptive=0.00080 lastPeak=0.00047 guard=0.060 activeAge=-1.000 pitch=98.77Hz pitchCents=313.6
2025-12-16 05:27:59 [tracker] [s6] onset t=0.996 env=0.00186 gate=0.00021 envDelta=0.00166 envFloor=0.00124 onset=1.414 thresh=0.018 onsetDelta=1.39615 baseline=0.00083 adaptive=0.00207 lastPeak=0.00000 guard=0.060 activeAge=-1.000 pitch=-1.00Hz pitchCents=0.0
2025-12-16 05:28:00 [tracker] [s1] aubio-raw t=1.2120 onset=1.098979 env=0.000728 peak=0.002048 gain=1.000
2025-12-16 05:28:00 [tracker] [s1] onset-accepted t=1.2120 env=0.000728 gate=0.000017 envDelta=0.000711 envFloor=0.000472 onset=1.098979 thresh=0.006000 onsetDelta=1.092979 baseline=0.000314 floor=0.000180 adapt=0.000786 lastPeak=0.000259 baseParam=0.000180 gateRatio=0.0550 envParam=0.000450 onsetScale=0.300 retriggerScale=1.400 guard=0.060 guardRemain=0.000 activeAge=-1.000 retrigRemain=0.000 pitchHz=242.44 pitchCents=1868.1
2025-12-16 05:28:00 [tracker] [s1] onset t=1.212 env=0.00073 gate=0.00002 envDelta=0.00071 envFloor=0.00047 onset=1.099 thresh=0.006 onsetDelta=1.09298 baseline=0.00031 adaptive=0.00079 lastPeak=0.00026 guard=0.060 activeAge=-1.000 pitch=242.44Hz pitchCents=1868.1
2025-12-16 05:28:00 [tracker] [s5] onset t=1.247 env=0.00137 gate=0.00014 envDelta=0.00123 envFloor=0.00099 onset=0.721 thresh=0.016 onsetDelta=0.70509 baseline=0.00066 adaptive=0.00164 lastPeak=0.00000 guard=0.060 activeAge=-1.000 pitch=-1.00Hz pitchCents=0.0
2025-12-16 05:28:00 [tracker] [s1] aubio-raw t=1.2840 onset=1.033309 env=0.000877 peak=0.002029 gain=1.000
2025-12-16 05:28:00 [tracker] [s1] onset-accepted t=1.2840 env=0.000877 gate=0.000017 envDelta=0.000860 envFloor=0.000457 onset=1.033309 thresh=0.006000 onsetDelta=1.027309 baseline=0.000305 floor=0.000180 adapt=0.000762 lastPeak=0.000226 baseParam=0.000180 gateRatio=0.0550 envParam=0.000450 onsetScale=0.300 retriggerScale=1.400 guard=0.060 guardRemain=0.000 activeAge=-1.000 retrigRemain=0.000 pitchHz=210.53 pitchCents=1623.8
2025-12-16 05:28:00 [tracker] [s1] onset t=1.284 env=0.00088 gate=0.00002 envDelta=0.00086 envFloor=0.00046 onset=1.033 thresh=0.006 onsetDelta=1.02731 baseline=0.00030 adaptive=0.00076 lastPeak=0.00023 guard=0.060 activeAge=-1.000 pitch=210.53Hz pitchCents=1623.8
2025-12-16 05:28:00 [tracker] [s3] onset t=1.303 env=0.00116 gate=0.00008 envDelta=0.00108 envFloor=0.00087 onset=1.392 thresh=0.012 onsetDelta=1.38042 baseline=0.00058 adaptive=0.00146 lastPeak=0.00000 guard=0.060 activeAge=-1.000 pitch=-1.00Hz pitchCents=0.0
2025-12-16 05:28:00 [tracker] [s2] onset t=1.399 env=0.00112 gate=0.00000 envDelta=0.00112 envFloor=0.00074 onset=0.925 thresh=0.009 onsetDelta=0.91619 baseline=0.00049 adaptive=0.00123 lastPeak=0.00023 guard=0.060 activeAge=-1.000 pitch=106.67Hz pitchCents=-53.3
2025-12-16 05:28:00 [tracker] [s6] onset t=1.511 env=0.00196 gate=0.00020 envDelta=0.00176 envFloor=0.00121 onset=0.994 thresh=0.018 onsetDelta=0.97610 baseline=0.00081 adaptive=0.00202 lastPeak=0.00000 guard=0.060 activeAge=-1.000 pitch=-1.00Hz pitchCents=0.0
2025-12-16 05:28:00 [tracker] [s1] aubio-raw t=1.5560 onset=0.985359 env=0.000697 peak=0.001839 gain=1.000
2025-12-16 05:28:00 [tracker] [s1] onset-accepted t=1.5560 env=0.000697 gate=0.000018 envDelta=0.000678 envFloor=0.000503 onset=0.985359 thresh=0.006000 onsetDelta=0.979359 baseline=0.000335 floor=0.000180 adapt=0.000838 lastPeak=0.000136 baseParam=0.000180 gateRatio=0.0550 envParam=0.000450 onsetScale=0.300 retriggerScale=1.400 guard=0.060 guardRemain=0.000 activeAge=-1.000 retrigRemain=0.000 pitchHz=109.57 pitchCents=493.3
2025-12-16 05:28:00 [tracker] [s1] onset t=1.556 env=0.00070 gate=0.00002 envDelta=0.00068 envFloor=0.00050 onset=0.985 thresh=0.006 onsetDelta=0.97936 baseline=0.00034 adaptive=0.00084 lastPeak=0.00014 guard=0.060 activeAge=-1.000 pitch=109.57Hz pitchCents=493.3
2025-12-16 05:28:00 [tracker] [s1] aubio-raw t=1.6173 onset=0.582783 env=0.000740 peak=0.001850 gain=1.000
2025-12-16 05:28:00 [tracker] [s1] onset-accepted t=1.6173 env=0.000740 gate=0.000019 envDelta=0.000722 envFloor=0.000507 onset=0.582783 thresh=0.006000 onsetDelta=0.576783 baseline=0.000338 floor=0.000180 adapt=0.000844 lastPeak=0.000121 baseParam=0.000180 gateRatio=0.0550 envParam=0.000450 onsetScale=0.300 retriggerScale=1.400 guard=0.060 guardRemain=0.000 activeAge=-1.000 retrigRemain=0.000 pitchHz=177.78 pitchCents=1331.1
2025-12-16 05:28:00 [tracker] [s1] onset t=1.617 env=0.00074 gate=0.00002 envDelta=0.00072 envFloor=0.00051 onset=0.583 thresh=0.006 onsetDelta=0.57678 baseline=0.00034 adaptive=0.00084 lastPeak=0.00012 guard=0.060 activeAge=-1.000 pitch=177.78Hz pitchCents=1331.1
2025-12-16 05:28:00 [tracker] [s4] onset t=1.737 env=0.00147 gate=0.00010 envDelta=0.00137 envFloor=0.00092 onset=1.115 thresh=0.014 onsetDelta=1.10068 baseline=0.00062 adaptive=0.00154 lastPeak=0.00000 guard=0.060 activeAge=-1.000 pitch=-1.00Hz pitchCents=0.0
2025-12-16 05:28:00 [tracker] [s2] onset t=1.756 env=0.00111 gate=0.00001 envDelta=0.00111 envFloor=0.00078 onset=1.170 thresh=0.009 onsetDelta=1.16144 baseline=0.00052 adaptive=0.00130 lastPeak=0.00057 guard=0.060 activeAge=0.357 pitch=145.46Hz pitchCents=483.8
2025-12-16 05:28:00 [tracker] [s2] note-ended (new onset) t=1.756 fret=0 dur=0.357
2025-12-16 05:28:00 [tracker] [s3] onset t=1.785 env=0.00151 gate=0.00008 envDelta=0.00143 envFloor=0.00087 onset=1.178 thresh=0.012 onsetDelta=1.16659 baseline=0.00058 adaptive=0.00145 lastPeak=0.00000 guard=0.060 activeAge=-1.000 pitch=-1.00Hz pitchCents=0.0
2025-12-16 05:28:00 [tracker] [s2] onset t=1.881 env=0.00108 gate=0.00001 envDelta=0.00108 envFloor=0.00084 onset=0.913 thresh=0.009 onsetDelta=0.90395 baseline=0.00056 adaptive=0.00140 lastPeak=0.00045 guard=0.060 activeAge=-1.000 pitch=135.59Hz pitchCents=362.0
2025-12-16 05:28:00 [tracker] [s2] onset t=1.932 env=0.00084 gate=0.00001 envDelta=0.00083 envFloor=0.00078 onset=1.074 thresh=0.009 onsetDelta=1.06454 baseline=0.00052 adaptive=0.00130 lastPeak=0.00041 guard=0.060 activeAge=-1.000 pitch=119.40Hz pitchCents=142.0
2025-12-16 05:28:00 [tracker] [s1] aubio-raw t=1.9427 onset=0.921640 env=0.000578 peak=0.001556 gain=1.000
2025-12-16 05:28:00 [tracker] [s1] onset-accepted t=1.9427 env=0.000578 gate=0.000020 envDelta=0.000558 envFloor=0.000544 onset=0.921640 thresh=0.006000 onsetDelta=0.915640 baseline=0.000363 floor=0.000180 adapt=0.000907 lastPeak=0.000066 baseParam=0.000180 gateRatio=0.0550 envParam=0.000450 onsetScale=0.300 retriggerScale=1.400 guard=0.060 guardRemain=0.000 activeAge=-1.000 retrigRemain=0.000 pitchHz=131.16 pitchCents=804.6
2025-12-16 05:28:00 [tracker] [s1] onset t=1.943 env=0.00058 gate=0.00002 envDelta=0.00056 envFloor=0.00054 onset=0.922 thresh=0.006 onsetDelta=0.91564 baseline=0.00036 adaptive=0.00091 lastPeak=0.00007 guard=0.060 activeAge=-1.000 pitch=131.16Hz pitchCents=804.6
2025-12-16 05:28:00 [tracker] [s1] note-start t=1.943 fret=7 midi=47 vel=0.01 env=0.00058
2025-12-16 05:28:00 [tracker] [s3] onset t=1.945 env=0.00117 gate=0.00007 envDelta=0.00110 envFloor=0.00086 onset=0.943 thresh=0.012 onsetDelta=0.93185 baseline=0.00057 adaptive=0.00143 lastPeak=0.00000 guard=0.060 activeAge=-1.000 pitch=-1.00Hz pitchCents=0.0
2025-12-16 05:28:00 [tracker] [s3] onset t=2.103 env=0.00123 gate=0.00007 envDelta=0.00116 envFloor=0.00082 onset=0.655 thresh=0.012 onsetDelta=0.64315 baseline=0.00054 adaptive=0.00136 lastPeak=0.00000 guard=0.060 activeAge=-1.000 pitch=-1.00Hz pitchCents=0.0
2025-12-16 05:28:01 [tracker] [s4] onset t=2.231 env=0.00152 gate=0.00011 envDelta=0.00142 envFloor=0.00093 onset=1.128 thresh=0.014 onsetDelta=1.11364 baseline=0.00062 adaptive=0.00155 lastPeak=0.00000 guard=0.060 activeAge=-1.000 pitch=-1.00Hz pitchCents=0.0
2025-12-16 05:28:01 [tracker] [s1] aubio-raw t=2.2707 onset=1.074985 env=0.000668 peak=0.001498 gain=1.000
2025-12-16 05:28:01 [tracker] [s1] onset-accepted t=2.2707 env=0.000668 gate=0.000017 envDelta=0.000651 envFloor=0.000466 onset=1.074985 thresh=0.006000 onsetDelta=1.068985 baseline=0.000311 floor=0.000180 adapt=0.000776 lastPeak=0.000312 baseParam=0.000180 gateRatio=0.0550 envParam=0.000450 onsetScale=0.300 retriggerScale=1.400 guard=0.060 guardRemain=0.000 activeAge=0.328 retrigRemain=0.000 pitchHz=106.66 pitchCents=446.7
2025-12-16 05:28:01 [tracker] [s1] onset t=2.271 env=0.00067 gate=0.00002 envDelta=0.00065 envFloor=0.00047 onset=1.075 thresh=0.006 onsetDelta=1.06898 baseline=0.00031 adaptive=0.00078 lastPeak=0.00031 guard=0.060 activeAge=0.328 pitch=106.66Hz pitchCents=446.7
2025-12-16 05:28:01 [tracker] [s1] note-ended (new onset) t=2.271 fret=7 dur=0.328
2025-12-16 05:28:01 [tracker] [s1] note-start t=2.271 fret=4 midi=44 vel=0.01 env=0.00067
2025-12-16 05:28:01 [tracker] [s4] onset t=2.311 env=0.00162 gate=0.00010 envDelta=0.00152 envFloor=0.00086 onset=1.488 thresh=0.014 onsetDelta=1.47397 baseline=0.00057 adaptive=0.00143 lastPeak=0.00000 guard=0.060 activeAge=-1.000 pitch=-1.00Hz pitchCents=0.0
2025-12-16 05:28:01 [tracker] [s2] onset t=2.313 env=0.00109 gate=0.00001 envDelta=0.00109 envFloor=0.00075 onset=1.029 thresh=0.009 onsetDelta=1.02035 baseline=0.00050 adaptive=0.00125 lastPeak=0.00020 guard=0.060 activeAge=-1.000 pitch=99.99Hz pitchCents=-165.1
2025-12-16 05:28:01 [tracker] [s2] onset t=2.409 env=0.00108 gate=0.00001 envDelta=0.00107 envFloor=0.00078 onset=0.997 thresh=0.009 onsetDelta=0.98838 baseline=0.00052 adaptive=0.00131 lastPeak=0.00017 guard=0.060 activeAge=-1.000 pitch=94.12Hz pitchCents=-270.0
2025-12-16 05:28:01 [tracker] [s2] note-start t=2.409 fret=0 midi=45 vel=0.01 env=0.00108
2025-12-16 05:28:01 [tracker] [s1] aubio-raw t=2.4867 onset=1.406302 env=0.000595 peak=0.001529 gain=1.000
2025-12-16 05:28:01 [tracker] [s1] onset-accepted t=2.4867 env=0.000595 gate=0.000022 envDelta=0.000573 envFloor=0.000504 onset=1.406302 thresh=0.006000 onsetDelta=1.400302 baseline=0.000401 floor=0.000180 adapt=0.000839 lastPeak=0.000445 baseParam=0.000180 gateRatio=0.0550 envParam=0.000450 onsetScale=0.300 retriggerScale=1.400 guard=0.060 guardRemain=0.000 activeAge=0.216 retrigRemain=0.004 pitchHz=-1.00 pitchCents=0.0
2025-12-16 05:28:01 [tracker] [s1] onset t=2.487 env=0.00059 gate=0.00002 envDelta=0.00057 envFloor=0.00050 onset=1.406 thresh=0.006 onsetDelta=1.40030 baseline=0.00040 adaptive=0.00084 lastPeak=0.00045 guard=0.060 activeAge=0.216 pitch=-1.00Hz pitchCents=0.0
2025-12-16 05:28:01 [tracker] [s1] note-ended (new onset) t=2.487 fret=4 dur=0.216
2025-12-16 05:28:01 [tracker] [s4] onset t=2.508 env=0.00164 gate=0.00011 envDelta=0.00153 envFloor=0.00096 onset=1.040 thresh=0.014 onsetDelta=1.02556 baseline=0.00064 adaptive=0.00160 lastPeak=0.00000 guard=0.060 activeAge=-1.000 pitch=-1.00Hz pitchCents=0.0
2025-12-16 05:28:01 [tracker] [s4] onset t=2.588 env=0.00131 gate=0.00010 envDelta=0.00121 envFloor=0.00090 onset=0.633 thresh=0.014 onsetDelta=0.61858 baseline=0.00060 adaptive=0.00150 lastPeak=0.00000 guard=0.060 activeAge=-1.000 pitch=-1.00Hz pitchCents=0.0
2025-12-16 05:28:01 [tracker] [s2] onset t=2.713 env=0.00121 gate=0.00001 envDelta=0.00120 envFloor=0.00079 onset=0.994 thresh=0.009 onsetDelta=0.98457 baseline=0.00055 adaptive=0.00131 lastPeak=0.00061 guard=0.060 activeAge=0.304 pitch=210.52Hz pitchCents=1123.7
2025-12-16 05:28:01 [tracker] [s2] note-ended (new onset) t=2.713 fret=0 dur=0.304
2025-12-16 05:28:01 [tracker] [s2] note-start t=2.713 fret=2 midi=47 vel=0.01 env=0.00121
2025-12-16 05:28:01 [tracker] [s3] onset t=2.748 env=0.00096 gate=0.00007 envDelta=0.00090 envFloor=0.00076 onset=1.224 thresh=0.012 onsetDelta=1.21245 baseline=0.00051 adaptive=0.00126 lastPeak=0.00000 guard=0.060 activeAge=-1.000 pitch=-1.00Hz pitchCents=0.0
2025-12-16 05:28:01 [tracker] [s6] onset t=2.796 env=0.00201 gate=0.00020 envDelta=0.00181 envFloor=0.00123 onset=0.999 thresh=0.018 onsetDelta=0.98122 baseline=0.00082 adaptive=0.00205 lastPeak=0.00000 guard=0.060 activeAge=-1.000 pitch=-1.00Hz pitchCents=0.0
2025-12-16 05:28:01 [tracker] [s5] onset t=2.807 env=0.00158 gate=0.00014 envDelta=0.00143 envFloor=0.00103 onset=1.000 thresh=0.016 onsetDelta=0.98385 baseline=0.00069 adaptive=0.00171 lastPeak=0.00000 guard=0.060 activeAge=-1.000 pitch=-1.00Hz pitchCents=0.0
2025-12-16 05:28:01 [tracker] [s6] onset t=2.871 env=0.00213 gate=0.00021 envDelta=0.00192 envFloor=0.00128 onset=1.001 thresh=0.018 onsetDelta=0.98313 baseline=0.00085 adaptive=0.00213 lastPeak=0.00000 guard=0.060 activeAge=-1.000 pitch=-1.00Hz pitchCents=0.0
2025-12-16 05:28:01 [tracker] [s4] onset t=2.895 env=0.00133 gate=0.00011 envDelta=0.00122 envFloor=0.00096 onset=0.970 thresh=0.014 onsetDelta=0.95604 baseline=0.00064 adaptive=0.00159 lastPeak=0.00000 guard=0.060 activeAge=-1.000 pitch=-1.00Hz pitchCents=0.0
2025-12-16 05:28:01 [tracker] [s1] aubio-raw t=2.9027 onset=0.808002 env=0.000902 peak=0.001985 gain=1.000
2025-12-16 05:28:01 [tracker] [s1] onset-accepted t=2.9027 env=0.000902 gate=0.000019 envDelta=0.000882 envFloor=0.000531 onset=0.808002 thresh=0.006000 onsetDelta=0.802002 baseline=0.000354 floor=0.000180 adapt=0.000885 lastPeak=0.000204 baseParam=0.000180 gateRatio=0.0550 envParam=0.000450 onsetScale=0.300 retriggerScale=1.400 guard=0.060 guardRemain=0.000 activeAge=-1.000 retrigRemain=0.000 pitchHz=94.12 pitchCents=230.0
2025-12-16 05:28:01 [tracker] [s1] onset t=2.903 env=0.00090 gate=0.00002 envDelta=0.00088 envFloor=0.00053 onset=0.808 thresh=0.006 onsetDelta=0.80200 baseline=0.00035 adaptive=0.00089 lastPeak=0.00020 guard=0.060 activeAge=-1.000 pitch=94.12Hz pitchCents=230.0
2025-12-16 05:28:01 [tracker] [s2] onset t=2.903 env=0.00118 gate=0.00001 envDelta=0.00117 envFloor=0.00079 onset=1.329 thresh=0.009 onsetDelta=1.31995 baseline=0.00076 adaptive=0.00132 lastPeak=0.00085 guard=0.060 activeAge=0.189 pitch=153.84Hz pitchCents=580.7
2025-12-16 05:28:01 [tracker] [s1] aubio-raw t=3.0200 onset=1.114922 env=0.000933 peak=0.002851 gain=1.000
2025-12-16 05:28:01 [tracker] [s1] onset-accepted t=3.0200 env=0.000933 gate=0.000019 envDelta=0.000914 envFloor=0.000522 onset=1.114922 thresh=0.006000 onsetDelta=1.108922 baseline=0.000348 floor=0.000180 adapt=0.000870 lastPeak=0.000163 baseParam=0.000180 gateRatio=0.0550 envParam=0.000450 onsetScale=0.300 retriggerScale=1.400 guard=0.060 guardRemain=0.000 activeAge=-1.000 retrigRemain=0.000 pitchHz=142.85 pitchCents=952.4
2025-12-16 05:28:01 [tracker] [s1] onset t=3.020 env=0.00093 gate=0.00002 envDelta=0.00091 envFloor=0.00052 onset=1.115 thresh=0.006 onsetDelta=1.10892 baseline=0.00035 adaptive=0.00087 lastPeak=0.00016 guard=0.060 activeAge=-1.000 pitch=142.85Hz pitchCents=952.4
2025-12-16 05:28:01 [tracker] [s6] onset t=3.097 env=0.00166 gate=0.00019 envDelta=0.00147 envFloor=0.00116 onset=1.193 thresh=0.018 onsetDelta=1.17518 baseline=0.00077 adaptive=0.00193 lastPeak=0.00000 guard=0.060 activeAge=-1.000 pitch=-1.00Hz pitchCents=0.0
2025-12-16 05:28:02 [tracker] [s3] onset t=3.121 env=0.00142 gate=0.00007 envDelta=0.00135 envFloor=0.00080 onset=0.882 thresh=0.012 onsetDelta=0.87089 baseline=0.00054 adaptive=0.00134 lastPeak=0.00000 guard=0.060 activeAge=-1.000 pitch=-1.00Hz pitchCents=0.0
2025-12-16 05:28:02 [tracker] [s6] onset t=3.172 env=0.00233 gate=0.00021 envDelta=0.00212 envFloor=0.00124 onset=0.940 thresh=0.018 onsetDelta=0.92173 baseline=0.00082 adaptive=0.00206 lastPeak=0.00000 guard=0.060 activeAge=-1.000 pitch=-1.00Hz pitchCents=0.0
2025-12-16 05:28:02 [tracker] [s4] onset t=3.295 env=0.00154 gate=0.00010 envDelta=0.00144 envFloor=0.00090 onset=1.333 thresh=0.014 onsetDelta=1.31909 baseline=0.00060 adaptive=0.00150 lastPeak=0.00000 guard=0.060 activeAge=-1.000 pitch=-1.00Hz pitchCents=0.0
2025-12-16 05:28:02 [tracker] [s5] onset t=3.300 env=0.00166 gate=0.00015 envDelta=0.00151 envFloor=0.00109 onset=0.932 thresh=0.016 onsetDelta=0.91576 baseline=0.00073 adaptive=0.00182 lastPeak=0.00000 guard=0.060 activeAge=-1.000 pitch=-1.00Hz pitchCents=0.0
2025-12-16 05:28:02 [tracker] [s4] onset t=3.369 env=0.00139 gate=0.00010 envDelta=0.00129 envFloor=0.00091 onset=0.502 thresh=0.014 onsetDelta=0.48793 baseline=0.00061 adaptive=0.00152 lastPeak=0.00000 guard=0.060 activeAge=-1.000 pitch=-1.00Hz pitchCents=0.0
2025-12-16 05:28:02 [tracker] [s1] aubio-raw t=3.3774 onset=1.310166 env=0.000860 peak=0.001684 gain=1.000
2025-12-16 05:28:02 [tracker] [s1] onset-accepted t=3.3774 env=0.000860 gate=0.000020 envDelta=0.000840 envFloor=0.000557 onset=1.310166 thresh=0.006000 onsetDelta=1.304166 baseline=0.000371 floor=0.000180 adapt=0.000928 lastPeak=0.000083 baseParam=0.000180 gateRatio=0.0550 envParam=0.000450 onsetScale=0.300 retriggerScale=1.400 guard=0.060 guardRemain=0.000 activeAge=-1.000 retrigRemain=0.000 pitchHz=114.28 pitchCents=566.2
2025-12-16 05:28:02 [tracker] [s1] onset t=3.377 env=0.00086 gate=0.00002 envDelta=0.00084 envFloor=0.00056 onset=1.310 thresh=0.006 onsetDelta=1.30417 baseline=0.00037 adaptive=0.00093 lastPeak=0.00008 guard=0.060 activeAge=-1.000 pitch=114.28Hz pitchCents=566.2
2025-12-16 05:28:02 [tracker] [s6] onset t=3.377 env=0.00179 gate=0.00020 envDelta=0.00159 envFloor=0.00122 onset=0.992 thresh=0.018 onsetDelta=0.97419 baseline=0.00082 adaptive=0.00204 lastPeak=0.00000 guard=0.060 activeAge=-1.000 pitch=-1.00Hz pitchCents=0.0
2025-12-16 05:28:02 [tracker] [s2] onset t=3.503 env=0.00081 gate=0.00001 envDelta=0.00081 envFloor=0.00075 onset=1.131 thresh=0.009 onsetDelta=1.12212 baseline=0.00050 adaptive=0.00126 lastPeak=0.00027 guard=0.060 activeAge=-1.000 pitch=112.67Hz pitchCents=41.6
2025-12-16 05:28:02 [tracker] [s2] note-start t=3.503 fret=0 midi=45 vel=0.01 env=0.00081
2025-12-16 05:28:02 [tracker] [s5] onset t=3.503 env=0.00151 gate=0.00014 envDelta=0.00137 envFloor=0.00101 onset=1.482 thresh=0.016 onsetDelta=1.46631 baseline=0.00067 adaptive=0.00168 lastPeak=0.00000 guard=0.060 activeAge=-1.000 pitch=-1.00Hz pitchCents=0.0
2025-12-16 05:28:02 [tracker] [s6] onset t=3.543 env=0.00194 gate=0.00019 envDelta=0.00175 envFloor=0.00116 onset=1.408 thresh=0.018 onsetDelta=1.39009 baseline=0.00077 adaptive=0.00193 lastPeak=0.00000 guard=0.060 activeAge=-1.000 pitch=-1.00Hz pitchCents=0.0
2025-12-16 05:28:02 [tracker] [s1] aubio-raw t=3.5507 onset=1.039048 env=0.000703 peak=0.001662 gain=1.000
2025-12-16 05:28:02 [tracker] [s1] onset t=3.551 env=0.00070 gate=0.00002 envDelta=0.00069 envFloor=0.00047 onset=1.039 thresh=0.006 onsetDelta=1.03305 baseline=0.00032 adaptive=0.00079 lastPeak=0.00006 guard=0.060 activeAge=-1.000 pitch=186.04Hz pitchCents=1409.8
2025-12-16 05:28:02 [tracker] [s1] note-start t=3.551 fret=5 midi=45 vel=0.01 env=0.00070
2025-12-16 05:28:02 [tracker] [s5] onset t=3.631 env=0.00156 gate=0.00016 envDelta=0.00141 envFloor=0.00112 onset=0.998 thresh=0.016 onsetDelta=0.98179 baseline=0.00075 adaptive=0.00186 lastPeak=0.00000 guard=0.060 activeAge=-1.000 pitch=-1.00Hz pitchCents=0.0
2025-12-16 05:28:02 [tracker] [s3] onset t=3.665 env=0.00120 gate=0.00007 envDelta=0.00113 envFloor=0.00086 onset=0.606 thresh=0.012 onsetDelta=0.59479 baseline=0.00057 adaptive=0.00143 lastPeak=0.00000 guard=0.060 activeAge=-1.000 pitch=-1.00Hz pitchCents=0.0
2025-12-16 05:28:02 [tracker] [s4] onset t=3.713 env=0.00155 gate=0.00011 envDelta=0.00144 envFloor=0.00094 onset=0.882 thresh=0.014 onsetDelta=0.86779 baseline=0.00063 adaptive=0.00157 lastPeak=0.00000 guard=0.060 activeAge=-1.000 pitch=-1.00Hz pitchCents=0.0
2025-12-16 05:28:02 [tracker] [s2] onset t=3.807 env=0.00083 gate=0.00000 envDelta=0.00083 envFloor=0.00073 onset=1.043 thresh=0.009 onsetDelta=1.03412 baseline=0.00048 adaptive=0.00121 lastPeak=0.00046 guard=0.060 activeAge=0.304 pitch=94.12Hz pitchCents=-269.9
2025-12-16 05:28:02 [tracker] [s2] note-ended (new onset) t=3.807 fret=0 dur=0.304
2025-12-16 05:28:02 [tracker] [s2] note-start t=3.807 fret=1 midi=46 vel=0.01 env=0.00083
2025-12-16 05:28:02 [tracker] [s5] onset t=3.937 env=0.00159 gate=0.00014 envDelta=0.00144 envFloor=0.00101 onset=1.038 thresh=0.016 onsetDelta=1.02246 baseline=0.00067 adaptive=0.00168 lastPeak=0.00000 guard=0.060 activeAge=-1.000 pitch=-1.00Hz pitchCents=0.0
2025-12-16 05:28:03 [tracker] [s1] aubio-raw t=4.1054 onset=0.999284 env=0.000638 peak=0.001672 gain=1.000
2025-12-16 05:28:03 [tracker] [s1] onset-accepted t=4.1054 env=0.000638 gate=0.000019 envDelta=0.000619 envFloor=0.000514 onset=0.999284 thresh=0.006000 onsetDelta=0.993284 baseline=0.000343 floor=0.000180 adapt=0.000857 lastPeak=0.000248 baseParam=0.000180 gateRatio=0.0550 envParam=0.000450 onsetScale=0.300 retriggerScale=1.400 guard=0.060 guardRemain=0.000 activeAge=0.555 retrigRemain=0.000 pitchHz=96.39 pitchCents=271.3
2025-12-16 05:28:03 [tracker] [s1] onset t=4.105 env=0.00064 gate=0.00002 envDelta=0.00062 envFloor=0.00051 onset=0.999 thresh=0.006 onsetDelta=0.99328 baseline=0.00034 adaptive=0.00086 lastPeak=0.00025 guard=0.060 activeAge=0.555 pitch=96.39Hz pitchCents=271.3
2025-12-16 05:28:03 [tracker] [s1] note-ended (new onset) t=4.105 fret=5 dur=0.555
2025-12-16 05:28:03 [tracker] [s1] aubio-raw t=4.2120 onset=1.002429 env=0.000656 peak=0.001748 gain=1.000
2025-12-16 05:28:03 [tracker] [s1] onset-accepted t=4.2120 env=0.000656 gate=0.000017 envDelta=0.000639 envFloor=0.000477 onset=1.002429 thresh=0.006000 onsetDelta=0.996429 baseline=0.000318 floor=0.000180 adapt=0.000795 lastPeak=0.000203 baseParam=0.000180 gateRatio=0.0550 envParam=0.000450 onsetScale=0.300 retriggerScale=1.400 guard=0.060 guardRemain=0.000 activeAge=-1.000 retrigRemain=0.000 pitchHz=97.56 pitchCents=292.3
2025-12-16 05:28:03 [tracker] [s1] onset t=4.212 env=0.00066 gate=0.00002 envDelta=0.00064 envFloor=0.00048 onset=1.002 thresh=0.006 onsetDelta=0.99643 baseline=0.00032 adaptive=0.00080 lastPeak=0.00020 guard=0.060 activeAge=-1.000 pitch=97.56Hz pitchCents=292.3
2025-12-16 05:28:03 [tracker] [s5] onset t=4.217 env=0.00161 gate=0.00014 envDelta=0.00148 envFloor=0.00097 onset=1.003 thresh=0.016 onsetDelta=0.98690 baseline=0.00064 adaptive=0.00161 lastPeak=0.00000 guard=0.060 activeAge=-1.000 pitch=-1.00Hz pitchCents=0.0
2025-12-16 05:28:03 [tracker] [s6] onset t=4.239 env=0.00172 gate=0.00019 envDelta=0.00153 envFloor=0.00115 onset=0.913 thresh=0.018 onsetDelta=0.89539 baseline=0.00077 adaptive=0.00192 lastPeak=0.00000 guard=0.060 activeAge=-1.000 pitch=-1.00Hz pitchCents=0.0
2025-12-16 05:28:03 [tracker] [s3] onset t=4.252 env=0.00125 gate=0.00007 envDelta=0.00118 envFloor=0.00082 onset=1.288 thresh=0.012 onsetDelta=1.27628 baseline=0.00054 adaptive=0.00136 lastPeak=0.00000 guard=0.060 activeAge=-1.000 pitch=-1.00Hz pitchCents=0.0
