# SignalAssistant session log
# Started at 2025-12-16 05:22:12
2025-12-16 05:22:12 [session] mode=live session='' path='' duration=0.00 files=0
2025-12-16 05:22:12 [tracker-settings] TrackerConfig onsetThreshold=0.02000 minNoteDurSec=0.045 hopSec=0.010 slideDelta=120.0 bendDelta=35.0
2025-12-16 05:22:12 [tracker-settings] string1 midi=40 lowCut=37.08Hz highCut=445.00Hz baseline=0.000180 gateRatio=0.05500 envFloor=0.000450 sustainScale=0.580 retriggerScale=1.400 peakRelease=0.120 pitchTol=0.400 onsetScale=0.006
2025-12-16 05:22:12 [tracker-settings] string2 midi=45 lowCut=55.00Hz highCut=563.20Hz baseline=0.000220 gateRatio=0.10000 envFloor=0.000550 sustainScale=0.700 retriggerScale=1.250 peakRelease=0.130 pitchTol=0.400 onsetScale=0.009
2025-12-16 05:22:12 [tracker-settings] string3 midi=50 lowCut=85.16Hz highCut=693.05Hz baseline=0.000260 gateRatio=0.13000 envFloor=0.000650 sustainScale=0.820 retriggerScale=1.100 peakRelease=0.140 pitchTol=0.450 onsetScale=0.012
2025-12-16 05:22:12 [tracker-settings] string4 midi=55 lowCut=127.40Hz highCut=862.39Hz baseline=0.000320 gateRatio=0.17000 envFloor=0.000780 sustainScale=1.000 retriggerScale=1.000 peakRelease=0.160 pitchTol=0.440 onsetScale=0.014
2025-12-16 05:22:12 [tracker-settings] string5 midi=59 lowCut=160.51Hz highCut=1086.54Hz baseline=0.000370 gateRatio=0.21000 envFloor=0.000900 sustainScale=1.000 retriggerScale=1.000 peakRelease=0.180 pitchTol=0.500 onsetScale=0.016
2025-12-16 05:22:12 [tracker-settings] string6 midi=64 lowCut=214.26Hz highCut=1450.36Hz baseline=0.000420 gateRatio=0.25000 envFloor=0.001050 sustainScale=1.000 retriggerScale=1.000 peakRelease=0.200 pitchTol=0.550 onsetScale=0.018
2025-12-16 05:22:12 [tracker] [s1] calibration reset target=0.00180 gain=1.000
2025-12-16 05:22:12 [tracker] [s2] calibration reset target=0.00180 gain=1.000
2025-12-16 05:22:12 [tracker] [s3] calibration reset target=0.00180 gain=1.000
2025-12-16 05:22:12 [tracker] [s5] calibration reset target=0.00180 gain=1.000
2025-12-16 05:22:12 [tracker] [s6] calibration reset target=0.00180 gain=1.000
2025-12-16 05:22:12 [calibration] Loading calibration profile multipliers into parameters
2025-12-16 05:22:12 [calibration] String 1: setting multiplier to 6.317
2025-12-16 05:22:12 [calibration] String 2: setting multiplier to 8.000
2025-12-16 05:22:12 [calibration] String 3: setting multiplier to 8.000
2025-12-16 05:22:12 [calibration] String 4: setting multiplier to 8.000
2025-12-16 05:22:12 [calibration] String 5: setting multiplier to 8.000
2025-12-16 05:22:12 [calibration] String 6: setting multiplier to 8.000
2025-12-16 05:22:12 [tracker] [s1] calibration avg=0.03970 target=0.00180 gain=1.000
2025-12-16 05:22:12 [tracker] [s2] calibration avg=0.01940 target=0.00180 gain=1.000
2025-12-16 05:22:12 [tracker] [s3] calibration avg=0.01411 target=0.00180 gain=1.000
2025-12-16 05:22:12 [tracker] [s4] calibration avg=0.03018 target=0.00180 gain=1.000
2025-12-16 05:22:12 [tracker] [s5] calibration avg=0.02970 target=0.00180 gain=1.000
2025-12-16 05:22:12 [tracker] [s6] calibration avg=0.02331 target=0.00180 gain=1.000
2025-12-16 05:22:13 [tracker] [s1] configure sr=48000.0 hop=128 fft=1024 low=37.1 high=445.0
2025-12-16 05:22:13 [tracker] [s1] params baseline=0.000180 gate=0.0550 envFloor=0.000450 sustain=0.580 retrigger=1.400 peakRelease=0.120 pitchTol=0.400 onsetScale=0.006 aubioScale=1.20 aubioThresh=0.024 onsetSilence=-85.0 pitchSilence=-90.0
2025-12-16 05:22:13 [tracker] [s2] configure sr=48000.0 hop=128 fft=1024 low=55.0 high=563.2
2025-12-16 05:22:13 [tracker] [s2] params baseline=0.000220 gate=0.0100 envFloor=0.000100 sustain=1.500 retrigger=1.250 peakRelease=0.130 pitchTol=0.400 onsetScale=0.009 aubioScale=1.35 aubioThresh=0.027 onsetSilence=-85.0 pitchSilence=-90.0
2025-12-16 05:22:13 [tracker] [s3] configure sr=48000.0 hop=128 fft=1024 low=85.2 high=693.0
2025-12-16 05:22:13 [tracker] [s3] params baseline=0.000260 gate=0.1300 envFloor=0.000650 sustain=0.820 retrigger=1.100 peakRelease=0.140 pitchTol=0.450 onsetScale=0.012 aubioScale=1.60 aubioThresh=0.032 onsetSilence=-75.0 pitchSilence=-80.0
2025-12-16 05:22:13 [tracker] [s4] configure sr=48000.0 hop=128 fft=1024 low=127.4 high=862.4
2025-12-16 05:22:13 [tracker] [s4] params baseline=0.000320 gate=0.1700 envFloor=0.000780 sustain=1.000 retrigger=1.000 peakRelease=0.160 pitchTol=0.440 onsetScale=0.014 aubioScale=1.80 aubioThresh=0.036 onsetSilence=-75.0 pitchSilence=-80.0
2025-12-16 05:22:13 [tracker] [s5] configure sr=48000.0 hop=128 fft=512 low=160.5 high=1086.5
2025-12-16 05:22:13 [tracker] [s5] params baseline=0.000370 gate=0.2100 envFloor=0.000900 sustain=1.000 retrigger=1.000 peakRelease=0.180 pitchTol=0.500 onsetScale=0.016 aubioScale=1.80 aubioThresh=0.036 onsetSilence=-75.0 pitchSilence=-80.0
2025-12-16 05:22:13 [tracker] [s6] configure sr=48000.0 hop=128 fft=512 low=214.3 high=1450.4
2025-12-16 05:22:13 [tracker] [s6] params baseline=0.000420 gate=0.2500 envFloor=0.001050 sustain=1.000 retrigger=1.000 peakRelease=0.200 pitchTol=0.550 onsetScale=0.018 aubioScale=1.80 aubioThresh=0.036 onsetSilence=-75.0 pitchSilence=-80.0
2025-12-16 05:22:13 [tracker] [s1] aubio-raw t=0.0040 onset=4.000000 env=0.000859 peak=0.001922 gain=1.000
2025-12-16 05:22:13 [tracker] [s1] onset-accepted t=0.0040 env=0.000859 gate=0.000022 envDelta=0.000837 envFloor=0.000597 onset=4.000000 thresh=0.006000 onsetDelta=3.994000 baseline=0.000398 floor=0.000180 adapt=0.000996 lastPeak=0.000000 baseParam=0.000180 gateRatio=0.0550 envParam=0.000450 onsetScale=0.300 retriggerScale=1.400 guard=0.060 guardRemain=0.000 activeAge=-1.000 retrigRemain=0.000 pitchHz=125.16 pitchCents=723.6
2025-12-16 05:22:13 [tracker] [s1] onset t=0.004 env=0.00086 gate=0.00002 envDelta=0.00084 envFloor=0.00060 onset=4.000 thresh=0.006 onsetDelta=3.99400 baseline=0.00040 adaptive=0.00100 lastPeak=0.00000 guard=0.060 activeAge=-1.000 pitch=125.16Hz pitchCents=723.6
2025-12-16 05:22:13 [tracker] [s2] onset t=0.004 env=0.00115 gate=0.00000 envDelta=0.00115 envFloor=0.00061 onset=4.000 thresh=0.009 onsetDelta=3.99100 baseline=0.00041 adaptive=0.00102 lastPeak=0.00000 guard=0.060 activeAge=-1.000 pitch=125.16Hz pitchCents=223.6
2025-12-16 05:22:13 [tracker] [s3] onset t=0.004 env=0.00088 gate=0.00005 envDelta=0.00083 envFloor=0.00065 onset=4.000 thresh=0.012 onsetDelta=3.98840 baseline=0.00040 adaptive=0.00100 lastPeak=0.00000 guard=0.060 activeAge=-1.000 pitch=125.16Hz pitchCents=-276.4
2025-12-16 05:22:13 [tracker] [s4] onset t=0.004 env=0.00139 gate=0.00007 envDelta=0.00132 envFloor=0.00078 onset=4.000 thresh=0.014 onsetDelta=3.98600 baseline=0.00042 adaptive=0.00106 lastPeak=0.00000 guard=0.060 activeAge=-1.000 pitch=125.16Hz pitchCents=-776.4
2025-12-16 05:22:13 [tracker] [s5] onset t=0.004 env=0.00141 gate=0.00009 envDelta=0.00132 envFloor=0.00090 onset=4.000 thresh=0.016 onsetDelta=3.98400 baseline=0.00042 adaptive=0.00106 lastPeak=0.00000 guard=0.060 activeAge=-1.000 pitch=376.47Hz pitchCents=730.0
2025-12-16 05:22:13 [tracker] [s6] onset t=0.004 env=0.00211 gate=0.00012 envDelta=0.00200 envFloor=0.00105 onset=4.000 thresh=0.018 onsetDelta=3.98200 baseline=0.00047 adaptive=0.00117 lastPeak=0.00000 guard=0.060 activeAge=-1.000 pitch=376.47Hz pitchCents=230.0
2025-12-16 05:22:13 [tracker] [s2] onset t=0.068 env=0.00143 gate=0.00001 envDelta=0.00143 envFloor=0.00077 onset=1.000 thresh=0.009 onsetDelta=0.99103 baseline=0.00052 adaptive=0.00129 lastPeak=0.00000 guard=0.060 activeAge=-1.000 pitch=101.27Hz pitchCents=-143.2
2025-12-16 05:22:13 [tracker] [s2] onset t=0.119 env=0.00142 gate=0.00001 envDelta=0.00141 envFloor=0.00078 onset=0.829 thresh=0.009 onsetDelta=0.82045 baseline=0.00052 adaptive=0.00131 lastPeak=0.00000 guard=0.060 activeAge=-1.000 pitch=170.21Hz pitchCents=755.8
2025-12-16 05:22:13 [tracker] [s5] onset t=0.135 env=0.00157 gate=0.00015 envDelta=0.00142 envFloor=0.00108 onset=0.991 thresh=0.016 onsetDelta=0.97457 baseline=0.00072 adaptive=0.00180 lastPeak=0.00000 guard=0.060 activeAge=-1.000 pitch=-1.00Hz pitchCents=0.0
2025-12-16 05:22:13 [tracker] [s2] onset t=0.217 env=0.00133 gate=0.00001 envDelta=0.00132 envFloor=0.00080 onset=0.542 thresh=0.009 onsetDelta=0.53256 baseline=0.00054 adaptive=0.00134 lastPeak=0.00000 guard=0.060 activeAge=-1.000 pitch=101.27Hz pitchCents=-143.2
2025-12-16 05:22:13 [tracker] [s3] onset t=0.268 env=0.00113 gate=0.00007 envDelta=0.00106 envFloor=0.00081 onset=0.994 thresh=0.012 onsetDelta=0.98205 baseline=0.00054 adaptive=0.00135 lastPeak=0.00000 guard=0.060 activeAge=-1.000 pitch=-1.00Hz pitchCents=0.0
2025-12-16 05:22:13 [tracker] [s6] onset t=0.300 env=0.00195 gate=0.00019 envDelta=0.00175 envFloor=0.00116 onset=1.093 thresh=0.018 onsetDelta=1.07453 baseline=0.00077 adaptive=0.00193 lastPeak=0.00000 guard=0.060 activeAge=-1.000 pitch=-1.00Hz pitchCents=0.0
2025-12-16 05:22:13 [tracker] [s5] onset t=0.303 env=0.00153 gate=0.00014 envDelta=0.00139 envFloor=0.00099 onset=0.825 thresh=0.016 onsetDelta=0.80945 baseline=0.00066 adaptive=0.00166 lastPeak=0.00000 guard=0.060 activeAge=-1.000 pitch=-1.00Hz pitchCents=0.0
2025-12-16 05:22:13 [tracker] [s4] onset t=0.409 env=0.00162 gate=0.00010 envDelta=0.00152 envFloor=0.00089 onset=1.148 thresh=0.014 onsetDelta=1.13419 baseline=0.00060 adaptive=0.00149 lastPeak=0.00000 guard=0.060 activeAge=-1.000 pitch=-1.00Hz pitchCents=0.0
2025-12-16 05:22:13 [tracker] [s5] onset t=0.423 env=0.00146 gate=0.00015 envDelta=0.00132 envFloor=0.00105 onset=1.099 thresh=0.016 onsetDelta=1.08322 baseline=0.00070 adaptive=0.00175 lastPeak=0.00000 guard=0.060 activeAge=-1.000 pitch=-1.00Hz pitchCents=0.0
2025-12-16 05:22:13 [tracker] [s6] onset t=0.431 env=0.00193 gate=0.00020 envDelta=0.00173 envFloor=0.00123 onset=1.088 thresh=0.018 onsetDelta=1.06986 baseline=0.00082 adaptive=0.00204 lastPeak=0.00000 guard=0.060 activeAge=-1.000 pitch=-1.00Hz pitchCents=0.0
2025-12-16 05:22:13 [tracker] [s5] onset t=0.492 env=0.00167 gate=0.00015 envDelta=0.00152 envFloor=0.00111 onset=0.997 thresh=0.016 onsetDelta=0.98106 baseline=0.00074 adaptive=0.00184 lastPeak=0.00000 guard=0.060 activeAge=-1.000 pitch=-1.00Hz pitchCents=0.0
2025-12-16 05:22:13 [tracker] [s3] onset t=0.540 env=0.00113 gate=0.00008 envDelta=0.00105 envFloor=0.00091 onset=1.080 thresh=0.012 onsetDelta=1.06819 baseline=0.00061 adaptive=0.00152 lastPeak=0.00000 guard=0.060 activeAge=-1.000 pitch=-1.00Hz pitchCents=0.0
2025-12-16 05:22:13 [tracker] [s1] aubio-raw t=0.6013 onset=0.995518 env=0.000605 peak=0.001645 gain=1.000
2025-12-16 05:22:13 [tracker] [s1] onset-accepted t=0.6013 env=0.000605 gate=0.000020 envDelta=0.000585 envFloor=0.000543 onset=0.995518 thresh=0.006000 onsetDelta=0.989518 baseline=0.000362 floor=0.000180 adapt=0.000906 lastPeak=0.000000 baseParam=0.000180 gateRatio=0.0550 envParam=0.000450 onsetScale=0.300 retriggerScale=1.400 guard=0.060 guardRemain=0.000 activeAge=-1.000 retrigRemain=0.000 pitchHz=-1.00 pitchCents=0.0
2025-12-16 05:22:13 [tracker] [s1] onset t=0.601 env=0.00061 gate=0.00002 envDelta=0.00059 envFloor=0.00054 onset=0.996 thresh=0.006 onsetDelta=0.98952 baseline=0.00036 adaptive=0.00091 lastPeak=0.00000 guard=0.060 activeAge=-1.000 pitch=-1.00Hz pitchCents=0.0
2025-12-16 05:22:13 [tracker] [s3] onset t=0.609 env=0.00116 gate=0.00007 envDelta=0.00109 envFloor=0.00085 onset=1.012 thresh=0.012 onsetDelta=1.00013 baseline=0.00057 adaptive=0.00142 lastPeak=0.00000 guard=0.060 activeAge=-1.000 pitch=-1.00Hz pitchCents=0.0
2025-12-16 05:22:14 [tracker] [s2] onset t=0.655 env=0.00086 gate=0.00000 envDelta=0.00086 envFloor=0.00075 onset=1.070 thresh=0.009 onsetDelta=1.06119 baseline=0.00050 adaptive=0.00125 lastPeak=0.00000 guard=0.060 activeAge=-1.000 pitch=166.66Hz pitchCents=719.3
2025-12-16 05:22:14 [tracker] [s2] onset t=0.737 env=0.00143 gate=0.00000 envDelta=0.00142 envFloor=0.00075 onset=1.418 thresh=0.009 onsetDelta=1.40879 baseline=0.00050 adaptive=0.00124 lastPeak=0.00000 guard=0.060 activeAge=-1.000 pitch=131.15Hz pitchCents=304.5
2025-12-16 05:22:14 [tracker] [s2] note-start t=0.737 fret=5 midi=50 vel=0.02 env=0.00143
2025-12-16 05:22:14 [tracker] [s1] aubio-raw t=0.7613 onset=0.997175 env=0.000577 peak=0.001600 gain=1.000
2025-12-16 05:22:14 [tracker] [s1] onset-accepted t=0.7613 env=0.000577 gate=0.000018 envDelta=0.000559 envFloor=0.000486 onset=0.997175 thresh=0.006000 onsetDelta=0.991175 baseline=0.000324 floor=0.000180 adapt=0.000809 lastPeak=0.000000 baseParam=0.000180 gateRatio=0.0550 envParam=0.000450 onsetScale=0.300 retriggerScale=1.400 guard=0.060 guardRemain=0.000 activeAge=-1.000 retrigRemain=0.000 pitchHz=333.32 pitchCents=2419.3
2025-12-16 05:22:14 [tracker] [s1] onset t=0.761 env=0.00058 gate=0.00002 envDelta=0.00056 envFloor=0.00049 onset=0.997 thresh=0.006 onsetDelta=0.99118 baseline=0.00032 adaptive=0.00081 lastPeak=0.00000 guard=0.060 activeAge=-1.000 pitch=333.32Hz pitchCents=2419.3
2025-12-16 05:22:14 [tracker] [s4] onset t=0.764 env=0.00165 gate=0.00010 envDelta=0.00155 envFloor=0.00089 onset=1.038 thresh=0.014 onsetDelta=1.02437 baseline=0.00060 adaptive=0.00149 lastPeak=0.00000 guard=0.060 activeAge=-1.000 pitch=-1.00Hz pitchCents=0.0
2025-12-16 05:22:14 [tracker] [s6] onset t=0.791 env=0.00213 gate=0.00021 envDelta=0.00193 envFloor=0.00125 onset=1.003 thresh=0.018 onsetDelta=0.98475 baseline=0.00084 adaptive=0.00209 lastPeak=0.00000 guard=0.060 activeAge=-1.000 pitch=-1.00Hz pitchCents=0.0
2025-12-16 05:22:14 [tracker] [s3] onset t=0.820 env=0.00135 gate=0.00007 envDelta=0.00128 envFloor=0.00083 onset=1.006 thresh=0.012 onsetDelta=0.99398 baseline=0.00055 adaptive=0.00138 lastPeak=0.00000 guard=0.060 activeAge=-1.000 pitch=-1.00Hz pitchCents=0.0
2025-12-16 05:22:14 [tracker] [s6] onset t=0.911 env=0.00193 gate=0.00021 envDelta=0.00172 envFloor=0.00126 onset=1.039 thresh=0.018 onsetDelta=1.02077 baseline=0.00084 adaptive=0.00210 lastPeak=0.00000 guard=0.060 activeAge=-1.000 pitch=-1.00Hz pitchCents=0.0
2025-12-16 05:22:14 [tracker] [s3] onset t=0.967 env=0.00169 gate=0.00007 envDelta=0.00162 envFloor=0.00085 onset=0.996 thresh=0.012 onsetDelta=0.98397 baseline=0.00056 adaptive=0.00141 lastPeak=0.00000 guard=0.060 activeAge=-1.000 pitch=-1.00Hz pitchCents=0.0
2025-12-16 05:22:14 [tracker] [s1] aubio-raw t=1.1160 onset=1.111777 env=0.000812 peak=0.001915 gain=1.000
2025-12-16 05:22:14 [tracker] [s1] onset-accepted t=1.1160 env=0.000812 gate=0.000021 envDelta=0.000791 envFloor=0.000559 onset=1.111777 thresh=0.006000 onsetDelta=1.105777 baseline=0.000373 floor=0.000180 adapt=0.000932 lastPeak=0.000000 baseParam=0.000180 gateRatio=0.0550 envParam=0.000450 onsetScale=0.300 retriggerScale=1.400 guard=0.060 guardRemain=0.000 activeAge=-1.000 retrigRemain=0.000 pitchHz=98.77 pitchCents=313.6
2025-12-16 05:22:14 [tracker] [s1] onset t=1.116 env=0.00081 gate=0.00002 envDelta=0.00079 envFloor=0.00056 onset=1.112 thresh=0.006 onsetDelta=1.10578 baseline=0.00037 adaptive=0.00093 lastPeak=0.00000 guard=0.060 activeAge=-1.000 pitch=98.77Hz pitchCents=313.6
2025-12-16 05:22:14 [tracker] [s1] note-start t=1.116 fret=3 midi=43 vel=0.01 env=0.00081
2025-12-16 05:22:14 [tracker] [s6] onset t=1.119 env=0.00192 gate=0.00020 envDelta=0.00172 envFloor=0.00119 onset=0.574 thresh=0.018 onsetDelta=0.55604 baseline=0.00079 adaptive=0.00198 lastPeak=0.00000 guard=0.060 activeAge=-1.000 pitch=-1.00Hz pitchCents=0.0
2025-12-16 05:22:14 [tracker] [s1] aubio-raw t=1.1747 onset=0.894508 env=0.000679 peak=0.001747 gain=1.000
2025-12-16 05:22:14 [tracker] [s1] onset-separation-guard t=1.1747 env=0.000679 gate=0.000036 envDelta=0.000643 envFloor=0.000542 onset=0.894508 thresh=0.006000 onsetDelta=0.888508 baseline=0.000654 floor=0.000180 adapt=0.000904 lastPeak=0.000727 baseParam=0.000180 gateRatio=0.0550 envParam=0.000450 onsetScale=0.300 retriggerScale=1.400 guard=0.060 guardRemain=0.001 activeAge=0.059 retrigRemain=0.161 pitchHz=170.20 pitchCents=1255.7
2025-12-16 05:22:14 [tracker] [s2] onset t=1.204 env=0.00124 gate=0.00001 envDelta=0.00124 envFloor=0.00083 onset=1.287 thresh=0.009 onsetDelta=1.27761 baseline=0.00056 adaptive=0.00139 lastPeak=0.00059 guard=0.060 activeAge=0.467 pitch=163.26Hz pitchCents=683.6
2025-12-16 05:22:14 [tracker] [s2] note-ended (new onset) t=1.204 fret=5 dur=0.467
2025-12-16 05:22:14 [tracker] [s3] onset t=1.268 env=0.00139 gate=0.00008 envDelta=0.00132 envFloor=0.00088 onset=0.872 thresh=0.012 onsetDelta=0.86081 baseline=0.00058 adaptive=0.00146 lastPeak=0.00000 guard=0.060 activeAge=-1.000 pitch=-1.00Hz pitchCents=0.0
2025-12-16 05:22:14 [tracker] [s4] onset t=1.340 env=0.00134 gate=0.00010 envDelta=0.00123 envFloor=0.00091 onset=0.993 thresh=0.014 onsetDelta=0.97894 baseline=0.00060 adaptive=0.00151 lastPeak=0.00000 guard=0.060 activeAge=-1.000 pitch=-1.00Hz pitchCents=0.0
2025-12-16 05:22:14 [tracker] [s6] onset t=1.585 env=0.00200 gate=0.00021 envDelta=0.00179 envFloor=0.00127 onset=1.002 thresh=0.018 onsetDelta=0.98371 baseline=0.00085 adaptive=0.00212 lastPeak=0.00000 guard=0.060 activeAge=-1.000 pitch=-1.00Hz pitchCents=0.0
2025-12-16 05:22:14 [tracker] [s4] onset t=1.612 env=0.00168 gate=0.00011 envDelta=0.00157 envFloor=0.00099 onset=0.993 thresh=0.014 onsetDelta=0.97938 baseline=0.00066 adaptive=0.00165 lastPeak=0.00000 guard=0.060 activeAge=-1.000 pitch=-1.00Hz pitchCents=0.0
2025-12-16 05:22:14 [tracker] [s1] aubio-raw t=1.6307 onset=1.320592 env=0.000705 peak=0.001896 gain=1.000
2025-12-16 05:22:14 [tracker] [s1] onset-accepted t=1.6307 env=0.000705 gate=0.000018 envDelta=0.000687 envFloor=0.000499 onset=1.320592 thresh=0.006000 onsetDelta=1.314592 baseline=0.000333 floor=0.000180 adapt=0.000832 lastPeak=0.000309 baseParam=0.000180 gateRatio=0.0550 envParam=0.000450 onsetScale=0.300 retriggerScale=1.400 guard=0.060 guardRemain=0.000 activeAge=0.515 retrigRemain=0.000 pitchHz=111.11 pitchCents=517.4
2025-12-16 05:22:14 [tracker] [s1] onset t=1.631 env=0.00071 gate=0.00002 envDelta=0.00069 envFloor=0.00050 onset=1.321 thresh=0.006 onsetDelta=1.31459 baseline=0.00033 adaptive=0.00083 lastPeak=0.00031 guard=0.060 activeAge=0.515 pitch=111.11Hz pitchCents=517.4
2025-12-16 05:22:14 [tracker] [s1] note-ended (new onset) t=1.631 fret=3 dur=0.515
2025-12-16 05:22:15 [tracker] [s3] onset t=1.735 env=0.00121 gate=0.00008 envDelta=0.00113 envFloor=0.00090 onset=1.088 thresh=0.012 onsetDelta=1.07635 baseline=0.00060 adaptive=0.00149 lastPeak=0.00000 guard=0.060 activeAge=-1.000 pitch=-1.00Hz pitchCents=0.0
2025-12-16 05:22:15 [tracker] [s3] onset t=1.788 env=0.00097 gate=0.00007 envDelta=0.00090 envFloor=0.00083 onset=1.302 thresh=0.012 onsetDelta=1.29024 baseline=0.00055 adaptive=0.00138 lastPeak=0.00000 guard=0.060 activeAge=-1.000 pitch=-1.00Hz pitchCents=0.0
2025-12-16 05:22:15 [tracker] [s6] onset t=1.815 env=0.00211 gate=0.00020 envDelta=0.00191 envFloor=0.00118 onset=0.616 thresh=0.018 onsetDelta=0.59803 baseline=0.00079 adaptive=0.00197 lastPeak=0.00000 guard=0.060 activeAge=-1.000 pitch=-1.00Hz pitchCents=0.0
2025-12-16 05:22:15 [tracker] [s5] onset t=1.844 env=0.00146 gate=0.00014 envDelta=0.00133 envFloor=0.00097 onset=0.765 thresh=0.016 onsetDelta=0.74873 baseline=0.00065 adaptive=0.00162 lastPeak=0.00000 guard=0.060 activeAge=-1.000 pitch=-1.00Hz pitchCents=0.0
2025-12-16 05:22:15 [tracker] [s1] aubio-raw t=1.8493 onset=0.643610 env=0.000732 peak=0.001864 gain=1.000
2025-12-16 05:22:15 [tracker] [s1] onset-accepted t=1.8493 env=0.000732 gate=0.000019 envDelta=0.000713 envFloor=0.000527 onset=0.643610 thresh=0.006000 onsetDelta=0.637610 baseline=0.000351 floor=0.000180 adapt=0.000878 lastPeak=0.000205 baseParam=0.000180 gateRatio=0.0550 envParam=0.000450 onsetScale=0.300 retriggerScale=1.400 guard=0.060 guardRemain=0.000 activeAge=-1.000 retrigRemain=0.000 pitchHz=145.45 pitchCents=983.6
2025-12-16 05:22:15 [tracker] [s1] onset t=1.849 env=0.00073 gate=0.00002 envDelta=0.00071 envFloor=0.00053 onset=0.644 thresh=0.006 onsetDelta=0.63761 baseline=0.00035 adaptive=0.00088 lastPeak=0.00020 guard=0.060 activeAge=-1.000 pitch=145.45Hz pitchCents=983.6
2025-12-16 05:22:15 [tracker] [s6] onset t=1.905 env=0.00174 gate=0.00020 envDelta=0.00154 envFloor=0.00120 onset=1.423 thresh=0.018 onsetDelta=1.40461 baseline=0.00080 adaptive=0.00200 lastPeak=0.00000 guard=0.060 activeAge=-1.000 pitch=-1.00Hz pitchCents=0.0
2025-12-16 05:22:15 [tracker] [s6] onset t=1.993 env=0.00228 gate=0.00021 envDelta=0.00207 envFloor=0.00126 onset=1.087 thresh=0.018 onsetDelta=1.06855 baseline=0.00084 adaptive=0.00210 lastPeak=0.00000 guard=0.060 activeAge=-1.000 pitch=-1.00Hz pitchCents=0.0
2025-12-16 05:22:15 [tracker] [s4] onset t=2.087 env=0.00145 gate=0.00011 envDelta=0.00135 envFloor=0.00093 onset=0.995 thresh=0.014 onsetDelta=0.98065 baseline=0.00062 adaptive=0.00154 lastPeak=0.00000 guard=0.060 activeAge=-1.000 pitch=-1.00Hz pitchCents=0.0
2025-12-16 05:22:15 [tracker] [s1] aubio-raw t=2.1027 onset=0.980164 env=0.000562 peak=0.001476 gain=1.000
2025-12-16 05:22:15 [tracker] [s1] onset-accepted t=2.1027 env=0.000562 gate=0.000020 envDelta=0.000542 envFloor=0.000544 onset=0.980164 thresh=0.006000 onsetDelta=0.974164 baseline=0.000362 floor=0.000180 adapt=0.000906 lastPeak=0.000127 baseParam=0.000180 gateRatio=0.0550 envParam=0.000450 onsetScale=0.300 retriggerScale=1.400 guard=0.060 guardRemain=0.000 activeAge=-1.000 retrigRemain=0.000 pitchHz=166.68 pitchCents=1219.5
2025-12-16 05:22:15 [tracker] [s1] onset t=2.103 env=0.00056 gate=0.00002 envDelta=0.00054 envFloor=0.00054 onset=0.980 thresh=0.006 onsetDelta=0.97416 baseline=0.00036 adaptive=0.00091 lastPeak=0.00013 guard=0.060 activeAge=-1.000 pitch=166.68Hz pitchCents=1219.5
2025-12-16 05:22:15 [tracker] [s1] note-start t=2.103 fret=13 midi=53 vel=0.01 env=0.00056
2025-12-16 05:22:15 [tracker] [s6] onset t=2.135 env=0.00167 gate=0.00020 envDelta=0.00147 envFloor=0.00121 onset=0.924 thresh=0.018 onsetDelta=0.90644 baseline=0.00081 adaptive=0.00202 lastPeak=0.00000 guard=0.060 activeAge=-1.000 pitch=-1.00Hz pitchCents=0.0
2025-12-16 05:22:15 [tracker] [s1] aubio-raw t=2.2680 onset=0.922562 env=0.000529 peak=0.001318 gain=1.000
2025-12-16 05:22:15 [tracker] [s1] onset-below-env-floor t=2.2680 env=0.000529 gate=0.000020 envDelta=0.000509 envFloor=0.000536 onset=0.922562 thresh=0.006000 onsetDelta=0.916562 baseline=0.000371 floor=0.000180 adapt=0.000893 lastPeak=0.000412 baseParam=0.000180 gateRatio=0.0550 envParam=0.000450 onsetScale=0.300 retriggerScale=1.400 guard=0.060 guardRemain=0.000 activeAge=0.165 retrigRemain=0.055 pitchHz=-1.00 pitchCents=0.0
2025-12-16 05:22:15 [tracker] [s4] onset t=2.329 env=0.00144 gate=0.00011 envDelta=0.00133 envFloor=0.00095 onset=0.907 thresh=0.014 onsetDelta=0.89310 baseline=0.00063 adaptive=0.00158 lastPeak=0.00000 guard=0.060 activeAge=-1.000 pitch=-1.00Hz pitchCents=0.0
2025-12-16 05:22:15 [tracker] [s1] aubio-raw t=2.3507 onset=0.997022 env=0.000961 peak=0.002308 gain=1.000
2025-12-16 05:22:15 [tracker] [s1] onset-accepted t=2.3507 env=0.000961 gate=0.000020 envDelta=0.000942 envFloor=0.000533 onset=0.997022 thresh=0.006000 onsetDelta=0.991022 baseline=0.000355 floor=0.000180 adapt=0.000888 lastPeak=0.000353 baseParam=0.000180 gateRatio=0.0550 envParam=0.000450 onsetScale=0.300 retriggerScale=1.400 guard=0.060 guardRemain=0.000 activeAge=0.248 retrigRemain=0.000 pitchHz=-1.00 pitchCents=0.0
2025-12-16 05:22:15 [tracker] [s1] onset t=2.351 env=0.00096 gate=0.00002 envDelta=0.00094 envFloor=0.00053 onset=0.997 thresh=0.006 onsetDelta=0.99102 baseline=0.00036 adaptive=0.00089 lastPeak=0.00035 guard=0.060 activeAge=0.248 pitch=-1.00Hz pitchCents=0.0
2025-12-16 05:22:15 [tracker] [s1] note-ended (new onset) t=2.351 fret=13 dur=0.248
2025-12-16 05:22:15 [tracker] [s5] onset t=2.404 env=0.00181 gate=0.00015 envDelta=0.00166 envFloor=0.00108 onset=0.996 thresh=0.016 onsetDelta=0.97990 baseline=0.00072 adaptive=0.00180 lastPeak=0.00000 guard=0.060 activeAge=-1.000 pitch=-1.00Hz pitchCents=0.0
2025-12-16 05:22:15 [tracker] [s6] onset t=2.404 env=0.00221 gate=0.00022 envDelta=0.00199 envFloor=0.00131 onset=1.040 thresh=0.018 onsetDelta=1.02241 baseline=0.00087 adaptive=0.00219 lastPeak=0.00000 guard=0.060 activeAge=-1.000 pitch=-1.00Hz pitchCents=0.0
2025-12-16 05:22:15 [tracker] [s2] onset t=2.439 env=0.00122 gate=0.00001 envDelta=0.00122 envFloor=0.00086 onset=0.983 thresh=0.009 onsetDelta=0.97384 baseline=0.00057 adaptive=0.00143 lastPeak=0.00006 guard=0.060 activeAge=-1.000 pitch=-1.00Hz pitchCents=0.0
2025-12-16 05:22:15 [tracker] [s4] onset t=2.455 env=0.00162 gate=0.00011 envDelta=0.00151 envFloor=0.00096 onset=1.378 thresh=0.014 onsetDelta=1.36414 baseline=0.00064 adaptive=0.00161 lastPeak=0.00000 guard=0.060 activeAge=-1.000 pitch=-1.00Hz pitchCents=0.0
2025-12-16 05:22:15 [tracker] [s1] aubio-raw t=2.4760 onset=1.146090 env=0.000742 peak=0.002126 gain=1.000
2025-12-16 05:22:15 [tracker] [s1] onset-accepted t=2.4760 env=0.000742 gate=0.000018 envDelta=0.000724 envFloor=0.000502 onset=1.146090 thresh=0.006000 onsetDelta=1.140090 baseline=0.000334 floor=0.000180 adapt=0.000836 lastPeak=0.000279 baseParam=0.000180 gateRatio=0.0550 envParam=0.000450 onsetScale=0.300 retriggerScale=1.400 guard=0.060 guardRemain=0.000 activeAge=-1.000 retrigRemain=0.000 pitchHz=117.64 pitchCents=616.2
2025-12-16 05:22:15 [tracker] [s1] onset t=2.476 env=0.00074 gate=0.00002 envDelta=0.00072 envFloor=0.00050 onset=1.146 thresh=0.006 onsetDelta=1.14009 baseline=0.00033 adaptive=0.00084 lastPeak=0.00028 guard=0.060 activeAge=-1.000 pitch=117.64Hz pitchCents=616.2
2025-12-16 05:22:15 [tracker] [s3] onset t=2.596 env=0.00176 gate=0.00007 envDelta=0.00169 envFloor=0.00085 onset=1.122 thresh=0.012 onsetDelta=1.11037 baseline=0.00056 adaptive=0.00141 lastPeak=0.00000 guard=0.060 activeAge=-1.000 pitch=-1.00Hz pitchCents=0.0
2025-12-16 05:22:15 [tracker] [s2] onset t=2.612 env=0.00143 gate=0.00001 envDelta=0.00142 envFloor=0.00084 onset=1.059 thresh=0.009 onsetDelta=1.04954 baseline=0.00056 adaptive=0.00141 lastPeak=0.00004 guard=0.060 activeAge=-1.000 pitch=106.65Hz pitchCents=-53.5
2025-12-16 05:22:16 [tracker] [s6] onset t=2.703 env=0.00182 gate=0.00020 envDelta=0.00162 envFloor=0.00121 onset=0.907 thresh=0.018 onsetDelta=0.88860 baseline=0.00081 adaptive=0.00202 lastPeak=0.00000 guard=0.060 activeAge=-1.000 pitch=-1.00Hz pitchCents=0.0
2025-12-16 05:22:16 [tracker] [s2] onset t=2.721 env=0.00129 gate=0.00001 envDelta=0.00129 envFloor=0.00083 onset=0.739 thresh=0.009 onsetDelta=0.72983 baseline=0.00055 adaptive=0.00138 lastPeak=0.00003 guard=0.060 activeAge=-1.000 pitch=137.93Hz pitchCents=391.7
2025-12-16 05:22:16 [tracker] [s1] aubio-raw t=2.7320 onset=1.116647 env=0.000629 peak=0.001684 gain=1.000
2025-12-16 05:22:16 [tracker] [s1] onset-accepted t=2.7320 env=0.000629 gate=0.000020 envDelta=0.000608 envFloor=0.000557 onset=1.116647 thresh=0.006000 onsetDelta=1.110647 baseline=0.000371 floor=0.000180 adapt=0.000928 lastPeak=0.000172 baseParam=0.000180 gateRatio=0.0550 envParam=0.000450 onsetScale=0.300 retriggerScale=1.400 guard=0.060 guardRemain=0.000 activeAge=-1.000 retrigRemain=0.000 pitchHz=228.58 pitchCents=1766.2
2025-12-16 05:22:16 [tracker] [s1] onset t=2.732 env=0.00063 gate=0.00002 envDelta=0.00061 envFloor=0.00056 onset=1.117 thresh=0.006 onsetDelta=1.11065 baseline=0.00037 adaptive=0.00093 lastPeak=0.00017 guard=0.060 activeAge=-1.000 pitch=228.58Hz pitchCents=1766.2
2025-12-16 05:22:16 [tracker] [s1] aubio-raw t=2.7934 onset=0.994221 env=0.000579 peak=0.001537 gain=1.000
2025-12-16 05:22:16 [tracker] [s1] onset-accepted t=2.7934 env=0.000579 gate=0.000019 envDelta=0.000560 envFloor=0.000517 onset=0.994221 thresh=0.006000 onsetDelta=0.988221 baseline=0.000344 floor=0.000180 adapt=0.000861 lastPeak=0.000153 baseParam=0.000180 gateRatio=0.0550 envParam=0.000450 onsetScale=0.300 retriggerScale=1.400 guard=0.060 guardRemain=0.000 activeAge=-1.000 retrigRemain=0.000 pitchHz=-1.00 pitchCents=0.0
2025-12-16 05:22:16 [tracker] [s1] onset t=2.793 env=0.00058 gate=0.00002 envDelta=0.00056 envFloor=0.00052 onset=0.994 thresh=0.006 onsetDelta=0.98822 baseline=0.00034 adaptive=0.00086 lastPeak=0.00015 guard=0.060 activeAge=-1.000 pitch=-1.00Hz pitchCents=0.0
2025-12-16 05:22:16 [tracker] [s5] onset t=2.855 env=0.00163 gate=0.00015 envDelta=0.00149 envFloor=0.00106 onset=1.000 thresh=0.016 onsetDelta=0.98387 baseline=0.00071 adaptive=0.00176 lastPeak=0.00000 guard=0.060 activeAge=-1.000 pitch=-1.00Hz pitchCents=0.0
2025-12-16 05:22:16 [tracker] [s3] onset t=2.881 env=0.00156 gate=0.00008 envDelta=0.00149 envFloor=0.00092 onset=0.794 thresh=0.012 onsetDelta=0.78287 baseline=0.00061 adaptive=0.00153 lastPeak=0.00000 guard=0.060 activeAge=-1.000 pitch=-1.00Hz pitchCents=0.0
2025-12-16 05:22:16 [tracker] [s2] onset t=3.041 env=0.00119 gate=0.00001 envDelta=0.00119 envFloor=0.00082 onset=1.008 thresh=0.009 onsetDelta=0.99929 baseline=0.00054 adaptive=0.00136 lastPeak=0.00002 guard=0.060 activeAge=-1.000 pitch=156.85Hz pitchCents=614.2
2025-12-16 05:22:16 [tracker] [s2] onset t=3.145 env=0.00144 gate=0.00001 envDelta=0.00143 envFloor=0.00082 onset=1.271 thresh=0.009 onsetDelta=1.26189 baseline=0.00055 adaptive=0.00137 lastPeak=0.00002 guard=0.060 activeAge=-1.000 pitch=-1.00Hz pitchCents=0.0
2025-12-16 05:22:16 [tracker] [s4] onset t=3.191 env=0.00133 gate=0.00010 envDelta=0.00123 envFloor=0.00091 onset=0.960 thresh=0.014 onsetDelta=0.94622 baseline=0.00060 adaptive=0.00151 lastPeak=0.00000 guard=0.060 activeAge=-1.000 pitch=-1.00Hz pitchCents=0.0
2025-12-16 05:22:16 [tracker] [s3] onset t=3.220 env=0.00149 gate=0.00008 envDelta=0.00141 envFloor=0.00087 onset=0.958 thresh=0.012 onsetDelta=0.94686 baseline=0.00058 adaptive=0.00145 lastPeak=0.00000 guard=0.060 activeAge=-1.000 pitch=-1.00Hz pitchCents=0.0
2025-12-16 05:22:16 [tracker] [s4] onset t=3.324 env=0.00149 gate=0.00010 envDelta=0.00138 envFloor=0.00091 onset=0.805 thresh=0.014 onsetDelta=0.79114 baseline=0.00061 adaptive=0.00152 lastPeak=0.00000 guard=0.060 activeAge=-1.000 pitch=-1.00Hz pitchCents=0.0
2025-12-16 05:22:16 [tracker] [s4] onset t=3.375 env=0.00115 gate=0.00010 envDelta=0.00105 envFloor=0.00088 onset=0.908 thresh=0.014 onsetDelta=0.89378 baseline=0.00059 adaptive=0.00147 lastPeak=0.00000 guard=0.060 activeAge=-1.000 pitch=-1.00Hz pitchCents=0.0
2025-12-16 05:22:16 [tracker] [s1] aubio-raw t=3.3854 onset=0.990897 env=0.000617 peak=0.001718 gain=1.000
2025-12-16 05:22:16 [tracker] [s1] onset-accepted t=3.3854 env=0.000617 gate=0.000017 envDelta=0.000600 envFloor=0.000468 onset=0.990897 thresh=0.006000 onsetDelta=0.984897 baseline=0.000312 floor=0.000180 adapt=0.000780 lastPeak=0.000050 baseParam=0.000180 gateRatio=0.0550 envParam=0.000450 onsetScale=0.300 retriggerScale=1.400 guard=0.060 guardRemain=0.000 activeAge=-1.000 retrigRemain=0.000 pitchHz=145.45 pitchCents=983.6
2025-12-16 05:22:16 [tracker] [s1] onset t=3.385 env=0.00062 gate=0.00002 envDelta=0.00060 envFloor=0.00047 onset=0.991 thresh=0.006 onsetDelta=0.98490 baseline=0.00031 adaptive=0.00078 lastPeak=0.00005 guard=0.060 activeAge=-1.000 pitch=145.45Hz pitchCents=983.6
2025-12-16 05:22:16 [tracker] [s4] onset t=3.425 env=0.00133 gate=0.00010 envDelta=0.00123 envFloor=0.00091 onset=0.881 thresh=0.014 onsetDelta=0.86689 baseline=0.00061 adaptive=0.00151 lastPeak=0.00000 guard=0.060 activeAge=-1.000 pitch=-1.00Hz pitchCents=0.0
2025-12-16 05:22:16 [tracker] [s1] aubio-raw t=3.4520 onset=0.999452 env=0.000773 peak=0.002140 gain=1.000
2025-12-16 05:22:16 [tracker] [s1] onset t=3.452 env=0.00077 gate=0.00002 envDelta=0.00075 envFloor=0.00055 onset=0.999 thresh=0.006 onsetDelta=0.99345 baseline=0.00037 adaptive=0.00091 lastPeak=0.00004 guard=0.060 activeAge=-1.000 pitch=94.11Hz pitchCents=230.0
2025-12-16 05:22:16 [tracker] [s3] onset t=3.479 env=0.00109 gate=0.00007 envDelta=0.00102 envFloor=0.00082 onset=0.770 thresh=0.012 onsetDelta=0.75880 baseline=0.00055 adaptive=0.00137 lastPeak=0.00000 guard=0.060 activeAge=-1.000 pitch=-1.00Hz pitchCents=0.0
2025-12-16 05:22:16 [tracker] [s1] aubio-raw t=3.5107 onset=0.997641 env=0.000662 peak=0.001982 gain=1.000
2025-12-16 05:22:16 [tracker] [s1] onset-accepted t=3.5107 env=0.000662 gate=0.000019 envDelta=0.000643 envFloor=0.000529 onset=0.997641 thresh=0.006000 onsetDelta=0.991641 baseline=0.000353 floor=0.000180 adapt=0.000882 lastPeak=0.000040 baseParam=0.000180 gateRatio=0.0550 envParam=0.000450 onsetScale=0.300 retriggerScale=1.400 guard=0.060 guardRemain=0.000 activeAge=-1.000 retrigRemain=0.000 pitchHz=205.12 pitchCents=1578.8
2025-12-16 05:22:16 [tracker] [s1] onset t=3.511 env=0.00066 gate=0.00002 envDelta=0.00064 envFloor=0.00053 onset=0.998 thresh=0.006 onsetDelta=0.99164 baseline=0.00035 adaptive=0.00088 lastPeak=0.00004 guard=0.060 activeAge=-1.000 pitch=205.12Hz pitchCents=1578.8
2025-12-16 05:22:16 [tracker] [s5] onset t=3.521 env=0.00175 gate=0.00015 envDelta=0.00160 envFloor=0.00108 onset=1.001 thresh=0.016 onsetDelta=0.98509 baseline=0.00072 adaptive=0.00180 lastPeak=0.00000 guard=0.060 activeAge=-1.000 pitch=-1.00Hz pitchCents=0.0
2025-12-16 05:22:16 [tracker] [s1] aubio-raw t=3.6334 onset=1.031002 env=0.009739 peak=0.015359 gain=1.000
2025-12-16 05:22:16 [tracker] [s1] onset-accepted t=3.6334 env=0.009739 gate=0.000040 envDelta=0.009699 envFloor=0.001512 onset=1.031002 thresh=0.006000 onsetDelta=1.025002 baseline=0.000720 floor=0.000180 adapt=0.004040 lastPeak=0.000032 baseParam=0.000180 gateRatio=0.0550 envParam=0.000450 onsetScale=0.300 retriggerScale=1.400 guard=0.060 guardRemain=0.000 activeAge=-1.000 retrigRemain=0.000 pitchHz=-1.00 pitchCents=0.0
2025-12-16 05:22:16 [tracker] [s1] onset t=3.633 env=0.00974 gate=0.00004 envDelta=0.00970 envFloor=0.00151 onset=1.031 thresh=0.006 onsetDelta=1.02500 baseline=0.00072 adaptive=0.00404 lastPeak=0.00003 guard=0.060 activeAge=-1.000 pitch=-1.00Hz pitchCents=0.0
2025-12-16 05:22:16 [tracker] [s2] onset t=3.636 env=0.00322 gate=0.00001 envDelta=0.00321 envFloor=0.00141 onset=1.340 thresh=0.009 onsetDelta=1.33116 baseline=0.00088 adaptive=0.00235 lastPeak=0.00001 guard=0.060 activeAge=-1.000 pitch=307.66Hz pitchCents=1780.6
2025-12-16 05:22:16 [tracker] [s3] onset t=3.649 env=0.00105 gate=0.00007 envDelta=0.00098 envFloor=0.00083 onset=0.995 thresh=0.012 onsetDelta=0.98380 baseline=0.00055 adaptive=0.00138 lastPeak=0.00000 guard=0.060 activeAge=-1.000 pitch=-1.00Hz pitchCents=0.0
2025-12-16 05:22:17 [tracker] [s6] onset t=3.679 env=0.00156 gate=0.00020 envDelta=0.00136 envFloor=0.00117 onset=0.809 thresh=0.018 onsetDelta=0.79143 baseline=0.00078 adaptive=0.00196 lastPeak=0.00000 guard=0.060 activeAge=-1.000 pitch=-1.00Hz pitchCents=0.0
2025-12-16 05:22:17 [tracker] [s1] aubio-raw t=3.7000 onset=0.998118 env=0.000792 peak=0.002423 gain=1.000
2025-12-16 05:22:17 [tracker] [s1] onset-below-env-floor t=3.7000 env=0.000792 gate=0.000040 envDelta=0.000753 envFloor=0.001512 onset=0.998118 thresh=0.006000 onsetDelta=0.992118 baseline=0.000720 floor=0.000180 adapt=0.002545 lastPeak=0.000028 baseParam=0.000180 gateRatio=0.0550 envParam=0.000450 onsetScale=0.300 retriggerScale=1.400 guard=0.060 guardRemain=0.000 activeAge=-1.000 retrigRemain=0.000 pitchHz=111.10 pitchCents=517.2
2025-12-16 05:22:17 [tracker] [s3] onset t=3.716 env=0.00088 gate=0.00007 envDelta=0.00081 envFloor=0.00082 onset=1.195 thresh=0.012 onsetDelta=1.18364 baseline=0.00055 adaptive=0.00137 lastPeak=0.00000 guard=0.060 activeAge=-1.000 pitch=-1.00Hz pitchCents=0.0
2025-12-16 05:22:17 [tracker] [s2] onset t=3.801 env=0.00106 gate=0.00001 envDelta=0.00105 envFloor=0.00094 onset=1.150 thresh=0.009 onsetDelta=1.14074 baseline=0.00062 adaptive=0.00156 lastPeak=0.00000 guard=0.060 activeAge=-1.000 pitch=103.89Hz pitchCents=-98.9
2025-12-16 05:22:17 [tracker] [s5] onset t=3.863 env=0.00158 gate=0.00015 envDelta=0.00142 envFloor=0.00108 onset=0.839 thresh=0.016 onsetDelta=0.82289 baseline=0.00072 adaptive=0.00180 lastPeak=0.00000 guard=0.060 activeAge=-1.000 pitch=-1.00Hz pitchCents=0.0
2025-12-16 05:22:17 [tracker] [s1] aubio-raw t=3.9267 onset=0.841994 env=0.000822 peak=0.002219 gain=1.000
2025-12-16 05:22:17 [tracker] [s1] onset-accepted t=3.9267 env=0.000822 gate=0.000021 envDelta=0.000801 envFloor=0.000564 onset=0.841994 thresh=0.006000 onsetDelta=0.835994 baseline=0.000376 floor=0.000180 adapt=0.000940 lastPeak=0.000018 baseParam=0.000180 gateRatio=0.0550 envParam=0.000450 onsetScale=0.300 retriggerScale=1.400 guard=0.060 guardRemain=0.000 activeAge=-1.000 retrigRemain=0.000 pitchHz=363.64 pitchCents=2570.0
2025-12-16 05:22:17 [tracker] [s1] onset t=3.927 env=0.00082 gate=0.00002 envDelta=0.00080 envFloor=0.00056 onset=0.842 thresh=0.006 onsetDelta=0.83599 baseline=0.00038 adaptive=0.00094 lastPeak=0.00002 guard=0.060 activeAge=-1.000 pitch=363.64Hz pitchCents=2570.0
2025-12-16 05:22:17 [tracker] [s6] onset t=3.953 env=0.00187 gate=0.00021 envDelta=0.00166 envFloor=0.00126 onset=0.900 thresh=0.018 onsetDelta=0.88246 baseline=0.00084 adaptive=0.00209 lastPeak=0.00000 guard=0.060 activeAge=-1.000 pitch=-1.00Hz pitchCents=0.0
2025-12-16 05:22:17 [tracker] [s5] onset t=4.031 env=0.00124 gate=0.00014 envDelta=0.00110 envFloor=0.00101 onset=0.998 thresh=0.016 onsetDelta=0.98245 baseline=0.00068 adaptive=0.00169 lastPeak=0.00000 guard=0.060 activeAge=-1.000 pitch=-1.00Hz pitchCents=0.0
2025-12-16 05:22:17 [tracker] [s3] onset t=4.041 env=0.00134 gate=0.00007 envDelta=0.00127 envFloor=0.00082 onset=0.995 thresh=0.012 onsetDelta=0.98369 baseline=0.00055 adaptive=0.00137 lastPeak=0.00000 guard=0.060 activeAge=-1.000 pitch=-1.00Hz pitchCents=0.0
2025-12-16 05:22:17 [tracker] [s1] aubio-raw t=4.0467 onset=0.997708 env=0.000881 peak=0.002175 gain=1.000
2025-12-16 05:22:17 [tracker] [s1] onset-accepted t=4.0467 env=0.000881 gate=0.000020 envDelta=0.000861 envFloor=0.000540 onset=0.997708 thresh=0.006000 onsetDelta=0.991708 baseline=0.000360 floor=0.000180 adapt=0.000900 lastPeak=0.000015 baseParam=0.000180 gateRatio=0.0550 envParam=0.000450 onsetScale=0.300 retriggerScale=1.400 guard=0.060 guardRemain=0.000 activeAge=-1.000 retrigRemain=0.000 pitchHz=216.21 pitchCents=1669.9
2025-12-16 05:22:17 [tracker] [s1] onset t=4.047 env=0.00088 gate=0.00002 envDelta=0.00086 envFloor=0.00054 onset=0.998 thresh=0.006 onsetDelta=0.99171 baseline=0.00036 adaptive=0.00090 lastPeak=0.00001 guard=0.060 activeAge=-1.000 pitch=216.21Hz pitchCents=1669.9
2025-12-16 05:22:17 [tracker] [s4] onset t=4.079 env=0.00120 gate=0.00010 envDelta=0.00110 envFloor=0.00085 onset=0.984 thresh=0.014 onsetDelta=0.97027 baseline=0.00057 adaptive=0.00142 lastPeak=0.00000 guard=0.060 activeAge=-1.000 pitch=-1.00Hz pitchCents=0.0
2025-12-16 05:22:17 [tracker] [s6] onset t=4.127 env=0.00176 gate=0.00019 envDelta=0.00156 envFloor=0.00116 onset=0.995 thresh=0.018 onsetDelta=0.97699 baseline=0.00077 adaptive=0.00193 lastPeak=0.00000 guard=0.060 activeAge=-1.000 pitch=-1.00Hz pitchCents=0.0
2025-12-16 05:22:17 [tracker] [s1] aubio-raw t=4.2147 onset=1.108274 env=0.000677 peak=0.001773 gain=1.000
2025-12-16 05:22:17 [tracker] [s1] onset-accepted t=4.2147 env=0.000677 gate=0.000019 envDelta=0.000658 envFloor=0.000527 onset=1.108274 thresh=0.006000 onsetDelta=1.102274 baseline=0.000351 floor=0.000180 adapt=0.000878 lastPeak=0.000011 baseParam=0.000180 gateRatio=0.0550 envParam=0.000450 onsetScale=0.300 retriggerScale=1.400 guard=0.060 guardRemain=0.000 activeAge=-1.000 retrigRemain=0.000 pitchHz=235.30 pitchCents=1816.4
2025-12-16 05:22:17 [tracker] [s1] onset t=4.215 env=0.00068 gate=0.00002 envDelta=0.00066 envFloor=0.00053 onset=1.108 thresh=0.006 onsetDelta=1.10227 baseline=0.00035 adaptive=0.00088 lastPeak=0.00001 guard=0.060 activeAge=-1.000 pitch=235.30Hz pitchCents=1816.4
2025-12-16 05:22:17 [tracker] [s2] onset t=4.239 env=0.00164 gate=0.00001 envDelta=0.00164 envFloor=0.00085 onset=0.846 thresh=0.009 onsetDelta=0.83688 baseline=0.00057 adaptive=0.00142 lastPeak=0.00000 guard=0.060 activeAge=-1.000 pitch=347.81Hz pitchCents=1993.0
2025-12-16 05:22:17 [tracker] [s5] onset t=4.239 env=0.00162 gate=0.00015 envDelta=0.00147 envFloor=0.00108 onset=0.805 thresh=0.016 onsetDelta=0.78864 baseline=0.00072 adaptive=0.00180 lastPeak=0.00000 guard=0.060 activeAge=-1.000 pitch=-1.00Hz pitchCents=0.0
2025-12-16 05:22:17 [tracker] [s3] onset t=4.284 env=0.00155 gate=0.00008 envDelta=0.00147 envFloor=0.00089 onset=1.042 thresh=0.012 onsetDelta=1.03085 baseline=0.00059 adaptive=0.00148 lastPeak=0.00000 guard=0.060 activeAge=-1.000 pitch=-1.00Hz pitchCents=0.0
2025-12-16 05:22:17 [tracker] [s5] onset t=4.308 env=0.00170 gate=0.00015 envDelta=0.00155 envFloor=0.00108 onset=0.999 thresh=0.016 onsetDelta=0.98303 baseline=0.00072 adaptive=0.00181 lastPeak=0.00000 guard=0.060 activeAge=-1.000 pitch=-1.00Hz pitchCents=0.0
2025-12-16 05:22:17 [tracker] [s4] onset t=4.351 env=0.00146 gate=0.00010 envDelta=0.00136 envFloor=0.00092 onset=0.876 thresh=0.014 onsetDelta=0.86225 baseline=0.00061 adaptive=0.00153 lastPeak=0.00000 guard=0.060 activeAge=-1.000 pitch=-1.00Hz pitchCents=0.0
2025-12-16 05:22:17 [tracker] [s1] aubio-raw t=4.3614 onset=0.998289 env=0.000814 peak=0.001975 gain=1.000
2025-12-16 05:22:17 [tracker] [s1] onset-accepted t=4.3614 env=0.000814 gate=0.000021 envDelta=0.000793 envFloor=0.000565 onset=0.998289 thresh=0.006000 onsetDelta=0.992289 baseline=0.000377 floor=0.000180 adapt=0.000942 lastPeak=0.000008 baseParam=0.000180 gateRatio=0.0550 envParam=0.000450 onsetScale=0.300 retriggerScale=1.400 guard=0.060 guardRemain=0.000 activeAge=-1.000 retrigRemain=0.000 pitchHz=94.12 pitchCents=230.1
2025-12-16 05:22:17 [tracker] [s1] onset t=4.361 env=0.00081 gate=0.00002 envDelta=0.00079 envFloor=0.00057 onset=0.998 thresh=0.006 onsetDelta=0.99229 baseline=0.00038 adaptive=0.00094 lastPeak=0.00001 guard=0.060 activeAge=-1.000 pitch=94.12Hz pitchCents=230.1
2025-12-16 05:22:17 [tracker] [s1] note-start t=4.361 fret=2 midi=42 vel=0.01 env=0.00081
2025-12-16 05:22:17 [tracker] [s2] onset t=4.388 env=0.00118 gate=0.00001 envDelta=0.00118 envFloor=0.00087 onset=1.017 thresh=0.009 onsetDelta=1.00802 baseline=0.00058 adaptive=0.00144 lastPeak=0.00000 guard=0.060 activeAge=-1.000 pitch=186.03Hz pitchCents=909.6
