# SignalAssistant session log
# Started at 2025-12-08 04:23:13
2025-12-08 04:23:13 [session] mode=recorded session='live/A' path='/home/general/SignalAssistant/sessions/live/A' duration=12.81 files=6
2025-12-08 04:23:13 [tracker-settings] TrackerConfig onsetThreshold=0.02000 minNoteDurSec=0.045 hopSec=0.010 slideDelta=120.0 bendDelta=35.0
2025-12-08 04:23:13 [tracker-settings] string1 midi=40 lowCut=37.08Hz highCut=445.00Hz baseline=0.000180 gateRatio=0.05500 envFloor=0.000450 sustainScale=0.580 retriggerScale=1.400 peakRelease=0.120 pitchTol=0.400 onsetScale=0.300
2025-12-08 04:23:13 [tracker-settings] string2 midi=45 lowCut=55.00Hz highCut=563.20Hz baseline=0.000220 gateRatio=0.10000 envFloor=0.000550 sustainScale=0.700 retriggerScale=1.250 peakRelease=0.130 pitchTol=0.400 onsetScale=0.450
2025-12-08 04:23:13 [tracker-settings] string3 midi=50 lowCut=85.16Hz highCut=693.05Hz baseline=0.000260 gateRatio=0.13000 envFloor=0.000650 sustainScale=0.820 retriggerScale=1.100 peakRelease=0.140 pitchTol=0.450 onsetScale=0.580
2025-12-08 04:23:13 [tracker-settings] string4 midi=55 lowCut=127.40Hz highCut=862.39Hz baseline=0.000320 gateRatio=0.17000 envFloor=0.000780 sustainScale=1.000 retriggerScale=1.000 peakRelease=0.160 pitchTol=0.440 onsetScale=0.700
2025-12-08 04:23:13 [tracker-settings] string5 midi=59 lowCut=160.51Hz highCut=1086.54Hz baseline=0.000370 gateRatio=0.21000 envFloor=0.000900 sustainScale=1.000 retriggerScale=1.000 peakRelease=0.180 pitchTol=0.500 onsetScale=0.800
2025-12-08 04:23:13 [tracker-settings] string6 midi=64 lowCut=214.26Hz highCut=1450.36Hz baseline=0.000420 gateRatio=0.25000 envFloor=0.001050 sustainScale=1.000 retriggerScale=1.000 peakRelease=0.200 pitchTol=0.550 onsetScale=0.900
2025-12-08 04:23:13 [tracker] [s1] calibration reset
2025-12-08 04:23:13 [tracker] [s2] calibration reset
2025-12-08 04:23:13 [tracker] [s3] calibration reset
2025-12-08 04:23:13 [tracker] [s4] calibration reset
2025-12-08 04:23:13 [tracker] [s5] calibration reset
2025-12-08 04:23:13 [tracker] [s6] calibration reset
2025-12-08 04:23:13 [tracker] [s1] calibration avg=0.03165 peak=0.10910
2025-12-08 04:23:13 [tracker] [s2] calibration avg=0.01798 peak=0.04582
2025-12-08 04:23:13 [tracker] [s3] calibration avg=0.01325 peak=0.06025
2025-12-08 04:23:13 [tracker] [s4] calibration avg=0.03051 peak=0.11407
2025-12-08 04:23:13 [tracker] [s6] calibration avg=0.04616 peak=0.12280
2025-12-08 04:23:15 [test-mode] play session='live/A' position=0.00 duration=12.81
2025-12-08 04:23:15 [tracker] [s1] configure sr=48000.0 hop=128 fft=1024 low=37.1 high=445.0
2025-12-08 04:23:15 [tracker] [s1] params baseline=0.000180 gate=0.0550 envFloor=0.000450 sustain=0.580 retrigger=1.400 peakRelease=0.120 pitchTol=0.400 onsetScale=0.006 aubioScale=1.20 aubioThresh=0.024 onsetSilence=-85.0 pitchSilence=-90.0
2025-12-08 04:23:15 [tracker] [s1] aubio-raw t=0.0013 onset=4.000000 env=0.000093 peak=0.000223 gain=1.000
2025-12-08 04:23:15 [tracker] [s1] onset-below-gate t=0.0013 env=0.000093 onset=4.000000 thresh=0.006000 baseline=0.029117 gate=0.001601 envFloor=0.024750 floor=0.029117 adapt=0.029117 lastPeak=0.000000 calib=0.029117 baseParam=0.000180 gateRatio=0.0550 envParam=0.000450
2025-12-08 04:23:15 [tracker] [s2] configure sr=48000.0 hop=128 fft=1024 low=55.0 high=563.2
2025-12-08 04:23:15 [tracker] [s2] params baseline=0.000220 gate=0.1000 envFloor=0.000550 sustain=0.700 retrigger=1.250 peakRelease=0.130 pitchTol=0.400 onsetScale=0.009 aubioScale=1.35 aubioThresh=0.027 onsetSilence=-85.0 pitchSilence=-90.0
2025-12-08 04:23:15 [tracker] [s3] configure sr=48000.0 hop=128 fft=1024 low=85.2 high=693.0
2025-12-08 04:23:15 [tracker] [s3] params baseline=0.000260 gate=0.1300 envFloor=0.000650 sustain=0.820 retrigger=1.100 peakRelease=0.140 pitchTol=0.450 onsetScale=0.012 aubioScale=1.60 aubioThresh=0.032 onsetSilence=-75.0 pitchSilence=-80.0
2025-12-08 04:23:15 [tracker] [s4] configure sr=48000.0 hop=128 fft=1024 low=127.4 high=862.4
2025-12-08 04:23:15 [tracker] [s4] params baseline=0.000320 gate=0.1700 envFloor=0.000780 sustain=1.000 retrigger=1.000 peakRelease=0.160 pitchTol=0.440 onsetScale=0.014 aubioScale=1.80 aubioThresh=0.036 onsetSilence=-75.0 pitchSilence=-80.0
2025-12-08 04:23:15 [tracker] [s5] configure sr=48000.0 hop=128 fft=512 low=160.5 high=1086.5
2025-12-08 04:23:15 [tracker] [s5] params baseline=0.000370 gate=0.2100 envFloor=0.000900 sustain=1.000 retrigger=1.000 peakRelease=0.180 pitchTol=0.500 onsetScale=0.016 aubioScale=1.80 aubioThresh=0.036 onsetSilence=-75.0 pitchSilence=-80.0
2025-12-08 04:23:15 [tracker] [s6] configure sr=48000.0 hop=128 fft=512 low=214.3 high=1450.4
2025-12-08 04:23:15 [tracker] [s6] params baseline=0.000420 gate=0.2500 envFloor=0.001050 sustain=1.000 retrigger=1.000 peakRelease=0.200 pitchTol=0.550 onsetScale=0.018 aubioScale=1.80 aubioThresh=0.036 onsetSilence=-75.0 pitchSilence=-80.0
2025-12-08 04:23:16 [tracker] [s1] aubio-raw t=0.3667 onset=1.089333 env=0.000128 peak=0.000325 gain=1.000
2025-12-08 04:23:16 [tracker] [s1] onset-below-gate t=0.3667 env=0.000128 onset=1.089333 thresh=0.006000 baseline=0.029117 gate=0.001601 envFloor=0.024750 floor=0.029117 adapt=0.029117 lastPeak=0.000000 calib=0.029117 baseParam=0.000180 gateRatio=0.0550 envParam=0.000450
2025-12-08 04:23:16 [tracker] [s1] aubio-raw t=0.6840 onset=0.865799 env=0.000185 peak=0.000416 gain=1.000
2025-12-08 04:23:16 [tracker] [s1] onset-below-gate t=0.6840 env=0.000185 onset=0.865799 thresh=0.006000 baseline=0.029117 gate=0.001601 envFloor=0.024750 floor=0.029117 adapt=0.029117 lastPeak=0.000000 calib=0.029117 baseParam=0.000180 gateRatio=0.0550 envParam=0.000450
2025-12-08 04:23:16 [tracker] [s1] aubio-raw t=0.8147 onset=0.995319 env=0.000198 peak=0.000355 gain=1.000
2025-12-08 04:23:16 [tracker] [s1] onset-below-gate t=0.8147 env=0.000198 onset=0.995319 thresh=0.006000 baseline=0.029117 gate=0.001601 envFloor=0.024750 floor=0.029117 adapt=0.029117 lastPeak=0.000000 calib=0.029117 baseParam=0.000180 gateRatio=0.0550 envParam=0.000450
2025-12-08 04:23:16 [tracker] [s1] aubio-raw t=0.8813 onset=1.111251 env=0.000108 peak=0.000297 gain=1.000
2025-12-08 04:23:16 [tracker] [s1] onset-below-gate t=0.8813 env=0.000108 onset=1.111251 thresh=0.006000 baseline=0.029117 gate=0.001601 envFloor=0.024750 floor=0.029117 adapt=0.029117 lastPeak=0.000000 calib=0.029117 baseParam=0.000180 gateRatio=0.0550 envParam=0.000450
2025-12-08 04:23:16 [tracker] [s1] aubio-raw t=0.9853 onset=0.757468 env=0.000406 peak=0.000665 gain=1.000
2025-12-08 04:23:16 [tracker] [s1] onset-below-gate t=0.9853 env=0.000406 onset=0.757468 thresh=0.006000 baseline=0.029117 gate=0.001601 envFloor=0.024750 floor=0.029117 adapt=0.029117 lastPeak=0.000000 calib=0.029117 baseParam=0.000180 gateRatio=0.0550 envParam=0.000450
2025-12-08 04:23:17 [tracker] [s1] aubio-raw t=1.0680 onset=1.448463 env=0.000226 peak=0.000453 gain=1.000
2025-12-08 04:23:17 [tracker] [s1] onset-below-gate t=1.0680 env=0.000226 onset=1.448463 thresh=0.006000 baseline=0.029117 gate=0.001601 envFloor=0.024750 floor=0.029117 adapt=0.029117 lastPeak=0.000000 calib=0.029117 baseParam=0.000180 gateRatio=0.0550 envParam=0.000450
2025-12-08 04:23:17 [tracker] [s1] aubio-raw t=1.1880 onset=1.378822 env=0.000230 peak=0.000424 gain=1.000
2025-12-08 04:23:17 [tracker] [s1] onset-below-gate t=1.1880 env=0.000230 onset=1.378822 thresh=0.006000 baseline=0.029117 gate=0.001601 envFloor=0.024750 floor=0.029117 adapt=0.029117 lastPeak=0.000000 calib=0.029117 baseParam=0.000180 gateRatio=0.0550 envParam=0.000450
2025-12-08 04:23:17 [tracker] [s1] aubio-raw t=1.3720 onset=1.238214 env=0.042457 peak=0.076825 gain=1.000
2025-12-08 04:23:17 [tracker] [s1] onset-accepted t=1.3720 env=0.042457 onset=1.238214 thresh=0.006000 baseline=0.029117 gate=0.001601 envFloor=0.024750 floor=0.029117 adapt=0.029117 lastPeak=0.000000 calib=0.029117 baseParam=0.000180 gateRatio=0.0550 envParam=0.000450
2025-12-08 04:23:17 [tracker] [s1] onset t=1.372 env=0.04246 baseline=0.02912 gate=0.00160 envFloor=0.02475 onset=1.238>=0.006
2025-12-08 04:23:17 [tracker] [s3] onset t=1.399 env=0.03435 baseline=0.01285 gate=0.00167 envFloor=0.01093 onset=0.793>=0.012
2025-12-08 04:23:17 [tracker] [s1] aubio-raw t=1.4280 onset=1.370526 env=0.068025 peak=0.106089 gain=1.000
2025-12-08 04:23:17 [tracker] [s1] onset-accepted t=1.4280 env=0.068025 onset=1.370526 thresh=0.006000 baseline=0.029117 gate=0.001601 envFloor=0.024750 floor=0.029117 adapt=0.029117 lastPeak=0.000000 calib=0.029117 baseParam=0.000180 gateRatio=0.0550 envParam=0.000450
2025-12-08 04:23:17 [tracker] [s1] onset t=1.428 env=0.06803 baseline=0.02912 gate=0.00160 envFloor=0.02475 onset=1.371>=0.006
2025-12-08 04:23:17 [tracker] [s1] note-start t=1.428 fret=3 midi=43 vel=0.82 env=0.06803
2025-12-08 04:23:17 [tracker] [s2] onset t=1.436 env=0.02545 baseline=0.02338 gate=0.00234 envFloor=0.01637 onset=1.143>=0.009
2025-12-08 04:23:17 [tracker] [s2] note-start t=1.436 fret=5 midi=50 vel=0.31 env=0.02545
2025-12-08 04:23:17 [tracker] [s3] onset t=1.463 env=0.02518 baseline=0.01421 gate=0.00185 envFloor=0.01093 onset=1.032>=0.012
2025-12-08 04:23:17 [tracker] [s3] note-start t=1.463 fret=5 midi=55 vel=0.30 env=0.02518
2025-12-08 04:23:17 [tracker] [s1] aubio-raw t=1.5000 onset=0.897373 env=0.016456 peak=0.050511 gain=1.000
2025-12-08 04:23:17 [tracker] [s1] onset-below-env-floor t=1.5000 env=0.016456 onset=0.897373 thresh=0.006000 baseline=0.053473 gate=0.002941 envFloor=0.024750 floor=0.029117 adapt=0.029117 lastPeak=0.059415 calib=0.029117 baseParam=0.000180 gateRatio=0.0550 envParam=0.000450
2025-12-08 04:23:17 [tracker] [s2] onset t=1.527 env=0.06431 baseline=0.02631 gate=0.00263 envFloor=0.01842 onset=1.360>=0.009
2025-12-08 04:23:17 [tracker] [s2] note-ended (new onset) t=1.527 fret=5 dur=0.091
2025-12-08 04:23:17 [tracker] [s2] note-start t=1.527 fret=5 midi=50 vel=0.77 env=0.06431
2025-12-08 04:23:17 [tracker] [s3] onset t=1.535 env=0.02319 baseline=0.01979 gate=0.00257 envFloor=0.01093 onset=0.624>=0.012
2025-12-08 04:23:17 [tracker] [s3] note-ended (new onset) t=1.535 fret=5 dur=0.072
2025-12-08 04:23:17 [tracker] [s3] note-start t=1.535 fret=5 midi=55 vel=0.28 env=0.02319
2025-12-08 04:23:17 [tracker] [s1] aubio-raw t=1.5613 onset=0.845016 env=0.011579 peak=0.016310 gain=1.000
2025-12-08 04:23:17 [tracker] [s1] onset-below-env-floor t=1.5613 env=0.011579 onset=0.845016 thresh=0.006000 baseline=0.047651 gate=0.002621 envFloor=0.024750 floor=0.029117 adapt=0.029117 lastPeak=0.052945 calib=0.029117 baseParam=0.000180 gateRatio=0.0550 envParam=0.000450
2025-12-08 04:23:17 [tracker] [s1] aubio-raw t=1.6120 onset=0.770213 env=0.012686 peak=0.015891 gain=1.000
2025-12-08 04:23:17 [tracker] [s1] onset-below-env-floor t=1.6120 env=0.012686 onset=0.770213 thresh=0.006000 baseline=0.043322 gate=0.002383 envFloor=0.024750 floor=0.029117 adapt=0.029117 lastPeak=0.048135 calib=0.029117 baseParam=0.000180 gateRatio=0.0550 envParam=0.000450
2025-12-08 04:23:17 [tracker] [s3] onset t=1.615 env=0.01680 baseline=0.01796 gate=0.00233 envFloor=0.01093 onset=0.775>=0.012
2025-12-08 04:23:17 [tracker] [s3] note-ended (new onset) t=1.615 fret=5 dur=0.080
2025-12-08 04:23:17 [tracker] [s3] note-start t=1.615 fret=5 midi=55 vel=0.20 env=0.01680
2025-12-08 04:23:17 [tracker] [s1] aubio-raw t=1.6627 onset=0.940300 env=0.012141 peak=0.014218 gain=1.000
2025-12-08 04:23:17 [tracker] [s1] onset-below-env-floor t=1.6627 env=0.012141 onset=0.940300 thresh=0.006000 baseline=0.039386 gate=0.002166 envFloor=0.024750 floor=0.029117 adapt=0.029117 lastPeak=0.043763 calib=0.029117 baseParam=0.000180 gateRatio=0.0550 envParam=0.000450
2025-12-08 04:23:17 [tracker] [s1] release-retrigger t=1.663 onset=0.940 gate=0.039 age=0.235
2025-12-08 04:23:17 [tracker] [s1] note-ended t=1.663 fret=3 dur=0.235
2025-12-08 04:23:17 [tracker] [s1] aubio-raw t=1.7240 onset=0.901302 env=0.012704 peak=0.013905 gain=1.000
2025-12-08 04:23:17 [tracker] [s1] onset-below-env-floor t=1.7240 env=0.012704 onset=0.901302 thresh=0.006000 baseline=0.035098 gate=0.001930 envFloor=0.024750 floor=0.029117 adapt=0.029117 lastPeak=0.038997 calib=0.029117 baseParam=0.000180 gateRatio=0.0550 envParam=0.000450
2025-12-08 04:23:17 [tracker] [s1] aubio-raw t=1.7827 onset=0.704465 env=0.029585 peak=0.107056 gain=1.000
2025-12-08 04:23:17 [tracker] [s1] onset-accepted t=1.7827 env=0.029585 onset=0.704465 thresh=0.006000 baseline=0.033738 gate=0.001856 envFloor=0.024750 floor=0.029117 adapt=0.033738 lastPeak=0.034925 calib=0.029117 baseParam=0.000180 gateRatio=0.0550 envParam=0.000450
2025-12-08 04:23:17 [tracker] [s1] onset t=1.783 env=0.02959 baseline=0.03374 gate=0.00186 envFloor=0.02475 onset=0.704>=0.006
2025-12-08 04:23:17 [tracker] [s2] onset t=1.788 env=0.06103 baseline=0.03541 gate=0.00354 envFloor=0.02015 onset=0.896>=0.009
2025-12-08 04:23:17 [tracker] [s2] note-ended (new onset) t=1.788 fret=5 dur=0.261
2025-12-08 04:23:17 [tracker] [s2] note-start t=1.788 fret=5 midi=50 vel=0.73 env=0.06103
2025-12-08 04:23:17 [tracker] [s3] onset t=1.796 env=0.02472 baseline=0.01331 gate=0.00173 envFloor=0.01093 onset=0.802>=0.012
2025-12-08 04:23:17 [tracker] [s3] note-ended (new onset) t=1.796 fret=5 dur=0.181
2025-12-08 04:23:17 [tracker] [s1] aubio-raw t=1.8467 onset=1.108010 env=0.100446 peak=0.236961 gain=1.000
2025-12-08 04:23:17 [tracker] [s1] onset-accepted t=1.8467 env=0.100446 onset=1.108010 thresh=0.006000 baseline=0.051448 gate=0.002830 envFloor=0.036014 floor=0.029117 adapt=0.051448 lastPeak=0.030967 calib=0.029117 baseParam=0.000180 gateRatio=0.0550 envParam=0.000450
2025-12-08 04:23:17 [tracker] [s1] onset t=1.847 env=0.10045 baseline=0.05145 gate=0.00283 envFloor=0.03601 onset=1.108>=0.006
2025-12-08 04:23:17 [tracker] [s1] note-start t=1.847 fret=3 midi=43 vel=1.00 env=0.10045
2025-12-08 04:23:17 [tracker] [s3] onset t=1.876 env=0.01523 baseline=0.01315 gate=0.00171 envFloor=0.01093 onset=1.120>=0.012
2025-12-08 04:23:17 [tracker] [s3] note-start t=1.876 fret=5 midi=55 vel=0.18 env=0.01523
2025-12-08 04:23:17 [tracker] [s2] release-retrigger t=1.887 onset=1.224 gate=0.032 age=0.099
2025-12-08 04:23:17 [tracker] [s2] note-ended t=1.887 fret=5 dur=0.099
2025-12-08 04:23:17 [tracker] [s1] aubio-raw t=1.9187 onset=0.941669 env=0.009614 peak=0.015366 gain=1.000
2025-12-08 04:23:17 [tracker] [s1] onset-below-env-floor t=1.9187 env=0.009614 onset=0.941669 thresh=0.006000 baseline=0.078958 gate=0.004343 envFloor=0.035863 floor=0.029117 adapt=0.051233 lastPeak=0.087731 calib=0.029117 baseParam=0.000180 gateRatio=0.0550 envParam=0.000450
2025-12-08 04:23:17 [tracker] [s1] aubio-raw t=1.9693 onset=0.776590 env=0.009353 peak=0.018390 gain=1.000
2025-12-08 04:23:18 [tracker] [s1] aubio-raw t=2.0280 onset=1.185305 env=0.043008 peak=0.134699 gain=1.000
2025-12-08 04:23:18 [tracker] [s1] onset-accepted t=2.0280 env=0.043008 onset=1.185305 thresh=0.006000 baseline=0.064290 gate=0.003536 envFloor=0.031631 floor=0.029117 adapt=0.045188 lastPeak=0.071433 calib=0.029117 baseParam=0.000180 gateRatio=0.0550 envParam=0.000450
2025-12-08 04:23:18 [tracker] [s1] onset t=2.028 env=0.04301 baseline=0.06429 gate=0.00354 envFloor=0.03163 onset=1.185>=0.006
2025-12-08 04:23:18 [tracker] [s1] note-ended (new onset) t=2.028 fret=3 dur=0.181
2025-12-08 04:23:18 [tracker] [s1] note-start t=2.028 fret=3 midi=43 vel=0.52 env=0.04301
2025-12-08 04:23:18 [tracker] [s1] aubio-raw t=2.0787 onset=1.153663 env=0.027450 peak=0.095465 gain=1.000
2025-12-08 04:23:18 [tracker] [s1] onset-below-env-floor t=2.0787 env=0.027450 onset=1.153663 thresh=0.006000 baseline=0.043170 gate=0.002374 envFloor=0.030219 floor=0.029117 adapt=0.043170 lastPeak=0.039101 calib=0.029117 baseParam=0.000180 gateRatio=0.0550 envParam=0.000450
2025-12-08 04:23:18 [tracker] [s2] onset t=2.111 env=0.01453 baseline=0.02995 gate=0.00299 envFloor=0.01436 onset=0.698>=0.009
2025-12-08 04:23:18 [tracker] [s2] note-start t=2.111 fret=5 midi=50 vel=0.17 env=0.01453
2025-12-08 04:23:18 [tracker] [s3] onset t=2.153 env=0.01653 baseline=0.01285 gate=0.00167 envFloor=0.01093 onset=1.223>=0.012
2025-12-08 04:23:18 [tracker] [s3] note-ended (new onset) t=2.153 fret=5 dur=0.277
2025-12-08 04:23:18 [tracker] [s3] note-start t=2.153 fret=5 midi=55 vel=0.20 env=0.01653
2025-12-08 04:23:18 [tracker] [s2] onset t=2.180 env=0.01834 baseline=0.01690 gate=0.00169 envFloor=0.01436 onset=1.320>=0.009
2025-12-08 04:23:18 [tracker] [s2] note-ended (new onset) t=2.180 fret=5 dur=0.069
2025-12-08 04:23:18 [tracker] [s2] note-start t=2.180 fret=4 midi=49 vel=0.22 env=0.01834
2025-12-08 04:23:18 [tracker] [s1] aubio-raw t=2.1827 onset=0.784293 env=0.109675 peak=0.214595 gain=1.000
2025-12-08 04:23:18 [tracker] [s1] onset-accepted t=2.1827 env=0.109675 onset=0.784293 thresh=0.006000 baseline=0.029117 gate=0.001601 envFloor=0.024750 floor=0.029117 adapt=0.029117 lastPeak=0.032158 calib=0.029117 baseParam=0.000180 gateRatio=0.0550 envParam=0.000450
2025-12-08 04:23:18 [tracker] [s1] onset t=2.183 env=0.10968 baseline=0.02912 gate=0.00160 envFloor=0.02475 onset=0.784>=0.006
2025-12-08 04:23:18 [tracker] [s1] note-ended (new onset) t=2.183 fret=3 dur=0.155
2025-12-08 04:23:18 [tracker] [s3] release-retrigger t=2.209 onset=0.550 gate=0.012 age=0.056
2025-12-08 04:23:18 [tracker] [s3] note-ended t=2.209 fret=5 dur=0.056
2025-12-08 04:23:18 [tracker] [s2] release-quiet t=2.244 avgEnv=0.00152 floor=0.01005 quietFrames=8
2025-12-08 04:23:18 [tracker] [s2] note-ended t=2.244 fret=4 dur=0.064
2025-12-08 04:23:18 [tracker] [s1] aubio-raw t=2.5560 onset=1.299376 env=0.121415 peak=0.183849 gain=1.000
2025-12-08 04:23:18 [tracker] [s1] onset-accepted t=2.5560 env=0.121415 onset=1.299376 thresh=0.006000 baseline=0.029117 gate=0.001601 envFloor=0.024750 floor=0.029117 adapt=0.029117 lastPeak=0.015941 calib=0.029117 baseParam=0.000180 gateRatio=0.0550 envParam=0.000450
2025-12-08 04:23:18 [tracker] [s1] onset t=2.556 env=0.12142 baseline=0.02912 gate=0.00160 envFloor=0.02475 onset=1.299>=0.006
2025-12-08 04:23:18 [tracker] [s2] onset t=2.564 env=0.05396 baseline=0.02403 gate=0.00240 envFloor=0.01682 onset=0.788>=0.009
2025-12-08 04:23:18 [tracker] [s3] onset t=2.572 env=0.02559 baseline=0.01285 gate=0.00167 envFloor=0.01093 onset=0.637>=0.012
2025-12-08 04:23:18 [tracker] [s1] aubio-raw t=2.6147 onset=0.823349 env=0.010419 peak=0.015254 gain=1.000
2025-12-08 04:23:18 [tracker] [s1] onset-below-env-floor t=2.6147 env=0.010419 onset=0.823349 thresh=0.006000 baseline=0.036994 gate=0.002035 envFloor=0.025896 floor=0.029117 adapt=0.036994 lastPeak=0.014277 calib=0.029117 baseParam=0.000180 gateRatio=0.0550 envParam=0.000450
2025-12-08 04:23:18 [tracker] [s2] onset t=2.617 env=0.07165 baseline=0.03363 gate=0.00336 envFloor=0.02354 onset=0.796>=0.009
2025-12-08 04:23:18 [tracker] [s2] note-start t=2.617 fret=7 midi=52 vel=0.86 env=0.07165
2025-12-08 04:23:18 [tracker] [s2] release-retrigger t=2.673 onset=1.167 gate=0.046 age=0.056
2025-12-08 04:23:18 [tracker] [s2] note-ended t=2.673 fret=7 dur=0.056
2025-12-08 04:23:18 [tracker] [s1] aubio-raw t=2.7080 onset=1.003353 env=0.050401 peak=0.095535 gain=1.000
2025-12-08 04:23:18 [tracker] [s1] onset-accepted t=2.7080 env=0.050401 onset=1.003353 thresh=0.006000 baseline=0.029117 gate=0.001601 envFloor=0.024750 floor=0.029117 adapt=0.029117 lastPeak=0.011979 calib=0.029117 baseParam=0.000180 gateRatio=0.0550 envParam=0.000450
2025-12-08 04:23:18 [tracker] [s1] onset t=2.708 env=0.05040 baseline=0.02912 gate=0.00160 envFloor=0.02475 onset=1.003>=0.006
2025-12-08 04:23:18 [tracker] [s1] note-start t=2.708 fret=5 midi=45 vel=0.60 env=0.05040
2025-12-08 04:23:18 [tracker] [s1] aubio-raw t=2.7587 onset=0.755357 env=0.006532 peak=0.011976 gain=1.000
2025-12-08 04:23:18 [tracker] [s1] onset-below-env-floor t=2.7587 env=0.006532 onset=0.755357 thresh=0.006000 baseline=0.041240 gate=0.002268 envFloor=0.024750 floor=0.029117 adapt=0.029117 lastPeak=0.045822 calib=0.029117 baseParam=0.000180 gateRatio=0.0550 envParam=0.000450
2025-12-08 04:23:18 [tracker] [s3] onset t=2.777 env=0.02038 baseline=0.01285 gate=0.00167 envFloor=0.01093 onset=0.968>=0.012
2025-12-08 04:23:18 [tracker] [s3] note-start t=2.777 fret=7 midi=57 vel=0.24 env=0.02038
2025-12-08 04:23:18 [tracker] [s2] onset t=2.817 env=0.03607 baseline=0.04428 gate=0.00443 envFloor=0.01847 onset=0.912>=0.009
2025-12-08 04:23:18 [tracker] [s2] note-start t=2.817 fret=7 midi=52 vel=0.43 env=0.03607
2025-12-08 04:23:18 [tracker] [s1] aubio-raw t=2.9347 onset=1.489070 env=0.044629 peak=0.080075 gain=1.000
2025-12-08 04:23:18 [tracker] [s1] onset-accepted t=2.9347 env=0.044629 onset=1.489070 thresh=0.006000 baseline=0.029624 gate=0.001629 envFloor=0.024750 floor=0.029117 adapt=0.029117 lastPeak=0.032915 calib=0.029117 baseParam=0.000180 gateRatio=0.0550 envParam=0.000450
2025-12-08 04:23:18 [tracker] [s1] onset t=2.935 env=0.04463 baseline=0.02962 gate=0.00163 envFloor=0.02475 onset=1.489>=0.006
2025-12-08 04:23:18 [tracker] [s1] note-ended (new onset) t=2.935 fret=5 dur=0.227
2025-12-08 04:23:18 [tracker] [s2] onset t=2.937 env=0.08090 baseline=0.03015 gate=0.00301 envFloor=0.02110 onset=1.482>=0.009
2025-12-08 04:23:18 [tracker] [s2] note-ended (new onset) t=2.937 fret=7 dur=0.120
2025-12-08 04:23:18 [tracker] [s2] note-start t=2.937 fret=7 midi=52 vel=0.97 env=0.08090
2025-12-08 04:23:18 [tracker] [s3] onset t=2.943 env=0.04504 baseline=0.01837 gate=0.00239 envFloor=0.01286 onset=1.393>=0.012
2025-12-08 04:23:18 [tracker] [s3] note-ended (new onset) t=2.943 fret=7 dur=0.165
2025-12-08 04:23:19 [tracker] [s2] onset t=3.007 env=0.06536 baseline=0.06391 gate=0.00639 envFloor=0.02879 onset=1.409>=0.009
2025-12-08 04:23:19 [tracker] [s2] note-ended (new onset) t=3.007 fret=7 dur=0.069
2025-12-08 04:23:19 [tracker] [s2] note-start t=3.007 fret=7 midi=52 vel=0.78 env=0.06536
2025-12-08 04:23:19 [tracker] [s1] aubio-raw t=3.0094 onset=0.921253 env=0.010637 peak=0.016125 gain=1.000
2025-12-08 04:23:19 [tracker] [s1] onset-below-env-floor t=3.0094 env=0.010637 onset=0.921253 thresh=0.006000 baseline=0.029117 gate=0.001601 envFloor=0.024750 floor=0.029117 adapt=0.029117 lastPeak=0.028605 calib=0.029117 baseParam=0.000180 gateRatio=0.0550 envParam=0.000450
2025-12-08 04:23:19 [tracker] [s2] onset t=3.164 env=0.04355 baseline=0.04376 gate=0.00438 envFloor=0.02222 onset=1.159>=0.009
2025-12-08 04:23:19 [tracker] [s2] note-ended (new onset) t=3.164 fret=7 dur=0.157
2025-12-08 04:23:19 [tracker] [s2] note-start t=3.164 fret=7 midi=52 vel=0.52 env=0.04355
2025-12-08 04:23:19 [tracker] [s1] aubio-raw t=3.1747 onset=0.997438 env=0.022533 peak=0.040819 gain=1.000
2025-12-08 04:23:19 [tracker] [s1] onset-below-env-floor t=3.1747 env=0.022533 onset=0.997438 thresh=0.006000 baseline=0.029117 gate=0.001601 envFloor=0.024750 floor=0.029117 adapt=0.029117 lastPeak=0.020964 calib=0.029117 baseParam=0.000180 gateRatio=0.0550 envParam=0.000450
2025-12-08 04:23:19 [tracker] [s2] release-retrigger t=3.247 onset=0.713 gate=0.026 age=0.083
2025-12-08 04:23:19 [tracker] [s2] note-ended t=3.247 fret=7 dur=0.083
2025-12-08 04:23:19 [tracker] [s3] onset t=3.255 env=0.01210 baseline=0.01285 gate=0.00167 envFloor=0.01093 onset=1.083>=0.012
2025-12-08 04:23:19 [tracker] [s3] note-start t=3.255 fret=7 midi=57 vel=0.15 env=0.01210
2025-12-08 04:23:19 [tracker] [s1] aubio-raw t=3.3160 onset=0.912399 env=0.015232 peak=0.021458 gain=1.000
2025-12-08 04:23:19 [tracker] [s1] onset-below-env-floor t=3.3160 env=0.015232 onset=0.912399 thresh=0.006000 baseline=0.029117 gate=0.001601 envFloor=0.024750 floor=0.029117 adapt=0.029117 lastPeak=0.016073 calib=0.029117 baseParam=0.000180 gateRatio=0.0550 envParam=0.000450
2025-12-08 04:23:19 [tracker] [s3] release-quiet t=3.319 avgEnv=0.00064 floor=0.00896 quietFrames=8
2025-12-08 04:23:19 [tracker] [s3] note-ended t=3.319 fret=7 dur=0.064
2025-12-08 04:23:19 [tracker] [s2] onset t=3.329 env=0.01608 baseline=0.02872 gate=0.00287 envFloor=0.01436 onset=0.931>=0.009
2025-12-08 04:23:19 [tracker] [s1] aubio-raw t=3.3960 onset=0.998151 env=0.000322 peak=0.000753 gain=1.000
2025-12-08 04:23:19 [tracker] [s1] onset-below-gate t=3.3960 env=0.000322 onset=0.998151 thresh=0.006000 baseline=0.029117 gate=0.001601 envFloor=0.024750 floor=0.029117 adapt=0.029117 lastPeak=0.013829 calib=0.029117 baseParam=0.000180 gateRatio=0.0550 envParam=0.000450
2025-12-08 04:23:19 [tracker] [s1] aubio-raw t=3.4680 onset=0.880845 env=0.000612 peak=0.001090 gain=1.000
2025-12-08 04:23:19 [tracker] [s1] onset-below-gate t=3.4680 env=0.000612 onset=0.880845 thresh=0.006000 baseline=0.029117 gate=0.001601 envFloor=0.024750 floor=0.029117 adapt=0.029117 lastPeak=0.012079 calib=0.029117 baseParam=0.000180 gateRatio=0.0550 envParam=0.000450
2025-12-08 04:23:19 [tracker] [s1] aubio-raw t=3.7160 onset=0.505554 env=0.006896 peak=0.008924 gain=1.000
2025-12-08 04:23:19 [tracker] [s1] onset-below-env-floor t=3.7160 env=0.006896 onset=0.505554 thresh=0.006000 baseline=0.029117 gate=0.001601 envFloor=0.024750 floor=0.029117 adapt=0.029117 lastPeak=0.007578 calib=0.029117 baseParam=0.000180 gateRatio=0.0550 envParam=0.000450
2025-12-08 04:23:19 [tracker] [s1] aubio-raw t=3.9054 onset=1.101144 env=0.009540 peak=0.012314 gain=1.000
2025-12-08 04:23:19 [tracker] [s1] onset-below-env-floor t=3.9054 env=0.009540 onset=1.101144 thresh=0.006000 baseline=0.029117 gate=0.001601 envFloor=0.024750 floor=0.029117 adapt=0.029117 lastPeak=0.005309 calib=0.029117 baseParam=0.000180 gateRatio=0.0550 envParam=0.000450
2025-12-08 04:23:20 [tracker] [s1] aubio-raw t=3.9854 onset=0.995042 env=0.001526 peak=0.002471 gain=1.000
2025-12-08 04:23:20 [tracker] [s1] onset-below-gate t=3.9854 env=0.001526 onset=0.995042 thresh=0.006000 baseline=0.029117 gate=0.001601 envFloor=0.024750 floor=0.029117 adapt=0.029117 lastPeak=0.004568 calib=0.029117 baseParam=0.000180 gateRatio=0.0550 envParam=0.000450
2025-12-08 04:23:20 [tracker] [s1] aubio-raw t=4.1027 onset=1.043573 env=0.017258 peak=0.028509 gain=1.000
2025-12-08 04:23:20 [tracker] [s1] onset-below-env-floor t=4.1027 env=0.017258 onset=1.043573 thresh=0.006000 baseline=0.029117 gate=0.001601 envFloor=0.024750 floor=0.029117 adapt=0.029117 lastPeak=0.003664 calib=0.029117 baseParam=0.000180 gateRatio=0.0550 envParam=0.000450
2025-12-08 04:23:20 [tracker] [s1] aubio-raw t=4.2280 onset=1.000033 env=0.009320 peak=0.022454 gain=1.000
2025-12-08 04:23:20 [tracker] [s1] onset-below-env-floor t=4.2280 env=0.009320 onset=1.000033 thresh=0.006000 baseline=0.029117 gate=0.001601 envFloor=0.024750 floor=0.029117 adapt=0.029117 lastPeak=0.002895 calib=0.029117 baseParam=0.000180 gateRatio=0.0550 envParam=0.000450
2025-12-08 04:23:20 [tracker] [s1] aubio-raw t=4.3987 onset=1.359261 env=0.003384 peak=0.004791 gain=1.000
2025-12-08 04:23:20 [tracker] [s1] onset-below-env-floor t=4.3987 env=0.003384 onset=1.359261 thresh=0.006000 baseline=0.029117 gate=0.001601 envFloor=0.024750 floor=0.029117 adapt=0.029117 lastPeak=0.002100 calib=0.029117 baseParam=0.000180 gateRatio=0.0550 envParam=0.000450
2025-12-08 04:23:20 [tracker] [s1] aubio-raw t=4.4653 onset=0.998009 env=0.005519 peak=0.013769 gain=1.000
2025-12-08 04:23:20 [tracker] [s1] onset-below-env-floor t=4.4653 env=0.005519 onset=0.998009 thresh=0.006000 baseline=0.029117 gate=0.001601 envFloor=0.024750 floor=0.029117 adapt=0.029117 lastPeak=0.001853 calib=0.029117 baseParam=0.000180 gateRatio=0.0550 envParam=0.000450
2025-12-08 04:23:20 [tracker] [s2] onset t=4.492 env=0.15701 baseline=0.02679 gate=0.00268 envFloor=0.01875 onset=0.776>=0.009
2025-12-08 04:23:20 [tracker] [s3] onset t=4.497 env=0.17338 baseline=0.03736 gate=0.00486 envFloor=0.02615 onset=1.346>=0.012
2025-12-08 04:23:20 [tracker] [s4] onset t=4.503 env=0.03707 baseline=0.03112 gate=0.00529 envFloor=0.02646 onset=1.424>=0.014
2025-12-08 04:23:20 [tracker] [s1] aubio-raw t=4.5453 onset=1.001935 env=0.011861 peak=0.030283 gain=1.000
2025-12-08 04:23:20 [tracker] [s1] onset-below-env-floor t=4.5453 env=0.011861 onset=1.001935 thresh=0.006000 baseline=0.029117 gate=0.001601 envFloor=0.024750 floor=0.029117 adapt=0.029117 lastPeak=0.001594 calib=0.029117 baseParam=0.000180 gateRatio=0.0550 envParam=0.000450
2025-12-08 04:23:20 [tracker] [s3] onset t=4.609 env=0.14360 baseline=0.06282 gate=0.00817 envFloor=0.04398 onset=1.020>=0.012
2025-12-08 04:23:20 [tracker] [s3] note-start t=4.609 fret=3 midi=53 vel=1.00 env=0.14360
2025-12-08 04:23:20 [tracker] [s3] onset t=4.684 env=0.09848 baseline=0.11232 gate=0.01460 envFloor=0.03831 onset=0.727>=0.012
2025-12-08 04:23:20 [tracker] [s3] note-ended (new onset) t=4.684 fret=3 dur=0.075
2025-12-08 04:23:20 [tracker] [s2] onset t=4.724 env=0.02848 baseline=0.03378 gate=0.00338 envFloor=0.02364 onset=1.137>=0.009
2025-12-08 04:23:20 [tracker] [s2] note-start t=4.724 fret=3 midi=48 vel=0.34 env=0.02848
2025-12-08 04:23:20 [tracker] [s3] release-retrigger t=4.839 onset=0.764 gate=0.050 age=0.155
2025-12-08 04:23:20 [tracker] [s3] note-ended t=4.839 fret=3 dur=0.155
2025-12-08 04:23:20 [tracker] [s1] aubio-raw t=4.8627 onset=0.793997 env=0.008533 peak=0.017135 gain=1.000
2025-12-08 04:23:20 [tracker] [s1] onset-below-env-floor t=4.8627 env=0.008533 onset=0.793997 thresh=0.006000 baseline=0.029117 gate=0.001601 envFloor=0.024750 floor=0.029117 adapt=0.029117 lastPeak=0.000878 calib=0.029117 baseParam=0.000180 gateRatio=0.0550 envParam=0.000450
2025-12-08 04:23:21 [tracker] [s1] aubio-raw t=5.0200 onset=1.193222 env=0.009877 peak=0.017272 gain=1.000
2025-12-08 04:23:21 [tracker] [s1] onset-below-env-floor t=5.0200 env=0.009877 onset=1.193222 thresh=0.006000 baseline=0.029117 gate=0.001601 envFloor=0.024750 floor=0.029117 adapt=0.029117 lastPeak=0.000653 calib=0.029117 baseParam=0.000180 gateRatio=0.0550 envParam=0.000450
2025-12-08 04:23:21 [tracker] [s3] onset t=5.079 env=0.06144 baseline=0.04221 gate=0.00549 envFloor=0.02008 onset=1.056>=0.012
2025-12-08 04:23:21 [tracker] [s3] note-start t=5.079 fret=3 midi=53 vel=0.74 env=0.06144
2025-12-08 04:23:21 [tracker] [s1] aubio-raw t=5.2120 onset=1.482942 env=0.009806 peak=0.015644 gain=1.000
2025-12-08 04:23:21 [tracker] [s1] onset-below-env-floor t=5.2120 env=0.009806 onset=1.482942 thresh=0.006000 baseline=0.029117 gate=0.001601 envFloor=0.024750 floor=0.029117 adapt=0.029117 lastPeak=0.000455 calib=0.029117 baseParam=0.000180 gateRatio=0.0550 envParam=0.000450
2025-12-08 04:23:21 [tracker] [s3] onset t=5.268 env=0.01862 baseline=0.03874 gate=0.00504 envFloor=0.01528 onset=1.002>=0.012
2025-12-08 04:23:21 [tracker] [s3] note-ended (new onset) t=5.268 fret=3 dur=0.189
2025-12-08 04:23:21 [tracker] [s3] note-start t=5.268 fret=3 midi=53 vel=0.22 env=0.01862
2025-12-08 04:23:21 [tracker] [s1] aubio-raw t=5.3026 onset=1.448063 env=0.011965 peak=0.017995 gain=1.000
2025-12-08 04:23:21 [tracker] [s1] onset-below-env-floor t=5.3026 env=0.011965 onset=1.448063 thresh=0.006000 baseline=0.029117 gate=0.001601 envFloor=0.024750 floor=0.029117 adapt=0.029117 lastPeak=0.000384 calib=0.029117 baseParam=0.000180 gateRatio=0.0550 envParam=0.000450
2025-12-08 04:23:21 [tracker] [s2] release-retrigger t=5.345 onset=0.510 gate=0.022 age=0.621
2025-12-08 04:23:21 [tracker] [s2] note-ended t=5.345 fret=3 dur=0.621
2025-12-08 04:23:21 [tracker] [s3] onset t=5.388 env=0.02953 baseline=0.01870 gate=0.00243 envFloor=0.01309 onset=1.297>=0.012
2025-12-08 04:23:21 [tracker] [s3] note-ended (new onset) t=5.388 fret=3 dur=0.120
2025-12-08 04:23:21 [tracker] [s3] note-start t=5.388 fret=3 midi=53 vel=0.35 env=0.02953
2025-12-08 04:23:21 [tracker] [s1] aubio-raw t=5.3986 onset=1.036880 env=0.059971 peak=0.094273 gain=1.000
2025-12-08 04:23:21 [tracker] [s1] onset-accepted t=5.3986 env=0.059971 onset=1.036880 thresh=0.006000 baseline=0.029117 gate=0.001601 envFloor=0.024750 floor=0.029117 adapt=0.029117 lastPeak=0.000321 calib=0.029117 baseParam=0.000180 gateRatio=0.0550 envParam=0.000450
2025-12-08 04:23:21 [tracker] [s1] onset t=5.399 env=0.05997 baseline=0.02912 gate=0.00160 envFloor=0.02475 onset=1.037>=0.006
2025-12-08 04:23:21 [tracker] [s2] onset t=5.404 env=0.01973 baseline=0.01869 gate=0.00187 envFloor=0.01436 onset=0.831>=0.009
2025-12-08 04:23:21 [tracker] [s3] release-quiet t=5.452 avgEnv=0.00109 floor=0.00896 quietFrames=8
2025-12-08 04:23:21 [tracker] [s3] note-ended t=5.452 fret=3 dur=0.064
2025-12-08 04:23:21 [tracker] [s1] aubio-raw t=5.7373 onset=0.500654 env=0.079585 peak=0.143094 gain=1.000
2025-12-08 04:23:21 [tracker] [s1] onset-accepted t=5.7373 env=0.079585 onset=0.500654 thresh=0.006000 baseline=0.029117 gate=0.001601 envFloor=0.024750 floor=0.029117 adapt=0.029117 lastPeak=0.000170 calib=0.029117 baseParam=0.000180 gateRatio=0.0550 envParam=0.000450
2025-12-08 04:23:21 [tracker] [s1] onset t=5.737 env=0.07959 baseline=0.02912 gate=0.00160 envFloor=0.02475 onset=0.501>=0.006
2025-12-08 04:23:21 [tracker] [s3] onset t=5.753 env=0.03178 baseline=0.01337 gate=0.00174 envFloor=0.01093 onset=1.358>=0.012
2025-12-08 04:23:21 [tracker] [s1] aubio-raw t=5.7959 onset=1.109269 env=0.069075 peak=0.100724 gain=1.000
2025-12-08 04:23:21 [tracker] [s1] onset-accepted t=5.7959 env=0.069075 onset=1.109269 thresh=0.006000 baseline=0.029117 gate=0.001601 envFloor=0.024750 floor=0.029117 adapt=0.029117 lastPeak=0.000152 calib=0.029117 baseParam=0.000180 gateRatio=0.0550 envParam=0.000450
2025-12-08 04:23:21 [tracker] [s1] onset t=5.796 env=0.06908 baseline=0.02912 gate=0.00160 envFloor=0.02475 onset=1.109>=0.006
2025-12-08 04:23:21 [tracker] [s1] note-start t=5.796 fret=2 midi=42 vel=0.83 env=0.06908
2025-12-08 04:23:21 [tracker] [s1] aubio-raw t=5.8519 onset=1.330917 env=0.064532 peak=0.089863 gain=1.000
2025-12-08 04:23:21 [tracker] [s1] onset-separation-guard t=5.8519 env=0.064532 onset=1.330917 thresh=0.006000 baseline=0.055956 gate=0.003078 envFloor=0.024750 floor=0.029117 adapt=0.029117 lastPeak=0.062174 calib=0.029117 baseParam=0.000180 gateRatio=0.0550 envParam=0.000450
2025-12-08 04:23:21 [tracker] [s3] onset t=5.855 env=0.03003 baseline=0.01425 gate=0.00185 envFloor=0.01093 onset=1.453>=0.012
2025-12-08 04:23:21 [tracker] [s3] note-start t=5.855 fret=3 midi=53 vel=0.36 env=0.03003
2025-12-08 04:23:21 [tracker] [s2] onset t=5.857 env=0.04364 baseline=0.03600 gate=0.00360 envFloor=0.02520 onset=0.801>=0.009
2025-12-08 04:23:21 [tracker] [s2] note-start t=5.857 fret=3 midi=48 vel=0.52 env=0.04364
2025-12-08 04:23:22 [tracker] [s1] aubio-raw t=5.9319 onset=1.132108 env=0.047688 peak=0.078306 gain=1.000
2025-12-08 04:23:22 [tracker] [s1] onset-accepted t=5.9319 env=0.047688 onset=1.132108 thresh=0.006000 baseline=0.048144 gate=0.002648 envFloor=0.024750 floor=0.029117 adapt=0.029117 lastPeak=0.053493 calib=0.029117 baseParam=0.000180 gateRatio=0.0550 envParam=0.000450
2025-12-08 04:23:22 [tracker] [s1] onset t=5.932 env=0.04769 baseline=0.04814 gate=0.00265 envFloor=0.02475 onset=1.132>=0.006
2025-12-08 04:23:22 [tracker] [s1] note-ended (new onset) t=5.932 fret=2 dur=0.136
2025-12-08 04:23:22 [tracker] [s1] note-start t=5.932 fret=2 midi=42 vel=0.57 env=0.04769
2025-12-08 04:23:22 [tracker] [s2] onset t=5.964 env=0.05266 baseline=0.03408 gate=0.00341 envFloor=0.02386 onset=1.281>=0.009
2025-12-08 04:23:22 [tracker] [s2] note-ended (new onset) t=5.964 fret=3 dur=0.107
2025-12-08 04:23:22 [tracker] [s1] aubio-raw t=6.0572 onset=0.840080 env=0.009899 peak=0.027464 gain=1.000
2025-12-08 04:23:22 [tracker] [s1] onset-below-env-floor t=6.0572 env=0.009899 onset=0.840080 thresh=0.006000 baseline=0.033911 gate=0.001865 envFloor=0.024750 floor=0.029117 adapt=0.029117 lastPeak=0.037678 calib=0.029117 baseParam=0.000180 gateRatio=0.0550 envParam=0.000450
2025-12-08 04:23:22 [tracker] [s3] onset t=6.103 env=0.01578 baseline=0.01696 gate=0.00220 envFloor=0.01093 onset=0.996>=0.012
2025-12-08 04:23:22 [tracker] [s3] note-ended (new onset) t=6.103 fret=3 dur=0.248
2025-12-08 04:23:22 [tracker] [s3] note-start t=6.103 fret=3 midi=53 vel=0.19 env=0.01578
2025-12-08 04:23:22 [tracker] [s2] onset t=6.145 env=0.04463 baseline=0.03371 gate=0.00337 envFloor=0.01996 onset=0.980>=0.009
2025-12-08 04:23:22 [tracker] [s2] note-ended (new onset) t=6.145 fret=3 dur=0.181
2025-12-08 04:23:22 [tracker] [s2] note-start t=6.145 fret=3 midi=48 vel=0.54 env=0.04463
2025-12-08 04:23:22 [tracker] [s1] aubio-raw t=6.2119 onset=1.218840 env=0.034163 peak=0.046918 gain=1.000
2025-12-08 04:23:22 [tracker] [s1] onset-accepted t=6.2119 env=0.034163 onset=1.218840 thresh=0.006000 baseline=0.029117 gate=0.001601 envFloor=0.024750 floor=0.029117 adapt=0.029117 lastPeak=0.028173 calib=0.029117 baseParam=0.000180 gateRatio=0.0550 envParam=0.000450
2025-12-08 04:23:22 [tracker] [s1] onset t=6.212 env=0.03416 baseline=0.02912 gate=0.00160 envFloor=0.02475 onset=1.219>=0.006
2025-12-08 04:23:22 [tracker] [s1] note-ended (new onset) t=6.212 fret=2 dur=0.280
2025-12-08 04:23:22 [tracker] [s1] note-start t=6.212 fret=2 midi=42 vel=0.41 env=0.03416
2025-12-08 04:23:22 [tracker] [s3] onset t=6.247 env=0.02317 baseline=0.01285 gate=0.00167 envFloor=0.01093 onset=1.008>=0.012
2025-12-08 04:23:22 [tracker] [s3] note-ended (new onset) t=6.247 fret=3 dur=0.144
2025-12-08 04:23:22 [tracker] [s3] note-start t=6.247 fret=3 midi=53 vel=0.28 env=0.02317
2025-12-08 04:23:22 [tracker] [s1] aubio-raw t=6.4759 onset=0.661704 env=0.006968 peak=0.009896 gain=1.000
2025-12-08 04:23:22 [tracker] [s1] onset-below-env-floor t=6.4759 env=0.006968 onset=0.661704 thresh=0.006000 baseline=0.029117 gate=0.001601 envFloor=0.024750 floor=0.029117 adapt=0.029117 lastPeak=0.020799 calib=0.029117 baseParam=0.000180 gateRatio=0.0550 envParam=0.000450
2025-12-08 04:23:22 [tracker] [s1] release-retrigger t=6.476 onset=0.662 gate=0.035 age=0.264
2025-12-08 04:23:22 [tracker] [s1] note-ended t=6.476 fret=2 dur=0.264
2025-12-08 04:23:22 [tracker] [s3] release-retrigger t=6.511 onset=0.982 gate=0.012 age=0.264
2025-12-08 04:23:22 [tracker] [s3] note-ended t=6.511 fret=3 dur=0.264
2025-12-08 04:23:22 [tracker] [s1] aubio-raw t=6.5425 onset=0.938788 env=0.011997 peak=0.026327 gain=1.000
2025-12-08 04:23:22 [tracker] [s1] onset-below-env-floor t=6.5425 env=0.011997 onset=0.938788 thresh=0.006000 baseline=0.029117 gate=0.001601 envFloor=0.024750 floor=0.029117 adapt=0.029117 lastPeak=0.018349 calib=0.029117 baseParam=0.000180 gateRatio=0.0550 envParam=0.000450
2025-12-08 04:23:22 [tracker] [s3] onset t=6.575 env=0.01787 baseline=0.01285 gate=0.00167 envFloor=0.01093 onset=1.046>=0.012
2025-12-08 04:23:22 [tracker] [s1] aubio-raw t=6.6652 onset=1.199657 env=0.021017 peak=0.029390 gain=1.000
2025-12-08 04:23:22 [tracker] [s1] onset-below-env-floor t=6.6652 env=0.021017 onset=1.199657 thresh=0.006000 baseline=0.029117 gate=0.001601 envFloor=0.024750 floor=0.029117 adapt=0.029117 lastPeak=0.014571 calib=0.029117 baseParam=0.000180 gateRatio=0.0550 envParam=0.000450
2025-12-08 04:23:22 [tracker] [s2] release-retrigger t=6.820 onset=1.066 gate=0.018 age=0.675
2025-12-08 04:23:22 [tracker] [s2] note-ended t=6.820 fret=3 dur=0.675
2025-12-08 04:23:22 [tracker] [s1] aubio-raw t=6.8465 onset=0.984817 env=0.019213 peak=0.028466 gain=1.000
2025-12-08 04:23:22 [tracker] [s1] onset-below-env-floor t=6.8465 env=0.019213 onset=0.984817 thresh=0.006000 baseline=0.029117 gate=0.001601 envFloor=0.024750 floor=0.029117 adapt=0.029117 lastPeak=0.010362 calib=0.029117 baseParam=0.000180 gateRatio=0.0550 envParam=0.000450
2025-12-08 04:23:23 [tracker] [s2] onset t=6.921 env=0.01850 baseline=0.01690 gate=0.00169 envFloor=0.01436 onset=0.998>=0.009
2025-12-08 04:23:23 [tracker] [s2] note-start t=6.921 fret=3 midi=48 vel=0.22 env=0.01850
2025-12-08 04:23:23 [tracker] [s1] aubio-raw t=6.9292 onset=0.995423 env=0.004746 peak=0.008503 gain=1.000
2025-12-08 04:23:23 [tracker] [s1] onset-below-env-floor t=6.9292 env=0.004746 onset=0.995423 thresh=0.006000 baseline=0.029117 gate=0.001601 envFloor=0.024750 floor=0.029117 adapt=0.029117 lastPeak=0.008871 calib=0.029117 baseParam=0.000180 gateRatio=0.0550 envParam=0.000450
2025-12-08 04:23:23 [tracker] [s2] release-retrigger t=6.985 onset=1.008 gate=0.018 age=0.064
2025-12-08 04:23:23 [tracker] [s2] note-ended t=6.985 fret=3 dur=0.064
2025-12-08 04:23:23 [tracker] [s1] aubio-raw t=7.1612 onset=1.250382 env=0.000313 peak=0.000609 gain=1.000
2025-12-08 04:23:23 [tracker] [s1] onset-below-gate t=7.1612 env=0.000313 onset=1.250382 thresh=0.006000 baseline=0.029117 gate=0.001601 envFloor=0.024750 floor=0.029117 adapt=0.029117 lastPeak=0.005735 calib=0.029117 baseParam=0.000180 gateRatio=0.0550 envParam=0.000450
2025-12-08 04:23:23 [tracker] [s1] aubio-raw t=7.3985 onset=0.999138 env=0.000114 peak=0.000352 gain=1.000
2025-12-08 04:23:23 [tracker] [s1] onset-below-gate t=7.3985 env=0.000114 onset=0.999138 thresh=0.006000 baseline=0.029117 gate=0.001601 envFloor=0.024750 floor=0.029117 adapt=0.029117 lastPeak=0.003671 calib=0.029117 baseParam=0.000180 gateRatio=0.0550 envParam=0.000450
2025-12-08 04:23:23 [tracker] [s1] aubio-raw t=7.6305 onset=0.999662 env=0.000483 peak=0.000839 gain=1.000
2025-12-08 04:23:23 [tracker] [s1] onset-below-gate t=7.6305 env=0.000483 onset=0.999662 thresh=0.006000 baseline=0.029117 gate=0.001601 envFloor=0.024750 floor=0.029117 adapt=0.029117 lastPeak=0.002374 calib=0.029117 baseParam=0.000180 gateRatio=0.0550 envParam=0.000450
2025-12-08 04:23:23 [tracker] [s2] onset t=7.668 env=0.11910 baseline=0.02455 gate=0.00245 envFloor=0.01718 onset=0.913>=0.009
2025-12-08 04:23:23 [tracker] [s3] onset t=7.676 env=0.02024 baseline=0.01285 gate=0.00167 envFloor=0.01093 onset=0.768>=0.012
2025-12-08 04:23:23 [tracker] [s1] aubio-raw t=7.6944 onset=0.993040 env=0.008062 peak=0.010979 gain=1.000
2025-12-08 04:23:23 [tracker] [s1] onset-below-env-floor t=7.6944 env=0.008062 onset=0.993040 thresh=0.006000 baseline=0.032291 gate=0.001776 envFloor=0.024750 floor=0.029117 adapt=0.032291 lastPeak=0.002105 calib=0.029117 baseParam=0.000180 gateRatio=0.0550 envParam=0.000450
2025-12-08 04:23:23 [tracker] [s1] aubio-raw t=7.7958 onset=0.832571 env=0.006719 peak=0.012490 gain=1.000
2025-12-08 04:23:23 [tracker] [s1] onset-below-env-floor t=7.7958 env=0.006719 onset=0.832571 thresh=0.006000 baseline=0.029117 gate=0.001601 envFloor=0.024750 floor=0.029117 adapt=0.029117 lastPeak=0.001740 calib=0.029117 baseParam=0.000180 gateRatio=0.0550 envParam=0.000450
2025-12-08 04:23:23 [tracker] [s3] onset t=7.801 env=0.02565 baseline=0.01285 gate=0.00167 envFloor=0.01093 onset=1.079>=0.012
2025-12-08 04:23:23 [tracker] [s3] note-start t=7.801 fret=5 midi=55 vel=0.31 env=0.02565
2025-12-08 04:23:23 [tracker] [s1] aubio-raw t=7.8464 onset=0.808810 env=0.006951 peak=0.010530 gain=1.000
2025-12-08 04:23:23 [tracker] [s1] onset-below-env-floor t=7.8464 env=0.006951 onset=0.808810 thresh=0.006000 baseline=0.029117 gate=0.001601 envFloor=0.024750 floor=0.029117 adapt=0.029117 lastPeak=0.001582 calib=0.029117 baseParam=0.000180 gateRatio=0.0550 envParam=0.000450
2025-12-08 04:23:24 [tracker] [s1] aubio-raw t=7.9371 onset=0.819222 env=0.008028 peak=0.012724 gain=1.000
2025-12-08 04:23:24 [tracker] [s1] onset-below-env-floor t=7.9371 env=0.008028 onset=0.819222 thresh=0.006000 baseline=0.029117 gate=0.001601 envFloor=0.024750 floor=0.029117 adapt=0.029117 lastPeak=0.001334 calib=0.029117 baseParam=0.000180 gateRatio=0.0550 envParam=0.000450
2025-12-08 04:23:24 [tracker] [s1] aubio-raw t=8.0518 onset=1.269224 env=0.016162 peak=0.023825 gain=1.000
2025-12-08 04:23:24 [tracker] [s1] onset-below-env-floor t=8.0518 env=0.016162 onset=1.269224 thresh=0.006000 baseline=0.029117 gate=0.001601 envFloor=0.024750 floor=0.029117 adapt=0.029117 lastPeak=0.001075 calib=0.029117 baseParam=0.000180 gateRatio=0.0550 envParam=0.000450
2025-12-08 04:23:24 [tracker] [s2] onset t=8.057 env=0.03688 baseline=0.02957 gate=0.00296 envFloor=0.02070 onset=1.259>=0.009
2025-12-08 04:23:24 [tracker] [s2] note-start t=8.057 fret=5 midi=50 vel=0.44 env=0.03688
2025-12-08 04:23:24 [tracker] [s3] onset t=8.065 env=0.01144 baseline=0.01405 gate=0.00183 envFloor=0.01093 onset=1.052>=0.012
2025-12-08 04:23:24 [tracker] [s3] note-ended (new onset) t=8.065 fret=5 dur=0.264
2025-12-08 04:23:24 [tracker] [s2] release-retrigger t=8.177 onset=1.109 gate=0.024 age=0.120
2025-12-08 04:23:24 [tracker] [s2] note-ended t=8.177 fret=5 dur=0.120
2025-12-08 04:23:24 [tracker] [s1] aubio-raw t=8.3424 onset=0.975316 env=0.011135 peak=0.017555 gain=1.000
2025-12-08 04:23:24 [tracker] [s1] onset-below-env-floor t=8.3424 env=0.011135 onset=0.975316 thresh=0.006000 baseline=0.029117 gate=0.001601 envFloor=0.024750 floor=0.029117 adapt=0.029117 lastPeak=0.000623 calib=0.029117 baseParam=0.000180 gateRatio=0.0550 envParam=0.000450
2025-12-08 04:23:24 [tracker] [s2] onset t=8.348 env=0.01737 baseline=0.01922 gate=0.00192 envFloor=0.01436 onset=0.898>=0.009
2025-12-08 04:23:24 [tracker] [s2] note-start t=8.348 fret=5 midi=50 vel=0.21 env=0.01737
2025-12-08 04:23:24 [tracker] [s2] onset t=8.412 env=0.02529 baseline=0.01690 gate=0.00169 envFloor=0.01436 onset=0.872>=0.009
2025-12-08 04:23:24 [tracker] [s2] note-ended (new onset) t=8.412 fret=5 dur=0.064
2025-12-08 04:23:24 [tracker] [s2] note-start t=8.412 fret=5 midi=50 vel=0.30 env=0.02529
2025-12-08 04:23:24 [tracker] [s1] aubio-raw t=8.4304 onset=0.946468 env=0.004386 peak=0.009827 gain=1.000
2025-12-08 04:23:24 [tracker] [s1] onset-below-env-floor t=8.4304 env=0.004386 onset=0.946468 thresh=0.006000 baseline=0.029117 gate=0.001601 envFloor=0.024750 floor=0.029117 adapt=0.029117 lastPeak=0.000528 calib=0.029117 baseParam=0.000180 gateRatio=0.0550 envParam=0.000450
2025-12-08 04:23:24 [tracker] [s2] release-quiet t=8.486 avgEnv=0.00505 floor=0.01005 quietFrames=8
2025-12-08 04:23:24 [tracker] [s2] note-ended t=8.486 fret=5 dur=0.075
2025-12-08 04:23:24 [tracker] [s1] aubio-raw t=8.4944 onset=1.037187 env=0.007943 peak=0.010784 gain=1.000
2025-12-08 04:23:24 [tracker] [s1] onset-below-env-floor t=8.4944 env=0.007943 onset=1.037187 thresh=0.006000 baseline=0.029117 gate=0.001601 envFloor=0.024750 floor=0.029117 adapt=0.029117 lastPeak=0.000468 calib=0.029117 baseParam=0.000180 gateRatio=0.0550 envParam=0.000450
2025-12-08 04:23:24 [tracker] [s3] onset t=8.588 env=0.01100 baseline=0.01285 gate=0.00167 envFloor=0.01093 onset=0.718>=0.012
2025-12-08 04:23:24 [tracker] [s1] aubio-raw t=8.6224 onset=0.950136 env=0.006422 peak=0.009939 gain=1.000
2025-12-08 04:23:24 [tracker] [s1] onset-below-env-floor t=8.6224 env=0.006422 onset=0.950136 thresh=0.006000 baseline=0.029117 gate=0.001601 envFloor=0.024750 floor=0.029117 adapt=0.029117 lastPeak=0.000368 calib=0.029117 baseParam=0.000180 gateRatio=0.0550 envParam=0.000450
2025-12-08 04:23:24 [tracker] [s1] aubio-raw t=8.8197 onset=1.001436 env=0.163937 peak=0.233243 gain=1.000
2025-12-08 04:23:24 [tracker] [s1] onset-accepted t=8.8197 env=0.163937 onset=1.001436 thresh=0.006000 baseline=0.029798 gate=0.001639 envFloor=0.024750 floor=0.029117 adapt=0.029798 lastPeak=0.000254 calib=0.029117 baseParam=0.000180 gateRatio=0.0550 envParam=0.000450
2025-12-08 04:23:24 [tracker] [s1] onset t=8.820 env=0.16394 baseline=0.02980 gate=0.00164 envFloor=0.02475 onset=1.001>=0.006
2025-12-08 04:23:24 [tracker] [s2] onset t=8.828 env=0.02345 baseline=0.02217 gate=0.00222 envFloor=0.01552 onset=0.653>=0.009
2025-12-08 04:23:24 [tracker] [s3] onset t=8.836 env=0.02531 baseline=0.01285 gate=0.00167 envFloor=0.01093 onset=0.606>=0.012
2025-12-08 04:23:25 [tracker] [s2] onset t=8.886 env=0.05958 baseline=0.02805 gate=0.00280 envFloor=0.01963 onset=0.890>=0.009
2025-12-08 04:23:25 [tracker] [s2] note-start t=8.886 fret=7 midi=52 vel=0.71 env=0.05958
2025-12-08 04:23:25 [tracker] [s1] aubio-raw t=8.9050 onset=0.771949 env=0.006540 peak=0.010580 gain=1.000
2025-12-08 04:23:25 [tracker] [s1] onset-below-env-floor t=8.9050 env=0.006540 onset=0.771949 thresh=0.006000 baseline=0.042801 gate=0.002354 envFloor=0.029961 floor=0.029117 adapt=0.042801 lastPeak=0.000216 calib=0.029117 baseParam=0.000180 gateRatio=0.0550 envParam=0.000450
2025-12-08 04:23:25 [tracker] [s2] onset t=9.076 env=0.03793 baseline=0.03756 gate=0.00376 envFloor=0.01700 onset=0.887>=0.009
2025-12-08 04:23:25 [tracker] [s2] note-ended (new onset) t=9.076 fret=7 dur=0.189
2025-12-08 04:23:25 [tracker] [s2] note-start t=9.076 fret=7 midi=52 vel=0.46 env=0.03793
2025-12-08 04:23:25 [tracker] [s1] aubio-raw t=9.1983 onset=0.879886 env=0.086369 peak=0.152578 gain=1.000
2025-12-08 04:23:25 [tracker] [s1] onset-accepted t=9.1983 env=0.086369 onset=0.879886 thresh=0.006000 baseline=0.041390 gate=0.002276 envFloor=0.028973 floor=0.029117 adapt=0.041390 lastPeak=0.000125 calib=0.029117 baseParam=0.000180 gateRatio=0.0550 envParam=0.000450
2025-12-08 04:23:25 [tracker] [s1] onset t=9.198 env=0.08637 baseline=0.04139 gate=0.00228 envFloor=0.02897 onset=0.880>=0.006
2025-12-08 04:23:25 [test-mode] stop session='live/A' position=0.00 duration=12.81
2025-12-08 04:23:29 [sessionwavs] wrote 6 wav files to /home/general/SignalAssistant/logs/sessionwavs/session-20251208-042313 (shutdown)
# Session closed at 2025-12-08 04:23:29
