# SignalAssistant session log
# Started at 2025-12-08 05:35:11
2025-12-08 05:35:11 [session] mode=live session='' path='' duration=0.00 files=0
2025-12-08 05:35:11 [tracker-settings] TrackerConfig onsetThreshold=0.02000 minNoteDurSec=0.045 hopSec=0.010 slideDelta=120.0 bendDelta=35.0
2025-12-08 05:35:11 [tracker-settings] string1 midi=40 lowCut=37.08Hz highCut=445.00Hz baseline=0.000180 gateRatio=0.05500 envFloor=0.000450 sustainScale=0.580 retriggerScale=1.400 peakRelease=0.120 pitchTol=0.400 onsetScale=0.300
2025-12-08 05:35:11 [tracker-settings] string2 midi=45 lowCut=55.00Hz highCut=563.20Hz baseline=0.000220 gateRatio=0.10000 envFloor=0.000550 sustainScale=0.700 retriggerScale=1.250 peakRelease=0.130 pitchTol=0.400 onsetScale=0.450
2025-12-08 05:35:11 [tracker-settings] string4 midi=55 lowCut=127.40Hz highCut=862.39Hz baseline=0.000320 gateRatio=0.17000 envFloor=0.000780 sustainScale=1.000 retriggerScale=1.000 peakRelease=0.160 pitchTol=0.440 onsetScale=0.700
2025-12-08 05:35:11 [tracker-settings] string5 midi=59 lowCut=160.51Hz highCut=1086.54Hz baseline=0.000370 gateRatio=0.21000 envFloor=0.000900 sustainScale=1.000 retriggerScale=1.000 peakRelease=0.180 pitchTol=0.500 onsetScale=0.800
2025-12-08 05:35:11 [tracker-settings] string6 midi=64 lowCut=214.26Hz highCut=1450.36Hz baseline=0.000420 gateRatio=0.25000 envFloor=0.001050 sustainScale=1.000 retriggerScale=1.000 peakRelease=0.200 pitchTol=0.550 onsetScale=0.900
2025-12-08 05:35:11 [tracker] [s1] calibration reset
2025-12-08 05:35:11 [tracker] [s2] calibration reset
2025-12-08 05:35:11 [tracker] [s3] calibration reset
2025-12-08 05:35:11 [tracker] [s4] calibration reset
2025-12-08 05:35:11 [tracker] [s5] calibration reset
2025-12-08 05:35:11 [tracker] [s6] calibration reset
2025-12-08 05:35:11 [tracker] [s1] calibration avg=0.02860 peak=0.20596
2025-12-08 05:35:11 [tracker] [s2] calibration avg=0.01798 peak=0.04582
2025-12-08 05:35:11 [tracker] [s3] calibration avg=0.01325 peak=0.06025
2025-12-08 05:35:11 [tracker] [s4] calibration avg=0.03051 peak=0.11407
2025-12-08 05:35:11 [tracker] [s5] calibration avg=0.03291 peak=0.07733
2025-12-08 05:35:11 [tracker] [s6] calibration avg=0.04616 peak=0.12280
2025-12-08 05:35:11 [tracker] [s1] configure sr=48000.0 hop=128 fft=1024 low=37.1 high=445.0
2025-12-08 05:35:11 [tracker] [s1] params baseline=0.000180 gate=0.0550 envFloor=0.000450 sustain=0.580 retrigger=1.400 peakRelease=0.120 pitchTol=0.400 onsetScale=0.006 aubioScale=1.20 aubioThresh=0.024 onsetSilence=-85.0 pitchSilence=-90.0
2025-12-08 05:35:11 [tracker] [s2] configure sr=48000.0 hop=128 fft=1024 low=55.0 high=563.2
2025-12-08 05:35:11 [tracker] [s2] params baseline=0.000220 gate=0.1000 envFloor=0.000550 sustain=0.700 retrigger=1.250 peakRelease=0.130 pitchTol=0.400 onsetScale=0.009 aubioScale=1.35 aubioThresh=0.027 onsetSilence=-85.0 pitchSilence=-90.0
2025-12-08 05:35:11 [tracker] [s3] configure sr=48000.0 hop=128 fft=1024 low=85.2 high=693.0
2025-12-08 05:35:11 [tracker] [s3] params baseline=0.000260 gate=0.1300 envFloor=0.000650 sustain=0.820 retrigger=1.100 peakRelease=0.140 pitchTol=0.450 onsetScale=0.012 aubioScale=1.60 aubioThresh=0.032 onsetSilence=-75.0 pitchSilence=-80.0
2025-12-08 05:35:11 [tracker] [s4] configure sr=48000.0 hop=128 fft=1024 low=127.4 high=862.4
2025-12-08 05:35:11 [tracker] [s5] configure sr=48000.0 hop=128 fft=512 low=160.5 high=1086.5
2025-12-08 05:35:11 [tracker] [s5] params baseline=0.000370 gate=0.2100 envFloor=0.000900 sustain=1.000 retrigger=1.000 peakRelease=0.180 pitchTol=0.500 onsetScale=0.016 aubioScale=1.80 aubioThresh=0.036 onsetSilence=-75.0 pitchSilence=-80.0
2025-12-08 05:35:11 [tracker] [s6] configure sr=48000.0 hop=128 fft=512 low=214.3 high=1450.4
2025-12-08 05:35:11 [tracker] [s6] params baseline=0.000420 gate=0.2500 envFloor=0.001050 sustain=1.000 retrigger=1.000 peakRelease=0.200 pitchTol=0.550 onsetScale=0.018 aubioScale=1.80 aubioThresh=0.036 onsetSilence=-75.0 pitchSilence=-80.0
2025-12-08 05:35:11 [tracker] [s1] aubio-raw t=0.0067 onset=4.000000 env=0.000137 peak=0.000329 gain=1.000
2025-12-08 05:35:11 [tracker] [s1] onset-below-gate t=0.0067 env=0.000137 gate=0.001447 envDelta=-0.001310 envFloor=0.022366 onset=4.000000 thresh=0.006000 onsetDelta=3.994000 baseline=0.026313 floor=0.026313 adapt=0.026313 lastPeak=0.000000 calibAvg=0.026313 calibScale=0.920 baseParam=0.000180 gateRatio=0.0550 envParam=0.000450 onsetScale=0.300 retriggerScale=1.400 guard=0.060 guardRemain=0.000 activeAge=-1.000 retrigRemain=0.000 pitchHz=125.16 pitchCents=723.6
2025-12-08 05:35:12 [tracker] [s1] aubio-raw t=0.2013 onset=0.856304 env=0.000092 peak=0.000268 gain=1.000
2025-12-08 05:35:12 [tracker] [s1] onset-below-gate t=0.2013 env=0.000092 gate=0.001447 envDelta=-0.001355 envFloor=0.022366 onset=0.856304 thresh=0.006000 onsetDelta=0.850304 baseline=0.026313 floor=0.026313 adapt=0.026313 lastPeak=0.000000 calibAvg=0.026313 calibScale=0.920 baseParam=0.000180 gateRatio=0.0550 envParam=0.000450 onsetScale=0.300 retriggerScale=1.400 guard=0.060 guardRemain=0.000 activeAge=-1.000 retrigRemain=0.000 pitchHz=94.11 pitchCents=230.0
2025-12-08 05:35:12 [tracker] [s1] aubio-raw t=0.3667 onset=0.984849 env=0.000154 peak=0.000315 gain=1.000
2025-12-08 05:35:12 [tracker] [s1] onset-below-gate t=0.3667 env=0.000154 gate=0.001447 envDelta=-0.001293 envFloor=0.022366 onset=0.984849 thresh=0.006000 onsetDelta=0.978849 baseline=0.026313 floor=0.026313 adapt=0.026313 lastPeak=0.000000 calibAvg=0.026313 calibScale=0.920 baseParam=0.000180 gateRatio=0.0550 envParam=0.000450 onsetScale=0.300 retriggerScale=1.400 guard=0.060 guardRemain=0.000 activeAge=-1.000 retrigRemain=0.000 pitchHz=111.11 pitchCents=517.4
2025-12-08 05:35:12 [tracker] [s1] aubio-raw t=0.5507 onset=1.170035 env=0.000100 peak=0.000276 gain=1.000
2025-12-08 05:35:12 [tracker] [s1] onset-below-gate t=0.5507 env=0.000100 gate=0.001447 envDelta=-0.001347 envFloor=0.022366 onset=1.170035 thresh=0.006000 onsetDelta=1.164035 baseline=0.026313 floor=0.026313 adapt=0.026313 lastPeak=0.000000 calibAvg=0.026313 calibScale=0.920 baseParam=0.000180 gateRatio=0.0550 envParam=0.000450 onsetScale=0.300 retriggerScale=1.400 guard=0.060 guardRemain=0.000 activeAge=-1.000 retrigRemain=0.000 pitchHz=94.12 pitchCents=230.0
2025-12-08 05:35:12 [tracker] [s1] aubio-raw t=0.9107 onset=1.058964 env=0.000156 peak=0.000336 gain=1.000
2025-12-08 05:35:12 [tracker] [s1] onset-below-gate t=0.9107 env=0.000156 gate=0.001447 envDelta=-0.001291 envFloor=0.022366 onset=1.058964 thresh=0.006000 onsetDelta=1.052963 baseline=0.026313 floor=0.026313 adapt=0.026313 lastPeak=0.000000 calibAvg=0.026313 calibScale=0.920 baseParam=0.000180 gateRatio=0.0550 envParam=0.000450 onsetScale=0.300 retriggerScale=1.400 guard=0.060 guardRemain=0.000 activeAge=-1.000 retrigRemain=0.000 pitchHz=94.11 pitchCents=230.0
2025-12-08 05:35:12 [tracker] [s1] aubio-raw t=1.0093 onset=0.912547 env=0.000111 peak=0.000305 gain=1.000
2025-12-08 05:35:12 [tracker] [s1] onset-below-gate t=1.0093 env=0.000111 gate=0.001447 envDelta=-0.001336 envFloor=0.022366 onset=0.912547 thresh=0.006000 onsetDelta=0.906547 baseline=0.026313 floor=0.026313 adapt=0.026313 lastPeak=0.000000 calibAvg=0.026313 calibScale=0.920 baseParam=0.000180 gateRatio=0.0550 envParam=0.000450 onsetScale=0.300 retriggerScale=1.400 guard=0.060 guardRemain=0.000 activeAge=-1.000 retrigRemain=0.000 pitchHz=94.11 pitchCents=229.9
2025-12-08 05:35:13 [tracker] [s1] aubio-raw t=1.1800 onset=0.910026 env=0.000220 peak=0.000448 gain=1.000
2025-12-08 05:35:13 [tracker] [s1] onset-below-gate t=1.1800 env=0.000220 gate=0.001447 envDelta=-0.001227 envFloor=0.022366 onset=0.910026 thresh=0.006000 onsetDelta=0.904026 baseline=0.026313 floor=0.026313 adapt=0.026313 lastPeak=0.000000 calibAvg=0.026313 calibScale=0.920 baseParam=0.000180 gateRatio=0.0550 envParam=0.000450 onsetScale=0.300 retriggerScale=1.400 guard=0.060 guardRemain=0.000 activeAge=-1.000 retrigRemain=0.000 pitchHz=-1.00 pitchCents=0.0
2025-12-08 05:35:13 [tracker] [s1] aubio-raw t=1.4200 onset=1.327211 env=0.000198 peak=0.000379 gain=1.000
2025-12-08 05:35:13 [tracker] [s1] onset-below-gate t=1.4200 env=0.000198 gate=0.001447 envDelta=-0.001249 envFloor=0.022366 onset=1.327211 thresh=0.006000 onsetDelta=1.321211 baseline=0.026313 floor=0.026313 adapt=0.026313 lastPeak=0.000000 calibAvg=0.026313 calibScale=0.920 baseParam=0.000180 gateRatio=0.0550 envParam=0.000450 onsetScale=0.300 retriggerScale=1.400 guard=0.060 guardRemain=0.000 activeAge=-1.000 retrigRemain=0.000 pitchHz=94.11 pitchCents=229.8
2025-12-08 05:35:13 [tracker] [s1] aubio-raw t=1.5267 onset=1.227163 env=0.000117 peak=0.000339 gain=1.000
2025-12-08 05:35:13 [tracker] [s1] onset-below-gate t=1.5267 env=0.000117 gate=0.001447 envDelta=-0.001330 envFloor=0.022366 onset=1.227163 thresh=0.006000 onsetDelta=1.221163 baseline=0.026313 floor=0.026313 adapt=0.026313 lastPeak=0.000000 calibAvg=0.026313 calibScale=0.920 baseParam=0.000180 gateRatio=0.0550 envParam=0.000450 onsetScale=0.300 retriggerScale=1.400 guard=0.060 guardRemain=0.000 activeAge=-1.000 retrigRemain=0.000 pitchHz=156.86 pitchCents=1114.4
2025-12-08 05:35:13 [tracker] [s1] aubio-raw t=1.6520 onset=1.140415 env=0.001176 peak=0.001971 gain=1.000
2025-12-08 05:35:13 [tracker] [s1] onset-below-gate t=1.6520 env=0.001176 gate=0.001447 envDelta=-0.000271 envFloor=0.022366 onset=1.140415 thresh=0.006000 onsetDelta=1.134415 baseline=0.026313 floor=0.026313 adapt=0.026313 lastPeak=0.000000 calibAvg=0.026313 calibScale=0.920 baseParam=0.000180 gateRatio=0.0550 envParam=0.000450 onsetScale=0.300 retriggerScale=1.400 guard=0.060 guardRemain=0.000 activeAge=-1.000 retrigRemain=0.000 pitchHz=93.93 pitchCents=226.6
2025-12-08 05:35:13 [tracker] [s1] aubio-raw t=1.8360 onset=0.712582 env=0.000280 peak=0.000516 gain=1.000
2025-12-08 05:35:13 [tracker] [s1] onset-below-gate t=1.8360 env=0.000280 gate=0.001447 envDelta=-0.001167 envFloor=0.022366 onset=0.712582 thresh=0.006000 onsetDelta=0.706582 baseline=0.026313 floor=0.026313 adapt=0.026313 lastPeak=0.000000 calibAvg=0.026313 calibScale=0.920 baseParam=0.000180 gateRatio=0.0550 envParam=0.000450 onsetScale=0.300 retriggerScale=1.400 guard=0.060 guardRemain=0.000 activeAge=-1.000 retrigRemain=0.000 pitchHz=95.24 pitchCents=250.6
2025-12-08 05:35:13 [tracker] [s1] aubio-raw t=2.1267 onset=0.991772 env=0.000113 peak=0.000341 gain=1.000
2025-12-08 05:35:13 [tracker] [s1] onset-below-gate t=2.1267 env=0.000113 gate=0.001447 envDelta=-0.001335 envFloor=0.022366 onset=0.991772 thresh=0.006000 onsetDelta=0.985772 baseline=0.026313 floor=0.026313 adapt=0.026313 lastPeak=0.000000 calibAvg=0.026313 calibScale=0.920 baseParam=0.000180 gateRatio=0.0550 envParam=0.000450 onsetScale=0.300 retriggerScale=1.400 guard=0.060 guardRemain=0.000 activeAge=-1.000 retrigRemain=0.000 pitchHz=159.99 pitchCents=1148.6
2025-12-08 05:35:14 [tracker] [s1] aubio-raw t=2.3534 onset=0.997960 env=0.000127 peak=0.000313 gain=1.000
2025-12-08 05:35:14 [tracker] [s1] onset-below-gate t=2.3534 env=0.000127 gate=0.001447 envDelta=-0.001320 envFloor=0.022366 onset=0.997960 thresh=0.006000 onsetDelta=0.991960 baseline=0.026313 floor=0.026313 adapt=0.026313 lastPeak=0.000000 calibAvg=0.026313 calibScale=0.920 baseParam=0.000180 gateRatio=0.0550 envParam=0.000450 onsetScale=0.300 retriggerScale=1.400 guard=0.060 guardRemain=0.000 activeAge=-1.000 retrigRemain=0.000 pitchHz=117.64 pitchCents=616.3
2025-12-08 05:35:14 [tracker] [s1] aubio-raw t=2.6707 onset=1.413623 env=0.000130 peak=0.000344 gain=1.000
2025-12-08 05:35:14 [tracker] [s1] onset-below-gate t=2.6707 env=0.000130 gate=0.001447 envDelta=-0.001317 envFloor=0.022366 onset=1.413623 thresh=0.006000 onsetDelta=1.407623 baseline=0.026313 floor=0.026313 adapt=0.026313 lastPeak=0.000000 calibAvg=0.026313 calibScale=0.920 baseParam=0.000180 gateRatio=0.0550 envParam=0.000450 onsetScale=0.300 retriggerScale=1.400 guard=0.060 guardRemain=0.000 activeAge=-1.000 retrigRemain=0.000 pitchHz=137.92 pitchCents=891.6
2025-12-08 05:35:14 [tracker] [s1] aubio-raw t=2.7827 onset=0.629106 env=0.000101 peak=0.000262 gain=1.000
2025-12-08 05:35:14 [tracker] [s1] onset-below-gate t=2.7827 env=0.000101 gate=0.001447 envDelta=-0.001346 envFloor=0.022366 onset=0.629106 thresh=0.006000 onsetDelta=0.623106 baseline=0.026313 floor=0.026313 adapt=0.026313 lastPeak=0.000000 calibAvg=0.026313 calibScale=0.920 baseParam=0.000180 gateRatio=0.0550 envParam=0.000450 onsetScale=0.300 retriggerScale=1.400 guard=0.060 guardRemain=0.000 activeAge=-1.000 retrigRemain=0.000 pitchHz=-1.00 pitchCents=0.0
2025-12-08 05:35:14 [tracker] [s1] aubio-raw t=2.8760 onset=1.175578 env=0.000128 peak=0.000358 gain=1.000
2025-12-08 05:35:14 [tracker] [s1] onset-below-gate t=2.8760 env=0.000128 gate=0.001447 envDelta=-0.001319 envFloor=0.022366 onset=1.175578 thresh=0.006000 onsetDelta=1.169578 baseline=0.026313 floor=0.026313 adapt=0.026313 lastPeak=0.000000 calibAvg=0.026313 calibScale=0.920 baseParam=0.000180 gateRatio=0.0550 envParam=0.000450 onsetScale=0.300 retriggerScale=1.400 guard=0.060 guardRemain=0.000 activeAge=-1.000 retrigRemain=0.000 pitchHz=-1.00 pitchCents=0.0
2025-12-08 05:35:14 [tracker] [s1] aubio-raw t=3.0094 onset=0.770323 env=0.000125 peak=0.000358 gain=1.000
2025-12-08 05:35:14 [tracker] [s1] onset-below-gate t=3.0094 env=0.000125 gate=0.001447 envDelta=-0.001323 envFloor=0.022366 onset=0.770323 thresh=0.006000 onsetDelta=0.764323 baseline=0.026313 floor=0.026313 adapt=0.026313 lastPeak=0.000000 calibAvg=0.026313 calibScale=0.920 baseParam=0.000180 gateRatio=0.0550 envParam=0.000450 onsetScale=0.300 retriggerScale=1.400 guard=0.060 guardRemain=0.000 activeAge=-1.000 retrigRemain=0.000 pitchHz=210.53 pitchCents=1623.8
2025-12-08 05:35:14 [tracker] [s1] aubio-raw t=3.0867 onset=0.911880 env=0.000130 peak=0.000310 gain=1.000
2025-12-08 05:35:14 [tracker] [s1] onset-below-gate t=3.0867 env=0.000130 gate=0.001447 envDelta=-0.001317 envFloor=0.022366 onset=0.911880 thresh=0.006000 onsetDelta=0.905880 baseline=0.026313 floor=0.026313 adapt=0.026313 lastPeak=0.000000 calibAvg=0.026313 calibScale=0.920 baseParam=0.000180 gateRatio=0.0550 envParam=0.000450 onsetScale=0.300 retriggerScale=1.400 guard=0.060 guardRemain=0.000 activeAge=-1.000 retrigRemain=0.000 pitchHz=-1.00 pitchCents=0.0
2025-12-08 05:35:15 [tracker] [s1] aubio-raw t=3.5720 onset=0.994806 env=0.000114 peak=0.000324 gain=1.000
2025-12-08 05:35:15 [tracker] [s1] onset-below-gate t=3.5720 env=0.000114 gate=0.001447 envDelta=-0.001333 envFloor=0.022366 onset=0.994806 thresh=0.006000 onsetDelta=0.988806 baseline=0.026313 floor=0.026313 adapt=0.026313 lastPeak=0.000000 calibAvg=0.026313 calibScale=0.920 baseParam=0.000180 gateRatio=0.0550 envParam=0.000450 onsetScale=0.300 retriggerScale=1.400 guard=0.060 guardRemain=0.000 activeAge=-1.000 retrigRemain=0.000 pitchHz=-1.00 pitchCents=0.0
2025-12-08 05:35:15 [tracker] [s2] onset t=3.729 env=0.06708 gate=0.00169 envDelta=0.06539 envFloor=0.01436 onset=1.172 thresh=0.009 onsetDelta=1.16342 baseline=0.01690 adaptive=0.01690 lastPeak=0.00000 guard=0.060 activeAge=-1.000 pitch=-1.00Hz pitchCents=0.0
2025-12-08 05:35:15 [tracker] [s1] aubio-raw t=3.7320 onset=0.657980 env=0.001671 peak=0.002021 gain=1.000
2025-12-08 05:35:15 [tracker] [s1] onset-below-env-floor t=3.7320 env=0.001671 gate=0.001447 envDelta=0.000223 envFloor=0.022366 onset=0.657980 thresh=0.006000 onsetDelta=0.651980 baseline=0.026313 floor=0.026313 adapt=0.026313 lastPeak=0.000000 calibAvg=0.026313 calibScale=0.920 baseParam=0.000180 gateRatio=0.0550 envParam=0.000450 onsetScale=0.300 retriggerScale=1.400 guard=0.060 guardRemain=0.000 activeAge=-1.000 retrigRemain=0.000 pitchHz=140.92 pitchCents=928.8
2025-12-08 05:35:15 [tracker] [s1] aubio-raw t=3.8200 onset=1.006103 env=0.000429 peak=0.000678 gain=1.000
2025-12-08 05:35:15 [tracker] [s1] onset-below-gate t=3.8200 env=0.000429 gate=0.001447 envDelta=-0.001018 envFloor=0.022366 onset=1.006103 thresh=0.006000 onsetDelta=1.000103 baseline=0.026313 floor=0.026313 adapt=0.026313 lastPeak=0.000000 calibAvg=0.026313 calibScale=0.920 baseParam=0.000180 gateRatio=0.0550 envParam=0.000450 onsetScale=0.300 retriggerScale=1.400 guard=0.060 guardRemain=0.000 activeAge=-1.000 retrigRemain=0.000 pitchHz=146.91 pitchCents=1000.9
2025-12-08 05:35:15 [tracker] [s2] onset t=3.836 env=0.06426 gate=0.00293 envDelta=0.06133 envFloor=0.02050 onset=1.016 thresh=0.009 onsetDelta=1.00687 baseline=0.02929 adaptive=0.02929 lastPeak=0.00000 guard=0.060 activeAge=-1.000 pitch=147.19Hz pitchCents=504.2
2025-12-08 05:35:15 [tracker] [s2] note-start t=3.836 fret=5 midi=50 vel=0.77 env=0.06426
2025-12-08 05:35:15 [tracker] [s1] aubio-raw t=3.8707 onset=0.999290 env=0.002581 peak=0.003709 gain=1.000
2025-12-08 05:35:15 [tracker] [s1] onset-below-env-floor t=3.8707 env=0.002581 gate=0.001447 envDelta=0.001133 envFloor=0.022366 onset=0.999290 thresh=0.006000 onsetDelta=0.993290 baseline=0.026313 floor=0.026313 adapt=0.026313 lastPeak=0.000000 calibAvg=0.026313 calibScale=0.920 baseParam=0.000180 gateRatio=0.0550 envParam=0.000450 onsetScale=0.300 retriggerScale=1.400 guard=0.060 guardRemain=0.000 activeAge=-1.000 retrigRemain=0.000 pitchHz=147.09 pitchCents=1003.0
2025-12-08 05:35:15 [tracker] [s1] aubio-raw t=4.1187 onset=0.664767 env=0.000905 peak=0.001713 gain=1.000
2025-12-08 05:35:15 [tracker] [s1] onset-below-gate t=4.1187 env=0.000905 gate=0.001447 envDelta=-0.000542 envFloor=0.022366 onset=0.664767 thresh=0.006000 onsetDelta=0.658767 baseline=0.026313 floor=0.026313 adapt=0.026313 lastPeak=0.000000 calibAvg=0.026313 calibScale=0.920 baseParam=0.000180 gateRatio=0.0550 envParam=0.000450 onsetScale=0.300 retriggerScale=1.400 guard=0.060 guardRemain=0.000 activeAge=-1.000 retrigRemain=0.000 pitchHz=147.95 pitchCents=1013.1
2025-12-08 05:35:15 [tracker] [s2] onset t=4.161 env=0.02456 gate=0.00314 envDelta=0.02143 envFloor=0.01436 onset=0.978 thresh=0.009 onsetDelta=0.96864 baseline=0.03137 adaptive=0.01690 lastPeak=0.03486 guard=0.060 activeAge=0.325 pitch=146.87Hz pitchCents=500.4
2025-12-08 05:35:15 [tracker] [s2] note-ended (new onset) t=4.161 fret=5 dur=0.325
2025-12-08 05:35:15 [tracker] [s2] note-start t=4.161 fret=5 midi=50 vel=0.29 env=0.02456
2025-12-08 05:35:16 [tracker] [s2] onset t=4.335 env=0.01548 gate=0.00169 envDelta=0.01379 envFloor=0.01436 onset=1.104 thresh=0.009 onsetDelta=1.09486 baseline=0.01690 adaptive=0.01690 lastPeak=0.01773 guard=0.060 activeAge=0.173 pitch=146.74Hz pitchCents=498.9
2025-12-08 05:35:16 [tracker] [s2] note-ended (new onset) t=4.335 fret=5 dur=0.173
2025-12-08 05:35:16 [tracker] [s1] aubio-raw t=4.4387 onset=0.996753 env=0.000812 peak=0.001274 gain=1.000
2025-12-08 05:35:16 [tracker] [s1] onset-below-gate t=4.4387 env=0.000812 gate=0.001447 envDelta=-0.000636 envFloor=0.022366 onset=0.996753 thresh=0.006000 onsetDelta=0.990753 baseline=0.026313 floor=0.026313 adapt=0.026313 lastPeak=0.000000 calibAvg=0.026313 calibScale=0.920 baseParam=0.000180 gateRatio=0.0550 envParam=0.000450 onsetScale=0.300 retriggerScale=1.400 guard=0.060 guardRemain=0.000 activeAge=-1.000 retrigRemain=0.000 pitchHz=148.03 pitchCents=1014.1
2025-12-08 05:35:16 [tracker] [s1] aubio-raw t=4.7640 onset=1.442168 env=0.000521 peak=0.001033 gain=1.000
2025-12-08 05:35:16 [tracker] [s1] onset-below-gate t=4.7640 env=0.000521 gate=0.001447 envDelta=-0.000927 envFloor=0.022366 onset=1.442168 thresh=0.006000 onsetDelta=1.436168 baseline=0.026313 floor=0.026313 adapt=0.026313 lastPeak=0.000000 calibAvg=0.026313 calibScale=0.920 baseParam=0.000180 gateRatio=0.0550 envParam=0.000450 onsetScale=0.300 retriggerScale=1.400 guard=0.060 guardRemain=0.000 activeAge=-1.000 retrigRemain=0.000 pitchHz=150.80 pitchCents=1046.1
2025-12-08 05:35:16 [tracker] [s1] aubio-raw t=4.8467 onset=0.737004 env=0.000466 peak=0.000759 gain=1.000
2025-12-08 05:35:16 [tracker] [s1] onset-below-gate t=4.8467 env=0.000466 gate=0.001447 envDelta=-0.000981 envFloor=0.022366 onset=0.737004 thresh=0.006000 onsetDelta=0.731004 baseline=0.026313 floor=0.026313 adapt=0.026313 lastPeak=0.000000 calibAvg=0.026313 calibScale=0.920 baseParam=0.000180 gateRatio=0.0550 envParam=0.000450 onsetScale=0.300 retriggerScale=1.400 guard=0.060 guardRemain=0.000 activeAge=-1.000 retrigRemain=0.000 pitchHz=150.71 pitchCents=1045.1
2025-12-08 05:35:16 [tracker] [s2] release-retrigger t=4.847 onset=0.997 gate=0.018 age=0.512
2025-12-08 05:35:16 [tracker] [s2] note-ended t=4.847 fret=5 dur=0.512
2025-12-08 05:35:16 [tracker] [s1] aubio-raw t=4.9186 onset=1.344599 env=0.000580 peak=0.001039 gain=1.000
2025-12-08 05:35:16 [tracker] [s1] onset-below-gate t=4.9186 env=0.000580 gate=0.001447 envDelta=-0.000867 envFloor=0.022366 onset=1.344599 thresh=0.006000 onsetDelta=1.338599 baseline=0.026313 floor=0.026313 adapt=0.026313 lastPeak=0.000000 calibAvg=0.026313 calibScale=0.920 baseParam=0.000180 gateRatio=0.0550 envParam=0.000450 onsetScale=0.300 retriggerScale=1.400 guard=0.060 guardRemain=0.000 activeAge=-1.000 retrigRemain=0.000 pitchHz=153.63 pitchCents=1078.4
2025-12-08 05:35:17 [tracker] [s1] aubio-raw t=5.6146 onset=0.991747 env=0.000151 peak=0.000439 gain=1.000
2025-12-08 05:35:17 [tracker] [s1] onset-below-gate t=5.6146 env=0.000151 gate=0.001447 envDelta=-0.001296 envFloor=0.022366 onset=0.991747 thresh=0.006000 onsetDelta=0.985747 baseline=0.026313 floor=0.026313 adapt=0.026313 lastPeak=0.000000 calibAvg=0.026313 calibScale=0.920 baseParam=0.000180 gateRatio=0.0550 envParam=0.000450 onsetScale=0.300 retriggerScale=1.400 guard=0.060 guardRemain=0.000 activeAge=-1.000 retrigRemain=0.000 pitchHz=163.16 pitchCents=1182.5
2025-12-08 05:35:17 [tracker] [s1] aubio-raw t=5.8946 onset=1.089447 env=0.000122 peak=0.000281 gain=1.000
2025-12-08 05:35:17 [tracker] [s1] onset-below-gate t=5.8946 env=0.000122 gate=0.001447 envDelta=-0.001325 envFloor=0.022366 onset=1.089447 thresh=0.006000 onsetDelta=1.083447 baseline=0.026313 floor=0.026313 adapt=0.026313 lastPeak=0.000000 calibAvg=0.026313 calibScale=0.920 baseParam=0.000180 gateRatio=0.0550 envParam=0.000450 onsetScale=0.300 retriggerScale=1.400 guard=0.060 guardRemain=0.000 activeAge=-1.000 retrigRemain=0.000 pitchHz=163.21 pitchCents=1183.1
2025-12-08 05:35:17 [tracker] [s1] aubio-raw t=5.9639 onset=0.581213 env=0.000100 peak=0.000233 gain=1.000
2025-12-08 05:35:17 [tracker] [s1] onset-below-gate t=5.9639 env=0.000100 gate=0.001447 envDelta=-0.001347 envFloor=0.022366 onset=0.581213 thresh=0.006000 onsetDelta=0.575213 baseline=0.026313 floor=0.026313 adapt=0.026313 lastPeak=0.000000 calibAvg=0.026313 calibScale=0.920 baseParam=0.000180 gateRatio=0.0550 envParam=0.000450 onsetScale=0.300 retriggerScale=1.400 guard=0.060 guardRemain=0.000 activeAge=-1.000 retrigRemain=0.000 pitchHz=275.86 pitchCents=2091.7
2025-12-08 05:35:18 [tracker] [s1] aubio-raw t=6.1932 onset=1.113234 env=0.000142 peak=0.000384 gain=1.000
2025-12-08 05:35:18 [tracker] [s1] onset-below-gate t=6.1932 env=0.000142 gate=0.001447 envDelta=-0.001306 envFloor=0.022366 onset=1.113234 thresh=0.006000 onsetDelta=1.107234 baseline=0.026313 floor=0.026313 adapt=0.026313 lastPeak=0.000000 calibAvg=0.026313 calibScale=0.920 baseParam=0.000180 gateRatio=0.0550 envParam=0.000450 onsetScale=0.300 retriggerScale=1.400 guard=0.060 guardRemain=0.000 activeAge=-1.000 retrigRemain=0.000 pitchHz=228.57 pitchCents=1766.1
2025-12-08 05:35:18 [tracker] [s1] aubio-raw t=6.4092 onset=1.043378 env=0.000108 peak=0.000303 gain=1.000
2025-12-08 05:35:18 [tracker] [s1] onset-below-gate t=6.4092 env=0.000108 gate=0.001447 envDelta=-0.001339 envFloor=0.022366 onset=1.043378 thresh=0.006000 onsetDelta=1.037378 baseline=0.026313 floor=0.026313 adapt=0.026313 lastPeak=0.000000 calibAvg=0.026313 calibScale=0.920 baseParam=0.000180 gateRatio=0.0550 envParam=0.000450 onsetScale=0.300 retriggerScale=1.400 guard=0.060 guardRemain=0.000 activeAge=-1.000 retrigRemain=0.000 pitchHz=205.12 pitchCents=1578.8
2025-12-08 05:35:18 [tracker] [s1] aubio-raw t=6.7478 onset=1.493249 env=0.000141 peak=0.000349 gain=1.000
2025-12-08 05:35:18 [tracker] [s1] onset-below-gate t=6.7478 env=0.000141 gate=0.001447 envDelta=-0.001306 envFloor=0.022366 onset=1.493249 thresh=0.006000 onsetDelta=1.487249 baseline=0.026313 floor=0.026313 adapt=0.026313 lastPeak=0.000000 calibAvg=0.026313 calibScale=0.920 baseParam=0.000180 gateRatio=0.0550 envParam=0.000450 onsetScale=0.300 retriggerScale=1.400 guard=0.060 guardRemain=0.000 activeAge=-1.000 retrigRemain=0.000 pitchHz=101.26 pitchCents=356.6
2025-12-08 05:35:18 [tracker] [s1] aubio-raw t=6.8998 onset=0.876376 env=0.004333 peak=0.007919 gain=1.000
2025-12-08 05:35:18 [tracker] [s1] onset-below-env-floor t=6.8998 env=0.004333 gate=0.001447 envDelta=0.002886 envFloor=0.022366 onset=0.876376 thresh=0.006000 onsetDelta=0.870376 baseline=0.026313 floor=0.026313 adapt=0.026313 lastPeak=0.000000 calibAvg=0.026313 calibScale=0.920 baseParam=0.000180 gateRatio=0.0550 envParam=0.000450 onsetScale=0.300 retriggerScale=1.400 guard=0.060 guardRemain=0.000 activeAge=-1.000 retrigRemain=0.000 pitchHz=421.03 pitchCents=2823.7
2025-12-08 05:35:18 [tracker] [s2] onset t=6.961 env=0.07371 gate=0.00290 envDelta=0.07081 envFloor=0.02030 onset=1.087 thresh=0.009 onsetDelta=1.07752 baseline=0.02901 adaptive=0.02901 lastPeak=0.00011 guard=0.060 activeAge=-1.000 pitch=147.02Hz pitchCents=502.2
2025-12-08 05:35:18 [tracker] [s2] note-start t=6.961 fret=5 midi=50 vel=0.88 env=0.07371
2025-12-08 05:35:18 [tracker] [s1] aubio-raw t=7.0492 onset=1.140821 env=0.001949 peak=0.002779 gain=1.000
2025-12-08 05:35:18 [tracker] [s1] onset-below-env-floor t=7.0492 env=0.001949 gate=0.001447 envDelta=0.000501 envFloor=0.022366 onset=1.140821 thresh=0.006000 onsetDelta=1.134821 baseline=0.026313 floor=0.026313 adapt=0.026313 lastPeak=0.000000 calibAvg=0.026313 calibScale=0.920 baseParam=0.000180 gateRatio=0.0550 envParam=0.000450 onsetScale=0.300 retriggerScale=1.400 guard=0.060 guardRemain=0.000 activeAge=-1.000 retrigRemain=0.000 pitchHz=146.68 pitchCents=998.2
2025-12-08 05:35:18 [tracker] [s1] aubio-raw t=7.1212 onset=1.326195 env=0.000282 peak=0.000561 gain=1.000
2025-12-08 05:35:18 [tracker] [s1] onset-below-gate t=7.1212 env=0.000282 gate=0.001447 envDelta=-0.001165 envFloor=0.022366 onset=1.326195 thresh=0.006000 onsetDelta=1.320195 baseline=0.026313 floor=0.026313 adapt=0.026313 lastPeak=0.000000 calibAvg=0.026313 calibScale=0.920 baseParam=0.000180 gateRatio=0.0550 envParam=0.000450 onsetScale=0.300 retriggerScale=1.400 guard=0.060 guardRemain=0.000 activeAge=-1.000 retrigRemain=0.000 pitchHz=146.88 pitchCents=1000.5
2025-12-08 05:35:19 [tracker] [s1] aubio-raw t=7.2385 onset=0.994651 env=0.000983 peak=0.001769 gain=1.000
2025-12-08 05:35:19 [tracker] [s1] onset-below-gate t=7.2385 env=0.000983 gate=0.001447 envDelta=-0.000464 envFloor=0.022366 onset=0.994651 thresh=0.006000 onsetDelta=0.988651 baseline=0.026313 floor=0.026313 adapt=0.026313 lastPeak=0.000000 calibAvg=0.026313 calibScale=0.920 baseParam=0.000180 gateRatio=0.0550 envParam=0.000450 onsetScale=0.300 retriggerScale=1.400 guard=0.060 guardRemain=0.000 activeAge=-1.000 retrigRemain=0.000 pitchHz=148.06 pitchCents=1014.4
2025-12-08 05:35:19 [tracker] [s2] onset t=7.388 env=0.02634 gate=0.00297 envDelta=0.02336 envFloor=0.01436 onset=1.142 thresh=0.009 onsetDelta=1.13257 baseline=0.02975 adaptive=0.01690 lastPeak=0.03305 guard=0.060 activeAge=0.427 pitch=146.84Hz pitchCents=500.1
2025-12-08 05:35:19 [tracker] [s2] note-ended (new onset) t=7.388 fret=5 dur=0.427
2025-12-08 05:35:19 [tracker] [s2] note-start t=7.388 fret=5 midi=50 vel=0.32 env=0.02634
2025-12-08 05:35:19 [tracker] [s2] onset t=7.476 env=0.01926 gate=0.00201 envDelta=0.01726 envFloor=0.01436 onset=0.954 thresh=0.009 onsetDelta=0.94498 baseline=0.02009 adaptive=0.01690 lastPeak=0.02232 guard=0.060 activeAge=0.088 pitch=146.80Hz pitchCents=499.7
2025-12-08 05:35:19 [tracker] [s2] note-ended (new onset) t=7.476 fret=5 dur=0.088
2025-12-08 05:35:19 [tracker] [s2] note-start t=7.476 fret=5 midi=50 vel=0.23 env=0.01926
2025-12-08 05:35:19 [tracker] [s1] aubio-raw t=7.5558 onset=0.812785 env=0.000639 peak=0.001089 gain=1.000
2025-12-08 05:35:19 [tracker] [s1] onset-below-gate t=7.5558 env=0.000639 gate=0.001447 envDelta=-0.000808 envFloor=0.022366 onset=0.812785 thresh=0.006000 onsetDelta=0.806785 baseline=0.026313 floor=0.026313 adapt=0.026313 lastPeak=0.000000 calibAvg=0.026313 calibScale=0.920 baseParam=0.000180 gateRatio=0.0550 envParam=0.000450 onsetScale=0.300 retriggerScale=1.400 guard=0.060 guardRemain=0.000 activeAge=-1.000 retrigRemain=0.000 pitchHz=159.75 pitchCents=1146.0
2025-12-08 05:35:19 [tracker] [s2] release-retrigger t=7.574 onset=1.100 gate=0.018 age=0.099
2025-12-08 05:35:19 [tracker] [s2] note-ended t=7.574 fret=5 dur=0.099
2025-12-08 05:35:19 [tracker] [s1] aubio-raw t=7.6518 onset=0.626214 env=0.000557 peak=0.000959 gain=1.000
2025-12-08 05:35:19 [tracker] [s1] onset-below-gate t=7.6518 env=0.000557 gate=0.001447 envDelta=-0.000890 envFloor=0.022366 onset=0.626214 thresh=0.006000 onsetDelta=0.620214 baseline=0.026313 floor=0.026313 adapt=0.026313 lastPeak=0.000000 calibAvg=0.026313 calibScale=0.920 baseParam=0.000180 gateRatio=0.0550 envParam=0.000450 onsetScale=0.300 retriggerScale=1.400 guard=0.060 guardRemain=0.000 activeAge=-1.000 retrigRemain=0.000 pitchHz=170.03 pitchCents=1253.9
2025-12-08 05:35:19 [tracker] [s1] aubio-raw t=7.7504 onset=0.991967 env=0.000411 peak=0.000700 gain=1.000
2025-12-08 05:35:19 [tracker] [s1] onset-below-gate t=7.7504 env=0.000411 gate=0.001447 envDelta=-0.001036 envFloor=0.022366 onset=0.991967 thresh=0.006000 onsetDelta=0.985967 baseline=0.026313 floor=0.026313 adapt=0.026313 lastPeak=0.000000 calibAvg=0.026313 calibScale=0.920 baseParam=0.000180 gateRatio=0.0550 envParam=0.000450 onsetScale=0.300 retriggerScale=1.400 guard=0.060 guardRemain=0.000 activeAge=-1.000 retrigRemain=0.000 pitchHz=166.45 pitchCents=1217.1
2025-12-08 05:35:19 [tracker] [s2] onset t=7.750 env=0.01879 gate=0.00169 envDelta=0.01710 envFloor=0.01436 onset=1.217 thresh=0.009 onsetDelta=1.20754 baseline=0.01690 adaptive=0.01690 lastPeak=0.01150 guard=0.060 activeAge=-1.000 pitch=146.70Hz pitchCents=498.5
2025-12-08 05:35:19 [tracker] [s2] note-start t=7.750 fret=5 midi=50 vel=0.23 env=0.01879
2025-12-08 05:35:19 [tracker] [s1] aubio-raw t=7.9398 onset=1.123428 env=0.000555 peak=0.000958 gain=1.000
2025-12-08 05:35:19 [tracker] [s1] onset-below-gate t=7.9398 env=0.000555 gate=0.001447 envDelta=-0.000892 envFloor=0.022366 onset=1.123428 thresh=0.006000 onsetDelta=1.117428 baseline=0.026313 floor=0.026313 adapt=0.026313 lastPeak=0.000000 calibAvg=0.026313 calibScale=0.920 baseParam=0.000180 gateRatio=0.0550 envParam=0.000450 onsetScale=0.300 retriggerScale=1.400 guard=0.060 guardRemain=0.000 activeAge=-1.000 retrigRemain=0.000 pitchHz=156.65 pitchCents=1112.0
2025-12-08 05:35:20 [tracker] [s1] aubio-raw t=8.2491 onset=0.994647 env=0.000271 peak=0.000687 gain=1.000
2025-12-08 05:35:20 [tracker] [s1] onset-below-gate t=8.2491 env=0.000271 gate=0.001447 envDelta=-0.001176 envFloor=0.022366 onset=0.994647 thresh=0.006000 onsetDelta=0.988647 baseline=0.026313 floor=0.026313 adapt=0.026313 lastPeak=0.000000 calibAvg=0.026313 calibScale=0.920 baseParam=0.000180 gateRatio=0.0550 envParam=0.000450 onsetScale=0.300 retriggerScale=1.400 guard=0.060 guardRemain=0.000 activeAge=-1.000 retrigRemain=0.000 pitchHz=159.77 pitchCents=1146.2
2025-12-08 05:35:20 [tracker] [s1] aubio-raw t=8.4304 onset=1.073373 env=0.000391 peak=0.000718 gain=1.000
2025-12-08 05:35:20 [tracker] [s1] onset-below-gate t=8.4304 env=0.000391 gate=0.001447 envDelta=-0.001056 envFloor=0.022366 onset=1.073373 thresh=0.006000 onsetDelta=1.067373 baseline=0.026313 floor=0.026313 adapt=0.026313 lastPeak=0.000000 calibAvg=0.026313 calibScale=0.920 baseParam=0.000180 gateRatio=0.0550 envParam=0.000450 onsetScale=0.300 retriggerScale=1.400 guard=0.060 guardRemain=0.000 activeAge=-1.000 retrigRemain=0.000 pitchHz=150.91 pitchCents=1047.4
2025-12-08 05:35:20 [tracker] [s2] release-quiet t=8.446 avgEnv=0.00982 floor=0.01005 quietFrames=8
2025-12-08 05:35:20 [tracker] [s2] note-ended t=8.446 fret=5 dur=0.696
2025-12-08 05:35:20 [tracker] [s1] aubio-raw t=8.7610 onset=0.995273 env=0.000168 peak=0.000614 gain=1.000
2025-12-08 05:35:20 [tracker] [s1] onset-below-gate t=8.7610 env=0.000168 gate=0.001447 envDelta=-0.001280 envFloor=0.022366 onset=0.995273 thresh=0.006000 onsetDelta=0.989273 baseline=0.026313 floor=0.026313 adapt=0.026313 lastPeak=0.000000 calibAvg=0.026313 calibScale=0.920 baseParam=0.000180 gateRatio=0.0550 envParam=0.000450 onsetScale=0.300 retriggerScale=1.400 guard=0.060 guardRemain=0.000 activeAge=-1.000 retrigRemain=0.000 pitchHz=166.64 pitchCents=1219.1
2025-12-08 05:35:20 [tracker] [s1] aubio-raw t=8.9157 onset=1.146376 env=0.000179 peak=0.000423 gain=1.000
2025-12-08 05:35:20 [tracker] [s1] onset-below-gate t=8.9157 env=0.000179 gate=0.001447 envDelta=-0.001268 envFloor=0.022366 onset=1.146376 thresh=0.006000 onsetDelta=1.140376 baseline=0.026313 floor=0.026313 adapt=0.026313 lastPeak=0.000000 calibAvg=0.026313 calibScale=0.920 baseParam=0.000180 gateRatio=0.0550 envParam=0.000450 onsetScale=0.300 retriggerScale=1.400 guard=0.060 guardRemain=0.000 activeAge=-1.000 retrigRemain=0.000 pitchHz=163.23 pitchCents=1183.2
2025-12-08 05:35:20 [tracker] [s1] aubio-raw t=8.9957 onset=1.205614 env=0.000157 peak=0.000372 gain=1.000
2025-12-08 05:35:20 [tracker] [s1] onset-below-gate t=8.9957 env=0.000157 gate=0.001447 envDelta=-0.001291 envFloor=0.022366 onset=1.205614 thresh=0.006000 onsetDelta=1.199614 baseline=0.026313 floor=0.026313 adapt=0.026313 lastPeak=0.000000 calibAvg=0.026313 calibScale=0.920 baseParam=0.000180 gateRatio=0.0550 envParam=0.000450 onsetScale=0.300 retriggerScale=1.400 guard=0.060 guardRemain=0.000 activeAge=-1.000 retrigRemain=0.000 pitchHz=166.62 pitchCents=1218.9
2025-12-08 05:35:20 [tracker] [s1] aubio-raw t=9.1557 onset=1.041504 env=0.000161 peak=0.000413 gain=1.000
2025-12-08 05:35:20 [tracker] [s1] onset-below-gate t=9.1557 env=0.000161 gate=0.001447 envDelta=-0.001286 envFloor=0.022366 onset=1.041504 thresh=0.006000 onsetDelta=1.035504 baseline=0.026313 floor=0.026313 adapt=0.026313 lastPeak=0.000000 calibAvg=0.026313 calibScale=0.920 baseParam=0.000180 gateRatio=0.0550 envParam=0.000450 onsetScale=0.300 retriggerScale=1.400 guard=0.060 guardRemain=0.000 activeAge=-1.000 retrigRemain=0.000 pitchHz=145.46 pitchCents=983.7
2025-12-08 05:35:21 [tracker] [s1] aubio-raw t=9.2890 onset=1.205738 env=0.000250 peak=0.000513 gain=1.000
2025-12-08 05:35:21 [tracker] [s1] onset-below-gate t=9.2890 env=0.000250 gate=0.001447 envDelta=-0.001198 envFloor=0.022366 onset=1.205738 thresh=0.006000 onsetDelta=1.199738 baseline=0.026313 floor=0.026313 adapt=0.026313 lastPeak=0.000000 calibAvg=0.026313 calibScale=0.920 baseParam=0.000180 gateRatio=0.0550 envParam=0.000450 onsetScale=0.300 retriggerScale=1.400 guard=0.060 guardRemain=0.000 activeAge=-1.000 retrigRemain=0.000 pitchHz=142.85 pitchCents=952.4
2025-12-08 05:35:21 [tracker] [s1] aubio-raw t=9.7503 onset=0.987588 env=0.000105 peak=0.000253 gain=1.000
2025-12-08 05:35:21 [tracker] [s1] onset-below-gate t=9.7503 env=0.000105 gate=0.001447 envDelta=-0.001342 envFloor=0.022366 onset=0.987588 thresh=0.006000 onsetDelta=0.981588 baseline=0.026313 floor=0.026313 adapt=0.026313 lastPeak=0.000000 calibAvg=0.026313 calibScale=0.920 baseParam=0.000180 gateRatio=0.0550 envParam=0.000450 onsetScale=0.300 retriggerScale=1.400 guard=0.060 guardRemain=0.000 activeAge=-1.000 retrigRemain=0.000 pitchHz=108.11 pitchCents=469.9
2025-12-08 05:35:22 [tracker] [s1] aubio-raw t=10.1956 onset=0.995829 env=0.000097 peak=0.000227 gain=1.000
2025-12-08 05:35:22 [tracker] [s1] onset-below-gate t=10.1956 env=0.000097 gate=0.001447 envDelta=-0.001351 envFloor=0.022366 onset=0.995829 thresh=0.006000 onsetDelta=0.989829 baseline=0.026313 floor=0.026313 adapt=0.026313 lastPeak=0.000000 calibAvg=0.026313 calibScale=0.920 baseParam=0.000180 gateRatio=0.0550 envParam=0.000450 onsetScale=0.300 retriggerScale=1.400 guard=0.060 guardRemain=0.000 activeAge=-1.000 retrigRemain=0.000 pitchHz=-1.00 pitchCents=0.0
2025-12-08 05:35:22 [tracker] [s2] onset t=10.380 env=0.05895 gate=0.00258 envDelta=0.05637 envFloor=0.01804 onset=1.156 thresh=0.009 onsetDelta=1.14705 baseline=0.02576 adaptive=0.02576 lastPeak=0.00013 guard=0.060 activeAge=-1.000 pitch=147.18Hz pitchCents=504.1
2025-12-08 05:35:22 [tracker] [s2] note-start t=10.380 fret=5 midi=50 vel=0.71 env=0.05895
2025-12-08 05:35:22 [tracker] [s1] aubio-raw t=10.4862 onset=1.082052 env=0.000297 peak=0.000588 gain=1.000
2025-12-08 05:35:22 [tracker] [s1] onset-below-gate t=10.4862 env=0.000297 gate=0.001447 envDelta=-0.001151 envFloor=0.022366 onset=1.082052 thresh=0.006000 onsetDelta=1.076052 baseline=0.026313 floor=0.026313 adapt=0.026313 lastPeak=0.000000 calibAvg=0.026313 calibScale=0.920 baseParam=0.000180 gateRatio=0.0550 envParam=0.000450 onsetScale=0.300 retriggerScale=1.400 guard=0.060 guardRemain=0.000 activeAge=-1.000 retrigRemain=0.000 pitchHz=146.80 pitchCents=999.6
2025-12-08 05:35:22 [tracker] [s2] release-retrigger t=10.492 onset=1.070 gate=0.028 age=0.112
2025-12-08 05:35:22 [tracker] [s2] note-ended t=10.492 fret=5 dur=0.112
2025-12-08 05:35:22 [tracker] [s1] aubio-raw t=10.5449 onset=0.615268 env=0.001058 peak=0.001632 gain=1.000
2025-12-08 05:35:22 [tracker] [s1] onset-below-gate t=10.5449 env=0.001058 gate=0.001447 envDelta=-0.000389 envFloor=0.022366 onset=0.615268 thresh=0.006000 onsetDelta=0.609268 baseline=0.026313 floor=0.026313 adapt=0.026313 lastPeak=0.000000 calibAvg=0.026313 calibScale=0.920 baseParam=0.000180 gateRatio=0.0550 envParam=0.000450 onsetScale=0.300 retriggerScale=1.400 guard=0.060 guardRemain=0.000 activeAge=-1.000 retrigRemain=0.000 pitchHz=148.06 pitchCents=1014.4
2025-12-08 05:35:22 [tracker] [s1] aubio-raw t=10.6996 onset=1.071324 env=0.000753 peak=0.001167 gain=1.000
2025-12-08 05:35:22 [tracker] [s1] onset-below-gate t=10.6996 env=0.000753 gate=0.001447 envDelta=-0.000695 envFloor=0.022366 onset=1.071324 thresh=0.006000 onsetDelta=1.065323 baseline=0.026313 floor=0.026313 adapt=0.026313 lastPeak=0.000000 calibAvg=0.026313 calibScale=0.920 baseParam=0.000180 gateRatio=0.0550 envParam=0.000450 onsetScale=0.300 retriggerScale=1.400 guard=0.060 guardRemain=0.000 activeAge=-1.000 retrigRemain=0.000 pitchHz=166.40 pitchCents=1216.5
2025-12-08 05:35:22 [tracker] [s2] onset t=10.758 env=0.01626 gate=0.00260 envDelta=0.01365 envFloor=0.01436 onset=1.000 thresh=0.009 onsetDelta=0.99079 baseline=0.02604 adaptive=0.01690 lastPeak=0.02893 guard=0.060 activeAge=-1.000 pitch=146.91Hz pitchCents=500.9
2025-12-08 05:35:22 [tracker] [s2] note-start t=10.758 fret=5 midi=50 vel=0.20 env=0.01626
2025-12-08 05:35:22 [tracker] [s1] aubio-raw t=10.8569 onset=1.384706 env=0.000447 peak=0.000691 gain=1.000
2025-12-08 05:35:22 [tracker] [s1] onset-below-gate t=10.8569 env=0.000447 gate=0.001447 envDelta=-0.001001 envFloor=0.022366 onset=1.384706 thresh=0.006000 onsetDelta=1.378706 baseline=0.026313 floor=0.026313 adapt=0.026313 lastPeak=0.000000 calibAvg=0.026313 calibScale=0.920 baseParam=0.000180 gateRatio=0.0550 envParam=0.000450 onsetScale=0.300 retriggerScale=1.400 guard=0.060 guardRemain=0.000 activeAge=-1.000 retrigRemain=0.000 pitchHz=153.60 pitchCents=1078.1
2025-12-08 05:35:22 [tracker] [s2] onset t=11.025 env=0.01849 gate=0.00169 envDelta=0.01680 envFloor=0.01436 onset=1.004 thresh=0.009 onsetDelta=0.99479 baseline=0.01690 adaptive=0.01690 lastPeak=0.00985 guard=0.060 activeAge=0.267 pitch=146.81Hz pitchCents=499.7
2025-12-08 05:35:22 [tracker] [s2] note-ended (new onset) t=11.025 fret=5 dur=0.267
2025-12-08 05:35:22 [tracker] [s2] note-start t=11.025 fret=5 midi=50 vel=0.22 env=0.01849
2025-12-08 05:35:22 [tracker] [s1] aubio-raw t=11.0569 onset=0.523585 env=0.000724 peak=0.001131 gain=1.000
2025-12-08 05:35:22 [tracker] [s1] onset-below-gate t=11.0569 env=0.000724 gate=0.001447 envDelta=-0.000723 envFloor=0.022366 onset=0.523585 thresh=0.006000 onsetDelta=0.517585 baseline=0.026313 floor=0.026313 adapt=0.026313 lastPeak=0.000000 calibAvg=0.026313 calibScale=0.920 baseParam=0.000180 gateRatio=0.0550 envParam=0.000450 onsetScale=0.300 retriggerScale=1.400 guard=0.060 guardRemain=0.000 activeAge=-1.000 retrigRemain=0.000 pitchHz=162.99 pitchCents=1180.7
2025-12-08 05:35:22 [tracker] [s1] aubio-raw t=11.1742 onset=1.097327 env=0.000582 peak=0.001059 gain=1.000
2025-12-08 05:35:22 [tracker] [s1] onset-below-gate t=11.1742 env=0.000582 gate=0.001447 envDelta=-0.000865 envFloor=0.022366 onset=1.097327 thresh=0.006000 onsetDelta=1.091327 baseline=0.026313 floor=0.026313 adapt=0.026313 lastPeak=0.000000 calibAvg=0.026313 calibScale=0.920 baseParam=0.000180 gateRatio=0.0550 envParam=0.000450 onsetScale=0.300 retriggerScale=1.400 guard=0.060 guardRemain=0.000 activeAge=-1.000 retrigRemain=0.000 pitchHz=153.63 pitchCents=1078.4
2025-12-08 05:35:23 [tracker] [s1] aubio-raw t=11.2889 onset=0.995673 env=0.000536 peak=0.000840 gain=1.000
2025-12-08 05:35:23 [tracker] [s1] onset-below-gate t=11.2889 env=0.000536 gate=0.001447 envDelta=-0.000911 envFloor=0.022366 onset=0.995673 thresh=0.006000 onsetDelta=0.989673 baseline=0.026313 floor=0.026313 adapt=0.026313 lastPeak=0.000000 calibAvg=0.026313 calibScale=0.920 baseParam=0.000180 gateRatio=0.0550 envParam=0.000450 onsetScale=0.300 retriggerScale=1.400 guard=0.060 guardRemain=0.000 activeAge=-1.000 retrigRemain=0.000 pitchHz=153.65 pitchCents=1078.6
2025-12-08 05:35:23 [tracker] [s2] release-retrigger t=11.321 onset=1.354 gate=0.018 age=0.296
2025-12-08 05:35:23 [tracker] [s2] note-ended t=11.321 fret=5 dur=0.296
2025-12-08 05:35:23 [tracker] [s1] aubio-raw t=11.3848 onset=1.361560 env=0.000465 peak=0.000809 gain=1.000
2025-12-08 05:35:23 [tracker] [s1] onset-below-gate t=11.3848 env=0.000465 gate=0.001447 envDelta=-0.000982 envFloor=0.022366 onset=1.361560 thresh=0.006000 onsetDelta=1.355559 baseline=0.026313 floor=0.026313 adapt=0.026313 lastPeak=0.000000 calibAvg=0.026313 calibScale=0.920 baseParam=0.000180 gateRatio=0.0550 envParam=0.000450 onsetScale=0.300 retriggerScale=1.400 guard=0.060 guardRemain=0.000 activeAge=-1.000 retrigRemain=0.000 pitchHz=163.09 pitchCents=1181.8
2025-12-08 05:35:23 [tracker] [s1] aubio-raw t=11.5822 onset=1.119025 env=0.000341 peak=0.000600 gain=1.000
2025-12-08 05:35:23 [tracker] [s1] onset-below-gate t=11.5822 env=0.000341 gate=0.001447 envDelta=-0.001106 envFloor=0.022366 onset=1.119025 thresh=0.006000 onsetDelta=1.113025 baseline=0.026313 floor=0.026313 adapt=0.026313 lastPeak=0.000000 calibAvg=0.026313 calibScale=0.920 baseParam=0.000180 gateRatio=0.0550 envParam=0.000450 onsetScale=0.300 retriggerScale=1.400 guard=0.060 guardRemain=0.000 activeAge=-1.000 retrigRemain=0.000 pitchHz=159.89 pitchCents=1147.5
2025-12-08 05:35:23 [tracker] [s1] aubio-raw t=11.7502 onset=0.996434 env=0.000371 peak=0.000672 gain=1.000
2025-12-08 05:35:23 [tracker] [s1] onset-below-gate t=11.7502 env=0.000371 gate=0.001447 envDelta=-0.001076 envFloor=0.022366 onset=0.996434 thresh=0.006000 onsetDelta=0.990434 baseline=0.026313 floor=0.026313 adapt=0.026313 lastPeak=0.000000 calibAvg=0.026313 calibScale=0.920 baseParam=0.000180 gateRatio=0.0550 envParam=0.000450 onsetScale=0.300 retriggerScale=1.400 guard=0.060 guardRemain=0.000 activeAge=-1.000 retrigRemain=0.000 pitchHz=156.84 pitchCents=1114.1
2025-12-08 05:35:23 [tracker] [s1] aubio-raw t=11.9955 onset=1.235777 env=0.000319 peak=0.000548 gain=1.000
2025-12-08 05:35:23 [tracker] [s1] onset-below-gate t=11.9955 env=0.000319 gate=0.001447 envDelta=-0.001128 envFloor=0.022366 onset=1.235777 thresh=0.006000 onsetDelta=1.229777 baseline=0.026313 floor=0.026313 adapt=0.026313 lastPeak=0.000000 calibAvg=0.026313 calibScale=0.920 baseParam=0.000180 gateRatio=0.0550 envParam=0.000450 onsetScale=0.300 retriggerScale=1.400 guard=0.060 guardRemain=0.000 activeAge=-1.000 retrigRemain=0.000 pitchHz=159.92 pitchCents=1147.8
2025-12-08 05:35:24 [tracker] [s1] aubio-raw t=12.2248 onset=1.036512 env=0.000124 peak=0.000320 gain=1.000
2025-12-08 05:35:24 [tracker] [s1] onset-below-gate t=12.2248 env=0.000124 gate=0.001447 envDelta=-0.001323 envFloor=0.022366 onset=1.036512 thresh=0.006000 onsetDelta=1.030512 baseline=0.026313 floor=0.026313 adapt=0.026313 lastPeak=0.000000 calibAvg=0.026313 calibScale=0.920 baseParam=0.000180 gateRatio=0.0550 envParam=0.000450 onsetScale=0.300 retriggerScale=1.400 guard=0.060 guardRemain=0.000 activeAge=-1.000 retrigRemain=0.000 pitchHz=156.82 pitchCents=1114.0
2025-12-08 05:35:24 [tracker] [s1] aubio-raw t=12.6808 onset=0.989507 env=0.000181 peak=0.000387 gain=1.000
2025-12-08 05:35:24 [tracker] [s1] onset-below-gate t=12.6808 env=0.000181 gate=0.001447 envDelta=-0.001266 envFloor=0.022366 onset=0.989507 thresh=0.006000 onsetDelta=0.983507 baseline=0.026313 floor=0.026313 adapt=0.026313 lastPeak=0.000000 calibAvg=0.026313 calibScale=0.920 baseParam=0.000180 gateRatio=0.0550 envParam=0.000450 onsetScale=0.300 retriggerScale=1.400 guard=0.060 guardRemain=0.000 activeAge=-1.000 retrigRemain=0.000 pitchHz=-1.00 pitchCents=0.0
2025-12-08 05:35:25 [tracker] [s1] aubio-raw t=13.3820 onset=0.959759 env=0.000138 peak=0.000328 gain=1.000
2025-12-08 05:35:25 [tracker] [s1] onset-below-gate t=13.3820 env=0.000138 gate=0.001447 envDelta=-0.001309 envFloor=0.022366 onset=0.959759 thresh=0.006000 onsetDelta=0.953759 baseline=0.026313 floor=0.026313 adapt=0.026313 lastPeak=0.000000 calibAvg=0.026313 calibScale=0.920 baseParam=0.000180 gateRatio=0.0550 envParam=0.000450 onsetScale=0.300 retriggerScale=1.400 guard=0.060 guardRemain=0.000 activeAge=-1.000 retrigRemain=0.000 pitchHz=200.01 pitchCents=1535.1
2025-12-08 05:35:25 [tracker] [s1] aubio-raw t=13.5234 onset=1.200713 env=0.000109 peak=0.000223 gain=1.000
2025-12-08 05:35:25 [tracker] [s1] onset-below-gate t=13.5234 env=0.000109 gate=0.001447 envDelta=-0.001338 envFloor=0.022366 onset=1.200713 thresh=0.006000 onsetDelta=1.194713 baseline=0.026313 floor=0.026313 adapt=0.026313 lastPeak=0.000000 calibAvg=0.026313 calibScale=0.920 baseParam=0.000180 gateRatio=0.0550 envParam=0.000450 onsetScale=0.300 retriggerScale=1.400 guard=0.060 guardRemain=0.000 activeAge=-1.000 retrigRemain=0.000 pitchHz=470.65 pitchCents=3016.6
2025-12-08 05:35:25 [tracker] [s1] aubio-raw t=13.6433 onset=1.091601 env=0.000113 peak=0.000384 gain=1.000
2025-12-08 05:35:25 [tracker] [s1] onset-below-gate t=13.6433 env=0.000113 gate=0.001447 envDelta=-0.001334 envFloor=0.022366 onset=1.091601 thresh=0.006000 onsetDelta=1.085601 baseline=0.026313 floor=0.026313 adapt=0.026313 lastPeak=0.000000 calibAvg=0.026313 calibScale=0.920 baseParam=0.000180 gateRatio=0.0550 envParam=0.000450 onsetScale=0.300 retriggerScale=1.400 guard=0.060 guardRemain=0.000 activeAge=-1.000 retrigRemain=0.000 pitchHz=285.70 pitchCents=2152.4
2025-12-08 05:35:26 [tracker] [s1] aubio-raw t=14.9979 onset=1.223063 env=0.000113 peak=0.000307 gain=1.000
2025-12-08 05:35:26 [tracker] [s1] onset-below-gate t=14.9979 env=0.000113 gate=0.001447 envDelta=-0.001334 envFloor=0.022366 onset=1.223063 thresh=0.006000 onsetDelta=1.217062 baseline=0.026313 floor=0.026313 adapt=0.026313 lastPeak=0.000000 calibAvg=0.026313 calibScale=0.920 baseParam=0.000180 gateRatio=0.0550 envParam=0.000450 onsetScale=0.300 retriggerScale=1.400 guard=0.060 guardRemain=0.000 activeAge=-1.000 retrigRemain=0.000 pitchHz=400.02 pitchCents=2735.1
2025-12-08 05:35:26 [tracker] [s1] aubio-raw t=15.0646 onset=1.123685 env=0.000104 peak=0.000304 gain=1.000
2025-12-08 05:35:26 [tracker] [s1] onset-below-gate t=15.0646 env=0.000104 gate=0.001447 envDelta=-0.001344 envFloor=0.022366 onset=1.123685 thresh=0.006000 onsetDelta=1.117685 baseline=0.026313 floor=0.026313 adapt=0.026313 lastPeak=0.000000 calibAvg=0.026313 calibScale=0.920 baseParam=0.000180 gateRatio=0.0550 envParam=0.000450 onsetScale=0.300 retriggerScale=1.400 guard=0.060 guardRemain=0.000 activeAge=-1.000 retrigRemain=0.000 pitchHz=166.65 pitchCents=1219.2
2025-12-08 05:35:27 [tracker] [s1] aubio-raw t=15.1979 onset=0.817671 env=0.000106 peak=0.000281 gain=1.000
2025-12-08 05:35:27 [tracker] [s1] onset-below-gate t=15.1979 env=0.000106 gate=0.001447 envDelta=-0.001341 envFloor=0.022366 onset=0.817671 thresh=0.006000 onsetDelta=0.811671 baseline=0.026313 floor=0.026313 adapt=0.026313 lastPeak=0.000000 calibAvg=0.026313 calibScale=0.920 baseParam=0.000180 gateRatio=0.0550 envParam=0.000450 onsetScale=0.300 retriggerScale=1.400 guard=0.060 guardRemain=0.000 activeAge=-1.000 retrigRemain=0.000 pitchHz=94.12 pitchCents=230.0
2025-12-08 05:35:27 [tracker] [s1] aubio-raw t=15.3579 onset=0.992723 env=0.000109 peak=0.000254 gain=1.000
2025-12-08 05:35:27 [tracker] [s1] onset-below-gate t=15.3579 env=0.000109 gate=0.001447 envDelta=-0.001339 envFloor=0.022366 onset=0.992723 thresh=0.006000 onsetDelta=0.986723 baseline=0.026313 floor=0.026313 adapt=0.026313 lastPeak=0.000000 calibAvg=0.026313 calibScale=0.920 baseParam=0.000180 gateRatio=0.0550 envParam=0.000450 onsetScale=0.300 retriggerScale=1.400 guard=0.060 guardRemain=0.000 activeAge=-1.000 retrigRemain=0.000 pitchHz=666.63 pitchCents=3619.3
2025-12-08 05:35:27 [tracker] [s1] aubio-raw t=15.5045 onset=0.848948 env=0.000085 peak=0.000253 gain=1.000
2025-12-08 05:35:27 [tracker] [s1] onset-below-gate t=15.5045 env=0.000085 gate=0.001447 envDelta=-0.001362 envFloor=0.022366 onset=0.848948 thresh=0.006000 onsetDelta=0.842948 baseline=0.026313 floor=0.026313 adapt=0.026313 lastPeak=0.000000 calibAvg=0.026313 calibScale=0.920 baseParam=0.000180 gateRatio=0.0550 envParam=0.000450 onsetScale=0.300 retriggerScale=1.400 guard=0.060 guardRemain=0.000 activeAge=-1.000 retrigRemain=0.000 pitchHz=-1.00 pitchCents=0.0
2025-12-08 05:35:27 [tracker] [s1] aubio-raw t=15.6592 onset=1.000285 env=0.000113 peak=0.000276 gain=1.000
2025-12-08 05:35:27 [tracker] [s1] onset-below-gate t=15.6592 env=0.000113 gate=0.001447 envDelta=-0.001334 envFloor=0.022366 onset=1.000285 thresh=0.006000 onsetDelta=0.994285 baseline=0.026313 floor=0.026313 adapt=0.026313 lastPeak=0.000000 calibAvg=0.026313 calibScale=0.920 baseParam=0.000180 gateRatio=0.0550 envParam=0.000450 onsetScale=0.300 retriggerScale=1.400 guard=0.060 guardRemain=0.000 activeAge=-1.000 retrigRemain=0.000 pitchHz=400.01 pitchCents=2735.0
2025-12-08 05:35:27 [tracker] [s1] aubio-raw t=15.7579 onset=1.429276 env=0.000109 peak=0.000274 gain=1.000
2025-12-08 05:35:27 [tracker] [s1] onset-below-gate t=15.7579 env=0.000109 gate=0.001447 envDelta=-0.001338 envFloor=0.022366 onset=1.429276 thresh=0.006000 onsetDelta=1.423276 baseline=0.026313 floor=0.026313 adapt=0.026313 lastPeak=0.000000 calibAvg=0.026313 calibScale=0.920 baseParam=0.000180 gateRatio=0.0550 envParam=0.000450 onsetScale=0.300 retriggerScale=1.400 guard=0.060 guardRemain=0.000 activeAge=-1.000 retrigRemain=0.000 pitchHz=133.33 pitchCents=833.0
2025-12-08 05:35:27 [tracker] [s1] aubio-raw t=15.9658 onset=1.205517 env=0.000104 peak=0.000342 gain=1.000
2025-12-08 05:35:27 [tracker] [s1] onset-below-gate t=15.9658 env=0.000104 gate=0.001447 envDelta=-0.001343 envFloor=0.022366 onset=1.205517 thresh=0.006000 onsetDelta=1.199517 baseline=0.026313 floor=0.026313 adapt=0.026313 lastPeak=0.000000 calibAvg=0.026313 calibScale=0.920 baseParam=0.000180 gateRatio=0.0550 envParam=0.000450 onsetScale=0.300 retriggerScale=1.400 guard=0.060 guardRemain=0.000 activeAge=-1.000 retrigRemain=0.000 pitchHz=-1.00 pitchCents=0.0
2025-12-08 05:35:27 [tracker] [s1] aubio-raw t=16.1312 onset=0.698933 env=0.000139 peak=0.000412 gain=1.000
2025-12-08 05:35:27 [tracker] [s1] onset-below-gate t=16.1312 env=0.000139 gate=0.001447 envDelta=-0.001308 envFloor=0.022366 onset=0.698933 thresh=0.006000 onsetDelta=0.692933 baseline=0.026313 floor=0.026313 adapt=0.026313 lastPeak=0.000000 calibAvg=0.026313 calibScale=0.920 baseParam=0.000180 gateRatio=0.0550 envParam=0.000450 onsetScale=0.300 retriggerScale=1.400 guard=0.060 guardRemain=0.000 activeAge=-1.000 retrigRemain=0.000 pitchHz=190.47 pitchCents=1450.4
2025-12-08 05:35:28 [tracker] [s1] aubio-raw t=16.1952 onset=0.997800 env=0.000107 peak=0.000304 gain=1.000
2025-12-08 05:35:28 [tracker] [s1] onset-below-gate t=16.1952 env=0.000107 gate=0.001447 envDelta=-0.001340 envFloor=0.022366 onset=0.997800 thresh=0.006000 onsetDelta=0.991800 baseline=0.026313 floor=0.026313 adapt=0.026313 lastPeak=0.000000 calibAvg=0.026313 calibScale=0.920 baseParam=0.000180 gateRatio=0.0550 envParam=0.000450 onsetScale=0.300 retriggerScale=1.400 guard=0.060 guardRemain=0.000 activeAge=-1.000 retrigRemain=0.000 pitchHz=106.67 pitchCents=446.7
2025-12-08 05:35:28 [tracker] [s1] aubio-raw t=16.3978 onset=0.915091 env=0.000103 peak=0.000291 gain=1.000
2025-12-08 05:35:28 [tracker] [s1] onset-below-gate t=16.3978 env=0.000103 gate=0.001447 envDelta=-0.001344 envFloor=0.022366 onset=0.915091 thresh=0.006000 onsetDelta=0.909091 baseline=0.026313 floor=0.026313 adapt=0.026313 lastPeak=0.000000 calibAvg=0.026313 calibScale=0.920 baseParam=0.000180 gateRatio=0.0550 envParam=0.000450 onsetScale=0.300 retriggerScale=1.400 guard=0.060 guardRemain=0.000 activeAge=-1.000 retrigRemain=0.000 pitchHz=96.38 pitchCents=271.2
2025-12-08 05:35:28 [sessionwavs] wrote 6 wav files to /home/general/SignalAssistant/logs/sessionwavs/session-20251208-053511 (shutdown)
