# SignalAssistant session log
# Started at 2025-12-14 05:05:28
2025-12-14 05:05:28 [session] mode=live session='' path='' duration=0.00 files=0
2025-12-14 05:05:28 [tracker-settings] TrackerConfig onsetThreshold=0.02000 minNoteDurSec=0.045 hopSec=0.010 slideDelta=120.0 bendDelta=35.0
2025-12-14 05:05:28 [tracker-settings] string1 midi=40 lowCut=37.08Hz highCut=445.00Hz baseline=0.000180 gateRatio=0.05500 envFloor=0.000450 sustainScale=0.580 retriggerScale=1.400 peakRelease=0.120 pitchTol=0.400 onsetScale=0.006
2025-12-14 05:05:28 [tracker-settings] string2 midi=45 lowCut=55.00Hz highCut=563.20Hz baseline=0.000220 gateRatio=0.10000 envFloor=0.000550 sustainScale=0.700 retriggerScale=1.250 peakRelease=0.130 pitchTol=0.400 onsetScale=0.009
2025-12-14 05:05:28 [tracker-settings] string3 midi=50 lowCut=85.16Hz highCut=693.05Hz baseline=0.000260 gateRatio=0.13000 envFloor=0.000650 sustainScale=0.820 retriggerScale=1.100 peakRelease=0.140 pitchTol=0.450 onsetScale=0.012
2025-12-14 05:05:28 [tracker-settings] string4 midi=55 lowCut=127.40Hz highCut=862.39Hz baseline=0.000320 gateRatio=0.17000 envFloor=0.000780 sustainScale=1.000 retriggerScale=1.000 peakRelease=0.160 pitchTol=0.440 onsetScale=0.014
2025-12-14 05:05:28 [tracker-settings] string5 midi=59 lowCut=160.51Hz highCut=1086.54Hz baseline=0.000370 gateRatio=0.21000 envFloor=0.000900 sustainScale=1.000 retriggerScale=1.000 peakRelease=0.180 pitchTol=0.500 onsetScale=0.016
2025-12-14 05:05:28 [tracker-settings] string6 midi=64 lowCut=214.26Hz highCut=1450.36Hz baseline=0.000420 gateRatio=0.25000 envFloor=0.001050 sustainScale=1.000 retriggerScale=1.000 peakRelease=0.200 pitchTol=0.550 onsetScale=0.018
2025-12-14 05:05:28 [tracker] [s1] refreshCalib: targetRms=0.25000 mult=5.000 calValid=0 avgRms=0.00100 gen=1 (applied in HexJackClient)
2025-12-14 05:05:28 [tracker] [s1] refreshCalib: targetRms=0.25000 mult=5.000 calValid=0 avgRms=0.00100 gen=1 (applied in HexJackClient)
2025-12-14 05:05:28 [tracker] [s1] calibration reset target=0.02000 gain=1.000
2025-12-14 05:05:28 [tracker] [s2] refreshCalib: targetRms=0.25000 mult=5.000 calValid=0 avgRms=0.00100 gen=1 (applied in HexJackClient)
2025-12-14 05:05:28 [tracker] [s2] refreshCalib: targetRms=0.25000 mult=5.000 calValid=0 avgRms=0.00100 gen=1 (applied in HexJackClient)
2025-12-14 05:05:28 [tracker] [s2] calibration reset target=0.02000 gain=1.000
2025-12-14 05:05:28 [tracker] [s3] refreshCalib: targetRms=0.25000 mult=5.000 calValid=0 avgRms=0.00100 gen=1 (applied in HexJackClient)
2025-12-14 05:05:28 [tracker] [s3] refreshCalib: targetRms=0.25000 mult=5.000 calValid=0 avgRms=0.00100 gen=1 (applied in HexJackClient)
2025-12-14 05:05:28 [tracker] [s3] calibration reset target=0.02000 gain=1.000
2025-12-14 05:05:28 [tracker] [s4] refreshCalib: targetRms=0.25000 mult=5.000 calValid=0 avgRms=0.00100 gen=1 (applied in HexJackClient)
2025-12-14 05:05:28 [tracker] [s4] refreshCalib: targetRms=0.25000 mult=5.000 calValid=0 avgRms=0.00100 gen=1 (applied in HexJackClient)
2025-12-14 05:05:28 [tracker] [s4] calibration reset target=0.02000 gain=1.000
2025-12-14 05:05:28 [tracker] [s5] refreshCalib: targetRms=0.25000 mult=5.000 calValid=0 avgRms=0.00100 gen=1 (applied in HexJackClient)
2025-12-14 05:05:28 [tracker] [s5] refreshCalib: targetRms=0.25000 mult=5.000 calValid=0 avgRms=0.00100 gen=1 (applied in HexJackClient)
2025-12-14 05:05:28 [tracker] [s5] calibration reset target=0.02000 gain=1.000
2025-12-14 05:05:28 [tracker] [s6] refreshCalib: targetRms=0.25000 mult=5.000 calValid=0 avgRms=0.00100 gen=1 (applied in HexJackClient)
2025-12-14 05:05:28 [tracker] [s6] refreshCalib: targetRms=0.25000 mult=5.000 calValid=0 avgRms=0.00100 gen=1 (applied in HexJackClient)
2025-12-14 05:05:28 [tracker] [s6] calibration reset target=0.02000 gain=1.000
2025-12-14 05:05:28 [calibration] Loading calibration profile multipliers into parameters
2025-12-14 05:05:28 [calibration] String 1: setting multiplier to 6.317
2025-12-14 05:05:28 [calibration] String 2: setting multiplier to 8.000
2025-12-14 05:05:28 [calibration] String 3: setting multiplier to 8.000
2025-12-14 05:05:28 [calibration] String 4: setting multiplier to 8.000
2025-12-14 05:05:28 [calibration] String 5: setting multiplier to 8.000
2025-12-14 05:05:28 [calibration] String 6: setting multiplier to 8.000
2025-12-14 05:05:28 [tracker] [s1] refreshCalib: targetRms=0.25000 mult=6.317 calValid=1 avgRms=0.03970 gen=7 (applied in HexJackClient)
2025-12-14 05:05:28 [tracker] [s1] calibration avg=0.03970 target=0.02000 gain=1.000
2025-12-14 05:05:28 [tracker] [s2] refreshCalib: targetRms=0.25000 mult=8.000 calValid=1 avgRms=0.01940 gen=7 (applied in HexJackClient)
2025-12-14 05:05:28 [tracker] [s2] calibration avg=0.01940 target=0.02000 gain=1.000
2025-12-14 05:05:28 [tracker] [s3] refreshCalib: targetRms=0.25000 mult=8.000 calValid=1 avgRms=0.01411 gen=7 (applied in HexJackClient)
2025-12-14 05:05:28 [tracker] [s3] calibration avg=0.01411 target=0.02000 gain=1.000
2025-12-14 05:05:28 [tracker] [s4] refreshCalib: targetRms=0.25000 mult=8.000 calValid=1 avgRms=0.03018 gen=7 (applied in HexJackClient)
2025-12-14 05:05:28 [tracker] [s4] calibration avg=0.03018 target=0.02000 gain=1.000
2025-12-14 05:05:28 [tracker] [s5] refreshCalib: targetRms=0.25000 mult=8.000 calValid=1 avgRms=0.02970 gen=7 (applied in HexJackClient)
2025-12-14 05:05:28 [tracker] [s5] calibration avg=0.02970 target=0.02000 gain=1.000
2025-12-14 05:05:28 [tracker] [s6] refreshCalib: targetRms=0.25000 mult=8.000 calValid=1 avgRms=0.02331 gen=7 (applied in HexJackClient)
2025-12-14 05:05:28 [tracker] [s6] calibration avg=0.02331 target=0.02000 gain=1.000
2025-12-14 05:05:28 [tracker] [s1] refreshCalib: targetRms=0.00166 mult=1.000 calValid=1 avgRms=0.03970 gen=8 (applied in HexJackClient)
2025-12-14 05:05:28 [tracker] [s1] configure sr=48000.0 hop=128 fft=1024 low=37.1 high=445.0
2025-12-14 05:05:28 [tracker] [s2] refreshCalib: targetRms=0.00090 mult=1.000 calValid=1 avgRms=0.01940 gen=8 (applied in HexJackClient)
2025-12-14 05:05:28 [tracker] [s2] configure sr=48000.0 hop=128 fft=1024 low=55.0 high=563.2
2025-12-14 05:05:28 [tracker] [s2] params baseline=0.000220 gate=0.0100 envFloor=0.000100 sustain=1.500 retrigger=1.250 peakRelease=0.130 pitchTol=0.400 onsetScale=0.009 aubioScale=1.35 aubioThresh=0.027 onsetSilence=-85.0 pitchSilence=-90.0
2025-12-14 05:05:28 [tracker] [s3] refreshCalib: targetRms=0.00175 mult=1.000 calValid=1 avgRms=0.01411 gen=8 (applied in HexJackClient)
2025-12-14 05:05:28 [tracker] [s3] configure sr=48000.0 hop=128 fft=1024 low=85.2 high=693.0
2025-12-14 05:05:28 [tracker] [s3] params baseline=0.000260 gate=0.1300 envFloor=0.000650 sustain=0.820 retrigger=1.100 peakRelease=0.140 pitchTol=0.450 onsetScale=0.012 aubioScale=1.60 aubioThresh=0.032 onsetSilence=-75.0 pitchSilence=-80.0
2025-12-14 05:05:28 [tracker] [s4] refreshCalib: targetRms=0.00184 mult=1.000 calValid=1 avgRms=0.03018 gen=8 (applied in HexJackClient)
2025-12-14 05:05:28 [tracker] [s4] configure sr=48000.0 hop=128 fft=1024 low=127.4 high=862.4
2025-12-14 05:05:28 [tracker] [s4] params baseline=0.000320 gate=0.1700 envFloor=0.000780 sustain=1.000 retrigger=1.000 peakRelease=0.160 pitchTol=0.440 onsetScale=0.014 aubioScale=1.80 aubioThresh=0.036 onsetSilence=-75.0 pitchSilence=-80.0
2025-12-14 05:05:28 [tracker] [s5] refreshCalib: targetRms=0.00193 mult=1.000 calValid=1 avgRms=0.02970 gen=8 (applied in HexJackClient)
2025-12-14 05:05:28 [tracker] [s5] configure sr=48000.0 hop=128 fft=512 low=160.5 high=1086.5
2025-12-14 05:05:28 [tracker] [s5] params baseline=0.000370 gate=0.2100 envFloor=0.000900 sustain=1.000 retrigger=1.000 peakRelease=0.180 pitchTol=0.500 onsetScale=0.016 aubioScale=1.80 aubioThresh=0.036 onsetSilence=-75.0 pitchSilence=-80.0
2025-12-14 05:05:28 [tracker] [s6] refreshCalib: targetRms=0.00198 mult=1.000 calValid=1 avgRms=0.02331 gen=8 (applied in HexJackClient)
2025-12-14 05:05:28 [tracker] [s6] configure sr=48000.0 hop=128 fft=512 low=214.3 high=1450.4
2025-12-14 05:05:28 [tracker] [s6] params baseline=0.000420 gate=0.2500 envFloor=0.001050 sustain=1.000 retrigger=1.000 peakRelease=0.200 pitchTol=0.550 onsetScale=0.018 aubioScale=1.80 aubioThresh=0.036 onsetSilence=-75.0 pitchSilence=-80.0
2025-12-14 05:05:28 [tracker] [s1] aubio-raw t=0.0067 onset=4.000000 env=0.000069 peak=0.000167 gain=1.000
2025-12-14 05:05:28 [tracker] [s1] onset-below-env-floor t=0.0067 env=0.000069 gate=0.000040 envDelta=0.000030 envFloor=0.000583 onset=4.000000 thresh=0.003000 onsetDelta=3.997000 baseline=0.000720 floor=0.000180 adapt=0.000972 lastPeak=0.000000 baseParam=0.000180 gateRatio=0.0550 envParam=0.000450 onsetThresh=0.003000 retriggerScale=1.400 guard=0.060 guardRemain=0.000 activeAge=-1.000 retrigRemain=0.000 pitchHz=125.16 pitchCents=723.6
2025-12-14 05:05:28 [tracker] [s1] aubio-raw t=0.2253 onset=0.996727 env=0.000133 peak=0.000354 gain=1.000
2025-12-14 05:05:28 [tracker] [s1] onset-below-env-floor t=0.2253 env=0.000133 gate=0.000010 envDelta=0.000123 envFloor=0.000450 onset=0.996727 thresh=0.003000 onsetDelta=0.993727 baseline=0.000180 floor=0.000180 adapt=0.000189 lastPeak=0.000000 baseParam=0.000180 gateRatio=0.0550 envParam=0.000450 onsetThresh=0.003000 retriggerScale=1.400 guard=0.060 guardRemain=0.000 activeAge=-1.000 retrigRemain=0.000 pitchHz=170.21 pitchCents=1255.8
2025-12-14 05:05:28 [tracker] [s1] aubio-raw t=0.3533 onset=0.993410 env=0.000107 peak=0.000281 gain=1.000
2025-12-14 05:05:28 [tracker] [s1] onset-below-env-floor t=0.3533 env=0.000107 gate=0.000010 envDelta=0.000097 envFloor=0.000450 onset=0.993410 thresh=0.003000 onsetDelta=0.990410 baseline=0.000180 floor=0.000180 adapt=0.000134 lastPeak=0.000000 baseParam=0.000180 gateRatio=0.0550 envParam=0.000450 onsetThresh=0.003000 retriggerScale=1.400 guard=0.060 guardRemain=0.000 activeAge=-1.000 retrigRemain=0.000 pitchHz=186.04 pitchCents=1409.8
2025-12-14 05:05:29 [tracker] [s1] aubio-raw t=0.5213 onset=1.397339 env=0.000138 peak=0.000287 gain=1.000
2025-12-14 05:05:29 [tracker] [s1] onset-below-env-floor t=0.5213 env=0.000138 gate=0.000010 envDelta=0.000128 envFloor=0.000450 onset=1.397339 thresh=0.003000 onsetDelta=1.394339 baseline=0.000180 floor=0.000180 adapt=0.000126 lastPeak=0.000000 baseParam=0.000180 gateRatio=0.0550 envParam=0.000450 onsetThresh=0.003000 retriggerScale=1.400 guard=0.060 guardRemain=0.000 activeAge=-1.000 retrigRemain=0.000 pitchHz=114.28 pitchCents=566.1
2025-12-14 05:05:29 [tracker] [s1] aubio-raw t=0.8307 onset=1.093702 env=0.000107 peak=0.000279 gain=1.000
2025-12-14 05:05:29 [tracker] [s1] onset-below-env-floor t=0.8307 env=0.000107 gate=0.000010 envDelta=0.000097 envFloor=0.000450 onset=1.093702 thresh=0.003000 onsetDelta=1.090702 baseline=0.000180 floor=0.000180 adapt=0.000141 lastPeak=0.000000 baseParam=0.000180 gateRatio=0.0550 envParam=0.000450 onsetThresh=0.003000 retriggerScale=1.400 guard=0.060 guardRemain=0.000 activeAge=-1.000 retrigRemain=0.000 pitchHz=-1.00 pitchCents=0.0
2025-12-14 05:05:29 [tracker] [s2] onset t=0.956 env=0.00027 gate=0.00000 envDelta=0.00027 envFloor=0.00015 onset=0.996 thresh=0.004 onsetDelta=0.99189 baseline=0.00022 adaptive=0.00018 lastPeak=0.00000 guard=0.060 activeAge=-1.000 pitch=242.43Hz pitchCents=1368.0
2025-12-14 05:05:29 [tracker] [s1] aubio-raw t=1.0147 onset=0.886827 env=0.000093 peak=0.000310 gain=1.000
2025-12-14 05:05:29 [tracker] [s1] onset-below-env-floor t=1.0147 env=0.000093 gate=0.000010 envDelta=0.000083 envFloor=0.000450 onset=0.886827 thresh=0.003000 onsetDelta=0.883826 baseline=0.000180 floor=0.000180 adapt=0.000148 lastPeak=0.000000 baseParam=0.000180 gateRatio=0.0550 envParam=0.000450 onsetThresh=0.003000 retriggerScale=1.400 guard=0.060 guardRemain=0.000 activeAge=-1.000 retrigRemain=0.000 pitchHz=98.77 pitchCents=313.5
2025-12-14 05:05:29 [tracker] [s2] onset t=1.015 env=0.00017 gate=0.00000 envDelta=0.00017 envFloor=0.00015 onset=0.959 thresh=0.004 onsetDelta=0.95439 baseline=0.00022 adaptive=0.00016 lastPeak=0.00000 guard=0.060 activeAge=-1.000 pitch=275.85Hz pitchCents=1591.7
2025-12-14 05:05:29 [tracker] [s1] aubio-raw t=1.1400 onset=1.092260 env=0.000119 peak=0.000335 gain=1.000
2025-12-14 05:05:29 [tracker] [s1] onset-below-env-floor t=1.1400 env=0.000119 gate=0.000010 envDelta=0.000109 envFloor=0.000450 onset=1.092260 thresh=0.003000 onsetDelta=1.089260 baseline=0.000180 floor=0.000180 adapt=0.000137 lastPeak=0.000000 baseParam=0.000180 gateRatio=0.0550 envParam=0.000450 onsetThresh=0.003000 retriggerScale=1.400 guard=0.060 guardRemain=0.000 activeAge=-1.000 retrigRemain=0.000 pitchHz=-1.00 pitchCents=0.0
2025-12-14 05:05:29 [tracker] [s1] aubio-raw t=1.1933 onset=1.002308 env=0.000088 peak=0.000230 gain=1.000
2025-12-14 05:05:29 [tracker] [s1] onset-below-env-floor t=1.1933 env=0.000088 gate=0.000010 envDelta=0.000079 envFloor=0.000450 onset=1.002308 thresh=0.003000 onsetDelta=0.999308 baseline=0.000180 floor=0.000180 adapt=0.000133 lastPeak=0.000000 baseParam=0.000180 gateRatio=0.0550 envParam=0.000450 onsetThresh=0.003000 retriggerScale=1.400 guard=0.060 guardRemain=0.000 activeAge=-1.000 retrigRemain=0.000 pitchHz=285.72 pitchCents=2152.5
2025-12-14 05:05:30 [tracker] [s1] aubio-raw t=1.9000 onset=0.963695 env=0.000125 peak=0.000336 gain=1.000
2025-12-14 05:05:30 [tracker] [s1] onset-below-env-floor t=1.9000 env=0.000125 gate=0.000010 envDelta=0.000115 envFloor=0.000450 onset=0.963695 thresh=0.003000 onsetDelta=0.960695 baseline=0.000180 floor=0.000180 adapt=0.000145 lastPeak=0.000000 baseParam=0.000180 gateRatio=0.0550 envParam=0.000450 onsetThresh=0.003000 retriggerScale=1.400 guard=0.060 guardRemain=0.000 activeAge=-1.000 retrigRemain=0.000 pitchHz=-1.00 pitchCents=0.0
2025-12-14 05:05:30 [tracker] [s1] aubio-raw t=2.0227 onset=1.284482 env=0.000106 peak=0.000303 gain=1.000
2025-12-14 05:05:30 [tracker] [s1] onset-below-env-floor t=2.0227 env=0.000106 gate=0.000010 envDelta=0.000096 envFloor=0.000450 onset=1.284482 thresh=0.003000 onsetDelta=1.281482 baseline=0.000180 floor=0.000180 adapt=0.000150 lastPeak=0.000000 baseParam=0.000180 gateRatio=0.0550 envParam=0.000450 onsetThresh=0.003000 retriggerScale=1.400 guard=0.060 guardRemain=0.000 activeAge=-1.000 retrigRemain=0.000 pitchHz=320.01 pitchCents=2348.7
2025-12-14 05:05:30 [tracker] [s2] onset t=2.220 env=0.00019 gate=0.00000 envDelta=0.00019 envFloor=0.00015 onset=1.113 thresh=0.004 onsetDelta=1.10832 baseline=0.00022 adaptive=0.00017 lastPeak=0.00000 guard=0.060 activeAge=-1.000 pitch=533.39Hz pitchCents=2733.2
2025-12-14 05:05:30 [tracker] [s1] aubio-raw t=2.3107 onset=0.759447 env=0.000108 peak=0.000294 gain=1.000
2025-12-14 05:05:30 [tracker] [s1] onset-below-env-floor t=2.3107 env=0.000108 gate=0.000010 envDelta=0.000099 envFloor=0.000450 onset=0.759447 thresh=0.003000 onsetDelta=0.756447 baseline=0.000180 floor=0.000180 adapt=0.000136 lastPeak=0.000000 baseParam=0.000180 gateRatio=0.0550 envParam=0.000450 onsetThresh=0.003000 retriggerScale=1.400 guard=0.060 guardRemain=0.000 activeAge=-1.000 retrigRemain=0.000 pitchHz=-1.00 pitchCents=0.0
2025-12-14 05:05:31 [tracker] [s1] aubio-raw t=2.3880 onset=0.991942 env=0.000151 peak=0.000316 gain=1.000
2025-12-14 05:05:31 [tracker] [s1] onset-below-env-floor t=2.3880 env=0.000151 gate=0.000010 envDelta=0.000141 envFloor=0.000450 onset=0.991942 thresh=0.003000 onsetDelta=0.988942 baseline=0.000180 floor=0.000180 adapt=0.000148 lastPeak=0.000000 baseParam=0.000180 gateRatio=0.0550 envParam=0.000450 onsetThresh=0.003000 retriggerScale=1.400 guard=0.060 guardRemain=0.000 activeAge=-1.000 retrigRemain=0.000 pitchHz=228.58 pitchCents=1766.2
2025-12-14 05:05:31 [tracker] [s1] aubio-raw t=2.4760 onset=0.997101 env=0.000155 peak=0.000376 gain=1.000
2025-12-14 05:05:31 [tracker] [s1] onset-below-env-floor t=2.4760 env=0.000155 gate=0.000010 envDelta=0.000145 envFloor=0.000450 onset=0.997101 thresh=0.003000 onsetDelta=0.994101 baseline=0.000180 floor=0.000180 adapt=0.000144 lastPeak=0.000000 baseParam=0.000180 gateRatio=0.0550 envParam=0.000450 onsetThresh=0.003000 retriggerScale=1.400 guard=0.060 guardRemain=0.000 activeAge=-1.000 retrigRemain=0.000 pitchHz=-1.00 pitchCents=0.0
2025-12-14 05:05:31 [tracker] [s2] onset t=2.487 env=0.00017 gate=0.00000 envDelta=0.00016 envFloor=0.00015 onset=1.325 thresh=0.004 onsetDelta=1.32023 baseline=0.00022 adaptive=0.00017 lastPeak=0.00000 guard=0.060 activeAge=-1.000 pitch=216.23Hz pitchCents=1170.1
2025-12-14 05:05:31 [tracker] [s2] onset t=2.919 env=0.00024 gate=0.00000 envDelta=0.00024 envFloor=0.00015 onset=1.231 thresh=0.004 onsetDelta=1.22638 baseline=0.00022 adaptive=0.00019 lastPeak=0.00000 guard=0.060 activeAge=-1.000 pitch=-1.00Hz pitchCents=0.0
2025-12-14 05:05:31 [tracker] [s1] aubio-raw t=2.9400 onset=0.995788 env=0.000131 peak=0.000284 gain=1.000
2025-12-14 05:05:31 [tracker] [s1] onset-below-env-floor t=2.9400 env=0.000131 gate=0.000010 envDelta=0.000121 envFloor=0.000450 onset=0.995788 thresh=0.003000 onsetDelta=0.992788 baseline=0.000180 floor=0.000180 adapt=0.000154 lastPeak=0.000000 baseParam=0.000180 gateRatio=0.0550 envParam=0.000450 onsetThresh=0.003000 retriggerScale=1.400 guard=0.060 guardRemain=0.000 activeAge=-1.000 retrigRemain=0.000 pitchHz=-1.00 pitchCents=0.0
2025-12-14 05:05:31 [tracker] [s2] onset t=3.001 env=0.00016 gate=0.00000 envDelta=0.00015 envFloor=0.00015 onset=0.597 thresh=0.004 onsetDelta=0.59225 baseline=0.00022 adaptive=0.00018 lastPeak=0.00000 guard=0.060 activeAge=-1.000 pitch=-1.00Hz pitchCents=0.0
2025-12-14 05:05:31 [tracker] [s1] aubio-raw t=3.0174 onset=1.267823 env=0.000122 peak=0.000265 gain=1.000
2025-12-14 05:05:31 [tracker] [s1] onset-below-env-floor t=3.0174 env=0.000122 gate=0.000010 envDelta=0.000112 envFloor=0.000450 onset=1.267823 thresh=0.003000 onsetDelta=1.264823 baseline=0.000180 floor=0.000180 adapt=0.000138 lastPeak=0.000000 baseParam=0.000180 gateRatio=0.0550 envParam=0.000450 onsetThresh=0.003000 retriggerScale=1.400 guard=0.060 guardRemain=0.000 activeAge=-1.000 retrigRemain=0.000 pitchHz=-1.00 pitchCents=0.0
2025-12-14 05:05:32 [tracker] [s2] onset t=3.388 env=0.00018 gate=0.00000 envDelta=0.00017 envFloor=0.00015 onset=1.155 thresh=0.004 onsetDelta=1.15043 baseline=0.00022 adaptive=0.00019 lastPeak=0.00000 guard=0.060 activeAge=-1.000 pitch=-1.00Hz pitchCents=0.0
2025-12-14 05:05:32 [tracker] [s1] aubio-raw t=3.4574 onset=1.237586 env=0.000143 peak=0.000335 gain=1.000
2025-12-14 05:05:32 [tracker] [s1] onset-below-env-floor t=3.4574 env=0.000143 gate=0.000010 envDelta=0.000133 envFloor=0.000450 onset=1.237586 thresh=0.003000 onsetDelta=1.234586 baseline=0.000180 floor=0.000180 adapt=0.000141 lastPeak=0.000000 baseParam=0.000180 gateRatio=0.0550 envParam=0.000450 onsetThresh=0.003000 retriggerScale=1.400 guard=0.060 guardRemain=0.000 activeAge=-1.000 retrigRemain=0.000 pitchHz=258.06 pitchCents=1976.3
2025-12-14 05:05:32 [tracker] [s1] aubio-raw t=3.5187 onset=1.103239 env=0.000168 peak=0.000373 gain=1.000
2025-12-14 05:05:32 [tracker] [s1] onset-below-env-floor t=3.5187 env=0.000168 gate=0.000010 envDelta=0.000158 envFloor=0.000450 onset=1.103239 thresh=0.003000 onsetDelta=1.100239 baseline=0.000180 floor=0.000180 adapt=0.000143 lastPeak=0.000000 baseParam=0.000180 gateRatio=0.0550 envParam=0.000450 onsetThresh=0.003000 retriggerScale=1.400 guard=0.060 guardRemain=0.000 activeAge=-1.000 retrigRemain=0.000 pitchHz=97.56 pitchCents=292.2
2025-12-14 05:05:32 [tracker] [s2] onset t=3.671 env=0.00019 gate=0.00000 envDelta=0.00019 envFloor=0.00015 onset=0.996 thresh=0.004 onsetDelta=0.99103 baseline=0.00022 adaptive=0.00018 lastPeak=0.00000 guard=0.060 activeAge=-1.000 pitch=-1.00Hz pitchCents=0.0
2025-12-14 05:05:32 [tracker] [s1] aubio-raw t=3.7907 onset=1.454467 env=0.000100 peak=0.000330 gain=1.000
2025-12-14 05:05:32 [tracker] [s1] onset-below-env-floor t=3.7907 env=0.000100 gate=0.000010 envDelta=0.000090 envFloor=0.000450 onset=1.454467 thresh=0.003000 onsetDelta=1.451467 baseline=0.000180 floor=0.000180 adapt=0.000139 lastPeak=0.000000 baseParam=0.000180 gateRatio=0.0550 envParam=0.000450 onsetThresh=0.003000 retriggerScale=1.400 guard=0.060 guardRemain=0.000 activeAge=-1.000 retrigRemain=0.000 pitchHz=-1.00 pitchCents=0.0
2025-12-14 05:05:32 [tracker] [s1] aubio-raw t=4.0227 onset=0.842232 env=0.000096 peak=0.000292 gain=1.000
2025-12-14 05:05:32 [tracker] [s1] onset-below-env-floor t=4.0227 env=0.000096 gate=0.000010 envDelta=0.000086 envFloor=0.000450 onset=0.842232 thresh=0.003000 onsetDelta=0.839232 baseline=0.000180 floor=0.000180 adapt=0.000142 lastPeak=0.000000 baseParam=0.000180 gateRatio=0.0550 envParam=0.000450 onsetThresh=0.003000 retriggerScale=1.400 guard=0.060 guardRemain=0.000 activeAge=-1.000 retrigRemain=0.000 pitchHz=320.00 pitchCents=2348.7
2025-12-14 05:05:32 [tracker] [s1] aubio-raw t=4.2440 onset=1.137207 env=0.000083 peak=0.000229 gain=1.000
2025-12-14 05:05:32 [tracker] [s1] onset-below-env-floor t=4.2440 env=0.000083 gate=0.000010 envDelta=0.000073 envFloor=0.000450 onset=1.137207 thresh=0.003000 onsetDelta=1.134207 baseline=0.000180 floor=0.000180 adapt=0.000145 lastPeak=0.000000 baseParam=0.000180 gateRatio=0.0550 envParam=0.000450 onsetThresh=0.003000 retriggerScale=1.400 guard=0.060 guardRemain=0.000 activeAge=-1.000 retrigRemain=0.000 pitchHz=115.94 pitchCents=591.1
2025-12-14 05:05:33 [tracker] [s1] aubio-raw t=4.4493 onset=1.118408 env=0.000101 peak=0.000327 gain=1.000
2025-12-14 05:05:33 [tracker] [s1] onset-below-env-floor t=4.4493 env=0.000101 gate=0.000010 envDelta=0.000091 envFloor=0.000450 onset=1.118408 thresh=0.003000 onsetDelta=1.115408 baseline=0.000180 floor=0.000180 adapt=0.000143 lastPeak=0.000000 baseParam=0.000180 gateRatio=0.0550 envParam=0.000450 onsetThresh=0.003000 retriggerScale=1.400 guard=0.060 guardRemain=0.000 activeAge=-1.000 retrigRemain=0.000 pitchHz=-1.00 pitchCents=0.0
2025-12-14 05:05:33 [tracker] [s1] aubio-raw t=4.6173 onset=0.667044 env=0.000105 peak=0.000279 gain=1.000
2025-12-14 05:05:33 [tracker] [s1] onset-below-env-floor t=4.6173 env=0.000105 gate=0.000010 envDelta=0.000095 envFloor=0.000450 onset=0.667044 thresh=0.003000 onsetDelta=0.664044 baseline=0.000180 floor=0.000180 adapt=0.000143 lastPeak=0.000000 baseParam=0.000180 gateRatio=0.0550 envParam=0.000450 onsetThresh=0.003000 retriggerScale=1.400 guard=0.060 guardRemain=0.000 activeAge=-1.000 retrigRemain=0.000 pitchHz=-1.00 pitchCents=0.0
2025-12-14 05:05:33 [tracker] [s2] onset t=4.756 env=0.00018 gate=0.00000 envDelta=0.00018 envFloor=0.00015 onset=0.805 thresh=0.004 onsetDelta=0.80086 baseline=0.00022 adaptive=0.00018 lastPeak=0.00000 guard=0.060 activeAge=-1.000 pitch=615.40Hz pitchCents=2980.8
2025-12-14 05:05:33 [tracker] [s1] aubio-raw t=4.9160 onset=1.175115 env=0.000127 peak=0.000323 gain=1.000
2025-12-14 05:05:33 [tracker] [s1] onset-below-env-floor t=4.9160 env=0.000127 gate=0.000010 envDelta=0.000117 envFloor=0.000450 onset=1.175115 thresh=0.003000 onsetDelta=1.172115 baseline=0.000180 floor=0.000180 adapt=0.000152 lastPeak=0.000000 baseParam=0.000180 gateRatio=0.0550 envParam=0.000450 onsetThresh=0.003000 retriggerScale=1.400 guard=0.060 guardRemain=0.000 activeAge=-1.000 retrigRemain=0.000 pitchHz=-1.00 pitchCents=0.0
2025-12-14 05:05:33 [tracker] [s1] aubio-raw t=5.0546 onset=0.928926 env=0.000115 peak=0.000285 gain=1.000
2025-12-14 05:05:33 [tracker] [s1] onset-below-env-floor t=5.0546 env=0.000115 gate=0.000010 envDelta=0.000105 envFloor=0.000450 onset=0.928926 thresh=0.003000 onsetDelta=0.925926 baseline=0.000180 floor=0.000180 adapt=0.000154 lastPeak=0.000000 baseParam=0.000180 gateRatio=0.0550 envParam=0.000450 onsetThresh=0.003000 retriggerScale=1.400 guard=0.060 guardRemain=0.000 activeAge=-1.000 retrigRemain=0.000 pitchHz=150.93 pitchCents=1047.6
2025-12-14 05:05:33 [tracker] [s1] aubio-raw t=5.1640 onset=0.964985 env=0.000113 peak=0.000294 gain=1.000
2025-12-14 05:05:33 [tracker] [s1] onset-below-env-floor t=5.1640 env=0.000113 gate=0.000010 envDelta=0.000103 envFloor=0.000450 onset=0.964985 thresh=0.003000 onsetDelta=0.961985 baseline=0.000180 floor=0.000180 adapt=0.000158 lastPeak=0.000000 baseParam=0.000180 gateRatio=0.0550 envParam=0.000450 onsetThresh=0.003000 retriggerScale=1.400 guard=0.060 guardRemain=0.000 activeAge=-1.000 retrigRemain=0.000 pitchHz=-1.00 pitchCents=0.0
2025-12-14 05:05:33 [tracker] [s1] aubio-raw t=5.3133 onset=0.996219 env=0.000134 peak=0.000311 gain=1.000
2025-12-14 05:05:33 [tracker] [s1] onset-below-env-floor t=5.3133 env=0.000134 gate=0.000010 envDelta=0.000124 envFloor=0.000450 onset=0.996219 thresh=0.003000 onsetDelta=0.993219 baseline=0.000180 floor=0.000180 adapt=0.000137 lastPeak=0.000000 baseParam=0.000180 gateRatio=0.0550 envParam=0.000450 onsetThresh=0.003000 retriggerScale=1.400 guard=0.060 guardRemain=0.000 activeAge=-1.000 retrigRemain=0.000 pitchHz=444.40 pitchCents=2917.2
2025-12-14 05:05:34 [tracker] [s2] onset t=5.465 env=0.00019 gate=0.00000 envDelta=0.00019 envFloor=0.00015 onset=1.123 thresh=0.004 onsetDelta=1.11839 baseline=0.00022 adaptive=0.00016 lastPeak=0.00000 guard=0.060 activeAge=-1.000 pitch=420.96Hz pitchCents=2323.4
2025-12-14 05:05:34 [tracker] [s1] aubio-raw t=5.6039 onset=1.136313 env=0.000109 peak=0.000360 gain=1.000
2025-12-14 05:05:34 [tracker] [s1] onset-below-env-floor t=5.6039 env=0.000109 gate=0.000010 envDelta=0.000099 envFloor=0.000450 onset=1.136313 thresh=0.003000 onsetDelta=1.133313 baseline=0.000180 floor=0.000180 adapt=0.000142 lastPeak=0.000000 baseParam=0.000180 gateRatio=0.0550 envParam=0.000450 onsetThresh=0.003000 retriggerScale=1.400 guard=0.060 guardRemain=0.000 activeAge=-1.000 retrigRemain=0.000 pitchHz=145.45 pitchCents=983.7
2025-12-14 05:05:34 [tracker] [s1] aubio-raw t=5.6679 onset=0.873060 env=0.000094 peak=0.000246 gain=1.000
2025-12-14 05:05:34 [tracker] [s1] onset-below-env-floor t=5.6679 env=0.000094 gate=0.000010 envDelta=0.000084 envFloor=0.000450 onset=0.873060 thresh=0.003000 onsetDelta=0.870060 baseline=0.000180 floor=0.000180 adapt=0.000136 lastPeak=0.000000 baseParam=0.000180 gateRatio=0.0550 envParam=0.000450 onsetThresh=0.003000 retriggerScale=1.400 guard=0.060 guardRemain=0.000 activeAge=-1.000 retrigRemain=0.000 pitchHz=173.91 pitchCents=1293.0
2025-12-14 05:05:34 [tracker] [s1] aubio-raw t=6.0492 onset=0.997429 env=0.000108 peak=0.000340 gain=1.000
2025-12-14 05:05:34 [tracker] [s1] onset-below-env-floor t=6.0492 env=0.000108 gate=0.000010 envDelta=0.000098 envFloor=0.000450 onset=0.997429 thresh=0.003000 onsetDelta=0.994429 baseline=0.000180 floor=0.000180 adapt=0.000138 lastPeak=0.000000 baseParam=0.000180 gateRatio=0.0550 envParam=0.000450 onsetThresh=0.003000 retriggerScale=1.400 guard=0.060 guardRemain=0.000 activeAge=-1.000 retrigRemain=0.000 pitchHz=-1.00 pitchCents=0.0
2025-12-14 05:05:34 [tracker] [s1] aubio-raw t=6.1532 onset=0.987994 env=0.000082 peak=0.000206 gain=1.000
2025-12-14 05:05:34 [tracker] [s1] onset-below-env-floor t=6.1532 env=0.000082 gate=0.000010 envDelta=0.000072 envFloor=0.000450 onset=0.987994 thresh=0.003000 onsetDelta=0.984994 baseline=0.000180 floor=0.000180 adapt=0.000135 lastPeak=0.000000 baseParam=0.000180 gateRatio=0.0550 envParam=0.000450 onsetThresh=0.003000 retriggerScale=1.400 guard=0.060 guardRemain=0.000 activeAge=-1.000 retrigRemain=0.000 pitchHz=114.27 pitchCents=566.0
2025-12-14 05:05:34 [tracker] [s1] aubio-raw t=6.2812 onset=0.690287 env=0.000132 peak=0.000266 gain=1.000
2025-12-14 05:05:34 [tracker] [s1] onset-below-env-floor t=6.2812 env=0.000132 gate=0.000010 envDelta=0.000122 envFloor=0.000450 onset=0.690287 thresh=0.003000 onsetDelta=0.687287 baseline=0.000180 floor=0.000180 adapt=0.000133 lastPeak=0.000000 baseParam=0.000180 gateRatio=0.0550 envParam=0.000450 onsetThresh=0.003000 retriggerScale=1.400 guard=0.060 guardRemain=0.000 activeAge=-1.000 retrigRemain=0.000 pitchHz=150.94 pitchCents=1047.8
2025-12-14 05:05:35 [tracker] [s1] aubio-raw t=6.3985 onset=0.594676 env=0.000119 peak=0.000327 gain=1.000
2025-12-14 05:05:35 [tracker] [s1] onset-below-env-floor t=6.3985 env=0.000119 gate=0.000010 envDelta=0.000109 envFloor=0.000450 onset=0.594676 thresh=0.003000 onsetDelta=0.591676 baseline=0.000180 floor=0.000180 adapt=0.000135 lastPeak=0.000000 baseParam=0.000180 gateRatio=0.0550 envParam=0.000450 onsetThresh=0.003000 retriggerScale=1.400 guard=0.060 guardRemain=0.000 activeAge=-1.000 retrigRemain=0.000 pitchHz=129.04 pitchCents=776.3
2025-12-14 05:05:35 [tracker] [s2] onset t=6.660 env=0.00021 gate=0.00000 envDelta=0.00021 envFloor=0.00015 onset=0.994 thresh=0.004 onsetDelta=0.98939 baseline=0.00022 adaptive=0.00016 lastPeak=0.00000 guard=0.060 activeAge=-1.000 pitch=150.94Hz pitchCents=547.8
2025-12-14 05:05:35 [tracker] [s1] aubio-raw t=7.1372 onset=0.994817 env=0.000183 peak=0.000391 gain=1.000
2025-12-14 05:05:35 [tracker] [s1] onset-below-env-floor t=7.1372 env=0.000183 gate=0.000010 envDelta=0.000173 envFloor=0.000450 onset=0.994817 thresh=0.003000 onsetDelta=0.991817 baseline=0.000180 floor=0.000180 adapt=0.000161 lastPeak=0.000000 baseParam=0.000180 gateRatio=0.0550 envParam=0.000450 onsetThresh=0.003000 retriggerScale=1.400 guard=0.060 guardRemain=0.000 activeAge=-1.000 retrigRemain=0.000 pitchHz=205.13 pitchCents=1578.8
2025-12-14 05:05:35 [tracker] [s1] aubio-raw t=7.3291 onset=1.001610 env=0.000095 peak=0.000219 gain=1.000
2025-12-14 05:05:35 [tracker] [s1] onset-below-env-floor t=7.3291 env=0.000095 gate=0.000010 envDelta=0.000085 envFloor=0.000450 onset=1.001610 thresh=0.003000 onsetDelta=0.998610 baseline=0.000180 floor=0.000180 adapt=0.000151 lastPeak=0.000000 baseParam=0.000180 gateRatio=0.0550 envParam=0.000450 onsetThresh=0.003000 retriggerScale=1.400 guard=0.060 guardRemain=0.000 activeAge=-1.000 retrigRemain=0.000 pitchHz=320.03 pitchCents=2348.9
2025-12-14 05:05:36 [tracker] [s1] aubio-raw t=7.7798 onset=0.997616 env=0.000138 peak=0.000339 gain=1.000
2025-12-14 05:05:36 [tracker] [s1] onset-below-env-floor t=7.7798 env=0.000138 gate=0.000010 envDelta=0.000128 envFloor=0.000450 onset=0.997616 thresh=0.003000 onsetDelta=0.994616 baseline=0.000180 floor=0.000180 adapt=0.000143 lastPeak=0.000000 baseParam=0.000180 gateRatio=0.0550 envParam=0.000450 onsetThresh=0.003000 retriggerScale=1.400 guard=0.060 guardRemain=0.000 activeAge=-1.000 retrigRemain=0.000 pitchHz=210.53 pitchCents=1623.8
2025-12-14 05:05:36 [sessionwavs] wrote 6 wav files to /home/general/SignalAssistant/logs/sessionwavs/session-20251214-050528 (shutdown)
