# SignalAssistant session log
# Started at 2025-12-08 03:17:19
2025-12-08 03:17:19 [session] mode=recorded session='live/Rock n Roll Coochy Coo' path='/home/general/SignalAssistant/sessions/live/Rock n Roll Coochy Coo' duration=36.31 files=6
2025-12-08 03:17:19 [tracker-settings] TrackerConfig onsetThreshold=0.02000 minNoteDurSec=0.045 hopSec=0.010 slideDelta=120.0 bendDelta=35.0
2025-12-08 03:17:19 [tracker-settings] string1 midi=40 lowCut=37.08Hz highCut=445.00Hz baseline=0.000180 gateRatio=0.05500 envFloor=0.000450 sustainScale=0.580 retriggerScale=1.400 peakRelease=0.120 pitchTol=0.400 onsetScale=0.300
2025-12-08 03:17:19 [tracker-settings] string2 midi=45 lowCut=55.00Hz highCut=563.20Hz baseline=0.000220 gateRatio=0.10000 envFloor=0.000550 sustainScale=0.700 retriggerScale=1.250 peakRelease=0.130 pitchTol=0.400 onsetScale=0.450
2025-12-08 03:17:19 [tracker-settings] string3 midi=50 lowCut=85.16Hz highCut=693.05Hz baseline=0.000260 gateRatio=0.13000 envFloor=0.000650 sustainScale=0.820 retriggerScale=1.100 peakRelease=0.140 pitchTol=0.450 onsetScale=0.580
2025-12-08 03:17:19 [tracker-settings] string4 midi=55 lowCut=127.40Hz highCut=862.39Hz baseline=0.000320 gateRatio=0.17000 envFloor=0.000780 sustainScale=1.000 retriggerScale=1.000 peakRelease=0.160 pitchTol=0.440 onsetScale=0.700
2025-12-08 03:17:19 [tracker-settings] string5 midi=59 lowCut=160.51Hz highCut=1086.54Hz baseline=0.000370 gateRatio=0.21000 envFloor=0.000900 sustainScale=1.000 retriggerScale=1.000 peakRelease=0.180 pitchTol=0.500 onsetScale=0.800
2025-12-08 03:17:19 [tracker-settings] string6 midi=64 lowCut=214.26Hz highCut=1450.36Hz baseline=0.000420 gateRatio=0.25000 envFloor=0.001050 sustainScale=1.000 retriggerScale=1.000 peakRelease=0.200 pitchTol=0.550 onsetScale=0.900
2025-12-08 03:17:19 [tracker] [s1] calibration reset
2025-12-08 03:17:19 [tracker] [s2] calibration reset
2025-12-08 03:17:19 [tracker] [s3] calibration reset
2025-12-08 03:17:19 [tracker] [s4] calibration reset
2025-12-08 03:17:19 [tracker] [s5] calibration reset
2025-12-08 03:17:19 [tracker] [s6] calibration reset
2025-12-08 03:17:19 [tracker] [s1] calibration avg=0.03165 peak=0.10910
2025-12-08 03:17:19 [tracker] [s2] calibration avg=0.01798 peak=0.04582
2025-12-08 03:17:19 [tracker] [s3] calibration avg=0.01325 peak=0.06025
2025-12-08 03:17:19 [tracker] [s4] calibration avg=0.03051 peak=0.11407
2025-12-08 03:17:19 [tracker] [s5] calibration avg=0.03291 peak=0.07733
2025-12-08 03:17:19 [tracker] [s6] calibration avg=0.04616 peak=0.12280
2025-12-08 03:17:28 [test-mode] play session='live/Rock n Roll Coochy Coo' position=0.00 duration=36.31
2025-12-08 03:17:28 [tracker] [s1] configure sr=48000.0 hop=512 fft=4096 low=37.1 high=445.0
2025-12-08 03:17:28 [tracker] [s1] aubio-raw t=0.0053 onset=4.000000 env=0.000140 peak=0.000344 gain=1.000
2025-12-08 03:17:28 [tracker] [s1] onset-below-gate t=0.0053 env=0.000140 onset=4.000000 thresh=0.006000 baseline=0.029117 gate=0.001601 envFloor=0.024750 floor=0.029117 adapt=0.029117 lastPeak=0.000000 calib=0.029117 baseParam=0.000180 gateRatio=0.0550 envParam=0.000450
2025-12-08 03:17:28 [tracker] [s2] configure sr=48000.0 hop=512 fft=4096 low=55.0 high=563.2
2025-12-08 03:17:28 [tracker] [s2] params baseline=0.000220 gate=0.1000 envFloor=0.000550 sustain=0.700 retrigger=1.250 peakRelease=0.130 pitchTol=0.400 onsetScale=0.009 aubioScale=1.35 aubioThresh=0.027 onsetSilence=-85.0 pitchSilence=-90.0
2025-12-08 03:17:28 [tracker] [s3] configure sr=48000.0 hop=512 fft=4096 low=85.2 high=693.0
2025-12-08 03:17:28 [tracker] [s3] params baseline=0.000260 gate=0.1300 envFloor=0.000650 sustain=0.820 retrigger=1.100 peakRelease=0.140 pitchTol=0.450 onsetScale=0.012 aubioScale=1.60 aubioThresh=0.032 onsetSilence=-75.0 pitchSilence=-80.0
2025-12-08 03:17:28 [tracker] [s4] configure sr=48000.0 hop=512 fft=4096 low=127.4 high=862.4
2025-12-08 03:17:28 [tracker] [s4] params baseline=0.000320 gate=0.1700 envFloor=0.000780 sustain=1.000 retrigger=1.000 peakRelease=0.160 pitchTol=0.440 onsetScale=0.014 aubioScale=1.80 aubioThresh=0.036 onsetSilence=-75.0 pitchSilence=-80.0
2025-12-08 03:17:28 [tracker] [s5] configure sr=48000.0 hop=512 fft=2048 low=160.5 high=1086.5
2025-12-08 03:17:28 [tracker] [s5] params baseline=0.000370 gate=0.2100 envFloor=0.000900 sustain=1.000 retrigger=1.000 peakRelease=0.180 pitchTol=0.500 onsetScale=0.016 aubioScale=1.80 aubioThresh=0.036 onsetSilence=-75.0 pitchSilence=-80.0
2025-12-08 03:17:28 [tracker] [s6] configure sr=48000.0 hop=512 fft=2048 low=214.3 high=1450.4
2025-12-08 03:17:28 [tracker] [s6] params baseline=0.000420 gate=0.2500 envFloor=0.001050 sustain=1.000 retrigger=1.000 peakRelease=0.200 pitchTol=0.550 onsetScale=0.018 aubioScale=1.80 aubioThresh=0.036 onsetSilence=-75.0 pitchSilence=-80.0
2025-12-08 03:17:29 [tracker] [s1] aubio-raw t=1.4667 onset=1.223358 env=0.030510 peak=0.072526 gain=1.000
2025-12-08 03:17:29 [tracker] [s1] onset-accepted t=1.4667 env=0.030510 onset=1.223358 thresh=0.006000 baseline=0.029117 gate=0.001601 envFloor=0.024750 floor=0.029117 adapt=0.029117 lastPeak=0.000000 calib=0.029117 baseParam=0.000180 gateRatio=0.0550 envParam=0.000450
2025-12-08 03:17:29 [tracker] [s1] onset t=1.467 env=0.03051 baseline=0.02912 gate=0.00160 envFloor=0.02475 onset=1.223>=0.006
2025-12-08 03:17:29 [tracker] [s2] onset t=1.477 env=0.03376 baseline=0.01690 gate=0.00169 envFloor=0.01436 onset=0.940>=0.009
2025-12-08 03:17:30 [tracker] [s3] onset t=1.488 env=0.01114 baseline=0.01285 gate=0.00167 envFloor=0.01093 onset=0.754>=0.012
2025-12-08 03:17:30 [tracker] [s1] aubio-raw t=1.5520 onset=1.034596 env=0.029608 peak=0.074842 gain=1.000
2025-12-08 03:17:30 [tracker] [s1] onset-accepted t=1.5520 env=0.029608 onset=1.034596 thresh=0.006000 baseline=0.029117 gate=0.001601 envFloor=0.024750 floor=0.029117 adapt=0.029117 lastPeak=0.000000 calib=0.029117 baseParam=0.000180 gateRatio=0.0550 envParam=0.000450
2025-12-08 03:17:30 [tracker] [s1] onset t=1.552 env=0.02961 baseline=0.02912 gate=0.00160 envFloor=0.02475 onset=1.035>=0.006
2025-12-08 03:17:30 [tracker] [s1] note-start t=1.552 fret=1 midi=41 vel=0.36 env=0.02961
2025-12-08 03:17:30 [tracker] [s2] onset t=1.563 env=0.02457 baseline=0.01690 gate=0.00169 envFloor=0.01436 onset=1.341>=0.009
2025-12-08 03:17:30 [tracker] [s2] note-start t=1.563 fret=3 midi=48 vel=0.29 env=0.02457
2025-12-08 03:17:30 [tracker] [s2] release-quiet t=1.712 avgEnv=0.00135 floor=0.01005 quietFrames=8
2025-12-08 03:17:30 [tracker] [s2] note-ended t=1.712 fret=3 dur=0.149
2025-12-08 03:17:30 [tracker] [s1] aubio-raw t=1.7333 onset=0.630206 env=0.005912 peak=0.012476 gain=1.000
2025-12-08 03:17:30 [tracker] [s1] onset-below-env-floor t=1.7333 env=0.005912 onset=0.630206 thresh=0.006000 baseline=0.029117 gate=0.001601 envFloor=0.024750 floor=0.029117 adapt=0.029117 lastPeak=0.027190 calib=0.029117 baseParam=0.000180 gateRatio=0.0550 envParam=0.000450
2025-12-08 03:17:30 [tracker] [s1] aubio-raw t=1.7973 onset=0.592984 env=0.024941 peak=0.070436 gain=1.000
2025-12-08 03:17:30 [tracker] [s1] onset-accepted t=1.7973 env=0.024941 onset=0.592984 thresh=0.006000 baseline=0.029117 gate=0.001601 envFloor=0.024750 floor=0.029117 adapt=0.029117 lastPeak=0.026384 calib=0.029117 baseParam=0.000180 gateRatio=0.0550 envParam=0.000450
2025-12-08 03:17:30 [tracker] [s1] onset t=1.797 env=0.02494 baseline=0.02912 gate=0.00160 envFloor=0.02475 onset=0.593>=0.006
2025-12-08 03:17:30 [tracker] [s1] note-ended (new onset) t=1.797 fret=1 dur=0.245
2025-12-08 03:17:30 [tracker] [s2] onset t=1.808 env=0.02328 baseline=0.01971 gate=0.00197 envFloor=0.01436 onset=0.583>=0.009
2025-12-08 03:17:30 [tracker] [s1] aubio-raw t=1.9680 onset=0.505033 env=0.012624 peak=0.050282 gain=1.000
2025-12-08 03:17:30 [tracker] [s1] onset-below-env-floor t=1.9680 env=0.012624 onset=0.505033 thresh=0.006000 baseline=0.029117 gate=0.001601 envFloor=0.024750 floor=0.029117 adapt=0.029117 lastPeak=0.024351 calib=0.029117 baseParam=0.000180 gateRatio=0.0550 envParam=0.000450
2025-12-08 03:17:30 [tracker] [s1] aubio-raw t=2.0853 onset=1.169569 env=0.010872 peak=0.024029 gain=1.000
2025-12-08 03:17:30 [tracker] [s1] onset-below-env-floor t=2.0853 env=0.010872 onset=1.169569 thresh=0.006000 baseline=0.029117 gate=0.001601 envFloor=0.024750 floor=0.029117 adapt=0.029117 lastPeak=0.023044 calib=0.029117 baseParam=0.000180 gateRatio=0.0550 envParam=0.000450
2025-12-08 03:17:30 [tracker] [s1] aubio-raw t=2.4160 onset=1.472921 env=0.020538 peak=0.061115 gain=1.000
2025-12-08 03:17:30 [tracker] [s1] onset-below-env-floor t=2.4160 env=0.020538 onset=1.472921 thresh=0.006000 baseline=0.029117 gate=0.001601 envFloor=0.024750 floor=0.029117 adapt=0.029117 lastPeak=0.019728 calib=0.029117 baseParam=0.000180 gateRatio=0.0550 envParam=0.000450
2025-12-08 03:17:31 [tracker] [s1] aubio-raw t=2.7147 onset=0.615243 env=0.018830 peak=0.051541 gain=1.000
2025-12-08 03:17:31 [tracker] [s1] onset-below-env-floor t=2.7147 env=0.018830 onset=0.615243 thresh=0.006000 baseline=0.029117 gate=0.001601 envFloor=0.024750 floor=0.029117 adapt=0.029117 lastPeak=0.017145 calib=0.029117 baseParam=0.000180 gateRatio=0.0550 envParam=0.000450
2025-12-08 03:17:31 [tracker] [s1] aubio-raw t=2.8747 onset=1.356534 env=0.003741 peak=0.005839 gain=1.000
2025-12-08 03:17:31 [tracker] [s1] onset-below-env-floor t=2.8747 env=0.003741 onset=1.356534 thresh=0.006000 baseline=0.029117 gate=0.001601 envFloor=0.024750 floor=0.029117 adapt=0.029117 lastPeak=0.015903 calib=0.029117 baseParam=0.000180 gateRatio=0.0550 envParam=0.000450
2025-12-08 03:17:31 [tracker] [s1] aubio-raw t=3.0667 onset=0.980091 env=0.027533 peak=0.062694 gain=1.000
2025-12-08 03:17:31 [tracker] [s1] onset-accepted t=3.0667 env=0.027533 onset=0.980091 thresh=0.006000 baseline=0.029117 gate=0.001601 envFloor=0.024750 floor=0.029117 adapt=0.029117 lastPeak=0.014531 calib=0.029117 baseParam=0.000180 gateRatio=0.0550 envParam=0.000450
2025-12-08 03:17:31 [tracker] [s1] onset t=3.067 env=0.02753 baseline=0.02912 gate=0.00160 envFloor=0.02475 onset=0.980>=0.006
2025-12-08 03:17:31 [tracker] [s1] aubio-raw t=3.3440 onset=1.077810 env=0.002922 peak=0.008378 gain=1.000
2025-12-08 03:17:31 [tracker] [s1] onset-below-env-floor t=3.3440 env=0.002922 onset=1.077810 thresh=0.006000 baseline=0.029117 gate=0.001601 envFloor=0.024750 floor=0.029117 adapt=0.029117 lastPeak=0.012755 calib=0.029117 baseParam=0.000180 gateRatio=0.0550 envParam=0.000450
2025-12-08 03:17:31 [tracker] [s2] onset t=3.355 env=0.01641 baseline=0.01690 gate=0.00169 envFloor=0.01436 onset=0.981>=0.009
2025-12-08 03:17:31 [tracker] [s3] onset t=3.365 env=0.02654 baseline=0.01285 gate=0.00167 envFloor=0.01093 onset=0.601>=0.012
2025-12-08 03:17:32 [tracker] [s3] onset t=3.483 env=0.02313 baseline=0.01285 gate=0.00167 envFloor=0.01093 onset=1.014>=0.012
2025-12-08 03:17:32 [tracker] [s3] note-start t=3.483 fret=5 midi=55 vel=0.28 env=0.02313
2025-12-08 03:17:32 [tracker] [s3] release-retrigger t=3.568 onset=1.050 gate=0.012 age=0.085
2025-12-08 03:17:32 [tracker] [s3] note-ended t=3.568 fret=5 dur=0.085
2025-12-08 03:17:32 [tracker] [s1] aubio-raw t=3.6747 onset=0.719039 env=0.006195 peak=0.010940 gain=1.000
2025-12-08 03:17:32 [tracker] [s1] onset-below-env-floor t=3.6747 env=0.006195 onset=0.719039 thresh=0.006000 baseline=0.029117 gate=0.001601 envFloor=0.024750 floor=0.029117 adapt=0.029117 lastPeak=0.010920 calib=0.029117 baseParam=0.000180 gateRatio=0.0550 envParam=0.000450
2025-12-08 03:17:32 [tracker] [s2] onset t=3.675 env=0.01939 baseline=0.01690 gate=0.00169 envFloor=0.01436 onset=0.883>=0.009
2025-12-08 03:17:32 [tracker] [s3] onset t=3.952 env=0.01258 baseline=0.01670 gate=0.00217 envFloor=0.01093 onset=0.752>=0.012
2025-12-08 03:17:32 [tracker] [s3] note-start t=3.952 fret=5 midi=55 vel=0.15 env=0.01258
2025-12-08 03:17:32 [tracker] [s1] aubio-raw t=3.9733 onset=1.019240 env=0.025454 peak=0.078233 gain=1.000
2025-12-08 03:17:32 [tracker] [s1] onset-accepted t=3.9733 env=0.025454 onset=1.019240 thresh=0.006000 baseline=0.029117 gate=0.001601 envFloor=0.024750 floor=0.029117 adapt=0.029117 lastPeak=0.009490 calib=0.029117 baseParam=0.000180 gateRatio=0.0550 envParam=0.000450
2025-12-08 03:17:32 [tracker] [s1] onset t=3.973 env=0.02545 baseline=0.02912 gate=0.00160 envFloor=0.02475 onset=1.019>=0.006
2025-12-08 03:17:32 [tracker] [s2] onset t=3.984 env=0.01806 baseline=0.01690 gate=0.00169 envFloor=0.01436 onset=1.443>=0.009
2025-12-08 03:17:32 [tracker] [s3] release-quiet t=4.080 avgEnv=0.00524 floor=0.00896 quietFrames=8
2025-12-08 03:17:32 [tracker] [s3] note-ended t=4.080 fret=5 dur=0.128
2025-12-08 03:17:32 [tracker] [s1] aubio-raw t=4.1333 onset=0.710124 env=0.003862 peak=0.007692 gain=1.000
2025-12-08 03:17:32 [tracker] [s1] onset-below-env-floor t=4.1333 env=0.003862 onset=0.710124 thresh=0.006000 baseline=0.029117 gate=0.001601 envFloor=0.024750 floor=0.029117 adapt=0.029117 lastPeak=0.008802 calib=0.029117 baseParam=0.000180 gateRatio=0.0550 envParam=0.000450
2025-12-08 03:17:32 [tracker] [s1] aubio-raw t=4.2933 onset=1.322049 env=0.070149 peak=0.170626 gain=1.000
2025-12-08 03:17:32 [tracker] [s1] onset-accepted t=4.2933 env=0.070149 onset=1.322049 thresh=0.006000 baseline=0.029117 gate=0.001601 envFloor=0.024750 floor=0.029117 adapt=0.029117 lastPeak=0.008165 calib=0.029117 baseParam=0.000180 gateRatio=0.0550 envParam=0.000450
2025-12-08 03:17:32 [tracker] [s1] onset t=4.293 env=0.07015 baseline=0.02912 gate=0.00160 envFloor=0.02475 onset=1.322>=0.006
2025-12-08 03:17:32 [tracker] [s2] onset t=4.304 env=0.02403 baseline=0.01690 gate=0.00169 envFloor=0.01436 onset=0.918>=0.009
2025-12-08 03:17:32 [tracker] [s3] onset t=4.315 env=0.01573 baseline=0.01285 gate=0.00167 envFloor=0.01093 onset=0.623>=0.012
2025-12-08 03:17:32 [tracker] [s1] aubio-raw t=4.3787 onset=1.014640 env=0.048763 peak=0.135186 gain=1.000
2025-12-08 03:17:32 [tracker] [s1] onset-accepted t=4.3787 env=0.048763 onset=1.014640 thresh=0.006000 baseline=0.029117 gate=0.001601 envFloor=0.024750 floor=0.029117 adapt=0.029117 lastPeak=0.007844 calib=0.029117 baseParam=0.000180 gateRatio=0.0550 envParam=0.000450
2025-12-08 03:17:32 [tracker] [s1] onset t=4.379 env=0.04876 baseline=0.02912 gate=0.00160 envFloor=0.02475 onset=1.015>=0.006
2025-12-08 03:17:32 [tracker] [s1] note-start t=4.379 fret=5 midi=45 vel=0.59 env=0.04876
2025-12-08 03:17:32 [tracker] [s3] onset t=4.389 env=0.01287 baseline=0.01285 gate=0.00167 envFloor=0.01093 onset=1.234>=0.012
2025-12-08 03:17:32 [tracker] [s3] note-start t=4.389 fret=7 midi=57 vel=0.15 env=0.01287
2025-12-08 03:17:32 [tracker] [s1] aubio-raw t=4.4533 onset=1.183788 env=0.008515 peak=0.017288 gain=1.000
2025-12-08 03:17:32 [tracker] [s1] onset-below-env-floor t=4.4533 env=0.008515 onset=1.183788 thresh=0.006000 baseline=0.042373 gate=0.002331 envFloor=0.024750 floor=0.029117 adapt=0.029117 lastPeak=0.047081 calib=0.029117 baseParam=0.000180 gateRatio=0.0550 envParam=0.000450
2025-12-08 03:17:33 [tracker] [s3] release-quiet t=4.560 avgEnv=0.00097 floor=0.00896 quietFrames=8
2025-12-08 03:17:33 [tracker] [s3] note-ended t=4.560 fret=7 dur=0.171
2025-12-08 03:17:33 [tracker] [s1] aubio-raw t=4.5813 onset=0.845753 env=0.000517 peak=0.001093 gain=1.000
2025-12-08 03:17:33 [tracker] [s1] onset-below-gate t=4.5813 env=0.000517 onset=0.845753 thresh=0.006000 baseline=0.039900 gate=0.002194 envFloor=0.024750 floor=0.029117 adapt=0.029117 lastPeak=0.044333 calib=0.029117 baseParam=0.000180 gateRatio=0.0550 envParam=0.000450
2025-12-08 03:17:33 [tracker] [s1] release-quiet t=4.677 avgEnv=0.00032 floor=0.01435 quietFrames=8
2025-12-08 03:17:33 [tracker] [s1] note-ended t=4.677 fret=5 dur=0.299
2025-12-08 03:17:33 [tracker] [s1] aubio-raw t=4.7520 onset=0.865233 env=0.000196 peak=0.000455 gain=1.000
2025-12-08 03:17:33 [tracker] [s1] onset-below-gate t=4.7520 env=0.000196 onset=0.865233 thresh=0.006000 baseline=0.036825 gate=0.002025 envFloor=0.024750 floor=0.029117 adapt=0.029117 lastPeak=0.040916 calib=0.029117 baseParam=0.000180 gateRatio=0.0550 envParam=0.000450
2025-12-08 03:17:33 [tracker] [s1] aubio-raw t=4.9120 onset=0.838398 env=0.007573 peak=0.013884 gain=1.000
2025-12-08 03:17:33 [tracker] [s1] onset-below-env-floor t=4.9120 env=0.007573 onset=0.838398 thresh=0.006000 baseline=0.034157 gate=0.001879 envFloor=0.024750 floor=0.029117 adapt=0.029117 lastPeak=0.037953 calib=0.029117 baseParam=0.000180 gateRatio=0.0550 envParam=0.000450
2025-12-08 03:17:33 [tracker] [s3] onset t=5.019 env=0.01302 baseline=0.01285 gate=0.00167 envFloor=0.01093 onset=1.313>=0.012
2025-12-08 03:17:33 [tracker] [s1] aubio-raw t=5.1893 onset=1.033574 env=0.005073 peak=0.011134 gain=1.000
2025-12-08 03:17:33 [tracker] [s1] onset-below-env-floor t=5.1893 env=0.005073 onset=1.033574 thresh=0.006000 baseline=0.029984 gate=0.001649 envFloor=0.024750 floor=0.029117 adapt=0.029117 lastPeak=0.033315 calib=0.029117 baseParam=0.000180 gateRatio=0.0550 envParam=0.000450
2025-12-08 03:17:33 [tracker] [s2] onset t=5.200 env=0.05532 baseline=0.01690 gate=0.00169 envFloor=0.01436 onset=1.041>=0.009
2025-12-08 03:17:33 [tracker] [s3] onset t=5.211 env=0.06514 baseline=0.01821 gate=0.00237 envFloor=0.01275 onset=0.539>=0.012
2025-12-08 03:17:33 [tracker] [s4] onset t=5.211 env=0.04334 baseline=0.03112 gate=0.00529 envFloor=0.02646 onset=1.325>=0.014
2025-12-08 03:17:33 [tracker] [s2] onset t=5.285 env=0.04435 baseline=0.01894 gate=0.00189 envFloor=0.01436 onset=1.019>=0.009
2025-12-08 03:17:33 [tracker] [s2] note-start t=5.285 fret=3 midi=48 vel=0.53 env=0.04435
2025-12-08 03:17:33 [tracker] [s3] onset t=5.296 env=0.04690 baseline=0.02403 gate=0.00312 envFloor=0.01682 onset=1.206>=0.012
2025-12-08 03:17:33 [tracker] [s3] note-start t=5.296 fret=5 midi=55 vel=0.56 env=0.04690
2025-12-08 03:17:33 [tracker] [s1] aubio-raw t=5.3493 onset=0.850456 env=0.002093 peak=0.003644 gain=1.000
2025-12-08 03:17:33 [tracker] [s1] onset-below-env-floor t=5.3493 env=0.002093 onset=0.850456 thresh=0.006000 baseline=0.029117 gate=0.001601 envFloor=0.024750 floor=0.029117 adapt=0.029117 lastPeak=0.030902 calib=0.029117 baseParam=0.000180 gateRatio=0.0550 envParam=0.000450
2025-12-08 03:17:33 [tracker] [s3] release-retrigger t=5.392 onset=1.422 gate=0.023 age=0.096
2025-12-08 03:17:33 [tracker] [s3] note-ended t=5.392 fret=5 dur=0.096
2025-12-08 03:17:34 [tracker] [s2] release-quiet t=5.435 avgEnv=0.00035 floor=0.01005 quietFrames=8
2025-12-08 03:17:34 [tracker] [s2] note-ended t=5.435 fret=3 dur=0.149
2025-12-08 03:17:34 [tracker] [s1] aubio-raw t=5.5200 onset=0.918748 env=0.050579 peak=0.135081 gain=1.000
2025-12-08 03:17:34 [tracker] [s1] onset-accepted t=5.5200 env=0.050579 onset=0.918748 thresh=0.006000 baseline=0.029117 gate=0.001601 envFloor=0.024750 floor=0.029117 adapt=0.029117 lastPeak=0.028520 calib=0.029117 baseParam=0.000180 gateRatio=0.0550 envParam=0.000450
2025-12-08 03:17:34 [tracker] [s1] onset t=5.520 env=0.05058 baseline=0.02912 gate=0.00160 envFloor=0.02475 onset=0.919>=0.006
2025-12-08 03:17:34 [tracker] [s2] onset t=5.531 env=0.05838 baseline=0.03557 gate=0.00356 envFloor=0.01466 onset=0.559>=0.009
2025-12-08 03:17:34 [tracker] [s3] onset t=5.541 env=0.01608 baseline=0.03761 gate=0.00489 envFloor=0.01093 onset=0.615>=0.012
2025-12-08 03:17:34 [tracker] [s1] aubio-raw t=5.6053 onset=1.046273 env=0.039043 peak=0.083472 gain=1.000
2025-12-08 03:17:34 [tracker] [s1] onset-accepted t=5.6053 env=0.039043 onset=1.046273 thresh=0.006000 baseline=0.029117 gate=0.001601 envFloor=0.024750 floor=0.029117 adapt=0.029117 lastPeak=0.027399 calib=0.029117 baseParam=0.000180 gateRatio=0.0550 envParam=0.000450
2025-12-08 03:17:34 [tracker] [s1] onset t=5.605 env=0.03904 baseline=0.02912 gate=0.00160 envFloor=0.02475 onset=1.046>=0.006
2025-12-08 03:17:34 [tracker] [s1] note-start t=5.605 fret=5 midi=45 vel=0.47 env=0.03904
2025-12-08 03:17:34 [tracker] [s1] aubio-raw t=5.6907 onset=0.760890 env=0.000632 peak=0.001324 gain=1.000
2025-12-08 03:17:34 [tracker] [s1] onset-below-gate t=5.6907 env=0.000632 onset=0.760890 thresh=0.006000 baseline=0.033758 gate=0.001857 envFloor=0.024750 floor=0.029117 adapt=0.029117 lastPeak=0.037508 calib=0.029117 baseParam=0.000180 gateRatio=0.0550 envParam=0.000450
2025-12-08 03:17:34 [tracker] [s1] aubio-raw t=5.8293 onset=1.316910 env=0.062567 peak=0.173097 gain=1.000
2025-12-08 03:17:34 [tracker] [s1] onset-accepted t=5.8293 env=0.062567 onset=1.316910 thresh=0.006000 baseline=0.031628 gate=0.001740 envFloor=0.024750 floor=0.029117 adapt=0.029117 lastPeak=0.035142 calib=0.029117 baseParam=0.000180 gateRatio=0.0550 envParam=0.000450
2025-12-08 03:17:34 [tracker] [s1] onset t=5.829 env=0.06257 baseline=0.03163 gate=0.00174 envFloor=0.02475 onset=1.317>=0.006
2025-12-08 03:17:34 [tracker] [s1] note-ended (new onset) t=5.829 fret=5 dur=0.224
2025-12-08 03:17:34 [tracker] [s2] onset t=5.840 env=0.05712 baseline=0.03075 gate=0.00308 envFloor=0.01440 onset=0.703>=0.009
2025-12-08 03:17:34 [tracker] [s3] onset t=5.851 env=0.01648 baseline=0.03252 gate=0.00423 envFloor=0.01093 onset=0.699>=0.012
2025-12-08 03:17:34 [tracker] [s1] aubio-raw t=5.9147 onset=1.225148 env=0.056116 peak=0.158159 gain=1.000
2025-12-08 03:17:34 [tracker] [s1] onset-accepted t=5.9147 env=0.056116 onset=1.225148 thresh=0.006000 baseline=0.030385 gate=0.001671 envFloor=0.024750 floor=0.029117 adapt=0.029117 lastPeak=0.033761 calib=0.029117 baseParam=0.000180 gateRatio=0.0550 envParam=0.000450
2025-12-08 03:17:34 [tracker] [s1] onset t=5.915 env=0.05612 baseline=0.03038 gate=0.00167 envFloor=0.02475 onset=1.225>=0.006
2025-12-08 03:17:34 [tracker] [s1] note-start t=5.915 fret=3 midi=43 vel=0.67 env=0.05612
2025-12-08 03:17:34 [tracker] [s2] onset t=5.925 env=0.04364 baseline=0.02955 gate=0.00295 envFloor=0.01680 onset=1.188>=0.009
2025-12-08 03:17:34 [tracker] [s2] note-start t=5.925 fret=5 midi=50 vel=0.52 env=0.04364
2025-12-08 03:17:34 [tracker] [s3] onset t=5.989 env=0.01256 baseline=0.03047 gate=0.00396 envFloor=0.01093 onset=0.864>=0.012
2025-12-08 03:17:34 [tracker] [s3] note-start t=5.989 fret=5 midi=55 vel=0.15 env=0.01256
2025-12-08 03:17:34 [tracker] [s1] aubio-raw t=6.0000 onset=0.537578 env=0.050149 peak=0.121960 gain=1.000
2025-12-08 03:17:34 [tracker] [s1] onset-accepted t=6.0000 env=0.050149 onset=0.537578 thresh=0.006000 baseline=0.048519 gate=0.002669 envFloor=0.024750 floor=0.029117 adapt=0.029117 lastPeak=0.053910 calib=0.029117 baseParam=0.000180 gateRatio=0.0550 envParam=0.000450
2025-12-08 03:17:34 [tracker] [s1] onset t=6.000 env=0.05015 baseline=0.04852 gate=0.00267 envFloor=0.02475 onset=0.538>=0.006
2025-12-08 03:17:34 [tracker] [s1] note-ended (new onset) t=6.000 fret=3 dur=0.085
2025-12-08 03:17:34 [tracker] [s1] note-start t=6.000 fret=3 midi=43 vel=0.60 env=0.05015
2025-12-08 03:17:34 [tracker] [s2] onset t=6.011 env=0.03247 baseline=0.03773 gate=0.00377 envFloor=0.01659 onset=0.946>=0.009
2025-12-08 03:17:34 [tracker] [s2] note-ended (new onset) t=6.011 fret=5 dur=0.085
2025-12-08 03:17:34 [tracker] [s2] note-start t=6.011 fret=5 midi=50 vel=0.39 env=0.03247
2025-12-08 03:17:34 [tracker] [s2] onset t=6.075 env=0.02737 baseline=0.02836 gate=0.00284 envFloor=0.01549 onset=0.763>=0.009
2025-12-08 03:17:34 [tracker] [s2] note-ended (new onset) t=6.075 fret=5 dur=0.064
2025-12-08 03:17:34 [tracker] [s1] aubio-raw t=6.2774 onset=1.050695 env=0.013704 peak=0.036261 gain=1.000
2025-12-08 03:17:34 [tracker] [s1] onset-below-env-floor t=6.2774 env=0.013704 onset=1.050695 thresh=0.006000 baseline=0.039619 gate=0.002179 envFloor=0.024750 floor=0.029117 adapt=0.029117 lastPeak=0.044021 calib=0.029117 baseParam=0.000180 gateRatio=0.0550 envParam=0.000450
2025-12-08 03:17:34 [tracker] [s1] release-retrigger t=6.277 onset=1.051 gate=0.035 age=0.277
2025-12-08 03:17:34 [tracker] [s1] note-ended t=6.277 fret=3 dur=0.277
2025-12-08 03:17:34 [tracker] [s3] release-retrigger t=6.299 onset=0.743 gate=0.012 age=0.309
2025-12-08 03:17:34 [tracker] [s3] note-ended t=6.299 fret=5 dur=0.309
2025-12-08 03:17:34 [tracker] [s1] aubio-raw t=6.3627 onset=1.221363 env=0.001921 peak=0.003063 gain=1.000
2025-12-08 03:17:34 [tracker] [s1] onset-below-gate t=6.3627 env=0.001921 onset=1.221363 thresh=0.006000 baseline=0.038062 gate=0.002093 envFloor=0.024750 floor=0.029117 adapt=0.029117 lastPeak=0.042291 calib=0.029117 baseParam=0.000180 gateRatio=0.0550 envParam=0.000450
2025-12-08 03:17:35 [tracker] [s1] aubio-raw t=6.4694 onset=1.485266 env=0.024046 peak=0.059875 gain=1.000
2025-12-08 03:17:35 [tracker] [s1] onset-below-env-floor t=6.4694 env=0.024046 onset=1.485266 thresh=0.006000 baseline=0.036201 gate=0.001991 envFloor=0.024750 floor=0.029117 adapt=0.029117 lastPeak=0.040223 calib=0.029117 baseParam=0.000180 gateRatio=0.0550 envParam=0.000450
2025-12-08 03:17:35 [tracker] [s2] onset t=6.480 env=0.01584 baseline=0.02344 gate=0.00234 envFloor=0.01436 onset=1.472>=0.009
2025-12-08 03:17:35 [tracker] [s1] aubio-raw t=6.5547 onset=1.092141 env=0.013313 peak=0.030368 gain=1.000
2025-12-08 03:17:35 [tracker] [s1] onset-below-env-floor t=6.5547 env=0.013313 onset=1.092141 thresh=0.006000 baseline=0.034778 gate=0.001913 envFloor=0.024750 floor=0.029117 adapt=0.029117 lastPeak=0.038642 calib=0.029117 baseParam=0.000180 gateRatio=0.0550 envParam=0.000450
2025-12-08 03:17:35 [tracker] [s1] aubio-raw t=6.6400 onset=0.945817 env=0.004437 peak=0.007699 gain=1.000
2025-12-08 03:17:35 [tracker] [s1] onset-below-env-floor t=6.6400 env=0.004437 onset=0.945817 thresh=0.006000 baseline=0.033411 gate=0.001838 envFloor=0.024750 floor=0.029117 adapt=0.029117 lastPeak=0.037123 calib=0.029117 baseParam=0.000180 gateRatio=0.0550 envParam=0.000450
2025-12-08 03:17:35 [tracker] [s1] aubio-raw t=6.7787 onset=1.127263 env=0.024474 peak=0.072929 gain=1.000
2025-12-08 03:17:35 [tracker] [s1] onset-below-env-floor t=6.7787 env=0.024474 onset=1.127263 thresh=0.006000 baseline=0.031303 gate=0.001722 envFloor=0.024750 floor=0.029117 adapt=0.029117 lastPeak=0.034781 calib=0.029117 baseParam=0.000180 gateRatio=0.0550 envParam=0.000450
2025-12-08 03:17:35 [tracker] [s2] onset t=7.077 env=0.02618 baseline=0.01770 gate=0.00177 envFloor=0.01436 onset=0.804>=0.009
2025-12-08 03:17:35 [tracker] [s3] onset t=7.088 env=0.02596 baseline=0.01285 gate=0.00167 envFloor=0.01093 onset=0.930>=0.012
2025-12-08 03:17:35 [tracker] [s3] onset t=7.173 env=0.02320 baseline=0.01285 gate=0.00167 envFloor=0.01093 onset=1.054>=0.012
2025-12-08 03:17:35 [tracker] [s3] note-start t=7.173 fret=3 midi=53 vel=0.28 env=0.02320
2025-12-08 03:17:35 [tracker] [s3] release-retrigger t=7.291 onset=1.445 gate=0.012 age=0.117
2025-12-08 03:17:35 [tracker] [s3] note-ended t=7.291 fret=3 dur=0.117
2025-12-08 03:17:35 [tracker] [s1] aubio-raw t=7.3867 onset=0.707092 env=0.035087 peak=0.106243 gain=1.000
2025-12-08 03:17:35 [tracker] [s1] onset-accepted t=7.3867 env=0.035087 onset=0.707092 thresh=0.006000 baseline=0.029117 gate=0.001601 envFloor=0.024750 floor=0.029117 adapt=0.029117 lastPeak=0.026137 calib=0.029117 baseParam=0.000180 gateRatio=0.0550 envParam=0.000450
2025-12-08 03:17:35 [tracker] [s1] onset t=7.387 env=0.03509 baseline=0.02912 gate=0.00160 envFloor=0.02475 onset=0.707>=0.006
2025-12-08 03:17:36 [tracker] [s2] onset t=7.397 env=0.01551 baseline=0.01690 gate=0.00169 envFloor=0.01436 onset=0.646>=0.009
2025-12-08 03:17:36 [tracker] [s1] aubio-raw t=7.5574 onset=0.732391 env=0.006444 peak=0.012264 gain=1.000
2025-12-08 03:17:36 [tracker] [s1] onset-below-env-floor t=7.5574 env=0.006444 onset=0.732391 thresh=0.006000 baseline=0.029117 gate=0.001601 envFloor=0.024750 floor=0.029117 adapt=0.029117 lastPeak=0.024123 calib=0.029117 baseParam=0.000180 gateRatio=0.0550 envParam=0.000450
2025-12-08 03:17:36 [tracker] [s2] onset t=7.707 env=0.02455 baseline=0.01690 gate=0.00169 envFloor=0.01436 onset=0.534>=0.009
2025-12-08 03:17:36 [tracker] [s3] onset t=7.707 env=0.07091 baseline=0.03029 gate=0.00394 envFloor=0.02120 onset=1.486>=0.012
2025-12-08 03:17:36 [tracker] [s4] onset t=7.717 env=0.05763 baseline=0.03112 gate=0.00529 envFloor=0.02646 onset=1.243>=0.014
2025-12-08 03:17:36 [tracker] [s1] aubio-raw t=7.7280 onset=0.586569 env=0.005742 peak=0.013850 gain=1.000
2025-12-08 03:17:36 [tracker] [s1] onset-below-env-floor t=7.7280 env=0.005742 onset=0.586569 thresh=0.006000 baseline=0.029117 gate=0.001601 envFloor=0.024750 floor=0.029117 adapt=0.029117 lastPeak=0.022264 calib=0.029117 baseParam=0.000180 gateRatio=0.0550 envParam=0.000450
2025-12-08 03:17:36 [tracker] [s4] onset t=7.813 env=0.04009 baseline=0.03112 gate=0.00529 envFloor=0.02646 onset=0.573>=0.014
2025-12-08 03:17:36 [tracker] [s4] note-start t=7.813 fret=5 midi=60 vel=0.48 env=0.04009
2025-12-08 03:17:36 [tracker] [s4] release-quiet t=8.101 avgEnv=0.02277 floor=0.02646 quietFrames=8
2025-12-08 03:17:36 [tracker] [s4] note-ended t=8.101 fret=5 dur=0.288
2025-12-08 03:17:36 [tracker] [s1] aubio-raw t=8.3467 onset=0.515767 env=0.053225 peak=0.132357 gain=1.000
2025-12-08 03:17:36 [tracker] [s1] onset-accepted t=8.3467 env=0.053225 onset=0.515767 thresh=0.006000 baseline=0.029117 gate=0.001601 envFloor=0.024750 floor=0.029117 adapt=0.029117 lastPeak=0.016647 calib=0.029117 baseParam=0.000180 gateRatio=0.0550 envParam=0.000450
2025-12-08 03:17:36 [tracker] [s1] onset t=8.347 env=0.05322 baseline=0.02912 gate=0.00160 envFloor=0.02475 onset=0.516>=0.006
2025-12-08 03:17:36 [tracker] [s2] onset t=8.347 env=0.06632 baseline=0.02220 gate=0.00222 envFloor=0.01554 onset=1.337>=0.009
2025-12-08 03:17:36 [tracker] [s3] onset t=8.357 env=0.03326 baseline=0.01725 gate=0.00224 envFloor=0.01208 onset=1.355>=0.012
2025-12-08 03:17:37 [tracker] [s1] aubio-raw t=8.4321 onset=1.025700 env=0.042902 peak=0.116282 gain=1.000
2025-12-08 03:17:37 [tracker] [s1] onset-accepted t=8.4321 env=0.042902 onset=1.025700 thresh=0.006000 baseline=0.029117 gate=0.001601 envFloor=0.024750 floor=0.029117 adapt=0.029117 lastPeak=0.015993 calib=0.029117 baseParam=0.000180 gateRatio=0.0550 envParam=0.000450
2025-12-08 03:17:37 [tracker] [s1] onset t=8.432 env=0.04290 baseline=0.02912 gate=0.00160 envFloor=0.02475 onset=1.026>=0.006
2025-12-08 03:17:37 [tracker] [s1] note-start t=8.432 fret=3 midi=43 vel=0.51 env=0.04290
2025-12-08 03:17:37 [tracker] [s2] onset t=8.432 env=0.07878 baseline=0.03493 gate=0.00349 envFloor=0.02445 onset=1.315>=0.009
2025-12-08 03:17:37 [tracker] [s2] note-start t=8.432 fret=5 midi=50 vel=0.95 env=0.07878
2025-12-08 03:17:37 [tracker] [s3] onset t=8.443 env=0.03178 baseline=0.01710 gate=0.00222 envFloor=0.01197 onset=1.191>=0.012
2025-12-08 03:17:37 [tracker] [s3] note-start t=8.443 fret=5 midi=55 vel=0.38 env=0.03178
2025-12-08 03:17:37 [tracker] [s2] onset t=8.517 env=0.06765 baseline=0.06811 gate=0.00681 envFloor=0.02504 onset=0.738>=0.009
2025-12-08 03:17:37 [tracker] [s2] note-ended (new onset) t=8.517 fret=5 dur=0.085
2025-12-08 03:17:37 [tracker] [s2] release-retrigger t=8.720 onset=1.496 gate=0.042 age=0.203
2025-12-08 03:17:37 [tracker] [s2] note-ended t=8.720 fret=5 dur=0.203
2025-12-08 03:17:37 [tracker] [s1] aubio-raw t=8.7414 onset=1.454799 env=0.009112 peak=0.020030 gain=1.000
2025-12-08 03:17:37 [tracker] [s1] onset-below-env-floor t=8.7414 env=0.009112 onset=1.454799 thresh=0.006000 baseline=0.033388 gate=0.001836 envFloor=0.024750 floor=0.029117 adapt=0.029117 lastPeak=0.037098 calib=0.029117 baseParam=0.000180 gateRatio=0.0550 envParam=0.000450
2025-12-08 03:17:37 [tracker] [s1] release-retrigger t=8.741 onset=1.455 gate=0.035 age=0.309
2025-12-08 03:17:37 [tracker] [s1] note-ended t=8.741 fret=3 dur=0.309
2025-12-08 03:17:37 [tracker] [s3] release-retrigger t=8.784 onset=0.609 gate=0.015 age=0.341
2025-12-08 03:17:37 [tracker] [s3] note-ended t=8.784 fret=5 dur=0.341
2025-12-08 03:17:37 [tracker] [s1] aubio-raw t=8.9654 onset=0.770363 env=0.061173 peak=0.175067 gain=1.000
2025-12-08 03:17:37 [tracker] [s1] onset-accepted t=8.9654 env=0.061173 onset=0.770363 thresh=0.006000 baseline=0.030052 gate=0.001653 envFloor=0.024750 floor=0.029117 adapt=0.029117 lastPeak=0.033391 calib=0.029117 baseParam=0.000180 gateRatio=0.0550 envParam=0.000450
2025-12-08 03:17:37 [tracker] [s1] onset t=8.965 env=0.06117 baseline=0.03005 gate=0.00165 envFloor=0.02475 onset=0.770>=0.006
2025-12-08 03:17:37 [tracker] [s1] note-start t=8.965 fret=7 midi=47 vel=0.73 env=0.06117
2025-12-08 03:17:37 [tracker] [s2] onset t=8.965 env=0.07801 baseline=0.04933 gate=0.00493 envFloor=0.02089 onset=1.371>=0.009
2025-12-08 03:17:37 [tracker] [s3] onset t=8.976 env=0.03055 baseline=0.02226 gate=0.00289 envFloor=0.01093 onset=1.373>=0.012
2025-12-08 03:17:37 [tracker] [s1] aubio-raw t=9.0507 onset=1.029483 env=0.061932 peak=0.135457 gain=1.000
2025-12-08 03:17:37 [tracker] [s1] onset-accepted t=9.0507 env=0.061932 onset=1.029483 thresh=0.006000 baseline=0.052891 gate=0.002909 envFloor=0.024750 floor=0.029117 adapt=0.029117 lastPeak=0.058768 calib=0.029117 baseParam=0.000180 gateRatio=0.0550 envParam=0.000450
2025-12-08 03:17:37 [tracker] [s1] onset t=9.051 env=0.06193 baseline=0.05289 gate=0.00291 envFloor=0.02475 onset=1.029>=0.006
2025-12-08 03:17:37 [tracker] [s1] note-ended (new onset) t=9.051 fret=7 dur=0.085
2025-12-08 03:17:37 [tracker] [s1] note-start t=9.051 fret=7 midi=47 vel=0.74 env=0.06193
2025-12-08 03:17:37 [tracker] [s2] onset t=9.051 env=0.07904 baseline=0.04739 gate=0.00474 envFloor=0.02697 onset=1.035>=0.009
2025-12-08 03:17:37 [tracker] [s2] note-start t=9.051 fret=7 midi=52 vel=0.95 env=0.07904
2025-12-08 03:17:37 [tracker] [s3] onset t=9.061 env=0.02195 baseline=0.02139 gate=0.00278 envFloor=0.01093 onset=1.014>=0.012
2025-12-08 03:17:37 [tracker] [s3] note-start t=9.061 fret=7 midi=57 vel=0.26 env=0.02195
2025-12-08 03:17:37 [tracker] [s2] release-retrigger t=9.147 onset=1.316 gate=0.051 age=0.096
2025-12-08 03:17:37 [tracker] [s2] note-ended t=9.147 fret=7 dur=0.096
2025-12-08 03:17:37 [tracker] [s1] aubio-raw t=9.1681 onset=1.063112 env=0.007893 peak=0.015138 gain=1.000
2025-12-08 03:17:37 [tracker] [s1] onset-below-env-floor t=9.1681 env=0.007893 onset=1.063112 thresh=0.006000 baseline=0.052749 gate=0.002901 envFloor=0.024750 floor=0.029117 adapt=0.029117 lastPeak=0.058610 calib=0.029117 baseParam=0.000180 gateRatio=0.0550 envParam=0.000450
2025-12-08 03:17:37 [tracker] [s3] release-retrigger t=9.200 onset=1.394 gate=0.013 age=0.139
2025-12-08 03:17:37 [tracker] [s3] note-ended t=9.200 fret=7 dur=0.139
2025-12-08 03:17:37 [tracker] [s1] aubio-raw t=9.2641 onset=0.726754 env=0.001897 peak=0.003104 gain=1.000
2025-12-08 03:17:37 [tracker] [s1] onset-below-gate t=9.2641 env=0.001897 onset=0.726754 thresh=0.006000 baseline=0.050422 gate=0.002773 envFloor=0.024750 floor=0.029117 adapt=0.029117 lastPeak=0.056025 calib=0.029117 baseParam=0.000180 gateRatio=0.0550 envParam=0.000450
2025-12-08 03:17:37 [tracker] [s1] release-quiet t=9.349 avgEnv=0.00027 floor=0.01435 quietFrames=8
2025-12-08 03:17:37 [tracker] [s1] note-ended t=9.349 fret=7 dur=0.299
2025-12-08 03:17:38 [tracker] [s1] aubio-raw t=9.5841 onset=1.101744 env=0.002223 peak=0.005012 gain=1.000
2025-12-08 03:17:38 [tracker] [s1] onset-below-gate t=9.5841 env=0.002223 onset=1.101744 thresh=0.006000 baseline=0.043382 gate=0.002386 envFloor=0.024750 floor=0.029117 adapt=0.029117 lastPeak=0.048203 calib=0.029117 baseParam=0.000180 gateRatio=0.0550 envParam=0.000450
2025-12-08 03:17:38 [tracker] [s1] aubio-raw t=9.9041 onset=1.045670 env=0.001835 peak=0.003901 gain=1.000
2025-12-08 03:17:38 [tracker] [s1] onset-below-gate t=9.9041 env=0.001835 onset=1.045670 thresh=0.006000 baseline=0.037326 gate=0.002053 envFloor=0.024750 floor=0.029117 adapt=0.029117 lastPeak=0.041473 calib=0.029117 baseParam=0.000180 gateRatio=0.0550 envParam=0.000450
2025-12-08 03:17:38 [tracker] [s1] aubio-raw t=10.2134 onset=0.930130 env=0.001046 peak=0.001722 gain=1.000
2025-12-08 03:17:38 [tracker] [s1] onset-below-gate t=10.2134 env=0.001046 onset=0.930130 thresh=0.006000 baseline=0.032276 gate=0.001775 envFloor=0.024750 floor=0.029117 adapt=0.029117 lastPeak=0.035862 calib=0.029117 baseParam=0.000180 gateRatio=0.0550 envParam=0.000450
2025-12-08 03:17:39 [tracker] [s1] aubio-raw t=10.5121 onset=1.302734 env=0.000908 peak=0.002308 gain=1.000
2025-12-08 03:17:39 [tracker] [s1] onset-below-gate t=10.5121 env=0.000908 onset=1.302734 thresh=0.006000 baseline=0.029117 gate=0.001601 envFloor=0.024750 floor=0.029117 adapt=0.029117 lastPeak=0.031166 calib=0.029117 baseParam=0.000180 gateRatio=0.0550 envParam=0.000450
2025-12-08 03:17:40 [tracker] [s3] onset t=11.547 env=0.02302 baseline=0.01285 gate=0.00167 envFloor=0.01093 onset=0.566>=0.012
2025-12-08 03:17:40 [tracker] [s3] onset t=11.621 env=0.02096 baseline=0.01285 gate=0.00167 envFloor=0.01093 onset=1.047>=0.012
2025-12-08 03:17:40 [tracker] [s3] note-start t=11.621 fret=7 midi=57 vel=0.25 env=0.02096
2025-12-08 03:17:40 [tracker] [s3] release-retrigger t=11.685 onset=1.299 gate=0.012 age=0.064
2025-12-08 03:17:40 [tracker] [s3] note-ended t=11.685 fret=7 dur=0.064
2025-12-08 03:17:40 [tracker] [s3] onset t=11.984 env=0.01851 baseline=0.01591 gate=0.00207 envFloor=0.01093 onset=0.659>=0.012
2025-12-08 03:17:41 [tracker] [s3] onset t=13.104 env=0.02462 baseline=0.01285 gate=0.00167 envFloor=0.01093 onset=1.345>=0.012
2025-12-08 03:17:41 [tracker] [s3] onset t=13.189 env=0.01869 baseline=0.01285 gate=0.00167 envFloor=0.01093 onset=1.065>=0.012
2025-12-08 03:17:41 [tracker] [s3] note-start t=13.189 fret=7 midi=57 vel=0.22 env=0.01869
2025-12-08 03:17:41 [tracker] [s3] release-retrigger t=13.296 onset=1.125 gate=0.012 age=0.107
2025-12-08 03:17:41 [tracker] [s3] note-ended t=13.296 fret=7 dur=0.107
2025-12-08 03:17:42 [tracker] [s3] onset t=13.584 env=0.02328 baseline=0.01397 gate=0.00182 envFloor=0.01093 onset=1.449>=0.012
2025-12-08 03:17:42 [tracker] [s4] onset t=13.584 env=0.03024 baseline=0.03112 gate=0.00529 envFloor=0.02646 onset=0.562>=0.014
2025-12-08 03:17:42 [tracker] [s3] onset t=13.723 env=0.01683 baseline=0.01309 gate=0.00170 envFloor=0.01093 onset=0.543>=0.012
2025-12-08 03:17:42 [tracker] [s3] note-start t=13.723 fret=5 midi=55 vel=0.20 env=0.01683
2025-12-08 03:17:42 [tracker] [s1] aubio-raw t=13.8935 onset=1.321200 env=0.002639 peak=0.004785 gain=1.000
2025-12-08 03:17:42 [tracker] [s1] onset-below-env-floor t=13.8935 env=0.002639 onset=1.321200 thresh=0.006000 baseline=0.029117 gate=0.001601 envFloor=0.024750 floor=0.029117 adapt=0.029117 lastPeak=0.006362 calib=0.029117 baseParam=0.000180 gateRatio=0.0550 envParam=0.000450
2025-12-08 03:17:42 [tracker] [s3] release-quiet t=13.979 avgEnv=0.00205 floor=0.00896 quietFrames=8
2025-12-08 03:17:42 [tracker] [s3] note-ended t=13.979 fret=5 dur=0.256
2025-12-08 03:17:42 [tracker] [s3] onset t=14.075 env=0.05644 baseline=0.01961 gate=0.00255 envFloor=0.01373 onset=0.808>=0.012
2025-12-08 03:17:42 [tracker] [s3] onset t=14.224 env=0.03393 baseline=0.02256 gate=0.00293 envFloor=0.01579 onset=1.102>=0.012
2025-12-08 03:17:42 [tracker] [s3] note-start t=14.224 fret=5 midi=55 vel=0.41 env=0.03393
2025-12-08 03:17:42 [test-mode] stop session='live/Rock n Roll Coochy Coo' position=0.00 duration=36.31
