# SignalAssistant session log
# Started at 2025-12-27 04:29:42
2025-12-27 04:29:42 [session] mode=live session='' path='' duration=0.00 files=0
2025-12-27 04:29:42 [tracker-settings] TrackerConfig onsetThreshold=0.02000 minNoteDurSec=0.045 hopSec=0.010 slideDelta=120.0 bendDelta=35.0
2025-12-27 04:29:42 [tracker-settings] string1 midi=40 lowCut=77.50Hz highCut=135.00Hz baseline=0.001000 gateRatio=0.05500 envFloor=0.001500 sustainScale=0.580 retriggerScale=1.400 pitchTol=0.250 onsetScale=0.360
2025-12-27 04:29:42 [tracker-settings] string2 midi=45 lowCut=102.50Hz highCut=215.00Hz baseline=0.001200 gateRatio=0.10000 envFloor=0.001800 sustainScale=0.700 retriggerScale=1.250 pitchTol=0.400 onsetScale=0.610
2025-12-27 04:29:42 [tracker-settings] string3 midi=50 lowCut=137.50Hz highCut=290.00Hz baseline=0.001400 gateRatio=0.13000 envFloor=0.002100 sustainScale=0.820 retriggerScale=1.100 pitchTol=0.450 onsetScale=0.930
2025-12-27 04:29:42 [tracker-settings] string4 midi=55 lowCut=187.50Hz highCut=385.00Hz baseline=0.001600 gateRatio=0.17000 envFloor=0.002400 sustainScale=1.000 retriggerScale=1.000 pitchTol=0.440 onsetScale=1.260
2025-12-27 04:29:42 [tracker-settings] string5 midi=59 lowCut=237.50Hz highCut=485.00Hz baseline=0.001800 gateRatio=0.21000 envFloor=0.002700 sustainScale=1.000 retriggerScale=1.000 pitchTol=0.500 onsetScale=1.440
2025-12-27 04:29:42 [tracker-settings] string6 midi=64 lowCut=317.50Hz highCut=650.00Hz baseline=0.002000 gateRatio=0.25000 envFloor=0.003000 sustainScale=1.000 retriggerScale=1.000 pitchTol=0.550 onsetScale=1.620
2025-12-27 04:29:42 [calibration] Loaded avgRms/peakRms from legacy calibration file
2025-12-27 04:29:42 [calibration] Calibration profile derived from tuning state
2025-12-27 04:29:43 [filter-config] String 1: lowCutMult=75.00 highCutMult=135.00 -> lowCut=75.00 highCut=135.00
2025-12-27 04:29:43 [filter] Low E AGGRESSIVE LPF: 150Hz, LP[0.000095,0.000190,0.000095,-1.972234,0.972614]
2025-12-27 04:29:43 [raw-input] LOW E RAW INPUT: n=128 zc=95 zcFreq=17812.5Hz samples=[0.00685,-0.00789,0.00095,0.00076,0.01644]
2025-12-27 04:29:43 [aubio-input] LOW E aubio buffer: hop=128 peak=0.01733 rms=0.00855 zc=95 zcFreq=17812.5Hz filtered=0 samples=[0.00685,-0.00789,0.00095,0.00076,0.01644]
2025-12-27 04:29:43 [raw-input] LOW E RAW INPUT: n=128 zc=101 zcFreq=18937.5Hz samples=[0.00055,-0.00003,0.01641,-0.01618,0.00981]
2025-12-27 04:29:43 [aubio-input] LOW E aubio buffer: hop=128 peak=0.01641 rms=0.00873 zc=101 zcFreq=18937.5Hz filtered=0 samples=[0.00055,-0.00003,0.01641,-0.01618,0.00981]
2025-12-27 04:29:43 [raw-input] LOW E RAW INPUT: n=128 zc=101 zcFreq=18937.5Hz samples=[0.01555,-0.01545,0.00898,-0.00399,0.00007]
2025-12-27 04:29:43 [aubio-input] LOW E aubio buffer: hop=128 peak=0.01843 rms=0.00855 zc=101 zcFreq=18937.5Hz filtered=0 samples=[0.01555,-0.01545,0.00898,-0.00399,0.00007]
2025-12-27 04:29:43 [aubio-input] LOW E aubio buffer: hop=128 peak=0.01815 rms=0.00845 zc=101 zcFreq=18937.5Hz filtered=0 samples=[0.00756,-0.00084,0.00194,-0.00436,0.01418]
2025-12-27 04:29:43 [aubio-input] LOW E aubio buffer: hop=128 peak=0.01799 rms=0.00864 zc=108 zcFreq=20250.0Hz filtered=0 samples=[-0.00185,-0.00371,0.01199,-0.01298,0.00635]
2025-12-27 04:29:49 [detection] LOW E REJECT: pitch=-1.00 midi=-1 (no pitch or midi)
2025-12-27 04:29:51 [detection] LOW E REJECT: pitch=-1.00 midi=-1 (no pitch or midi)
2025-12-27 04:29:51 [detection] LOW E ONSET: fret=0 pitch=82.70Hz midi=40 stable=1 env=0.0188 onset=1.314
2025-12-27 04:29:51 [detection] LOW E ACCEPTED: detectedHz=82.70 expectedHz=82.41 midi=40(should be 40) fret=0
2025-12-27 04:29:51 [detection]      S1F0 ON (onset=1.314 env=0.0188)
2025-12-27 04:29:51 [detection]      S2F7 ON (onset=1.004 env=0.0039)
2025-12-27 04:29:54 [detection]      S2F7 OFF (sustained-quiet: avgEnv=0.0016 < floor=0.0018)
2025-12-27 04:29:54 [detection]      S1F0 OFF (sustained-quiet: avgEnv=0.0007 < floor=0.0010)
2025-12-27 04:29:57 [detection] LOW E REJECT: pitch=-1.00 midi=-1 (no pitch or midi)
2025-12-27 04:29:58 [detection]      S2F7 ON (onset=1.185 env=0.0024)
2025-12-27 04:29:59 [detection]      S2F7 OFF (sustained-quiet: avgEnv=0.0017 < floor=0.0018)
2025-12-27 04:30:02 [detection] LOW E REJECT: pitch=-1.00 midi=-1 (no pitch or midi)
2025-12-27 04:30:03 [detection]      S2F7 ON (onset=1.001 env=0.0021)
2025-12-27 04:30:04 [detection]      S2F7 OFF (sustained-quiet: avgEnv=0.0005 < floor=0.0018)
2025-12-27 04:30:05 [detection] LOW E REJECT: pitch=-1.00 midi=-1 (no pitch or midi)
2025-12-27 04:30:05 [detection]      S2F7 ON (onset=1.360 env=0.0035)
2025-12-27 04:30:05 [detection]      S2F7 OFF (sustained-quiet: avgEnv=0.0008 < floor=0.0018)
2025-12-27 04:30:05 [detection] LOW E REJECT: pitch=-1.00 midi=-1 (no pitch or midi)
2025-12-27 04:30:06 [detection] LOW E ONSET: fret=1 pitch=88.19Hz midi=41 stable=1 env=0.0147 onset=0.626
2025-12-27 04:30:06 [detection]      S1F1 ON (onset=0.626 env=0.0147)
2025-12-27 04:30:06 [detection]      S1F1 OFF (sharp-drop: 0.0121 -> 0.0010)
2025-12-27 04:30:10 [detection] LOW E REJECT: pitch=-1.00 midi=-1 (no pitch or midi)
2025-12-27 04:30:11 [detection] LOW E ONSET: fret=1 pitch=88.86Hz midi=41 stable=0 env=0.0285 onset=0.797
2025-12-27 04:30:11 [detection] LOW E REJECT: pitch unstable (88.86Hz midi=41)
2025-12-27 04:30:12 [detection] LOW E REJECT: pitch=-1.00 midi=-1 (no pitch or midi)
2025-12-27 04:30:14 [detection] LOW E REJECT: pitch=-1.00 midi=-1 (no pitch or midi)
2025-12-27 04:30:15 [detection] LOW E REJECT: pitch=-1.00 midi=-1 (no pitch or midi)
2025-12-27 04:30:21 [detection] LOW E REJECT: pitch=-1.00 midi=-1 (no pitch or midi)
2025-12-27 04:30:22 [detection] LOW E REJECT: pitch=-1.00 midi=-1 (no pitch or midi)
2025-12-27 04:30:22 [detection] LOW E REJECT: pitch=-1.00 midi=-1 (no pitch or midi)
2025-12-27 04:30:23 [detection]      S2F7 ON (onset=0.995 env=0.0027)
2025-12-27 04:30:23 [detection]      S2F7 OFF (sustained-quiet: avgEnv=0.0005 < floor=0.0018)
2025-12-27 04:30:25 [detection]      S2F0 ON (onset=1.185 env=0.0280)
2025-12-27 04:30:25 [detection]      S2F0 OFF (sharp-drop: 0.0221 -> 0.0017)
2025-12-27 04:30:27 [detection]      S2F0 ON (onset=0.975 env=0.0602)
2025-12-27 04:30:28 [detection]      S2F0 OFF (sharp-drop: 0.0087 -> 0.0013)
2025-12-27 04:30:38 [detection]      S5F9 ON (onset=0.787 env=0.3442)
2025-12-27 04:30:38 [detection]      S3F6 ON (onset=1.197 env=0.0320)
2025-12-27 04:30:38 [detection]      S2F4 ON (onset=0.887 env=0.0522)
2025-12-27 04:30:38 [detection] LOW E REJECT: pitch=-1.00 midi=-1 (no pitch or midi)
2025-12-27 04:30:38 [detection]      S5F9 OFF (sharp-drop: 0.1867 -> 0.0016)
2025-12-27 04:30:38 [detection]      S4F6 ON (onset=0.998 env=0.0522)
2025-12-27 04:30:38 [detection]      S3F6 OFF (sharp-drop: 0.0194 -> 0.0013)
2025-12-27 04:30:38 [detection]      S2F4 OFF (sharp-drop: 0.0308 -> 0.0014)
2025-12-27 04:30:38 [detection]      S4F6 OFF (sharp-drop: 0.0462 -> 0.0014)
2025-12-27 04:31:09 [detection] LOW E REJECT: pitch=-1.00 midi=-1 (no pitch or midi)
2025-12-27 04:31:10 [detection]      S2F4 ON (onset=1.269 env=0.0451)
2025-12-27 04:31:10 [detection]      S2F4 OFF (sharp-drop: 0.0289 -> 0.0017)
2025-12-27 04:31:10 [detection]      S3F6 ON (onset=1.388 env=0.0330)
2025-12-27 04:31:10 [detection]      S4 Rejected Note (env=0.0008 < floor=0.0016)
2025-12-27 04:31:10 [detection]      S4F6 ON (onset=0.994 env=0.1031)
2025-12-27 04:31:10 [detection]      S3F6 OFF (sharp-drop: 0.0188 -> 0.0014)
2025-12-27 04:31:10 [detection]      S4F6 OFF (sharp-drop: 0.0883 -> 0.0014)
2025-12-27 04:31:13 [detection] LOW E REJECT: pitch=-1.00 midi=-1 (no pitch or midi)
2025-12-27 04:31:24 [detection] LOW E REJECT: pitch=-1.00 midi=-1 (no pitch or midi)
2025-12-27 04:31:25 [detection]      S4F6 ON (onset=1.081 env=0.4496)
2025-12-27 04:31:25 [detection]      S3F6 ON (onset=1.243 env=0.0950)
2025-12-27 04:31:25 [detection]      S2F4 ON (onset=0.945 env=0.0730)
2025-12-27 04:31:25 [detection]      S6 Rejected Note (env=0.0018 < floor=0.0020)
2025-12-27 04:31:25 [detection]      S2F4 OFF (sharp-drop: 0.0563 -> 0.0016)
2025-12-27 04:31:25 [detection]      S3F6 OFF (sharp-drop: 0.0352 -> 0.0013)
2025-12-27 04:31:25 [detection]      S4F6 OFF (sharp-drop: 0.1530 -> 0.0015)
2025-12-27 04:31:32 [detection]      S3 Rejected Note (env=0.0011 < floor=0.0014)
2025-12-27 04:31:32 [detection]      S6F5 ON (onset=0.777 env=0.2761)
2025-12-27 04:31:33 [detection]      S6F5 OFF (sharp-drop: 0.1490 -> 0.0011)
2025-12-27 04:31:34 [detection]      S6F24 ON (onset=0.833 env=0.0948)
2025-12-27 04:31:34 [detection]      S5F20 ON (onset=1.294 env=0.0087)
2025-12-27 04:31:34 [detection]      S5F20 OFF (sharp-drop: 0.0077 -> 0.0009)
2025-12-27 04:31:34 [detection]      S6F24 OFF (sharp-drop: 0.0595 -> 0.0008)
2025-12-27 04:31:36 [detection] LOW E REJECT: pitch=-1.00 midi=-1 (no pitch or midi)
2025-12-27 04:31:37 [detection]      S6F19 ON (onset=1.259 env=0.0048)
2025-12-27 04:31:38 [detection]      S6F19 OFF (sustained-quiet: avgEnv=0.0020 < floor=0.0020)
2025-12-27 04:31:41 [detection] LOW E REJECT: pitch=-1.00 midi=-1 (no pitch or midi)
2025-12-27 04:31:47 [detection]      S6 Rejected Note (env=0.0015 < floor=0.0020)
2025-12-27 04:31:47 [detection]      S5 Rejected Note (env=0.0011 < floor=0.0018)
