# SignalAssistant session log
# Started at 2025-12-16 05:25:10
2025-12-16 05:25:10 [session] mode=live session='' path='' duration=0.00 files=0
2025-12-16 05:25:10 [tracker-settings] TrackerConfig onsetThreshold=0.02000 minNoteDurSec=0.045 hopSec=0.010 slideDelta=120.0 bendDelta=35.0
2025-12-16 05:25:10 [tracker-settings] string1 midi=40 lowCut=37.08Hz highCut=445.00Hz baseline=0.000180 gateRatio=0.05500 envFloor=0.000450 sustainScale=0.580 retriggerScale=1.400 peakRelease=0.120 pitchTol=0.400 onsetScale=0.006
2025-12-16 05:25:10 [tracker-settings] string2 midi=45 lowCut=55.00Hz highCut=563.20Hz baseline=0.000220 gateRatio=0.10000 envFloor=0.000550 sustainScale=0.700 retriggerScale=1.250 peakRelease=0.130 pitchTol=0.400 onsetScale=0.009
2025-12-16 05:25:10 [tracker-settings] string3 midi=50 lowCut=85.16Hz highCut=693.05Hz baseline=0.000260 gateRatio=0.13000 envFloor=0.000650 sustainScale=0.820 retriggerScale=1.100 peakRelease=0.140 pitchTol=0.450 onsetScale=0.012
2025-12-16 05:25:10 [tracker-settings] string4 midi=55 lowCut=127.40Hz highCut=862.39Hz baseline=0.000320 gateRatio=0.17000 envFloor=0.000780 sustainScale=1.000 retriggerScale=1.000 peakRelease=0.160 pitchTol=0.440 onsetScale=0.014
2025-12-16 05:25:10 [tracker-settings] string5 midi=59 lowCut=160.51Hz highCut=1086.54Hz baseline=0.000370 gateRatio=0.21000 envFloor=0.000900 sustainScale=1.000 retriggerScale=1.000 peakRelease=0.180 pitchTol=0.500 onsetScale=0.016
2025-12-16 05:25:10 [tracker-settings] string6 midi=64 lowCut=214.26Hz highCut=1450.36Hz baseline=0.000420 gateRatio=0.25000 envFloor=0.001050 sustainScale=1.000 retriggerScale=1.000 peakRelease=0.200 pitchTol=0.550 onsetScale=0.018
2025-12-16 05:25:10 [tracker] [s1] calibration reset target=0.00180 gain=1.000
2025-12-16 05:25:10 [tracker] [s2] calibration reset target=0.00180 gain=1.000
2025-12-16 05:25:10 [tracker] [s3] calibration reset target=0.00180 gain=1.000
2025-12-16 05:25:10 [tracker] [s4] calibration reset target=0.00180 gain=1.000
2025-12-16 05:25:10 [tracker] [s5] calibration reset target=0.00180 gain=1.000
2025-12-16 05:25:10 [tracker] [s6] calibration reset target=0.00180 gain=1.000
2025-12-16 05:25:10 [calibration] Loading calibration profile multipliers into parameters
2025-12-16 05:25:10 [calibration] String 1: setting multiplier to 6.317
2025-12-16 05:25:10 [calibration] String 2: setting multiplier to 8.000
2025-12-16 05:25:10 [calibration] String 3: setting multiplier to 8.000
2025-12-16 05:25:10 [calibration] String 4: setting multiplier to 8.000
2025-12-16 05:25:10 [calibration] String 5: setting multiplier to 8.000
2025-12-16 05:25:10 [calibration] String 6: setting multiplier to 8.000
2025-12-16 05:25:10 [tracker] [s1] calibration avg=0.03970 target=0.00180 gain=1.000
2025-12-16 05:25:10 [tracker] [s2] calibration avg=0.01940 target=0.00180 gain=1.000
2025-12-16 05:25:10 [tracker] [s3] calibration avg=0.01411 target=0.00180 gain=1.000
2025-12-16 05:25:10 [tracker] [s4] calibration avg=0.03018 target=0.00180 gain=1.000
2025-12-16 05:25:10 [tracker] [s5] calibration avg=0.02970 target=0.00180 gain=1.000
2025-12-16 05:25:10 [tracker] [s6] calibration avg=0.02331 target=0.00180 gain=1.000
2025-12-16 05:25:10 [tracker] [s1] configure sr=48000.0 hop=128 fft=1024 low=37.1 high=445.0
2025-12-16 05:25:10 [tracker] [s1] params baseline=0.000180 gate=0.0550 envFloor=0.000450 sustain=0.580 retrigger=1.400 peakRelease=0.120 pitchTol=0.400 onsetScale=0.006 aubioScale=1.20 aubioThresh=0.024 onsetSilence=-85.0 pitchSilence=-90.0
2025-12-16 05:25:10 [tracker] [s2] configure sr=48000.0 hop=128 fft=1024 low=55.0 high=563.2
2025-12-16 05:25:10 [tracker] [s2] params baseline=0.000220 gate=0.0100 envFloor=0.000100 sustain=1.500 retrigger=1.250 peakRelease=0.130 pitchTol=0.400 onsetScale=0.009 aubioScale=1.35 aubioThresh=0.027 onsetSilence=-85.0 pitchSilence=-90.0
2025-12-16 05:25:10 [tracker] [s3] configure sr=48000.0 hop=128 fft=1024 low=85.2 high=693.0
2025-12-16 05:25:10 [tracker] [s3] params baseline=0.000260 gate=0.1300 envFloor=0.000650 sustain=0.820 retrigger=1.100 peakRelease=0.140 pitchTol=0.450 onsetScale=0.012 aubioScale=1.60 aubioThresh=0.032 onsetSilence=-75.0 pitchSilence=-80.0
2025-12-16 05:25:10 [tracker] [s4] configure sr=48000.0 hop=128 fft=1024 low=127.4 high=862.4
2025-12-16 05:25:10 [tracker] [s4] params baseline=0.000320 gate=0.1700 envFloor=0.000780 sustain=1.000 retrigger=1.000 peakRelease=0.160 pitchTol=0.440 onsetScale=0.014 aubioScale=1.80 aubioThresh=0.036 onsetSilence=-75.0 pitchSilence=-80.0
2025-12-16 05:25:10 [tracker] [s5] configure sr=48000.0 hop=128 fft=512 low=160.5 high=1086.5
2025-12-16 05:25:10 [tracker] [s5] params baseline=0.000370 gate=0.2100 envFloor=0.000900 sustain=1.000 retrigger=1.000 peakRelease=0.180 pitchTol=0.500 onsetScale=0.016 aubioScale=1.80 aubioThresh=0.036 onsetSilence=-75.0 pitchSilence=-80.0
2025-12-16 05:25:10 [tracker] [s6] configure sr=48000.0 hop=128 fft=512 low=214.3 high=1450.4
2025-12-16 05:25:10 [tracker] [s6] params baseline=0.000420 gate=0.2500 envFloor=0.001050 sustain=1.000 retrigger=1.000 peakRelease=0.200 pitchTol=0.550 onsetScale=0.018 aubioScale=1.80 aubioThresh=0.036 onsetSilence=-75.0 pitchSilence=-80.0
2025-12-16 05:25:10 [tracker] [s1] aubio-raw t=0.0200 onset=4.000000 env=0.000554 peak=0.001320 gain=1.000
2025-12-16 05:25:10 [tracker] [s1] onset-below-env-floor t=0.0200 env=0.000554 gate=0.000022 envDelta=0.000533 envFloor=0.000592 onset=4.000000 thresh=0.006000 onsetDelta=3.994000 baseline=0.000395 floor=0.000180 adapt=0.000987 lastPeak=0.000000 baseParam=0.000180 gateRatio=0.0550 envParam=0.000450 onsetScale=0.300 retriggerScale=1.400 guard=0.060 guardRemain=0.000 activeAge=-1.000 retrigRemain=0.000 pitchHz=125.16 pitchCents=723.6
2025-12-16 05:25:10 [tracker] [s2] onset t=0.020 env=0.00162 gate=0.00000 envDelta=0.00161 envFloor=0.00066 onset=4.000 thresh=0.009 onsetDelta=3.99100 baseline=0.00044 adaptive=0.00109 lastPeak=0.00000 guard=0.060 activeAge=-1.000 pitch=125.16Hz pitchCents=223.6
2025-12-16 05:25:10 [tracker] [s3] onset t=0.020 env=0.00144 gate=0.00006 envDelta=0.00138 envFloor=0.00065 onset=4.000 thresh=0.012 onsetDelta=3.98840 baseline=0.00043 adaptive=0.00107 lastPeak=0.00000 guard=0.060 activeAge=-1.000 pitch=125.16Hz pitchCents=-276.4
2025-12-16 05:25:10 [tracker] [s4] onset t=0.020 env=0.00162 gate=0.00007 envDelta=0.00155 envFloor=0.00078 onset=4.000 thresh=0.014 onsetDelta=3.98600 baseline=0.00044 adaptive=0.00109 lastPeak=0.00000 guard=0.060 activeAge=-1.000 pitch=125.16Hz pitchCents=-776.4
2025-12-16 05:25:10 [tracker] [s5] onset t=0.028 env=0.00172 gate=0.00009 envDelta=0.00163 envFloor=0.00090 onset=4.000 thresh=0.016 onsetDelta=3.98400 baseline=0.00044 adaptive=0.00111 lastPeak=0.00000 guard=0.060 activeAge=-1.000 pitch=376.47Hz pitchCents=730.0
2025-12-16 05:25:10 [tracker] [s6] onset t=0.028 env=0.00199 gate=0.00011 envDelta=0.00188 envFloor=0.00105 onset=4.000 thresh=0.018 onsetDelta=3.98200 baseline=0.00046 adaptive=0.00115 lastPeak=0.00000 guard=0.060 activeAge=-1.000 pitch=376.47Hz pitchCents=230.0
2025-12-16 05:25:10 [tracker] [s2] onset t=0.116 env=0.00106 gate=0.00001 envDelta=0.00105 envFloor=0.00076 onset=0.972 thresh=0.009 onsetDelta=0.96270 baseline=0.00051 adaptive=0.00127 lastPeak=0.00000 guard=0.060 activeAge=-1.000 pitch=-1.00Hz pitchCents=0.0
2025-12-16 05:25:11 [tracker] [s4] onset t=0.236 env=0.00132 gate=0.00010 envDelta=0.00122 envFloor=0.00090 onset=0.690 thresh=0.014 onsetDelta=0.67637 baseline=0.00060 adaptive=0.00149 lastPeak=0.00000 guard=0.060 activeAge=-1.000 pitch=-1.00Hz pitchCents=0.0
2025-12-16 05:25:11 [tracker] [s2] onset t=0.257 env=0.00100 gate=0.00000 envDelta=0.00100 envFloor=0.00075 onset=0.986 thresh=0.009 onsetDelta=0.97733 baseline=0.00050 adaptive=0.00125 lastPeak=0.00000 guard=0.060 activeAge=-1.000 pitch=96.39Hz pitchCents=-228.7
2025-12-16 05:25:11 [tracker] [s1] aubio-raw t=0.2653 onset=1.105598 env=0.000531 peak=0.001455 gain=1.000
2025-12-16 05:25:11 [tracker] [s1] onset-accepted t=0.2653 env=0.000531 gate=0.000017 envDelta=0.000514 envFloor=0.000455 onset=1.105598 thresh=0.006000 onsetDelta=1.099598 baseline=0.000303 floor=0.000180 adapt=0.000758 lastPeak=0.000000 baseParam=0.000180 gateRatio=0.0550 envParam=0.000450 onsetScale=0.300 retriggerScale=1.400 guard=0.060 guardRemain=0.000 activeAge=-1.000 retrigRemain=0.000 pitchHz=96.38 pitchCents=271.2
2025-12-16 05:25:11 [tracker] [s1] onset t=0.265 env=0.00053 gate=0.00002 envDelta=0.00051 envFloor=0.00045 onset=1.106 thresh=0.006 onsetDelta=1.09960 baseline=0.00030 adaptive=0.00076 lastPeak=0.00000 guard=0.060 activeAge=-1.000 pitch=96.38Hz pitchCents=271.2
2025-12-16 05:25:11 [tracker] [s1] note-start t=0.265 fret=3 midi=43 vel=0.01 env=0.00053
2025-12-16 05:25:11 [tracker] [s4] onset t=0.340 env=0.00130 gate=0.00010 envDelta=0.00120 envFloor=0.00090 onset=1.058 thresh=0.014 onsetDelta=1.04436 baseline=0.00060 adaptive=0.00150 lastPeak=0.00000 guard=0.060 activeAge=-1.000 pitch=-1.00Hz pitchCents=0.0
2025-12-16 05:25:11 [tracker] [s5] onset t=0.404 env=0.00169 gate=0.00015 envDelta=0.00155 envFloor=0.00106 onset=1.343 thresh=0.016 onsetDelta=1.32706 baseline=0.00071 adaptive=0.00177 lastPeak=0.00000 guard=0.060 activeAge=-1.000 pitch=-1.00Hz pitchCents=0.0
2025-12-16 05:25:11 [tracker] [s6] onset t=0.415 env=0.00207 gate=0.00021 envDelta=0.00186 envFloor=0.00126 onset=1.271 thresh=0.018 onsetDelta=1.25258 baseline=0.00084 adaptive=0.00210 lastPeak=0.00000 guard=0.060 activeAge=-1.000 pitch=-1.00Hz pitchCents=0.0
2025-12-16 05:25:11 [tracker] [s4] onset t=0.439 env=0.00159 gate=0.00010 envDelta=0.00149 envFloor=0.00092 onset=0.887 thresh=0.014 onsetDelta=0.87331 baseline=0.00062 adaptive=0.00154 lastPeak=0.00000 guard=0.060 activeAge=-1.000 pitch=-1.00Hz pitchCents=0.0
2025-12-16 05:25:11 [tracker] [s2] onset t=0.455 env=0.00103 gate=0.00001 envDelta=0.00102 envFloor=0.00078 onset=0.993 thresh=0.009 onsetDelta=0.98381 baseline=0.00052 adaptive=0.00130 lastPeak=0.00000 guard=0.060 activeAge=-1.000 pitch=100.00Hz pitchCents=-165.0
2025-12-16 05:25:11 [tracker] [s2] note-start t=0.455 fret=0 midi=45 vel=0.01 env=0.00103
2025-12-16 05:25:11 [tracker] [s1] aubio-raw t=0.4760 onset=1.172761 env=0.001125 peak=0.002408 gain=1.000
2025-12-16 05:25:11 [tracker] [s1] onset-accepted t=0.4760 env=0.001125 gate=0.000021 envDelta=0.001104 envFloor=0.000561 onset=1.172761 thresh=0.006000 onsetDelta=1.166761 baseline=0.000374 floor=0.000180 adapt=0.000934 lastPeak=0.000357 baseParam=0.000180 gateRatio=0.0550 envParam=0.000450 onsetScale=0.300 retriggerScale=1.400 guard=0.060 guardRemain=0.000 activeAge=0.211 retrigRemain=0.009 pitchHz=145.46 pitchCents=983.7
2025-12-16 05:25:11 [tracker] [s1] onset t=0.476 env=0.00112 gate=0.00002 envDelta=0.00110 envFloor=0.00056 onset=1.173 thresh=0.006 onsetDelta=1.16676 baseline=0.00037 adaptive=0.00093 lastPeak=0.00036 guard=0.060 activeAge=0.211 pitch=145.46Hz pitchCents=983.7
2025-12-16 05:25:11 [tracker] [s1] note-ended (new onset) t=0.476 fret=3 dur=0.211
2025-12-16 05:25:11 [tracker] [s6] onset t=0.484 env=0.00181 gate=0.00021 envDelta=0.00160 envFloor=0.00125 onset=1.178 thresh=0.018 onsetDelta=1.16010 baseline=0.00084 adaptive=0.00209 lastPeak=0.00000 guard=0.060 activeAge=-1.000 pitch=-1.00Hz pitchCents=0.0
2025-12-16 05:25:11 [tracker] [s2] onset t=0.545 env=0.00091 gate=0.00001 envDelta=0.00091 envFloor=0.00078 onset=1.000 thresh=0.009 onsetDelta=0.99135 baseline=0.00078 adaptive=0.00130 lastPeak=0.00087 guard=0.060 activeAge=0.091 pitch=153.84Hz pitchCents=580.8
2025-12-16 05:25:11 [tracker] [s2] note-ended (new onset) t=0.545 fret=0 dur=0.091
2025-12-16 05:25:11 [tracker] [s2] onset t=0.673 env=0.00090 gate=0.00001 envDelta=0.00089 envFloor=0.00074 onset=1.051 thresh=0.009 onsetDelta=1.04245 baseline=0.00061 adaptive=0.00123 lastPeak=0.00068 guard=0.060 activeAge=-1.000 pitch=205.13Hz pitchCents=1078.9
2025-12-16 05:25:11 [tracker] [s6] onset t=0.737 env=0.00225 gate=0.00020 envDelta=0.00204 envFloor=0.00122 onset=1.007 thresh=0.018 onsetDelta=0.98887 baseline=0.00082 adaptive=0.00204 lastPeak=0.00000 guard=0.060 activeAge=-1.000 pitch=-1.00Hz pitchCents=0.0
2025-12-16 05:25:11 [tracker] [s4] onset t=0.753 env=0.00142 gate=0.00010 envDelta=0.00132 envFloor=0.00090 onset=0.992 thresh=0.014 onsetDelta=0.97805 baseline=0.00060 adaptive=0.00151 lastPeak=0.00000 guard=0.060 activeAge=-1.000 pitch=-1.00Hz pitchCents=0.0
2025-12-16 05:25:11 [tracker] [s3] onset t=0.871 env=0.00130 gate=0.00007 envDelta=0.00123 envFloor=0.00085 onset=1.219 thresh=0.012 onsetDelta=1.20783 baseline=0.00056 adaptive=0.00141 lastPeak=0.00000 guard=0.060 activeAge=-1.000 pitch=-1.00Hz pitchCents=0.0
2025-12-16 05:25:11 [tracker] [s2] onset t=0.881 env=0.00116 gate=0.00001 envDelta=0.00116 envFloor=0.00078 onset=0.960 thresh=0.009 onsetDelta=0.95123 baseline=0.00052 adaptive=0.00129 lastPeak=0.00046 guard=0.060 activeAge=-1.000 pitch=103.90Hz pitchCents=-98.8
2025-12-16 05:25:11 [tracker] [s1] aubio-raw t=0.8973 onset=1.025890 env=0.000841 peak=0.002206 gain=1.000
2025-12-16 05:25:11 [tracker] [s1] onset-accepted t=0.8973 env=0.000841 gate=0.000018 envDelta=0.000823 envFloor=0.000487 onset=1.025890 thresh=0.006000 onsetDelta=1.019890 baseline=0.000325 floor=0.000180 adapt=0.000812 lastPeak=0.000162 baseParam=0.000180 gateRatio=0.0550 envParam=0.000450 onsetScale=0.300 retriggerScale=1.400 guard=0.060 guardRemain=0.000 activeAge=-1.000 retrigRemain=0.000 pitchHz=177.77 pitchCents=1331.0
2025-12-16 05:25:11 [tracker] [s1] onset t=0.897 env=0.00084 gate=0.00002 envDelta=0.00082 envFloor=0.00049 onset=1.026 thresh=0.006 onsetDelta=1.01989 baseline=0.00032 adaptive=0.00081 lastPeak=0.00016 guard=0.060 activeAge=-1.000 pitch=177.77Hz pitchCents=1331.0
2025-12-16 05:25:11 [tracker] [s5] onset t=0.905 env=0.00158 gate=0.00016 envDelta=0.00142 envFloor=0.00111 onset=1.447 thresh=0.016 onsetDelta=1.43104 baseline=0.00074 adaptive=0.00186 lastPeak=0.00000 guard=0.060 activeAge=-1.000 pitch=-1.00Hz pitchCents=0.0
2025-12-16 05:25:11 [tracker] [s4] onset t=1.020 env=0.00167 gate=0.00010 envDelta=0.00156 envFloor=0.00090 onset=0.998 thresh=0.014 onsetDelta=0.98380 baseline=0.00060 adaptive=0.00151 lastPeak=0.00000 guard=0.060 activeAge=-1.000 pitch=-1.00Hz pitchCents=0.0
2025-12-16 05:25:11 [tracker] [s2] onset t=1.023 env=0.00099 gate=0.00001 envDelta=0.00099 envFloor=0.00080 onset=1.105 thresh=0.009 onsetDelta=1.09610 baseline=0.00054 adaptive=0.00134 lastPeak=0.00035 guard=0.060 activeAge=-1.000 pitch=142.84Hz pitchCents=452.3
2025-12-16 05:25:11 [tracker] [s5] onset t=1.127 env=0.00185 gate=0.00015 envDelta=0.00171 envFloor=0.00105 onset=1.159 thresh=0.016 onsetDelta=1.14277 baseline=0.00070 adaptive=0.00175 lastPeak=0.00000 guard=0.060 activeAge=-1.000 pitch=-1.00Hz pitchCents=0.0
2025-12-16 05:25:12 [tracker] [s6] onset t=1.185 env=0.00217 gate=0.00021 envDelta=0.00196 envFloor=0.00125 onset=1.124 thresh=0.018 onsetDelta=1.10628 baseline=0.00084 adaptive=0.00209 lastPeak=0.00000 guard=0.060 activeAge=-1.000 pitch=-1.00Hz pitchCents=0.0
2025-12-16 05:25:12 [tracker] [s5] onset t=1.265 env=0.00156 gate=0.00015 envDelta=0.00141 envFloor=0.00106 onset=0.653 thresh=0.016 onsetDelta=0.63660 baseline=0.00070 adaptive=0.00176 lastPeak=0.00000 guard=0.060 activeAge=-1.000 pitch=-1.00Hz pitchCents=0.0
2025-12-16 05:25:12 [tracker] [s6] onset t=1.303 env=0.00195 gate=0.00020 envDelta=0.00175 envFloor=0.00120 onset=1.284 thresh=0.018 onsetDelta=1.26628 baseline=0.00080 adaptive=0.00200 lastPeak=0.00000 guard=0.060 activeAge=-1.000 pitch=-1.00Hz pitchCents=0.0
2025-12-16 05:25:12 [tracker] [s4] onset t=1.449 env=0.00132 gate=0.00010 envDelta=0.00122 envFloor=0.00085 onset=0.946 thresh=0.014 onsetDelta=0.93171 baseline=0.00057 adaptive=0.00141 lastPeak=0.00000 guard=0.060 activeAge=-1.000 pitch=-1.00Hz pitchCents=0.0
2025-12-16 05:25:12 [tracker] [s6] onset t=1.460 env=0.00193 gate=0.00019 envDelta=0.00174 envFloor=0.00116 onset=0.789 thresh=0.018 onsetDelta=0.77078 baseline=0.00078 adaptive=0.00194 lastPeak=0.00000 guard=0.060 activeAge=-1.000 pitch=-1.00Hz pitchCents=0.0
2025-12-16 05:25:12 [tracker] [s5] onset t=1.463 env=0.00171 gate=0.00014 envDelta=0.00157 envFloor=0.00100 onset=0.993 thresh=0.016 onsetDelta=0.97746 baseline=0.00067 adaptive=0.00166 lastPeak=0.00000 guard=0.060 activeAge=-1.000 pitch=-1.00Hz pitchCents=0.0
2025-12-16 05:25:12 [tracker] [s4] onset t=1.559 env=0.00157 gate=0.00010 envDelta=0.00147 envFloor=0.00091 onset=0.996 thresh=0.014 onsetDelta=0.98160 baseline=0.00061 adaptive=0.00151 lastPeak=0.00000 guard=0.060 activeAge=-1.000 pitch=-1.00Hz pitchCents=0.0
2025-12-16 05:25:12 [tracker] [s5] onset t=1.604 env=0.00164 gate=0.00015 envDelta=0.00150 envFloor=0.00107 onset=0.991 thresh=0.016 onsetDelta=0.97491 baseline=0.00071 adaptive=0.00178 lastPeak=0.00000 guard=0.060 activeAge=-1.000 pitch=-1.00Hz pitchCents=0.0
2025-12-16 05:25:12 [tracker] [s1] aubio-raw t=1.6147 onset=0.814982 env=0.000612 peak=0.001739 gain=1.000
2025-12-16 05:25:12 [tracker] [s1] onset-accepted t=1.6147 env=0.000612 gate=0.000018 envDelta=0.000594 envFloor=0.000495 onset=0.814982 thresh=0.006000 onsetDelta=0.808982 baseline=0.000330 floor=0.000180 adapt=0.000826 lastPeak=0.000042 baseParam=0.000180 gateRatio=0.0550 envParam=0.000450 onsetScale=0.300 retriggerScale=1.400 guard=0.060 guardRemain=0.000 activeAge=-1.000 retrigRemain=0.000 pitchHz=177.78 pitchCents=1331.1
2025-12-16 05:25:12 [tracker] [s1] onset t=1.615 env=0.00061 gate=0.00002 envDelta=0.00059 envFloor=0.00050 onset=0.815 thresh=0.006 onsetDelta=0.80898 baseline=0.00033 adaptive=0.00083 lastPeak=0.00004 guard=0.060 activeAge=-1.000 pitch=177.78Hz pitchCents=1331.1
2025-12-16 05:25:12 [tracker] [s3] onset t=1.639 env=0.00118 gate=0.00008 envDelta=0.00111 envFloor=0.00087 onset=0.997 thresh=0.012 onsetDelta=0.98550 baseline=0.00058 adaptive=0.00145 lastPeak=0.00000 guard=0.060 activeAge=-1.000 pitch=-1.00Hz pitchCents=0.0
2025-12-16 05:25:12 [tracker] [s6] onset t=1.647 env=0.00187 gate=0.00020 envDelta=0.00167 envFloor=0.00123 onset=0.995 thresh=0.018 onsetDelta=0.97750 baseline=0.00082 adaptive=0.00205 lastPeak=0.00000 guard=0.060 activeAge=-1.000 pitch=-1.00Hz pitchCents=0.0
2025-12-16 05:25:12 [tracker] [s2] onset t=1.833 env=0.00085 gate=0.00000 envDelta=0.00084 envFloor=0.00074 onset=1.175 thresh=0.009 onsetDelta=1.16572 baseline=0.00049 adaptive=0.00123 lastPeak=0.00008 guard=0.060 activeAge=-1.000 pitch=190.48Hz pitchCents=950.6
2025-12-16 05:25:12 [tracker] [s4] onset t=1.841 env=0.00154 gate=0.00010 envDelta=0.00144 envFloor=0.00089 onset=0.994 thresh=0.014 onsetDelta=0.97988 baseline=0.00060 adaptive=0.00149 lastPeak=0.00000 guard=0.060 activeAge=-1.000 pitch=-1.00Hz pitchCents=0.0
2025-12-16 05:25:12 [tracker] [s6] onset t=1.884 env=0.00212 gate=0.00020 envDelta=0.00191 envFloor=0.00123 onset=0.999 thresh=0.018 onsetDelta=0.98125 baseline=0.00082 adaptive=0.00205 lastPeak=0.00000 guard=0.060 activeAge=-1.000 pitch=-1.00Hz pitchCents=0.0
2025-12-16 05:25:12 [tracker] [s1] aubio-raw t=1.9400 onset=0.922694 env=0.000936 peak=0.002485 gain=1.000
2025-12-16 05:25:12 [tracker] [s1] onset-accepted t=1.9400 env=0.000936 gate=0.000019 envDelta=0.000917 envFloor=0.000520 onset=0.922694 thresh=0.006000 onsetDelta=0.916694 baseline=0.000347 floor=0.000180 adapt=0.000867 lastPeak=0.000023 baseParam=0.000180 gateRatio=0.0550 envParam=0.000450 onsetScale=0.300 retriggerScale=1.400 guard=0.060 guardRemain=0.000 activeAge=-1.000 retrigRemain=0.000 pitchHz=186.04 pitchCents=1409.8
2025-12-16 05:25:12 [tracker] [s1] onset t=1.940 env=0.00094 gate=0.00002 envDelta=0.00092 envFloor=0.00052 onset=0.923 thresh=0.006 onsetDelta=0.91669 baseline=0.00035 adaptive=0.00087 lastPeak=0.00002 guard=0.060 activeAge=-1.000 pitch=186.04Hz pitchCents=1409.8
2025-12-16 05:25:12 [tracker] [s5] onset t=1.993 env=0.00180 gate=0.00015 envDelta=0.00165 envFloor=0.00106 onset=1.003 thresh=0.016 onsetDelta=0.98680 baseline=0.00071 adaptive=0.00177 lastPeak=0.00000 guard=0.060 activeAge=-1.000 pitch=-1.00Hz pitchCents=0.0
2025-12-16 05:25:12 [tracker] [s5] onset t=2.055 env=0.00133 gate=0.00014 envDelta=0.00119 envFloor=0.00101 onset=0.992 thresh=0.016 onsetDelta=0.97591 baseline=0.00067 adaptive=0.00168 lastPeak=0.00000 guard=0.060 activeAge=-1.000 pitch=-1.00Hz pitchCents=0.0
2025-12-16 05:25:12 [tracker] [s4] onset t=2.071 env=0.00132 gate=0.00010 envDelta=0.00122 envFloor=0.00089 onset=0.819 thresh=0.014 onsetDelta=0.80536 baseline=0.00059 adaptive=0.00148 lastPeak=0.00000 guard=0.060 activeAge=-1.000 pitch=-1.00Hz pitchCents=0.0
2025-12-16 05:25:12 [tracker] [s6] onset t=2.092 env=0.00167 gate=0.00020 envDelta=0.00147 envFloor=0.00119 onset=1.227 thresh=0.018 onsetDelta=1.20885 baseline=0.00079 adaptive=0.00198 lastPeak=0.00000 guard=0.060 activeAge=-1.000 pitch=-1.00Hz pitchCents=0.0
2025-12-16 05:25:13 [tracker] [s4] onset t=2.167 env=0.00112 gate=0.00009 envDelta=0.00102 envFloor=0.00084 onset=1.022 thresh=0.014 onsetDelta=1.00772 baseline=0.00056 adaptive=0.00139 lastPeak=0.00000 guard=0.060 activeAge=-1.000 pitch=-1.00Hz pitchCents=0.0
2025-12-16 05:25:13 [tracker] [s5] onset t=2.175 env=0.00146 gate=0.00014 envDelta=0.00133 envFloor=0.00097 onset=1.151 thresh=0.016 onsetDelta=1.13512 baseline=0.00064 adaptive=0.00161 lastPeak=0.00000 guard=0.060 activeAge=-1.000 pitch=-1.00Hz pitchCents=0.0
2025-12-16 05:25:13 [tracker] [s2] onset t=2.228 env=0.00100 gate=0.00001 envDelta=0.00100 envFloor=0.00080 onset=1.000 thresh=0.009 onsetDelta=0.99083 baseline=0.00053 adaptive=0.00133 lastPeak=0.00004 guard=0.060 activeAge=-1.000 pitch=100.00Hz pitchCents=-165.0
2025-12-16 05:25:13 [tracker] [s2] note-start t=2.228 fret=1 midi=46 vel=0.01 env=0.00100
2025-12-16 05:25:13 [tracker] [s3] onset t=2.263 env=0.00110 gate=0.00007 envDelta=0.00103 envFloor=0.00084 onset=0.896 thresh=0.012 onsetDelta=0.88417 baseline=0.00056 adaptive=0.00140 lastPeak=0.00000 guard=0.060 activeAge=-1.000 pitch=-1.00Hz pitchCents=0.0
2025-12-16 05:25:13 [tracker] [s4] onset t=2.527 env=0.00117 gate=0.00010 envDelta=0.00107 envFloor=0.00088 onset=0.852 thresh=0.014 onsetDelta=0.83752 baseline=0.00059 adaptive=0.00147 lastPeak=0.00000 guard=0.060 activeAge=-1.000 pitch=-1.00Hz pitchCents=0.0
2025-12-16 05:25:13 [tracker] [s2] onset t=2.551 env=0.00109 gate=0.00001 envDelta=0.00109 envFloor=0.00078 onset=1.044 thresh=0.009 onsetDelta=1.03518 baseline=0.00052 adaptive=0.00130 lastPeak=0.00055 guard=0.060 activeAge=0.323 pitch=421.15Hz pitchCents=2324.2
2025-12-16 05:25:13 [tracker] [s2] note-ended (new onset) t=2.551 fret=1 dur=0.323
2025-12-16 05:25:13 [tracker] [s6] onset t=2.580 env=0.00202 gate=0.00020 envDelta=0.00182 envFloor=0.00120 onset=0.761 thresh=0.018 onsetDelta=0.74317 baseline=0.00080 adaptive=0.00200 lastPeak=0.00000 guard=0.060 activeAge=-1.000 pitch=-1.00Hz pitchCents=0.0
2025-12-16 05:25:13 [tracker] [s5] onset t=2.721 env=0.00161 gate=0.00015 envDelta=0.00147 envFloor=0.00106 onset=0.916 thresh=0.016 onsetDelta=0.89998 baseline=0.00071 adaptive=0.00177 lastPeak=0.00000 guard=0.060 activeAge=-1.000 pitch=-1.00Hz pitchCents=0.0
2025-12-16 05:25:13 [tracker] [s4] onset t=2.775 env=0.00110 gate=0.00010 envDelta=0.00100 envFloor=0.00089 onset=1.126 thresh=0.014 onsetDelta=1.11237 baseline=0.00059 adaptive=0.00148 lastPeak=0.00000 guard=0.060 activeAge=-1.000 pitch=-1.00Hz pitchCents=0.0
2025-12-16 05:25:13 [tracker] [s3] onset t=2.847 env=0.00153 gate=0.00008 envDelta=0.00145 envFloor=0.00089 onset=1.159 thresh=0.012 onsetDelta=1.14775 baseline=0.00059 adaptive=0.00148 lastPeak=0.00000 guard=0.060 activeAge=-1.000 pitch=-1.00Hz pitchCents=0.0
2025-12-16 05:25:13 [tracker] [s5] onset t=2.996 env=0.00208 gate=0.00015 envDelta=0.00193 envFloor=0.00106 onset=1.001 thresh=0.016 onsetDelta=0.98521 baseline=0.00070 adaptive=0.00176 lastPeak=0.00000 guard=0.060 activeAge=-1.000 pitch=-1.00Hz pitchCents=0.0
2025-12-16 05:25:13 [tracker] [s2] onset t=3.047 env=0.00156 gate=0.00001 envDelta=0.00155 envFloor=0.00081 onset=0.965 thresh=0.009 onsetDelta=0.95559 baseline=0.00054 adaptive=0.00136 lastPeak=0.00022 guard=0.060 activeAge=-1.000 pitch=114.28Hz pitchCents=66.1
2025-12-16 05:25:13 [tracker] [s4] onset t=3.089 env=0.00154 gate=0.00011 envDelta=0.00142 envFloor=0.00098 onset=0.628 thresh=0.014 onsetDelta=0.61363 baseline=0.00066 adaptive=0.00164 lastPeak=0.00000 guard=0.060 activeAge=-1.000 pitch=-1.00Hz pitchCents=0.0
2025-12-16 05:25:14 [tracker] [s1] aubio-raw t=3.2894 onset=1.011712 env=0.000557 peak=0.001474 gain=1.000
2025-12-16 05:25:14 [tracker] [s1] onset-accepted t=3.2894 env=0.000557 gate=0.000019 envDelta=0.000537 envFloor=0.000522 onset=1.011712 thresh=0.006000 onsetDelta=1.005712 baseline=0.000348 floor=0.000180 adapt=0.000869 lastPeak=0.000002 baseParam=0.000180 gateRatio=0.0550 envParam=0.000450 onsetScale=0.300 retriggerScale=1.400 guard=0.060 guardRemain=0.000 activeAge=-1.000 retrigRemain=0.000 pitchHz=145.45 pitchCents=983.6
2025-12-16 05:25:14 [tracker] [s1] onset t=3.289 env=0.00056 gate=0.00002 envDelta=0.00054 envFloor=0.00052 onset=1.012 thresh=0.006 onsetDelta=1.00571 baseline=0.00035 adaptive=0.00087 lastPeak=0.00000 guard=0.060 activeAge=-1.000 pitch=145.45Hz pitchCents=983.6
2025-12-16 05:25:14 [tracker] [s1] note-start t=3.289 fret=4 midi=44 vel=0.01 env=0.00056
2025-12-16 05:25:14 [tracker] [s3] onset t=3.335 env=0.00128 gate=0.00008 envDelta=0.00120 envFloor=0.00092 onset=0.994 thresh=0.012 onsetDelta=0.98219 baseline=0.00061 adaptive=0.00153 lastPeak=0.00000 guard=0.060 activeAge=-1.000 pitch=-1.00Hz pitchCents=0.0
2025-12-16 05:25:14 [tracker] [s6] onset t=3.393 env=0.00214 gate=0.00021 envDelta=0.00193 envFloor=0.00127 onset=1.450 thresh=0.018 onsetDelta=1.43245 baseline=0.00085 adaptive=0.00212 lastPeak=0.00000 guard=0.060 activeAge=-1.000 pitch=-1.00Hz pitchCents=0.0
2025-12-16 05:25:14 [tracker] [s4] onset t=3.543 env=0.00128 gate=0.00010 envDelta=0.00118 envFloor=0.00090 onset=0.994 thresh=0.014 onsetDelta=0.98035 baseline=0.00060 adaptive=0.00150 lastPeak=0.00000 guard=0.060 activeAge=-1.000 pitch=-1.00Hz pitchCents=0.0
2025-12-16 05:25:14 [tracker] [s1] aubio-raw t=3.5560 onset=0.998197 env=0.000566 peak=0.001702 gain=1.000
2025-12-16 05:25:14 [tracker] [s1] onset-accepted t=3.5560 env=0.000566 gate=0.000018 envDelta=0.000548 envFloor=0.000491 onset=0.998197 thresh=0.006000 onsetDelta=0.992197 baseline=0.000327 floor=0.000180 adapt=0.000818 lastPeak=0.000337 baseParam=0.000180 gateRatio=0.0550 envParam=0.000450 onsetScale=0.300 retriggerScale=1.400 guard=0.060 guardRemain=0.000 activeAge=0.267 retrigRemain=0.000 pitchHz=-1.00 pitchCents=0.0
2025-12-16 05:25:14 [tracker] [s1] onset t=3.556 env=0.00057 gate=0.00002 envDelta=0.00055 envFloor=0.00049 onset=0.998 thresh=0.006 onsetDelta=0.99220 baseline=0.00033 adaptive=0.00082 lastPeak=0.00034 guard=0.060 activeAge=0.267 pitch=-1.00Hz pitchCents=0.0
2025-12-16 05:25:14 [tracker] [s1] note-ended (new onset) t=3.556 fret=4 dur=0.267
2025-12-16 05:25:14 [tracker] [s5] onset t=3.567 env=0.00161 gate=0.00015 envDelta=0.00146 envFloor=0.00107 onset=0.997 thresh=0.016 onsetDelta=0.98092 baseline=0.00071 adaptive=0.00178 lastPeak=0.00000 guard=0.060 activeAge=-1.000 pitch=-1.00Hz pitchCents=0.0
2025-12-16 05:25:14 [tracker] [s2] onset t=3.593 env=0.00122 gate=0.00001 envDelta=0.00121 envFloor=0.00077 onset=0.996 thresh=0.009 onsetDelta=0.98683 baseline=0.00051 adaptive=0.00128 lastPeak=0.00008 guard=0.060 activeAge=-1.000 pitch=266.68Hz pitchCents=1533.1
2025-12-16 05:25:14 [tracker] [s2] note-start t=3.593 fret=4 midi=49 vel=0.01 env=0.00122
2025-12-16 05:25:14 [tracker] [s4] onset t=3.689 env=0.00204 gate=0.00010 envDelta=0.00194 envFloor=0.00089 onset=0.600 thresh=0.014 onsetDelta=0.58582 baseline=0.00060 adaptive=0.00149 lastPeak=0.00000 guard=0.060 activeAge=-1.000 pitch=-1.00Hz pitchCents=0.0
2025-12-16 05:25:14 [tracker] [s1] aubio-raw t=3.7534 onset=1.192839 env=0.000578 peak=0.001782 gain=1.000
2025-12-16 05:25:14 [tracker] [s1] onset-accepted t=3.7534 env=0.000578 gate=0.000018 envDelta=0.000560 envFloor=0.000492 onset=1.192839 thresh=0.006000 onsetDelta=1.186839 baseline=0.000328 floor=0.000180 adapt=0.000821 lastPeak=0.000233 baseParam=0.000180 gateRatio=0.0550 envParam=0.000450 onsetScale=0.300 retriggerScale=1.400 guard=0.060 guardRemain=0.000 activeAge=-1.000 retrigRemain=0.000 pitchHz=296.30 pitchCents=2215.5
2025-12-16 05:25:14 [tracker] [s1] onset t=3.753 env=0.00058 gate=0.00002 envDelta=0.00056 envFloor=0.00049 onset=1.193 thresh=0.006 onsetDelta=1.18684 baseline=0.00033 adaptive=0.00082 lastPeak=0.00023 guard=0.060 activeAge=-1.000 pitch=296.30Hz pitchCents=2215.5
2025-12-16 05:25:14 [tracker] [s1] note-start t=3.753 fret=11 midi=51 vel=0.01 env=0.00058
2025-12-16 05:25:14 [tracker] [s4] onset t=3.884 env=0.00150 gate=0.00011 envDelta=0.00140 envFloor=0.00095 onset=1.000 thresh=0.014 onsetDelta=0.98630 baseline=0.00063 adaptive=0.00158 lastPeak=0.00000 guard=0.060 activeAge=-1.000 pitch=-1.00Hz pitchCents=0.0
2025-12-16 05:25:14 [tracker] [s3] onset t=3.913 env=0.00122 gate=0.00007 envDelta=0.00115 envFloor=0.00086 onset=0.837 thresh=0.012 onsetDelta=0.82522 baseline=0.00057 adaptive=0.00143 lastPeak=0.00000 guard=0.060 activeAge=-1.000 pitch=-1.00Hz pitchCents=0.0
2025-12-16 05:25:14 [tracker] [s3] onset t=3.993 env=0.00113 gate=0.00007 envDelta=0.00106 envFloor=0.00084 onset=1.141 thresh=0.012 onsetDelta=1.12927 baseline=0.00056 adaptive=0.00140 lastPeak=0.00000 guard=0.060 activeAge=-1.000 pitch=-1.00Hz pitchCents=0.0
2025-12-16 05:25:14 [tracker] [s5] onset t=4.001 env=0.00129 gate=0.00015 envDelta=0.00114 envFloor=0.00105 onset=1.065 thresh=0.016 onsetDelta=1.04927 baseline=0.00070 adaptive=0.00176 lastPeak=0.00000 guard=0.060 activeAge=-1.000 pitch=-1.00Hz pitchCents=0.0
2025-12-16 05:25:14 [tracker] [s2] onset t=4.025 env=0.00093 gate=0.00001 envDelta=0.00093 envFloor=0.00077 onset=0.948 thresh=0.009 onsetDelta=0.93887 baseline=0.00051 adaptive=0.00128 lastPeak=0.00054 guard=0.060 activeAge=0.432 pitch=156.86Hz pitchCents=614.4
2025-12-16 05:25:14 [tracker] [s2] note-ended (new onset) t=4.025 fret=4 dur=0.432
2025-12-16 05:25:14 [tracker] [s2] onset t=4.111 env=0.00152 gate=0.00001 envDelta=0.00151 envFloor=0.00083 onset=0.659 thresh=0.009 onsetDelta=0.64956 baseline=0.00056 adaptive=0.00139 lastPeak=0.00046 guard=0.060 activeAge=-1.000 pitch=95.24Hz pitchCents=-249.5
2025-12-16 05:25:14 [tracker] [s2] note-start t=4.111 fret=0 midi=45 vel=0.02 env=0.00152
2025-12-16 05:25:14 [tracker] [s4] onset t=4.116 env=0.00146 gate=0.00010 envDelta=0.00136 envFloor=0.00088 onset=0.625 thresh=0.014 onsetDelta=0.61121 baseline=0.00059 adaptive=0.00147 lastPeak=0.00000 guard=0.060 activeAge=-1.000 pitch=-1.00Hz pitchCents=0.0
2025-12-16 05:25:15 [tracker] [s3] onset t=4.204 env=0.00135 gate=0.00007 envDelta=0.00127 envFloor=0.00085 onset=0.996 thresh=0.012 onsetDelta=0.98451 baseline=0.00056 adaptive=0.00141 lastPeak=0.00000 guard=0.060 activeAge=-1.000 pitch=-1.00Hz pitchCents=0.0
2025-12-16 05:25:15 [tracker] [s4] onset t=4.207 env=0.00139 gate=0.00011 envDelta=0.00129 envFloor=0.00094 onset=0.993 thresh=0.014 onsetDelta=0.97918 baseline=0.00062 adaptive=0.00156 lastPeak=0.00000 guard=0.060 activeAge=-1.000 pitch=-1.00Hz pitchCents=0.0
2025-12-16 05:25:15 [tracker] [s2] onset t=4.273 env=0.00155 gate=0.00001 envDelta=0.00154 envFloor=0.00081 onset=0.995 thresh=0.009 onsetDelta=0.98608 baseline=0.00100 adaptive=0.00136 lastPeak=0.00112 guard=0.060 activeAge=0.163 pitch=380.96Hz pitchCents=2150.6
2025-12-16 05:25:15 [tracker] [s2] note-ended (new onset) t=4.273 fret=0 dur=0.163
2025-12-16 05:25:15 [tracker] [s4] onset t=4.303 env=0.00128 gate=0.00010 envDelta=0.00117 envFloor=0.00090 onset=0.989 thresh=0.014 onsetDelta=0.97527 baseline=0.00060 adaptive=0.00150 lastPeak=0.00000 guard=0.060 activeAge=-1.000 pitch=-1.00Hz pitchCents=0.0
2025-12-16 05:25:15 [tracker] [s5] onset t=4.321 env=0.00155 gate=0.00014 envDelta=0.00141 envFloor=0.00103 onset=1.018 thresh=0.016 onsetDelta=1.00207 baseline=0.00069 adaptive=0.00172 lastPeak=0.00000 guard=0.060 activeAge=-1.000 pitch=-1.00Hz pitchCents=0.0
2025-12-16 05:25:15 [tracker] [s6] onset t=4.383 env=0.00144 gate=0.00019 envDelta=0.00125 envFloor=0.00114 onset=1.152 thresh=0.018 onsetDelta=1.13387 baseline=0.00076 adaptive=0.00191 lastPeak=0.00000 guard=0.060 activeAge=-1.000 pitch=-1.00Hz pitchCents=0.0
