# SignalAssistant session log
# Started at 2025-12-16 05:28:39
2025-12-16 05:28:39 [session] mode=live session='' path='' duration=0.00 files=0
2025-12-16 05:28:39 [tracker-settings] TrackerConfig onsetThreshold=0.02000 minNoteDurSec=0.045 hopSec=0.010 slideDelta=120.0 bendDelta=35.0
2025-12-16 05:28:39 [tracker-settings] string1 midi=40 lowCut=37.08Hz highCut=445.00Hz baseline=0.000180 gateRatio=0.05500 envFloor=0.000450 sustainScale=0.580 retriggerScale=1.400 peakRelease=0.120 pitchTol=0.400 onsetScale=0.006
2025-12-16 05:28:39 [tracker-settings] string2 midi=45 lowCut=55.00Hz highCut=563.20Hz baseline=0.000220 gateRatio=0.10000 envFloor=0.000550 sustainScale=0.700 retriggerScale=1.250 peakRelease=0.130 pitchTol=0.400 onsetScale=0.009
2025-12-16 05:28:39 [tracker-settings] string3 midi=50 lowCut=85.16Hz highCut=693.05Hz baseline=0.000260 gateRatio=0.13000 envFloor=0.000650 sustainScale=0.820 retriggerScale=1.100 peakRelease=0.140 pitchTol=0.450 onsetScale=0.012
2025-12-16 05:28:39 [tracker-settings] string4 midi=55 lowCut=127.40Hz highCut=862.39Hz baseline=0.000320 gateRatio=0.17000 envFloor=0.000780 sustainScale=1.000 retriggerScale=1.000 peakRelease=0.160 pitchTol=0.440 onsetScale=0.014
2025-12-16 05:28:39 [tracker-settings] string5 midi=59 lowCut=160.51Hz highCut=1086.54Hz baseline=0.000370 gateRatio=0.21000 envFloor=0.000900 sustainScale=1.000 retriggerScale=1.000 peakRelease=0.180 pitchTol=0.500 onsetScale=0.016
2025-12-16 05:28:39 [tracker-settings] string6 midi=64 lowCut=214.26Hz highCut=1450.36Hz baseline=0.000420 gateRatio=0.25000 envFloor=0.001050 sustainScale=1.000 retriggerScale=1.000 peakRelease=0.200 pitchTol=0.550 onsetScale=0.018
2025-12-16 05:28:39 [tracker] [s1] calibration reset target=0.00180 gain=1.000
2025-12-16 05:28:39 [tracker] [s2] calibration reset target=0.00180 gain=1.000
2025-12-16 05:28:39 [tracker] [s3] calibration reset target=0.00180 gain=1.000
2025-12-16 05:28:39 [tracker] [s4] calibration reset target=0.00180 gain=1.000
2025-12-16 05:28:39 [tracker] [s5] calibration reset target=0.00180 gain=1.000
2025-12-16 05:28:39 [tracker] [s6] calibration reset target=0.00180 gain=1.000
2025-12-16 05:28:39 [calibration] Loading calibration profile multipliers into parameters
2025-12-16 05:28:39 [calibration] String 1: setting multiplier to 6.317
2025-12-16 05:28:39 [calibration] String 2: setting multiplier to 8.000
2025-12-16 05:28:39 [calibration] String 3: setting multiplier to 8.000
2025-12-16 05:28:39 [calibration] String 4: setting multiplier to 8.000
2025-12-16 05:28:39 [calibration] String 5: setting multiplier to 8.000
2025-12-16 05:28:39 [calibration] String 6: setting multiplier to 8.000
2025-12-16 05:28:39 [tracker] [s1] calibration avg=0.03970 target=0.00180 gain=1.000
2025-12-16 05:28:39 [tracker] [s2] calibration avg=0.01940 target=0.00180 gain=1.000
2025-12-16 05:28:39 [tracker] [s3] calibration avg=0.01411 target=0.00180 gain=1.000
2025-12-16 05:28:39 [tracker] [s4] calibration avg=0.03018 target=0.00180 gain=1.000
2025-12-16 05:28:39 [tracker] [s5] calibration avg=0.02970 target=0.00180 gain=1.000
2025-12-16 05:28:39 [tracker] [s6] calibration avg=0.02331 target=0.00180 gain=1.000
2025-12-16 05:28:39 [tracker] [s1] configure sr=48000.0 hop=128 fft=1024 low=37.1 high=445.0
2025-12-16 05:28:39 [tracker] [s1] params baseline=0.000180 gate=0.0550 envFloor=0.000450 sustain=0.580 retrigger=1.400 peakRelease=0.120 pitchTol=0.400 onsetScale=0.006 aubioScale=1.20 aubioThresh=0.024 onsetSilence=-85.0 pitchSilence=-90.0
2025-12-16 05:28:39 [tracker] [s2] configure sr=48000.0 hop=128 fft=1024 low=55.0 high=563.2
2025-12-16 05:28:39 [tracker] [s2] params baseline=0.000220 gate=0.0100 envFloor=0.000100 sustain=1.500 retrigger=1.250 peakRelease=0.130 pitchTol=0.400 onsetScale=0.009 aubioScale=1.35 aubioThresh=0.027 onsetSilence=-85.0 pitchSilence=-90.0
2025-12-16 05:28:39 [tracker] [s3] configure sr=48000.0 hop=128 fft=1024 low=85.2 high=693.0
2025-12-16 05:28:39 [tracker] [s3] params baseline=0.000260 gate=0.1300 envFloor=0.000650 sustain=0.820 retrigger=1.100 peakRelease=0.140 pitchTol=0.450 onsetScale=0.012 aubioScale=1.60 aubioThresh=0.032 onsetSilence=-75.0 pitchSilence=-80.0
2025-12-16 05:28:39 [tracker] [s4] configure sr=48000.0 hop=128 fft=1024 low=127.4 high=862.4
2025-12-16 05:28:39 [tracker] [s4] params baseline=0.000320 gate=0.1700 envFloor=0.000780 sustain=1.000 retrigger=1.000 peakRelease=0.160 pitchTol=0.440 onsetScale=0.014 aubioScale=1.80 aubioThresh=0.036 onsetSilence=-75.0 pitchSilence=-80.0
2025-12-16 05:28:39 [tracker] [s5] configure sr=48000.0 hop=128 fft=512 low=160.5 high=1086.5
2025-12-16 05:28:39 [tracker] [s5] params baseline=0.000370 gate=0.2100 envFloor=0.000900 sustain=1.000 retrigger=1.000 peakRelease=0.180 pitchTol=0.500 onsetScale=0.016 aubioScale=1.80 aubioThresh=0.036 onsetSilence=-75.0 pitchSilence=-80.0
2025-12-16 05:28:39 [tracker] [s6] configure sr=48000.0 hop=128 fft=512 low=214.3 high=1450.4
2025-12-16 05:28:39 [tracker] [s6] params baseline=0.000420 gate=0.2500 envFloor=0.001050 sustain=1.000 retrigger=1.000 peakRelease=0.200 pitchTol=0.550 onsetScale=0.018 aubioScale=1.80 aubioThresh=0.036 onsetSilence=-75.0 pitchSilence=-80.0
2025-12-16 05:28:39 [tracker] [s1] aubio-raw t=0.0040 onset=4.000000 env=0.000887 peak=0.002247 gain=1.000
2025-12-16 05:28:39 [tracker] [s1] onset-accepted t=0.0040 env=0.000887 gate=0.000022 envDelta=0.000865 envFloor=0.000598 onset=4.000000 thresh=0.006000 onsetDelta=3.994000 baseline=0.000399 floor=0.000180 adapt=0.000997 lastPeak=0.000000 baseParam=0.000180 gateRatio=0.0550 envParam=0.000450 onsetScale=0.300 retriggerScale=1.400 guard=0.060 guardRemain=0.000 activeAge=-1.000 retrigRemain=0.000 pitchHz=125.16 pitchCents=723.6
2025-12-16 05:28:39 [tracker] [s1] onset t=0.004 env=0.00089 gate=0.00002 envDelta=0.00087 envFloor=0.00060 onset=4.000 thresh=0.006 onsetDelta=3.99400 baseline=0.00040 adaptive=0.00100 lastPeak=0.00000 guard=0.060 activeAge=-1.000 pitch=125.16Hz pitchCents=723.6
2025-12-16 05:28:39 [tracker] [s2] onset t=0.004 env=0.00127 gate=0.00000 envDelta=0.00127 envFloor=0.00062 onset=4.000 thresh=0.009 onsetDelta=3.99100 baseline=0.00042 adaptive=0.00104 lastPeak=0.00000 guard=0.060 activeAge=-1.000 pitch=125.16Hz pitchCents=223.6
2025-12-16 05:28:39 [tracker] [s3] onset t=0.004 env=0.00123 gate=0.00005 envDelta=0.00118 envFloor=0.00065 onset=4.000 thresh=0.012 onsetDelta=3.98840 baseline=0.00041 adaptive=0.00103 lastPeak=0.00000 guard=0.060 activeAge=-1.000 pitch=125.16Hz pitchCents=-276.4
2025-12-16 05:28:39 [tracker] [s4] onset t=0.004 env=0.00145 gate=0.00007 envDelta=0.00138 envFloor=0.00078 onset=4.000 thresh=0.014 onsetDelta=3.98600 baseline=0.00043 adaptive=0.00107 lastPeak=0.00000 guard=0.060 activeAge=-1.000 pitch=125.16Hz pitchCents=-776.4
2025-12-16 05:28:39 [tracker] [s5] onset t=0.004 env=0.00160 gate=0.00009 envDelta=0.00151 envFloor=0.00090 onset=4.000 thresh=0.016 onsetDelta=3.98400 baseline=0.00044 adaptive=0.00109 lastPeak=0.00000 guard=0.060 activeAge=-1.000 pitch=376.47Hz pitchCents=730.0
2025-12-16 05:28:39 [tracker] [s6] onset t=0.004 env=0.00206 gate=0.00012 envDelta=0.00194 envFloor=0.00105 onset=4.000 thresh=0.018 onsetDelta=3.98200 baseline=0.00046 adaptive=0.00116 lastPeak=0.00000 guard=0.060 activeAge=-1.000 pitch=376.47Hz pitchCents=230.0
2025-12-16 05:28:39 [tracker] [s6] onset t=0.068 env=0.00173 gate=0.00020 envDelta=0.00153 envFloor=0.00123 onset=0.807 thresh=0.018 onsetDelta=0.78872 baseline=0.00082 adaptive=0.00205 lastPeak=0.00000 guard=0.060 activeAge=-1.000 pitch=-1.00Hz pitchCents=0.0
2025-12-16 05:28:39 [tracker] [s1] aubio-raw t=0.0840 onset=1.075076 env=0.000979 peak=0.002625 gain=1.000
2025-12-16 05:28:39 [tracker] [s1] onset-accepted t=0.0840 env=0.000979 gate=0.000020 envDelta=0.000960 envFloor=0.000541 onset=1.075076 thresh=0.006000 onsetDelta=1.069076 baseline=0.000361 floor=0.000180 adapt=0.000902 lastPeak=0.000000 baseParam=0.000180 gateRatio=0.0550 envParam=0.000450 onsetScale=0.300 retriggerScale=1.400 guard=0.060 guardRemain=0.000 activeAge=-1.000 retrigRemain=0.000 pitchHz=-1.00 pitchCents=0.0
2025-12-16 05:28:39 [tracker] [s1] onset t=0.084 env=0.00098 gate=0.00002 envDelta=0.00096 envFloor=0.00054 onset=1.075 thresh=0.006 onsetDelta=1.06908 baseline=0.00036 adaptive=0.00090 lastPeak=0.00000 guard=0.060 activeAge=-1.000 pitch=-1.00Hz pitchCents=0.0
2025-12-16 05:28:39 [tracker] [s4] onset t=0.199 env=0.00140 gate=0.00010 envDelta=0.00130 envFloor=0.00087 onset=0.646 thresh=0.014 onsetDelta=0.63178 baseline=0.00058 adaptive=0.00145 lastPeak=0.00000 guard=0.060 activeAge=-1.000 pitch=-1.00Hz pitchCents=0.0
2025-12-16 05:28:39 [tracker] [s1] aubio-raw t=0.2093 onset=0.998402 env=0.000890 peak=0.002022 gain=1.000
2025-12-16 05:28:39 [tracker] [s1] onset-accepted t=0.2093 env=0.000890 gate=0.000019 envDelta=0.000871 envFloor=0.000523 onset=0.998402 thresh=0.006000 onsetDelta=0.992402 baseline=0.000349 floor=0.000180 adapt=0.000871 lastPeak=0.000000 baseParam=0.000180 gateRatio=0.0550 envParam=0.000450 onsetScale=0.300 retriggerScale=1.400 guard=0.060 guardRemain=0.000 activeAge=-1.000 retrigRemain=0.000 pitchHz=133.33 pitchCents=832.9
2025-12-16 05:28:39 [tracker] [s1] onset t=0.209 env=0.00089 gate=0.00002 envDelta=0.00087 envFloor=0.00052 onset=0.998 thresh=0.006 onsetDelta=0.99240 baseline=0.00035 adaptive=0.00087 lastPeak=0.00000 guard=0.060 activeAge=-1.000 pitch=133.33Hz pitchCents=832.9
2025-12-16 05:28:39 [tracker] [s5] onset t=0.295 env=0.00194 gate=0.00014 envDelta=0.00180 envFloor=0.00101 onset=0.998 thresh=0.016 onsetDelta=0.98205 baseline=0.00067 adaptive=0.00168 lastPeak=0.00000 guard=0.060 activeAge=-1.000 pitch=-1.00Hz pitchCents=0.0
2025-12-16 05:28:39 [tracker] [s1] aubio-raw t=0.3427 onset=0.997719 env=0.001070 peak=0.002786 gain=1.000
2025-12-16 05:28:39 [tracker] [s1] onset-accepted t=0.3427 env=0.001070 gate=0.000019 envDelta=0.001051 envFloor=0.000523 onset=0.997719 thresh=0.006000 onsetDelta=0.991719 baseline=0.000348 floor=0.000180 adapt=0.000871 lastPeak=0.000000 baseParam=0.000180 gateRatio=0.0550 envParam=0.000450 onsetScale=0.300 retriggerScale=1.400 guard=0.060 guardRemain=0.000 activeAge=-1.000 retrigRemain=0.000 pitchHz=160.00 pitchCents=1148.6
2025-12-16 05:28:39 [tracker] [s1] onset t=0.343 env=0.00107 gate=0.00002 envDelta=0.00105 envFloor=0.00052 onset=0.998 thresh=0.006 onsetDelta=0.99172 baseline=0.00035 adaptive=0.00087 lastPeak=0.00000 guard=0.060 activeAge=-1.000 pitch=160.00Hz pitchCents=1148.6
2025-12-16 05:28:39 [tracker] [s2] onset t=0.353 env=0.00113 gate=0.00001 envDelta=0.00113 envFloor=0.00079 onset=1.047 thresh=0.009 onsetDelta=1.03758 baseline=0.00053 adaptive=0.00132 lastPeak=0.00000 guard=0.060 activeAge=-1.000 pitch=126.98Hz pitchCents=248.5
2025-12-16 05:28:40 [tracker] [s3] onset t=0.561 env=0.00109 gate=0.00007 envDelta=0.00101 envFloor=0.00083 onset=1.074 thresh=0.012 onsetDelta=1.06224 baseline=0.00056 adaptive=0.00139 lastPeak=0.00000 guard=0.060 activeAge=-1.000 pitch=-1.00Hz pitchCents=0.0
2025-12-16 05:28:40 [tracker] [s6] onset t=0.652 env=0.00160 gate=0.00020 envDelta=0.00141 envFloor=0.00117 onset=1.004 thresh=0.018 onsetDelta=0.98570 baseline=0.00078 adaptive=0.00195 lastPeak=0.00000 guard=0.060 activeAge=-1.000 pitch=-1.00Hz pitchCents=0.0
2025-12-16 05:28:40 [tracker] [s2] onset t=0.689 env=0.00100 gate=0.00001 envDelta=0.00100 envFloor=0.00076 onset=1.168 thresh=0.009 onsetDelta=1.15860 baseline=0.00050 adaptive=0.00126 lastPeak=0.00000 guard=0.060 activeAge=-1.000 pitch=103.90Hz pitchCents=-98.8
2025-12-16 05:28:40 [tracker] [s4] onset t=0.721 env=0.00183 gate=0.00010 envDelta=0.00173 envFloor=0.00091 onset=1.053 thresh=0.014 onsetDelta=1.03904 baseline=0.00061 adaptive=0.00152 lastPeak=0.00000 guard=0.060 activeAge=-1.000 pitch=-1.00Hz pitchCents=0.0
2025-12-16 05:28:40 [tracker] [s1] aubio-raw t=0.7373 onset=1.046372 env=0.000571 peak=0.001575 gain=1.000
2025-12-16 05:28:40 [tracker] [s1] onset-accepted t=0.7373 env=0.000571 gate=0.000020 envDelta=0.000551 envFloor=0.000532 onset=1.046372 thresh=0.006000 onsetDelta=1.040372 baseline=0.000355 floor=0.000180 adapt=0.000887 lastPeak=0.000000 baseParam=0.000180 gateRatio=0.0550 envParam=0.000450 onsetScale=0.300 retriggerScale=1.400 guard=0.060 guardRemain=0.000 activeAge=-1.000 retrigRemain=0.000 pitchHz=153.84 pitchCents=1080.7
2025-12-16 05:28:40 [tracker] [s1] onset t=0.737 env=0.00057 gate=0.00002 envDelta=0.00055 envFloor=0.00053 onset=1.046 thresh=0.006 onsetDelta=1.04037 baseline=0.00035 adaptive=0.00089 lastPeak=0.00000 guard=0.060 activeAge=-1.000 pitch=153.84Hz pitchCents=1080.7
2025-12-16 05:28:40 [tracker] [s1] note-start t=0.737 fret=10 midi=50 vel=0.01 env=0.00057
2025-12-16 05:28:40 [tracker] [s6] onset t=0.772 env=0.00222 gate=0.00022 envDelta=0.00200 envFloor=0.00131 onset=0.995 thresh=0.018 onsetDelta=0.97716 baseline=0.00087 adaptive=0.00219 lastPeak=0.00000 guard=0.060 activeAge=-1.000 pitch=-1.00Hz pitchCents=0.0
2025-12-16 05:28:40 [tracker] [s1] aubio-raw t=0.8173 onset=0.890082 env=0.000625 peak=0.001640 gain=1.000
2025-12-16 05:28:40 [tracker] [s1] onset-accepted t=0.8173 env=0.000625 gate=0.000024 envDelta=0.000601 envFloor=0.000518 onset=0.890082 thresh=0.006000 onsetDelta=0.884082 baseline=0.000442 floor=0.000180 adapt=0.000863 lastPeak=0.000491 baseParam=0.000180 gateRatio=0.0550 envParam=0.000450 onsetScale=0.300 retriggerScale=1.400 guard=0.060 guardRemain=0.000 activeAge=0.080 retrigRemain=0.140 pitchHz=-1.00 pitchCents=0.0
2025-12-16 05:28:40 [tracker] [s1] onset t=0.817 env=0.00063 gate=0.00002 envDelta=0.00060 envFloor=0.00052 onset=0.890 thresh=0.006 onsetDelta=0.88408 baseline=0.00044 adaptive=0.00086 lastPeak=0.00049 guard=0.060 activeAge=0.080 pitch=-1.00Hz pitchCents=0.0
2025-12-16 05:28:40 [tracker] [s1] note-ended (new onset) t=0.817 fret=10 dur=0.080
2025-12-16 05:28:40 [tracker] [s2] onset t=0.852 env=0.00101 gate=0.00001 envDelta=0.00100 envFloor=0.00081 onset=0.995 thresh=0.009 onsetDelta=0.98638 baseline=0.00054 adaptive=0.00134 lastPeak=0.00000 guard=0.060 activeAge=-1.000 pitch=-1.00Hz pitchCents=0.0
2025-12-16 05:28:40 [tracker] [s5] onset t=0.908 env=0.00212 gate=0.00015 envDelta=0.00196 envFloor=0.00109 onset=0.995 thresh=0.016 onsetDelta=0.97912 baseline=0.00073 adaptive=0.00182 lastPeak=0.00000 guard=0.060 activeAge=-1.000 pitch=-1.00Hz pitchCents=0.0
2025-12-16 05:28:40 [tracker] [s6] onset t=0.916 env=0.00173 gate=0.00021 envDelta=0.00151 envFloor=0.00128 onset=0.997 thresh=0.018 onsetDelta=0.97864 baseline=0.00086 adaptive=0.00214 lastPeak=0.00000 guard=0.060 activeAge=-1.000 pitch=-1.00Hz pitchCents=0.0
2025-12-16 05:28:40 [tracker] [s5] onset t=0.967 env=0.00134 gate=0.00014 envDelta=0.00120 envFloor=0.00102 onset=1.261 thresh=0.016 onsetDelta=1.24484 baseline=0.00068 adaptive=0.00170 lastPeak=0.00000 guard=0.060 activeAge=-1.000 pitch=-1.00Hz pitchCents=0.0
2025-12-16 05:28:40 [tracker] [s4] onset t=0.993 env=0.00130 gate=0.00010 envDelta=0.00120 envFloor=0.00088 onset=1.388 thresh=0.014 onsetDelta=1.37374 baseline=0.00059 adaptive=0.00147 lastPeak=0.00000 guard=0.060 activeAge=-1.000 pitch=-1.00Hz pitchCents=0.0
2025-12-16 05:28:40 [tracker] [s3] onset t=0.999 env=0.00099 gate=0.00007 envDelta=0.00092 envFloor=0.00080 onset=0.995 thresh=0.012 onsetDelta=0.98386 baseline=0.00053 adaptive=0.00134 lastPeak=0.00000 guard=0.060 activeAge=-1.000 pitch=-1.00Hz pitchCents=0.0
2025-12-16 05:28:40 [tracker] [s2] onset t=1.151 env=0.00125 gate=0.00001 envDelta=0.00124 envFloor=0.00078 onset=1.028 thresh=0.009 onsetDelta=1.01939 baseline=0.00052 adaptive=0.00130 lastPeak=0.00000 guard=0.060 activeAge=-1.000 pitch=-1.00Hz pitchCents=0.0
2025-12-16 05:28:40 [tracker] [s1] aubio-raw t=1.1613 onset=1.015601 env=0.000746 peak=0.001989 gain=1.000
2025-12-16 05:28:40 [tracker] [s1] onset-accepted t=1.1613 env=0.000746 gate=0.000019 envDelta=0.000728 envFloor=0.000507 onset=1.015601 thresh=0.006000 onsetDelta=1.009601 baseline=0.000338 floor=0.000180 adapt=0.000844 lastPeak=0.000257 baseParam=0.000180 gateRatio=0.0550 envParam=0.000450 onsetScale=0.300 retriggerScale=1.400 guard=0.060 guardRemain=0.000 activeAge=-1.000 retrigRemain=0.000 pitchHz=163.26 pitchCents=1183.6
2025-12-16 05:28:40 [tracker] [s1] onset t=1.161 env=0.00075 gate=0.00002 envDelta=0.00073 envFloor=0.00051 onset=1.016 thresh=0.006 onsetDelta=1.00960 baseline=0.00034 adaptive=0.00084 lastPeak=0.00026 guard=0.060 activeAge=-1.000 pitch=163.26Hz pitchCents=1183.6
2025-12-16 05:28:40 [tracker] [s2] onset t=1.265 env=0.00096 gate=0.00001 envDelta=0.00095 envFloor=0.00076 onset=0.750 thresh=0.009 onsetDelta=0.74135 baseline=0.00051 adaptive=0.00127 lastPeak=0.00000 guard=0.060 activeAge=-1.000 pitch=102.56Hz pitchCents=-121.2
2025-12-16 05:28:40 [tracker] [s1] aubio-raw t=1.3267 onset=1.114746 env=0.000745 peak=0.001705 gain=1.000
2025-12-16 05:28:40 [tracker] [s1] onset-accepted t=1.3267 env=0.000745 gate=0.000018 envDelta=0.000728 envFloor=0.000479 onset=1.114746 thresh=0.006000 onsetDelta=1.108746 baseline=0.000319 floor=0.000180 adapt=0.000798 lastPeak=0.000188 baseParam=0.000180 gateRatio=0.0550 envParam=0.000450 onsetScale=0.300 retriggerScale=1.400 guard=0.060 guardRemain=0.000 activeAge=-1.000 retrigRemain=0.000 pitchHz=126.98 pitchCents=748.5
2025-12-16 05:28:40 [tracker] [s1] onset t=1.327 env=0.00075 gate=0.00002 envDelta=0.00073 envFloor=0.00048 onset=1.115 thresh=0.006 onsetDelta=1.10875 baseline=0.00032 adaptive=0.00080 lastPeak=0.00019 guard=0.060 activeAge=-1.000 pitch=126.98Hz pitchCents=748.5
2025-12-16 05:28:40 [tracker] [s4] onset t=1.343 env=0.00108 gate=0.00010 envDelta=0.00098 envFloor=0.00088 onset=1.082 thresh=0.014 onsetDelta=1.06766 baseline=0.00059 adaptive=0.00147 lastPeak=0.00000 guard=0.060 activeAge=-1.000 pitch=-1.00Hz pitchCents=0.0
2025-12-16 05:28:40 [tracker] [s2] onset t=1.353 env=0.00116 gate=0.00000 envDelta=0.00116 envFloor=0.00074 onset=1.141 thresh=0.009 onsetDelta=1.13163 baseline=0.00049 adaptive=0.00123 lastPeak=0.00000 guard=0.060 activeAge=-1.000 pitch=205.14Hz pitchCents=1078.9
2025-12-16 05:28:40 [tracker] [s1] aubio-raw t=1.4067 onset=0.998174 env=0.000593 peak=0.001378 gain=1.000
2025-12-16 05:28:40 [tracker] [s1] onset-accepted t=1.4067 env=0.000593 gate=0.000017 envDelta=0.000576 envFloor=0.000476 onset=0.998174 thresh=0.006000 onsetDelta=0.992174 baseline=0.000318 floor=0.000180 adapt=0.000794 lastPeak=0.000162 baseParam=0.000180 gateRatio=0.0550 envParam=0.000450 onsetScale=0.300 retriggerScale=1.400 guard=0.060 guardRemain=0.000 activeAge=-1.000 retrigRemain=0.000 pitchHz=103.90 pitchCents=401.2
2025-12-16 05:28:40 [tracker] [s1] onset t=1.407 env=0.00059 gate=0.00002 envDelta=0.00058 envFloor=0.00048 onset=0.998 thresh=0.006 onsetDelta=0.99217 baseline=0.00032 adaptive=0.00079 lastPeak=0.00016 guard=0.060 activeAge=-1.000 pitch=103.90Hz pitchCents=401.2
2025-12-16 05:28:40 [tracker] [s6] onset t=1.463 env=0.00188 gate=0.00020 envDelta=0.00168 envFloor=0.00120 onset=0.869 thresh=0.018 onsetDelta=0.85079 baseline=0.00080 adaptive=0.00200 lastPeak=0.00000 guard=0.060 activeAge=-1.000 pitch=-1.00Hz pitchCents=0.0
2025-12-16 05:28:41 [tracker] [s5] onset t=1.545 env=0.00175 gate=0.00014 envDelta=0.00161 envFloor=0.00103 onset=1.469 thresh=0.016 onsetDelta=1.45302 baseline=0.00068 adaptive=0.00171 lastPeak=0.00000 guard=0.060 activeAge=-1.000 pitch=-1.00Hz pitchCents=0.0
2025-12-16 05:28:41 [tracker] [s1] aubio-raw t=1.5747 onset=1.102333 env=0.000534 peak=0.001821 gain=1.000
2025-12-16 05:28:41 [tracker] [s1] onset-accepted t=1.5747 env=0.000534 gate=0.000019 envDelta=0.000516 envFloor=0.000510 onset=1.102333 thresh=0.006000 onsetDelta=1.096333 baseline=0.000340 floor=0.000180 adapt=0.000850 lastPeak=0.000118 baseParam=0.000180 gateRatio=0.0550 envParam=0.000450 onsetScale=0.300 retriggerScale=1.400 guard=0.060 guardRemain=0.000 activeAge=-1.000 retrigRemain=0.000 pitchHz=101.27 pitchCents=356.8
2025-12-16 05:28:41 [tracker] [s1] onset t=1.575 env=0.00053 gate=0.00002 envDelta=0.00052 envFloor=0.00051 onset=1.102 thresh=0.006 onsetDelta=1.09633 baseline=0.00034 adaptive=0.00085 lastPeak=0.00012 guard=0.060 activeAge=-1.000 pitch=101.27Hz pitchCents=356.8
2025-12-16 05:28:41 [tracker] [s1] aubio-raw t=1.6333 onset=1.239685 env=0.000514 peak=0.001637 gain=1.000
2025-12-16 05:28:41 [tracker] [s1] onset-accepted t=1.6333 env=0.000514 gate=0.000019 envDelta=0.000496 envFloor=0.000507 onset=1.239685 thresh=0.006000 onsetDelta=1.233685 baseline=0.000338 floor=0.000180 adapt=0.000844 lastPeak=0.000106 baseParam=0.000180 gateRatio=0.0550 envParam=0.000450 onsetScale=0.300 retriggerScale=1.400 guard=0.060 guardRemain=0.000 activeAge=-1.000 retrigRemain=0.000 pitchHz=228.57 pitchCents=1766.1
2025-12-16 05:28:41 [tracker] [s1] onset t=1.633 env=0.00051 gate=0.00002 envDelta=0.00050 envFloor=0.00051 onset=1.240 thresh=0.006 onsetDelta=1.23369 baseline=0.00034 adaptive=0.00084 lastPeak=0.00011 guard=0.060 activeAge=-1.000 pitch=228.57Hz pitchCents=1766.1
2025-12-16 05:28:41 [tracker] [s2] onset t=1.679 env=0.00111 gate=0.00001 envDelta=0.00111 envFloor=0.00082 onset=0.778 thresh=0.009 onsetDelta=0.76855 baseline=0.00055 adaptive=0.00137 lastPeak=0.00000 guard=0.060 activeAge=-1.000 pitch=333.30Hz pitchCents=1919.2
2025-12-16 05:28:41 [tracker] [s3] onset t=1.700 env=0.00134 gate=0.00007 envDelta=0.00127 envFloor=0.00083 onset=0.990 thresh=0.012 onsetDelta=0.97829 baseline=0.00055 adaptive=0.00138 lastPeak=0.00000 guard=0.060 activeAge=-1.000 pitch=-1.00Hz pitchCents=0.0
2025-12-16 05:28:41 [tracker] [s1] aubio-raw t=1.7080 onset=0.801215 env=0.000735 peak=0.001878 gain=1.000
2025-12-16 05:28:41 [tracker] [s1] onset-accepted t=1.7080 env=0.000735 gate=0.000018 envDelta=0.000716 envFloor=0.000501 onset=0.801215 thresh=0.006000 onsetDelta=0.795215 baseline=0.000334 floor=0.000180 adapt=0.000835 lastPeak=0.000092 baseParam=0.000180 gateRatio=0.0550 envParam=0.000450 onsetScale=0.300 retriggerScale=1.400 guard=0.060 guardRemain=0.000 activeAge=-1.000 retrigRemain=0.000 pitchHz=159.99 pitchCents=1148.5
2025-12-16 05:28:41 [tracker] [s1] onset t=1.708 env=0.00073 gate=0.00002 envDelta=0.00072 envFloor=0.00050 onset=0.801 thresh=0.006 onsetDelta=0.79522 baseline=0.00033 adaptive=0.00083 lastPeak=0.00009 guard=0.060 activeAge=-1.000 pitch=159.99Hz pitchCents=1148.5
2025-12-16 05:28:41 [tracker] [s2] onset t=1.868 env=0.00124 gate=0.00001 envDelta=0.00123 envFloor=0.00087 onset=1.082 thresh=0.009 onsetDelta=1.07288 baseline=0.00058 adaptive=0.00145 lastPeak=0.00000 guard=0.060 activeAge=-1.000 pitch=148.14Hz pitchCents=515.3
2025-12-16 05:28:41 [tracker] [s6] onset t=1.897 env=0.00225 gate=0.00021 envDelta=0.00204 envFloor=0.00126 onset=1.265 thresh=0.018 onsetDelta=1.24651 baseline=0.00084 adaptive=0.00210 lastPeak=0.00000 guard=0.060 activeAge=-1.000 pitch=-1.00Hz pitchCents=0.0
2025-12-16 05:28:41 [tracker] [s3] onset t=1.943 env=0.00166 gate=0.00008 envDelta=0.00158 envFloor=0.00088 onset=0.996 thresh=0.012 onsetDelta=0.98413 baseline=0.00059 adaptive=0.00146 lastPeak=0.00000 guard=0.060 activeAge=-1.000 pitch=-1.00Hz pitchCents=0.0
2025-12-16 05:28:41 [tracker] [s4] onset t=2.009 env=0.00157 gate=0.00011 envDelta=0.00146 envFloor=0.00098 onset=0.876 thresh=0.014 onsetDelta=0.86246 baseline=0.00065 adaptive=0.00163 lastPeak=0.00000 guard=0.060 activeAge=-1.000 pitch=-1.00Hz pitchCents=0.0
2025-12-16 05:28:41 [tracker] [s5] onset t=2.124 env=0.00137 gate=0.00014 envDelta=0.00123 envFloor=0.00099 onset=1.003 thresh=0.016 onsetDelta=0.98705 baseline=0.00066 adaptive=0.00164 lastPeak=0.00000 guard=0.060 activeAge=-1.000 pitch=-1.00Hz pitchCents=0.0
2025-12-16 05:28:41 [tracker] [s2] onset t=2.153 env=0.00119 gate=0.00001 envDelta=0.00119 envFloor=0.00075 onset=1.092 thresh=0.009 onsetDelta=1.08271 baseline=0.00050 adaptive=0.00125 lastPeak=0.00000 guard=0.060 activeAge=-1.000 pitch=205.10Hz pitchCents=1078.5
2025-12-16 05:28:41 [tracker] [s2] note-start t=2.153 fret=5 midi=50 vel=0.01 env=0.00119
2025-12-16 05:28:41 [tracker] [s4] onset t=2.175 env=0.00115 gate=0.00010 envDelta=0.00105 envFloor=0.00085 onset=0.763 thresh=0.014 onsetDelta=0.74943 baseline=0.00056 adaptive=0.00141 lastPeak=0.00000 guard=0.060 activeAge=-1.000 pitch=-1.00Hz pitchCents=0.0
2025-12-16 05:28:41 [tracker] [s2] onset t=2.279 env=0.00122 gate=0.00001 envDelta=0.00121 envFloor=0.00076 onset=0.956 thresh=0.009 onsetDelta=0.94671 baseline=0.00085 adaptive=0.00126 lastPeak=0.00094 guard=0.060 activeAge=0.125 pitch=126.99Hz pitchCents=248.6
2025-12-16 05:28:41 [tracker] [s2] note-ended (new onset) t=2.279 fret=5 dur=0.125
2025-12-16 05:28:41 [tracker] [s6] onset t=2.292 env=0.00185 gate=0.00021 envDelta=0.00164 envFloor=0.00126 onset=0.991 thresh=0.018 onsetDelta=0.97283 baseline=0.00084 adaptive=0.00209 lastPeak=0.00000 guard=0.060 activeAge=-1.000 pitch=-1.00Hz pitchCents=0.0
2025-12-16 05:28:41 [tracker] [s1] aubio-raw t=2.3320 onset=1.124584 env=0.000671 peak=0.001845 gain=1.000
2025-12-16 05:28:41 [tracker] [s1] onset-accepted t=2.3320 env=0.000671 gate=0.000018 envDelta=0.000652 envFloor=0.000500 onset=1.124584 thresh=0.006000 onsetDelta=1.118584 baseline=0.000334 floor=0.000180 adapt=0.000834 lastPeak=0.000028 baseParam=0.000180 gateRatio=0.0550 envParam=0.000450 onsetScale=0.300 retriggerScale=1.400 guard=0.060 guardRemain=0.000 activeAge=-1.000 retrigRemain=0.000 pitchHz=205.14 pitchCents=1578.9
2025-12-16 05:28:41 [tracker] [s1] onset t=2.332 env=0.00067 gate=0.00002 envDelta=0.00065 envFloor=0.00050 onset=1.125 thresh=0.006 onsetDelta=1.11858 baseline=0.00033 adaptive=0.00083 lastPeak=0.00003 guard=0.060 activeAge=-1.000 pitch=205.14Hz pitchCents=1578.9
2025-12-16 05:28:41 [tracker] [s3] onset t=2.367 env=0.00156 gate=0.00008 envDelta=0.00149 envFloor=0.00090 onset=1.070 thresh=0.012 onsetDelta=1.05881 baseline=0.00060 adaptive=0.00150 lastPeak=0.00000 guard=0.060 activeAge=-1.000 pitch=-1.00Hz pitchCents=0.0
2025-12-16 05:28:41 [tracker] [s5] onset t=2.383 env=0.00171 gate=0.00015 envDelta=0.00156 envFloor=0.00106 onset=0.999 thresh=0.016 onsetDelta=0.98316 baseline=0.00071 adaptive=0.00177 lastPeak=0.00000 guard=0.060 activeAge=-1.000 pitch=-1.00Hz pitchCents=0.0
2025-12-16 05:28:41 [tracker] [s1] aubio-raw t=2.4254 onset=0.998251 env=0.000795 peak=0.001866 gain=1.000
2025-12-16 05:28:41 [tracker] [s1] onset-accepted t=2.4254 env=0.000795 gate=0.000018 envDelta=0.000777 envFloor=0.000495 onset=0.998251 thresh=0.006000 onsetDelta=0.992251 baseline=0.000330 floor=0.000180 adapt=0.000825 lastPeak=0.000024 baseParam=0.000180 gateRatio=0.0550 envParam=0.000450 onsetScale=0.300 retriggerScale=1.400 guard=0.060 guardRemain=0.000 activeAge=-1.000 retrigRemain=0.000 pitchHz=140.35 pitchCents=921.8
2025-12-16 05:28:41 [tracker] [s1] onset t=2.425 env=0.00080 gate=0.00002 envDelta=0.00078 envFloor=0.00050 onset=0.998 thresh=0.006 onsetDelta=0.99225 baseline=0.00033 adaptive=0.00083 lastPeak=0.00002 guard=0.060 activeAge=-1.000 pitch=140.35Hz pitchCents=921.8
2025-12-16 05:28:41 [tracker] [s6] onset t=2.471 env=0.00141 gate=0.00020 envDelta=0.00121 envFloor=0.00119 onset=1.001 thresh=0.018 onsetDelta=0.98317 baseline=0.00080 adaptive=0.00199 lastPeak=0.00000 guard=0.060 activeAge=-1.000 pitch=-1.00Hz pitchCents=0.0
2025-12-16 05:28:42 [tracker] [s1] aubio-raw t=2.6147 onset=1.083988 env=0.000830 peak=0.001694 gain=1.000
2025-12-16 05:28:42 [tracker] [s1] onset-accepted t=2.6147 env=0.000830 gate=0.000018 envDelta=0.000813 envFloor=0.000481 onset=1.083988 thresh=0.006000 onsetDelta=1.077988 baseline=0.000320 floor=0.000180 adapt=0.000801 lastPeak=0.000017 baseParam=0.000180 gateRatio=0.0550 envParam=0.000450 onsetScale=0.300 retriggerScale=1.400 guard=0.060 guardRemain=0.000 activeAge=-1.000 retrigRemain=0.000 pitchHz=126.98 pitchCents=748.5
2025-12-16 05:28:42 [tracker] [s1] onset t=2.615 env=0.00083 gate=0.00002 envDelta=0.00081 envFloor=0.00048 onset=1.084 thresh=0.006 onsetDelta=1.07799 baseline=0.00032 adaptive=0.00080 lastPeak=0.00002 guard=0.060 activeAge=-1.000 pitch=126.98Hz pitchCents=748.5
2025-12-16 05:28:42 [tracker] [s6] onset t=2.623 env=0.00180 gate=0.00020 envDelta=0.00160 envFloor=0.00122 onset=0.988 thresh=0.018 onsetDelta=0.97045 baseline=0.00081 adaptive=0.00203 lastPeak=0.00000 guard=0.060 activeAge=-1.000 pitch=-1.00Hz pitchCents=0.0
2025-12-16 05:28:42 [tracker] [s4] onset t=2.695 env=0.00150 gate=0.00010 envDelta=0.00139 envFloor=0.00093 onset=0.703 thresh=0.014 onsetDelta=0.68898 baseline=0.00062 adaptive=0.00154 lastPeak=0.00000 guard=0.060 activeAge=-1.000 pitch=-1.00Hz pitchCents=0.0
2025-12-16 05:28:42 [tracker] [s2] onset t=2.713 env=0.00182 gate=0.00001 envDelta=0.00181 envFloor=0.00083 onset=0.959 thresh=0.009 onsetDelta=0.95034 baseline=0.00056 adaptive=0.00139 lastPeak=0.00042 guard=0.060 activeAge=-1.000 pitch=150.93Hz pitchCents=547.7
2025-12-16 05:28:42 [tracker] [s4] onset t=2.745 env=0.00183 gate=0.00011 envDelta=0.00172 envFloor=0.00098 onset=0.996 thresh=0.014 onsetDelta=0.98154 baseline=0.00065 adaptive=0.00164 lastPeak=0.00000 guard=0.060 activeAge=-1.000 pitch=-1.00Hz pitchCents=0.0
2025-12-16 05:28:42 [tracker] [s5] onset t=2.793 env=0.00175 gate=0.00015 envDelta=0.00160 envFloor=0.00109 onset=1.256 thresh=0.016 onsetDelta=1.23968 baseline=0.00073 adaptive=0.00182 lastPeak=0.00000 guard=0.060 activeAge=-1.000 pitch=-1.00Hz pitchCents=0.0
2025-12-16 05:28:42 [tracker] [s3] onset t=2.868 env=0.00103 gate=0.00007 envDelta=0.00096 envFloor=0.00083 onset=0.648 thresh=0.012 onsetDelta=0.63639 baseline=0.00055 adaptive=0.00138 lastPeak=0.00000 guard=0.060 activeAge=-1.000 pitch=-1.00Hz pitchCents=0.0
2025-12-16 05:28:42 [tracker] [s5] onset t=3.017 env=0.00161 gate=0.00014 envDelta=0.00147 envFloor=0.00103 onset=1.117 thresh=0.016 onsetDelta=1.10098 baseline=0.00068 adaptive=0.00171 lastPeak=0.00000 guard=0.060 activeAge=-1.000 pitch=-1.00Hz pitchCents=0.0
2025-12-16 05:28:42 [tracker] [s2] onset t=3.063 env=0.00132 gate=0.00001 envDelta=0.00132 envFloor=0.00078 onset=0.996 thresh=0.009 onsetDelta=0.98666 baseline=0.00052 adaptive=0.00130 lastPeak=0.00022 guard=0.060 activeAge=-1.000 pitch=242.41Hz pitchCents=1367.9
2025-12-16 05:28:42 [tracker] [s1] aubio-raw t=3.0707 onset=0.988759 env=0.000907 peak=0.002184 gain=1.000
2025-12-16 05:28:42 [tracker] [s1] onset t=3.071 env=0.00091 gate=0.00002 envDelta=0.00089 envFloor=0.00050 onset=0.989 thresh=0.006 onsetDelta=0.98276 baseline=0.00033 adaptive=0.00083 lastPeak=0.00001 guard=0.060 activeAge=-1.000 pitch=-1.00Hz pitchCents=0.0
2025-12-16 05:28:42 [tracker] [s3] onset t=3.095 env=0.00119 gate=0.00007 envDelta=0.00112 envFloor=0.00086 onset=0.997 thresh=0.012 onsetDelta=0.98516 baseline=0.00057 adaptive=0.00143 lastPeak=0.00000 guard=0.060 activeAge=-1.000 pitch=-1.00Hz pitchCents=0.0
2025-12-16 05:28:42 [tracker] [s2] onset t=3.151 env=0.00122 gate=0.00001 envDelta=0.00121 envFloor=0.00075 onset=0.995 thresh=0.009 onsetDelta=0.98621 baseline=0.00050 adaptive=0.00126 lastPeak=0.00018 guard=0.060 activeAge=-1.000 pitch=205.12Hz pitchCents=1078.7
2025-12-16 05:28:42 [tracker] [s2] note-start t=3.151 fret=8 midi=53 vel=0.01 env=0.00122
2025-12-16 05:28:42 [tracker] [s6] onset t=3.153 env=0.00162 gate=0.00021 envDelta=0.00141 envFloor=0.00128 onset=0.995 thresh=0.018 onsetDelta=0.97729 baseline=0.00086 adaptive=0.00214 lastPeak=0.00000 guard=0.060 activeAge=-1.000 pitch=-1.00Hz pitchCents=0.0
2025-12-16 05:28:42 [tracker] [s1] aubio-raw t=3.2734 onset=1.209208 env=0.000557 peak=0.001435 gain=1.000
2025-12-16 05:28:42 [tracker] [s1] onset-accepted t=3.2734 env=0.000557 gate=0.000019 envDelta=0.000538 envFloor=0.000520 onset=1.209208 thresh=0.006000 onsetDelta=1.203208 baseline=0.000347 floor=0.000180 adapt=0.000867 lastPeak=0.000005 baseParam=0.000180 gateRatio=0.0550 envParam=0.000450 onsetScale=0.300 retriggerScale=1.400 guard=0.060 guardRemain=0.000 activeAge=-1.000 retrigRemain=0.000 pitchHz=108.12 pitchCents=470.1
2025-12-16 05:28:42 [tracker] [s1] onset t=3.273 env=0.00056 gate=0.00002 envDelta=0.00054 envFloor=0.00052 onset=1.209 thresh=0.006 onsetDelta=1.20321 baseline=0.00035 adaptive=0.00087 lastPeak=0.00000 guard=0.060 activeAge=-1.000 pitch=108.12Hz pitchCents=470.1
2025-12-16 05:28:42 [tracker] [s1] note-start t=3.273 fret=3 midi=43 vel=0.01 env=0.00056
2025-12-16 05:28:42 [tracker] [s4] onset t=3.311 env=0.00126 gate=0.00010 envDelta=0.00116 envFloor=0.00085 onset=1.182 thresh=0.014 onsetDelta=1.16767 baseline=0.00057 adaptive=0.00142 lastPeak=0.00000 guard=0.060 activeAge=-1.000 pitch=-1.00Hz pitchCents=0.0
2025-12-16 05:28:42 [tracker] [s5] onset t=3.401 env=0.00148 gate=0.00014 envDelta=0.00133 envFloor=0.00104 onset=0.859 thresh=0.016 onsetDelta=0.84287 baseline=0.00069 adaptive=0.00173 lastPeak=0.00000 guard=0.060 activeAge=-1.000 pitch=-1.00Hz pitchCents=0.0
2025-12-16 05:28:42 [tracker] [s1] aubio-raw t=3.4520 onset=0.997016 env=0.000894 peak=0.002323 gain=1.000
2025-12-16 05:28:42 [tracker] [s1] onset-accepted t=3.4520 env=0.000894 gate=0.000020 envDelta=0.000875 envFloor=0.000512 onset=0.997016 thresh=0.006000 onsetDelta=0.991016 baseline=0.000358 floor=0.000180 adapt=0.000853 lastPeak=0.000398 baseParam=0.000180 gateRatio=0.0550 envParam=0.000450 onsetScale=0.300 retriggerScale=1.400 guard=0.060 guardRemain=0.000 activeAge=0.179 retrigRemain=0.041 pitchHz=100.00 pitchCents=335.0
2025-12-16 05:28:42 [tracker] [s1] onset t=3.452 env=0.00089 gate=0.00002 envDelta=0.00087 envFloor=0.00051 onset=0.997 thresh=0.006 onsetDelta=0.99102 baseline=0.00036 adaptive=0.00085 lastPeak=0.00040 guard=0.060 activeAge=0.179 pitch=100.00Hz pitchCents=335.0
2025-12-16 05:28:42 [tracker] [s1] note-ended (new onset) t=3.452 fret=3 dur=0.179
2025-12-16 05:28:43 [tracker] [s2] onset t=3.505 env=0.00162 gate=0.00001 envDelta=0.00162 envFloor=0.00081 onset=0.986 thresh=0.009 onsetDelta=0.97650 baseline=0.00056 adaptive=0.00135 lastPeak=0.00063 guard=0.060 activeAge=0.355 pitch=126.98Hz pitchCents=248.5
2025-12-16 05:28:43 [tracker] [s2] note-ended (new onset) t=3.505 fret=8 dur=0.355
2025-12-16 05:28:43 [tracker] [s1] aubio-raw t=3.5374 onset=0.999153 env=0.000869 peak=0.001819 gain=1.000
2025-12-16 05:28:43 [tracker] [s1] onset-accepted t=3.5374 env=0.000869 gate=0.000019 envDelta=0.000851 envFloor=0.000506 onset=0.999153 thresh=0.006000 onsetDelta=0.993153 baseline=0.000338 floor=0.000180 adapt=0.000844 lastPeak=0.000339 baseParam=0.000180 gateRatio=0.0550 envParam=0.000450 onsetScale=0.300 retriggerScale=1.400 guard=0.060 guardRemain=0.000 activeAge=-1.000 retrigRemain=0.000 pitchHz=119.40 pitchCents=642.0
2025-12-16 05:28:43 [tracker] [s1] onset t=3.537 env=0.00087 gate=0.00002 envDelta=0.00085 envFloor=0.00051 onset=0.999 thresh=0.006 onsetDelta=0.99315 baseline=0.00034 adaptive=0.00084 lastPeak=0.00034 guard=0.060 activeAge=-1.000 pitch=119.40Hz pitchCents=642.0
2025-12-16 05:28:43 [tracker] [s2] onset t=3.593 env=0.00131 gate=0.00001 envDelta=0.00131 envFloor=0.00077 onset=0.923 thresh=0.009 onsetDelta=0.91433 baseline=0.00051 adaptive=0.00128 lastPeak=0.00053 guard=0.060 activeAge=-1.000 pitch=106.67Hz pitchCents=-53.2
2025-12-16 05:28:43 [tracker] [s2] note-start t=3.593 fret=5 midi=50 vel=0.02 env=0.00131
2025-12-16 05:28:43 [tracker] [s1] aubio-raw t=3.6040 onset=1.021356 env=0.000812 peak=0.001818 gain=1.000
2025-12-16 05:28:43 [tracker] [s1] onset-accepted t=3.6040 env=0.000812 gate=0.000018 envDelta=0.000794 envFloor=0.000504 onset=1.021356 thresh=0.006000 onsetDelta=1.015356 baseline=0.000336 floor=0.000180 adapt=0.000840 lastPeak=0.000299 baseParam=0.000180 gateRatio=0.0550 envParam=0.000450 onsetScale=0.300 retriggerScale=1.400 guard=0.060 guardRemain=0.000 activeAge=-1.000 retrigRemain=0.000 pitchHz=160.00 pitchCents=1148.7
2025-12-16 05:28:43 [tracker] [s1] onset t=3.604 env=0.00081 gate=0.00002 envDelta=0.00079 envFloor=0.00050 onset=1.021 thresh=0.006 onsetDelta=1.01536 baseline=0.00034 adaptive=0.00084 lastPeak=0.00030 guard=0.060 activeAge=-1.000 pitch=160.00Hz pitchCents=1148.7
2025-12-16 05:28:43 [tracker] [s6] onset t=3.657 env=0.00180 gate=0.00019 envDelta=0.00161 envFloor=0.00115 onset=1.343 thresh=0.018 onsetDelta=1.32493 baseline=0.00077 adaptive=0.00192 lastPeak=0.00000 guard=0.060 activeAge=-1.000 pitch=-1.00Hz pitchCents=0.0
2025-12-16 05:28:43 [tracker] [s2] onset t=3.687 env=0.00091 gate=0.00001 envDelta=0.00090 envFloor=0.00076 onset=1.088 thresh=0.009 onsetDelta=1.07878 baseline=0.00099 adaptive=0.00127 lastPeak=0.00110 guard=0.060 activeAge=0.093 pitch=285.68Hz pitchCents=1652.3
2025-12-16 05:28:43 [tracker] [s2] note-ended (new onset) t=3.687 fret=5 dur=0.093
2025-12-16 05:28:43 [tracker] [s2] note-start t=3.687 fret=3 midi=48 vel=0.01 env=0.00091
2025-12-16 05:28:43 [tracker] [s1] aubio-raw t=3.7347 onset=0.911544 env=0.000666 peak=0.001620 gain=1.000
2025-12-16 05:28:43 [tracker] [s1] onset-accepted t=3.7347 env=0.000666 gate=0.000018 envDelta=0.000648 envFloor=0.000495 onset=0.911544 thresh=0.006000 onsetDelta=0.905544 baseline=0.000330 floor=0.000180 adapt=0.000825 lastPeak=0.000234 baseParam=0.000180 gateRatio=0.0550 envParam=0.000450 onsetScale=0.300 retriggerScale=1.400 guard=0.060 guardRemain=0.000 activeAge=-1.000 retrigRemain=0.000 pitchHz=-1.00 pitchCents=0.0
2025-12-16 05:28:43 [tracker] [s1] onset t=3.735 env=0.00067 gate=0.00002 envDelta=0.00065 envFloor=0.00049 onset=0.912 thresh=0.006 onsetDelta=0.90554 baseline=0.00033 adaptive=0.00082 lastPeak=0.00023 guard=0.060 activeAge=-1.000 pitch=-1.00Hz pitchCents=0.0
2025-12-16 05:28:43 [tracker] [s5] onset t=3.820 env=0.00159 gate=0.00014 envDelta=0.00145 envFloor=0.00103 onset=1.145 thresh=0.016 onsetDelta=1.12929 baseline=0.00068 adaptive=0.00171 lastPeak=0.00000 guard=0.060 activeAge=-1.000 pitch=-1.00Hz pitchCents=0.0
2025-12-16 05:28:43 [tracker] [s1] aubio-raw t=3.8227 onset=0.973895 env=0.000855 peak=0.002131 gain=1.000
2025-12-16 05:28:43 [tracker] [s1] onset-accepted t=3.8227 env=0.000855 gate=0.000019 envDelta=0.000836 envFloor=0.000510 onset=0.973895 thresh=0.006000 onsetDelta=0.967895 baseline=0.000340 floor=0.000180 adapt=0.000850 lastPeak=0.000198 baseParam=0.000180 gateRatio=0.0550 envParam=0.000450 onsetScale=0.300 retriggerScale=1.400 guard=0.060 guardRemain=0.000 activeAge=-1.000 retrigRemain=0.000 pitchHz=-1.00 pitchCents=0.0
2025-12-16 05:28:43 [tracker] [s1] onset t=3.823 env=0.00085 gate=0.00002 envDelta=0.00084 envFloor=0.00051 onset=0.974 thresh=0.006 onsetDelta=0.96790 baseline=0.00034 adaptive=0.00085 lastPeak=0.00020 guard=0.060 activeAge=-1.000 pitch=-1.00Hz pitchCents=0.0
2025-12-16 05:28:43 [tracker] [s3] onset t=3.871 env=0.00117 gate=0.00008 envDelta=0.00109 envFloor=0.00087 onset=1.072 thresh=0.012 onsetDelta=1.06026 baseline=0.00058 adaptive=0.00146 lastPeak=0.00000 guard=0.060 activeAge=-1.000 pitch=-1.00Hz pitchCents=0.0
2025-12-16 05:28:43 [tracker] [s2] onset t=3.889 env=0.00143 gate=0.00001 envDelta=0.00143 envFloor=0.00083 onset=0.995 thresh=0.009 onsetDelta=0.98629 baseline=0.00056 adaptive=0.00139 lastPeak=0.00062 guard=0.060 activeAge=0.203 pitch=216.22Hz pitchCents=1170.0
2025-12-16 05:28:43 [tracker] [s2] note-ended (new onset) t=3.889 fret=3 dur=0.203
2025-12-16 05:28:43 [tracker] [s2] note-start t=3.889 fret=12 midi=57 vel=0.02 env=0.00143
2025-12-16 05:28:43 [tracker] [s6] onset t=3.983 env=0.00187 gate=0.00020 envDelta=0.00167 envFloor=0.00120 onset=1.213 thresh=0.018 onsetDelta=1.19515 baseline=0.00080 adaptive=0.00201 lastPeak=0.00000 guard=0.060 activeAge=-1.000 pitch=-1.00Hz pitchCents=0.0
2025-12-16 05:28:43 [tracker] [s1] aubio-raw t=4.0094 onset=0.964989 env=0.000591 peak=0.001999 gain=1.000
2025-12-16 05:28:43 [tracker] [s1] onset-accepted t=4.0094 env=0.000591 gate=0.000018 envDelta=0.000573 envFloor=0.000499 onset=0.964989 thresh=0.006000 onsetDelta=0.958989 baseline=0.000333 floor=0.000180 adapt=0.000831 lastPeak=0.000140 baseParam=0.000180 gateRatio=0.0550 envParam=0.000450 onsetScale=0.300 retriggerScale=1.400 guard=0.060 guardRemain=0.000 activeAge=-1.000 retrigRemain=0.000 pitchHz=150.94 pitchCents=1047.8
2025-12-16 05:28:43 [tracker] [s1] onset t=4.009 env=0.00059 gate=0.00002 envDelta=0.00057 envFloor=0.00050 onset=0.965 thresh=0.006 onsetDelta=0.95899 baseline=0.00033 adaptive=0.00083 lastPeak=0.00014 guard=0.060 activeAge=-1.000 pitch=150.94Hz pitchCents=1047.8
2025-12-16 05:28:43 [tracker] [s6] onset t=4.127 env=0.00195 gate=0.00020 envDelta=0.00175 envFloor=0.00120 onset=1.040 thresh=0.018 onsetDelta=1.02207 baseline=0.00080 adaptive=0.00199 lastPeak=0.00000 guard=0.060 activeAge=-1.000 pitch=-1.00Hz pitchCents=0.0
2025-12-16 05:28:43 [tracker] [s3] onset t=4.153 env=0.00122 gate=0.00007 envDelta=0.00115 envFloor=0.00081 onset=1.066 thresh=0.012 onsetDelta=1.05448 baseline=0.00054 adaptive=0.00135 lastPeak=0.00000 guard=0.060 activeAge=-1.000 pitch=-1.00Hz pitchCents=0.0
2025-12-16 05:28:43 [tracker] [s6] onset t=4.260 env=0.00197 gate=0.00021 envDelta=0.00176 envFloor=0.00128 onset=1.127 thresh=0.018 onsetDelta=1.10932 baseline=0.00086 adaptive=0.00214 lastPeak=0.00000 guard=0.060 activeAge=-1.000 pitch=-1.00Hz pitchCents=0.0
2025-12-16 05:28:43 [tracker] [s2] onset t=4.375 env=0.00098 gate=0.00001 envDelta=0.00097 envFloor=0.00082 onset=0.998 thresh=0.009 onsetDelta=0.98920 baseline=0.00055 adaptive=0.00137 lastPeak=0.00058 guard=0.060 activeAge=0.485 pitch=97.56Hz pitchCents=-207.8
2025-12-16 05:28:43 [tracker] [s2] note-ended (new onset) t=4.375 fret=12 dur=0.485
2025-12-16 05:28:43 [tracker] [s2] note-start t=4.375 fret=9 midi=54 vel=0.01 env=0.00098
