# SignalAssistant session log
# Started at 2025-12-06 08:36:03
2025-12-06 08:36:03 [session] mode=recorded session='live/0 - 5 Note Step' path='/home/general/SignalAssistant/sessions/live/0 - 5 Note Step' duration=38.14 files=6
2025-12-06 08:36:03 [tracker-settings] TrackerConfig onsetThreshold=0.02000 minNoteDurSec=0.045 hopSec=0.010 slideDelta=120.0 bendDelta=35.0
2025-12-06 08:36:03 [tracker-settings] string1 midi=40 lowCut=37.08Hz highCut=445.00Hz baseline=0.000180 gateRatio=0.05500 envFloor=0.000450 sustainScale=0.580 retriggerScale=1.400 peakRelease=0.120 pitchTol=0.400 onsetScale=0.300
2025-12-06 08:36:03 [tracker-settings] string2 midi=45 lowCut=55.00Hz highCut=563.20Hz baseline=0.000220 gateRatio=0.10000 envFloor=0.000550 sustainScale=0.700 retriggerScale=1.250 peakRelease=0.130 pitchTol=0.400 onsetScale=0.450
2025-12-06 08:36:03 [tracker-settings] string3 midi=50 lowCut=85.16Hz highCut=693.05Hz baseline=0.000260 gateRatio=0.13000 envFloor=0.000650 sustainScale=0.820 retriggerScale=1.100 peakRelease=0.140 pitchTol=0.450 onsetScale=0.580
2025-12-06 08:36:03 [tracker-settings] string4 midi=55 lowCut=127.40Hz highCut=862.39Hz baseline=0.000320 gateRatio=0.17000 envFloor=0.000780 sustainScale=1.000 retriggerScale=1.000 peakRelease=0.160 pitchTol=0.440 onsetScale=0.700
2025-12-06 08:36:03 [tracker-settings] string5 midi=59 lowCut=160.51Hz highCut=1086.54Hz baseline=0.000370 gateRatio=0.21000 envFloor=0.000900 sustainScale=1.000 retriggerScale=1.000 peakRelease=0.180 pitchTol=0.500 onsetScale=0.800
2025-12-06 08:36:03 [tracker-settings] string6 midi=64 lowCut=214.26Hz highCut=1450.36Hz baseline=0.000420 gateRatio=0.25000 envFloor=0.001050 sustainScale=1.000 retriggerScale=1.000 peakRelease=0.200 pitchTol=0.550 onsetScale=0.900
2025-12-06 08:36:03 [tracker] [s1] calibration reset
2025-12-06 08:36:03 [tracker] [s2] calibration reset
2025-12-06 08:36:03 [tracker] [s3] calibration reset
2025-12-06 08:36:03 [tracker] [s4] calibration reset
2025-12-06 08:36:03 [tracker] [s5] calibration reset
2025-12-06 08:36:03 [tracker] [s6] calibration reset
2025-12-06 08:36:03 [tracker] [s1] calibration avg=0.03043 peak=0.12374
2025-12-06 08:36:03 [tracker] [s2] calibration avg=0.01545 peak=0.03607
2025-12-06 08:36:03 [tracker] [s3] calibration avg=0.02029 peak=0.20107
2025-12-06 08:36:03 [tracker] [s4] calibration avg=0.05235 peak=0.33474
2025-12-06 08:36:03 [tracker] [s5] calibration avg=0.05969 peak=0.46666
2025-12-06 08:36:03 [tracker] [s6] calibration avg=0.07499 peak=0.42080
2025-12-06 08:36:09 [test-mode] play session='live/0 - 5 Note Step' position=0.00 duration=38.14
2025-12-06 08:36:09 [tracker] [s1] configure sr=48000.0 hop=512 fft=4096 low=37.1 high=445.0
2025-12-06 08:36:09 [tracker] [s1] params baseline=0.000180 gate=0.0550 envFloor=0.000450 sustain=0.580 retrigger=1.400 peakRelease=0.120 pitchTol=0.400 onsetScale=0.006 aubioScale=1.20 aubioThresh=0.024 onsetSilence=-85.0 pitchSilence=-90.0
2025-12-06 08:36:09 [tracker] [s2] configure sr=48000.0 hop=512 fft=4096 low=55.0 high=563.2
2025-12-06 08:36:09 [tracker] [s2] params baseline=0.000220 gate=0.1000 envFloor=0.000550 sustain=0.700 retrigger=1.250 peakRelease=0.130 pitchTol=0.400 onsetScale=0.009 aubioScale=1.35 aubioThresh=0.027 onsetSilence=-85.0 pitchSilence=-90.0
2025-12-06 08:36:09 [tracker] [s3] configure sr=48000.0 hop=512 fft=4096 low=85.2 high=693.0
2025-12-06 08:36:09 [tracker] [s3] params baseline=0.000260 gate=0.1300 envFloor=0.000650 sustain=0.820 retrigger=1.100 peakRelease=0.140 pitchTol=0.450 onsetScale=0.012 aubioScale=1.60 aubioThresh=0.032 onsetSilence=-75.0 pitchSilence=-80.0
2025-12-06 08:36:09 [tracker] [s4] configure sr=48000.0 hop=512 fft=4096 low=127.4 high=862.4
2025-12-06 08:36:09 [tracker] [s4] params baseline=0.000320 gate=0.1700 envFloor=0.000780 sustain=1.000 retrigger=1.000 peakRelease=0.160 pitchTol=0.440 onsetScale=0.014 aubioScale=1.80 aubioThresh=0.036 onsetSilence=-75.0 pitchSilence=-80.0
2025-12-06 08:36:09 [tracker] [s5] configure sr=48000.0 hop=512 fft=2048 low=160.5 high=1086.5
2025-12-06 08:36:09 [tracker] [s5] params baseline=0.000370 gate=0.2100 envFloor=0.000900 sustain=1.000 retrigger=1.000 peakRelease=0.180 pitchTol=0.500 onsetScale=0.016 aubioScale=1.80 aubioThresh=0.036 onsetSilence=-75.0 pitchSilence=-80.0
2025-12-06 08:36:09 [tracker] [s6] configure sr=48000.0 hop=512 fft=2048 low=214.3 high=1450.4
2025-12-06 08:36:09 [tracker] [s6] params baseline=0.000420 gate=0.2500 envFloor=0.001050 sustain=1.000 retrigger=1.000 peakRelease=0.200 pitchTol=0.550 onsetScale=0.018 aubioScale=1.80 aubioThresh=0.036 onsetSilence=-75.0 pitchSilence=-80.0
2025-12-06 08:36:11 [tracker] [s1] onset t=2.224 env=0.04039 baseline=0.02799 gate=0.00154 envFloor=0.02379 onset=1.089>=0.006
2025-12-06 08:36:15 [tracker] [s1] onset t=6.032 env=0.06761 baseline=0.02799 gate=0.00154 envFloor=0.02379 onset=0.517>=0.006
2025-12-06 08:36:15 [tracker] [s1] onset t=6.107 env=0.05308 baseline=0.02799 gate=0.00154 envFloor=0.02379 onset=1.443>=0.006
2025-12-06 08:36:15 [tracker] [s1] note-start t=6.107 fret=5 midi=45 vel=0.64 env=0.05308
2025-12-06 08:36:15 [tracker] [s1] release-quiet t=6.800 avgEnv=0.01291 floor=0.01380 quietFrames=8
2025-12-06 08:36:15 [tracker] [s1] note-ended t=6.800 fret=5 dur=0.693
2025-12-06 08:36:18 [tracker] [s2] onset t=8.923 env=0.02569 baseline=0.01452 gate=0.00145 envFloor=0.01234 onset=0.635>=0.009
2025-12-06 08:36:20 [tracker] [s2] onset t=11.632 env=0.04403 baseline=0.01452 gate=0.00145 envFloor=0.01234 onset=1.231>=0.009
2025-12-06 08:36:25 [tracker] [s3] onset t=16.411 env=0.03093 baseline=0.01968 gate=0.00256 envFloor=0.01673 onset=0.719>=0.012
2025-12-06 08:36:25 [tracker] [s3] onset t=16.496 env=0.02692 baseline=0.01968 gate=0.00256 envFloor=0.01673 onset=1.025>=0.012
2025-12-06 08:36:25 [tracker] [s3] note-start t=16.496 fret=5 midi=55 vel=0.32 env=0.02692
2025-12-06 08:36:26 [tracker] [s3] release-quiet t=16.667 avgEnv=0.02058 floor=0.02308 quietFrames=8
2025-12-06 08:36:26 [tracker] [s3] note-ended t=16.667 fret=5 dur=0.171
2025-12-06 08:36:30 [tracker] [s4] onset t=20.837 env=0.05373 baseline=0.05339 gate=0.00908 envFloor=0.04539 onset=1.019>=0.014
2025-12-06 08:36:30 [tracker] [s4] note-start t=20.837 fret=5 midi=60 vel=0.64 env=0.05373
2025-12-06 08:36:30 [tracker] [s4] release-quiet t=20.965 avgEnv=0.03895 floor=0.05356 quietFrames=8
2025-12-06 08:36:30 [tracker] [s4] note-ended t=20.965 fret=5 dur=0.128
2025-12-06 08:36:37 [test-mode] stop session='live/0 - 5 Note Step' position=0.00 duration=38.14
2025-12-06 08:40:33 [test-mode] play session='live/0 - 5 Note Step' position=28.03 duration=38.14
2025-12-06 08:40:36 [tracker] [s1] onset t=30.255 env=0.04039 baseline=0.02799 gate=0.00154 envFloor=0.02379 onset=1.451>=0.006
2025-12-06 08:40:40 [tracker] [s1] onset t=34.063 env=0.06761 baseline=0.02799 gate=0.00154 envFloor=0.02379 onset=0.512>=0.006
2025-12-06 08:40:40 [tracker] [s1] onset t=34.138 env=0.05308 baseline=0.02799 gate=0.00154 envFloor=0.02379 onset=1.443>=0.006
2025-12-06 08:40:40 [tracker] [s1] note-start t=34.138 fret=5 midi=45 vel=0.64 env=0.05308
2025-12-06 08:40:40 [tracker] [s1] release-quiet t=34.831 avgEnv=0.01291 floor=0.01380 quietFrames=8
2025-12-06 08:40:40 [tracker] [s1] note-ended t=34.831 fret=5 dur=0.693
2025-12-06 08:40:42 [tracker] [s2] onset t=36.953 env=0.02569 baseline=0.01452 gate=0.00145 envFloor=0.01234 onset=0.665>=0.009
2025-12-06 08:40:45 [tracker] [s2] onset t=39.662 env=0.04403 baseline=0.01452 gate=0.00145 envFloor=0.01234 onset=1.274>=0.009
2025-12-06 08:40:50 [tracker] [s3] onset t=44.441 env=0.03093 baseline=0.01968 gate=0.00256 envFloor=0.01673 onset=0.724>=0.012
2025-12-06 08:40:50 [tracker] [s3] onset t=44.526 env=0.02692 baseline=0.01968 gate=0.00256 envFloor=0.01673 onset=1.025>=0.012
2025-12-06 08:40:50 [tracker] [s3] note-start t=44.526 fret=5 midi=55 vel=0.32 env=0.02692
2025-12-06 08:40:50 [tracker] [s3] release-quiet t=44.697 avgEnv=0.02058 floor=0.02308 quietFrames=8
2025-12-06 08:40:50 [tracker] [s3] note-ended t=44.697 fret=5 dur=0.171
2025-12-06 08:40:55 [tracker] [s4] onset t=48.867 env=0.05373 baseline=0.05339 gate=0.00908 envFloor=0.04539 onset=1.019>=0.014
2025-12-06 08:40:55 [tracker] [s4] note-start t=48.867 fret=5 midi=60 vel=0.64 env=0.05373
2025-12-06 08:40:55 [tracker] [s4] release-quiet t=48.995 avgEnv=0.03895 floor=0.05356 quietFrames=8
2025-12-06 08:40:55 [tracker] [s4] note-ended t=48.995 fret=5 dur=0.128
2025-12-06 08:41:04 [tracker] [s1] onset t=58.477 env=0.05450 baseline=0.02799 gate=0.00154 envFloor=0.02379 onset=0.705>=0.006
2025-12-06 08:41:05 [tracker] [s1] onset t=58.957 env=0.06568 baseline=0.02799 gate=0.00154 envFloor=0.02379 onset=1.363>=0.006
2025-12-06 08:41:05 [tracker] [s1] note-start t=58.957 fret=0 midi=40 vel=0.79 env=0.06568
2025-12-06 08:41:05 [tracker] [s1] onset t=59.085 env=0.07158 baseline=0.05566 gate=0.00306 envFloor=0.02410 onset=1.068>=0.006
2025-12-06 08:41:05 [tracker] [s1] note-ended (new onset) t=59.085 fret=0 dur=0.128
2025-12-06 08:41:05 [tracker] [s1] note-start t=59.085 fret=5 midi=45 vel=0.86 env=0.07158
2025-12-06 08:41:05 [tracker] [s1] release-quiet t=59.384 avgEnv=0.00013 floor=0.01380 quietFrames=8
2025-12-06 08:41:05 [tracker] [s1] note-ended t=59.384 fret=5 dur=0.299
2025-12-06 08:41:05 [tracker] [s2] onset t=59.480 env=0.03001 baseline=0.01452 gate=0.00145 envFloor=0.01234 onset=0.600>=0.009
2025-12-06 08:41:06 [tracker] [s2] onset t=60.002 env=0.05518 baseline=0.01882 gate=0.00188 envFloor=0.01318 onset=0.792>=0.009
2025-12-06 08:41:06 [tracker] [s2] onset t=60.088 env=0.03777 baseline=0.02116 gate=0.00212 envFloor=0.01481 onset=1.277>=0.009
2025-12-06 08:41:06 [tracker] [s2] release-retrigger t=60.429 onset=0.584 gate=0.022 age=0.341
2025-12-06 08:41:06 [tracker] [s2] note-ended t=60.429 fret=5 dur=0.341
2025-12-06 08:41:07 [tracker] [s3] onset t=61.037 env=0.02136 baseline=0.01968 gate=0.00256 envFloor=0.01673 onset=0.508>=0.012
2025-12-06 08:41:08 [tracker] [s5] onset t=62.541 env=0.05600 baseline=0.06387 gate=0.01341 envFloor=0.05429 onset=1.480>=0.016
