# SignalAssistant session log
# Started at 2025-12-25 07:02:57
2025-12-25 07:02:57 [session] mode=live session='' path='' duration=0.00 files=0
2025-12-25 07:02:57 [tracker-settings] TrackerConfig onsetThreshold=0.02000 minNoteDurSec=0.045 hopSec=0.010 slideDelta=120.0 bendDelta=35.0
2025-12-25 07:02:57 [tracker-settings] string1 midi=40 lowCut=77.50Hz highCut=160.00Hz baseline=0.001000 gateRatio=0.05500 envFloor=0.001500 sustainScale=0.580 retriggerScale=1.400 pitchTol=0.400 onsetScale=0.360
2025-12-25 07:02:57 [tracker-settings] string2 midi=45 lowCut=102.50Hz highCut=215.00Hz baseline=0.001200 gateRatio=0.10000 envFloor=0.001800 sustainScale=0.700 retriggerScale=1.250 pitchTol=0.400 onsetScale=0.610
2025-12-25 07:02:57 [tracker-settings] string3 midi=50 lowCut=137.50Hz highCut=290.00Hz baseline=0.001400 gateRatio=0.13000 envFloor=0.002100 sustainScale=0.820 retriggerScale=1.100 pitchTol=0.450 onsetScale=0.930
2025-12-25 07:02:57 [tracker-settings] string4 midi=55 lowCut=187.50Hz highCut=385.00Hz baseline=0.001600 gateRatio=0.17000 envFloor=0.002400 sustainScale=1.000 retriggerScale=1.000 pitchTol=0.440 onsetScale=1.260
2025-12-25 07:02:57 [tracker-settings] string5 midi=59 lowCut=237.50Hz highCut=485.00Hz baseline=0.001800 gateRatio=0.21000 envFloor=0.002700 sustainScale=1.000 retriggerScale=1.000 pitchTol=0.500 onsetScale=1.440
2025-12-25 07:02:57 [tracker-settings] string6 midi=64 lowCut=317.50Hz highCut=650.00Hz baseline=0.002000 gateRatio=0.25000 envFloor=0.003000 sustainScale=1.000 retriggerScale=1.000 pitchTol=0.550 onsetScale=1.620
2025-12-25 07:02:57 [calibration] Loaded avgRms/peakRms from legacy calibration file
2025-12-25 07:02:57 [calibration] Calibration profile derived from tuning state
2025-12-25 07:03:05 [detection]      S2 Rejected Note (env=0.0010 < floor=0.0012)
2025-12-25 07:03:07 [detection]      S1F8 ON (onset=0.750 env=0.0691)
2025-12-25 07:03:07 [detection]      S2F3 ON (onset=1.303 env=0.0089)
2025-12-25 07:03:07 [detection]      S2F3 OFF (sharp-drop: 0.0059 -> 0.0008)
2025-12-25 07:03:07 [detection]      S1F8 OFF (sharp-drop: 0.0412 -> 0.0009)
2025-12-25 07:03:07 [detection]      S6 Rejected Note (env=0.0010 < floor=0.0020)
2025-12-25 07:03:08 [detection]      S1F8 ON (onset=1.454 env=0.0713)
2025-12-25 07:03:08 [detection]      S2F10 ON (onset=1.035 env=0.1052)
2025-12-25 07:03:08 [detection]      S2F10 OFF (sharp-drop: 0.0883 -> 0.0016)
2025-12-25 07:03:08 [detection]      S1F8 OFF (sharp-drop: 0.0531 -> 0.0009)
2025-12-25 07:03:08 [detection]      S2F10 ON (onset=0.839 env=0.1072)
2025-12-25 07:03:08 [detection]      S3F10 ON (onset=1.069 env=0.0506)
2025-12-25 07:03:09 [detection]      S1F8 ON (onset=0.843 env=0.0945)
2025-12-25 07:03:09 [detection]      S3F10 OFF (sharp-drop: 0.0400 -> 0.0010)
2025-12-25 07:03:09 [detection]      S2F10 OFF (sharp-drop: 0.0806 -> 0.0015)
2025-12-25 07:03:09 [detection]      S1F8 OFF (sharp-drop: 0.0834 -> 0.0008)
2025-12-25 07:03:12 [detection]      S2F8 ON (onset=0.966 env=0.2343)
2025-12-25 07:03:13 [detection]      S2F8 OFF (sharp-drop: 0.0309 -> 0.0016)
2025-12-25 07:03:14 [detection]      S2F8 ON (onset=1.456 env=0.0071)
2025-12-25 07:03:14 [detection]      S2F8 OFF (sharp-drop: 0.0065 -> 0.0008)
2025-12-25 07:03:15 [detection]      S2F8 ON (onset=0.951 env=0.0230)
2025-12-25 07:03:15 [detection]      S2F8 OFF (sharp-drop: 0.0202 -> 0.0017)
2025-12-25 07:03:19 [detection]      S5 Rejected Note (env=0.0010 < floor=0.0018)
2025-12-25 07:03:19 [detection]      S6 Rejected Note (env=0.0008 < floor=0.0020)
2025-12-25 07:03:19 [detection]      S3 Rejected Note (env=0.0013 < floor=0.0014)
2025-12-25 07:03:19 [detection]      S4 Rejected Note (env=0.0013 < floor=0.0016)
2025-12-25 07:03:32 [detection]      S4F6 ON (onset=0.854 env=0.1157)
2025-12-25 07:03:32 [detection]      S4F6 OFF (sharp-drop: 0.0637 -> 0.0010)
2025-12-25 07:04:06 [detection]      S5 Rejected Note (env=0.0015 < floor=0.0018)
2025-12-25 07:04:06 [detection]      S6 Rejected Note (env=0.0011 < floor=0.0020)
2025-12-25 07:04:06 [detection]      S4 Rejected Note (env=0.0015 < floor=0.0016)
2025-12-25 07:04:20 [detection]      S1F4 ON (onset=0.999 env=0.0596)
2025-12-25 07:04:20 [detection]      S2F5 ON (onset=1.181 env=0.0332)
2025-12-25 07:04:20 [detection]      S3F6 ON (onset=0.891 env=0.0354)
2025-12-25 07:04:20 [detection]      S1F4 OFF (retrigger: onset=1.107 ratio=1.52)
2025-12-25 07:04:20 [detection]      S3F6 OFF (sharp-drop: 0.0279 -> 0.0013)
2025-12-25 07:04:21 [detection]      S2F5 OFF (sharp-drop: 0.0211 -> 0.0017)
2025-12-25 07:04:21 [detection]      S1F4 ON (onset=1.047 env=0.0331)
2025-12-25 07:04:21 [detection]      S2F0 ON (onset=0.754 env=0.0244)
2025-12-25 07:04:21 [detection]      S3F6 ON (onset=0.997 env=0.0880)
2025-12-25 07:04:21 [detection]      S1F4 OFF (retrigger: onset=0.884 ratio=1.82)
2025-12-25 07:04:21 [detection]      S3F6 OFF (sharp-drop: 0.0639 -> 0.0012)
2025-12-25 07:04:21 [detection]      S2F0 OFF (sharp-drop: 0.0143 -> 0.0017)
2025-12-25 07:04:21 [detection]      S2F6 ON (onset=1.456 env=0.1594)
2025-12-25 07:04:22 [detection]      S1F4 ON (onset=1.326 env=0.1020)
2025-12-25 07:04:22 [detection]      S3F6 ON (onset=0.648 env=0.0298)
2025-12-25 07:04:22 [detection]      S3F6 OFF (sharp-drop: 0.0273 -> 0.0007)
2025-12-25 07:04:22 [detection]      S2F6 OFF (sharp-drop: 0.1010 -> 0.0017)
2025-12-25 07:04:22 [detection]      S1F4 OFF (sharp-drop: 0.0704 -> 0.0010)
2025-12-25 07:04:22 [detection]      S1F4 ON (onset=1.285 env=0.0907)
2025-12-25 07:04:22 [detection]      S2F6 ON (onset=1.192 env=0.0659)
2025-12-25 07:04:22 [detection]      S3F6 ON (onset=0.965 env=0.0694)
2025-12-25 07:04:22 [detection]      S3F6 OFF (sharp-drop: 0.0600 -> 0.0010)
2025-12-25 07:04:22 [detection]      S2F6 OFF (sharp-drop: 0.0556 -> 0.0016)
2025-12-25 07:04:22 [detection]      S1F4 OFF (sharp-drop: 0.0569 -> 0.0009)
2025-12-25 07:04:23 [detection]      S1F2 ON (onset=1.090 env=0.4083)
2025-12-25 07:04:23 [detection]      S1F2 OFF (retrigger: onset=1.092 ratio=1.78)
2025-12-25 07:04:23 [detection]      S1F2 ON (onset=1.149 env=0.3163)
2025-12-25 07:04:23 [detection]      S2F0 ON (onset=1.143 env=0.0060)
2025-12-25 07:04:24 [detection]      S1F2 OFF (sharp-drop: 0.1019 -> 0.0008)
2025-12-25 07:04:24 [detection]      S2F0 OFF (sustained-quiet: avgEnv=0.0007 < floor=0.0018)
2025-12-25 07:04:24 [detection]      S1 Rejected Note (env=0.0003 < floor=0.0010)
2025-12-25 07:04:24 [detection]      S1F2 ON (onset=1.271 env=0.1919)
2025-12-25 07:04:25 [detection]      S1F2 OFF (sharp-drop: 0.0615 -> 0.0010)
2025-12-25 07:04:25 [detection]      S2F7 ON (onset=1.000 env=0.0075)
2025-12-25 07:04:27 [detection]      S1F2 ON (onset=1.355 env=0.0256)
2025-12-25 07:04:27 [detection]      S2F7 OFF (sustained-quiet: avgEnv=0.0010 < floor=0.0018)
2025-12-25 07:04:27 [detection]      S1F2 OFF (sharp-drop: 0.0184 -> 0.0009)
2025-12-25 07:04:27 [detection]      S3F9 ON (onset=0.570 env=0.1098)
2025-12-25 07:04:28 [detection]      S3F9 OFF (sharp-drop: 0.0301 -> 0.0012)
2025-12-25 07:04:29 [detection]      S3F9 ON (onset=0.766 env=0.1201)
2025-12-25 07:04:29 [detection]      S3F9 OFF (sharp-drop: 0.1054 -> 0.0012)
2025-12-25 07:04:29 [detection]      S3F8 ON (onset=1.487 env=0.1788)
2025-12-25 07:04:30 [detection]      S3F8 OFF (sharp-drop: 0.1272 -> 0.0012)
2025-12-25 07:04:31 [detection]      S3F7 ON (onset=1.027 env=0.0759)
2025-12-25 07:04:31 [detection]      S3F7 OFF (sharp-drop: 0.0141 -> 0.0012)
2025-12-25 07:04:32 [detection]      S3 Rejected Note (env=0.0011 < floor=0.0014)
2025-12-25 07:04:32 [detection]      S2F12 ON (onset=0.713 env=0.0054)
2025-12-25 07:04:32 [detection]      S2F12 OFF (sustained-quiet: avgEnv=0.0009 < floor=0.0018)
2025-12-25 07:04:33 [detection]      S3F7 ON (onset=0.689 env=0.0906)
2025-12-25 07:04:33 [detection]      S3F7 OFF (sharp-drop: 0.0625 -> 0.0012)
2025-12-25 07:04:34 [detection]      S2F12 ON (onset=1.363 env=0.0055)
2025-12-25 07:04:34 [detection]      S3F7 ON (onset=1.125 env=0.0660)
2025-12-25 07:04:34 [detection]      S2F12 OFF (sustained-quiet: avgEnv=0.0005 < floor=0.0018)
2025-12-25 07:04:34 [detection]      S3F7 OFF (sharp-drop: 0.0591 -> 0.0013)
2025-12-25 07:04:34 [detection]      S3F7 ON (onset=0.865 env=0.0627)
2025-12-25 07:04:35 [detection]      S3F7 OFF (sharp-drop: 0.0568 -> 0.0013)
2025-12-25 07:04:35 [detection]      S4F9 ON (onset=0.873 env=0.4901)
2025-12-25 07:04:36 [detection]      S2F19 ON (onset=0.997 env=0.0051)
2025-12-25 07:04:36 [detection]      S5F8 ON (onset=0.753 env=0.2610)
2025-12-25 07:04:37 [detection]      S4F9 OFF (sharp-drop: 0.0543 -> 0.0013)
2025-12-25 07:04:37 [detection]      S5F8 OFF (sharp-drop: 0.0820 -> 0.0017)
2025-12-25 07:04:37 [detection]      S4F9 ON (onset=1.020 env=0.1097)
2025-12-25 07:04:37 [detection]      S4F9 OFF (sharp-drop: 0.0925 -> 0.0013)
2025-12-25 07:04:37 [detection]      S3F8 ON (onset=0.756 env=0.0323)
2025-12-25 07:04:37 [detection]      S2F19 OFF (sustained-quiet: avgEnv=0.0013 < floor=0.0018)
2025-12-25 07:04:37 [detection]      S3F8 OFF (sharp-drop: 0.0277 -> 0.0013)
2025-12-25 07:04:38 [detection]      S4F10 ON (onset=1.043 env=0.0357)
2025-12-25 07:04:38 [detection]      S5F8 ON (onset=1.001 env=0.0878)
2025-12-25 07:04:38 [detection]      S4F10 OFF (sharp-drop: 0.0188 -> 0.0014)
2025-12-25 07:04:38 [detection]      S5F8 OFF (sharp-drop: 0.0627 -> 0.0017)
2025-12-25 07:04:39 [detection]      S5F10 ON (onset=0.901 env=0.1769)
2025-12-25 07:04:40 [detection]      S5F10 OFF (sharp-drop: 0.0960 -> 0.0018)
2025-12-25 07:04:40 [detection]      S4F9 ON (onset=0.900 env=0.0529)
2025-12-25 07:04:40 [detection]      S3F10 ON (onset=1.052 env=0.0303)
2025-12-25 07:04:40 [detection]      S4F9 OFF (sharp-drop: 0.0380 -> 0.0014)
2025-12-25 07:04:40 [detection]      S2F0 ON (onset=0.997 env=0.0070)
2025-12-25 07:04:40 [detection]      S3F10 OFF (sharp-drop: 0.0171 -> 0.0013)
2025-12-25 07:04:40 [detection]      S2F0 OFF (sustained-quiet: avgEnv=0.0014 < floor=0.0018)
2025-12-25 07:04:40 [detection]      S4F11 ON (onset=1.164 env=0.0246)
2025-12-25 07:04:40 [detection]      S4F11 OFF (sharp-drop: 0.0226 -> 0.0015)
2025-12-25 07:04:41 [detection]      S5F8 ON (onset=0.869 env=0.0412)
2025-12-25 07:04:41 [detection]      S4F9 ON (onset=1.021 env=0.0612)
2025-12-25 07:04:41 [detection]      S5F8 OFF (sharp-drop: 0.0289 -> 0.0016)
2025-12-25 07:04:41 [detection]      S4F9 OFF (sharp-drop: 0.0511 -> 0.0015)
2025-12-25 07:04:43 [detection]      S5F10 ON (onset=0.984 env=0.1137)
2025-12-25 07:04:43 [detection]      S5F10 OFF (sharp-drop: 0.0642 -> 0.0014)
2025-12-25 07:04:43 [detection]      S4F9 ON (onset=0.999 env=0.0590)
2025-12-25 07:04:44 [detection]      S4F9 OFF (sharp-drop: 0.0220 -> 0.0015)
2025-12-25 07:04:44 [detection]      S5F8 ON (onset=1.012 env=0.1336)
2025-12-25 07:04:44 [detection]      S5F8 OFF (sharp-drop: 0.0950 -> 0.0017)
2025-12-25 07:04:44 [detection]      S4F9 ON (onset=1.095 env=0.0229)
2025-12-25 07:04:44 [detection]      S4F9 OFF (sharp-drop: 0.0210 -> 0.0015)
2025-12-25 07:04:44 [detection]      S3F9 ON (onset=0.723 env=0.0255)
2025-12-25 07:04:44 [detection]      S3F9 OFF (sharp-drop: 0.0234 -> 0.0009)
2025-12-25 07:04:46 [detection]      S1F6 ON (onset=0.995 env=0.0077)
2025-12-25 07:04:46 [detection]      S5 Rejected Note (env=0.0010 < floor=0.0018)
2025-12-25 07:04:46 [detection]      S2 Rejected Note (env=0.0009 < floor=0.0012)
2025-12-25 07:04:46 [detection]      S4 Rejected Note (env=0.0005 < floor=0.0016)
2025-12-25 07:04:47 [detection]      S1F6 OFF (sustained-quiet: avgEnv=0.0007 < floor=0.0010)
2025-12-25 07:04:47 [detection]      S6F4 ON (onset=1.005 env=0.0084)
2025-12-25 07:04:47 [detection]      S2F0 ON (onset=0.992 env=0.0048)
2025-12-25 07:04:47 [detection]      S4F0 ON (onset=0.954 env=0.0078)
2025-12-25 07:04:48 [detection]      S1F2 ON (onset=1.195 env=0.0089)
2025-12-25 07:04:48 [detection]      S5F24 ON (onset=1.001 env=0.0049)
2025-12-25 07:04:50 [detection]      S4F0 OFF (sustained-quiet: avgEnv=0.0015 < floor=0.0016)
2025-12-25 07:04:50 [detection]      S5F24 OFF (sustained-quiet: avgEnv=0.0017 < floor=0.0018)
2025-12-25 07:04:50 [detection]      S6F4 OFF (sustained-quiet: avgEnv=0.0018 < floor=0.0020)
2025-12-25 07:04:51 [detection]      S2F0 OFF (sustained-quiet: avgEnv=0.0017 < floor=0.0018)
2025-12-25 07:04:58 [detection]      S1F2 OFF (sustained-quiet: avgEnv=0.0008 < floor=0.0010)
2025-12-25 07:05:48 [detection]      S1 Rejected Note (env=0.0007 < floor=0.0010)
2025-12-25 07:05:48 [detection]      S2 Rejected Note (env=0.0009 < floor=0.0012)
2025-12-25 07:05:48 [detection]      S3 Rejected Note (env=0.0008 < floor=0.0014)
2025-12-25 07:05:48 [detection]      S5 Rejected Note (env=0.0017 < floor=0.0018)
2025-12-25 07:05:48 [detection]      S5 Rejected Note (env=0.0006 < floor=0.0018)
2025-12-25 07:05:48 [detection]      S6 Rejected Note (env=0.0007 < floor=0.0020)
2025-12-25 07:05:48 [detection]      S1 Rejected Note (env=0.0002 < floor=0.0010)
2025-12-25 07:05:48 [detection]      S2 Rejected Note (env=0.0003 < floor=0.0012)
2025-12-25 07:05:48 [detection]      S3 Rejected Note (env=0.0003 < floor=0.0014)
2025-12-25 07:05:48 [detection]      S4 Rejected Note (env=0.0004 < floor=0.0016)
2025-12-25 07:05:52 [detection]      S6 Rejected Note (env=0.0015 < floor=0.0020)
2025-12-25 07:06:05 [detection]      S2 Rejected Note (env=0.0010 < floor=0.0012)
2025-12-25 07:06:05 [detection]      S4 Rejected Note (env=0.0009 < floor=0.0016)
2025-12-25 07:06:05 [detection]      S5 Rejected Note (env=0.0008 < floor=0.0018)
2025-12-25 07:06:05 [detection]      S6 Rejected Note (env=0.0007 < floor=0.0020)
2025-12-25 07:06:05 [detection]      S3 Rejected Note (env=0.0012 < floor=0.0014)
2025-12-25 07:06:05 [detection]      S1 Rejected Note (env=0.0003 < floor=0.0010)
2025-12-25 07:06:05 [detection]      S5 Rejected Note (env=0.0008 < floor=0.0018)
2025-12-25 07:06:05 [detection]      S6 Rejected Note (env=0.0007 < floor=0.0020)
2025-12-25 07:06:05 [detection]      S3 Rejected Note (env=0.0008 < floor=0.0014)
2025-12-25 07:07:09 [detection]      S5 Rejected Note (env=0.0008 < floor=0.0018)
2025-12-25 07:07:09 [detection]      S6 Rejected Note (env=0.0006 < floor=0.0020)
2025-12-25 07:07:09 [detection]      S3 Rejected Note (env=0.0009 < floor=0.0014)
2025-12-25 07:07:09 [detection]      S4 Rejected Note (env=0.0006 < floor=0.0016)
2025-12-25 07:07:17 [detection]      S3 Rejected Note (env=0.0005 < floor=0.0014)
2025-12-25 07:08:43 [detection]      S5 Rejected Note (env=0.0013 < floor=0.0018)
2025-12-25 07:08:43 [detection]      S6 Rejected Note (env=0.0011 < floor=0.0020)
2025-12-25 07:08:43 [detection]      S4 Rejected Note (env=0.0013 < floor=0.0016)
2025-12-25 07:09:16 [detection]      S5 Rejected Note (env=0.0011 < floor=0.0018)
2025-12-25 07:09:16 [detection]      S6 Rejected Note (env=0.0008 < floor=0.0020)
2025-12-25 07:09:16 [detection]      S4 Rejected Note (env=0.0009 < floor=0.0016)
2025-12-25 07:09:39 [sessionwavs] wrote 6 wav files to /home/general/SignalAssistant/logs/sessionwavs/session-20251225-070257 (shutdown)
# Session closed at 2025-12-25 07:09:40
