# SignalAssistant session log
# Started at 2025-12-25 04:44:50
2025-12-25 04:44:50 [session] mode=live session='' path='' duration=0.00 files=0
2025-12-25 04:44:50 [tracker-settings] TrackerConfig onsetThreshold=0.02000 minNoteDurSec=0.045 hopSec=0.010 slideDelta=120.0 bendDelta=35.0
2025-12-25 04:44:50 [tracker-settings] string1 midi=40 lowCut=6386.53Hz highCut=52740.41Hz baseline=0.001000 gateRatio=0.05500 envFloor=0.001500 sustainScale=0.580 retriggerScale=1.400 pitchTol=0.400 onsetScale=0.360
2025-12-25 04:44:50 [tracker-settings] string2 midi=45 lowCut=11275.00Hz highCut=94600.00Hz baseline=0.001200 gateRatio=0.10000 envFloor=0.001800 sustainScale=0.700 retriggerScale=1.250 pitchTol=0.400 onsetScale=0.610
2025-12-25 04:44:50 [tracker-settings] string3 midi=50 lowCut=20189.45Hz highCut=170325.56Hz baseline=0.001400 gateRatio=0.13000 envFloor=0.002100 sustainScale=0.820 retriggerScale=1.100 pitchTol=0.450 onsetScale=0.930
2025-12-25 04:44:50 [tracker-settings] string4 midi=55 lowCut=36749.57Hz highCut=301836.47Hz baseline=0.001600 gateRatio=0.17000 envFloor=0.002400 sustainScale=1.000 retriggerScale=1.000 pitchTol=0.440 onsetScale=1.260
2025-12-25 04:44:50 [tracker-settings] string5 midi=59 lowCut=58648.64Hz highCut=479066.81Hz baseline=0.001800 gateRatio=0.21000 envFloor=0.002700 sustainScale=1.000 retriggerScale=1.000 pitchTol=0.500 onsetScale=1.440
2025-12-25 04:44:50 [tracker-settings] string6 midi=64 lowCut=104656.75Hz highCut=857031.69Hz baseline=0.002000 gateRatio=0.25000 envFloor=0.003000 sustainScale=1.000 retriggerScale=1.000 pitchTol=0.550 onsetScale=1.620
2025-12-25 04:44:50 [tracker] [s1] calibration reset target=0.00180 gain=1.000
2025-12-25 04:44:50 [tracker] [s2] calibration reset target=0.00180 gain=1.000
2025-12-25 04:44:50 [tracker] [s3] calibration reset target=0.00180 gain=1.000
2025-12-25 04:44:50 [tracker] [s4] calibration reset target=0.00180 gain=1.000
2025-12-25 04:44:50 [tracker] [s5] calibration reset target=0.00180 gain=1.000
2025-12-25 04:44:50 [tracker] [s6] calibration reset target=0.00180 gain=1.000
2025-12-25 04:44:50 [calibration] Loaded avgRms/peakRms from legacy calibration file
2025-12-25 04:44:50 [tracker] [s1] calibration avg=0.03937 target=0.00180 gain=1.000
2025-12-25 04:44:50 [tracker] [s2] calibration avg=0.01560 target=0.00180 gain=1.000
2025-12-25 04:44:50 [tracker] [s3] calibration avg=0.00661 target=0.00180 gain=1.000
2025-12-25 04:44:50 [tracker] [s4] calibration avg=0.00473 target=0.00180 gain=1.000
2025-12-25 04:44:50 [tracker] [s5] calibration avg=0.00699 target=0.00180 gain=1.000
2025-12-25 04:44:50 [tracker] [s6] calibration avg=0.02247 target=0.00180 gain=1.000
2025-12-25 04:44:50 [calibration] Calibration profile derived from tuning state
2025-12-25 04:44:50 [tracker] [s1] configure sr=48000.0 hop=128 fft=1024 low=75.0 high=160.0
2025-12-25 04:44:50 [tracker] [s1] params baseline=0.001000 gate=0.0550 envFloor=0.000450 sustain=0.580 retrigger=1.400 pitchTol=0.400 onsetScale=0.100 aubioScale=1.20 aubioThresh=0.024 onsetSilence=-40.0 pitchSilence=-90.0
2025-12-25 04:44:50 [tracker] [s2] configure sr=48000.0 hop=128 fft=1024 low=100.0 high=215.0
2025-12-25 04:44:50 [tracker] [s2] params baseline=0.001200 gate=0.0100 envFloor=0.000100 sustain=1.500 retrigger=1.250 pitchTol=0.400 onsetScale=0.100 aubioScale=1.35 aubioThresh=0.027 onsetSilence=-40.0 pitchSilence=-90.0
2025-12-25 04:44:50 [tracker] [s3] configure sr=48000.0 hop=128 fft=1024 low=135.0 high=290.0
2025-12-25 04:44:50 [tracker] [s3] params baseline=0.001400 gate=0.1300 envFloor=0.000650 sustain=0.820 retrigger=1.100 pitchTol=0.450 onsetScale=0.100 aubioScale=1.60 aubioThresh=0.032 onsetSilence=-40.0 pitchSilence=-80.0
2025-12-25 04:44:50 [tracker] [s4] configure sr=48000.0 hop=128 fft=1024 low=185.0 high=385.0
2025-12-25 04:44:50 [tracker] [s4] params baseline=0.001600 gate=0.1700 envFloor=0.000780 sustain=1.000 retrigger=1.000 pitchTol=0.440 onsetScale=0.100 aubioScale=1.80 aubioThresh=0.036 onsetSilence=-40.0 pitchSilence=-80.0
2025-12-25 04:44:50 [tracker] [s5] configure sr=48000.0 hop=128 fft=512 low=235.0 high=485.0
2025-12-25 04:44:50 [tracker] [s5] params baseline=0.001800 gate=0.2100 envFloor=0.000900 sustain=1.000 retrigger=1.000 pitchTol=0.500 onsetScale=0.100 aubioScale=1.80 aubioThresh=0.036 onsetSilence=-40.0 pitchSilence=-80.0
2025-12-25 04:44:50 [tracker] [s6] configure sr=48000.0 hop=128 fft=512 low=315.0 high=650.0
2025-12-25 04:44:50 [tracker] [s6] params baseline=0.002000 gate=0.2500 envFloor=0.001050 sustain=1.000 retrigger=1.000 pitchTol=0.550 onsetScale=0.100 aubioScale=1.80 aubioThresh=0.036 onsetSilence=-40.0 pitchSilence=-80.0
2025-12-25 04:44:51 [sessionwavs] wrote 6 wav files to /home/general/SignalAssistant/logs/sessionwavs/session-20251225-044450 (shutdown)
