# SignalAssistant session log
# Started at 2025-12-06 08:33:36
2025-12-06 08:33:36 [session] mode=recorded session='live/0 - 5 Note Step' path='/home/general/SignalAssistant/sessions/live/0 - 5 Note Step' duration=38.14 files=6
2025-12-06 08:33:36 [tracker-settings] TrackerConfig onsetThreshold=0.02000 minNoteDurSec=0.045 hopSec=0.010 slideDelta=120.0 bendDelta=35.0
2025-12-06 08:33:36 [tracker-settings] string1 midi=40 lowCut=37.08Hz highCut=445.00Hz baseline=0.000180 gateRatio=0.05500 envFloor=0.000450 sustainScale=0.580 retriggerScale=1.400 peakRelease=0.120 pitchTol=0.400 onsetScale=0.300
2025-12-06 08:33:36 [tracker-settings] string3 midi=50 lowCut=85.16Hz highCut=693.05Hz baseline=0.000260 gateRatio=0.13000 envFloor=0.000650 sustainScale=0.820 retriggerScale=1.100 peakRelease=0.140 pitchTol=0.450 onsetScale=0.580
2025-12-06 08:33:36 [tracker-settings] string4 midi=55 lowCut=127.40Hz highCut=862.39Hz baseline=0.000320 gateRatio=0.17000 envFloor=0.000780 sustainScale=1.000 retriggerScale=1.000 peakRelease=0.160 pitchTol=0.440 onsetScale=0.700
2025-12-06 08:33:36 [tracker-settings] string5 midi=59 lowCut=160.51Hz highCut=1086.54Hz baseline=0.000370 gateRatio=0.21000 envFloor=0.000900 sustainScale=1.000 retriggerScale=1.000 peakRelease=0.180 pitchTol=0.500 onsetScale=0.800
2025-12-06 08:33:36 [tracker-settings] string6 midi=64 lowCut=214.26Hz highCut=1450.36Hz baseline=0.000420 gateRatio=0.25000 envFloor=0.001050 sustainScale=1.000 retriggerScale=1.000 peakRelease=0.200 pitchTol=0.550 onsetScale=0.900
2025-12-06 08:33:36 [tracker] [s1] calibration reset
2025-12-06 08:33:36 [tracker] [s2] calibration reset
2025-12-06 08:33:36 [tracker] [s3] calibration reset
2025-12-06 08:33:36 [tracker] [s4] calibration reset
2025-12-06 08:33:36 [tracker] [s5] calibration reset
2025-12-06 08:33:36 [tracker] [s6] calibration reset
2025-12-06 08:33:36 [tracker] [s1] calibration avg=0.03043 peak=0.12374
2025-12-06 08:33:36 [tracker] [s2] calibration avg=0.01545 peak=0.03607
2025-12-06 08:33:36 [tracker] [s3] calibration avg=0.02029 peak=0.20107
2025-12-06 08:33:36 [tracker] [s4] calibration avg=0.05235 peak=0.33474
2025-12-06 08:33:36 [tracker] [s5] calibration avg=0.05969 peak=0.46666
# Session closed at 2025-12-06 08:33:36
