# SignalAssistant session log
# Started at 2025-12-16 05:12:53
2025-12-16 05:12:53 [session] mode=live session='' path='' duration=0.00 files=0
2025-12-16 05:12:53 [tracker-settings] TrackerConfig onsetThreshold=0.02000 minNoteDurSec=0.045 hopSec=0.010 slideDelta=120.0 bendDelta=35.0
2025-12-16 05:12:53 [tracker-settings] string1 midi=40 lowCut=37.08Hz highCut=445.00Hz baseline=0.000180 gateRatio=0.05500 envFloor=0.000450 sustainScale=0.580 retriggerScale=1.400 peakRelease=0.120 pitchTol=0.400 onsetScale=0.006
2025-12-16 05:12:53 [tracker-settings] string2 midi=45 lowCut=55.00Hz highCut=563.20Hz baseline=0.000220 gateRatio=0.10000 envFloor=0.000550 sustainScale=0.700 retriggerScale=1.250 peakRelease=0.130 pitchTol=0.400 onsetScale=0.009
2025-12-16 05:12:53 [tracker-settings] string3 midi=50 lowCut=85.16Hz highCut=693.05Hz baseline=0.000260 gateRatio=0.13000 envFloor=0.000650 sustainScale=0.820 retriggerScale=1.100 peakRelease=0.140 pitchTol=0.450 onsetScale=0.012
2025-12-16 05:12:53 [tracker-settings] string4 midi=55 lowCut=127.40Hz highCut=862.39Hz baseline=0.000320 gateRatio=0.17000 envFloor=0.000780 sustainScale=1.000 retriggerScale=1.000 peakRelease=0.160 pitchTol=0.440 onsetScale=0.014
2025-12-16 05:12:53 [tracker-settings] string5 midi=59 lowCut=160.51Hz highCut=1086.54Hz baseline=0.000370 gateRatio=0.21000 envFloor=0.000900 sustainScale=1.000 retriggerScale=1.000 peakRelease=0.180 pitchTol=0.500 onsetScale=0.016
2025-12-16 05:12:53 [tracker-settings] string6 midi=64 lowCut=214.26Hz highCut=1450.36Hz baseline=0.000420 gateRatio=0.25000 envFloor=0.001050 sustainScale=1.000 retriggerScale=1.000 peakRelease=0.200 pitchTol=0.550 onsetScale=0.018
2025-12-16 05:12:53 [tracker] [s1] calibration reset target=0.00180 gain=1.000
2025-12-16 05:12:53 [tracker] [s2] calibration reset target=0.00180 gain=1.000
2025-12-16 05:12:53 [tracker] [s3] calibration reset target=0.00180 gain=1.000
2025-12-16 05:12:53 [tracker] [s4] calibration reset target=0.00180 gain=1.000
2025-12-16 05:12:53 [tracker] [s5] calibration reset target=0.00180 gain=1.000
2025-12-16 05:12:53 [tracker] [s6] calibration reset target=0.00180 gain=1.000
2025-12-16 05:12:53 [calibration] Loading calibration profile multipliers into parameters
2025-12-16 05:12:53 [calibration] String 1: setting multiplier to 6.317
2025-12-16 05:12:53 [calibration] String 2: setting multiplier to 8.000
2025-12-16 05:12:53 [calibration] String 3: setting multiplier to 8.000
2025-12-16 05:12:53 [calibration] String 4: setting multiplier to 8.000
2025-12-16 05:12:53 [calibration] String 5: setting multiplier to 8.000
2025-12-16 05:12:53 [calibration] String 6: setting multiplier to 8.000
2025-12-16 05:12:53 [tracker] [s1] calibration avg=0.03970 target=0.00180 gain=1.000
2025-12-16 05:12:53 [tracker] [s2] calibration avg=0.01940 target=0.00180 gain=1.000
2025-12-16 05:12:53 [tracker] [s3] calibration avg=0.01411 target=0.00180 gain=1.000
2025-12-16 05:12:53 [tracker] [s5] calibration avg=0.02970 target=0.00180 gain=1.000
2025-12-16 05:12:53 [tracker] [s6] calibration avg=0.02331 target=0.00180 gain=1.000
2025-12-16 05:12:54 [tracker] [s1] configure sr=48000.0 hop=128 fft=1024 low=37.1 high=445.0
2025-12-16 05:12:54 [tracker] [s1] params baseline=0.000180 gate=0.0550 envFloor=0.000450 sustain=0.580 retrigger=1.400 peakRelease=0.120 pitchTol=0.400 onsetScale=0.006 aubioScale=1.20 aubioThresh=0.024 onsetSilence=-85.0 pitchSilence=-90.0
2025-12-16 05:12:54 [tracker] [s2] configure sr=48000.0 hop=128 fft=1024 low=55.0 high=563.2
2025-12-16 05:12:54 [tracker] [s2] params baseline=0.000220 gate=0.0100 envFloor=0.000100 sustain=1.500 retrigger=1.250 peakRelease=0.130 pitchTol=0.400 onsetScale=0.009 aubioScale=1.35 aubioThresh=0.027 onsetSilence=-85.0 pitchSilence=-90.0
2025-12-16 05:12:54 [tracker] [s3] configure sr=48000.0 hop=128 fft=1024 low=85.2 high=693.0
2025-12-16 05:12:54 [tracker] [s3] params baseline=0.000260 gate=0.1300 envFloor=0.000650 sustain=0.820 retrigger=1.100 peakRelease=0.140 pitchTol=0.450 onsetScale=0.012 aubioScale=1.60 aubioThresh=0.032 onsetSilence=-75.0 pitchSilence=-80.0
2025-12-16 05:12:54 [tracker] [s4] configure sr=48000.0 hop=128 fft=1024 low=127.4 high=862.4
2025-12-16 05:12:54 [tracker] [s4] params baseline=0.000320 gate=0.1700 envFloor=0.000780 sustain=1.000 retrigger=1.000 peakRelease=0.160 pitchTol=0.440 onsetScale=0.014 aubioScale=1.80 aubioThresh=0.036 onsetSilence=-75.0 pitchSilence=-80.0
2025-12-16 05:12:54 [tracker] [s5] configure sr=48000.0 hop=128 fft=512 low=160.5 high=1086.5
2025-12-16 05:12:54 [tracker] [s5] params baseline=0.000370 gate=0.2100 envFloor=0.000900 sustain=1.000 retrigger=1.000 peakRelease=0.180 pitchTol=0.500 onsetScale=0.016 aubioScale=1.80 aubioThresh=0.036 onsetSilence=-75.0 pitchSilence=-80.0
2025-12-16 05:12:54 [tracker] [s6] configure sr=48000.0 hop=128 fft=512 low=214.3 high=1450.4
2025-12-16 05:12:54 [tracker] [s6] params baseline=0.000420 gate=0.2500 envFloor=0.001050 sustain=1.000 retrigger=1.000 peakRelease=0.200 pitchTol=0.550 onsetScale=0.018 aubioScale=1.80 aubioThresh=0.036 onsetSilence=-75.0 pitchSilence=-80.0
2025-12-16 05:12:54 [tracker] [s1] aubio-raw t=0.0040 onset=4.000000 env=0.000655 peak=0.001936 gain=1.000
2025-12-16 05:12:54 [tracker] [s1] onset-accepted t=0.0040 env=0.000655 gate=0.000022 envDelta=0.000633 envFloor=0.000594 onset=4.000000 thresh=0.006000 onsetDelta=3.994000 baseline=0.000396 floor=0.000180 adapt=0.000990 lastPeak=0.000000 baseParam=0.000180 gateRatio=0.0550 envParam=0.000450 onsetScale=0.300 retriggerScale=1.400 guard=0.060 guardRemain=0.000 activeAge=-1.000 retrigRemain=0.000 pitchHz=125.16 pitchCents=723.6
2025-12-16 05:12:54 [tracker] [s1] onset t=0.004 env=0.00065 gate=0.00002 envDelta=0.00063 envFloor=0.00059 onset=4.000 thresh=0.006 onsetDelta=3.99400 baseline=0.00040 adaptive=0.00099 lastPeak=0.00000 guard=0.060 activeAge=-1.000 pitch=125.16Hz pitchCents=723.6
2025-12-16 05:12:54 [tracker] [s2] onset t=0.004 env=0.00094 gate=0.00000 envDelta=0.00093 envFloor=0.00060 onset=4.000 thresh=0.009 onsetDelta=3.99100 baseline=0.00040 adaptive=0.00100 lastPeak=0.00000 guard=0.060 activeAge=-1.000 pitch=125.16Hz pitchCents=223.6
2025-12-16 05:12:54 [tracker] [s3] onset t=0.004 env=0.00125 gate=0.00005 envDelta=0.00120 envFloor=0.00065 onset=4.000 thresh=0.012 onsetDelta=3.98840 baseline=0.00041 adaptive=0.00104 lastPeak=0.00000 guard=0.060 activeAge=-1.000 pitch=125.16Hz pitchCents=-276.4
2025-12-16 05:12:54 [tracker] [s4] onset t=0.004 env=0.00125 gate=0.00007 envDelta=0.00118 envFloor=0.00078 onset=4.000 thresh=0.014 onsetDelta=3.98600 baseline=0.00041 adaptive=0.00104 lastPeak=0.00000 guard=0.060 activeAge=-1.000 pitch=125.16Hz pitchCents=-776.4
2025-12-16 05:12:54 [tracker] [s5] onset t=0.004 env=0.00159 gate=0.00009 envDelta=0.00149 envFloor=0.00090 onset=4.000 thresh=0.016 onsetDelta=3.98400 baseline=0.00044 adaptive=0.00109 lastPeak=0.00000 guard=0.060 activeAge=-1.000 pitch=376.47Hz pitchCents=730.0
2025-12-16 05:12:54 [tracker] [s6] onset t=0.004 env=0.00170 gate=0.00011 envDelta=0.00159 envFloor=0.00105 onset=4.000 thresh=0.018 onsetDelta=3.98200 baseline=0.00044 adaptive=0.00111 lastPeak=0.00000 guard=0.060 activeAge=-1.000 pitch=376.47Hz pitchCents=230.0
2025-12-16 05:12:54 [tracker] [s1] aubio-raw t=0.0813 onset=0.817094 env=0.000622 peak=0.001246 gain=1.000
2025-12-16 05:12:54 [tracker] [s1] onset-accepted t=0.0813 env=0.000622 gate=0.000018 envDelta=0.000604 envFloor=0.000500 onset=0.817094 thresh=0.006000 onsetDelta=0.811094 baseline=0.000333 floor=0.000180 adapt=0.000833 lastPeak=0.000000 baseParam=0.000180 gateRatio=0.0550 envParam=0.000450 onsetScale=0.300 retriggerScale=1.400 guard=0.060 guardRemain=0.000 activeAge=-1.000 retrigRemain=0.000 pitchHz=163.26 pitchCents=1183.6
2025-12-16 05:12:54 [tracker] [s1] onset t=0.081 env=0.00062 gate=0.00002 envDelta=0.00060 envFloor=0.00050 onset=0.817 thresh=0.006 onsetDelta=0.81109 baseline=0.00033 adaptive=0.00083 lastPeak=0.00000 guard=0.060 activeAge=-1.000 pitch=163.26Hz pitchCents=1183.6
2025-12-16 05:12:54 [tracker] [s6] onset t=0.097 env=0.00202 gate=0.00020 envDelta=0.00182 envFloor=0.00121 onset=1.117 thresh=0.018 onsetDelta=1.09851 baseline=0.00081 adaptive=0.00202 lastPeak=0.00000 guard=0.060 activeAge=-1.000 pitch=-1.00Hz pitchCents=0.0
2025-12-16 05:12:54 [tracker] [s2] onset t=0.129 env=0.00125 gate=0.00001 envDelta=0.00125 envFloor=0.00075 onset=1.144 thresh=0.009 onsetDelta=1.13497 baseline=0.00050 adaptive=0.00125 lastPeak=0.00000 guard=0.060 activeAge=-1.000 pitch=108.11Hz pitchCents=-30.0
2025-12-16 05:12:54 [tracker] [s2] note-start t=0.129 fret=0 midi=45 vel=0.02 env=0.00125
2025-12-16 05:12:54 [tracker] [s2] onset t=0.201 env=0.00136 gate=0.00001 envDelta=0.00135 envFloor=0.00080 onset=1.082 thresh=0.009 onsetDelta=1.07280 baseline=0.00099 adaptive=0.00134 lastPeak=0.00109 guard=0.060 activeAge=0.072 pitch=105.26Hz pitchCents=-76.2
2025-12-16 05:12:54 [tracker] [s2] note-ended (new onset) t=0.201 fret=0 dur=0.072
2025-12-16 05:12:54 [tracker] [s2] note-start t=0.201 fret=0 midi=45 vel=0.02 env=0.00136
2025-12-16 05:12:54 [tracker] [s5] onset t=0.209 env=0.00153 gate=0.00015 envDelta=0.00138 envFloor=0.00106 onset=0.552 thresh=0.016 onsetDelta=0.53606 baseline=0.00070 adaptive=0.00176 lastPeak=0.00000 guard=0.060 activeAge=-1.000 pitch=-1.00Hz pitchCents=0.0
2025-12-16 05:12:54 [tracker] [s6] onset t=0.241 env=0.00177 gate=0.00021 envDelta=0.00156 envFloor=0.00125 onset=1.041 thresh=0.018 onsetDelta=1.02296 baseline=0.00083 adaptive=0.00208 lastPeak=0.00000 guard=0.060 activeAge=-1.000 pitch=-1.00Hz pitchCents=0.0
2025-12-16 05:12:54 [tracker] [s3] onset t=0.273 env=0.00100 gate=0.00007 envDelta=0.00093 envFloor=0.00081 onset=0.991 thresh=0.012 onsetDelta=0.97922 baseline=0.00054 adaptive=0.00135 lastPeak=0.00000 guard=0.060 activeAge=-1.000 pitch=-1.00Hz pitchCents=0.0
2025-12-16 05:12:54 [tracker] [s5] onset t=0.281 env=0.00166 gate=0.00014 envDelta=0.00152 envFloor=0.00102 onset=0.733 thresh=0.016 onsetDelta=0.71687 baseline=0.00068 adaptive=0.00169 lastPeak=0.00000 guard=0.060 activeAge=-1.000 pitch=-1.00Hz pitchCents=0.0
2025-12-16 05:12:54 [tracker] [s4] onset t=0.348 env=0.00141 gate=0.00010 envDelta=0.00132 envFloor=0.00086 onset=0.996 thresh=0.014 onsetDelta=0.98231 baseline=0.00057 adaptive=0.00143 lastPeak=0.00000 guard=0.060 activeAge=-1.000 pitch=-1.00Hz pitchCents=0.0
2025-12-16 05:12:54 [tracker] [s6] onset t=0.364 env=0.00186 gate=0.00019 envDelta=0.00167 envFloor=0.00113 onset=1.162 thresh=0.018 onsetDelta=1.14381 baseline=0.00076 adaptive=0.00189 lastPeak=0.00000 guard=0.060 activeAge=-1.000 pitch=-1.00Hz pitchCents=0.0
2025-12-16 05:12:54 [tracker] [s1] aubio-raw t=0.4067 onset=0.950350 env=0.000687 peak=0.001819 gain=1.000
2025-12-16 05:12:54 [tracker] [s1] onset-accepted t=0.4067 env=0.000687 gate=0.000018 envDelta=0.000670 envFloor=0.000488 onset=0.950350 thresh=0.006000 onsetDelta=0.944350 baseline=0.000325 floor=0.000180 adapt=0.000813 lastPeak=0.000000 baseParam=0.000180 gateRatio=0.0550 envParam=0.000450 onsetScale=0.300 retriggerScale=1.400 guard=0.060 guardRemain=0.000 activeAge=-1.000 retrigRemain=0.000 pitchHz=102.56 pitchCents=378.8
2025-12-16 05:12:54 [tracker] [s1] onset t=0.407 env=0.00069 gate=0.00002 envDelta=0.00067 envFloor=0.00049 onset=0.950 thresh=0.006 onsetDelta=0.94435 baseline=0.00033 adaptive=0.00081 lastPeak=0.00000 guard=0.060 activeAge=-1.000 pitch=102.56Hz pitchCents=378.8
2025-12-16 05:12:54 [tracker] [s3] onset t=0.481 env=0.00111 gate=0.00007 envDelta=0.00104 envFloor=0.00081 onset=0.874 thresh=0.012 onsetDelta=0.86260 baseline=0.00054 adaptive=0.00136 lastPeak=0.00000 guard=0.060 activeAge=-1.000 pitch=-1.00Hz pitchCents=0.0
2025-12-16 05:12:54 [tracker] [s3] onset t=0.543 env=0.00170 gate=0.00007 envDelta=0.00162 envFloor=0.00083 onset=1.059 thresh=0.012 onsetDelta=1.04753 baseline=0.00056 adaptive=0.00139 lastPeak=0.00000 guard=0.060 activeAge=-1.000 pitch=-1.00Hz pitchCents=0.0
2025-12-16 05:12:54 [tracker] [s4] onset t=0.588 env=0.00164 gate=0.00010 envDelta=0.00154 envFloor=0.00092 onset=1.067 thresh=0.014 onsetDelta=1.05338 baseline=0.00061 adaptive=0.00153 lastPeak=0.00000 guard=0.060 activeAge=-1.000 pitch=-1.00Hz pitchCents=0.0
2025-12-16 05:12:55 [tracker] [s4] onset t=0.756 env=0.00203 gate=0.00010 envDelta=0.00193 envFloor=0.00090 onset=0.991 thresh=0.014 onsetDelta=0.97723 baseline=0.00060 adaptive=0.00150 lastPeak=0.00000 guard=0.060 activeAge=-1.000 pitch=-1.00Hz pitchCents=0.0
2025-12-16 05:12:55 [tracker] [s6] onset t=0.788 env=0.00195 gate=0.00019 envDelta=0.00176 envFloor=0.00117 onset=0.998 thresh=0.018 onsetDelta=0.97968 baseline=0.00078 adaptive=0.00195 lastPeak=0.00000 guard=0.060 activeAge=-1.000 pitch=-1.00Hz pitchCents=0.0
2025-12-16 05:12:55 [tracker] [s6] onset t=0.868 env=0.00191 gate=0.00021 envDelta=0.00170 envFloor=0.00127 onset=1.085 thresh=0.018 onsetDelta=1.06750 baseline=0.00085 adaptive=0.00212 lastPeak=0.00000 guard=0.060 activeAge=-1.000 pitch=-1.00Hz pitchCents=0.0
2025-12-16 05:12:55 [tracker] [s6] onset t=0.985 env=0.00183 gate=0.00021 envDelta=0.00162 envFloor=0.00125 onset=0.783 thresh=0.018 onsetDelta=0.76502 baseline=0.00083 adaptive=0.00208 lastPeak=0.00000 guard=0.060 activeAge=-1.000 pitch=-1.00Hz pitchCents=0.0
2025-12-16 05:12:55 [tracker] [s4] onset t=1.015 env=0.00129 gate=0.00010 envDelta=0.00119 envFloor=0.00093 onset=1.223 thresh=0.014 onsetDelta=1.20863 baseline=0.00062 adaptive=0.00154 lastPeak=0.00000 guard=0.060 activeAge=-1.000 pitch=-1.00Hz pitchCents=0.0
2025-12-16 05:12:55 [tracker] [s2] onset t=1.065 env=0.00167 gate=0.00001 envDelta=0.00167 envFloor=0.00080 onset=1.055 thresh=0.009 onsetDelta=1.04595 baseline=0.00053 adaptive=0.00133 lastPeak=0.00027 guard=0.060 activeAge=0.864 pitch=307.63Hz pitchCents=1780.4
2025-12-16 05:12:55 [tracker] [s2] note-ended (new onset) t=1.065 fret=0 dur=0.864
2025-12-16 05:12:55 [tracker] [s2] note-start t=1.065 fret=8 midi=53 vel=0.02 env=0.00167
2025-12-16 05:12:55 [tracker] [s4] onset t=1.095 env=0.00161 gate=0.00010 envDelta=0.00151 envFloor=0.00087 onset=0.861 thresh=0.014 onsetDelta=0.84684 baseline=0.00058 adaptive=0.00145 lastPeak=0.00000 guard=0.060 activeAge=-1.000 pitch=-1.00Hz pitchCents=0.0
2025-12-16 05:12:55 [tracker] [s2] onset t=1.135 env=0.00173 gate=0.00001 envDelta=0.00172 envFloor=0.00092 onset=1.102 thresh=0.009 onsetDelta=1.09324 baseline=0.00132 adaptive=0.00146 lastPeak=0.00147 guard=0.060 activeAge=0.069 pitch=296.28Hz pitchCents=1715.3
2025-12-16 05:12:55 [tracker] [s2] note-ended (new onset) t=1.135 fret=8 dur=0.069
2025-12-16 05:12:55 [tracker] [s6] onset t=1.169 env=0.00218 gate=0.00020 envDelta=0.00198 envFloor=0.00118 onset=1.006 thresh=0.018 onsetDelta=0.98801 baseline=0.00079 adaptive=0.00197 lastPeak=0.00000 guard=0.060 activeAge=-1.000 pitch=-1.00Hz pitchCents=0.0
2025-12-16 05:12:55 [tracker] [s2] onset t=1.439 env=0.00110 gate=0.00001 envDelta=0.00110 envFloor=0.00072 onset=0.996 thresh=0.009 onsetDelta=0.98745 baseline=0.00075 adaptive=0.00120 lastPeak=0.00083 guard=0.060 activeAge=-1.000 pitch=228.56Hz pitchCents=1266.1
2025-12-16 05:12:55 [tracker] [s2] note-start t=1.439 fret=6 midi=51 vel=0.01 env=0.00110
2025-12-16 05:12:55 [tracker] [s6] onset t=1.543 env=0.00217 gate=0.00020 envDelta=0.00197 envFloor=0.00122 onset=0.874 thresh=0.018 onsetDelta=0.85588 baseline=0.00081 adaptive=0.00204 lastPeak=0.00000 guard=0.060 activeAge=-1.000 pitch=-1.00Hz pitchCents=0.0
2025-12-16 05:12:55 [tracker] [s3] onset t=1.569 env=0.00124 gate=0.00007 envDelta=0.00117 envFloor=0.00081 onset=1.057 thresh=0.012 onsetDelta=1.04537 baseline=0.00054 adaptive=0.00135 lastPeak=0.00000 guard=0.060 activeAge=-1.000 pitch=-1.00Hz pitchCents=0.0
2025-12-16 05:12:55 [tracker] [s5] onset t=1.577 env=0.00160 gate=0.00014 envDelta=0.00146 envFloor=0.00099 onset=1.000 thresh=0.016 onsetDelta=0.98420 baseline=0.00066 adaptive=0.00165 lastPeak=0.00000 guard=0.060 activeAge=-1.000 pitch=-1.00Hz pitchCents=0.0
2025-12-16 05:12:56 [tracker] [s6] onset t=1.703 env=0.00190 gate=0.00021 envDelta=0.00168 envFloor=0.00128 onset=0.996 thresh=0.018 onsetDelta=0.97767 baseline=0.00085 adaptive=0.00213 lastPeak=0.00000 guard=0.060 activeAge=-1.000 pitch=-1.00Hz pitchCents=0.0
2025-12-16 05:12:56 [tracker] [s5] onset t=1.711 env=0.00154 gate=0.00014 envDelta=0.00139 envFloor=0.00103 onset=0.632 thresh=0.016 onsetDelta=0.61595 baseline=0.00069 adaptive=0.00172 lastPeak=0.00000 guard=0.060 activeAge=-1.000 pitch=-1.00Hz pitchCents=0.0
2025-12-16 05:12:56 [tracker] [s3] onset t=1.737 env=0.00149 gate=0.00008 envDelta=0.00141 envFloor=0.00087 onset=1.025 thresh=0.012 onsetDelta=1.01321 baseline=0.00058 adaptive=0.00145 lastPeak=0.00000 guard=0.060 activeAge=-1.000 pitch=-1.00Hz pitchCents=0.0
2025-12-16 05:12:56 [tracker] [s4] onset t=1.852 env=0.00132 gate=0.00010 envDelta=0.00122 envFloor=0.00089 onset=0.782 thresh=0.014 onsetDelta=0.76813 baseline=0.00059 adaptive=0.00149 lastPeak=0.00000 guard=0.060 activeAge=-1.000 pitch=-1.00Hz pitchCents=0.0
2025-12-16 05:12:56 [tracker] [s3] onset t=1.855 env=0.00111 gate=0.00006 envDelta=0.00105 envFloor=0.00074 onset=1.064 thresh=0.012 onsetDelta=1.05245 baseline=0.00050 adaptive=0.00124 lastPeak=0.00000 guard=0.060 activeAge=-1.000 pitch=-1.00Hz pitchCents=0.0
2025-12-16 05:12:56 [tracker] [s6] onset t=1.975 env=0.00194 gate=0.00021 envDelta=0.00173 envFloor=0.00125 onset=1.151 thresh=0.018 onsetDelta=1.13294 baseline=0.00083 adaptive=0.00208 lastPeak=0.00000 guard=0.060 activeAge=-1.000 pitch=-1.00Hz pitchCents=0.0
2025-12-16 05:12:56 [tracker] [s1] aubio-raw t=1.9880 onset=0.650593 env=0.000636 peak=0.001512 gain=1.000
2025-12-16 05:12:56 [tracker] [s1] onset-accepted t=1.9880 env=0.000636 gate=0.000021 envDelta=0.000615 envFloor=0.000572 onset=0.650593 thresh=0.006000 onsetDelta=0.644593 baseline=0.000382 floor=0.000180 adapt=0.000954 lastPeak=0.000000 baseParam=0.000180 gateRatio=0.0550 envParam=0.000450 onsetScale=0.300 retriggerScale=1.400 guard=0.060 guardRemain=0.000 activeAge=-1.000 retrigRemain=0.000 pitchHz=160.00 pitchCents=1148.6
2025-12-16 05:12:56 [tracker] [s1] onset t=1.988 env=0.00064 gate=0.00002 envDelta=0.00061 envFloor=0.00057 onset=0.651 thresh=0.006 onsetDelta=0.64459 baseline=0.00038 adaptive=0.00095 lastPeak=0.00000 guard=0.060 activeAge=-1.000 pitch=160.00Hz pitchCents=1148.6
2025-12-16 05:12:56 [tracker] [s2] onset t=2.028 env=0.00131 gate=0.00001 envDelta=0.00131 envFloor=0.00080 onset=1.041 thresh=0.009 onsetDelta=1.03189 baseline=0.00053 adaptive=0.00134 lastPeak=0.00036 guard=0.060 activeAge=0.589 pitch=200.02Hz pitchCents=1035.2
2025-12-16 05:12:56 [tracker] [s2] note-ended (new onset) t=2.028 fret=6 dur=0.589
2025-12-16 05:12:56 [tracker] [s3] onset t=2.081 env=0.00121 gate=0.00008 envDelta=0.00113 envFloor=0.00088 onset=0.929 thresh=0.012 onsetDelta=0.91788 baseline=0.00059 adaptive=0.00147 lastPeak=0.00000 guard=0.060 activeAge=-1.000 pitch=-1.00Hz pitchCents=0.0
2025-12-16 05:12:56 [tracker] [s6] onset t=2.188 env=0.00167 gate=0.00019 envDelta=0.00148 envFloor=0.00114 onset=0.828 thresh=0.018 onsetDelta=0.80968 baseline=0.00076 adaptive=0.00190 lastPeak=0.00000 guard=0.060 activeAge=-1.000 pitch=-1.00Hz pitchCents=0.0
2025-12-16 05:12:56 [tracker] [s2] onset t=2.241 env=0.00131 gate=0.00001 envDelta=0.00130 envFloor=0.00076 onset=0.996 thresh=0.009 onsetDelta=0.98734 baseline=0.00050 adaptive=0.00126 lastPeak=0.00024 guard=0.060 activeAge=-1.000 pitch=111.10Hz pitchCents=17.2
2025-12-16 05:12:56 [tracker] [s5] onset t=2.252 env=0.00164 gate=0.00014 envDelta=0.00150 envFloor=0.00099 onset=0.885 thresh=0.016 onsetDelta=0.86945 baseline=0.00066 adaptive=0.00164 lastPeak=0.00000 guard=0.060 activeAge=-1.000 pitch=-1.00Hz pitchCents=0.0
2025-12-16 05:12:56 [tracker] [s3] onset t=2.351 env=0.00145 gate=0.00008 envDelta=0.00137 envFloor=0.00088 onset=1.242 thresh=0.012 onsetDelta=1.23020 baseline=0.00058 adaptive=0.00146 lastPeak=0.00000 guard=0.060 activeAge=-1.000 pitch=-1.00Hz pitchCents=0.0
2025-12-16 05:12:56 [tracker] [s4] onset t=2.356 env=0.00145 gate=0.00011 envDelta=0.00134 envFloor=0.00095 onset=1.091 thresh=0.014 onsetDelta=1.07671 baseline=0.00063 adaptive=0.00158 lastPeak=0.00000 guard=0.060 activeAge=-1.000 pitch=-1.00Hz pitchCents=0.0
2025-12-16 05:12:56 [tracker] [s5] onset t=2.457 env=0.00155 gate=0.00015 envDelta=0.00140 envFloor=0.00105 onset=0.997 thresh=0.016 onsetDelta=0.98137 baseline=0.00070 adaptive=0.00175 lastPeak=0.00000 guard=0.060 activeAge=-1.000 pitch=-1.00Hz pitchCents=0.0
2025-12-16 05:12:56 [tracker] [s4] onset t=2.460 env=0.00135 gate=0.00011 envDelta=0.00125 envFloor=0.00094 onset=0.906 thresh=0.014 onsetDelta=0.89243 baseline=0.00062 adaptive=0.00156 lastPeak=0.00000 guard=0.060 activeAge=-1.000 pitch=-1.00Hz pitchCents=0.0
2025-12-16 05:12:56 [tracker] [s6] onset t=2.561 env=0.00203 gate=0.00020 envDelta=0.00183 envFloor=0.00120 onset=0.786 thresh=0.018 onsetDelta=0.76753 baseline=0.00080 adaptive=0.00201 lastPeak=0.00000 guard=0.060 activeAge=-1.000 pitch=-1.00Hz pitchCents=0.0
2025-12-16 05:12:56 [tracker] [s6] onset t=2.617 env=0.00193 gate=0.00019 envDelta=0.00173 envFloor=0.00117 onset=0.765 thresh=0.018 onsetDelta=0.74665 baseline=0.00078 adaptive=0.00194 lastPeak=0.00000 guard=0.060 activeAge=-1.000 pitch=-1.00Hz pitchCents=0.0
2025-12-16 05:12:56 [tracker] [s3] onset t=2.633 env=0.00121 gate=0.00007 envDelta=0.00114 envFloor=0.00079 onset=1.485 thresh=0.012 onsetDelta=1.47331 baseline=0.00053 adaptive=0.00132 lastPeak=0.00000 guard=0.060 activeAge=-1.000 pitch=-1.00Hz pitchCents=0.0
2025-12-16 05:12:57 [tracker] [s1] aubio-raw t=2.6494 onset=1.184392 env=0.000627 peak=0.001439 gain=1.000
2025-12-16 05:12:57 [tracker] [s1] onset-accepted t=2.6494 env=0.000627 gate=0.000019 envDelta=0.000608 envFloor=0.000518 onset=1.184392 thresh=0.006000 onsetDelta=1.178392 baseline=0.000345 floor=0.000180 adapt=0.000864 lastPeak=0.000000 baseParam=0.000180 gateRatio=0.0550 envParam=0.000450 onsetScale=0.300 retriggerScale=1.400 guard=0.060 guardRemain=0.000 activeAge=-1.000 retrigRemain=0.000 pitchHz=195.12 pitchCents=1492.2
2025-12-16 05:12:57 [tracker] [s1] onset t=2.649 env=0.00063 gate=0.00002 envDelta=0.00061 envFloor=0.00052 onset=1.184 thresh=0.006 onsetDelta=1.17839 baseline=0.00035 adaptive=0.00086 lastPeak=0.00000 guard=0.060 activeAge=-1.000 pitch=195.12Hz pitchCents=1492.2
2025-12-16 05:12:57 [tracker] [s2] onset t=2.785 env=0.00102 gate=0.00001 envDelta=0.00101 envFloor=0.00078 onset=0.999 thresh=0.009 onsetDelta=0.98971 baseline=0.00052 adaptive=0.00130 lastPeak=0.00009 guard=0.060 activeAge=-1.000 pitch=102.56Hz pitchCents=-121.2
2025-12-16 05:12:57 [tracker] [s4] onset t=2.807 env=0.00160 gate=0.00011 envDelta=0.00150 envFloor=0.00096 onset=0.994 thresh=0.014 onsetDelta=0.97976 baseline=0.00064 adaptive=0.00160 lastPeak=0.00000 guard=0.060 activeAge=-1.000 pitch=-1.00Hz pitchCents=0.0
2025-12-16 05:12:57 [tracker] [s6] onset t=2.823 env=0.00183 gate=0.00021 envDelta=0.00161 envFloor=0.00127 onset=0.994 thresh=0.018 onsetDelta=0.97609 baseline=0.00085 adaptive=0.00212 lastPeak=0.00000 guard=0.060 activeAge=-1.000 pitch=-1.00Hz pitchCents=0.0
2025-12-16 05:12:57 [tracker] [s2] onset t=2.908 env=0.00130 gate=0.00001 envDelta=0.00129 envFloor=0.00080 onset=1.486 thresh=0.009 onsetDelta=1.47678 baseline=0.00054 adaptive=0.00134 lastPeak=0.00007 guard=0.060 activeAge=-1.000 pitch=121.21Hz pitchCents=168.0
2025-12-16 05:12:57 [tracker] [s2] note-start t=2.908 fret=2 midi=47 vel=0.02 env=0.00130
2025-12-16 05:12:57 [tracker] [s2] onset t=2.980 env=0.00119 gate=0.00001 envDelta=0.00118 envFloor=0.00080 onset=0.716 thresh=0.009 onsetDelta=0.70721 baseline=0.00102 adaptive=0.00133 lastPeak=0.00113 guard=0.060 activeAge=0.072 pitch=111.11Hz pitchCents=17.3
2025-12-16 05:12:57 [tracker] [s2] note-ended (new onset) t=2.980 fret=2 dur=0.072
2025-12-16 05:12:57 [tracker] [s2] note-start t=2.980 fret=0 midi=45 vel=0.01 env=0.00119
2025-12-16 05:12:57 [tracker] [s2] onset t=3.119 env=0.00118 gate=0.00001 envDelta=0.00117 envFloor=0.00079 onset=1.000 thresh=0.009 onsetDelta=0.99115 baseline=0.00082 adaptive=0.00132 lastPeak=0.00092 guard=0.060 activeAge=0.139 pitch=148.15Hz pitchCents=515.5
2025-12-16 05:12:57 [tracker] [s2] note-ended (new onset) t=3.119 fret=0 dur=0.139
2025-12-16 05:12:57 [tracker] [s1] aubio-raw t=3.1347 onset=1.283038 env=0.000630 peak=0.001545 gain=1.000
2025-12-16 05:12:57 [tracker] [s1] onset-accepted t=3.1347 env=0.000630 gate=0.000019 envDelta=0.000611 envFloor=0.000508 onset=1.283038 thresh=0.006000 onsetDelta=1.277038 baseline=0.000338 floor=0.000180 adapt=0.000846 lastPeak=0.000000 baseParam=0.000180 gateRatio=0.0550 envParam=0.000450 onsetScale=0.300 retriggerScale=1.400 guard=0.060 guardRemain=0.000 activeAge=-1.000 retrigRemain=0.000 pitchHz=-1.00 pitchCents=0.0
2025-12-16 05:12:57 [tracker] [s1] onset t=3.135 env=0.00063 gate=0.00002 envDelta=0.00061 envFloor=0.00051 onset=1.283 thresh=0.006 onsetDelta=1.27704 baseline=0.00034 adaptive=0.00085 lastPeak=0.00000 guard=0.060 activeAge=-1.000 pitch=-1.00Hz pitchCents=0.0
2025-12-16 05:12:57 [tracker] [s5] onset t=3.153 env=0.00187 gate=0.00016 envDelta=0.00172 envFloor=0.00111 onset=1.000 thresh=0.016 onsetDelta=0.98386 baseline=0.00074 adaptive=0.00185 lastPeak=0.00000 guard=0.060 activeAge=-1.000 pitch=-1.00Hz pitchCents=0.0
2025-12-16 05:12:57 [tracker] [s2] onset t=3.177 env=0.00093 gate=0.00001 envDelta=0.00092 envFloor=0.00085 onset=0.737 thresh=0.009 onsetDelta=0.72843 baseline=0.00074 adaptive=0.00141 lastPeak=0.00082 guard=0.060 activeAge=-1.000 pitch=-1.00Hz pitchCents=0.0
2025-12-16 05:12:57 [tracker] [s6] onset t=3.193 env=0.00171 gate=0.00021 envDelta=0.00150 envFloor=0.00126 onset=1.134 thresh=0.018 onsetDelta=1.11640 baseline=0.00084 adaptive=0.00211 lastPeak=0.00000 guard=0.060 activeAge=-1.000 pitch=-1.00Hz pitchCents=0.0
2025-12-16 05:12:57 [tracker] [s4] onset t=3.209 env=0.00150 gate=0.00011 envDelta=0.00139 envFloor=0.00097 onset=1.005 thresh=0.014 onsetDelta=0.99059 baseline=0.00065 adaptive=0.00161 lastPeak=0.00000 guard=0.060 activeAge=-1.000 pitch=-1.00Hz pitchCents=0.0
2025-12-16 05:12:57 [tracker] [s1] aubio-raw t=3.2200 onset=0.773011 env=0.000872 peak=0.002198 gain=1.000
2025-12-16 05:12:57 [tracker] [s1] onset-accepted t=3.2200 env=0.000872 gate=0.000019 envDelta=0.000854 envFloor=0.000507 onset=0.773011 thresh=0.006000 onsetDelta=0.767011 baseline=0.000338 floor=0.000180 adapt=0.000845 lastPeak=0.000000 baseParam=0.000180 gateRatio=0.0550 envParam=0.000450 onsetScale=0.300 retriggerScale=1.400 guard=0.060 guardRemain=0.000 activeAge=-1.000 retrigRemain=0.000 pitchHz=159.99 pitchCents=1148.6
2025-12-16 05:12:57 [tracker] [s1] aubio-raw t=3.3080 onset=0.999748 env=0.000708 peak=0.001617 gain=1.000
2025-12-16 05:12:57 [tracker] [s1] onset-accepted t=3.3080 env=0.000708 gate=0.000020 envDelta=0.000688 envFloor=0.000543 onset=0.999748 thresh=0.006000 onsetDelta=0.993748 baseline=0.000362 floor=0.000180 adapt=0.000904 lastPeak=0.000000 baseParam=0.000180 gateRatio=0.0550 envParam=0.000450 onsetScale=0.300 retriggerScale=1.400 guard=0.060 guardRemain=0.000 activeAge=-1.000 retrigRemain=0.000 pitchHz=111.11 pitchCents=517.4
2025-12-16 05:12:57 [tracker] [s1] onset t=3.308 env=0.00071 gate=0.00002 envDelta=0.00069 envFloor=0.00054 onset=1.000 thresh=0.006 onsetDelta=0.99375 baseline=0.00036 adaptive=0.00090 lastPeak=0.00000 guard=0.060 activeAge=-1.000 pitch=111.11Hz pitchCents=517.4
2025-12-16 05:12:57 [tracker] [s1] note-start t=3.308 fret=8 midi=48 vel=0.01 env=0.00071
2025-12-16 05:12:57 [tracker] [s6] onset t=3.343 env=0.00175 gate=0.00019 envDelta=0.00156 envFloor=0.00115 onset=1.067 thresh=0.018 onsetDelta=1.04918 baseline=0.00077 adaptive=0.00192 lastPeak=0.00000 guard=0.060 activeAge=-1.000 pitch=-1.00Hz pitchCents=0.0
2025-12-16 05:12:57 [tracker] [s1] aubio-raw t=3.3694 onset=1.458121 env=0.000758 peak=0.001913 gain=1.000
2025-12-16 05:12:57 [tracker] [s1] onset-accepted t=3.3694 env=0.000758 gate=0.000031 envDelta=0.000726 envFloor=0.000488 onset=1.458121 thresh=0.006000 onsetDelta=1.452121 baseline=0.000568 floor=0.000180 adapt=0.000814 lastPeak=0.000631 baseParam=0.000180 gateRatio=0.0550 envParam=0.000450 onsetScale=0.300 retriggerScale=1.400 guard=0.060 guardRemain=0.000 activeAge=0.061 retrigRemain=0.159 pitchHz=347.78 pitchCents=2492.8
2025-12-16 05:12:57 [tracker] [s1] onset t=3.369 env=0.00076 gate=0.00003 envDelta=0.00073 envFloor=0.00049 onset=1.458 thresh=0.006 onsetDelta=1.45212 baseline=0.00057 adaptive=0.00081 lastPeak=0.00063 guard=0.060 activeAge=0.061 pitch=347.78Hz pitchCents=2492.8
2025-12-16 05:12:57 [tracker] [s1] note-ended (new onset) t=3.369 fret=8 dur=0.061
2025-12-16 05:12:57 [tracker] [s2] onset t=3.423 env=0.00145 gate=0.00001 envDelta=0.00144 envFloor=0.00079 onset=1.040 thresh=0.009 onsetDelta=1.03123 baseline=0.00052 adaptive=0.00131 lastPeak=0.00052 guard=0.060 activeAge=-1.000 pitch=163.25Hz pitchCents=683.5
2025-12-16 05:12:57 [tracker] [s4] onset t=3.436 env=0.00143 gate=0.00010 envDelta=0.00133 envFloor=0.00091 onset=0.503 thresh=0.014 onsetDelta=0.48920 baseline=0.00060 adaptive=0.00151 lastPeak=0.00000 guard=0.060 activeAge=-1.000 pitch=-1.00Hz pitchCents=0.0
2025-12-16 05:12:57 [tracker] [s6] onset t=3.476 env=0.00208 gate=0.00022 envDelta=0.00186 envFloor=0.00131 onset=0.997 thresh=0.018 onsetDelta=0.97917 baseline=0.00087 adaptive=0.00218 lastPeak=0.00000 guard=0.060 activeAge=-1.000 pitch=-1.00Hz pitchCents=0.0
2025-12-16 05:12:57 [tracker] [s3] onset t=3.495 env=0.00142 gate=0.00007 envDelta=0.00134 envFloor=0.00085 onset=0.998 thresh=0.012 onsetDelta=0.98642 baseline=0.00056 adaptive=0.00141 lastPeak=0.00000 guard=0.060 activeAge=-1.000 pitch=-1.00Hz pitchCents=0.0
2025-12-16 05:12:57 [tracker] [s1] aubio-raw t=3.5534 onset=1.133661 env=0.000916 peak=0.002441 gain=1.000
2025-12-16 05:12:57 [tracker] [s1] onset-accepted t=3.5534 env=0.000916 gate=0.000022 envDelta=0.000894 envFloor=0.000520 onset=1.133661 thresh=0.006000 onsetDelta=1.127661 baseline=0.000402 floor=0.000180 adapt=0.000866 lastPeak=0.000447 baseParam=0.000180 gateRatio=0.0550 envParam=0.000450 onsetScale=0.300 retriggerScale=1.400 guard=0.060 guardRemain=0.000 activeAge=-1.000 retrigRemain=0.000 pitchHz=242.42 pitchCents=1868.0
2025-12-16 05:12:57 [tracker] [s1] onset t=3.553 env=0.00092 gate=0.00002 envDelta=0.00089 envFloor=0.00052 onset=1.134 thresh=0.006 onsetDelta=1.12766 baseline=0.00040 adaptive=0.00087 lastPeak=0.00045 guard=0.060 activeAge=-1.000 pitch=242.42Hz pitchCents=1868.0
2025-12-16 05:12:57 [tracker] [s1] aubio-raw t=3.6227 onset=1.030989 env=0.000743 peak=0.002142 gain=1.000
2025-12-16 05:12:57 [tracker] [s1] onset-accepted t=3.6227 env=0.000743 gate=0.000020 envDelta=0.000723 envFloor=0.000558 onset=1.030989 thresh=0.006000 onsetDelta=1.024989 baseline=0.000372 floor=0.000180 adapt=0.000931 lastPeak=0.000392 baseParam=0.000180 gateRatio=0.0550 envParam=0.000450 onsetScale=0.300 retriggerScale=1.400 guard=0.060 guardRemain=0.000 activeAge=-1.000 retrigRemain=0.000 pitchHz=142.86 pitchCents=952.5
2025-12-16 05:12:57 [tracker] [s1] onset t=3.623 env=0.00074 gate=0.00002 envDelta=0.00072 envFloor=0.00056 onset=1.031 thresh=0.006 onsetDelta=1.02499 baseline=0.00037 adaptive=0.00093 lastPeak=0.00039 guard=0.060 activeAge=-1.000 pitch=142.86Hz pitchCents=952.5
2025-12-16 05:12:57 [tracker] [s6] onset t=3.636 env=0.00177 gate=0.00021 envDelta=0.00156 envFloor=0.00123 onset=1.003 thresh=0.018 onsetDelta=0.98462 baseline=0.00082 adaptive=0.00205 lastPeak=0.00000 guard=0.060 activeAge=-1.000 pitch=-1.00Hz pitchCents=0.0
2025-12-16 05:12:58 [tracker] [s5] onset t=3.727 env=0.00142 gate=0.00014 envDelta=0.00128 envFloor=0.00098 onset=1.143 thresh=0.016 onsetDelta=1.12663 baseline=0.00065 adaptive=0.00164 lastPeak=0.00000 guard=0.060 activeAge=-1.000 pitch=-1.00Hz pitchCents=0.0
2025-12-16 05:12:58 [tracker] [s2] onset t=3.729 env=0.00113 gate=0.00001 envDelta=0.00112 envFloor=0.00078 onset=1.298 thresh=0.009 onsetDelta=1.28945 baseline=0.00052 adaptive=0.00130 lastPeak=0.00029 guard=0.060 activeAge=-1.000 pitch=103.88Hz pitchCents=-99.0
2025-12-16 05:12:58 [tracker] [s6] onset t=3.777 env=0.00192 gate=0.00019 envDelta=0.00173 envFloor=0.00115 onset=0.997 thresh=0.018 onsetDelta=0.97919 baseline=0.00077 adaptive=0.00192 lastPeak=0.00000 guard=0.060 activeAge=-1.000 pitch=-1.00Hz pitchCents=0.0
2025-12-16 05:12:58 [tracker] [s5] onset t=3.820 env=0.00165 gate=0.00015 envDelta=0.00150 envFloor=0.00107 onset=0.539 thresh=0.016 onsetDelta=0.52299 baseline=0.00071 adaptive=0.00179 lastPeak=0.00000 guard=0.060 activeAge=-1.000 pitch=-1.00Hz pitchCents=0.0
2025-12-16 05:12:58 [tracker] [s6] onset t=3.868 env=0.00192 gate=0.00021 envDelta=0.00171 envFloor=0.00125 onset=1.004 thresh=0.018 onsetDelta=0.98572 baseline=0.00084 adaptive=0.00209 lastPeak=0.00000 guard=0.060 activeAge=-1.000 pitch=-1.00Hz pitchCents=0.0
2025-12-16 05:12:58 [tracker] [s4] onset t=3.897 env=0.00138 gate=0.00011 envDelta=0.00127 envFloor=0.00099 onset=0.964 thresh=0.014 onsetDelta=0.95004 baseline=0.00066 adaptive=0.00165 lastPeak=0.00000 guard=0.060 activeAge=-1.000 pitch=-1.00Hz pitchCents=0.0
2025-12-16 05:12:58 [tracker] [s5] onset t=3.937 env=0.00183 gate=0.00015 envDelta=0.00168 envFloor=0.00110 onset=1.051 thresh=0.016 onsetDelta=1.03549 baseline=0.00074 adaptive=0.00184 lastPeak=0.00000 guard=0.060 activeAge=-1.000 pitch=-1.00Hz pitchCents=0.0
2025-12-16 05:12:58 [tracker] [s1] aubio-raw t=3.9560 onset=1.069782 env=0.000943 peak=0.002435 gain=1.000
2025-12-16 05:12:58 [tracker] [s1] onset-accepted t=3.9560 env=0.000943 gate=0.000019 envDelta=0.000924 envFloor=0.000521 onset=1.069782 thresh=0.006000 onsetDelta=1.063782 baseline=0.000347 floor=0.000180 adapt=0.000868 lastPeak=0.000210 baseParam=0.000180 gateRatio=0.0550 envParam=0.000450 onsetScale=0.300 retriggerScale=1.400 guard=0.060 guardRemain=0.000 activeAge=-1.000 retrigRemain=0.000 pitchHz=-1.00 pitchCents=0.0
2025-12-16 05:12:58 [tracker] [s1] onset t=3.956 env=0.00094 gate=0.00002 envDelta=0.00092 envFloor=0.00052 onset=1.070 thresh=0.006 onsetDelta=1.06378 baseline=0.00035 adaptive=0.00087 lastPeak=0.00021 guard=0.060 activeAge=-1.000 pitch=-1.00Hz pitchCents=0.0
2025-12-16 05:12:58 [tracker] [s2] onset t=3.959 env=0.00101 gate=0.00001 envDelta=0.00101 envFloor=0.00083 onset=0.799 thresh=0.009 onsetDelta=0.78964 baseline=0.00056 adaptive=0.00139 lastPeak=0.00019 guard=0.060 activeAge=-1.000 pitch=400.00Hz pitchCents=2235.0
2025-12-16 05:12:58 [tracker] [s2] note-start t=3.959 fret=0 midi=45 vel=0.01 env=0.00101
2025-12-16 05:12:58 [tracker] [s4] onset t=3.988 env=0.00146 gate=0.00011 envDelta=0.00135 envFloor=0.00095 onset=0.580 thresh=0.014 onsetDelta=0.56605 baseline=0.00063 adaptive=0.00159 lastPeak=0.00000 guard=0.060 activeAge=-1.000 pitch=-1.00Hz pitchCents=0.0
2025-12-16 05:12:58 [tracker] [s3] onset t=4.049 env=0.00138 gate=0.00007 envDelta=0.00131 envFloor=0.00086 onset=1.069 thresh=0.012 onsetDelta=1.05754 baseline=0.00057 adaptive=0.00143 lastPeak=0.00000 guard=0.060 activeAge=-1.000 pitch=-1.00Hz pitchCents=0.0
2025-12-16 05:12:58 [tracker] [s4] onset t=4.135 env=0.00117 gate=0.00010 envDelta=0.00107 envFloor=0.00089 onset=0.869 thresh=0.014 onsetDelta=0.85548 baseline=0.00059 adaptive=0.00148 lastPeak=0.00000 guard=0.060 activeAge=-1.000 pitch=-1.00Hz pitchCents=0.0
2025-12-16 05:12:58 [tracker] [s2] onset t=4.140 env=0.00117 gate=0.00001 envDelta=0.00116 envFloor=0.00084 onset=1.243 thresh=0.009 onsetDelta=1.23383 baseline=0.00065 adaptive=0.00141 lastPeak=0.00072 guard=0.060 activeAge=0.181 pitch=235.28Hz pitchCents=1316.2
2025-12-16 05:12:58 [tracker] [s2] note-ended (new onset) t=4.140 fret=0 dur=0.181
2025-12-16 05:12:58 [tracker] [s6] onset t=4.156 env=0.00207 gate=0.00019 envDelta=0.00188 envFloor=0.00116 onset=0.694 thresh=0.018 onsetDelta=0.67626 baseline=0.00078 adaptive=0.00194 lastPeak=0.00000 guard=0.060 activeAge=-1.000 pitch=-1.00Hz pitchCents=0.0
2025-12-16 05:12:58 [tracker] [s1] aubio-raw t=4.2414 onset=0.996105 env=0.000603 peak=0.001746 gain=1.000
2025-12-16 05:12:58 [tracker] [s1] onset-accepted t=4.2414 env=0.000603 gate=0.000019 envDelta=0.000584 envFloor=0.000518 onset=0.996105 thresh=0.006000 onsetDelta=0.990105 baseline=0.000345 floor=0.000180 adapt=0.000863 lastPeak=0.000123 baseParam=0.000180 gateRatio=0.0550 envParam=0.000450 onsetScale=0.300 retriggerScale=1.400 guard=0.060 guardRemain=0.000 activeAge=-1.000 retrigRemain=0.000 pitchHz=-1.00 pitchCents=0.0
2025-12-16 05:12:58 [tracker] [s1] onset t=4.241 env=0.00060 gate=0.00002 envDelta=0.00058 envFloor=0.00052 onset=0.996 thresh=0.006 onsetDelta=0.99011 baseline=0.00035 adaptive=0.00086 lastPeak=0.00012 guard=0.060 activeAge=-1.000 pitch=-1.00Hz pitchCents=0.0
2025-12-16 05:12:58 [tracker] [s4] onset t=4.311 env=0.00148 gate=0.00011 envDelta=0.00137 envFloor=0.00093 onset=1.166 thresh=0.014 onsetDelta=1.15161 baseline=0.00062 adaptive=0.00156 lastPeak=0.00000 guard=0.060 activeAge=-1.000 pitch=-1.00Hz pitchCents=0.0
2025-12-16 05:12:58 [tracker] [s1] aubio-raw t=4.4227 onset=0.616744 env=0.000629 peak=0.001715 gain=1.000
2025-12-16 05:12:58 [tracker] [s1] onset-accepted t=4.4227 env=0.000629 gate=0.000019 envDelta=0.000610 envFloor=0.000510 onset=0.616744 thresh=0.006000 onsetDelta=0.610744 baseline=0.000340 floor=0.000180 adapt=0.000851 lastPeak=0.000087 baseParam=0.000180 gateRatio=0.0550 envParam=0.000450 onsetScale=0.300 retriggerScale=1.400 guard=0.060 guardRemain=0.000 activeAge=-1.000 retrigRemain=0.000 pitchHz=177.77 pitchCents=1331.0
2025-12-16 05:12:58 [tracker] [s1] onset t=4.423 env=0.00063 gate=0.00002 envDelta=0.00061 envFloor=0.00051 onset=0.617 thresh=0.006 onsetDelta=0.61074 baseline=0.00034 adaptive=0.00085 lastPeak=0.00009 guard=0.060 activeAge=-1.000 pitch=177.77Hz pitchCents=1331.0
2025-12-16 05:12:58 [tracker] [s4] onset t=4.527 env=0.00115 gate=0.00009 envDelta=0.00105 envFloor=0.00083 onset=0.642 thresh=0.014 onsetDelta=0.62785 baseline=0.00055 adaptive=0.00138 lastPeak=0.00000 guard=0.060 activeAge=-1.000 pitch=-1.00Hz pitchCents=0.0
2025-12-16 05:12:58 [tracker] [s3] onset t=4.540 env=0.00144 gate=0.00008 envDelta=0.00136 envFloor=0.00090 onset=1.208 thresh=0.012 onsetDelta=1.19632 baseline=0.00060 adaptive=0.00150 lastPeak=0.00000 guard=0.060 activeAge=-1.000 pitch=-1.00Hz pitchCents=0.0
2025-12-16 05:12:58 [tracker] [s1] aubio-raw t=4.5987 onset=0.528448 env=0.000769 peak=0.001882 gain=1.000
2025-12-16 05:12:58 [tracker] [s1] onset-accepted t=4.5987 env=0.000769 gate=0.000019 envDelta=0.000750 envFloor=0.000505 onset=0.528448 thresh=0.006000 onsetDelta=0.522448 baseline=0.000336 floor=0.000180 adapt=0.000841 lastPeak=0.000063 baseParam=0.000180 gateRatio=0.0550 envParam=0.000450 onsetScale=0.300 retriggerScale=1.400 guard=0.060 guardRemain=0.000 activeAge=-1.000 retrigRemain=0.000 pitchHz=-1.00 pitchCents=0.0
2025-12-16 05:12:58 [tracker] [s1] onset t=4.599 env=0.00077 gate=0.00002 envDelta=0.00075 envFloor=0.00050 onset=0.528 thresh=0.006 onsetDelta=0.52245 baseline=0.00034 adaptive=0.00084 lastPeak=0.00006 guard=0.060 activeAge=-1.000 pitch=-1.00Hz pitchCents=0.0
2025-12-16 05:12:58 [tracker] [s4] onset t=4.625 env=0.00163 gate=0.00011 envDelta=0.00152 envFloor=0.00096 onset=1.105 thresh=0.014 onsetDelta=1.09064 baseline=0.00064 adaptive=0.00160 lastPeak=0.00000 guard=0.060 activeAge=-1.000 pitch=-1.00Hz pitchCents=0.0
2025-12-16 05:12:59 [tracker] [s5] onset t=4.657 env=0.00156 gate=0.00016 envDelta=0.00141 envFloor=0.00112 onset=0.908 thresh=0.016 onsetDelta=0.89197 baseline=0.00074 adaptive=0.00186 lastPeak=0.00000 guard=0.060 activeAge=-1.000 pitch=-1.00Hz pitchCents=0.0
2025-12-16 05:12:59 [tracker] [s6] onset t=4.676 env=0.00203 gate=0.00021 envDelta=0.00182 envFloor=0.00129 onset=1.063 thresh=0.018 onsetDelta=1.04462 baseline=0.00086 adaptive=0.00215 lastPeak=0.00000 guard=0.060 activeAge=-1.000 pitch=-1.00Hz pitchCents=0.0
2025-12-16 05:12:59 [tracker] [s1] aubio-raw t=4.7773 onset=0.997888 env=0.000766 peak=0.002378 gain=1.000
2025-12-16 05:12:59 [tracker] [s1] onset-accepted t=4.7773 env=0.000766 gate=0.000018 envDelta=0.000748 envFloor=0.000489 onset=0.997888 thresh=0.006000 onsetDelta=0.991888 baseline=0.000326 floor=0.000180 adapt=0.000815 lastPeak=0.000045 baseParam=0.000180 gateRatio=0.0550 envParam=0.000450 onsetScale=0.300 retriggerScale=1.400 guard=0.060 guardRemain=0.000 activeAge=-1.000 retrigRemain=0.000 pitchHz=200.01 pitchCents=1535.1
2025-12-16 05:12:59 [tracker] [s1] onset t=4.777 env=0.00077 gate=0.00002 envDelta=0.00075 envFloor=0.00049 onset=0.998 thresh=0.006 onsetDelta=0.99189 baseline=0.00033 adaptive=0.00081 lastPeak=0.00004 guard=0.060 activeAge=-1.000 pitch=200.01Hz pitchCents=1535.1
2025-12-16 05:12:59 [tracker] [s2] onset t=4.791 env=0.00137 gate=0.00001 envDelta=0.00137 envFloor=0.00081 onset=1.011 thresh=0.009 onsetDelta=1.00213 baseline=0.00054 adaptive=0.00135 lastPeak=0.00021 guard=0.060 activeAge=-1.000 pitch=444.54Hz pitchCents=2417.8
2025-12-16 05:12:59 [tracker] [s2] note-start t=4.791 fret=7 midi=52 vel=0.02 env=0.00137
2025-12-16 05:12:59 [tracker] [s3] onset t=4.801 env=0.00138 gate=0.00007 envDelta=0.00131 envFloor=0.00081 onset=1.010 thresh=0.012 onsetDelta=0.99860 baseline=0.00054 adaptive=0.00135 lastPeak=0.00000 guard=0.060 activeAge=-1.000 pitch=-1.00Hz pitchCents=0.0
2025-12-16 05:12:59 [tracker] [s3] onset t=4.871 env=0.00134 gate=0.00007 envDelta=0.00127 envFloor=0.00080 onset=1.108 thresh=0.012 onsetDelta=1.09616 baseline=0.00053 adaptive=0.00133 lastPeak=0.00000 guard=0.060 activeAge=-1.000 pitch=-1.00Hz pitchCents=0.0
2025-12-16 05:12:59 [tracker] [s2] onset t=4.908 env=0.00142 gate=0.00001 envDelta=0.00141 envFloor=0.00080 onset=1.024 thresh=0.009 onsetDelta=1.01513 baseline=0.00099 adaptive=0.00133 lastPeak=0.00110 guard=0.060 activeAge=0.117 pitch=105.26Hz pitchCents=-76.3
2025-12-16 05:12:59 [tracker] [s2] note-ended (new onset) t=4.908 fret=7 dur=0.117
2025-12-16 05:12:59 [tracker] [s3] onset t=5.020 env=0.00161 gate=0.00007 envDelta=0.00154 envFloor=0.00085 onset=0.974 thresh=0.012 onsetDelta=0.96241 baseline=0.00057 adaptive=0.00142 lastPeak=0.00000 guard=0.060 activeAge=-1.000 pitch=-1.00Hz pitchCents=0.0
2025-12-16 05:12:59 [tracker] [s2] onset t=5.135 env=0.00103 gate=0.00001 envDelta=0.00103 envFloor=0.00076 onset=1.000 thresh=0.009 onsetDelta=0.99098 baseline=0.00065 adaptive=0.00127 lastPeak=0.00072 guard=0.060 activeAge=-1.000 pitch=235.29Hz pitchCents=1316.3
2025-12-16 05:12:59 [tracker] [s3] onset t=5.143 env=0.00147 gate=0.00007 envDelta=0.00140 envFloor=0.00084 onset=1.195 thresh=0.012 onsetDelta=1.18360 baseline=0.00056 adaptive=0.00141 lastPeak=0.00000 guard=0.060 activeAge=-1.000 pitch=-1.00Hz pitchCents=0.0
2025-12-16 05:12:59 [tracker] [s4] onset t=5.204 env=0.00160 gate=0.00011 envDelta=0.00149 envFloor=0.00095 onset=1.243 thresh=0.014 onsetDelta=1.22890 baseline=0.00064 adaptive=0.00159 lastPeak=0.00000 guard=0.060 activeAge=-1.000 pitch=-1.00Hz pitchCents=0.0
2025-12-16 05:12:59 [tracker] [s5] onset t=5.257 env=0.00145 gate=0.00013 envDelta=0.00131 envFloor=0.00095 onset=1.283 thresh=0.016 onsetDelta=1.26660 baseline=0.00064 adaptive=0.00159 lastPeak=0.00000 guard=0.060 activeAge=-1.000 pitch=-1.00Hz pitchCents=0.0
2025-12-16 05:12:59 [tracker] [s5] onset t=5.463 env=0.00197 gate=0.00016 envDelta=0.00181 envFloor=0.00111 onset=0.996 thresh=0.016 onsetDelta=0.98014 baseline=0.00074 adaptive=0.00186 lastPeak=0.00000 guard=0.060 activeAge=-1.000 pitch=-1.00Hz pitchCents=0.0
2025-12-16 05:12:59 [tracker] [s5] onset t=5.548 env=0.00148 gate=0.00015 envDelta=0.00134 envFloor=0.00104 onset=0.777 thresh=0.016 onsetDelta=0.76062 baseline=0.00069 adaptive=0.00173 lastPeak=0.00000 guard=0.060 activeAge=-1.000 pitch=-1.00Hz pitchCents=0.0
2025-12-16 05:12:59 [tracker] [s3] onset t=5.588 env=0.00152 gate=0.00007 envDelta=0.00145 envFloor=0.00083 onset=0.894 thresh=0.012 onsetDelta=0.88285 baseline=0.00055 adaptive=0.00138 lastPeak=0.00000 guard=0.060 activeAge=-1.000 pitch=-1.00Hz pitchCents=0.0
2025-12-16 05:13:00 [tracker] [s3] onset t=5.724 env=0.00181 gate=0.00007 envDelta=0.00173 envFloor=0.00086 onset=1.050 thresh=0.012 onsetDelta=1.03809 baseline=0.00057 adaptive=0.00143 lastPeak=0.00000 guard=0.060 activeAge=-1.000 pitch=-1.00Hz pitchCents=0.0
2025-12-16 05:13:00 [tracker] [s6] onset t=5.828 env=0.00217 gate=0.00021 envDelta=0.00196 envFloor=0.00127 onset=1.000 thresh=0.018 onsetDelta=0.98182 baseline=0.00085 adaptive=0.00212 lastPeak=0.00000 guard=0.060 activeAge=-1.000 pitch=-1.00Hz pitchCents=0.0
2025-12-16 05:13:00 [tracker] [s2] onset t=5.839 env=0.00121 gate=0.00001 envDelta=0.00120 envFloor=0.00081 onset=1.085 thresh=0.009 onsetDelta=1.07564 baseline=0.00054 adaptive=0.00135 lastPeak=0.00019 guard=0.060 activeAge=-1.000 pitch=163.27Hz pitchCents=683.7
2025-12-16 05:13:00 [tracker] [s2] note-start t=5.839 fret=7 midi=52 vel=0.01 env=0.00121
2025-12-16 05:13:00 [tracker] [s5] onset t=5.905 env=0.00143 gate=0.00014 envDelta=0.00128 envFloor=0.00103 onset=1.072 thresh=0.016 onsetDelta=1.05628 baseline=0.00069 adaptive=0.00172 lastPeak=0.00000 guard=0.060 activeAge=-1.000 pitch=-1.00Hz pitchCents=0.0
2025-12-16 05:13:00 [sessionwavs] wrote 6 wav files to /home/general/SignalAssistant/logs/sessionwavs/session-20251216-051253 (shutdown)
# Session closed at 2025-12-16 05:13:00
