# SignalAssistant session log
# Started at 2025-12-14 05:20:21
2025-12-14 05:20:21 [session] mode=live session='' path='' duration=0.00 files=0
2025-12-14 05:20:21 [tracker-settings] TrackerConfig onsetThreshold=0.02000 minNoteDurSec=0.045 hopSec=0.010 slideDelta=120.0 bendDelta=35.0
2025-12-14 05:20:21 [tracker-settings] string1 midi=40 lowCut=37.08Hz highCut=445.00Hz baseline=0.000180 gateRatio=0.05500 envFloor=0.000450 sustainScale=0.580 retriggerScale=1.400 peakRelease=0.120 pitchTol=0.400 onsetScale=0.006
2025-12-14 05:20:21 [tracker-settings] string2 midi=45 lowCut=55.00Hz highCut=563.20Hz baseline=0.000220 gateRatio=0.10000 envFloor=0.000550 sustainScale=0.700 retriggerScale=1.250 peakRelease=0.130 pitchTol=0.400 onsetScale=0.009
2025-12-14 05:20:21 [tracker-settings] string3 midi=50 lowCut=85.16Hz highCut=693.05Hz baseline=0.000260 gateRatio=0.13000 envFloor=0.000650 sustainScale=0.820 retriggerScale=1.100 peakRelease=0.140 pitchTol=0.450 onsetScale=0.012
2025-12-14 05:20:21 [tracker-settings] string4 midi=55 lowCut=127.40Hz highCut=862.39Hz baseline=0.000320 gateRatio=0.17000 envFloor=0.000780 sustainScale=1.000 retriggerScale=1.000 peakRelease=0.160 pitchTol=0.440 onsetScale=0.014
2025-12-14 05:20:21 [tracker-settings] string5 midi=59 lowCut=160.51Hz highCut=1086.54Hz baseline=0.000370 gateRatio=0.21000 envFloor=0.000900 sustainScale=1.000 retriggerScale=1.000 peakRelease=0.180 pitchTol=0.500 onsetScale=0.016
2025-12-14 05:20:21 [tracker-settings] string6 midi=64 lowCut=214.26Hz highCut=1450.36Hz baseline=0.000420 gateRatio=0.25000 envFloor=0.001050 sustainScale=1.000 retriggerScale=1.000 peakRelease=0.200 pitchTol=0.550 onsetScale=0.018
2025-12-14 05:20:21 [tracker] [s1] calibration reset target=0.00180 gain=1.000
2025-12-14 05:20:21 [tracker] [s2] calibration reset target=0.00180 gain=1.000
2025-12-14 05:20:21 [tracker] [s3] calibration reset target=0.00180 gain=1.000
2025-12-14 05:20:21 [tracker] [s4] calibration reset target=0.00180 gain=1.000
2025-12-14 05:20:21 [tracker] [s5] calibration reset target=0.00180 gain=1.000
2025-12-14 05:20:21 [tracker] [s6] calibration reset target=0.00180 gain=1.000
2025-12-14 05:20:21 [calibration] Loading calibration profile multipliers into parameters
2025-12-14 05:20:21 [calibration] String 1: setting multiplier to 6.317
2025-12-14 05:20:21 [calibration] String 2: setting multiplier to 8.000
2025-12-14 05:20:21 [calibration] String 3: setting multiplier to 8.000
2025-12-14 05:20:21 [calibration] String 4: setting multiplier to 8.000
2025-12-14 05:20:21 [calibration] String 5: setting multiplier to 8.000
2025-12-14 05:20:21 [calibration] String 6: setting multiplier to 8.000
2025-12-14 05:20:21 [tracker] [s1] calibration avg=0.03970 target=0.00180 gain=1.000
2025-12-14 05:20:21 [tracker] [s2] calibration avg=0.01940 target=0.00180 gain=1.000
2025-12-14 05:20:21 [tracker] [s3] calibration avg=0.01411 target=0.00180 gain=1.000
2025-12-14 05:20:21 [tracker] [s4] calibration avg=0.03018 target=0.00180 gain=1.000
2025-12-14 05:20:21 [tracker] [s5] calibration avg=0.02970 target=0.00180 gain=1.000
2025-12-14 05:20:21 [tracker] [s6] calibration avg=0.02331 target=0.00180 gain=1.000
2025-12-14 05:20:22 [tracker] [s1] configure sr=48000.0 hop=128 fft=1024 low=37.1 high=445.0
2025-12-14 05:20:22 [tracker] [s1] params baseline=0.000180 gate=0.0550 envFloor=0.000450 sustain=0.580 retrigger=1.400 peakRelease=0.120 pitchTol=0.400 onsetScale=0.006 aubioScale=1.20 aubioThresh=0.024 onsetSilence=-85.0 pitchSilence=-90.0
2025-12-14 05:20:22 [tracker] [s2] configure sr=48000.0 hop=128 fft=1024 low=55.0 high=563.2
2025-12-14 05:20:22 [tracker] [s2] params baseline=0.000220 gate=0.0100 envFloor=0.000100 sustain=1.500 retrigger=1.250 peakRelease=0.130 pitchTol=0.400 onsetScale=0.009 aubioScale=1.35 aubioThresh=0.027 onsetSilence=-85.0 pitchSilence=-90.0
2025-12-14 05:20:22 [tracker] [s3] configure sr=48000.0 hop=128 fft=1024 low=85.2 high=693.0
2025-12-14 05:20:22 [tracker] [s3] params baseline=0.000260 gate=0.1300 envFloor=0.000650 sustain=0.820 retrigger=1.100 peakRelease=0.140 pitchTol=0.450 onsetScale=0.012 aubioScale=1.60 aubioThresh=0.032 onsetSilence=-75.0 pitchSilence=-80.0
2025-12-14 05:20:22 [tracker] [s4] configure sr=48000.0 hop=128 fft=1024 low=127.4 high=862.4
2025-12-14 05:20:22 [tracker] [s4] params baseline=0.000320 gate=0.1700 envFloor=0.000780 sustain=1.000 retrigger=1.000 peakRelease=0.160 pitchTol=0.440 onsetScale=0.014 aubioScale=1.80 aubioThresh=0.036 onsetSilence=-75.0 pitchSilence=-80.0
2025-12-14 05:20:22 [tracker] [s5] configure sr=48000.0 hop=128 fft=512 low=160.5 high=1086.5
2025-12-14 05:20:22 [tracker] [s5] params baseline=0.000370 gate=0.2100 envFloor=0.000900 sustain=1.000 retrigger=1.000 peakRelease=0.180 pitchTol=0.500 onsetScale=0.016 aubioScale=1.80 aubioThresh=0.036 onsetSilence=-75.0 pitchSilence=-80.0
2025-12-14 05:20:22 [tracker] [s6] configure sr=48000.0 hop=128 fft=512 low=214.3 high=1450.4
2025-12-14 05:20:22 [tracker] [s6] params baseline=0.000420 gate=0.2500 envFloor=0.001050 sustain=1.000 retrigger=1.000 peakRelease=0.200 pitchTol=0.550 onsetScale=0.018 aubioScale=1.80 aubioThresh=0.036 onsetSilence=-75.0 pitchSilence=-80.0
2025-12-14 05:20:22 [tracker] [s1] aubio-raw t=0.0067 onset=4.000000 env=0.000110 peak=0.000318 gain=1.000
2025-12-14 05:20:22 [tracker] [s1] onset-below-env-floor t=0.0067 env=0.000110 gate=0.000040 envDelta=0.000070 envFloor=0.000584 onset=4.000000 thresh=0.006000 onsetDelta=3.994000 baseline=0.000720 floor=0.000180 adapt=0.000973 lastPeak=0.000000 baseParam=0.000180 gateRatio=0.0550 envParam=0.000450 onsetScale=0.300 retriggerScale=1.400 guard=0.060 guardRemain=0.000 activeAge=-1.000 retrigRemain=0.000 pitchHz=125.16 pitchCents=723.6
2025-12-14 05:20:22 [tracker] [s1] aubio-raw t=0.1133 onset=1.058621 env=0.000095 peak=0.000266 gain=1.000
2025-12-14 05:20:22 [tracker] [s1] onset-below-env-floor t=0.1133 env=0.000095 gate=0.000019 envDelta=0.000076 envFloor=0.000450 onset=1.058621 thresh=0.006000 onsetDelta=1.052621 baseline=0.000338 floor=0.000180 adapt=0.000376 lastPeak=0.000000 baseParam=0.000180 gateRatio=0.0550 envParam=0.000450 onsetScale=0.300 retriggerScale=1.400 guard=0.060 guardRemain=0.000 activeAge=-1.000 retrigRemain=0.000 pitchHz=96.39 pitchCents=271.3
2025-12-14 05:20:22 [tracker] [s2] onset t=0.207 env=0.00020 gate=0.00000 envDelta=0.00020 envFloor=0.00015 onset=1.001 thresh=0.009 onsetDelta=0.99165 baseline=0.00022 adaptive=0.00023 lastPeak=0.00000 guard=0.060 activeAge=-1.000 pitch=399.95Hz pitchCents=2234.8
2025-12-14 05:20:22 [tracker] [s2] note-start t=0.207 fret=3 midi=48 vel=0.00 env=0.00020
2025-12-14 05:20:22 [tracker] [s1] aubio-raw t=0.2093 onset=0.628298 env=0.000093 peak=0.000302 gain=1.000
2025-12-14 05:20:22 [tracker] [s1] onset-below-env-floor t=0.2093 env=0.000093 gate=0.000010 envDelta=0.000083 envFloor=0.000450 onset=0.628298 thresh=0.006000 onsetDelta=0.622298 baseline=0.000187 floor=0.000180 adapt=0.000208 lastPeak=0.000000 baseParam=0.000180 gateRatio=0.0550 envParam=0.000450 onsetScale=0.300 retriggerScale=1.400 guard=0.060 guardRemain=0.000 activeAge=-1.000 retrigRemain=0.000 pitchHz=222.21 pitchCents=1717.3
2025-12-14 05:20:22 [tracker] [s2] onset t=0.297 env=0.00020 gate=0.00000 envDelta=0.00020 envFloor=0.00015 onset=1.030 thresh=0.009 onsetDelta=1.02100 baseline=0.00022 adaptive=0.00019 lastPeak=0.00017 guard=0.060 activeAge=0.091 pitch=-1.00Hz pitchCents=0.0
2025-12-14 05:20:22 [tracker] [s2] note-ended (new onset) t=0.297 fret=3 dur=0.091
2025-12-14 05:20:22 [tracker] [s1] aubio-raw t=0.3133 onset=0.634057 env=0.000097 peak=0.000236 gain=1.000
2025-12-14 05:20:22 [tracker] [s1] onset-below-env-floor t=0.3133 env=0.000097 gate=0.000010 envDelta=0.000087 envFloor=0.000450 onset=0.634057 thresh=0.006000 onsetDelta=0.628057 baseline=0.000180 floor=0.000180 adapt=0.000152 lastPeak=0.000000 baseParam=0.000180 gateRatio=0.0550 envParam=0.000450 onsetScale=0.300 retriggerScale=1.400 guard=0.060 guardRemain=0.000 activeAge=-1.000 retrigRemain=0.000 pitchHz=124.99 pitchCents=721.2
2025-12-14 05:20:22 [tracker] [s1] aubio-raw t=0.3853 onset=0.941497 env=0.000128 peak=0.000344 gain=1.000
2025-12-14 05:20:22 [tracker] [s1] onset-below-env-floor t=0.3853 env=0.000128 gate=0.000010 envDelta=0.000118 envFloor=0.000450 onset=0.941497 thresh=0.006000 onsetDelta=0.935497 baseline=0.000180 floor=0.000180 adapt=0.000166 lastPeak=0.000000 baseParam=0.000180 gateRatio=0.0550 envParam=0.000450 onsetScale=0.300 retriggerScale=1.400 guard=0.060 guardRemain=0.000 activeAge=-1.000 retrigRemain=0.000 pitchHz=109.58 pitchCents=493.4
2025-12-14 05:20:22 [tracker] [s2] onset t=0.393 env=0.00016 gate=0.00000 envDelta=0.00016 envFloor=0.00015 onset=1.166 thresh=0.009 onsetDelta=1.15656 baseline=0.00022 adaptive=0.00018 lastPeak=0.00014 guard=0.060 activeAge=-1.000 pitch=235.30Hz pitchCents=1316.4
2025-12-14 05:20:22 [tracker] [s1] aubio-raw t=0.4413 onset=1.158496 env=0.000106 peak=0.000272 gain=1.000
2025-12-14 05:20:22 [tracker] [s1] onset-below-env-floor t=0.4413 env=0.000106 gate=0.000010 envDelta=0.000096 envFloor=0.000450 onset=1.158496 thresh=0.006000 onsetDelta=1.152496 baseline=0.000180 floor=0.000180 adapt=0.000156 lastPeak=0.000000 baseParam=0.000180 gateRatio=0.0550 envParam=0.000450 onsetScale=0.300 retriggerScale=1.400 guard=0.060 guardRemain=0.000 activeAge=-1.000 retrigRemain=0.000 pitchHz=666.51 pitchCents=3618.9
2025-12-14 05:20:22 [tracker] [s1] aubio-raw t=0.7400 onset=1.008571 env=0.000131 peak=0.000329 gain=1.000
2025-12-14 05:20:22 [tracker] [s1] onset-below-env-floor t=0.7400 env=0.000131 gate=0.000010 envDelta=0.000121 envFloor=0.000450 onset=1.008571 thresh=0.006000 onsetDelta=1.002571 baseline=0.000180 floor=0.000180 adapt=0.000145 lastPeak=0.000000 baseParam=0.000180 gateRatio=0.0550 envParam=0.000450 onsetScale=0.300 retriggerScale=1.400 guard=0.060 guardRemain=0.000 activeAge=-1.000 retrigRemain=0.000 pitchHz=97.56 pitchCents=292.2
2025-12-14 05:20:22 [tracker] [s2] onset t=0.759 env=0.00017 gate=0.00000 envDelta=0.00016 envFloor=0.00015 onset=0.731 thresh=0.009 onsetDelta=0.72167 baseline=0.00022 adaptive=0.00018 lastPeak=0.00007 guard=0.060 activeAge=-1.000 pitch=94.11Hz pitchCents=-270.0
2025-12-14 05:20:23 [tracker] [s1] aubio-raw t=0.9533 onset=0.995534 env=0.000089 peak=0.000258 gain=1.000
2025-12-14 05:20:23 [tracker] [s1] onset-below-env-floor t=0.9533 env=0.000089 gate=0.000010 envDelta=0.000079 envFloor=0.000450 onset=0.995534 thresh=0.006000 onsetDelta=0.989534 baseline=0.000180 floor=0.000180 adapt=0.000141 lastPeak=0.000000 baseParam=0.000180 gateRatio=0.0550 envParam=0.000450 onsetScale=0.300 retriggerScale=1.400 guard=0.060 guardRemain=0.000 activeAge=-1.000 retrigRemain=0.000 pitchHz=105.26 pitchCents=423.8
2025-12-14 05:20:23 [tracker] [s1] aubio-raw t=1.1160 onset=1.136660 env=0.000115 peak=0.000310 gain=1.000
2025-12-14 05:20:23 [tracker] [s1] onset-below-env-floor t=1.1160 env=0.000115 gate=0.000010 envDelta=0.000105 envFloor=0.000450 onset=1.136660 thresh=0.006000 onsetDelta=1.130660 baseline=0.000180 floor=0.000180 adapt=0.000132 lastPeak=0.000000 baseParam=0.000180 gateRatio=0.0550 envParam=0.000450 onsetScale=0.300 retriggerScale=1.400 guard=0.060 guardRemain=0.000 activeAge=-1.000 retrigRemain=0.000 pitchHz=-1.00 pitchCents=0.0
2025-12-14 05:20:23 [tracker] [s2] onset t=1.316 env=0.00016 gate=0.00000 envDelta=0.00016 envFloor=0.00015 onset=0.901 thresh=0.009 onsetDelta=0.89205 baseline=0.00022 adaptive=0.00019 lastPeak=0.00003 guard=0.060 activeAge=-1.000 pitch=-1.00Hz pitchCents=0.0
2025-12-14 05:20:23 [tracker] [s1] aubio-raw t=1.4093 onset=0.861238 env=0.000131 peak=0.000315 gain=1.000
2025-12-14 05:20:23 [tracker] [s1] onset-below-env-floor t=1.4093 env=0.000131 gate=0.000010 envDelta=0.000121 envFloor=0.000450 onset=0.861238 thresh=0.006000 onsetDelta=0.855238 baseline=0.000180 floor=0.000180 adapt=0.000141 lastPeak=0.000000 baseParam=0.000180 gateRatio=0.0550 envParam=0.000450 onsetScale=0.300 retriggerScale=1.400 guard=0.060 guardRemain=0.000 activeAge=-1.000 retrigRemain=0.000 pitchHz=-1.00 pitchCents=0.0
2025-12-14 05:20:23 [tracker] [s1] aubio-raw t=1.4653 onset=0.999212 env=0.000120 peak=0.000294 gain=1.000
2025-12-14 05:20:23 [tracker] [s1] onset-below-env-floor t=1.4653 env=0.000120 gate=0.000010 envDelta=0.000110 envFloor=0.000450 onset=0.999212 thresh=0.006000 onsetDelta=0.993212 baseline=0.000180 floor=0.000180 adapt=0.000144 lastPeak=0.000000 baseParam=0.000180 gateRatio=0.0550 envParam=0.000450 onsetScale=0.300 retriggerScale=1.400 guard=0.060 guardRemain=0.000 activeAge=-1.000 retrigRemain=0.000 pitchHz=105.26 pitchCents=423.8
2025-12-14 05:20:23 [tracker] [s1] aubio-raw t=1.7773 onset=0.997606 env=0.000097 peak=0.000298 gain=1.000
2025-12-14 05:20:23 [tracker] [s1] onset-below-env-floor t=1.7773 env=0.000097 gate=0.000010 envDelta=0.000087 envFloor=0.000450 onset=0.997606 thresh=0.006000 onsetDelta=0.991606 baseline=0.000180 floor=0.000180 adapt=0.000144 lastPeak=0.000000 baseParam=0.000180 gateRatio=0.0550 envParam=0.000450 onsetScale=0.300 retriggerScale=1.400 guard=0.060 guardRemain=0.000 activeAge=-1.000 retrigRemain=0.000 pitchHz=-1.00 pitchCents=0.0
2025-12-14 05:20:24 [tracker] [s2] onset t=1.873 env=0.00020 gate=0.00000 envDelta=0.00019 envFloor=0.00015 onset=0.994 thresh=0.009 onsetDelta=0.98466 baseline=0.00022 adaptive=0.00018 lastPeak=0.00001 guard=0.060 activeAge=-1.000 pitch=173.91Hz pitchCents=793.0
2025-12-14 05:20:24 [tracker] [s1] aubio-raw t=1.8813 onset=0.831308 env=0.000126 peak=0.000323 gain=1.000
2025-12-14 05:20:24 [tracker] [s1] onset-below-env-floor t=1.8813 env=0.000126 gate=0.000010 envDelta=0.000116 envFloor=0.000450 onset=0.831308 thresh=0.006000 onsetDelta=0.825308 baseline=0.000180 floor=0.000180 adapt=0.000147 lastPeak=0.000000 baseParam=0.000180 gateRatio=0.0550 envParam=0.000450 onsetScale=0.300 retriggerScale=1.400 guard=0.060 guardRemain=0.000 activeAge=-1.000 retrigRemain=0.000 pitchHz=-1.00 pitchCents=0.0
2025-12-14 05:20:24 [tracker] [s1] aubio-raw t=1.9880 onset=0.521669 env=0.000133 peak=0.000347 gain=1.000
2025-12-14 05:20:24 [tracker] [s1] onset-below-env-floor t=1.9880 env=0.000133 gate=0.000010 envDelta=0.000123 envFloor=0.000450 onset=0.521669 thresh=0.006000 onsetDelta=0.515669 baseline=0.000180 floor=0.000180 adapt=0.000148 lastPeak=0.000000 baseParam=0.000180 gateRatio=0.0550 envParam=0.000450 onsetScale=0.300 retriggerScale=1.400 guard=0.060 guardRemain=0.000 activeAge=-1.000 retrigRemain=0.000 pitchHz=-1.00 pitchCents=0.0
2025-12-14 05:20:24 [tracker] [s1] aubio-raw t=2.3294 onset=1.003949 env=0.000103 peak=0.000230 gain=1.000
2025-12-14 05:20:24 [tracker] [s1] onset-below-env-floor t=2.3294 env=0.000103 gate=0.000010 envDelta=0.000093 envFloor=0.000450 onset=1.003949 thresh=0.006000 onsetDelta=0.997949 baseline=0.000180 floor=0.000180 adapt=0.000147 lastPeak=0.000000 baseParam=0.000180 gateRatio=0.0550 envParam=0.000450 onsetScale=0.300 retriggerScale=1.400 guard=0.060 guardRemain=0.000 activeAge=-1.000 retrigRemain=0.000 pitchHz=94.11 pitchCents=230.0
2025-12-14 05:20:24 [tracker] [s1] aubio-raw t=2.5907 onset=1.116442 env=0.000183 peak=0.000363 gain=1.000
2025-12-14 05:20:24 [tracker] [s1] onset-below-env-floor t=2.5907 env=0.000183 gate=0.000010 envDelta=0.000173 envFloor=0.000450 onset=1.116442 thresh=0.006000 onsetDelta=1.110442 baseline=0.000180 floor=0.000180 adapt=0.000152 lastPeak=0.000000 baseParam=0.000180 gateRatio=0.0550 envParam=0.000450 onsetScale=0.300 retriggerScale=1.400 guard=0.060 guardRemain=0.000 activeAge=-1.000 retrigRemain=0.000 pitchHz=-1.00 pitchCents=0.0
2025-12-14 05:20:24 [tracker] [s1] aubio-raw t=2.7027 onset=0.556567 env=0.000122 peak=0.000336 gain=1.000
2025-12-14 05:20:24 [tracker] [s1] onset-below-env-floor t=2.7027 env=0.000122 gate=0.000010 envDelta=0.000112 envFloor=0.000450 onset=0.556567 thresh=0.006000 onsetDelta=0.550567 baseline=0.000180 floor=0.000180 adapt=0.000146 lastPeak=0.000000 baseParam=0.000180 gateRatio=0.0550 envParam=0.000450 onsetScale=0.300 retriggerScale=1.400 guard=0.060 guardRemain=0.000 activeAge=-1.000 retrigRemain=0.000 pitchHz=-1.00 pitchCents=0.0
2025-12-14 05:20:25 [tracker] [s1] aubio-raw t=2.8920 onset=1.109670 env=0.000108 peak=0.000275 gain=1.000
2025-12-14 05:20:25 [tracker] [s1] onset-below-env-floor t=2.8920 env=0.000108 gate=0.000010 envDelta=0.000098 envFloor=0.000450 onset=1.109670 thresh=0.006000 onsetDelta=1.103670 baseline=0.000180 floor=0.000180 adapt=0.000159 lastPeak=0.000000 baseParam=0.000180 gateRatio=0.0550 envParam=0.000450 onsetScale=0.300 retriggerScale=1.400 guard=0.060 guardRemain=0.000 activeAge=-1.000 retrigRemain=0.000 pitchHz=-1.00 pitchCents=0.0
2025-12-14 05:20:25 [tracker] [s1] aubio-raw t=3.2894 onset=0.747707 env=0.000139 peak=0.000295 gain=1.000
2025-12-14 05:20:25 [tracker] [s1] onset-below-env-floor t=3.2894 env=0.000139 gate=0.000010 envDelta=0.000129 envFloor=0.000450 onset=0.747707 thresh=0.006000 onsetDelta=0.741707 baseline=0.000180 floor=0.000180 adapt=0.000140 lastPeak=0.000000 baseParam=0.000180 gateRatio=0.0550 envParam=0.000450 onsetScale=0.300 retriggerScale=1.400 guard=0.060 guardRemain=0.000 activeAge=-1.000 retrigRemain=0.000 pitchHz=97.56 pitchCents=292.2
2025-12-14 05:20:25 [tracker] [s1] aubio-raw t=3.4067 onset=0.860706 env=0.000109 peak=0.000307 gain=1.000
2025-12-14 05:20:25 [tracker] [s1] onset-below-env-floor t=3.4067 env=0.000109 gate=0.000010 envDelta=0.000099 envFloor=0.000450 onset=0.860706 thresh=0.006000 onsetDelta=0.854706 baseline=0.000180 floor=0.000180 adapt=0.000135 lastPeak=0.000000 baseParam=0.000180 gateRatio=0.0550 envParam=0.000450 onsetScale=0.300 retriggerScale=1.400 guard=0.060 guardRemain=0.000 activeAge=-1.000 retrigRemain=0.000 pitchHz=216.21 pitchCents=1669.9
2025-12-14 05:20:25 [tracker] [s2] onset t=3.537 env=0.00025 gate=0.00000 envDelta=0.00025 envFloor=0.00015 onset=0.995 thresh=0.009 onsetDelta=0.98558 baseline=0.00022 adaptive=0.00018 lastPeak=0.00000 guard=0.060 activeAge=-1.000 pitch=210.50Hz pitchCents=1123.6
2025-12-14 05:20:25 [tracker] [s2] onset t=3.639 env=0.00015 gate=0.00000 envDelta=0.00015 envFloor=0.00015 onset=1.369 thresh=0.009 onsetDelta=1.36012 baseline=0.00022 adaptive=0.00017 lastPeak=0.00021 guard=0.060 activeAge=0.101 pitch=170.20Hz pitchCents=755.7
2025-12-14 05:20:25 [tracker] [s2] note-ended (new onset) t=3.639 fret=11 dur=0.101
2025-12-14 05:20:25 [tracker] [s2] note-start t=3.639 fret=11 midi=56 vel=0.00 env=0.00015
2025-12-14 05:20:25 [tracker] [s2] release-quiet t=3.703 avgEnv=0.00012 floor=0.00015 quietFrames=8
2025-12-14 05:20:25 [tracker] [s2] note-ended t=3.703 fret=11 dur=0.064
2025-12-14 05:20:25 [tracker] [s1] aubio-raw t=3.7240 onset=1.015496 env=0.000117 peak=0.000287 gain=1.000
2025-12-14 05:20:25 [tracker] [s1] onset-below-env-floor t=3.7240 env=0.000117 gate=0.000010 envDelta=0.000107 envFloor=0.000450 onset=1.015496 thresh=0.006000 onsetDelta=1.009495 baseline=0.000180 floor=0.000180 adapt=0.000137 lastPeak=0.000000 baseParam=0.000180 gateRatio=0.0550 envParam=0.000450 onsetScale=0.300 retriggerScale=1.400 guard=0.060 guardRemain=0.000 activeAge=-1.000 retrigRemain=0.000 pitchHz=275.85 pitchCents=2091.6
2025-12-14 05:20:26 [tracker] [s1] aubio-raw t=3.8334 onset=0.995822 env=0.000127 peak=0.000283 gain=1.000
2025-12-14 05:20:26 [tracker] [s1] onset-below-env-floor t=3.8334 env=0.000127 gate=0.000010 envDelta=0.000117 envFloor=0.000450 onset=0.995822 thresh=0.006000 onsetDelta=0.989822 baseline=0.000180 floor=0.000180 adapt=0.000129 lastPeak=0.000000 baseParam=0.000180 gateRatio=0.0550 envParam=0.000450 onsetScale=0.300 retriggerScale=1.400 guard=0.060 guardRemain=0.000 activeAge=-1.000 retrigRemain=0.000 pitchHz=125.01 pitchCents=721.4
2025-12-14 05:20:26 [tracker] [s1] aubio-raw t=4.1587 onset=0.998107 env=0.000137 peak=0.000315 gain=1.000
2025-12-14 05:20:26 [tracker] [s1] onset-below-env-floor t=4.1587 env=0.000137 gate=0.000010 envDelta=0.000127 envFloor=0.000450 onset=0.998107 thresh=0.006000 onsetDelta=0.992107 baseline=0.000180 floor=0.000180 adapt=0.000136 lastPeak=0.000000 baseParam=0.000180 gateRatio=0.0550 envParam=0.000450 onsetScale=0.300 retriggerScale=1.400 guard=0.060 guardRemain=0.000 activeAge=-1.000 retrigRemain=0.000 pitchHz=115.94 pitchCents=591.1
2025-12-14 05:20:26 [tracker] [s1] aubio-raw t=4.2414 onset=1.243683 env=0.000105 peak=0.000324 gain=1.000
2025-12-14 05:20:26 [tracker] [s1] onset-below-env-floor t=4.2414 env=0.000105 gate=0.000010 envDelta=0.000095 envFloor=0.000450 onset=1.243683 thresh=0.006000 onsetDelta=1.237683 baseline=0.000180 floor=0.000180 adapt=0.000126 lastPeak=0.000000 baseParam=0.000180 gateRatio=0.0550 envParam=0.000450 onsetScale=0.300 retriggerScale=1.400 guard=0.060 guardRemain=0.000 activeAge=-1.000 retrigRemain=0.000 pitchHz=97.56 pitchCents=292.2
2025-12-14 05:20:26 [tracker] [s1] aubio-raw t=4.3027 onset=0.891144 env=0.000103 peak=0.000256 gain=1.000
2025-12-14 05:20:26 [tracker] [s1] onset-below-env-floor t=4.3027 env=0.000103 gate=0.000010 envDelta=0.000093 envFloor=0.000450 onset=0.891144 thresh=0.006000 onsetDelta=0.885144 baseline=0.000180 floor=0.000180 adapt=0.000123 lastPeak=0.000000 baseParam=0.000180 gateRatio=0.0550 envParam=0.000450 onsetScale=0.300 retriggerScale=1.400 guard=0.060 guardRemain=0.000 activeAge=-1.000 retrigRemain=0.000 pitchHz=106.67 pitchCents=446.7
2025-12-14 05:20:26 [tracker] [s2] onset t=4.401 env=0.00017 gate=0.00000 envDelta=0.00016 envFloor=0.00015 onset=1.130 thresh=0.009 onsetDelta=1.12061 baseline=0.00022 adaptive=0.00016 lastPeak=0.00004 guard=0.060 activeAge=-1.000 pitch=-1.00Hz pitchCents=0.0
2025-12-14 05:20:27 [tracker] [s1] aubio-raw t=4.7960 onset=1.036611 env=0.000101 peak=0.000273 gain=1.000
2025-12-14 05:20:27 [tracker] [s1] onset-below-env-floor t=4.7960 env=0.000101 gate=0.000010 envDelta=0.000091 envFloor=0.000450 onset=1.036611 thresh=0.006000 onsetDelta=1.030611 baseline=0.000180 floor=0.000180 adapt=0.000134 lastPeak=0.000000 baseParam=0.000180 gateRatio=0.0550 envParam=0.000450 onsetScale=0.300 retriggerScale=1.400 guard=0.060 guardRemain=0.000 activeAge=-1.000 retrigRemain=0.000 pitchHz=111.11 pitchCents=517.4
2025-12-14 05:20:27 [tracker] [s1] aubio-raw t=5.2200 onset=0.983942 env=0.000094 peak=0.000239 gain=1.000
2025-12-14 05:20:27 [tracker] [s1] onset-below-env-floor t=5.2200 env=0.000094 gate=0.000010 envDelta=0.000084 envFloor=0.000450 onset=0.983942 thresh=0.006000 onsetDelta=0.977942 baseline=0.000180 floor=0.000180 adapt=0.000138 lastPeak=0.000000 baseParam=0.000180 gateRatio=0.0550 envParam=0.000450 onsetScale=0.300 retriggerScale=1.400 guard=0.060 guardRemain=0.000 activeAge=-1.000 retrigRemain=0.000 pitchHz=-1.00 pitchCents=0.0
2025-12-14 05:20:27 [tracker] [s1] aubio-raw t=5.4679 onset=1.204591 env=0.000111 peak=0.000302 gain=1.000
2025-12-14 05:20:27 [tracker] [s1] onset-below-env-floor t=5.4679 env=0.000111 gate=0.000010 envDelta=0.000101 envFloor=0.000450 onset=1.204591 thresh=0.006000 onsetDelta=1.198591 baseline=0.000180 floor=0.000180 adapt=0.000133 lastPeak=0.000000 baseParam=0.000180 gateRatio=0.0550 envParam=0.000450 onsetScale=0.300 retriggerScale=1.400 guard=0.060 guardRemain=0.000 activeAge=-1.000 retrigRemain=0.000 pitchHz=-1.00 pitchCents=0.0
2025-12-14 05:20:27 [tracker] [s1] aubio-raw t=5.5346 onset=0.903625 env=0.000134 peak=0.000302 gain=1.000
2025-12-14 05:20:27 [tracker] [s1] onset-below-env-floor t=5.5346 env=0.000134 gate=0.000010 envDelta=0.000124 envFloor=0.000450 onset=0.903625 thresh=0.006000 onsetDelta=0.897625 baseline=0.000180 floor=0.000180 adapt=0.000132 lastPeak=0.000000 baseParam=0.000180 gateRatio=0.0550 envParam=0.000450 onsetScale=0.300 retriggerScale=1.400 guard=0.060 guardRemain=0.000 activeAge=-1.000 retrigRemain=0.000 pitchHz=-1.00 pitchCents=0.0
2025-12-14 05:20:27 [tracker] [s1] aubio-raw t=5.5906 onset=1.125818 env=0.000176 peak=0.000358 gain=1.000
2025-12-14 05:20:27 [tracker] [s1] onset-below-env-floor t=5.5906 env=0.000176 gate=0.000010 envDelta=0.000166 envFloor=0.000450 onset=1.125818 thresh=0.006000 onsetDelta=1.119818 baseline=0.000180 floor=0.000180 adapt=0.000144 lastPeak=0.000000 baseParam=0.000180 gateRatio=0.0550 envParam=0.000450 onsetScale=0.300 retriggerScale=1.400 guard=0.060 guardRemain=0.000 activeAge=-1.000 retrigRemain=0.000 pitchHz=-1.00 pitchCents=0.0
2025-12-14 05:20:27 [tracker] [s2] onset t=5.615 env=0.00017 gate=0.00000 envDelta=0.00017 envFloor=0.00015 onset=0.908 thresh=0.009 onsetDelta=0.89950 baseline=0.00022 adaptive=0.00017 lastPeak=0.00000 guard=0.060 activeAge=-1.000 pitch=98.76Hz pitchCents=-186.5
2025-12-14 05:20:27 [tracker] [s1] aubio-raw t=5.7159 onset=0.564574 env=0.000133 peak=0.000338 gain=1.000
2025-12-14 05:20:27 [tracker] [s1] onset-below-env-floor t=5.7159 env=0.000133 gate=0.000010 envDelta=0.000123 envFloor=0.000450 onset=0.564574 thresh=0.006000 onsetDelta=0.558574 baseline=0.000180 floor=0.000180 adapt=0.000142 lastPeak=0.000000 baseParam=0.000180 gateRatio=0.0550 envParam=0.000450 onsetScale=0.300 retriggerScale=1.400 guard=0.060 guardRemain=0.000 activeAge=-1.000 retrigRemain=0.000 pitchHz=148.14 pitchCents=1015.4
2025-12-14 05:20:28 [tracker] [s1] aubio-raw t=5.9026 onset=0.997085 env=0.000120 peak=0.000283 gain=1.000
2025-12-14 05:20:28 [tracker] [s1] onset-below-env-floor t=5.9026 env=0.000120 gate=0.000010 envDelta=0.000110 envFloor=0.000450 onset=0.997085 thresh=0.006000 onsetDelta=0.991085 baseline=0.000180 floor=0.000180 adapt=0.000140 lastPeak=0.000000 baseParam=0.000180 gateRatio=0.0550 envParam=0.000450 onsetScale=0.300 retriggerScale=1.400 guard=0.060 guardRemain=0.000 activeAge=-1.000 retrigRemain=0.000 pitchHz=126.98 pitchCents=748.6
2025-12-14 05:20:28 [tracker] [s1] aubio-raw t=6.2199 onset=1.392464 env=0.000113 peak=0.000288 gain=1.000
2025-12-14 05:20:28 [tracker] [s1] onset-below-env-floor t=6.2199 env=0.000113 gate=0.000010 envDelta=0.000103 envFloor=0.000450 onset=1.392464 thresh=0.006000 onsetDelta=1.386464 baseline=0.000180 floor=0.000180 adapt=0.000124 lastPeak=0.000000 baseParam=0.000180 gateRatio=0.0550 envParam=0.000450 onsetScale=0.300 retriggerScale=1.400 guard=0.060 guardRemain=0.000 activeAge=-1.000 retrigRemain=0.000 pitchHz=117.65 pitchCents=616.3
2025-12-14 05:20:28 [tracker] [s2] onset t=6.465 env=0.00020 gate=0.00000 envDelta=0.00019 envFloor=0.00015 onset=0.841 thresh=0.009 onsetDelta=0.83239 baseline=0.00022 adaptive=0.00018 lastPeak=0.00000 guard=0.060 activeAge=-1.000 pitch=275.83Hz pitchCents=1591.5
2025-12-14 05:20:28 [tracker] [s1] aubio-raw t=6.6492 onset=0.869330 env=0.000113 peak=0.000264 gain=1.000
2025-12-14 05:20:28 [tracker] [s1] onset-below-env-floor t=6.6492 env=0.000113 gate=0.000010 envDelta=0.000103 envFloor=0.000450 onset=0.869330 thresh=0.006000 onsetDelta=0.863330 baseline=0.000180 floor=0.000180 adapt=0.000134 lastPeak=0.000000 baseParam=0.000180 gateRatio=0.0550 envParam=0.000450 onsetScale=0.300 retriggerScale=1.400 guard=0.060 guardRemain=0.000 activeAge=-1.000 retrigRemain=0.000 pitchHz=181.81 pitchCents=1369.9
2025-12-14 05:20:29 [tracker] [s1] aubio-raw t=6.9772 onset=1.291113 env=0.000122 peak=0.000279 gain=1.000
2025-12-14 05:20:29 [tracker] [s1] onset-below-env-floor t=6.9772 env=0.000122 gate=0.000010 envDelta=0.000112 envFloor=0.000450 onset=1.291113 thresh=0.006000 onsetDelta=1.285113 baseline=0.000180 floor=0.000180 adapt=0.000127 lastPeak=0.000000 baseParam=0.000180 gateRatio=0.0550 envParam=0.000450 onsetScale=0.300 retriggerScale=1.400 guard=0.060 guardRemain=0.000 activeAge=-1.000 retrigRemain=0.000 pitchHz=137.93 pitchCents=891.8
2025-12-14 05:20:29 [tracker] [s1] aubio-raw t=7.3638 onset=0.996792 env=0.000099 peak=0.000247 gain=1.000
2025-12-14 05:20:29 [tracker] [s1] onset-below-env-floor t=7.3638 env=0.000099 gate=0.000010 envDelta=0.000089 envFloor=0.000450 onset=0.996792 thresh=0.006000 onsetDelta=0.990792 baseline=0.000180 floor=0.000180 adapt=0.000125 lastPeak=0.000000 baseParam=0.000180 gateRatio=0.0550 envParam=0.000450 onsetScale=0.300 retriggerScale=1.400 guard=0.060 guardRemain=0.000 activeAge=-1.000 retrigRemain=0.000 pitchHz=121.21 pitchCents=668.0
2025-12-14 05:20:29 [tracker] [s1] aubio-raw t=7.5051 onset=0.828965 env=0.000147 peak=0.000308 gain=1.000
2025-12-14 05:20:29 [tracker] [s1] onset-below-env-floor t=7.5051 env=0.000147 gate=0.000010 envDelta=0.000137 envFloor=0.000450 onset=0.828965 thresh=0.006000 onsetDelta=0.822965 baseline=0.000180 floor=0.000180 adapt=0.000132 lastPeak=0.000000 baseParam=0.000180 gateRatio=0.0550 envParam=0.000450 onsetScale=0.300 retriggerScale=1.400 guard=0.060 guardRemain=0.000 activeAge=-1.000 retrigRemain=0.000 pitchHz=470.56 pitchCents=3016.3
2025-12-14 05:20:30 [tracker] [s1] aubio-raw t=8.0224 onset=1.410567 env=0.000132 peak=0.000280 gain=1.000
2025-12-14 05:20:30 [tracker] [s1] onset-below-env-floor t=8.0224 env=0.000132 gate=0.000010 envDelta=0.000123 envFloor=0.000450 onset=1.410567 thresh=0.006000 onsetDelta=1.404567 baseline=0.000180 floor=0.000180 adapt=0.000136 lastPeak=0.000000 baseParam=0.000180 gateRatio=0.0550 envParam=0.000450 onsetScale=0.300 retriggerScale=1.400 guard=0.060 guardRemain=0.000 activeAge=-1.000 retrigRemain=0.000 pitchHz=119.40 pitchCents=641.9
2025-12-14 05:20:30 [tracker] [s1] aubio-raw t=8.6704 onset=1.008565 env=0.000157 peak=0.000406 gain=1.000
2025-12-14 05:20:30 [tracker] [s1] onset-below-env-floor t=8.6704 env=0.000157 gate=0.000010 envDelta=0.000147 envFloor=0.000450 onset=1.008565 thresh=0.006000 onsetDelta=1.002565 baseline=0.000180 floor=0.000180 adapt=0.000138 lastPeak=0.000000 baseParam=0.000180 gateRatio=0.0550 envParam=0.000450 onsetScale=0.300 retriggerScale=1.400 guard=0.060 guardRemain=0.000 activeAge=-1.000 retrigRemain=0.000 pitchHz=-1.00 pitchCents=0.0
2025-12-14 05:20:31 [tracker] [s2] onset t=8.921 env=0.00017 gate=0.00000 envDelta=0.00017 envFloor=0.00015 onset=0.862 thresh=0.009 onsetDelta=0.85270 baseline=0.00022 adaptive=0.00018 lastPeak=0.00000 guard=0.060 activeAge=-1.000 pitch=-1.00Hz pitchCents=0.0
2025-12-14 05:20:31 [tracker] [s2] onset t=9.105 env=0.00017 gate=0.00000 envDelta=0.00016 envFloor=0.00015 onset=1.101 thresh=0.009 onsetDelta=1.09210 baseline=0.00022 adaptive=0.00017 lastPeak=0.00000 guard=0.060 activeAge=-1.000 pitch=96.38Hz pitchCents=-228.8
2025-12-14 05:20:31 [tracker] [s1] aubio-raw t=9.1823 onset=0.906923 env=0.000119 peak=0.000322 gain=1.000
2025-12-14 05:20:31 [tracker] [s1] onset-below-env-floor t=9.1823 env=0.000119 gate=0.000010 envDelta=0.000110 envFloor=0.000450 onset=0.906923 thresh=0.006000 onsetDelta=0.900923 baseline=0.000180 floor=0.000180 adapt=0.000134 lastPeak=0.000000 baseParam=0.000180 gateRatio=0.0550 envParam=0.000450 onsetScale=0.300 retriggerScale=1.400 guard=0.060 guardRemain=0.000 activeAge=-1.000 retrigRemain=0.000 pitchHz=-1.00 pitchCents=0.0
2025-12-14 05:20:31 [tracker] [s2] onset t=9.305 env=0.00023 gate=0.00000 envDelta=0.00023 envFloor=0.00015 onset=1.249 thresh=0.009 onsetDelta=1.23995 baseline=0.00022 adaptive=0.00018 lastPeak=0.00000 guard=0.060 activeAge=-1.000 pitch=-1.00Hz pitchCents=0.0
2025-12-14 05:20:31 [tracker] [s1] aubio-raw t=9.3823 onset=0.668065 env=0.000103 peak=0.000261 gain=1.000
2025-12-14 05:20:31 [tracker] [s1] onset-below-env-floor t=9.3823 env=0.000103 gate=0.000010 envDelta=0.000093 envFloor=0.000450 onset=0.668065 thresh=0.006000 onsetDelta=0.662065 baseline=0.000180 floor=0.000180 adapt=0.000142 lastPeak=0.000000 baseParam=0.000180 gateRatio=0.0550 envParam=0.000450 onsetScale=0.300 retriggerScale=1.400 guard=0.060 guardRemain=0.000 activeAge=-1.000 retrigRemain=0.000 pitchHz=97.56 pitchCents=292.3
2025-12-14 05:20:31 [tracker] [s1] aubio-raw t=9.5823 onset=0.990976 env=0.000110 peak=0.000301 gain=1.000
2025-12-14 05:20:31 [tracker] [s1] onset-below-env-floor t=9.5823 env=0.000110 gate=0.000010 envDelta=0.000100 envFloor=0.000450 onset=0.990976 thresh=0.006000 onsetDelta=0.984976 baseline=0.000180 floor=0.000180 adapt=0.000135 lastPeak=0.000000 baseParam=0.000180 gateRatio=0.0550 envParam=0.000450 onsetScale=0.300 retriggerScale=1.400 guard=0.060 guardRemain=0.000 activeAge=-1.000 retrigRemain=0.000 pitchHz=210.52 pitchCents=1623.7
2025-12-14 05:20:31 [tracker] [s1] aubio-raw t=9.6703 onset=1.237402 env=0.000097 peak=0.000236 gain=1.000
2025-12-14 05:20:31 [tracker] [s1] onset-below-env-floor t=9.6703 env=0.000097 gate=0.000010 envDelta=0.000087 envFloor=0.000450 onset=1.237402 thresh=0.006000 onsetDelta=1.231402 baseline=0.000180 floor=0.000180 adapt=0.000149 lastPeak=0.000000 baseParam=0.000180 gateRatio=0.0550 envParam=0.000450 onsetScale=0.300 retriggerScale=1.400 guard=0.060 guardRemain=0.000 activeAge=-1.000 retrigRemain=0.000 pitchHz=-1.00 pitchCents=0.0
2025-12-14 05:20:32 [tracker] [s2] onset t=9.790 env=0.00017 gate=0.00000 envDelta=0.00016 envFloor=0.00015 onset=1.074 thresh=0.009 onsetDelta=1.06470 baseline=0.00022 adaptive=0.00016 lastPeak=0.00000 guard=0.060 activeAge=-1.000 pitch=470.54Hz pitchCents=2516.2
2025-12-14 05:20:32 [tracker] [s1] aubio-raw t=9.8410 onset=0.931995 env=0.000094 peak=0.000229 gain=1.000
2025-12-14 05:20:32 [tracker] [s1] onset-below-env-floor t=9.8410 env=0.000094 gate=0.000010 envDelta=0.000084 envFloor=0.000450 onset=0.931995 thresh=0.006000 onsetDelta=0.925995 baseline=0.000180 floor=0.000180 adapt=0.000143 lastPeak=0.000000 baseParam=0.000180 gateRatio=0.0550 envParam=0.000450 onsetScale=0.300 retriggerScale=1.400 guard=0.060 guardRemain=0.000 activeAge=-1.000 retrigRemain=0.000 pitchHz=166.67 pitchCents=1219.4
2025-12-14 05:20:32 [tracker] [s1] aubio-raw t=9.9236 onset=0.639605 env=0.000124 peak=0.000315 gain=1.000
2025-12-14 05:20:32 [tracker] [s1] onset-below-env-floor t=9.9236 env=0.000124 gate=0.000010 envDelta=0.000114 envFloor=0.000450 onset=0.639605 thresh=0.006000 onsetDelta=0.633605 baseline=0.000180 floor=0.000180 adapt=0.000145 lastPeak=0.000000 baseParam=0.000180 gateRatio=0.0550 envParam=0.000450 onsetScale=0.300 retriggerScale=1.400 guard=0.060 guardRemain=0.000 activeAge=-1.000 retrigRemain=0.000 pitchHz=216.19 pitchCents=1669.8
2025-12-14 05:20:32 [tracker] [s1] aubio-raw t=10.1156 onset=1.049266 env=0.000114 peak=0.000302 gain=1.000
2025-12-14 05:20:32 [tracker] [s1] onset-below-env-floor t=10.1156 env=0.000114 gate=0.000010 envDelta=0.000104 envFloor=0.000450 onset=1.049266 thresh=0.006000 onsetDelta=1.043266 baseline=0.000180 floor=0.000180 adapt=0.000147 lastPeak=0.000000 baseParam=0.000180 gateRatio=0.0550 envParam=0.000450 onsetScale=0.300 retriggerScale=1.400 guard=0.060 guardRemain=0.000 activeAge=-1.000 retrigRemain=0.000 pitchHz=363.62 pitchCents=2569.9
2025-12-14 05:20:32 [tracker] [s1] aubio-raw t=10.2116 onset=0.718196 env=0.000125 peak=0.000341 gain=1.000
2025-12-14 05:20:32 [tracker] [s1] onset-below-env-floor t=10.2116 env=0.000125 gate=0.000010 envDelta=0.000115 envFloor=0.000450 onset=0.718196 thresh=0.006000 onsetDelta=0.712196 baseline=0.000180 floor=0.000180 adapt=0.000140 lastPeak=0.000000 baseParam=0.000180 gateRatio=0.0550 envParam=0.000450 onsetScale=0.300 retriggerScale=1.400 guard=0.060 guardRemain=0.000 activeAge=-1.000 retrigRemain=0.000 pitchHz=666.62 pitchCents=3619.2
2025-12-14 05:20:32 [tracker] [s1] aubio-raw t=10.3236 onset=1.160831 env=0.000116 peak=0.000282 gain=1.000
2025-12-14 05:20:32 [tracker] [s1] onset-below-env-floor t=10.3236 env=0.000116 gate=0.000010 envDelta=0.000106 envFloor=0.000450 onset=1.160831 thresh=0.006000 onsetDelta=1.154831 baseline=0.000180 floor=0.000180 adapt=0.000133 lastPeak=0.000000 baseParam=0.000180 gateRatio=0.0550 envParam=0.000450 onsetScale=0.300 retriggerScale=1.400 guard=0.060 guardRemain=0.000 activeAge=-1.000 retrigRemain=0.000 pitchHz=94.11 pitchCents=229.9
2025-12-14 05:20:32 [tracker] [s1] aubio-raw t=10.4942 onset=0.852866 env=0.000111 peak=0.000279 gain=1.000
2025-12-14 05:20:32 [tracker] [s1] onset-below-env-floor t=10.4942 env=0.000111 gate=0.000010 envDelta=0.000102 envFloor=0.000450 onset=0.852866 thresh=0.006000 onsetDelta=0.846866 baseline=0.000180 floor=0.000180 adapt=0.000139 lastPeak=0.000000 baseParam=0.000180 gateRatio=0.0550 envParam=0.000450 onsetScale=0.300 retriggerScale=1.400 guard=0.060 guardRemain=0.000 activeAge=-1.000 retrigRemain=0.000 pitchHz=103.89 pitchCents=401.1
2025-12-14 05:20:32 [tracker] [s1] aubio-raw t=10.6916 onset=1.398707 env=0.000121 peak=0.000305 gain=1.000
2025-12-14 05:20:32 [tracker] [s1] onset-below-env-floor t=10.6916 env=0.000121 gate=0.000010 envDelta=0.000111 envFloor=0.000450 onset=1.398707 thresh=0.006000 onsetDelta=1.392707 baseline=0.000180 floor=0.000180 adapt=0.000139 lastPeak=0.000000 baseParam=0.000180 gateRatio=0.0550 envParam=0.000450 onsetScale=0.300 retriggerScale=1.400 guard=0.060 guardRemain=0.000 activeAge=-1.000 retrigRemain=0.000 pitchHz=1000.35 pitchCents=4321.9
2025-12-14 05:20:33 [tracker] [s1] aubio-raw t=10.9129 onset=1.112949 env=0.000119 peak=0.000362 gain=1.000
2025-12-14 05:20:33 [tracker] [s1] onset-below-env-floor t=10.9129 env=0.000119 gate=0.000010 envDelta=0.000109 envFloor=0.000450 onset=1.112949 thresh=0.006000 onsetDelta=1.106949 baseline=0.000180 floor=0.000180 adapt=0.000149 lastPeak=0.000000 baseParam=0.000180 gateRatio=0.0550 envParam=0.000450 onsetScale=0.300 retriggerScale=1.400 guard=0.060 guardRemain=0.000 activeAge=-1.000 retrigRemain=0.000 pitchHz=95.24 pitchCents=250.5
2025-12-14 05:20:33 [tracker] [s1] aubio-raw t=11.5048 onset=0.982543 env=0.000153 peak=0.000416 gain=1.000
2025-12-14 05:20:33 [tracker] [s1] onset-below-env-floor t=11.5048 env=0.000153 gate=0.000010 envDelta=0.000143 envFloor=0.000450 onset=0.982543 thresh=0.006000 onsetDelta=0.976543 baseline=0.000180 floor=0.000180 adapt=0.000141 lastPeak=0.000000 baseParam=0.000180 gateRatio=0.0550 envParam=0.000450 onsetScale=0.300 retriggerScale=1.400 guard=0.060 guardRemain=0.000 activeAge=-1.000 retrigRemain=0.000 pitchHz=333.34 pitchCents=2419.4
2025-12-14 05:20:34 [tracker] [s1] aubio-raw t=11.8221 onset=0.602558 env=0.000162 peak=0.000363 gain=1.000
2025-12-14 05:20:34 [tracker] [s1] onset-below-env-floor t=11.8221 env=0.000162 gate=0.000010 envDelta=0.000152 envFloor=0.000450 onset=0.602558 thresh=0.006000 onsetDelta=0.596558 baseline=0.000180 floor=0.000180 adapt=0.000139 lastPeak=0.000000 baseParam=0.000180 gateRatio=0.0550 envParam=0.000450 onsetScale=0.300 retriggerScale=1.400 guard=0.060 guardRemain=0.000 activeAge=-1.000 retrigRemain=0.000 pitchHz=126.98 pitchCents=748.5
2025-12-14 05:20:34 [tracker] [s1] aubio-raw t=11.8941 onset=1.382674 env=0.000105 peak=0.000307 gain=1.000
2025-12-14 05:20:34 [tracker] [s1] onset-below-env-floor t=11.8941 env=0.000105 gate=0.000010 envDelta=0.000096 envFloor=0.000450 onset=1.382674 thresh=0.006000 onsetDelta=1.376674 baseline=0.000180 floor=0.000180 adapt=0.000138 lastPeak=0.000000 baseParam=0.000180 gateRatio=0.0550 envParam=0.000450 onsetScale=0.300 retriggerScale=1.400 guard=0.060 guardRemain=0.000 activeAge=-1.000 retrigRemain=0.000 pitchHz=115.94 pitchCents=591.1
2025-12-14 05:20:34 [tracker] [s1] aubio-raw t=11.9475 onset=0.802299 env=0.000130 peak=0.000339 gain=1.000
2025-12-14 05:20:34 [tracker] [s1] onset-below-env-floor t=11.9475 env=0.000130 gate=0.000010 envDelta=0.000121 envFloor=0.000450 onset=0.802299 thresh=0.006000 onsetDelta=0.796299 baseline=0.000180 floor=0.000180 adapt=0.000143 lastPeak=0.000000 baseParam=0.000180 gateRatio=0.0550 envParam=0.000450 onsetScale=0.300 retriggerScale=1.400 guard=0.060 guardRemain=0.000 activeAge=-1.000 retrigRemain=0.000 pitchHz=148.14 pitchCents=1015.4
2025-12-14 05:20:34 [tracker] [s1] aubio-raw t=12.0008 onset=0.988785 env=0.000097 peak=0.000295 gain=1.000
2025-12-14 05:20:34 [tracker] [s1] onset-below-env-floor t=12.0008 env=0.000097 gate=0.000010 envDelta=0.000087 envFloor=0.000450 onset=0.988785 thresh=0.006000 onsetDelta=0.982785 baseline=0.000180 floor=0.000180 adapt=0.000138 lastPeak=0.000000 baseParam=0.000180 gateRatio=0.0550 envParam=0.000450 onsetScale=0.300 retriggerScale=1.400 guard=0.060 guardRemain=0.000 activeAge=-1.000 retrigRemain=0.000 pitchHz=-1.00 pitchCents=0.0
2025-12-14 05:20:34 [tracker] [s1] configure sr=48000.0 hop=128 fft=1024 low=37.1 high=445.0
2025-12-14 05:20:34 [tracker] [s1] params baseline=0.000180 gate=0.0550 envFloor=0.000450 sustain=0.580 retrigger=1.400 peakRelease=0.120 pitchTol=0.400 onsetScale=0.006 aubioScale=1.20 aubioThresh=0.024 onsetSilence=-85.0 pitchSilence=-90.0
2025-12-14 05:20:34 [tracker] [s1] aubio-raw t=12.0621 onset=4.000000 env=0.000119 peak=0.000347 gain=1.000
2025-12-14 05:20:34 [tracker] [s1] onset-below-env-floor t=12.0621 env=0.000119 gate=0.000010 envDelta=0.000109 envFloor=0.000450 onset=4.000000 thresh=0.006000 onsetDelta=3.994000 baseline=0.000180 floor=0.000180 adapt=0.000136 lastPeak=0.000000 baseParam=0.000180 gateRatio=0.0550 envParam=0.000450 onsetScale=0.300 retriggerScale=1.400 guard=0.060 guardRemain=0.000 activeAge=-1.000 retrigRemain=0.000 pitchHz=199.99 pitchCents=1535.0
2025-12-14 05:20:34 [tracker] [s2] configure sr=48000.0 hop=128 fft=1024 low=55.0 high=563.2
2025-12-14 05:20:34 [tracker] [s2] params baseline=0.000220 gate=0.0100 envFloor=0.000100 sustain=1.500 retrigger=1.250 peakRelease=0.130 pitchTol=0.400 onsetScale=0.009 aubioScale=1.35 aubioThresh=0.027 onsetSilence=-85.0 pitchSilence=-90.0
2025-12-14 05:20:34 [tracker] [s3] configure sr=48000.0 hop=128 fft=1024 low=85.2 high=693.0
2025-12-14 05:20:34 [tracker] [s3] params baseline=0.000260 gate=0.1300 envFloor=0.000650 sustain=0.820 retrigger=1.100 peakRelease=0.140 pitchTol=0.450 onsetScale=0.012 aubioScale=1.60 aubioThresh=0.032 onsetSilence=-75.0 pitchSilence=-80.0
2025-12-14 05:20:34 [tracker] [s4] configure sr=48000.0 hop=128 fft=1024 low=127.4 high=862.4
2025-12-14 05:20:34 [tracker] [s4] params baseline=0.000320 gate=0.1700 envFloor=0.000780 sustain=1.000 retrigger=1.000 peakRelease=0.160 pitchTol=0.440 onsetScale=0.014 aubioScale=1.80 aubioThresh=0.036 onsetSilence=-75.0 pitchSilence=-80.0
2025-12-14 05:20:34 [tracker] [s5] configure sr=48000.0 hop=128 fft=512 low=160.5 high=1086.5
2025-12-14 05:20:34 [tracker] [s5] params baseline=0.000370 gate=0.2100 envFloor=0.000900 sustain=1.000 retrigger=1.000 peakRelease=0.180 pitchTol=0.500 onsetScale=0.016 aubioScale=1.80 aubioThresh=0.036 onsetSilence=-75.0 pitchSilence=-80.0
2025-12-14 05:20:34 [tracker] [s6] configure sr=48000.0 hop=128 fft=512 low=214.3 high=1450.4
2025-12-14 05:20:34 [tracker] [s6] params baseline=0.000420 gate=0.2500 envFloor=0.001050 sustain=1.000 retrigger=1.000 peakRelease=0.200 pitchTol=0.550 onsetScale=0.018 aubioScale=1.80 aubioThresh=0.036 onsetSilence=-75.0 pitchSilence=-80.0
2025-12-14 05:20:34 [tracker] [s1] configure sr=48000.0 hop=128 fft=1024 low=37.1 high=445.0
2025-12-14 05:20:34 [tracker] [s1] params baseline=0.000180 gate=0.0550 envFloor=0.000450 sustain=0.580 retrigger=1.400 peakRelease=0.120 pitchTol=0.400 onsetScale=0.006 aubioScale=1.20 aubioThresh=0.024 onsetSilence=-85.0 pitchSilence=-90.0
2025-12-14 05:20:34 [tracker] [s1] aubio-raw t=12.1421 onset=4.000000 env=0.000111 peak=0.000251 gain=1.000
2025-12-14 05:20:34 [tracker] [s1] onset-below-env-floor t=12.1421 env=0.000111 gate=0.000010 envDelta=0.000101 envFloor=0.000450 onset=4.000000 thresh=0.006000 onsetDelta=3.994000 baseline=0.000180 floor=0.000180 adapt=0.000123 lastPeak=0.000000 baseParam=0.000180 gateRatio=0.0550 envParam=0.000450 onsetScale=0.300 retriggerScale=1.400 guard=0.060 guardRemain=0.000 activeAge=-1.000 retrigRemain=0.000 pitchHz=222.25 pitchCents=1717.6
2025-12-14 05:20:34 [tracker] [s2] configure sr=48000.0 hop=128 fft=1024 low=55.0 high=563.2
2025-12-14 05:20:34 [tracker] [s2] params baseline=0.000220 gate=0.0100 envFloor=0.000100 sustain=1.500 retrigger=1.250 peakRelease=0.130 pitchTol=0.400 onsetScale=0.009 aubioScale=1.35 aubioThresh=0.027 onsetSilence=-85.0 pitchSilence=-90.0
2025-12-14 05:20:34 [tracker] [s3] configure sr=48000.0 hop=128 fft=1024 low=85.2 high=693.0
2025-12-14 05:20:34 [tracker] [s3] params baseline=0.000260 gate=0.1300 envFloor=0.000650 sustain=0.820 retrigger=1.100 peakRelease=0.140 pitchTol=0.450 onsetScale=0.012 aubioScale=1.60 aubioThresh=0.032 onsetSilence=-75.0 pitchSilence=-80.0
2025-12-14 05:20:34 [tracker] [s4] configure sr=48000.0 hop=128 fft=1024 low=127.4 high=862.4
2025-12-14 05:20:34 [tracker] [s4] params baseline=0.000320 gate=0.1700 envFloor=0.000780 sustain=1.000 retrigger=1.000 peakRelease=0.160 pitchTol=0.440 onsetScale=0.014 aubioScale=1.80 aubioThresh=0.036 onsetSilence=-75.0 pitchSilence=-80.0
2025-12-14 05:20:34 [tracker] [s5] configure sr=48000.0 hop=128 fft=512 low=160.5 high=1086.5
2025-12-14 05:20:34 [tracker] [s5] params baseline=0.000370 gate=0.2100 envFloor=0.000900 sustain=1.000 retrigger=1.000 peakRelease=0.180 pitchTol=0.500 onsetScale=0.016 aubioScale=1.80 aubioThresh=0.036 onsetSilence=-75.0 pitchSilence=-80.0
2025-12-14 05:20:34 [tracker] [s6] configure sr=48000.0 hop=128 fft=512 low=214.3 high=1450.4
2025-12-14 05:20:34 [tracker] [s6] params baseline=0.000420 gate=0.2500 envFloor=0.001050 sustain=1.000 retrigger=1.000 peakRelease=0.200 pitchTol=0.550 onsetScale=0.018 aubioScale=1.80 aubioThresh=0.036 onsetSilence=-75.0 pitchSilence=-80.0
2025-12-14 05:20:34 [tracker] [s1] configure sr=48000.0 hop=128 fft=1024 low=37.1 high=445.0
2025-12-14 05:20:34 [tracker] [s1] params baseline=0.000180 gate=0.0550 envFloor=0.000450 sustain=0.580 retrigger=1.400 peakRelease=0.120 pitchTol=0.400 onsetScale=0.006 aubioScale=1.20 aubioThresh=0.024 onsetSilence=-85.0 pitchSilence=-90.0
2025-12-14 05:20:34 [tracker] [s1] aubio-raw t=12.1501 onset=4.000000 env=0.000086 peak=0.000240 gain=1.000
2025-12-14 05:20:34 [tracker] [s1] onset-below-env-floor t=12.1501 env=0.000086 gate=0.000010 envDelta=0.000076 envFloor=0.000450 onset=4.000000 thresh=0.006000 onsetDelta=3.994000 baseline=0.000180 floor=0.000180 adapt=0.000120 lastPeak=0.000000 baseParam=0.000180 gateRatio=0.0550 envParam=0.000450 onsetScale=0.300 retriggerScale=1.400 guard=0.060 guardRemain=0.000 activeAge=-1.000 retrigRemain=0.000 pitchHz=187.87 pitchCents=1426.6
2025-12-14 05:20:34 [tracker] [s2] configure sr=48000.0 hop=128 fft=1024 low=55.0 high=563.2
2025-12-14 05:20:34 [tracker] [s2] params baseline=0.000220 gate=0.0100 envFloor=0.000100 sustain=1.500 retrigger=1.250 peakRelease=0.130 pitchTol=0.400 onsetScale=0.009 aubioScale=1.35 aubioThresh=0.027 onsetSilence=-85.0 pitchSilence=-90.0
2025-12-14 05:20:34 [tracker] [s3] configure sr=48000.0 hop=128 fft=1024 low=85.2 high=693.0
2025-12-14 05:20:34 [tracker] [s3] params baseline=0.000260 gate=0.1300 envFloor=0.000650 sustain=0.820 retrigger=1.100 peakRelease=0.140 pitchTol=0.450 onsetScale=0.012 aubioScale=1.60 aubioThresh=0.032 onsetSilence=-75.0 pitchSilence=-80.0
2025-12-14 05:20:34 [tracker] [s4] configure sr=48000.0 hop=128 fft=1024 low=127.4 high=862.4
2025-12-14 05:20:34 [tracker] [s4] params baseline=0.000320 gate=0.1700 envFloor=0.000780 sustain=1.000 retrigger=1.000 peakRelease=0.160 pitchTol=0.440 onsetScale=0.014 aubioScale=1.80 aubioThresh=0.036 onsetSilence=-75.0 pitchSilence=-80.0
2025-12-14 05:20:34 [tracker] [s5] configure sr=48000.0 hop=128 fft=512 low=160.5 high=1086.5
2025-12-14 05:20:34 [tracker] [s5] params baseline=0.000370 gate=0.2100 envFloor=0.000900 sustain=1.000 retrigger=1.000 peakRelease=0.180 pitchTol=0.500 onsetScale=0.016 aubioScale=1.80 aubioThresh=0.036 onsetSilence=-75.0 pitchSilence=-80.0
2025-12-14 05:20:34 [tracker] [s6] configure sr=48000.0 hop=128 fft=512 low=214.3 high=1450.4
2025-12-14 05:20:34 [tracker] [s6] params baseline=0.000420 gate=0.2500 envFloor=0.001050 sustain=1.000 retrigger=1.000 peakRelease=0.200 pitchTol=0.550 onsetScale=0.018 aubioScale=1.80 aubioThresh=0.036 onsetSilence=-75.0 pitchSilence=-80.0
2025-12-14 05:20:34 [tracker] [s1] configure sr=48000.0 hop=128 fft=1024 low=37.1 high=445.0
2025-12-14 05:20:34 [tracker] [s1] params baseline=0.000180 gate=0.0550 envFloor=0.000450 sustain=0.580 retrigger=1.400 peakRelease=0.120 pitchTol=0.400 onsetScale=0.006 aubioScale=1.20 aubioThresh=0.024 onsetSilence=-85.0 pitchSilence=-90.0
2025-12-14 05:20:34 [tracker] [s1] aubio-raw t=12.1581 onset=4.000000 env=0.000133 peak=0.000294 gain=1.000
2025-12-14 05:20:34 [tracker] [s1] onset-below-env-floor t=12.1581 env=0.000133 gate=0.000010 envDelta=0.000123 envFloor=0.000450 onset=4.000000 thresh=0.006000 onsetDelta=3.994000 baseline=0.000180 floor=0.000180 adapt=0.000121 lastPeak=0.000000 baseParam=0.000180 gateRatio=0.0550 envParam=0.000450 onsetScale=0.300 retriggerScale=1.400 guard=0.060 guardRemain=0.000 activeAge=-1.000 retrigRemain=0.000 pitchHz=187.87 pitchCents=1426.6
2025-12-14 05:20:34 [tracker] [s2] configure sr=48000.0 hop=128 fft=1024 low=55.0 high=563.2
2025-12-14 05:20:34 [tracker] [s2] params baseline=0.000220 gate=0.0100 envFloor=0.000100 sustain=1.500 retrigger=1.250 peakRelease=0.130 pitchTol=0.400 onsetScale=0.009 aubioScale=1.35 aubioThresh=0.027 onsetSilence=-85.0 pitchSilence=-90.0
2025-12-14 05:20:34 [tracker] [s3] configure sr=48000.0 hop=128 fft=1024 low=85.2 high=693.0
2025-12-14 05:20:34 [tracker] [s3] params baseline=0.000260 gate=0.1300 envFloor=0.000650 sustain=0.820 retrigger=1.100 peakRelease=0.140 pitchTol=0.450 onsetScale=0.012 aubioScale=1.60 aubioThresh=0.032 onsetSilence=-75.0 pitchSilence=-80.0
2025-12-14 05:20:34 [tracker] [s4] configure sr=48000.0 hop=128 fft=1024 low=127.4 high=862.4
2025-12-14 05:20:34 [tracker] [s4] params baseline=0.000320 gate=0.1700 envFloor=0.000780 sustain=1.000 retrigger=1.000 peakRelease=0.160 pitchTol=0.440 onsetScale=0.014 aubioScale=1.80 aubioThresh=0.036 onsetSilence=-75.0 pitchSilence=-80.0
2025-12-14 05:20:34 [tracker] [s5] configure sr=48000.0 hop=128 fft=512 low=160.5 high=1086.5
2025-12-14 05:20:34 [tracker] [s5] params baseline=0.000370 gate=0.2100 envFloor=0.000900 sustain=1.000 retrigger=1.000 peakRelease=0.180 pitchTol=0.500 onsetScale=0.016 aubioScale=1.80 aubioThresh=0.036 onsetSilence=-75.0 pitchSilence=-80.0
2025-12-14 05:20:34 [tracker] [s6] configure sr=48000.0 hop=128 fft=512 low=214.3 high=1450.4
2025-12-14 05:20:34 [tracker] [s6] params baseline=0.000420 gate=0.2500 envFloor=0.001050 sustain=1.000 retrigger=1.000 peakRelease=0.200 pitchTol=0.550 onsetScale=0.018 aubioScale=1.80 aubioThresh=0.036 onsetSilence=-75.0 pitchSilence=-80.0
2025-12-14 05:20:34 [tracker] [s1] configure sr=48000.0 hop=128 fft=1024 low=37.1 high=445.0
2025-12-14 05:20:34 [tracker] [s1] params baseline=0.000180 gate=0.0550 envFloor=0.000450 sustain=0.580 retrigger=1.400 peakRelease=0.120 pitchTol=0.400 onsetScale=0.006 aubioScale=1.20 aubioThresh=0.024 onsetSilence=-85.0 pitchSilence=-90.0
2025-12-14 05:20:34 [tracker] [s1] aubio-raw t=12.1741 onset=4.000000 env=0.000116 peak=0.000242 gain=1.000
2025-12-14 05:20:34 [tracker] [s1] onset-below-env-floor t=12.1741 env=0.000116 gate=0.000010 envDelta=0.000106 envFloor=0.000450 onset=4.000000 thresh=0.006000 onsetDelta=3.994000 baseline=0.000180 floor=0.000180 adapt=0.000122 lastPeak=0.000000 baseParam=0.000180 gateRatio=0.0550 envParam=0.000450 onsetScale=0.300 retriggerScale=1.400 guard=0.060 guardRemain=0.000 activeAge=-1.000 retrigRemain=0.000 pitchHz=381.04 pitchCents=2650.9
2025-12-14 05:20:34 [tracker] [s2] configure sr=48000.0 hop=128 fft=1024 low=55.0 high=563.2
2025-12-14 05:20:34 [tracker] [s2] params baseline=0.000220 gate=0.0100 envFloor=0.000100 sustain=1.500 retrigger=1.250 peakRelease=0.130 pitchTol=0.400 onsetScale=0.009 aubioScale=1.35 aubioThresh=0.027 onsetSilence=-85.0 pitchSilence=-90.0
2025-12-14 05:20:34 [tracker] [s3] configure sr=48000.0 hop=128 fft=1024 low=85.2 high=693.0
2025-12-14 05:20:34 [tracker] [s3] params baseline=0.000260 gate=0.1300 envFloor=0.000650 sustain=0.820 retrigger=1.100 peakRelease=0.140 pitchTol=0.450 onsetScale=0.012 aubioScale=1.60 aubioThresh=0.032 onsetSilence=-75.0 pitchSilence=-80.0
2025-12-14 05:20:34 [tracker] [s4] configure sr=48000.0 hop=128 fft=1024 low=127.4 high=862.4
2025-12-14 05:20:34 [tracker] [s4] params baseline=0.000320 gate=0.1700 envFloor=0.000780 sustain=1.000 retrigger=1.000 peakRelease=0.160 pitchTol=0.440 onsetScale=0.014 aubioScale=1.80 aubioThresh=0.036 onsetSilence=-75.0 pitchSilence=-80.0
2025-12-14 05:20:34 [tracker] [s5] configure sr=48000.0 hop=128 fft=512 low=160.5 high=1086.5
2025-12-14 05:20:34 [tracker] [s5] params baseline=0.000370 gate=0.2100 envFloor=0.000900 sustain=1.000 retrigger=1.000 peakRelease=0.180 pitchTol=0.500 onsetScale=0.016 aubioScale=1.80 aubioThresh=0.036 onsetSilence=-75.0 pitchSilence=-80.0
2025-12-14 05:20:34 [tracker] [s6] configure sr=48000.0 hop=128 fft=512 low=214.3 high=1450.4
2025-12-14 05:20:34 [tracker] [s6] params baseline=0.000420 gate=0.2500 envFloor=0.001050 sustain=1.000 retrigger=1.000 peakRelease=0.200 pitchTol=0.550 onsetScale=0.018 aubioScale=1.80 aubioThresh=0.036 onsetSilence=-75.0 pitchSilence=-80.0
2025-12-14 05:20:34 [tracker] [s1] configure sr=48000.0 hop=128 fft=1024 low=37.1 high=445.0
2025-12-14 05:20:34 [tracker] [s1] params baseline=0.000180 gate=0.0550 envFloor=0.000450 sustain=0.580 retrigger=1.400 peakRelease=0.120 pitchTol=0.400 onsetScale=0.006 aubioScale=1.20 aubioThresh=0.024 onsetSilence=-85.0 pitchSilence=-90.0
2025-12-14 05:20:34 [tracker] [s1] aubio-raw t=12.1821 onset=4.000000 env=0.000115 peak=0.000336 gain=1.000
2025-12-14 05:20:34 [tracker] [s1] onset-below-env-floor t=12.1821 env=0.000115 gate=0.000010 envDelta=0.000105 envFloor=0.000450 onset=4.000000 thresh=0.006000 onsetDelta=3.994000 baseline=0.000180 floor=0.000180 adapt=0.000121 lastPeak=0.000000 baseParam=0.000180 gateRatio=0.0550 envParam=0.000450 onsetScale=0.300 retriggerScale=1.400 guard=0.060 guardRemain=0.000 activeAge=-1.000 retrigRemain=0.000 pitchHz=187.87 pitchCents=1426.6
2025-12-14 05:20:34 [tracker] [s2] configure sr=48000.0 hop=128 fft=1024 low=55.0 high=563.2
2025-12-14 05:20:34 [tracker] [s2] params baseline=0.000220 gate=0.0100 envFloor=0.000100 sustain=1.500 retrigger=1.250 peakRelease=0.130 pitchTol=0.400 onsetScale=0.009 aubioScale=1.35 aubioThresh=0.027 onsetSilence=-85.0 pitchSilence=-90.0
2025-12-14 05:20:34 [tracker] [s2] onset t=12.182 env=0.00019 gate=0.00000 envDelta=0.00019 envFloor=0.00015 onset=4.000 thresh=0.009 onsetDelta=3.99100 baseline=0.00022 adaptive=0.00016 lastPeak=0.00000 guard=0.060 activeAge=-1.000 pitch=137.91Hz pitchCents=391.5
2025-12-14 05:20:34 [tracker] [s3] configure sr=48000.0 hop=128 fft=1024 low=85.2 high=693.0
2025-12-14 05:20:34 [tracker] [s3] params baseline=0.000260 gate=0.1300 envFloor=0.000650 sustain=0.820 retrigger=1.100 peakRelease=0.140 pitchTol=0.450 onsetScale=0.012 aubioScale=1.60 aubioThresh=0.032 onsetSilence=-75.0 pitchSilence=-80.0
2025-12-14 05:20:34 [tracker] [s4] configure sr=48000.0 hop=128 fft=1024 low=127.4 high=862.4
2025-12-14 05:20:34 [tracker] [s4] params baseline=0.000320 gate=0.1700 envFloor=0.000780 sustain=1.000 retrigger=1.000 peakRelease=0.160 pitchTol=0.440 onsetScale=0.014 aubioScale=1.80 aubioThresh=0.036 onsetSilence=-75.0 pitchSilence=-80.0
2025-12-14 05:20:34 [tracker] [s5] configure sr=48000.0 hop=128 fft=512 low=160.5 high=1086.5
2025-12-14 05:20:34 [tracker] [s5] params baseline=0.000370 gate=0.2100 envFloor=0.000900 sustain=1.000 retrigger=1.000 peakRelease=0.180 pitchTol=0.500 onsetScale=0.016 aubioScale=1.80 aubioThresh=0.036 onsetSilence=-75.0 pitchSilence=-80.0
2025-12-14 05:20:34 [tracker] [s6] configure sr=48000.0 hop=128 fft=512 low=214.3 high=1450.4
2025-12-14 05:20:34 [tracker] [s6] params baseline=0.000420 gate=0.2500 envFloor=0.001050 sustain=1.000 retrigger=1.000 peakRelease=0.200 pitchTol=0.550 onsetScale=0.018 aubioScale=1.80 aubioThresh=0.036 onsetSilence=-75.0 pitchSilence=-80.0
2025-12-14 05:20:34 [tracker] [s1] configure sr=48000.0 hop=128 fft=1024 low=37.1 high=445.0
2025-12-14 05:20:34 [tracker] [s1] params baseline=0.000180 gate=0.0550 envFloor=0.000450 sustain=0.580 retrigger=1.400 peakRelease=0.120 pitchTol=0.400 onsetScale=0.006 aubioScale=1.20 aubioThresh=0.024 onsetSilence=-85.0 pitchSilence=-90.0
2025-12-14 05:20:34 [tracker] [s1] aubio-raw t=12.1901 onset=4.000000 env=0.000164 peak=0.000394 gain=1.000
2025-12-14 05:20:34 [tracker] [s1] onset-below-env-floor t=12.1901 env=0.000164 gate=0.000010 envDelta=0.000154 envFloor=0.000450 onset=4.000000 thresh=0.006000 onsetDelta=3.994000 baseline=0.000180 floor=0.000180 adapt=0.000126 lastPeak=0.000000 baseParam=0.000180 gateRatio=0.0550 envParam=0.000450 onsetScale=0.300 retriggerScale=1.400 guard=0.060 guardRemain=0.000 activeAge=-1.000 retrigRemain=0.000 pitchHz=187.87 pitchCents=1426.6
2025-12-14 05:20:34 [tracker] [s2] configure sr=48000.0 hop=128 fft=1024 low=55.0 high=563.2
2025-12-14 05:20:34 [tracker] [s2] params baseline=0.000220 gate=0.0100 envFloor=0.000100 sustain=1.500 retrigger=1.250 peakRelease=0.130 pitchTol=0.400 onsetScale=0.009 aubioScale=1.35 aubioThresh=0.027 onsetSilence=-85.0 pitchSilence=-90.0
2025-12-14 05:20:34 [tracker] [s2] onset t=12.190 env=0.00016 gate=0.00000 envDelta=0.00016 envFloor=0.00015 onset=4.000 thresh=0.009 onsetDelta=3.99100 baseline=0.00022 adaptive=0.00017 lastPeak=0.00000 guard=0.060 activeAge=-1.000 pitch=187.87Hz pitchCents=926.6
2025-12-14 05:20:34 [tracker] [s2] note-start t=12.190 fret=0 midi=45 vel=0.00 env=0.00016
2025-12-14 05:20:34 [tracker] [s3] configure sr=48000.0 hop=128 fft=1024 low=85.2 high=693.0
2025-12-14 05:20:34 [tracker] [s3] params baseline=0.000260 gate=0.1300 envFloor=0.000650 sustain=0.820 retrigger=1.100 peakRelease=0.140 pitchTol=0.450 onsetScale=0.012 aubioScale=1.60 aubioThresh=0.032 onsetSilence=-75.0 pitchSilence=-80.0
2025-12-14 05:20:34 [tracker] [s4] configure sr=48000.0 hop=128 fft=1024 low=127.4 high=862.4
2025-12-14 05:20:34 [tracker] [s4] params baseline=0.000320 gate=0.1700 envFloor=0.000780 sustain=1.000 retrigger=1.000 peakRelease=0.160 pitchTol=0.440 onsetScale=0.014 aubioScale=1.80 aubioThresh=0.036 onsetSilence=-75.0 pitchSilence=-80.0
2025-12-14 05:20:34 [tracker] [s5] configure sr=48000.0 hop=128 fft=512 low=160.5 high=1086.5
2025-12-14 05:20:34 [tracker] [s5] params baseline=0.000370 gate=0.2100 envFloor=0.000900 sustain=1.000 retrigger=1.000 peakRelease=0.180 pitchTol=0.500 onsetScale=0.016 aubioScale=1.80 aubioThresh=0.036 onsetSilence=-75.0 pitchSilence=-80.0
2025-12-14 05:20:34 [tracker] [s6] configure sr=48000.0 hop=128 fft=512 low=214.3 high=1450.4
2025-12-14 05:20:34 [tracker] [s6] params baseline=0.000420 gate=0.2500 envFloor=0.001050 sustain=1.000 retrigger=1.000 peakRelease=0.200 pitchTol=0.550 onsetScale=0.018 aubioScale=1.80 aubioThresh=0.036 onsetSilence=-75.0 pitchSilence=-80.0
2025-12-14 05:20:34 [tracker] [s4] configure sr=48000.0 hop=128 fft=1024 low=127.4 high=862.4
2025-12-14 05:20:34 [tracker] [s4] params baseline=0.000320 gate=0.1700 envFloor=0.000780 sustain=1.000 retrigger=1.000 peakRelease=0.160 pitchTol=0.440 onsetScale=0.014 aubioScale=1.80 aubioThresh=0.036 onsetSilence=-75.0 pitchSilence=-80.0
2025-12-14 05:20:34 [tracker] [s5] configure sr=48000.0 hop=128 fft=512 low=160.5 high=1086.5
2025-12-14 05:20:34 [tracker] [s5] params baseline=0.000370 gate=0.2100 envFloor=0.000900 sustain=1.000 retrigger=1.000 peakRelease=0.180 pitchTol=0.500 onsetScale=0.016 aubioScale=1.80 aubioThresh=0.036 onsetSilence=-75.0 pitchSilence=-80.0
2025-12-14 05:20:34 [tracker] [s6] configure sr=48000.0 hop=128 fft=512 low=214.3 high=1450.4
2025-12-14 05:20:34 [tracker] [s6] params baseline=0.000420 gate=0.2500 envFloor=0.001050 sustain=1.000 retrigger=1.000 peakRelease=0.200 pitchTol=0.550 onsetScale=0.018 aubioScale=1.80 aubioThresh=0.036 onsetSilence=-75.0 pitchSilence=-80.0
2025-12-14 05:20:34 [tracker] [s1] configure sr=48000.0 hop=128 fft=1024 low=37.1 high=445.0
2025-12-14 05:20:34 [tracker] [s1] params baseline=0.000180 gate=0.0550 envFloor=0.000450 sustain=0.580 retrigger=1.400 peakRelease=0.120 pitchTol=0.400 onsetScale=0.006 aubioScale=1.20 aubioThresh=0.024 onsetSilence=-85.0 pitchSilence=-90.0
2025-12-14 05:20:34 [tracker] [s1] aubio-raw t=12.2141 onset=4.000000 env=0.000087 peak=0.000222 gain=1.000
2025-12-14 05:20:34 [tracker] [s1] onset-below-env-floor t=12.2141 env=0.000087 gate=0.000010 envDelta=0.000077 envFloor=0.000450 onset=4.000000 thresh=0.006000 onsetDelta=3.994000 baseline=0.000180 floor=0.000180 adapt=0.000123 lastPeak=0.000000 baseParam=0.000180 gateRatio=0.0550 envParam=0.000450 onsetScale=0.300 retriggerScale=1.400 guard=0.060 guardRemain=0.000 activeAge=-1.000 retrigRemain=0.000 pitchHz=97.57 pitchCents=292.4
2025-12-14 05:20:34 [tracker] [s2] configure sr=48000.0 hop=128 fft=1024 low=55.0 high=563.2
2025-12-14 05:20:34 [tracker] [s2] params baseline=0.000220 gate=0.0100 envFloor=0.000100 sustain=1.500 retrigger=1.250 peakRelease=0.130 pitchTol=0.400 onsetScale=0.009 aubioScale=1.35 aubioThresh=0.027 onsetSilence=-85.0 pitchSilence=-90.0
2025-12-14 05:20:34 [tracker] [s3] configure sr=48000.0 hop=128 fft=1024 low=85.2 high=693.0
2025-12-14 05:20:34 [tracker] [s3] params baseline=0.000260 gate=0.1300 envFloor=0.000650 sustain=0.820 retrigger=1.100 peakRelease=0.140 pitchTol=0.450 onsetScale=0.012 aubioScale=1.60 aubioThresh=0.032 onsetSilence=-75.0 pitchSilence=-80.0
2025-12-14 05:20:34 [tracker] [s1] configure sr=48000.0 hop=128 fft=1024 low=37.1 high=445.0
2025-12-14 05:20:34 [tracker] [s1] params baseline=0.000180 gate=0.0550 envFloor=0.000450 sustain=0.580 retrigger=1.400 peakRelease=0.120 pitchTol=0.400 onsetScale=0.006 aubioScale=1.20 aubioThresh=0.024 onsetSilence=-85.0 pitchSilence=-90.0
2025-12-14 05:20:34 [tracker] [s1] aubio-raw t=12.2301 onset=4.000000 env=0.000118 peak=0.000268 gain=1.000
2025-12-14 05:20:34 [tracker] [s1] onset-below-env-floor t=12.2301 env=0.000118 gate=0.000010 envDelta=0.000108 envFloor=0.000450 onset=4.000000 thresh=0.006000 onsetDelta=3.994000 baseline=0.000180 floor=0.000180 adapt=0.000125 lastPeak=0.000000 baseParam=0.000180 gateRatio=0.0550 envParam=0.000450 onsetScale=0.300 retriggerScale=1.400 guard=0.060 guardRemain=0.000 activeAge=-1.000 retrigRemain=0.000 pitchHz=615.46 pitchCents=3481.0
2025-12-14 05:20:34 [tracker] [s2] configure sr=48000.0 hop=128 fft=1024 low=55.0 high=563.2
2025-12-14 05:20:34 [tracker] [s2] params baseline=0.000220 gate=0.0100 envFloor=0.000100 sustain=1.500 retrigger=1.250 peakRelease=0.130 pitchTol=0.400 onsetScale=0.009 aubioScale=1.35 aubioThresh=0.027 onsetSilence=-85.0 pitchSilence=-90.0
2025-12-14 05:20:34 [tracker] [s3] configure sr=48000.0 hop=128 fft=1024 low=85.2 high=693.0
2025-12-14 05:20:34 [tracker] [s4] configure sr=48000.0 hop=128 fft=1024 low=127.4 high=862.4
2025-12-14 05:20:34 [tracker] [s4] params baseline=0.000320 gate=0.1700 envFloor=0.000780 sustain=1.000 retrigger=1.000 peakRelease=0.160 pitchTol=0.440 onsetScale=0.014 aubioScale=1.80 aubioThresh=0.036 onsetSilence=-75.0 pitchSilence=-80.0
2025-12-14 05:20:34 [tracker] [s5] configure sr=48000.0 hop=128 fft=512 low=160.5 high=1086.5
2025-12-14 05:20:34 [tracker] [s5] params baseline=0.000370 gate=0.2100 envFloor=0.000900 sustain=1.000 retrigger=1.000 peakRelease=0.180 pitchTol=0.500 onsetScale=0.016 aubioScale=1.80 aubioThresh=0.036 onsetSilence=-75.0 pitchSilence=-80.0
2025-12-14 05:20:34 [tracker] [s6] configure sr=48000.0 hop=128 fft=512 low=214.3 high=1450.4
2025-12-14 05:20:34 [tracker] [s6] params baseline=0.000420 gate=0.2500 envFloor=0.001050 sustain=1.000 retrigger=1.000 peakRelease=0.200 pitchTol=0.550 onsetScale=0.018 aubioScale=1.80 aubioThresh=0.036 onsetSilence=-75.0 pitchSilence=-80.0
2025-12-14 05:20:34 [tracker] [s1] configure sr=48000.0 hop=128 fft=1024 low=37.1 high=445.0
2025-12-14 05:20:34 [tracker] [s1] params baseline=0.000180 gate=0.0550 envFloor=0.000450 sustain=0.580 retrigger=1.400 peakRelease=0.120 pitchTol=0.400 onsetScale=0.006 aubioScale=1.20 aubioThresh=0.024 onsetSilence=-85.0 pitchSilence=-90.0
2025-12-14 05:20:34 [tracker] [s1] aubio-raw t=12.2461 onset=4.000000 env=0.000099 peak=0.000281 gain=1.000
2025-12-14 05:20:34 [tracker] [s1] onset-below-env-floor t=12.2461 env=0.000099 gate=0.000010 envDelta=0.000090 envFloor=0.000450 onset=4.000000 thresh=0.006000 onsetDelta=3.994000 baseline=0.000180 floor=0.000180 adapt=0.000123 lastPeak=0.000000 baseParam=0.000180 gateRatio=0.0550 envParam=0.000450 onsetScale=0.300 retriggerScale=1.400 guard=0.060 guardRemain=0.000 activeAge=-1.000 retrigRemain=0.000 pitchHz=125.16 pitchCents=723.6
2025-12-14 05:20:34 [tracker] [s2] configure sr=48000.0 hop=128 fft=1024 low=55.0 high=563.2
2025-12-14 05:20:34 [tracker] [s2] params baseline=0.000220 gate=0.0100 envFloor=0.000100 sustain=1.500 retrigger=1.250 peakRelease=0.130 pitchTol=0.400 onsetScale=0.009 aubioScale=1.35 aubioThresh=0.027 onsetSilence=-85.0 pitchSilence=-90.0
2025-12-14 05:20:34 [tracker] [s2] release-retrigger t=12.246 onset=4.000 gate=0.000 age=0.056
2025-12-14 05:20:34 [tracker] [s2] note-ended t=12.246 fret=0 dur=0.056
2025-12-14 05:20:34 [tracker] [s3] configure sr=48000.0 hop=128 fft=1024 low=85.2 high=693.0
2025-12-14 05:20:34 [tracker] [s3] params baseline=0.000260 gate=0.1300 envFloor=0.000650 sustain=0.820 retrigger=1.100 peakRelease=0.140 pitchTol=0.450 onsetScale=0.012 aubioScale=1.60 aubioThresh=0.032 onsetSilence=-75.0 pitchSilence=-80.0
2025-12-14 05:20:34 [tracker] [s4] configure sr=48000.0 hop=128 fft=1024 low=127.4 high=862.4
2025-12-14 05:20:34 [tracker] [s4] params baseline=0.000320 gate=0.1700 envFloor=0.000780 sustain=1.000 retrigger=1.000 peakRelease=0.160 pitchTol=0.440 onsetScale=0.014 aubioScale=1.80 aubioThresh=0.036 onsetSilence=-75.0 pitchSilence=-80.0
2025-12-14 05:20:34 [tracker] [s5] configure sr=48000.0 hop=128 fft=512 low=160.5 high=1086.5
2025-12-14 05:20:34 [tracker] [s5] params baseline=0.000370 gate=0.2100 envFloor=0.000900 sustain=1.000 retrigger=1.000 peakRelease=0.180 pitchTol=0.500 onsetScale=0.016 aubioScale=1.80 aubioThresh=0.036 onsetSilence=-75.0 pitchSilence=-80.0
2025-12-14 05:20:34 [tracker] [s6] configure sr=48000.0 hop=128 fft=512 low=214.3 high=1450.4
2025-12-14 05:20:34 [tracker] [s6] params baseline=0.000420 gate=0.2500 envFloor=0.001050 sustain=1.000 retrigger=1.000 peakRelease=0.200 pitchTol=0.550 onsetScale=0.018 aubioScale=1.80 aubioThresh=0.036 onsetSilence=-75.0 pitchSilence=-80.0
2025-12-14 05:20:34 [tracker] [s1] configure sr=48000.0 hop=128 fft=1024 low=37.1 high=445.0
2025-12-14 05:20:34 [tracker] [s1] params baseline=0.000180 gate=0.0550 envFloor=0.000450 sustain=0.580 retrigger=1.400 peakRelease=0.120 pitchTol=0.400 onsetScale=0.006 aubioScale=1.20 aubioThresh=0.024 onsetSilence=-85.0 pitchSilence=-90.0
2025-12-14 05:20:34 [tracker] [s1] aubio-raw t=12.2621 onset=4.000000 env=0.000185 peak=0.000488 gain=1.000
2025-12-14 05:20:34 [tracker] [s1] onset-below-env-floor t=12.2621 env=0.000185 gate=0.000010 envDelta=0.000175 envFloor=0.000450 onset=4.000000 thresh=0.006000 onsetDelta=3.994000 baseline=0.000180 floor=0.000180 adapt=0.000131 lastPeak=0.000000 baseParam=0.000180 gateRatio=0.0550 envParam=0.000450 onsetScale=0.300 retriggerScale=1.400 guard=0.060 guardRemain=0.000 activeAge=-1.000 retrigRemain=0.000 pitchHz=125.16 pitchCents=723.6
2025-12-14 05:20:34 [tracker] [s2] configure sr=48000.0 hop=128 fft=1024 low=55.0 high=563.2
2025-12-14 05:20:34 [tracker] [s2] params baseline=0.000220 gate=0.0100 envFloor=0.000100 sustain=1.500 retrigger=1.250 peakRelease=0.130 pitchTol=0.400 onsetScale=0.009 aubioScale=1.35 aubioThresh=0.027 onsetSilence=-85.0 pitchSilence=-90.0
2025-12-14 05:20:34 [tracker] [s2] onset t=12.262 env=0.00019 gate=0.00000 envDelta=0.00019 envFloor=0.00015 onset=4.000 thresh=0.009 onsetDelta=3.99100 baseline=0.00022 adaptive=0.00017 lastPeak=0.00014 guard=0.060 activeAge=-1.000 pitch=199.98Hz pitchCents=1034.8
2025-12-14 05:20:34 [tracker] [s3] configure sr=48000.0 hop=128 fft=1024 low=85.2 high=693.0
2025-12-14 05:20:34 [tracker] [s3] params baseline=0.000260 gate=0.1300 envFloor=0.000650 sustain=0.820 retrigger=1.100 peakRelease=0.140 pitchTol=0.450 onsetScale=0.012 aubioScale=1.60 aubioThresh=0.032 onsetSilence=-75.0 pitchSilence=-80.0
2025-12-14 05:20:34 [tracker] [s4] configure sr=48000.0 hop=128 fft=1024 low=127.4 high=862.4
2025-12-14 05:20:34 [tracker] [s4] params baseline=0.000320 gate=0.1700 envFloor=0.000780 sustain=1.000 retrigger=1.000 peakRelease=0.160 pitchTol=0.440 onsetScale=0.014 aubioScale=1.80 aubioThresh=0.036 onsetSilence=-75.0 pitchSilence=-80.0
2025-12-14 05:20:34 [tracker] [s5] configure sr=48000.0 hop=128 fft=512 low=160.5 high=1086.5
2025-12-14 05:20:34 [tracker] [s5] params baseline=0.000370 gate=0.2100 envFloor=0.000900 sustain=1.000 retrigger=1.000 peakRelease=0.180 pitchTol=0.500 onsetScale=0.016 aubioScale=1.80 aubioThresh=0.036 onsetSilence=-75.0 pitchSilence=-80.0
2025-12-14 05:20:34 [tracker] [s6] configure sr=48000.0 hop=128 fft=512 low=214.3 high=1450.4
2025-12-14 05:20:34 [tracker] [s6] params baseline=0.000420 gate=0.2500 envFloor=0.001050 sustain=1.000 retrigger=1.000 peakRelease=0.200 pitchTol=0.550 onsetScale=0.018 aubioScale=1.80 aubioThresh=0.036 onsetSilence=-75.0 pitchSilence=-80.0
2025-12-14 05:20:34 [tracker] [s2] configure sr=48000.0 hop=128 fft=1024 low=55.0 high=563.2
2025-12-14 05:20:34 [tracker] [s2] params baseline=0.000220 gate=0.0100 envFloor=0.000100 sustain=1.500 retrigger=1.250 peakRelease=0.130 pitchTol=0.400 onsetScale=0.009 aubioScale=1.35 aubioThresh=0.027 onsetSilence=-85.0 pitchSilence=-90.0
2025-12-14 05:20:34 [tracker] [s3] configure sr=48000.0 hop=128 fft=1024 low=85.2 high=693.0
2025-12-14 05:20:34 [tracker] [s3] params baseline=0.000260 gate=0.1300 envFloor=0.000650 sustain=0.820 retrigger=1.100 peakRelease=0.140 pitchTol=0.450 onsetScale=0.012 aubioScale=1.60 aubioThresh=0.032 onsetSilence=-75.0 pitchSilence=-80.0
2025-12-14 05:20:34 [tracker] [s4] configure sr=48000.0 hop=128 fft=1024 low=127.4 high=862.4
2025-12-14 05:20:34 [tracker] [s4] params baseline=0.000320 gate=0.1700 envFloor=0.000780 sustain=1.000 retrigger=1.000 peakRelease=0.160 pitchTol=0.440 onsetScale=0.014 aubioScale=1.80 aubioThresh=0.036 onsetSilence=-75.0 pitchSilence=-80.0
2025-12-14 05:20:34 [tracker] [s5] configure sr=48000.0 hop=128 fft=512 low=160.5 high=1086.5
2025-12-14 05:20:34 [tracker] [s5] params baseline=0.000370 gate=0.2100 envFloor=0.000900 sustain=1.000 retrigger=1.000 peakRelease=0.180 pitchTol=0.500 onsetScale=0.016 aubioScale=1.80 aubioThresh=0.036 onsetSilence=-75.0 pitchSilence=-80.0
2025-12-14 05:20:34 [tracker] [s6] configure sr=48000.0 hop=128 fft=512 low=214.3 high=1450.4
2025-12-14 05:20:34 [tracker] [s6] params baseline=0.000420 gate=0.2500 envFloor=0.001050 sustain=1.000 retrigger=1.000 peakRelease=0.200 pitchTol=0.550 onsetScale=0.018 aubioScale=1.80 aubioThresh=0.036 onsetSilence=-75.0 pitchSilence=-80.0
2025-12-14 05:20:34 [tracker] [s1] configure sr=48000.0 hop=128 fft=1024 low=37.1 high=445.0
2025-12-14 05:20:34 [tracker] [s1] params baseline=0.000180 gate=0.0550 envFloor=0.000450 sustain=0.580 retrigger=1.400 peakRelease=0.120 pitchTol=0.400 onsetScale=0.006 aubioScale=1.20 aubioThresh=0.024 onsetSilence=-85.0 pitchSilence=-90.0
2025-12-14 05:20:34 [tracker] [s1] aubio-raw t=12.2808 onset=4.000000 env=0.000186 peak=0.000396 gain=1.000
2025-12-14 05:20:34 [tracker] [s1] onset-below-env-floor t=12.2808 env=0.000186 gate=0.000010 envDelta=0.000176 envFloor=0.000450 onset=4.000000 thresh=0.006000 onsetDelta=3.994000 baseline=0.000180 floor=0.000180 adapt=0.000139 lastPeak=0.000000 baseParam=0.000180 gateRatio=0.0550 envParam=0.000450 onsetScale=0.300 retriggerScale=1.400 guard=0.060 guardRemain=0.000 activeAge=-1.000 retrigRemain=0.000 pitchHz=125.16 pitchCents=723.6
2025-12-14 05:20:34 [tracker] [s2] configure sr=48000.0 hop=128 fft=1024 low=55.0 high=563.2
2025-12-14 05:20:34 [tracker] [s2] params baseline=0.000220 gate=0.0100 envFloor=0.000100 sustain=1.500 retrigger=1.250 peakRelease=0.130 pitchTol=0.400 onsetScale=0.009 aubioScale=1.35 aubioThresh=0.027 onsetSilence=-85.0 pitchSilence=-90.0
2025-12-14 05:20:34 [tracker] [s3] configure sr=48000.0 hop=128 fft=1024 low=85.2 high=693.0
2025-12-14 05:20:34 [tracker] [s3] params baseline=0.000260 gate=0.1300 envFloor=0.000650 sustain=0.820 retrigger=1.100 peakRelease=0.140 pitchTol=0.450 onsetScale=0.012 aubioScale=1.60 aubioThresh=0.032 onsetSilence=-75.0 pitchSilence=-80.0
2025-12-14 05:20:34 [tracker] [s4] configure sr=48000.0 hop=128 fft=1024 low=127.4 high=862.4
2025-12-14 05:20:34 [tracker] [s4] params baseline=0.000320 gate=0.1700 envFloor=0.000780 sustain=1.000 retrigger=1.000 peakRelease=0.160 pitchTol=0.440 onsetScale=0.014 aubioScale=1.80 aubioThresh=0.036 onsetSilence=-75.0 pitchSilence=-80.0
2025-12-14 05:20:34 [tracker] [s5] configure sr=48000.0 hop=128 fft=512 low=160.5 high=1086.5
2025-12-14 05:20:34 [tracker] [s5] params baseline=0.000370 gate=0.2100 envFloor=0.000900 sustain=1.000 retrigger=1.000 peakRelease=0.180 pitchTol=0.500 onsetScale=0.016 aubioScale=1.80 aubioThresh=0.036 onsetSilence=-75.0 pitchSilence=-80.0
2025-12-14 05:20:34 [tracker] [s6] configure sr=48000.0 hop=128 fft=512 low=214.3 high=1450.4
2025-12-14 05:20:34 [tracker] [s6] params baseline=0.000420 gate=0.2500 envFloor=0.001050 sustain=1.000 retrigger=1.000 peakRelease=0.200 pitchTol=0.550 onsetScale=0.018 aubioScale=1.80 aubioThresh=0.036 onsetSilence=-75.0 pitchSilence=-80.0
2025-12-14 05:20:34 [tracker] [s1] configure sr=48000.0 hop=128 fft=1024 low=37.1 high=445.0
2025-12-14 05:20:34 [tracker] [s1] params baseline=0.000180 gate=0.0550 envFloor=0.000450 sustain=0.580 retrigger=1.400 peakRelease=0.120 pitchTol=0.400 onsetScale=0.006 aubioScale=1.20 aubioThresh=0.024 onsetSilence=-85.0 pitchSilence=-90.0
2025-12-14 05:20:34 [tracker] [s1] aubio-raw t=12.2968 onset=4.000000 env=0.000095 peak=0.000251 gain=1.000
2025-12-14 05:20:34 [tracker] [s1] onset-below-env-floor t=12.2968 env=0.000095 gate=0.000010 envDelta=0.000085 envFloor=0.000450 onset=4.000000 thresh=0.006000 onsetDelta=3.994000 baseline=0.000180 floor=0.000180 adapt=0.000136 lastPeak=0.000000 baseParam=0.000180 gateRatio=0.0550 envParam=0.000450 onsetScale=0.300 retriggerScale=1.400 guard=0.060 guardRemain=0.000 activeAge=-1.000 retrigRemain=0.000 pitchHz=125.16 pitchCents=723.6
2025-12-14 05:20:34 [tracker] [s1] configure sr=48000.0 hop=128 fft=1024 low=37.1 high=445.0
2025-12-14 05:20:34 [tracker] [s1] aubio-raw t=12.3128 onset=4.000000 env=0.000127 peak=0.000324 gain=1.000
2025-12-14 05:20:34 [tracker] [s1] onset-below-env-floor t=12.3128 env=0.000127 gate=0.000010 envDelta=0.000117 envFloor=0.000450 onset=4.000000 thresh=0.006000 onsetDelta=3.994000 baseline=0.000180 floor=0.000180 adapt=0.000136 lastPeak=0.000000 baseParam=0.000180 gateRatio=0.0550 envParam=0.000450 onsetScale=0.300 retriggerScale=1.400 guard=0.060 guardRemain=0.000 activeAge=-1.000 retrigRemain=0.000 pitchHz=125.16 pitchCents=723.6
2025-12-14 05:20:34 [tracker] [s2] configure sr=48000.0 hop=128 fft=1024 low=55.0 high=563.2
2025-12-14 05:20:34 [tracker] [s2] params baseline=0.000220 gate=0.0100 envFloor=0.000100 sustain=1.500 retrigger=1.250 peakRelease=0.130 pitchTol=0.400 onsetScale=0.009 aubioScale=1.35 aubioThresh=0.027 onsetSilence=-85.0 pitchSilence=-90.0
2025-12-14 05:20:34 [tracker] [s3] configure sr=48000.0 hop=128 fft=1024 low=85.2 high=693.0
2025-12-14 05:20:34 [tracker] [s3] params baseline=0.000260 gate=0.1300 envFloor=0.000650 sustain=0.820 retrigger=1.100 peakRelease=0.140 pitchTol=0.450 onsetScale=0.012 aubioScale=1.60 aubioThresh=0.032 onsetSilence=-75.0 pitchSilence=-80.0
2025-12-14 05:20:34 [tracker] [s4] configure sr=48000.0 hop=128 fft=1024 low=127.4 high=862.4
2025-12-14 05:20:34 [tracker] [s4] params baseline=0.000320 gate=0.1700 envFloor=0.000780 sustain=1.000 retrigger=1.000 peakRelease=0.160 pitchTol=0.440 onsetScale=0.014 aubioScale=1.80 aubioThresh=0.036 onsetSilence=-75.0 pitchSilence=-80.0
2025-12-14 05:20:34 [tracker] [s5] configure sr=48000.0 hop=128 fft=512 low=160.5 high=1086.5
2025-12-14 05:20:34 [tracker] [s5] params baseline=0.000370 gate=0.2100 envFloor=0.000900 sustain=1.000 retrigger=1.000 peakRelease=0.180 pitchTol=0.500 onsetScale=0.016 aubioScale=1.80 aubioThresh=0.036 onsetSilence=-75.0 pitchSilence=-80.0
2025-12-14 05:20:34 [tracker] [s6] configure sr=48000.0 hop=128 fft=512 low=214.3 high=1450.4
2025-12-14 05:20:34 [tracker] [s6] params baseline=0.000420 gate=0.2500 envFloor=0.001050 sustain=1.000 retrigger=1.000 peakRelease=0.200 pitchTol=0.550 onsetScale=0.018 aubioScale=1.80 aubioThresh=0.036 onsetSilence=-75.0 pitchSilence=-80.0
2025-12-14 05:20:34 [tracker] [s2] configure sr=48000.0 hop=128 fft=1024 low=55.0 high=563.2
2025-12-14 05:20:34 [tracker] [s2] params baseline=0.000220 gate=0.0100 envFloor=0.000100 sustain=1.500 retrigger=1.250 peakRelease=0.130 pitchTol=0.400 onsetScale=0.009 aubioScale=1.35 aubioThresh=0.027 onsetSilence=-85.0 pitchSilence=-90.0
2025-12-14 05:20:34 [tracker] [s3] configure sr=48000.0 hop=128 fft=1024 low=85.2 high=693.0
2025-12-14 05:20:34 [tracker] [s3] params baseline=0.000260 gate=0.1300 envFloor=0.000650 sustain=0.820 retrigger=1.100 peakRelease=0.140 pitchTol=0.450 onsetScale=0.012 aubioScale=1.60 aubioThresh=0.032 onsetSilence=-75.0 pitchSilence=-80.0
2025-12-14 05:20:34 [tracker] [s4] configure sr=48000.0 hop=128 fft=1024 low=127.4 high=862.4
2025-12-14 05:20:34 [tracker] [s4] params baseline=0.000320 gate=0.1700 envFloor=0.000780 sustain=1.000 retrigger=1.000 peakRelease=0.160 pitchTol=0.440 onsetScale=0.014 aubioScale=1.80 aubioThresh=0.036 onsetSilence=-75.0 pitchSilence=-80.0
2025-12-14 05:20:34 [tracker] [s5] configure sr=48000.0 hop=128 fft=512 low=160.5 high=1086.5
2025-12-14 05:20:34 [tracker] [s5] params baseline=0.000370 gate=0.2100 envFloor=0.000900 sustain=1.000 retrigger=1.000 peakRelease=0.180 pitchTol=0.500 onsetScale=0.016 aubioScale=1.80 aubioThresh=0.036 onsetSilence=-75.0 pitchSilence=-80.0
2025-12-14 05:20:34 [tracker] [s6] configure sr=48000.0 hop=128 fft=512 low=214.3 high=1450.4
2025-12-14 05:20:34 [tracker] [s6] params baseline=0.000420 gate=0.2500 envFloor=0.001050 sustain=1.000 retrigger=1.000 peakRelease=0.200 pitchTol=0.550 onsetScale=0.018 aubioScale=1.80 aubioThresh=0.036 onsetSilence=-75.0 pitchSilence=-80.0
2025-12-14 05:20:34 [tracker] [s1] configure sr=48000.0 hop=128 fft=1024 low=37.1 high=445.0
2025-12-14 05:20:34 [tracker] [s1] params baseline=0.000180 gate=0.0550 envFloor=0.000450 sustain=0.580 retrigger=1.400 peakRelease=0.120 pitchTol=0.400 onsetScale=0.006 aubioScale=1.20 aubioThresh=0.024 onsetSilence=-85.0 pitchSilence=-90.0
2025-12-14 05:20:34 [tracker] [s1] aubio-raw t=12.5181 onset=4.000000 env=0.000116 peak=0.000229 gain=1.000
2025-12-14 05:20:34 [tracker] [s1] onset-below-env-floor t=12.5181 env=0.000116 gate=0.000010 envDelta=0.000106 envFloor=0.000450 onset=4.000000 thresh=0.006000 onsetDelta=3.994000 baseline=0.000180 floor=0.000180 adapt=0.000131 lastPeak=0.000000 baseParam=0.000180 gateRatio=0.0550 envParam=0.000450 onsetScale=0.300 retriggerScale=1.400 guard=0.060 guardRemain=0.000 activeAge=-1.000 retrigRemain=0.000 pitchHz=125.00 pitchCents=721.3
2025-12-14 05:20:34 [tracker] [s2] onset t=12.611 env=0.00016 gate=0.00000 envDelta=0.00015 envFloor=0.00015 onset=1.270 thresh=0.009 onsetDelta=1.26105 baseline=0.00022 adaptive=0.00017 lastPeak=0.00007 guard=0.060 activeAge=-1.000 pitch=266.67Hz pitchCents=1533.1
2025-12-14 05:20:34 [tracker] [s2] note-start t=12.611 fret=14 midi=59 vel=0.00 env=0.00016
2025-12-14 05:20:34 [tracker] [s2] release-retrigger t=12.670 onset=1.000 gate=0.000 age=0.059
2025-12-14 05:20:34 [tracker] [s2] note-ended t=12.670 fret=14 dur=0.059
2025-12-14 05:20:35 [tracker] [s2] onset t=12.918 env=0.00016 gate=0.00000 envDelta=0.00016 envFloor=0.00015 onset=1.028 thresh=0.009 onsetDelta=1.01891 baseline=0.00022 adaptive=0.00016 lastPeak=0.00009 guard=0.060 activeAge=-1.000 pitch=249.99Hz pitchCents=1421.2
2025-12-14 05:20:35 [tracker] [s2] note-start t=12.918 fret=0 midi=45 vel=0.00 env=0.00016
2025-12-14 05:20:35 [tracker] [s2] release-retrigger t=12.993 onset=1.009 gate=0.000 age=0.075
2025-12-14 05:20:35 [tracker] [s2] note-ended t=12.993 fret=0 dur=0.075
2025-12-14 05:20:35 [tracker] [s1] aubio-raw t=13.0674 onset=1.402424 env=0.000124 peak=0.000401 gain=1.000
2025-12-14 05:20:35 [tracker] [s1] onset-below-env-floor t=13.0674 env=0.000124 gate=0.000010 envDelta=0.000114 envFloor=0.000450 onset=1.402424 thresh=0.006000 onsetDelta=1.396424 baseline=0.000180 floor=0.000180 adapt=0.000142 lastPeak=0.000000 baseParam=0.000180 gateRatio=0.0550 envParam=0.000450 onsetScale=0.300 retriggerScale=1.400 guard=0.060 guardRemain=0.000 activeAge=-1.000 retrigRemain=0.000 pitchHz=-1.00 pitchCents=0.0
2025-12-14 05:20:35 [tracker] [s1] aubio-raw t=13.5180 onset=0.995644 env=0.000103 peak=0.000288 gain=1.000
2025-12-14 05:20:35 [tracker] [s1] onset-below-env-floor t=13.5180 env=0.000103 gate=0.000010 envDelta=0.000093 envFloor=0.000450 onset=0.995644 thresh=0.006000 onsetDelta=0.989644 baseline=0.000180 floor=0.000180 adapt=0.000129 lastPeak=0.000000 baseParam=0.000180 gateRatio=0.0550 envParam=0.000450 onsetScale=0.300 retriggerScale=1.400 guard=0.060 guardRemain=0.000 activeAge=-1.000 retrigRemain=0.000 pitchHz=615.39 pitchCents=3480.8
2025-12-14 05:20:35 [tracker] [s1] aubio-raw t=13.5927 onset=0.949243 env=0.000163 peak=0.000504 gain=1.000
2025-12-14 05:20:35 [tracker] [s1] onset-below-env-floor t=13.5927 env=0.000163 gate=0.000010 envDelta=0.000153 envFloor=0.000450 onset=0.949243 thresh=0.006000 onsetDelta=0.943243 baseline=0.000180 floor=0.000180 adapt=0.000133 lastPeak=0.000000 baseParam=0.000180 gateRatio=0.0550 envParam=0.000450 onsetScale=0.300 retriggerScale=1.400 guard=0.060 guardRemain=0.000 activeAge=-1.000 retrigRemain=0.000 pitchHz=347.78 pitchCents=2492.8
2025-12-14 05:20:36 [tracker] [s2] onset t=14.147 env=0.00017 gate=0.00000 envDelta=0.00017 envFloor=0.00015 onset=0.994 thresh=0.009 onsetDelta=0.98536 baseline=0.00022 adaptive=0.00016 lastPeak=0.00002 guard=0.060 activeAge=-1.000 pitch=115.94Hz pitchCents=91.0
2025-12-14 05:20:36 [tracker] [s2] onset t=14.278 env=0.00016 gate=0.00000 envDelta=0.00016 envFloor=0.00015 onset=0.995 thresh=0.009 onsetDelta=0.98594 baseline=0.00022 adaptive=0.00017 lastPeak=0.00001 guard=0.060 activeAge=-1.000 pitch=-1.00Hz pitchCents=0.0
2025-12-14 05:20:36 [tracker] [s1] aubio-raw t=14.7819 onset=1.388781 env=0.000175 peak=0.000347 gain=1.000
2025-12-14 05:20:36 [tracker] [s1] onset-below-env-floor t=14.7819 env=0.000175 gate=0.000010 envDelta=0.000165 envFloor=0.000450 onset=1.388781 thresh=0.006000 onsetDelta=1.382781 baseline=0.000180 floor=0.000180 adapt=0.000144 lastPeak=0.000000 baseParam=0.000180 gateRatio=0.0550 envParam=0.000450 onsetScale=0.300 retriggerScale=1.400 guard=0.060 guardRemain=0.000 activeAge=-1.000 retrigRemain=0.000 pitchHz=307.69 pitchCents=2280.8
2025-12-14 05:20:37 [tracker] [s1] aubio-raw t=14.9446 onset=1.110677 env=0.000111 peak=0.000380 gain=1.000
2025-12-14 05:20:37 [tracker] [s1] onset-below-env-floor t=14.9446 env=0.000111 gate=0.000010 envDelta=0.000101 envFloor=0.000450 onset=1.110677 thresh=0.006000 onsetDelta=1.104677 baseline=0.000180 floor=0.000180 adapt=0.000149 lastPeak=0.000000 baseParam=0.000180 gateRatio=0.0550 envParam=0.000450 onsetScale=0.300 retriggerScale=1.400 guard=0.060 guardRemain=0.000 activeAge=-1.000 retrigRemain=0.000 pitchHz=205.13 pitchCents=1578.8
2025-12-14 05:20:37 [tracker] [s2] onset t=14.985 env=0.00018 gate=0.00000 envDelta=0.00018 envFloor=0.00015 onset=0.983 thresh=0.009 onsetDelta=0.97360 baseline=0.00022 adaptive=0.00019 lastPeak=0.00000 guard=0.060 activeAge=-1.000 pitch=228.56Hz pitchCents=1266.1
2025-12-14 05:20:37 [tracker] [s1] aubio-raw t=15.1952 onset=0.999402 env=0.000115 peak=0.000242 gain=1.000
2025-12-14 05:20:37 [tracker] [s1] onset-below-env-floor t=15.1952 env=0.000115 gate=0.000010 envDelta=0.000105 envFloor=0.000450 onset=0.999402 thresh=0.006000 onsetDelta=0.993402 baseline=0.000180 floor=0.000180 adapt=0.000129 lastPeak=0.000000 baseParam=0.000180 gateRatio=0.0550 envParam=0.000450 onsetScale=0.300 retriggerScale=1.400 guard=0.060 guardRemain=0.000 activeAge=-1.000 retrigRemain=0.000 pitchHz=145.44 pitchCents=983.6
2025-12-14 05:20:37 [tracker] [s2] onset t=15.337 env=0.00018 gate=0.00000 envDelta=0.00018 envFloor=0.00015 onset=0.996 thresh=0.009 onsetDelta=0.98678 baseline=0.00022 adaptive=0.00017 lastPeak=0.00000 guard=0.060 activeAge=-1.000 pitch=615.37Hz pitchCents=2980.7
2025-12-14 05:20:37 [tracker] [s1] aubio-raw t=15.3792 onset=0.907757 env=0.000107 peak=0.000268 gain=1.000
2025-12-14 05:20:37 [tracker] [s1] onset-below-env-floor t=15.3792 env=0.000107 gate=0.000010 envDelta=0.000097 envFloor=0.000450 onset=0.907757 thresh=0.006000 onsetDelta=0.901757 baseline=0.000180 floor=0.000180 adapt=0.000144 lastPeak=0.000000 baseParam=0.000180 gateRatio=0.0550 envParam=0.000450 onsetScale=0.300 retriggerScale=1.400 guard=0.060 guardRemain=0.000 activeAge=-1.000 retrigRemain=0.000 pitchHz=137.93 pitchCents=891.7
2025-12-14 05:20:37 [tracker] [s2] onset t=15.451 env=0.00019 gate=0.00000 envDelta=0.00019 envFloor=0.00015 onset=1.133 thresh=0.009 onsetDelta=1.12365 baseline=0.00022 adaptive=0.00018 lastPeak=0.00000 guard=0.060 activeAge=-1.000 pitch=380.93Hz pitchCents=2150.4
2025-12-14 05:20:37 [tracker] [s1] aubio-raw t=15.5232 onset=1.023642 env=0.000140 peak=0.000411 gain=1.000
2025-12-14 05:20:37 [tracker] [s1] onset-below-env-floor t=15.5232 env=0.000140 gate=0.000010 envDelta=0.000130 envFloor=0.000450 onset=1.023642 thresh=0.006000 onsetDelta=1.017642 baseline=0.000180 floor=0.000180 adapt=0.000146 lastPeak=0.000000 baseParam=0.000180 gateRatio=0.0550 envParam=0.000450 onsetScale=0.300 retriggerScale=1.400 guard=0.060 guardRemain=0.000 activeAge=-1.000 retrigRemain=0.000 pitchHz=166.67 pitchCents=1219.3
2025-12-14 05:20:37 [tracker] [s1] aubio-raw t=15.5925 onset=0.996345 env=0.000091 peak=0.000247 gain=1.000
2025-12-14 05:20:37 [tracker] [s1] onset-below-env-floor t=15.5925 env=0.000091 gate=0.000010 envDelta=0.000081 envFloor=0.000450 onset=0.996345 thresh=0.006000 onsetDelta=0.990345 baseline=0.000180 floor=0.000180 adapt=0.000133 lastPeak=0.000000 baseParam=0.000180 gateRatio=0.0550 envParam=0.000450 onsetScale=0.300 retriggerScale=1.400 guard=0.060 guardRemain=0.000 activeAge=-1.000 retrigRemain=0.000 pitchHz=190.46 pitchCents=1450.4
2025-12-14 05:20:37 [tracker] [s1] aubio-raw t=15.6619 onset=1.157124 env=0.000146 peak=0.000405 gain=1.000
2025-12-14 05:20:37 [tracker] [s1] onset-below-env-floor t=15.6619 env=0.000146 gate=0.000010 envDelta=0.000136 envFloor=0.000450 onset=1.157124 thresh=0.006000 onsetDelta=1.151124 baseline=0.000180 floor=0.000180 adapt=0.000143 lastPeak=0.000000 baseParam=0.000180 gateRatio=0.0550 envParam=0.000450 onsetScale=0.300 retriggerScale=1.400 guard=0.060 guardRemain=0.000 activeAge=-1.000 retrigRemain=0.000 pitchHz=109.59 pitchCents=493.5
2025-12-14 05:20:37 [tracker] [s1] aubio-raw t=15.7685 onset=1.028329 env=0.000134 peak=0.000349 gain=1.000
2025-12-14 05:20:37 [tracker] [s1] onset-below-env-floor t=15.7685 env=0.000134 gate=0.000010 envDelta=0.000124 envFloor=0.000450 onset=1.028329 thresh=0.006000 onsetDelta=1.022329 baseline=0.000180 floor=0.000180 adapt=0.000151 lastPeak=0.000000 baseParam=0.000180 gateRatio=0.0550 envParam=0.000450 onsetScale=0.300 retriggerScale=1.400 guard=0.060 guardRemain=0.000 activeAge=-1.000 retrigRemain=0.000 pitchHz=-1.00 pitchCents=0.0
2025-12-14 05:20:38 [tracker] [s1] aubio-raw t=15.8245 onset=0.861310 env=0.000123 peak=0.000317 gain=1.000
2025-12-14 05:20:38 [tracker] [s1] onset-below-env-floor t=15.8245 env=0.000123 gate=0.000010 envDelta=0.000113 envFloor=0.000450 onset=0.861310 thresh=0.006000 onsetDelta=0.855310 baseline=0.000180 floor=0.000180 adapt=0.000145 lastPeak=0.000000 baseParam=0.000180 gateRatio=0.0550 envParam=0.000450 onsetScale=0.300 retriggerScale=1.400 guard=0.060 guardRemain=0.000 activeAge=-1.000 retrigRemain=0.000 pitchHz=-1.00 pitchCents=0.0
2025-12-14 05:20:38 [tracker] [s2] onset t=16.099 env=0.00021 gate=0.00000 envDelta=0.00021 envFloor=0.00015 onset=1.070 thresh=0.009 onsetDelta=1.06074 baseline=0.00022 adaptive=0.00019 lastPeak=0.00000 guard=0.060 activeAge=-1.000 pitch=-1.00Hz pitchCents=0.0
2025-12-14 05:20:38 [tracker] [s1] aubio-raw t=16.4218 onset=1.161476 env=0.000134 peak=0.000373 gain=1.000
2025-12-14 05:20:38 [tracker] [s1] onset-below-env-floor t=16.4218 env=0.000134 gate=0.000010 envDelta=0.000124 envFloor=0.000450 onset=1.161476 thresh=0.006000 onsetDelta=1.155476 baseline=0.000180 floor=0.000180 adapt=0.000151 lastPeak=0.000000 baseParam=0.000180 gateRatio=0.0550 envParam=0.000450 onsetScale=0.300 retriggerScale=1.400 guard=0.060 guardRemain=0.000 activeAge=-1.000 retrigRemain=0.000 pitchHz=205.12 pitchCents=1578.8
2025-12-14 05:20:38 [tracker] [s1] aubio-raw t=16.7791 onset=0.995175 env=0.000088 peak=0.000234 gain=1.000
2025-12-14 05:20:38 [tracker] [s1] onset-below-env-floor t=16.7791 env=0.000088 gate=0.000010 envDelta=0.000078 envFloor=0.000450 onset=0.995175 thresh=0.006000 onsetDelta=0.989175 baseline=0.000180 floor=0.000180 adapt=0.000135 lastPeak=0.000000 baseParam=0.000180 gateRatio=0.0550 envParam=0.000450 onsetScale=0.300 retriggerScale=1.400 guard=0.060 guardRemain=0.000 activeAge=-1.000 retrigRemain=0.000 pitchHz=133.33 pitchCents=833.0
2025-12-14 05:20:39 [tracker] [s1] aubio-raw t=16.9338 onset=1.148829 env=0.000105 peak=0.000249 gain=1.000
2025-12-14 05:20:39 [tracker] [s1] onset-below-env-floor t=16.9338 env=0.000105 gate=0.000010 envDelta=0.000095 envFloor=0.000450 onset=1.148829 thresh=0.006000 onsetDelta=1.142829 baseline=0.000180 floor=0.000180 adapt=0.000157 lastPeak=0.000000 baseParam=0.000180 gateRatio=0.0550 envParam=0.000450 onsetScale=0.300 retriggerScale=1.400 guard=0.060 guardRemain=0.000 activeAge=-1.000 retrigRemain=0.000 pitchHz=100.00 pitchCents=334.9
2025-12-14 05:20:39 [tracker] [s2] onset t=17.094 env=0.00022 gate=0.00000 envDelta=0.00021 envFloor=0.00015 onset=1.137 thresh=0.009 onsetDelta=1.12848 baseline=0.00022 adaptive=0.00018 lastPeak=0.00000 guard=0.060 activeAge=-1.000 pitch=97.56Hz pitchCents=-207.9
2025-12-14 05:20:39 [tracker] [s1] aubio-raw t=17.3977 onset=0.875416 env=0.000150 peak=0.000354 gain=1.000
2025-12-14 05:20:39 [tracker] [s1] onset-below-env-floor t=17.3977 env=0.000150 gate=0.000010 envDelta=0.000140 envFloor=0.000450 onset=0.875416 thresh=0.006000 onsetDelta=0.869416 baseline=0.000180 floor=0.000180 adapt=0.000139 lastPeak=0.000000 baseParam=0.000180 gateRatio=0.0550 envParam=0.000450 onsetScale=0.300 retriggerScale=1.400 guard=0.060 guardRemain=0.000 activeAge=-1.000 retrigRemain=0.000 pitchHz=195.13 pitchCents=1492.3
2025-12-14 05:20:39 [tracker] [s1] aubio-raw t=17.4751 onset=1.030582 env=0.000127 peak=0.000331 gain=1.000
2025-12-14 05:20:39 [tracker] [s1] onset-below-env-floor t=17.4751 env=0.000127 gate=0.000010 envDelta=0.000117 envFloor=0.000450 onset=1.030582 thresh=0.006000 onsetDelta=1.024582 baseline=0.000180 floor=0.000180 adapt=0.000140 lastPeak=0.000000 baseParam=0.000180 gateRatio=0.0550 envParam=0.000450 onsetScale=0.300 retriggerScale=1.400 guard=0.060 guardRemain=0.000 activeAge=-1.000 retrigRemain=0.000 pitchHz=156.86 pitchCents=1114.3
2025-12-14 05:20:39 [tracker] [s1] aubio-raw t=17.6431 onset=1.108306 env=0.000087 peak=0.000210 gain=1.000
2025-12-14 05:20:39 [tracker] [s1] onset-below-env-floor t=17.6431 env=0.000087 gate=0.000010 envDelta=0.000077 envFloor=0.000450 onset=1.108306 thresh=0.006000 onsetDelta=1.102306 baseline=0.000180 floor=0.000180 adapt=0.000159 lastPeak=0.000000 baseParam=0.000180 gateRatio=0.0550 envParam=0.000450 onsetScale=0.300 retriggerScale=1.400 guard=0.060 guardRemain=0.000 activeAge=-1.000 retrigRemain=0.000 pitchHz=106.67 pitchCents=446.7
2025-12-14 05:20:40 [tracker] [s1] aubio-raw t=17.9364 onset=1.030474 env=0.000123 peak=0.000290 gain=1.000
2025-12-14 05:20:40 [tracker] [s1] onset-below-env-floor t=17.9364 env=0.000123 gate=0.000010 envDelta=0.000113 envFloor=0.000450 onset=1.030474 thresh=0.006000 onsetDelta=1.024474 baseline=0.000180 floor=0.000180 adapt=0.000136 lastPeak=0.000000 baseParam=0.000180 gateRatio=0.0550 envParam=0.000450 onsetScale=0.300 retriggerScale=1.400 guard=0.060 guardRemain=0.000 activeAge=-1.000 retrigRemain=0.000 pitchHz=117.65 pitchCents=616.3
2025-12-14 05:20:40 [sessionwavs] wrote 6 wav files to /home/general/SignalAssistant/logs/sessionwavs/session-20251214-052021 (shutdown)
