# SignalAssistant session log
# Started at 2025-12-15 23:02:11
2025-12-15 23:02:11 [session] mode=live session='' path='' duration=0.00 files=0
2025-12-15 23:02:11 [tracker-settings] TrackerConfig onsetThreshold=0.02000 minNoteDurSec=0.045 hopSec=0.010 slideDelta=120.0 bendDelta=35.0
2025-12-15 23:02:11 [tracker-settings] string1 midi=40 lowCut=37.08Hz highCut=445.00Hz baseline=0.000180 gateRatio=0.05500 envFloor=0.000450 sustainScale=0.580 retriggerScale=1.400 peakRelease=0.120 pitchTol=0.400 onsetScale=0.006
2025-12-15 23:02:11 [tracker-settings] string3 midi=50 lowCut=85.16Hz highCut=693.05Hz baseline=0.000260 gateRatio=0.13000 envFloor=0.000650 sustainScale=0.820 retriggerScale=1.100 peakRelease=0.140 pitchTol=0.450 onsetScale=0.012
2025-12-15 23:02:11 [tracker-settings] string4 midi=55 lowCut=127.40Hz highCut=862.39Hz baseline=0.000320 gateRatio=0.17000 envFloor=0.000780 sustainScale=1.000 retriggerScale=1.000 peakRelease=0.160 pitchTol=0.440 onsetScale=0.014
2025-12-15 23:02:11 [tracker-settings] string5 midi=59 lowCut=160.51Hz highCut=1086.54Hz baseline=0.000370 gateRatio=0.21000 envFloor=0.000900 sustainScale=1.000 retriggerScale=1.000 peakRelease=0.180 pitchTol=0.500 onsetScale=0.016
2025-12-15 23:02:11 [tracker-settings] string6 midi=64 lowCut=214.26Hz highCut=1450.36Hz baseline=0.000420 gateRatio=0.25000 envFloor=0.001050 sustainScale=1.000 retriggerScale=1.000 peakRelease=0.200 pitchTol=0.550 onsetScale=0.018
2025-12-15 23:02:11 [tracker] [s1] calibration reset target=0.00180 gain=1.000
2025-12-15 23:02:11 [tracker] [s2] calibration reset target=0.00180 gain=1.000
2025-12-15 23:02:11 [tracker] [s3] calibration reset target=0.00180 gain=1.000
2025-12-15 23:02:11 [tracker] [s4] calibration reset target=0.00180 gain=1.000
2025-12-15 23:02:11 [tracker] [s5] calibration reset target=0.00180 gain=1.000
2025-12-15 23:02:11 [tracker] [s6] calibration reset target=0.00180 gain=1.000
2025-12-15 23:02:11 [calibration] Loading calibration profile multipliers into parameters
2025-12-15 23:02:11 [calibration] String 1: setting multiplier to 6.317
2025-12-15 23:02:11 [calibration] String 2: setting multiplier to 8.000
2025-12-15 23:02:11 [calibration] String 3: setting multiplier to 8.000
2025-12-15 23:02:11 [calibration] String 4: setting multiplier to 8.000
2025-12-15 23:02:11 [calibration] String 5: setting multiplier to 8.000
2025-12-15 23:02:11 [calibration] String 6: setting multiplier to 8.000
2025-12-15 23:02:11 [tracker] [s1] calibration avg=0.03970 target=0.00180 gain=1.000
2025-12-15 23:02:11 [tracker] [s2] calibration avg=0.01940 target=0.00180 gain=1.000
2025-12-15 23:02:11 [tracker] [s3] calibration avg=0.01411 target=0.00180 gain=1.000
2025-12-15 23:02:11 [tracker] [s4] calibration avg=0.03018 target=0.00180 gain=1.000
2025-12-15 23:02:11 [tracker] [s5] calibration avg=0.02970 target=0.00180 gain=1.000
2025-12-15 23:02:11 [tracker] [s6] calibration avg=0.02331 target=0.00180 gain=1.000
2025-12-15 23:02:12 [tracker] [s1] configure sr=48000.0 hop=128 fft=1024 low=37.1 high=445.0
2025-12-15 23:02:12 [tracker] [s1] params baseline=0.000180 gate=0.0550 envFloor=0.000450 sustain=0.580 retrigger=1.400 peakRelease=0.120 pitchTol=0.400 onsetScale=0.006 aubioScale=1.20 aubioThresh=0.024 onsetSilence=-85.0 pitchSilence=-90.0
2025-12-15 23:02:12 [tracker] [s2] configure sr=48000.0 hop=128 fft=1024 low=55.0 high=563.2
2025-12-15 23:02:12 [tracker] [s2] params baseline=0.000220 gate=0.0100 envFloor=0.000100 sustain=1.500 retrigger=1.250 peakRelease=0.130 pitchTol=0.400 onsetScale=0.009 aubioScale=1.35 aubioThresh=0.027 onsetSilence=-85.0 pitchSilence=-90.0
2025-12-15 23:02:12 [tracker] [s3] configure sr=48000.0 hop=128 fft=1024 low=85.2 high=693.0
2025-12-15 23:02:12 [tracker] [s3] params baseline=0.000260 gate=0.1300 envFloor=0.000650 sustain=0.820 retrigger=1.100 peakRelease=0.140 pitchTol=0.450 onsetScale=0.012 aubioScale=1.60 aubioThresh=0.032 onsetSilence=-75.0 pitchSilence=-80.0
2025-12-15 23:02:12 [tracker] [s4] configure sr=48000.0 hop=128 fft=1024 low=127.4 high=862.4
2025-12-15 23:02:12 [tracker] [s4] params baseline=0.000320 gate=0.1700 envFloor=0.000780 sustain=1.000 retrigger=1.000 peakRelease=0.160 pitchTol=0.440 onsetScale=0.014 aubioScale=1.80 aubioThresh=0.036 onsetSilence=-75.0 pitchSilence=-80.0
2025-12-15 23:02:12 [tracker] [s5] configure sr=48000.0 hop=128 fft=512 low=160.5 high=1086.5
2025-12-15 23:02:12 [tracker] [s5] params baseline=0.000370 gate=0.2100 envFloor=0.000900 sustain=1.000 retrigger=1.000 peakRelease=0.180 pitchTol=0.500 onsetScale=0.016 aubioScale=1.80 aubioThresh=0.036 onsetSilence=-75.0 pitchSilence=-80.0
2025-12-15 23:02:12 [tracker] [s6] configure sr=48000.0 hop=128 fft=512 low=214.3 high=1450.4
2025-12-15 23:02:12 [tracker] [s6] params baseline=0.000420 gate=0.2500 envFloor=0.001050 sustain=1.000 retrigger=1.000 peakRelease=0.200 pitchTol=0.550 onsetScale=0.018 aubioScale=1.80 aubioThresh=0.036 onsetSilence=-75.0 pitchSilence=-80.0
2025-12-15 23:02:12 [tracker] [s1] aubio-raw t=0.0040 onset=4.000000 env=0.000730 peak=0.001786 gain=1.000
2025-12-15 23:02:12 [tracker] [s1] onset-accepted t=0.0040 env=0.000730 gate=0.000022 envDelta=0.000708 envFloor=0.000595 onset=4.000000 thresh=0.006000 onsetDelta=3.994000 baseline=0.000397 floor=0.000180 adapt=0.000992 lastPeak=0.000000 baseParam=0.000180 gateRatio=0.0550 envParam=0.000450 onsetScale=0.300 retriggerScale=1.400 guard=0.060 guardRemain=0.000 activeAge=-1.000 retrigRemain=0.000 pitchHz=125.16 pitchCents=723.6
2025-12-15 23:02:12 [tracker] [s1] onset t=0.004 env=0.00073 gate=0.00002 envDelta=0.00071 envFloor=0.00060 onset=4.000 thresh=0.006 onsetDelta=3.99400 baseline=0.00040 adaptive=0.00099 lastPeak=0.00000 guard=0.060 activeAge=-1.000 pitch=125.16Hz pitchCents=723.6
2025-12-15 23:02:12 [tracker] [s2] onset t=0.004 env=0.00095 gate=0.00000 envDelta=0.00094 envFloor=0.00060 onset=4.000 thresh=0.009 onsetDelta=3.99100 baseline=0.00040 adaptive=0.00100 lastPeak=0.00000 guard=0.060 activeAge=-1.000 pitch=125.16Hz pitchCents=223.6
2025-12-15 23:02:12 [tracker] [s3] onset t=0.004 env=0.00128 gate=0.00005 envDelta=0.00123 envFloor=0.00065 onset=4.000 thresh=0.012 onsetDelta=3.98840 baseline=0.00042 adaptive=0.00104 lastPeak=0.00000 guard=0.060 activeAge=-1.000 pitch=125.16Hz pitchCents=-276.4
2025-12-15 23:02:12 [tracker] [s4] onset t=0.004 env=0.00151 gate=0.00007 envDelta=0.00144 envFloor=0.00078 onset=4.000 thresh=0.014 onsetDelta=3.98600 baseline=0.00043 adaptive=0.00108 lastPeak=0.00000 guard=0.060 activeAge=-1.000 pitch=125.16Hz pitchCents=-776.4
2025-12-15 23:02:12 [tracker] [s5] onset t=0.004 env=0.00186 gate=0.00009 envDelta=0.00177 envFloor=0.00090 onset=4.000 thresh=0.016 onsetDelta=3.98400 baseline=0.00045 adaptive=0.00113 lastPeak=0.00000 guard=0.060 activeAge=-1.000 pitch=376.47Hz pitchCents=730.0
2025-12-15 23:02:12 [tracker] [s6] onset t=0.004 env=0.00190 gate=0.00011 envDelta=0.00178 envFloor=0.00105 onset=4.000 thresh=0.018 onsetDelta=3.98200 baseline=0.00045 adaptive=0.00113 lastPeak=0.00000 guard=0.060 activeAge=-1.000 pitch=376.47Hz pitchCents=230.0
2025-12-15 23:02:12 [tracker] [s6] onset t=0.079 env=0.00203 gate=0.00020 envDelta=0.00184 envFloor=0.00118 onset=1.003 thresh=0.018 onsetDelta=0.98495 baseline=0.00078 adaptive=0.00196 lastPeak=0.00000 guard=0.060 activeAge=-1.000 pitch=-1.00Hz pitchCents=0.0
2025-12-15 23:02:12 [tracker] [s2] onset t=0.132 env=0.00170 gate=0.00001 envDelta=0.00169 envFloor=0.00098 onset=1.395 thresh=0.009 onsetDelta=1.38576 baseline=0.00065 adaptive=0.00164 lastPeak=0.00000 guard=0.060 activeAge=-1.000 pitch=109.58Hz pitchCents=-6.6
2025-12-15 23:02:12 [tracker] [s2] onset t=0.199 env=0.00162 gate=0.00001 envDelta=0.00161 envFloor=0.00090 onset=1.492 thresh=0.009 onsetDelta=1.48300 baseline=0.00060 adaptive=0.00150 lastPeak=0.00000 guard=0.060 activeAge=-1.000 pitch=-1.00Hz pitchCents=0.0
2025-12-15 23:02:12 [tracker] [s5] onset t=0.257 env=0.00173 gate=0.00016 envDelta=0.00157 envFloor=0.00111 onset=0.775 thresh=0.016 onsetDelta=0.75897 baseline=0.00074 adaptive=0.00185 lastPeak=0.00000 guard=0.060 activeAge=-1.000 pitch=-1.00Hz pitchCents=0.0
2025-12-15 23:02:12 [tracker] [s2] onset t=0.284 env=0.00112 gate=0.00001 envDelta=0.00111 envFloor=0.00106 onset=0.758 thresh=0.009 onsetDelta=0.74880 baseline=0.00071 adaptive=0.00177 lastPeak=0.00000 guard=0.060 activeAge=-1.000 pitch=-1.00Hz pitchCents=0.0
2025-12-15 23:02:12 [tracker] [s6] onset t=0.332 env=0.00200 gate=0.00021 envDelta=0.00179 envFloor=0.00127 onset=0.666 thresh=0.018 onsetDelta=0.64814 baseline=0.00085 adaptive=0.00212 lastPeak=0.00000 guard=0.060 activeAge=-1.000 pitch=-1.00Hz pitchCents=0.0
2025-12-15 23:02:12 [tracker] [s6] onset t=0.399 env=0.00214 gate=0.00021 envDelta=0.00192 envFloor=0.00128 onset=1.005 thresh=0.018 onsetDelta=0.98697 baseline=0.00085 adaptive=0.00213 lastPeak=0.00000 guard=0.060 activeAge=-1.000 pitch=-1.00Hz pitchCents=0.0
2025-12-15 23:02:12 [tracker] [s1] aubio-raw t=0.4093 onset=0.996277 env=0.000698 peak=0.002422 gain=1.000
2025-12-15 23:02:12 [tracker] [s1] onset-accepted t=0.4093 env=0.000698 gate=0.000023 envDelta=0.000675 envFloor=0.000616 onset=0.996277 thresh=0.006000 onsetDelta=0.990277 baseline=0.000410 floor=0.000180 adapt=0.001026 lastPeak=0.000000 baseParam=0.000180 gateRatio=0.0550 envParam=0.000450 onsetScale=0.300 retriggerScale=1.400 guard=0.060 guardRemain=0.000 activeAge=-1.000 retrigRemain=0.000 pitchHz=103.89 pitchCents=401.1
2025-12-15 23:02:12 [tracker] [s1] onset t=0.409 env=0.00070 gate=0.00002 envDelta=0.00068 envFloor=0.00062 onset=0.996 thresh=0.006 onsetDelta=0.99028 baseline=0.00041 adaptive=0.00103 lastPeak=0.00000 guard=0.060 activeAge=-1.000 pitch=103.89Hz pitchCents=401.1
2025-12-15 23:02:12 [tracker] [s5] onset t=0.513 env=0.00153 gate=0.00015 envDelta=0.00138 envFloor=0.00106 onset=0.927 thresh=0.016 onsetDelta=0.91097 baseline=0.00071 adaptive=0.00177 lastPeak=0.00000 guard=0.060 activeAge=-1.000 pitch=-1.00Hz pitchCents=0.0
2025-12-15 23:02:13 [tracker] [s4] onset t=0.649 env=0.00145 gate=0.00011 envDelta=0.00133 envFloor=0.00100 onset=0.989 thresh=0.014 onsetDelta=0.97476 baseline=0.00067 adaptive=0.00167 lastPeak=0.00000 guard=0.060 activeAge=-1.000 pitch=-1.00Hz pitchCents=0.0
2025-12-15 23:02:13 [tracker] [s2] onset t=0.743 env=0.00136 gate=0.00001 envDelta=0.00135 envFloor=0.00098 onset=1.409 thresh=0.009 onsetDelta=1.39965 baseline=0.00065 adaptive=0.00163 lastPeak=0.00000 guard=0.060 activeAge=-1.000 pitch=-1.00Hz pitchCents=0.0
2025-12-15 23:02:13 [tracker] [s1] aubio-raw t=0.7507 onset=0.996764 env=0.000750 peak=0.002207 gain=1.000
2025-12-15 23:02:13 [tracker] [s1] onset-accepted t=0.7507 env=0.000750 gate=0.000022 envDelta=0.000728 envFloor=0.000589 onset=0.996764 thresh=0.006000 onsetDelta=0.990764 baseline=0.000393 floor=0.000180 adapt=0.000981 lastPeak=0.000000 baseParam=0.000180 gateRatio=0.0550 envParam=0.000450 onsetScale=0.300 retriggerScale=1.400 guard=0.060 guardRemain=0.000 activeAge=-1.000 retrigRemain=0.000 pitchHz=-1.00 pitchCents=0.0
2025-12-15 23:02:13 [tracker] [s1] onset t=0.751 env=0.00075 gate=0.00002 envDelta=0.00073 envFloor=0.00059 onset=0.997 thresh=0.006 onsetDelta=0.99076 baseline=0.00039 adaptive=0.00098 lastPeak=0.00000 guard=0.060 activeAge=-1.000 pitch=-1.00Hz pitchCents=0.0
2025-12-15 23:02:13 [tracker] [s5] onset t=0.876 env=0.00141 gate=0.00014 envDelta=0.00127 envFloor=0.00102 onset=1.005 thresh=0.016 onsetDelta=0.98872 baseline=0.00068 adaptive=0.00169 lastPeak=0.00000 guard=0.060 activeAge=-1.000 pitch=-1.00Hz pitchCents=0.0
2025-12-15 23:02:13 [tracker] [s6] onset t=1.015 env=0.00210 gate=0.00021 envDelta=0.00189 envFloor=0.00126 onset=0.877 thresh=0.018 onsetDelta=0.85943 baseline=0.00084 adaptive=0.00210 lastPeak=0.00000 guard=0.060 activeAge=-1.000 pitch=-1.00Hz pitchCents=0.0
2025-12-15 23:02:13 [tracker] [s4] onset t=1.044 env=0.00146 gate=0.00011 envDelta=0.00135 envFloor=0.00100 onset=0.998 thresh=0.014 onsetDelta=0.98406 baseline=0.00067 adaptive=0.00167 lastPeak=0.00000 guard=0.060 activeAge=-1.000 pitch=-1.00Hz pitchCents=0.0
2025-12-15 23:02:13 [tracker] [s2] onset t=1.081 env=0.00153 gate=0.00001 envDelta=0.00153 envFloor=0.00095 onset=0.996 thresh=0.009 onsetDelta=0.98698 baseline=0.00063 adaptive=0.00158 lastPeak=0.00000 guard=0.060 activeAge=-1.000 pitch=-1.00Hz pitchCents=0.0
2025-12-15 23:02:13 [tracker] [s5] onset t=1.380 env=0.00219 gate=0.00016 envDelta=0.00204 envFloor=0.00112 onset=1.140 thresh=0.016 onsetDelta=1.12377 baseline=0.00074 adaptive=0.00186 lastPeak=0.00000 guard=0.060 activeAge=-1.000 pitch=-1.00Hz pitchCents=0.0
2025-12-15 23:02:13 [tracker] [s3] onset t=1.391 env=0.00141 gate=0.00008 envDelta=0.00133 envFloor=0.00094 onset=1.093 thresh=0.012 onsetDelta=1.08106 baseline=0.00062 adaptive=0.00156 lastPeak=0.00000 guard=0.060 activeAge=-1.000 pitch=-1.00Hz pitchCents=0.0
2025-12-15 23:02:13 [tracker] [s5] onset t=1.513 env=0.00164 gate=0.00016 envDelta=0.00149 envFloor=0.00114 onset=1.008 thresh=0.016 onsetDelta=0.99221 baseline=0.00076 adaptive=0.00189 lastPeak=0.00000 guard=0.060 activeAge=-1.000 pitch=-1.00Hz pitchCents=0.0
2025-12-15 23:02:13 [tracker] [s6] onset t=1.524 env=0.00174 gate=0.00021 envDelta=0.00153 envFloor=0.00126 onset=0.997 thresh=0.018 onsetDelta=0.97882 baseline=0.00084 adaptive=0.00210 lastPeak=0.00000 guard=0.060 activeAge=-1.000 pitch=-1.00Hz pitchCents=0.0
2025-12-15 23:02:13 [tracker] [s4] onset t=1.532 env=0.00124 gate=0.00011 envDelta=0.00113 envFloor=0.00097 onset=0.954 thresh=0.014 onsetDelta=0.93971 baseline=0.00065 adaptive=0.00162 lastPeak=0.00000 guard=0.060 activeAge=-1.000 pitch=-1.00Hz pitchCents=0.0
2025-12-15 23:02:13 [tracker] [s2] onset t=1.593 env=0.00136 gate=0.00001 envDelta=0.00136 envFloor=0.00104 onset=1.233 thresh=0.009 onsetDelta=1.22396 baseline=0.00069 adaptive=0.00173 lastPeak=0.00000 guard=0.060 activeAge=-1.000 pitch=94.11Hz pitchCents=-270.1
2025-12-15 23:02:14 [tracker] [s3] onset t=1.660 env=0.00122 gate=0.00008 envDelta=0.00114 envFloor=0.00087 onset=0.948 thresh=0.012 onsetDelta=0.93645 baseline=0.00058 adaptive=0.00145 lastPeak=0.00000 guard=0.060 activeAge=-1.000 pitch=-1.00Hz pitchCents=0.0
2025-12-15 23:02:14 [tracker] [s6] onset t=1.764 env=0.00214 gate=0.00021 envDelta=0.00194 envFloor=0.00123 onset=0.932 thresh=0.018 onsetDelta=0.91376 baseline=0.00082 adaptive=0.00205 lastPeak=0.00000 guard=0.060 activeAge=-1.000 pitch=-1.00Hz pitchCents=0.0
2025-12-15 23:02:14 [tracker] [s2] onset t=1.767 env=0.00114 gate=0.00001 envDelta=0.00113 envFloor=0.00098 onset=0.881 thresh=0.009 onsetDelta=0.87213 baseline=0.00065 adaptive=0.00163 lastPeak=0.00000 guard=0.060 activeAge=-1.000 pitch=-1.00Hz pitchCents=0.0
2025-12-15 23:02:14 [tracker] [s5] onset t=1.849 env=0.00172 gate=0.00015 envDelta=0.00156 envFloor=0.00110 onset=1.045 thresh=0.016 onsetDelta=1.02947 baseline=0.00073 adaptive=0.00183 lastPeak=0.00000 guard=0.060 activeAge=-1.000 pitch=-1.00Hz pitchCents=0.0
2025-12-15 23:02:14 [tracker] [s6] onset t=1.977 env=0.00172 gate=0.00020 envDelta=0.00152 envFloor=0.00120 onset=1.218 thresh=0.018 onsetDelta=1.20008 baseline=0.00080 adaptive=0.00200 lastPeak=0.00000 guard=0.060 activeAge=-1.000 pitch=-1.00Hz pitchCents=0.0
2025-12-15 23:02:14 [tracker] [s5] onset t=1.991 env=0.00177 gate=0.00015 envDelta=0.00162 envFloor=0.00105 onset=1.204 thresh=0.016 onsetDelta=1.18834 baseline=0.00070 adaptive=0.00174 lastPeak=0.00000 guard=0.060 activeAge=-1.000 pitch=-1.00Hz pitchCents=0.0
2025-12-15 23:02:14 [tracker] [s1] aubio-raw t=2.0627 onset=1.249474 env=0.000691 peak=0.001741 gain=1.000
2025-12-15 23:02:14 [tracker] [s1] onset-accepted t=2.0627 env=0.000691 gate=0.000023 envDelta=0.000669 envFloor=0.000618 onset=1.249474 thresh=0.006000 onsetDelta=1.243474 baseline=0.000412 floor=0.000180 adapt=0.001030 lastPeak=0.000000 baseParam=0.000180 gateRatio=0.0550 envParam=0.000450 onsetScale=0.300 retriggerScale=1.400 guard=0.060 guardRemain=0.000 activeAge=-1.000 retrigRemain=0.000 pitchHz=150.95 pitchCents=1047.9
2025-12-15 23:02:14 [tracker] [s1] onset t=2.063 env=0.00069 gate=0.00002 envDelta=0.00067 envFloor=0.00062 onset=1.249 thresh=0.006 onsetDelta=1.24347 baseline=0.00041 adaptive=0.00103 lastPeak=0.00000 guard=0.060 activeAge=-1.000 pitch=150.95Hz pitchCents=1047.9
2025-12-15 23:02:14 [tracker] [s6] onset t=2.111 env=0.00164 gate=0.00020 envDelta=0.00144 envFloor=0.00119 onset=1.059 thresh=0.018 onsetDelta=1.04054 baseline=0.00079 adaptive=0.00198 lastPeak=0.00000 guard=0.060 activeAge=-1.000 pitch=-1.00Hz pitchCents=0.0
2025-12-15 23:02:14 [tracker] [s3] onset t=2.121 env=0.00192 gate=0.00008 envDelta=0.00184 envFloor=0.00094 onset=0.983 thresh=0.012 onsetDelta=0.97157 baseline=0.00063 adaptive=0.00157 lastPeak=0.00000 guard=0.060 activeAge=-1.000 pitch=-1.00Hz pitchCents=0.0
2025-12-15 23:02:14 [tracker] [s1] aubio-raw t=2.1373 onset=0.995968 env=0.000747 peak=0.001899 gain=1.000
2025-12-15 23:02:14 [tracker] [s1] onset-accepted t=2.1373 env=0.000747 gate=0.000024 envDelta=0.000723 envFloor=0.000649 onset=0.995968 thresh=0.006000 onsetDelta=0.989968 baseline=0.000433 floor=0.000180 adapt=0.001081 lastPeak=0.000000 baseParam=0.000180 gateRatio=0.0550 envParam=0.000450 onsetScale=0.300 retriggerScale=1.400 guard=0.060 guardRemain=0.000 activeAge=-1.000 retrigRemain=0.000 pitchHz=-1.00 pitchCents=0.0
2025-12-15 23:02:14 [tracker] [s1] onset t=2.137 env=0.00075 gate=0.00002 envDelta=0.00072 envFloor=0.00065 onset=0.996 thresh=0.006 onsetDelta=0.98997 baseline=0.00043 adaptive=0.00108 lastPeak=0.00000 guard=0.060 activeAge=-1.000 pitch=-1.00Hz pitchCents=0.0
2025-12-15 23:02:14 [tracker] [s5] onset t=2.233 env=0.00181 gate=0.00016 envDelta=0.00166 envFloor=0.00112 onset=1.200 thresh=0.016 onsetDelta=1.18433 baseline=0.00075 adaptive=0.00187 lastPeak=0.00000 guard=0.060 activeAge=-1.000 pitch=-1.00Hz pitchCents=0.0
2025-12-15 23:02:14 [tracker] [s3] onset t=2.236 env=0.00151 gate=0.00008 envDelta=0.00143 envFloor=0.00094 onset=1.459 thresh=0.012 onsetDelta=1.44736 baseline=0.00062 adaptive=0.00156 lastPeak=0.00000 guard=0.060 activeAge=-1.000 pitch=-1.00Hz pitchCents=0.0
2025-12-15 23:02:14 [tracker] [s6] onset t=2.287 env=0.00195 gate=0.00021 envDelta=0.00174 envFloor=0.00128 onset=1.004 thresh=0.018 onsetDelta=0.98613 baseline=0.00085 adaptive=0.00213 lastPeak=0.00000 guard=0.060 activeAge=-1.000 pitch=-1.00Hz pitchCents=0.0
2025-12-15 23:02:14 [tracker] [s1] aubio-raw t=2.3187 onset=1.191958 env=0.000681 peak=0.002553 gain=1.000
2025-12-15 23:02:14 [tracker] [s1] onset-accepted t=2.3187 env=0.000681 gate=0.000022 envDelta=0.000658 envFloor=0.000614 onset=1.191958 thresh=0.006000 onsetDelta=1.185958 baseline=0.000409 floor=0.000180 adapt=0.001023 lastPeak=0.000000 baseParam=0.000180 gateRatio=0.0550 envParam=0.000450 onsetScale=0.300 retriggerScale=1.400 guard=0.060 guardRemain=0.000 activeAge=-1.000 retrigRemain=0.000 pitchHz=-1.00 pitchCents=0.0
2025-12-15 23:02:14 [tracker] [s1] onset t=2.319 env=0.00068 gate=0.00002 envDelta=0.00066 envFloor=0.00061 onset=1.192 thresh=0.006 onsetDelta=1.18596 baseline=0.00041 adaptive=0.00102 lastPeak=0.00000 guard=0.060 activeAge=-1.000 pitch=-1.00Hz pitchCents=0.0
2025-12-15 23:02:14 [tracker] [s4] onset t=2.383 env=0.00103 gate=0.00011 envDelta=0.00092 envFloor=0.00096 onset=0.891 thresh=0.014 onsetDelta=0.87742 baseline=0.00064 adaptive=0.00160 lastPeak=0.00000 guard=0.060 activeAge=-1.000 pitch=-1.00Hz pitchCents=0.0
2025-12-15 23:02:15 [tracker] [s4] onset t=2.655 env=0.00138 gate=0.00011 envDelta=0.00127 envFloor=0.00100 onset=0.790 thresh=0.014 onsetDelta=0.77551 baseline=0.00066 adaptive=0.00166 lastPeak=0.00000 guard=0.060 activeAge=-1.000 pitch=-1.00Hz pitchCents=0.0
2025-12-15 23:02:15 [tracker] [s3] onset t=2.711 env=0.00127 gate=0.00008 envDelta=0.00119 envFloor=0.00092 onset=1.080 thresh=0.012 onsetDelta=1.06820 baseline=0.00061 adaptive=0.00153 lastPeak=0.00000 guard=0.060 activeAge=-1.000 pitch=-1.00Hz pitchCents=0.0
2025-12-15 23:02:15 [tracker] [s3] onset t=2.761 env=0.00146 gate=0.00008 envDelta=0.00138 envFloor=0.00090 onset=1.038 thresh=0.012 onsetDelta=1.02648 baseline=0.00060 adaptive=0.00150 lastPeak=0.00000 guard=0.060 activeAge=-1.000 pitch=-1.00Hz pitchCents=0.0
2025-12-15 23:02:15 [tracker] [s3] onset t=2.841 env=0.00111 gate=0.00008 envDelta=0.00103 envFloor=0.00087 onset=0.934 thresh=0.012 onsetDelta=0.92242 baseline=0.00058 adaptive=0.00145 lastPeak=0.00000 guard=0.060 activeAge=-1.000 pitch=-1.00Hz pitchCents=0.0
2025-12-15 23:02:15 [tracker] [s2] onset t=2.937 env=0.00151 gate=0.00001 envDelta=0.00151 envFloor=0.00097 onset=0.713 thresh=0.009 onsetDelta=0.70433 baseline=0.00065 adaptive=0.00161 lastPeak=0.00000 guard=0.060 activeAge=-1.000 pitch=-1.00Hz pitchCents=0.0
2025-12-15 23:02:15 [tracker] [s3] onset t=3.036 env=0.00109 gate=0.00008 envDelta=0.00101 envFloor=0.00095 onset=1.318 thresh=0.012 onsetDelta=1.30660 baseline=0.00063 adaptive=0.00158 lastPeak=0.00000 guard=0.060 activeAge=-1.000 pitch=-1.00Hz pitchCents=0.0
2025-12-15 23:02:15 [tracker] [s2] onset t=3.052 env=0.00151 gate=0.00001 envDelta=0.00151 envFloor=0.00103 onset=1.033 thresh=0.009 onsetDelta=1.02388 baseline=0.00068 adaptive=0.00171 lastPeak=0.00000 guard=0.060 activeAge=-1.000 pitch=-1.00Hz pitchCents=0.0
2025-12-15 23:02:15 [tracker] [s6] onset t=3.068 env=0.00181 gate=0.00021 envDelta=0.00160 envFloor=0.00126 onset=0.998 thresh=0.018 onsetDelta=0.98037 baseline=0.00084 adaptive=0.00210 lastPeak=0.00000 guard=0.060 activeAge=-1.000 pitch=-1.00Hz pitchCents=0.0
2025-12-15 23:02:15 [tracker] [s2] onset t=3.113 env=0.00169 gate=0.00001 envDelta=0.00168 envFloor=0.00096 onset=0.998 thresh=0.009 onsetDelta=0.98863 baseline=0.00064 adaptive=0.00159 lastPeak=0.00000 guard=0.060 activeAge=-1.000 pitch=-1.00Hz pitchCents=0.0
2025-12-15 23:02:15 [tracker] [s3] onset t=3.124 env=0.00108 gate=0.00008 envDelta=0.00100 envFloor=0.00093 onset=0.993 thresh=0.012 onsetDelta=0.98181 baseline=0.00062 adaptive=0.00154 lastPeak=0.00000 guard=0.060 activeAge=-1.000 pitch=-1.00Hz pitchCents=0.0
2025-12-15 23:02:15 [tracker] [s3] onset t=3.255 env=0.00125 gate=0.00008 envDelta=0.00117 envFloor=0.00091 onset=0.999 thresh=0.012 onsetDelta=0.98741 baseline=0.00061 adaptive=0.00152 lastPeak=0.00000 guard=0.060 activeAge=-1.000 pitch=-1.00Hz pitchCents=0.0
2025-12-15 23:02:15 [tracker] [s4] onset t=3.292 env=0.00139 gate=0.00011 envDelta=0.00128 envFloor=0.00099 onset=0.999 thresh=0.014 onsetDelta=0.98451 baseline=0.00066 adaptive=0.00166 lastPeak=0.00000 guard=0.060 activeAge=-1.000 pitch=-1.00Hz pitchCents=0.0
2025-12-15 23:02:15 [tracker] [s6] onset t=3.313 env=0.00217 gate=0.00022 envDelta=0.00195 envFloor=0.00129 onset=1.109 thresh=0.018 onsetDelta=1.09094 baseline=0.00086 adaptive=0.00215 lastPeak=0.00000 guard=0.060 activeAge=-1.000 pitch=-1.00Hz pitchCents=0.0
2025-12-15 23:02:15 [tracker] [s4] onset t=3.359 env=0.00158 gate=0.00011 envDelta=0.00147 envFloor=0.00100 onset=0.998 thresh=0.014 onsetDelta=0.98391 baseline=0.00067 adaptive=0.00167 lastPeak=0.00000 guard=0.060 activeAge=-1.000 pitch=-1.00Hz pitchCents=0.0
2025-12-15 23:02:15 [tracker] [s1] aubio-raw t=3.3854 onset=1.046900 env=0.001119 peak=0.002918 gain=1.000
2025-12-15 23:02:15 [tracker] [s1] onset-accepted t=3.3854 env=0.001119 gate=0.000022 envDelta=0.001097 envFloor=0.000610 onset=1.046900 thresh=0.006000 onsetDelta=1.040900 baseline=0.000406 floor=0.000180 adapt=0.001016 lastPeak=0.000000 baseParam=0.000180 gateRatio=0.0550 envParam=0.000450 onsetScale=0.300 retriggerScale=1.400 guard=0.060 guardRemain=0.000 activeAge=-1.000 retrigRemain=0.000 pitchHz=-1.00 pitchCents=0.0
2025-12-15 23:02:15 [tracker] [s1] onset t=3.385 env=0.00112 gate=0.00002 envDelta=0.00110 envFloor=0.00061 onset=1.047 thresh=0.006 onsetDelta=1.04090 baseline=0.00041 adaptive=0.00102 lastPeak=0.00000 guard=0.060 activeAge=-1.000 pitch=-1.00Hz pitchCents=0.0
2025-12-15 23:02:15 [tracker] [s4] onset t=3.439 env=0.00136 gate=0.00012 envDelta=0.00125 envFloor=0.00103 onset=0.798 thresh=0.014 onsetDelta=0.78431 baseline=0.00069 adaptive=0.00172 lastPeak=0.00000 guard=0.060 activeAge=-1.000 pitch=-1.00Hz pitchCents=0.0
2025-12-15 23:02:15 [tracker] [s1] aubio-raw t=3.4734 onset=0.994769 env=0.000767 peak=0.001923 gain=1.000
2025-12-15 23:02:15 [tracker] [s1] onset-accepted t=3.4734 env=0.000767 gate=0.000023 envDelta=0.000744 envFloor=0.000620 onset=0.994769 thresh=0.006000 onsetDelta=0.988769 baseline=0.000414 floor=0.000180 adapt=0.001034 lastPeak=0.000000 baseParam=0.000180 gateRatio=0.0550 envParam=0.000450 onsetScale=0.300 retriggerScale=1.400 guard=0.060 guardRemain=0.000 activeAge=-1.000 retrigRemain=0.000 pitchHz=-1.00 pitchCents=0.0
2025-12-15 23:02:15 [tracker] [s1] onset t=3.473 env=0.00077 gate=0.00002 envDelta=0.00074 envFloor=0.00062 onset=0.995 thresh=0.006 onsetDelta=0.98877 baseline=0.00041 adaptive=0.00103 lastPeak=0.00000 guard=0.060 activeAge=-1.000 pitch=-1.00Hz pitchCents=0.0
2025-12-15 23:02:15 [tracker] [s6] onset t=3.540 env=0.00222 gate=0.00019 envDelta=0.00202 envFloor=0.00115 onset=1.217 thresh=0.018 onsetDelta=1.19872 baseline=0.00077 adaptive=0.00192 lastPeak=0.00000 guard=0.060 activeAge=-1.000 pitch=-1.00Hz pitchCents=0.0
2025-12-15 23:02:16 [tracker] [s2] onset t=3.700 env=0.00159 gate=0.00001 envDelta=0.00158 envFloor=0.00104 onset=0.999 thresh=0.009 onsetDelta=0.99035 baseline=0.00069 adaptive=0.00173 lastPeak=0.00000 guard=0.060 activeAge=-1.000 pitch=-1.00Hz pitchCents=0.0
2025-12-15 23:02:16 [tracker] [s1] aubio-raw t=3.7187 onset=1.005647 env=0.000632 peak=0.002477 gain=1.000
2025-12-15 23:02:16 [tracker] [s1] onset-accepted t=3.7187 env=0.000632 gate=0.000021 envDelta=0.000611 envFloor=0.000575 onset=1.005647 thresh=0.006000 onsetDelta=0.999647 baseline=0.000383 floor=0.000180 adapt=0.000958 lastPeak=0.000000 baseParam=0.000180 gateRatio=0.0550 envParam=0.000450 onsetScale=0.300 retriggerScale=1.400 guard=0.060 guardRemain=0.000 activeAge=-1.000 retrigRemain=0.000 pitchHz=-1.00 pitchCents=0.0
2025-12-15 23:02:16 [tracker] [s1] onset t=3.719 env=0.00063 gate=0.00002 envDelta=0.00061 envFloor=0.00058 onset=1.006 thresh=0.006 onsetDelta=0.99965 baseline=0.00038 adaptive=0.00096 lastPeak=0.00000 guard=0.060 activeAge=-1.000 pitch=-1.00Hz pitchCents=0.0
2025-12-15 23:02:16 [tracker] [s4] onset t=3.729 env=0.00179 gate=0.00011 envDelta=0.00167 envFloor=0.00100 onset=0.911 thresh=0.014 onsetDelta=0.89715 baseline=0.00067 adaptive=0.00167 lastPeak=0.00000 guard=0.060 activeAge=-1.000 pitch=-1.00Hz pitchCents=0.0
2025-12-15 23:02:16 [tracker] [s2] onset t=3.791 env=0.00100 gate=0.00001 envDelta=0.00100 envFloor=0.00093 onset=1.430 thresh=0.009 onsetDelta=1.42071 baseline=0.00062 adaptive=0.00155 lastPeak=0.00000 guard=0.060 activeAge=-1.000 pitch=-1.00Hz pitchCents=0.0
2025-12-15 23:02:16 [tracker] [s2] onset t=3.844 env=0.00205 gate=0.00001 envDelta=0.00205 envFloor=0.00095 onset=1.003 thresh=0.009 onsetDelta=0.99410 baseline=0.00063 adaptive=0.00159 lastPeak=0.00000 guard=0.060 activeAge=-1.000 pitch=333.28Hz pitchCents=1919.1
2025-12-15 23:02:16 [tracker] [s1] aubio-raw t=4.1854 onset=1.122358 env=0.000552 peak=0.001491 gain=1.000
2025-12-15 23:02:16 [tracker] [s1] onset-below-env-floor t=4.1854 env=0.000552 gate=0.000022 envDelta=0.000530 envFloor=0.000607 onset=1.122358 thresh=0.006000 onsetDelta=1.116358 baseline=0.000405 floor=0.000180 adapt=0.001011 lastPeak=0.000000 baseParam=0.000180 gateRatio=0.0550 envParam=0.000450 onsetScale=0.300 retriggerScale=1.400 guard=0.060 guardRemain=0.000 activeAge=-1.000 retrigRemain=0.000 pitchHz=-1.00 pitchCents=0.0
2025-12-15 23:02:16 [tracker] [s1] aubio-raw t=4.2760 onset=0.846604 env=0.001173 peak=0.002932 gain=1.000
2025-12-15 23:02:16 [tracker] [s1] onset-accepted t=4.2760 env=0.001173 gate=0.000022 envDelta=0.001151 envFloor=0.000608 onset=0.846604 thresh=0.006000 onsetDelta=0.840604 baseline=0.000405 floor=0.000180 adapt=0.001014 lastPeak=0.000000 baseParam=0.000180 gateRatio=0.0550 envParam=0.000450 onsetScale=0.300 retriggerScale=1.400 guard=0.060 guardRemain=0.000 activeAge=-1.000 retrigRemain=0.000 pitchHz=285.72 pitchCents=2152.5
2025-12-15 23:02:16 [tracker] [s1] onset t=4.276 env=0.00117 gate=0.00002 envDelta=0.00115 envFloor=0.00061 onset=0.847 thresh=0.006 onsetDelta=0.84060 baseline=0.00041 adaptive=0.00101 lastPeak=0.00000 guard=0.060 activeAge=-1.000 pitch=285.72Hz pitchCents=2152.5
2025-12-15 23:02:16 [tracker] [s1] note-start t=4.276 fret=22 midi=62 vel=0.01 env=0.00117
2025-12-15 23:02:16 [tracker] [s2] onset t=4.335 env=0.00134 gate=0.00001 envDelta=0.00133 envFloor=0.00099 onset=0.998 thresh=0.009 onsetDelta=0.98915 baseline=0.00066 adaptive=0.00165 lastPeak=0.00000 guard=0.060 activeAge=-1.000 pitch=800.06Hz pitchCents=3435.1
2025-12-15 23:02:16 [tracker] [s5] onset t=4.441 env=0.00173 gate=0.00015 envDelta=0.00157 envFloor=0.00111 onset=0.976 thresh=0.016 onsetDelta=0.96025 baseline=0.00074 adaptive=0.00185 lastPeak=0.00000 guard=0.060 activeAge=-1.000 pitch=-1.00Hz pitchCents=0.0
2025-12-15 23:02:16 [tracker] [s5] onset t=4.529 env=0.00194 gate=0.00016 envDelta=0.00178 envFloor=0.00114 onset=1.484 thresh=0.016 onsetDelta=1.46781 baseline=0.00076 adaptive=0.00190 lastPeak=0.00000 guard=0.060 activeAge=-1.000 pitch=-1.00Hz pitchCents=0.0
2025-12-15 23:02:16 [tracker] [s1] aubio-raw t=4.5800 onset=1.275931 env=0.000974 peak=0.002038 gain=1.000
2025-12-15 23:02:16 [tracker] [s1] onset-accepted t=4.5800 env=0.000974 gate=0.000033 envDelta=0.000941 envFloor=0.000606 onset=1.275931 thresh=0.006000 onsetDelta=1.269931 baseline=0.000596 floor=0.000180 adapt=0.001009 lastPeak=0.000663 baseParam=0.000180 gateRatio=0.0550 envParam=0.000450 onsetScale=0.300 retriggerScale=1.400 guard=0.060 guardRemain=0.000 activeAge=0.304 retrigRemain=0.000 pitchHz=-1.00 pitchCents=0.0
2025-12-15 23:02:16 [tracker] [s1] onset t=4.580 env=0.00097 gate=0.00003 envDelta=0.00094 envFloor=0.00061 onset=1.276 thresh=0.006 onsetDelta=1.26993 baseline=0.00060 adaptive=0.00101 lastPeak=0.00066 guard=0.060 activeAge=0.304 pitch=-1.00Hz pitchCents=0.0
2025-12-15 23:02:16 [tracker] [s1] note-ended (new onset) t=4.580 fret=22 dur=0.304
2025-12-15 23:02:16 [tracker] [s6] onset t=4.596 env=0.00181 gate=0.00021 envDelta=0.00160 envFloor=0.00126 onset=0.998 thresh=0.018 onsetDelta=0.98034 baseline=0.00084 adaptive=0.00210 lastPeak=0.00000 guard=0.060 activeAge=-1.000 pitch=-1.00Hz pitchCents=0.0
2025-12-15 23:02:17 [tracker] [s6] onset t=4.649 env=0.00183 gate=0.00020 envDelta=0.00163 envFloor=0.00120 onset=1.183 thresh=0.018 onsetDelta=1.16522 baseline=0.00080 adaptive=0.00201 lastPeak=0.00000 guard=0.060 activeAge=-1.000 pitch=-1.00Hz pitchCents=0.0
2025-12-15 23:02:17 [tracker] [s5] onset t=4.713 env=0.00179 gate=0.00014 envDelta=0.00165 envFloor=0.00101 onset=1.105 thresh=0.016 onsetDelta=1.08888 baseline=0.00067 adaptive=0.00169 lastPeak=0.00000 guard=0.060 activeAge=-1.000 pitch=-1.00Hz pitchCents=0.0
2025-12-15 23:02:17 [tracker] [s2] onset t=4.721 env=0.00103 gate=0.00001 envDelta=0.00103 envFloor=0.00091 onset=0.997 thresh=0.009 onsetDelta=0.98797 baseline=0.00061 adaptive=0.00152 lastPeak=0.00000 guard=0.060 activeAge=-1.000 pitch=470.50Hz pitchCents=2516.0
2025-12-15 23:02:17 [tracker] [s1] aubio-raw t=4.8600 onset=0.799230 env=0.000766 peak=0.001690 gain=1.000
2025-12-15 23:02:17 [tracker] [s1] onset-accepted t=4.8600 env=0.000766 gate=0.000020 envDelta=0.000746 envFloor=0.000547 onset=0.799230 thresh=0.006000 onsetDelta=0.793230 baseline=0.000365 floor=0.000180 adapt=0.000912 lastPeak=0.000391 baseParam=0.000180 gateRatio=0.0550 envParam=0.000450 onsetScale=0.300 retriggerScale=1.400 guard=0.060 guardRemain=0.000 activeAge=-1.000 retrigRemain=0.000 pitchHz=-1.00 pitchCents=0.0
2025-12-15 23:02:17 [tracker] [s1] onset t=4.860 env=0.00077 gate=0.00002 envDelta=0.00075 envFloor=0.00055 onset=0.799 thresh=0.006 onsetDelta=0.79323 baseline=0.00036 adaptive=0.00091 lastPeak=0.00039 guard=0.060 activeAge=-1.000 pitch=-1.00Hz pitchCents=0.0
2025-12-15 23:02:17 [tracker] [s3] onset t=4.884 env=0.00110 gate=0.00008 envDelta=0.00102 envFloor=0.00097 onset=1.015 thresh=0.012 onsetDelta=1.00304 baseline=0.00064 adaptive=0.00161 lastPeak=0.00000 guard=0.060 activeAge=-1.000 pitch=-1.00Hz pitchCents=0.0
2025-12-15 23:02:17 [tracker] [s6] onset t=4.927 env=0.00217 gate=0.00021 envDelta=0.00197 envFloor=0.00125 onset=0.987 thresh=0.018 onsetDelta=0.96916 baseline=0.00084 adaptive=0.00209 lastPeak=0.00000 guard=0.060 activeAge=-1.000 pitch=-1.00Hz pitchCents=0.0
2025-12-15 23:02:17 [tracker] [s4] onset t=5.031 env=0.00139 gate=0.00011 envDelta=0.00128 envFloor=0.00096 onset=0.999 thresh=0.014 onsetDelta=0.98472 baseline=0.00064 adaptive=0.00161 lastPeak=0.00000 guard=0.060 activeAge=-1.000 pitch=-1.00Hz pitchCents=0.0
2025-12-15 23:02:17 [tracker] [s1] aubio-raw t=5.0546 onset=1.176017 env=0.001007 peak=0.002139 gain=1.000
2025-12-15 23:02:17 [tracker] [s1] onset-accepted t=5.0546 env=0.001007 gate=0.000021 envDelta=0.000986 envFloor=0.000584 onset=1.176017 thresh=0.006000 onsetDelta=1.170017 baseline=0.000389 floor=0.000180 adapt=0.000974 lastPeak=0.000272 baseParam=0.000180 gateRatio=0.0550 envParam=0.000450 onsetScale=0.300 retriggerScale=1.400 guard=0.060 guardRemain=0.000 activeAge=-1.000 retrigRemain=0.000 pitchHz=-1.00 pitchCents=0.0
2025-12-15 23:02:17 [tracker] [s1] onset t=5.055 env=0.00101 gate=0.00002 envDelta=0.00099 envFloor=0.00058 onset=1.176 thresh=0.006 onsetDelta=1.17002 baseline=0.00039 adaptive=0.00097 lastPeak=0.00027 guard=0.060 activeAge=-1.000 pitch=-1.00Hz pitchCents=0.0
2025-12-15 23:02:17 [tracker] [s4] onset t=5.095 env=0.00121 gate=0.00011 envDelta=0.00110 envFloor=0.00096 onset=1.133 thresh=0.014 onsetDelta=1.11853 baseline=0.00064 adaptive=0.00160 lastPeak=0.00000 guard=0.060 activeAge=-1.000 pitch=-1.00Hz pitchCents=0.0
2025-12-15 23:02:17 [tracker] [s3] onset t=5.121 env=0.00130 gate=0.00008 envDelta=0.00122 envFloor=0.00094 onset=1.001 thresh=0.012 onsetDelta=0.98953 baseline=0.00062 adaptive=0.00156 lastPeak=0.00000 guard=0.060 activeAge=-1.000 pitch=-1.00Hz pitchCents=0.0
2025-12-15 23:02:17 [tracker] [s5] onset t=5.164 env=0.00204 gate=0.00015 envDelta=0.00188 envFloor=0.00110 onset=0.965 thresh=0.016 onsetDelta=0.94882 baseline=0.00073 adaptive=0.00183 lastPeak=0.00000 guard=0.060 activeAge=-1.000 pitch=-1.00Hz pitchCents=0.0
2025-12-15 23:02:17 [tracker] [s1] aubio-raw t=5.2680 onset=0.996922 env=0.000844 peak=0.002052 gain=1.000
2025-12-15 23:02:17 [tracker] [s1] onset-accepted t=5.2680 env=0.000844 gate=0.000022 envDelta=0.000822 envFloor=0.000601 onset=0.996922 thresh=0.006000 onsetDelta=0.990922 baseline=0.000400 floor=0.000180 adapt=0.001001 lastPeak=0.000182 baseParam=0.000180 gateRatio=0.0550 envParam=0.000450 onsetScale=0.300 retriggerScale=1.400 guard=0.060 guardRemain=0.000 activeAge=-1.000 retrigRemain=0.000 pitchHz=-1.00 pitchCents=0.0
2025-12-15 23:02:17 [tracker] [s1] onset t=5.268 env=0.00084 gate=0.00002 envDelta=0.00082 envFloor=0.00060 onset=0.997 thresh=0.006 onsetDelta=0.99092 baseline=0.00040 adaptive=0.00100 lastPeak=0.00018 guard=0.060 activeAge=-1.000 pitch=-1.00Hz pitchCents=0.0
2025-12-15 23:02:17 [tracker] [s5] onset t=5.303 env=0.00142 gate=0.00015 envDelta=0.00126 envFloor=0.00109 onset=1.445 thresh=0.016 onsetDelta=1.42913 baseline=0.00072 adaptive=0.00181 lastPeak=0.00000 guard=0.060 activeAge=-1.000 pitch=-1.00Hz pitchCents=0.0
2025-12-15 23:02:17 [tracker] [s1] aubio-raw t=5.3453 onset=0.999649 env=0.000768 peak=0.001945 gain=1.000
2025-12-15 23:02:17 [tracker] [s1] onset-accepted t=5.3453 env=0.000768 gate=0.000022 envDelta=0.000746 envFloor=0.000593 onset=0.999649 thresh=0.006000 onsetDelta=0.993649 baseline=0.000395 floor=0.000180 adapt=0.000988 lastPeak=0.000157 baseParam=0.000180 gateRatio=0.0550 envParam=0.000450 onsetScale=0.300 retriggerScale=1.400 guard=0.060 guardRemain=0.000 activeAge=-1.000 retrigRemain=0.000 pitchHz=499.96 pitchCents=3121.2
2025-12-15 23:02:17 [tracker] [s1] onset t=5.345 env=0.00077 gate=0.00002 envDelta=0.00075 envFloor=0.00059 onset=1.000 thresh=0.006 onsetDelta=0.99365 baseline=0.00040 adaptive=0.00099 lastPeak=0.00016 guard=0.060 activeAge=-1.000 pitch=499.96Hz pitchCents=3121.2
2025-12-15 23:02:17 [tracker] [s2] onset t=5.375 env=0.00123 gate=0.00001 envDelta=0.00122 envFloor=0.00099 onset=1.493 thresh=0.009 onsetDelta=1.48402 baseline=0.00066 adaptive=0.00165 lastPeak=0.00000 guard=0.060 activeAge=-1.000 pitch=347.81Hz pitchCents=1992.9
2025-12-15 23:02:17 [tracker] [s1] aubio-raw t=5.4306 onset=0.708410 env=0.001196 peak=0.002624 gain=1.000
2025-12-15 23:02:17 [tracker] [s1] onset-accepted t=5.4306 env=0.001196 gate=0.000022 envDelta=0.001174 envFloor=0.000607 onset=0.708410 thresh=0.006000 onsetDelta=0.702410 baseline=0.000404 floor=0.000180 adapt=0.001011 lastPeak=0.000134 baseParam=0.000180 gateRatio=0.0550 envParam=0.000450 onsetScale=0.300 retriggerScale=1.400 guard=0.060 guardRemain=0.000 activeAge=-1.000 retrigRemain=0.000 pitchHz=-1.00 pitchCents=0.0
2025-12-15 23:02:17 [tracker] [s1] onset t=5.431 env=0.00120 gate=0.00002 envDelta=0.00117 envFloor=0.00061 onset=0.708 thresh=0.006 onsetDelta=0.70241 baseline=0.00040 adaptive=0.00101 lastPeak=0.00013 guard=0.060 activeAge=-1.000 pitch=-1.00Hz pitchCents=0.0
2025-12-15 23:02:17 [tracker] [s4] onset t=5.455 env=0.00174 gate=0.00011 envDelta=0.00163 envFloor=0.00097 onset=0.797 thresh=0.014 onsetDelta=0.78324 baseline=0.00065 adaptive=0.00162 lastPeak=0.00000 guard=0.060 activeAge=-1.000 pitch=-1.00Hz pitchCents=0.0
2025-12-15 23:02:17 [tracker] [s2] onset t=5.537 env=0.00205 gate=0.00001 envDelta=0.00205 envFloor=0.00109 onset=1.099 thresh=0.009 onsetDelta=1.08955 baseline=0.00073 adaptive=0.00182 lastPeak=0.00000 guard=0.060 activeAge=-1.000 pitch=-1.00Hz pitchCents=0.0
2025-12-15 23:02:17 [tracker] [s6] onset t=5.551 env=0.00183 gate=0.00020 envDelta=0.00162 envFloor=0.00123 onset=1.002 thresh=0.018 onsetDelta=0.98450 baseline=0.00082 adaptive=0.00205 lastPeak=0.00000 guard=0.060 activeAge=-1.000 pitch=-1.00Hz pitchCents=0.0
2025-12-15 23:02:18 [tracker] [s3] onset t=5.665 env=0.00151 gate=0.00009 envDelta=0.00142 envFloor=0.00099 onset=0.902 thresh=0.012 onsetDelta=0.89056 baseline=0.00066 adaptive=0.00165 lastPeak=0.00000 guard=0.060 activeAge=-1.000 pitch=-1.00Hz pitchCents=0.0
2025-12-15 23:02:18 [tracker] [s2] onset t=5.671 env=0.00170 gate=0.00001 envDelta=0.00169 envFloor=0.00100 onset=0.776 thresh=0.009 onsetDelta=0.76716 baseline=0.00067 adaptive=0.00167 lastPeak=0.00000 guard=0.060 activeAge=-1.000 pitch=333.35Hz pitchCents=1919.5
2025-12-15 23:02:18 [tracker] [s1] aubio-raw t=5.7133 onset=0.996298 env=0.001045 peak=0.002475 gain=1.000
2025-12-15 23:02:18 [tracker] [s1] onset-accepted t=5.7133 env=0.001045 gate=0.000023 envDelta=0.001021 envFloor=0.000640 onset=0.996298 thresh=0.006000 onsetDelta=0.990298 baseline=0.000427 floor=0.000180 adapt=0.001067 lastPeak=0.000079 baseParam=0.000180 gateRatio=0.0550 envParam=0.000450 onsetScale=0.300 retriggerScale=1.400 guard=0.060 guardRemain=0.000 activeAge=-1.000 retrigRemain=0.000 pitchHz=363.67 pitchCents=2570.1
2025-12-15 23:02:18 [tracker] [s1] onset t=5.713 env=0.00104 gate=0.00002 envDelta=0.00102 envFloor=0.00064 onset=0.996 thresh=0.006 onsetDelta=0.99030 baseline=0.00043 adaptive=0.00107 lastPeak=0.00008 guard=0.060 activeAge=-1.000 pitch=363.67Hz pitchCents=2570.1
2025-12-15 23:02:18 [tracker] [s4] onset t=5.767 env=0.00169 gate=0.00011 envDelta=0.00158 envFloor=0.00097 onset=1.267 thresh=0.014 onsetDelta=1.25264 baseline=0.00065 adaptive=0.00161 lastPeak=0.00000 guard=0.060 activeAge=-1.000 pitch=-1.00Hz pitchCents=0.0
2025-12-15 23:02:18 [tracker] [s5] onset t=5.863 env=0.00171 gate=0.00014 envDelta=0.00157 envFloor=0.00101 onset=0.827 thresh=0.016 onsetDelta=0.81077 baseline=0.00068 adaptive=0.00169 lastPeak=0.00000 guard=0.060 activeAge=-1.000 pitch=-1.00Hz pitchCents=0.0
2025-12-15 23:02:18 [tracker] [s1] aubio-raw t=6.0146 onset=0.926159 env=0.000706 peak=0.002015 gain=1.000
2025-12-15 23:02:18 [tracker] [s1] onset-accepted t=6.0146 env=0.000706 gate=0.000022 envDelta=0.000684 envFloor=0.000602 onset=0.926159 thresh=0.006000 onsetDelta=0.920159 baseline=0.000401 floor=0.000180 adapt=0.001003 lastPeak=0.000045 baseParam=0.000180 gateRatio=0.0550 envParam=0.000450 onsetScale=0.300 retriggerScale=1.400 guard=0.060 guardRemain=0.000 activeAge=-1.000 retrigRemain=0.000 pitchHz=1000.21 pitchCents=4321.7
2025-12-15 23:02:18 [tracker] [s1] onset t=6.015 env=0.00071 gate=0.00002 envDelta=0.00068 envFloor=0.00060 onset=0.926 thresh=0.006 onsetDelta=0.92016 baseline=0.00040 adaptive=0.00100 lastPeak=0.00004 guard=0.060 activeAge=-1.000 pitch=1000.21Hz pitchCents=4321.7
2025-12-15 23:02:18 [tracker] [s1] aubio-raw t=6.1292 onset=1.248019 env=0.000594 peak=0.001566 gain=1.000
2025-12-15 23:02:18 [tracker] [s1] onset-accepted t=6.1292 env=0.000594 gate=0.000019 envDelta=0.000575 envFloor=0.000525 onset=1.248019 thresh=0.006000 onsetDelta=1.242018 baseline=0.000350 floor=0.000180 adapt=0.000876 lastPeak=0.000036 baseParam=0.000180 gateRatio=0.0550 envParam=0.000450 onsetScale=0.300 retriggerScale=1.400 guard=0.060 guardRemain=0.000 activeAge=-1.000 retrigRemain=0.000 pitchHz=-1.00 pitchCents=0.0
2025-12-15 23:02:18 [tracker] [s1] onset t=6.129 env=0.00059 gate=0.00002 envDelta=0.00058 envFloor=0.00053 onset=1.248 thresh=0.006 onsetDelta=1.24202 baseline=0.00035 adaptive=0.00088 lastPeak=0.00004 guard=0.060 activeAge=-1.000 pitch=-1.00Hz pitchCents=0.0
2025-12-15 23:02:18 [tracker] [s6] onset t=6.164 env=0.00201 gate=0.00021 envDelta=0.00180 envFloor=0.00124 onset=1.368 thresh=0.018 onsetDelta=1.34961 baseline=0.00083 adaptive=0.00207 lastPeak=0.00000 guard=0.060 activeAge=-1.000 pitch=-1.00Hz pitchCents=0.0
2025-12-15 23:02:18 [tracker] [s2] onset t=6.332 env=0.00104 gate=0.00001 envDelta=0.00103 envFloor=0.00092 onset=1.000 thresh=0.009 onsetDelta=0.99149 baseline=0.00062 adaptive=0.00154 lastPeak=0.00000 guard=0.060 activeAge=-1.000 pitch=-1.00Hz pitchCents=0.0
2025-12-15 23:02:18 [tracker] [s5] onset t=6.361 env=0.00169 gate=0.00016 envDelta=0.00153 envFloor=0.00114 onset=1.274 thresh=0.016 onsetDelta=1.25836 baseline=0.00076 adaptive=0.00189 lastPeak=0.00000 guard=0.060 activeAge=-1.000 pitch=-1.00Hz pitchCents=0.0
2025-12-15 23:02:18 [tracker] [s2] onset t=6.431 env=0.00104 gate=0.00001 envDelta=0.00104 envFloor=0.00100 onset=0.864 thresh=0.009 onsetDelta=0.85498 baseline=0.00067 adaptive=0.00167 lastPeak=0.00000 guard=0.060 activeAge=-1.000 pitch=-1.00Hz pitchCents=0.0
2025-12-15 23:02:18 [tracker] [s1] aubio-raw t=6.5799 onset=1.260435 env=0.001141 peak=0.002856 gain=1.000
2025-12-15 23:02:18 [tracker] [s1] onset-accepted t=6.5799 env=0.001141 gate=0.000023 envDelta=0.001117 envFloor=0.000640 onset=1.260435 thresh=0.006000 onsetDelta=1.254435 baseline=0.000426 floor=0.000180 adapt=0.001066 lastPeak=0.000015 baseParam=0.000180 gateRatio=0.0550 envParam=0.000450 onsetScale=0.300 retriggerScale=1.400 guard=0.060 guardRemain=0.000 activeAge=-1.000 retrigRemain=0.000 pitchHz=-1.00 pitchCents=0.0
2025-12-15 23:02:18 [tracker] [s1] onset t=6.580 env=0.00114 gate=0.00002 envDelta=0.00112 envFloor=0.00064 onset=1.260 thresh=0.006 onsetDelta=1.25444 baseline=0.00043 adaptive=0.00107 lastPeak=0.00002 guard=0.060 activeAge=-1.000 pitch=-1.00Hz pitchCents=0.0
2025-12-15 23:02:19 [tracker] [s3] onset t=6.660 env=0.00172 gate=0.00008 envDelta=0.00164 envFloor=0.00094 onset=1.092 thresh=0.012 onsetDelta=1.08075 baseline=0.00063 adaptive=0.00157 lastPeak=0.00000 guard=0.060 activeAge=-1.000 pitch=-1.00Hz pitchCents=0.0
2025-12-15 23:02:19 [tracker] [s5] onset t=6.721 env=0.00217 gate=0.00016 envDelta=0.00201 envFloor=0.00115 onset=1.319 thresh=0.016 onsetDelta=1.30342 baseline=0.00077 adaptive=0.00192 lastPeak=0.00000 guard=0.060 activeAge=-1.000 pitch=-1.00Hz pitchCents=0.0
2025-12-15 23:02:19 [tracker] [s2] onset t=6.847 env=0.00117 gate=0.00001 envDelta=0.00116 envFloor=0.00091 onset=0.946 thresh=0.009 onsetDelta=0.93719 baseline=0.00061 adaptive=0.00152 lastPeak=0.00000 guard=0.060 activeAge=-1.000 pitch=499.92Hz pitchCents=2621.0
2025-12-15 23:02:19 [tracker] [s3] onset t=7.022 env=0.00120 gate=0.00008 envDelta=0.00111 envFloor=0.00096 onset=1.058 thresh=0.012 onsetDelta=1.04617 baseline=0.00064 adaptive=0.00160 lastPeak=0.00000 guard=0.060 activeAge=-1.000 pitch=-1.00Hz pitchCents=0.0
2025-12-15 23:02:19 [tracker] [s1] aubio-raw t=7.0518 onset=1.369018 env=0.001200 peak=0.002814 gain=1.000
2025-12-15 23:02:19 [tracker] [s1] onset-accepted t=7.0518 env=0.001200 gate=0.000023 envDelta=0.001177 envFloor=0.000625 onset=1.369018 thresh=0.006000 onsetDelta=1.363018 baseline=0.000416 floor=0.000180 adapt=0.001041 lastPeak=0.000006 baseParam=0.000180 gateRatio=0.0550 envParam=0.000450 onsetScale=0.300 retriggerScale=1.400 guard=0.060 guardRemain=0.000 activeAge=-1.000 retrigRemain=0.000 pitchHz=-1.00 pitchCents=0.0
2025-12-15 23:02:19 [tracker] [s1] onset t=7.052 env=0.00120 gate=0.00002 envDelta=0.00118 envFloor=0.00062 onset=1.369 thresh=0.006 onsetDelta=1.36302 baseline=0.00042 adaptive=0.00104 lastPeak=0.00001 guard=0.060 activeAge=-1.000 pitch=-1.00Hz pitchCents=0.0
2025-12-15 23:02:19 [tracker] [s2] onset t=7.212 env=0.00169 gate=0.00001 envDelta=0.00169 envFloor=0.00100 onset=0.998 thresh=0.009 onsetDelta=0.98949 baseline=0.00066 adaptive=0.00166 lastPeak=0.00000 guard=0.060 activeAge=-1.000 pitch=-1.00Hz pitchCents=0.0
2025-12-15 23:02:19 [tracker] [s6] onset t=7.225 env=0.00191 gate=0.00021 envDelta=0.00170 envFloor=0.00123 onset=1.067 thresh=0.018 onsetDelta=1.04861 baseline=0.00082 adaptive=0.00205 lastPeak=0.00000 guard=0.060 activeAge=-1.000 pitch=-1.00Hz pitchCents=0.0
2025-12-15 23:02:19 [tracker] [s2] onset t=7.262 env=0.00114 gate=0.00001 envDelta=0.00113 envFloor=0.00100 onset=0.996 thresh=0.009 onsetDelta=0.98695 baseline=0.00067 adaptive=0.00166 lastPeak=0.00000 guard=0.060 activeAge=-1.000 pitch=-1.00Hz pitchCents=0.0
2025-12-15 23:02:19 [tracker] [s1] aubio-raw t=7.2945 onset=0.995804 env=0.001233 peak=0.002475 gain=1.000
2025-12-15 23:02:19 [tracker] [s1] onset-accepted t=7.2945 env=0.001233 gate=0.000023 envDelta=0.001211 envFloor=0.000620 onset=0.995804 thresh=0.006000 onsetDelta=0.989804 baseline=0.000413 floor=0.000180 adapt=0.001034 lastPeak=0.000004 baseParam=0.000180 gateRatio=0.0550 envParam=0.000450 onsetScale=0.300 retriggerScale=1.400 guard=0.060 guardRemain=0.000 activeAge=-1.000 retrigRemain=0.000 pitchHz=400.03 pitchCents=2735.1
2025-12-15 23:02:19 [tracker] [s1] onset t=7.294 env=0.00123 gate=0.00002 envDelta=0.00121 envFloor=0.00062 onset=0.996 thresh=0.006 onsetDelta=0.98980 baseline=0.00041 adaptive=0.00103 lastPeak=0.00000 guard=0.060 activeAge=-1.000 pitch=400.03Hz pitchCents=2735.1
2025-12-15 23:02:19 [tracker] [s1] aubio-raw t=7.3505 onset=1.016661 env=0.000939 peak=0.001954 gain=1.000
2025-12-15 23:02:19 [tracker] [s1] onset-accepted t=7.3505 env=0.000939 gate=0.000023 envDelta=0.000916 envFloor=0.000615 onset=1.016661 thresh=0.006000 onsetDelta=1.010661 baseline=0.000410 floor=0.000180 adapt=0.001026 lastPeak=0.000004 baseParam=0.000180 gateRatio=0.0550 envParam=0.000450 onsetScale=0.300 retriggerScale=1.400 guard=0.060 guardRemain=0.000 activeAge=-1.000 retrigRemain=0.000 pitchHz=-1.00 pitchCents=0.0
2025-12-15 23:02:19 [tracker] [s1] onset t=7.350 env=0.00094 gate=0.00002 envDelta=0.00092 envFloor=0.00062 onset=1.017 thresh=0.006 onsetDelta=1.01066 baseline=0.00041 adaptive=0.00103 lastPeak=0.00000 guard=0.060 activeAge=-1.000 pitch=-1.00Hz pitchCents=0.0
2025-12-15 23:02:19 [tracker] [s4] onset t=7.358 env=0.00134 gate=0.00010 envDelta=0.00123 envFloor=0.00092 onset=0.995 thresh=0.014 onsetDelta=0.98131 baseline=0.00061 adaptive=0.00153 lastPeak=0.00000 guard=0.060 activeAge=-1.000 pitch=-1.00Hz pitchCents=0.0
2025-12-15 23:02:19 [tracker] [s5] onset t=7.385 env=0.00193 gate=0.00015 envDelta=0.00178 envFloor=0.00107 onset=0.994 thresh=0.016 onsetDelta=0.97842 baseline=0.00071 adaptive=0.00178 lastPeak=0.00000 guard=0.060 activeAge=-1.000 pitch=-1.00Hz pitchCents=0.0
2025-12-15 23:02:19 [tracker] [s4] onset t=7.409 env=0.00206 gate=0.00012 envDelta=0.00195 envFloor=0.00102 onset=1.051 thresh=0.014 onsetDelta=1.03715 baseline=0.00068 adaptive=0.00170 lastPeak=0.00000 guard=0.060 activeAge=-1.000 pitch=-1.00Hz pitchCents=0.0
2025-12-15 23:02:19 [tracker] [s1] aubio-raw t=7.5371 onset=1.364669 env=0.000762 peak=0.002622 gain=1.000
2025-12-15 23:02:19 [tracker] [s1] onset-accepted t=7.5371 env=0.000762 gate=0.000021 envDelta=0.000741 envFloor=0.000584 onset=1.364669 thresh=0.006000 onsetDelta=1.358669 baseline=0.000389 floor=0.000180 adapt=0.000973 lastPeak=0.000003 baseParam=0.000180 gateRatio=0.0550 envParam=0.000450 onsetScale=0.300 retriggerScale=1.400 guard=0.060 guardRemain=0.000 activeAge=-1.000 retrigRemain=0.000 pitchHz=-1.00 pitchCents=0.0
2025-12-15 23:02:19 [tracker] [s1] onset t=7.537 env=0.00076 gate=0.00002 envDelta=0.00074 envFloor=0.00058 onset=1.365 thresh=0.006 onsetDelta=1.35867 baseline=0.00039 adaptive=0.00097 lastPeak=0.00000 guard=0.060 activeAge=-1.000 pitch=-1.00Hz pitchCents=0.0
2025-12-15 23:02:19 [tracker] [s5] onset t=7.540 env=0.00181 gate=0.00016 envDelta=0.00165 envFloor=0.00115 onset=0.996 thresh=0.016 onsetDelta=0.97988 baseline=0.00077 adaptive=0.00192 lastPeak=0.00000 guard=0.060 activeAge=-1.000 pitch=-1.00Hz pitchCents=0.0
2025-12-15 23:02:19 [tracker] [s4] onset t=7.577 env=0.00141 gate=0.00012 envDelta=0.00129 envFloor=0.00102 onset=0.632 thresh=0.014 onsetDelta=0.61780 baseline=0.00068 adaptive=0.00170 lastPeak=0.00000 guard=0.060 activeAge=-1.000 pitch=-1.00Hz pitchCents=0.0
2025-12-15 23:02:19 [tracker] [s1] aubio-raw t=7.6091 onset=1.092102 env=0.000773 peak=0.001680 gain=1.000
2025-12-15 23:02:19 [tracker] [s1] onset-accepted t=7.6091 env=0.000773 gate=0.000023 envDelta=0.000750 envFloor=0.000615 onset=1.092102 thresh=0.006000 onsetDelta=1.086102 baseline=0.000410 floor=0.000180 adapt=0.001025 lastPeak=0.000002 baseParam=0.000180 gateRatio=0.0550 envParam=0.000450 onsetScale=0.300 retriggerScale=1.400 guard=0.060 guardRemain=0.000 activeAge=-1.000 retrigRemain=0.000 pitchHz=-1.00 pitchCents=0.0
2025-12-15 23:02:19 [tracker] [s1] onset t=7.609 env=0.00077 gate=0.00002 envDelta=0.00075 envFloor=0.00061 onset=1.092 thresh=0.006 onsetDelta=1.08610 baseline=0.00041 adaptive=0.00102 lastPeak=0.00000 guard=0.060 activeAge=-1.000 pitch=-1.00Hz pitchCents=0.0
2025-12-15 23:02:19 [tracker] [s6] onset t=7.612 env=0.00180 gate=0.00020 envDelta=0.00160 envFloor=0.00122 onset=1.104 thresh=0.018 onsetDelta=1.08642 baseline=0.00081 adaptive=0.00203 lastPeak=0.00000 guard=0.060 activeAge=-1.000 pitch=-1.00Hz pitchCents=0.0
2025-12-15 23:02:20 [tracker] [s4] onset t=7.724 env=0.00152 gate=0.00011 envDelta=0.00141 envFloor=0.00096 onset=0.994 thresh=0.014 onsetDelta=0.97977 baseline=0.00064 adaptive=0.00161 lastPeak=0.00000 guard=0.060 activeAge=-1.000 pitch=-1.00Hz pitchCents=0.0
2025-12-15 23:02:20 [tracker] [s2] onset t=7.777 env=0.00175 gate=0.00001 envDelta=0.00175 envFloor=0.00101 onset=0.998 thresh=0.009 onsetDelta=0.98853 baseline=0.00067 adaptive=0.00168 lastPeak=0.00000 guard=0.060 activeAge=-1.000 pitch=-1.00Hz pitchCents=0.0
2025-12-15 23:02:20 [tracker] [s4] onset t=7.804 env=0.00168 gate=0.00011 envDelta=0.00157 envFloor=0.00096 onset=0.999 thresh=0.014 onsetDelta=0.98522 baseline=0.00064 adaptive=0.00160 lastPeak=0.00000 guard=0.060 activeAge=-1.000 pitch=-1.00Hz pitchCents=0.0
2025-12-15 23:02:20 [tracker] [s4] onset t=7.873 env=0.00171 gate=0.00012 envDelta=0.00159 envFloor=0.00102 onset=0.995 thresh=0.014 onsetDelta=0.98136 baseline=0.00068 adaptive=0.00170 lastPeak=0.00000 guard=0.060 activeAge=-1.000 pitch=-1.00Hz pitchCents=0.0
2025-12-15 23:02:20 [tracker] [s6] onset t=7.878 env=0.00230 gate=0.00021 envDelta=0.00208 envFloor=0.00129 onset=0.868 thresh=0.018 onsetDelta=0.85011 baseline=0.00086 adaptive=0.00214 lastPeak=0.00000 guard=0.060 activeAge=-1.000 pitch=-1.00Hz pitchCents=0.0
2025-12-15 23:02:20 [tracker] [s2] onset t=7.916 env=0.00167 gate=0.00001 envDelta=0.00167 envFloor=0.00103 onset=0.998 thresh=0.009 onsetDelta=0.98883 baseline=0.00069 adaptive=0.00172 lastPeak=0.00000 guard=0.060 activeAge=-1.000 pitch=-1.00Hz pitchCents=0.0
2025-12-15 23:02:20 [tracker] [s1] aubio-raw t=8.0198 onset=0.997727 env=0.000789 peak=0.001924 gain=1.000
2025-12-15 23:02:20 [tracker] [s1] onset-accepted t=8.0198 env=0.000789 gate=0.000023 envDelta=0.000766 envFloor=0.000615 onset=0.997727 thresh=0.006000 onsetDelta=0.991727 baseline=0.000410 floor=0.000180 adapt=0.001025 lastPeak=0.000001 baseParam=0.000180 gateRatio=0.0550 envParam=0.000450 onsetScale=0.300 retriggerScale=1.400 guard=0.060 guardRemain=0.000 activeAge=-1.000 retrigRemain=0.000 pitchHz=173.91 pitchCents=1293.0
2025-12-15 23:02:20 [tracker] [s1] onset t=8.020 env=0.00079 gate=0.00002 envDelta=0.00077 envFloor=0.00062 onset=0.998 thresh=0.006 onsetDelta=0.99173 baseline=0.00041 adaptive=0.00103 lastPeak=0.00000 guard=0.060 activeAge=-1.000 pitch=173.91Hz pitchCents=1293.0
2025-12-15 23:02:20 [tracker] [s4] onset t=8.110 env=0.00155 gate=0.00011 envDelta=0.00144 envFloor=0.00100 onset=0.822 thresh=0.014 onsetDelta=0.80770 baseline=0.00067 adaptive=0.00167 lastPeak=0.00000 guard=0.060 activeAge=-1.000 pitch=-1.00Hz pitchCents=0.0
2025-12-15 23:02:20 [tracker] [s1] aubio-raw t=8.1771 onset=1.127351 env=0.000976 peak=0.002214 gain=1.000
2025-12-15 23:02:20 [tracker] [s1] onset-accepted t=8.1771 env=0.000976 gate=0.000021 envDelta=0.000955 envFloor=0.000568 onset=1.127351 thresh=0.006000 onsetDelta=1.121351 baseline=0.000378 floor=0.000180 adapt=0.000946 lastPeak=0.000001 baseParam=0.000180 gateRatio=0.0550 envParam=0.000450 onsetScale=0.300 retriggerScale=1.400 guard=0.060 guardRemain=0.000 activeAge=-1.000 retrigRemain=0.000 pitchHz=1143.01 pitchCents=4552.7
2025-12-15 23:02:20 [tracker] [s1] onset t=8.177 env=0.00098 gate=0.00002 envDelta=0.00095 envFloor=0.00057 onset=1.127 thresh=0.006 onsetDelta=1.12135 baseline=0.00038 adaptive=0.00095 lastPeak=0.00000 guard=0.060 activeAge=-1.000 pitch=1143.01Hz pitchCents=4552.7
2025-12-15 23:02:20 [tracker] [s5] onset t=8.196 env=0.00145 gate=0.00015 envDelta=0.00130 envFloor=0.00108 onset=0.956 thresh=0.016 onsetDelta=0.94001 baseline=0.00072 adaptive=0.00180 lastPeak=0.00000 guard=0.060 activeAge=-1.000 pitch=-1.00Hz pitchCents=0.0
2025-12-15 23:02:20 [tracker] [s3] onset t=8.233 env=0.00130 gate=0.00008 envDelta=0.00122 envFloor=0.00094 onset=0.996 thresh=0.012 onsetDelta=0.98447 baseline=0.00063 adaptive=0.00156 lastPeak=0.00000 guard=0.060 activeAge=-1.000 pitch=-1.00Hz pitchCents=0.0
2025-12-15 23:02:20 [tracker] [s1] aubio-raw t=8.3077 onset=0.998949 env=0.000613 peak=0.001628 gain=1.000
2025-12-15 23:02:20 [tracker] [s1] onset-below-env-floor t=8.3077 env=0.000613 gate=0.000023 envDelta=0.000590 envFloor=0.000624 onset=0.998949 thresh=0.006000 onsetDelta=0.992949 baseline=0.000416 floor=0.000180 adapt=0.001041 lastPeak=0.000001 baseParam=0.000180 gateRatio=0.0550 envParam=0.000450 onsetScale=0.300 retriggerScale=1.400 guard=0.060 guardRemain=0.000 activeAge=-1.000 retrigRemain=0.000 pitchHz=-1.00 pitchCents=0.0
2025-12-15 23:02:20 [tracker] [s1] aubio-raw t=8.3851 onset=0.997439 env=0.000842 peak=0.002215 gain=1.000
2025-12-15 23:02:20 [tracker] [s1] onset-accepted t=8.3851 env=0.000842 gate=0.000023 envDelta=0.000819 envFloor=0.000636 onset=0.997439 thresh=0.006000 onsetDelta=0.991439 baseline=0.000424 floor=0.000180 adapt=0.001060 lastPeak=0.000001 baseParam=0.000180 gateRatio=0.0550 envParam=0.000450 onsetScale=0.300 retriggerScale=1.400 guard=0.060 guardRemain=0.000 activeAge=-1.000 retrigRemain=0.000 pitchHz=-1.00 pitchCents=0.0
2025-12-15 23:02:20 [tracker] [s1] onset t=8.385 env=0.00084 gate=0.00002 envDelta=0.00082 envFloor=0.00064 onset=0.997 thresh=0.006 onsetDelta=0.99144 baseline=0.00042 adaptive=0.00106 lastPeak=0.00000 guard=0.060 activeAge=-1.000 pitch=-1.00Hz pitchCents=0.0
2025-12-15 23:02:20 [tracker] [s6] onset t=8.385 env=0.00197 gate=0.00020 envDelta=0.00177 envFloor=0.00121 onset=1.101 thresh=0.018 onsetDelta=1.08308 baseline=0.00081 adaptive=0.00202 lastPeak=0.00000 guard=0.060 activeAge=-1.000 pitch=-1.00Hz pitchCents=0.0
2025-12-15 23:02:20 [tracker] [s5] onset t=8.577 env=0.00172 gate=0.00014 envDelta=0.00157 envFloor=0.00102 onset=0.993 thresh=0.016 onsetDelta=0.97693 baseline=0.00068 adaptive=0.00171 lastPeak=0.00000 guard=0.060 activeAge=-1.000 pitch=-1.00Hz pitchCents=0.0
2025-12-15 23:02:20 [tracker] [s6] onset t=8.601 env=0.00216 gate=0.00021 envDelta=0.00195 envFloor=0.00128 onset=0.980 thresh=0.018 onsetDelta=0.96210 baseline=0.00085 adaptive=0.00213 lastPeak=0.00000 guard=0.060 activeAge=-1.000 pitch=-1.00Hz pitchCents=0.0
2025-12-15 23:02:21 [tracker] [s2] onset t=8.686 env=0.00107 gate=0.00001 envDelta=0.00106 envFloor=0.00096 onset=1.156 thresh=0.009 onsetDelta=1.14680 baseline=0.00064 adaptive=0.00161 lastPeak=0.00000 guard=0.060 activeAge=-1.000 pitch=-1.00Hz pitchCents=0.0
2025-12-15 23:02:21 [tracker] [s6] onset t=8.686 env=0.00195 gate=0.00022 envDelta=0.00174 envFloor=0.00130 onset=1.002 thresh=0.018 onsetDelta=0.98436 baseline=0.00086 adaptive=0.00216 lastPeak=0.00000 guard=0.060 activeAge=-1.000 pitch=-1.00Hz pitchCents=0.0
2025-12-15 23:02:21 [tracker] [s1] aubio-raw t=8.7050 onset=0.529207 env=0.000616 peak=0.002083 gain=1.000
2025-12-15 23:02:21 [tracker] [s6] onset t=8.748 env=0.00177 gate=0.00021 envDelta=0.00156 envFloor=0.00125 onset=0.976 thresh=0.018 onsetDelta=0.95753 baseline=0.00083 adaptive=0.00208 lastPeak=0.00000 guard=0.060 activeAge=-1.000 pitch=-1.00Hz pitchCents=0.0
2025-12-15 23:02:21 [tracker] [s4] onset t=8.782 env=0.00122 gate=0.00011 envDelta=0.00111 envFloor=0.00094 onset=0.974 thresh=0.014 onsetDelta=0.95963 baseline=0.00063 adaptive=0.00157 lastPeak=0.00000 guard=0.060 activeAge=-1.000 pitch=-1.00Hz pitchCents=0.0
2025-12-15 23:02:21 [tracker] [s6] onset t=8.876 env=0.00185 gate=0.00020 envDelta=0.00165 envFloor=0.00120 onset=1.050 thresh=0.018 onsetDelta=1.03248 baseline=0.00080 adaptive=0.00200 lastPeak=0.00000 guard=0.060 activeAge=-1.000 pitch=-1.00Hz pitchCents=0.0
2025-12-15 23:02:21 [tracker] [s3] onset t=8.897 env=0.00167 gate=0.00008 envDelta=0.00159 envFloor=0.00091 onset=0.713 thresh=0.012 onsetDelta=0.70112 baseline=0.00061 adaptive=0.00152 lastPeak=0.00000 guard=0.060 activeAge=-1.000 pitch=-1.00Hz pitchCents=0.0
2025-12-15 23:02:21 [tracker] [s1] aubio-raw t=9.0623 onset=1.152628 env=0.000676 peak=0.001583 gain=1.000
2025-12-15 23:02:21 [tracker] [s1] onset-accepted t=9.0623 env=0.000676 gate=0.000023 envDelta=0.000653 envFloor=0.000616 onset=1.152628 thresh=0.006000 onsetDelta=1.146628 baseline=0.000411 floor=0.000180 adapt=0.001027 lastPeak=0.000000 baseParam=0.000180 gateRatio=0.0550 envParam=0.000450 onsetScale=0.300 retriggerScale=1.400 guard=0.060 guardRemain=0.000 activeAge=-1.000 retrigRemain=0.000 pitchHz=-1.00 pitchCents=0.0
2025-12-15 23:02:21 [tracker] [s1] onset t=9.062 env=0.00068 gate=0.00002 envDelta=0.00065 envFloor=0.00062 onset=1.153 thresh=0.006 onsetDelta=1.14663 baseline=0.00041 adaptive=0.00103 lastPeak=0.00000 guard=0.060 activeAge=-1.000 pitch=-1.00Hz pitchCents=0.0
2025-12-15 23:02:21 [tracker] [s6] onset t=9.118 env=0.00198 gate=0.00021 envDelta=0.00177 envFloor=0.00127 onset=1.146 thresh=0.018 onsetDelta=1.12799 baseline=0.00084 adaptive=0.00211 lastPeak=0.00000 guard=0.060 activeAge=-1.000 pitch=-1.00Hz pitchCents=0.0
2025-12-15 23:02:21 [tracker] [s3] onset t=9.222 env=0.00121 gate=0.00008 envDelta=0.00113 envFloor=0.00089 onset=0.897 thresh=0.012 onsetDelta=0.88522 baseline=0.00059 adaptive=0.00149 lastPeak=0.00000 guard=0.060 activeAge=-1.000 pitch=-1.00Hz pitchCents=0.0
2025-12-15 23:02:21 [tracker] [s5] onset t=9.225 env=0.00163 gate=0.00014 envDelta=0.00148 envFloor=0.00102 onset=0.623 thresh=0.016 onsetDelta=0.60744 baseline=0.00068 adaptive=0.00169 lastPeak=0.00000 guard=0.060 activeAge=-1.000 pitch=-1.00Hz pitchCents=0.0
2025-12-15 23:02:21 [tracker] [s4] onset t=9.246 env=0.00099 gate=0.00011 envDelta=0.00088 envFloor=0.00096 onset=1.008 thresh=0.014 onsetDelta=0.99358 baseline=0.00064 adaptive=0.00160 lastPeak=0.00000 guard=0.060 activeAge=-1.000 pitch=-1.00Hz pitchCents=0.0
2025-12-15 23:02:21 [tracker] [s1] aubio-raw t=9.2783 onset=0.999737 env=0.000836 peak=0.002350 gain=1.000
2025-12-15 23:02:21 [tracker] [s1] onset-accepted t=9.2783 env=0.000836 gate=0.000023 envDelta=0.000813 envFloor=0.000630 onset=0.999737 thresh=0.006000 onsetDelta=0.993737 baseline=0.000420 floor=0.000180 adapt=0.001050 lastPeak=0.000000 baseParam=0.000180 gateRatio=0.0550 envParam=0.000450 onsetScale=0.300 retriggerScale=1.400 guard=0.060 guardRemain=0.000 activeAge=-1.000 retrigRemain=0.000 pitchHz=-1.00 pitchCents=0.0
2025-12-15 23:02:21 [tracker] [s1] onset t=9.278 env=0.00084 gate=0.00002 envDelta=0.00081 envFloor=0.00063 onset=1.000 thresh=0.006 onsetDelta=0.99374 baseline=0.00042 adaptive=0.00105 lastPeak=0.00000 guard=0.060 activeAge=-1.000 pitch=-1.00Hz pitchCents=0.0
2025-12-15 23:02:21 [tracker] [s2] onset t=9.294 env=0.00136 gate=0.00001 envDelta=0.00135 envFloor=0.00106 onset=1.006 thresh=0.009 onsetDelta=0.99695 baseline=0.00071 adaptive=0.00176 lastPeak=0.00000 guard=0.060 activeAge=-1.000 pitch=571.45Hz pitchCents=2852.6
2025-12-15 23:02:21 [tracker] [s3] onset t=9.422 env=0.00150 gate=0.00008 envDelta=0.00142 envFloor=0.00093 onset=1.445 thresh=0.012 onsetDelta=1.43357 baseline=0.00062 adaptive=0.00155 lastPeak=0.00000 guard=0.060 activeAge=-1.000 pitch=-1.00Hz pitchCents=0.0
2025-12-15 23:02:21 [tracker] [s1] aubio-raw t=9.4650 onset=0.999712 env=0.000665 peak=0.001899 gain=1.000
2025-12-15 23:02:21 [tracker] [s1] onset-accepted t=9.4650 env=0.000665 gate=0.000023 envDelta=0.000642 envFloor=0.000625 onset=0.999712 thresh=0.006000 onsetDelta=0.993712 baseline=0.000416 floor=0.000180 adapt=0.001041 lastPeak=0.000000 baseParam=0.000180 gateRatio=0.0550 envParam=0.000450 onsetScale=0.300 retriggerScale=1.400 guard=0.060 guardRemain=0.000 activeAge=-1.000 retrigRemain=0.000 pitchHz=-1.00 pitchCents=0.0
2025-12-15 23:02:21 [tracker] [s1] onset t=9.465 env=0.00067 gate=0.00002 envDelta=0.00064 envFloor=0.00062 onset=1.000 thresh=0.006 onsetDelta=0.99371 baseline=0.00042 adaptive=0.00104 lastPeak=0.00000 guard=0.060 activeAge=-1.000 pitch=-1.00Hz pitchCents=0.0
2025-12-15 23:02:21 [tracker] [s1] aubio-raw t=9.5236 onset=0.767172 env=0.000874 peak=0.001843 gain=1.000
2025-12-15 23:02:21 [tracker] [s1] onset-accepted t=9.5236 env=0.000874 gate=0.000023 envDelta=0.000851 envFloor=0.000632 onset=0.767172 thresh=0.006000 onsetDelta=0.761172 baseline=0.000421 floor=0.000180 adapt=0.001053 lastPeak=0.000000 baseParam=0.000180 gateRatio=0.0550 envParam=0.000450 onsetScale=0.300 retriggerScale=1.400 guard=0.060 guardRemain=0.000 activeAge=-1.000 retrigRemain=0.000 pitchHz=94.11 pitchCents=230.0
2025-12-15 23:02:21 [tracker] [s1] onset t=9.524 env=0.00087 gate=0.00002 envDelta=0.00085 envFloor=0.00063 onset=0.767 thresh=0.006 onsetDelta=0.76117 baseline=0.00042 adaptive=0.00105 lastPeak=0.00000 guard=0.060 activeAge=-1.000 pitch=94.11Hz pitchCents=230.0
2025-12-15 23:02:21 [tracker] [s2] onset t=9.625 env=0.00164 gate=0.00001 envDelta=0.00164 envFloor=0.00093 onset=1.110 thresh=0.009 onsetDelta=1.10106 baseline=0.00066 adaptive=0.00154 lastPeak=0.00073 guard=0.060 activeAge=0.331 pitch=153.84Hz pitchCents=580.8
2025-12-15 23:02:21 [tracker] [s2] note-ended (new onset) t=9.625 fret=24 dur=0.331
2025-12-15 23:02:21 [tracker] [s2] note-start t=9.625 fret=0 midi=45 vel=0.02 env=0.00164
2025-12-15 23:02:22 [tracker] [s1] aubio-raw t=9.6996 onset=1.129102 env=0.001089 peak=0.002662 gain=1.000
2025-12-15 23:02:22 [tracker] [s1] onset-accepted t=9.6996 env=0.001089 gate=0.000023 envDelta=0.001066 envFloor=0.000628 onset=1.129102 thresh=0.006000 onsetDelta=1.123102 baseline=0.000419 floor=0.000180 adapt=0.001047 lastPeak=0.000000 baseParam=0.000180 gateRatio=0.0550 envParam=0.000450 onsetScale=0.300 retriggerScale=1.400 guard=0.060 guardRemain=0.000 activeAge=-1.000 retrigRemain=0.000 pitchHz=-1.00 pitchCents=0.0
2025-12-15 23:02:22 [tracker] [s1] onset t=9.700 env=0.00109 gate=0.00002 envDelta=0.00107 envFloor=0.00063 onset=1.129 thresh=0.006 onsetDelta=1.12310 baseline=0.00042 adaptive=0.00105 lastPeak=0.00000 guard=0.060 activeAge=-1.000 pitch=-1.00Hz pitchCents=0.0
2025-12-15 23:02:22 [tracker] [s4] onset t=9.721 env=0.00149 gate=0.00011 envDelta=0.00138 envFloor=0.00096 onset=1.100 thresh=0.014 onsetDelta=1.08593 baseline=0.00064 adaptive=0.00160 lastPeak=0.00000 guard=0.060 activeAge=-1.000 pitch=-1.00Hz pitchCents=0.0
2025-12-15 23:02:22 [tracker] [s5] onset t=9.726 env=0.00178 gate=0.00015 envDelta=0.00162 envFloor=0.00109 onset=1.075 thresh=0.016 onsetDelta=1.05943 baseline=0.00073 adaptive=0.00182 lastPeak=0.00000 guard=0.060 activeAge=-1.000 pitch=-1.00Hz pitchCents=0.0
2025-12-15 23:02:22 [tracker] [s2] onset t=9.849 env=0.00170 gate=0.00001 envDelta=0.00169 envFloor=0.00095 onset=1.331 thresh=0.009 onsetDelta=1.32247 baseline=0.00097 adaptive=0.00158 lastPeak=0.00108 guard=0.060 activeAge=0.224 pitch=-1.00Hz pitchCents=0.0
2025-12-15 23:02:22 [tracker] [s2] note-ended (new onset) t=9.849 fret=0 dur=0.224
2025-12-15 23:02:22 [tracker] [s3] onset t=9.881 env=0.00189 gate=0.00008 envDelta=0.00181 envFloor=0.00097 onset=1.005 thresh=0.012 onsetDelta=0.99353 baseline=0.00065 adaptive=0.00161 lastPeak=0.00000 guard=0.060 activeAge=-1.000 pitch=-1.00Hz pitchCents=0.0
2025-12-15 23:02:22 [tracker] [s5] onset t=9.921 env=0.00113 gate=0.00015 envDelta=0.00098 envFloor=0.00106 onset=0.996 thresh=0.016 onsetDelta=0.97960 baseline=0.00070 adaptive=0.00176 lastPeak=0.00000 guard=0.060 activeAge=-1.000 pitch=-1.00Hz pitchCents=0.0
2025-12-15 23:02:22 [tracker] [s5] onset t=9.993 env=0.00163 gate=0.00014 envDelta=0.00148 envFloor=0.00102 onset=0.939 thresh=0.016 onsetDelta=0.92318 baseline=0.00068 adaptive=0.00170 lastPeak=0.00000 guard=0.060 activeAge=-1.000 pitch=-1.00Hz pitchCents=0.0
2025-12-15 23:02:22 [tracker] [s1] aubio-raw t=10.1103 onset=1.354880 env=0.000719 peak=0.001650 gain=1.000
2025-12-15 23:02:22 [tracker] [s1] onset-accepted t=10.1103 env=0.000719 gate=0.000022 envDelta=0.000697 envFloor=0.000600 onset=1.354880 thresh=0.006000 onsetDelta=1.348880 baseline=0.000400 floor=0.000180 adapt=0.001000 lastPeak=0.000000 baseParam=0.000180 gateRatio=0.0550 envParam=0.000450 onsetScale=0.300 retriggerScale=1.400 guard=0.060 guardRemain=0.000 activeAge=-1.000 retrigRemain=0.000 pitchHz=571.38 pitchCents=3352.3
2025-12-15 23:02:22 [tracker] [s1] onset t=10.110 env=0.00072 gate=0.00002 envDelta=0.00070 envFloor=0.00060 onset=1.355 thresh=0.006 onsetDelta=1.34888 baseline=0.00040 adaptive=0.00100 lastPeak=0.00000 guard=0.060 activeAge=-1.000 pitch=571.38Hz pitchCents=3352.3
2025-12-15 23:02:22 [tracker] [s4] onset t=10.164 env=0.00138 gate=0.00011 envDelta=0.00126 envFloor=0.00101 onset=0.943 thresh=0.014 onsetDelta=0.92868 baseline=0.00068 adaptive=0.00169 lastPeak=0.00000 guard=0.060 activeAge=-1.000 pitch=-1.00Hz pitchCents=0.0
2025-12-15 23:02:22 [tracker] [s6] onset t=10.193 env=0.00205 gate=0.00022 envDelta=0.00183 envFloor=0.00131 onset=0.735 thresh=0.018 onsetDelta=0.71711 baseline=0.00087 adaptive=0.00218 lastPeak=0.00000 guard=0.060 activeAge=-1.000 pitch=-1.00Hz pitchCents=0.0
2025-12-15 23:02:22 [tracker] [s1] aubio-raw t=10.2169 onset=0.987729 env=0.001138 peak=0.003699 gain=1.000
2025-12-15 23:02:22 [tracker] [s1] onset-accepted t=10.2169 env=0.001138 gate=0.000023 envDelta=0.001114 envFloor=0.000632 onset=0.987729 thresh=0.006000 onsetDelta=0.981730 baseline=0.000422 floor=0.000180 adapt=0.001054 lastPeak=0.000000 baseParam=0.000180 gateRatio=0.0550 envParam=0.000450 onsetScale=0.300 retriggerScale=1.400 guard=0.060 guardRemain=0.000 activeAge=-1.000 retrigRemain=0.000 pitchHz=-1.00 pitchCents=0.0
2025-12-15 23:02:22 [tracker] [s1] onset t=10.217 env=0.00114 gate=0.00002 envDelta=0.00111 envFloor=0.00063 onset=0.988 thresh=0.006 onsetDelta=0.98173 baseline=0.00042 adaptive=0.00105 lastPeak=0.00000 guard=0.060 activeAge=-1.000 pitch=-1.00Hz pitchCents=0.0
2025-12-15 23:02:22 [tracker] [s2] onset t=10.249 env=0.00135 gate=0.00001 envDelta=0.00134 envFloor=0.00100 onset=0.995 thresh=0.009 onsetDelta=0.98605 baseline=0.00066 adaptive=0.00166 lastPeak=0.00051 guard=0.060 activeAge=-1.000 pitch=-1.00Hz pitchCents=0.0
2025-12-15 23:02:22 [tracker] [s5] onset t=10.276 env=0.00179 gate=0.00015 envDelta=0.00164 envFloor=0.00105 onset=0.973 thresh=0.016 onsetDelta=0.95731 baseline=0.00070 adaptive=0.00174 lastPeak=0.00000 guard=0.060 activeAge=-1.000 pitch=-1.00Hz pitchCents=0.0
2025-12-15 23:02:22 [tracker] [s3] onset t=10.281 env=0.00160 gate=0.00008 envDelta=0.00152 envFloor=0.00093 onset=1.034 thresh=0.012 onsetDelta=1.02245 baseline=0.00062 adaptive=0.00154 lastPeak=0.00000 guard=0.060 activeAge=-1.000 pitch=-1.00Hz pitchCents=0.0
2025-12-15 23:02:22 [tracker] [s1] aubio-raw t=10.3903 onset=1.148447 env=0.000735 peak=0.001742 gain=1.000
2025-12-15 23:02:22 [tracker] [s1] onset-accepted t=10.3903 env=0.000735 gate=0.000021 envDelta=0.000714 envFloor=0.000581 onset=1.148447 thresh=0.006000 onsetDelta=1.142447 baseline=0.000387 floor=0.000180 adapt=0.000968 lastPeak=0.000000 baseParam=0.000180 gateRatio=0.0550 envParam=0.000450 onsetScale=0.300 retriggerScale=1.400 guard=0.060 guardRemain=0.000 activeAge=-1.000 retrigRemain=0.000 pitchHz=666.86 pitchCents=3619.9
2025-12-15 23:02:22 [tracker] [s1] onset t=10.390 env=0.00073 gate=0.00002 envDelta=0.00071 envFloor=0.00058 onset=1.148 thresh=0.006 onsetDelta=1.14245 baseline=0.00039 adaptive=0.00097 lastPeak=0.00000 guard=0.060 activeAge=-1.000 pitch=666.86Hz pitchCents=3619.9
2025-12-15 23:02:22 [tracker] [s5] onset t=10.556 env=0.00198 gate=0.00016 envDelta=0.00182 envFloor=0.00114 onset=1.347 thresh=0.016 onsetDelta=1.33067 baseline=0.00076 adaptive=0.00190 lastPeak=0.00000 guard=0.060 activeAge=-1.000 pitch=-1.00Hz pitchCents=0.0
2025-12-15 23:02:23 [tracker] [s4] onset t=10.724 env=0.00165 gate=0.00011 envDelta=0.00154 envFloor=0.00095 onset=0.997 thresh=0.014 onsetDelta=0.98271 baseline=0.00064 adaptive=0.00159 lastPeak=0.00000 guard=0.060 activeAge=-1.000 pitch=-1.00Hz pitchCents=0.0
2025-12-15 23:02:23 [tracker] [s3] onset t=10.726 env=0.00129 gate=0.00008 envDelta=0.00121 envFloor=0.00091 onset=1.059 thresh=0.012 onsetDelta=1.04743 baseline=0.00060 adaptive=0.00151 lastPeak=0.00000 guard=0.060 activeAge=-1.000 pitch=-1.00Hz pitchCents=0.0
2025-12-15 23:02:23 [tracker] [s2] onset t=10.777 env=0.00186 gate=0.00001 envDelta=0.00185 envFloor=0.00097 onset=1.199 thresh=0.009 onsetDelta=1.18978 baseline=0.00065 adaptive=0.00162 lastPeak=0.00019 guard=0.060 activeAge=-1.000 pitch=-1.00Hz pitchCents=0.0
2025-12-15 23:02:23 [tracker] [s1] aubio-raw t=10.8356 onset=0.993612 env=0.000830 peak=0.001919 gain=1.000
2025-12-15 23:02:23 [tracker] [s1] onset-accepted t=10.8356 env=0.000830 gate=0.000022 envDelta=0.000808 envFloor=0.000598 onset=0.993612 thresh=0.006000 onsetDelta=0.987612 baseline=0.000399 floor=0.000180 adapt=0.000997 lastPeak=0.000000 baseParam=0.000180 gateRatio=0.0550 envParam=0.000450 onsetScale=0.300 retriggerScale=1.400 guard=0.060 guardRemain=0.000 activeAge=-1.000 retrigRemain=0.000 pitchHz=101.26 pitchCents=356.7
2025-12-15 23:02:23 [tracker] [s1] onset t=10.836 env=0.00083 gate=0.00002 envDelta=0.00081 envFloor=0.00060 onset=0.994 thresh=0.006 onsetDelta=0.98761 baseline=0.00040 adaptive=0.00100 lastPeak=0.00000 guard=0.060 activeAge=-1.000 pitch=101.26Hz pitchCents=356.7
2025-12-15 23:02:23 [tracker] [s2] onset t=10.846 env=0.00124 gate=0.00001 envDelta=0.00123 envFloor=0.00106 onset=0.999 thresh=0.009 onsetDelta=0.98982 baseline=0.00071 adaptive=0.00177 lastPeak=0.00017 guard=0.060 activeAge=-1.000 pitch=-1.00Hz pitchCents=0.0
2025-12-15 23:02:23 [tracker] [s6] onset t=10.878 env=0.00200 gate=0.00021 envDelta=0.00179 envFloor=0.00126 onset=0.999 thresh=0.018 onsetDelta=0.98100 baseline=0.00084 adaptive=0.00209 lastPeak=0.00000 guard=0.060 activeAge=-1.000 pitch=-1.00Hz pitchCents=0.0
2025-12-15 23:02:23 [tracker] [s1] aubio-raw t=10.9075 onset=1.042755 env=0.001041 peak=0.002371 gain=1.000
2025-12-15 23:02:23 [tracker] [s1] onset-accepted t=10.9075 env=0.001041 gate=0.000022 envDelta=0.001019 envFloor=0.000594 onset=1.042755 thresh=0.006000 onsetDelta=1.036755 baseline=0.000396 floor=0.000180 adapt=0.000990 lastPeak=0.000000 baseParam=0.000180 gateRatio=0.0550 envParam=0.000450 onsetScale=0.300 retriggerScale=1.400 guard=0.060 guardRemain=0.000 activeAge=-1.000 retrigRemain=0.000 pitchHz=242.42 pitchCents=1868.0
2025-12-15 23:02:23 [tracker] [s1] onset t=10.908 env=0.00104 gate=0.00002 envDelta=0.00102 envFloor=0.00059 onset=1.043 thresh=0.006 onsetDelta=1.03675 baseline=0.00040 adaptive=0.00099 lastPeak=0.00000 guard=0.060 activeAge=-1.000 pitch=242.42Hz pitchCents=1868.0
2025-12-15 23:02:23 [tracker] [s6] onset t=10.982 env=0.00216 gate=0.00022 envDelta=0.00195 envFloor=0.00130 onset=1.376 thresh=0.018 onsetDelta=1.35761 baseline=0.00086 adaptive=0.00216 lastPeak=0.00000 guard=0.060 activeAge=-1.000 pitch=-1.00Hz pitchCents=0.0
2025-12-15 23:02:23 [tracker] [s5] onset t=11.012 env=0.00144 gate=0.00015 envDelta=0.00129 envFloor=0.00108 onset=1.063 thresh=0.016 onsetDelta=1.04716 baseline=0.00072 adaptive=0.00179 lastPeak=0.00000 guard=0.060 activeAge=-1.000 pitch=-1.00Hz pitchCents=0.0
2025-12-15 23:02:23 [tracker] [s1] aubio-raw t=11.0169 onset=0.684714 env=0.000866 peak=0.002190 gain=1.000
2025-12-15 23:02:23 [tracker] [s1] onset-accepted t=11.0169 env=0.000866 gate=0.000023 envDelta=0.000843 envFloor=0.000618 onset=0.684714 thresh=0.006000 onsetDelta=0.678714 baseline=0.000412 floor=0.000180 adapt=0.001030 lastPeak=0.000000 baseParam=0.000180 gateRatio=0.0550 envParam=0.000450 onsetScale=0.300 retriggerScale=1.400 guard=0.060 guardRemain=0.000 activeAge=-1.000 retrigRemain=0.000 pitchHz=-1.00 pitchCents=0.0
2025-12-15 23:02:23 [tracker] [s1] onset t=11.017 env=0.00087 gate=0.00002 envDelta=0.00084 envFloor=0.00062 onset=0.685 thresh=0.006 onsetDelta=0.67871 baseline=0.00041 adaptive=0.00103 lastPeak=0.00000 guard=0.060 activeAge=-1.000 pitch=-1.00Hz pitchCents=0.0
2025-12-15 23:02:23 [tracker] [s2] onset t=11.089 env=0.00165 gate=0.00001 envDelta=0.00165 envFloor=0.00096 onset=1.147 thresh=0.009 onsetDelta=1.13828 baseline=0.00064 adaptive=0.00160 lastPeak=0.00010 guard=0.060 activeAge=-1.000 pitch=-1.00Hz pitchCents=0.0
2025-12-15 23:02:23 [tracker] [s1] aubio-raw t=11.0942 onset=0.995083 env=0.000498 peak=0.001117 gain=1.000
2025-12-15 23:02:23 [tracker] [s1] onset-below-env-floor t=11.0942 env=0.000498 gate=0.000022 envDelta=0.000476 envFloor=0.000603 onset=0.995083 thresh=0.006000 onsetDelta=0.989083 baseline=0.000402 floor=0.000180 adapt=0.001005 lastPeak=0.000000 baseParam=0.000180 gateRatio=0.0550 envParam=0.000450 onsetScale=0.300 retriggerScale=1.400 guard=0.060 guardRemain=0.000 activeAge=-1.000 retrigRemain=0.000 pitchHz=95.24 pitchCents=250.6
2025-12-15 23:02:23 [tracker] [s1] aubio-raw t=11.2115 onset=1.078031 env=0.001084 peak=0.002633 gain=1.000
2025-12-15 23:02:23 [tracker] [s1] onset-accepted t=11.2115 env=0.001084 gate=0.000022 envDelta=0.001062 envFloor=0.000596 onset=1.078031 thresh=0.006000 onsetDelta=1.072031 baseline=0.000397 floor=0.000180 adapt=0.000993 lastPeak=0.000000 baseParam=0.000180 gateRatio=0.0550 envParam=0.000450 onsetScale=0.300 retriggerScale=1.400 guard=0.060 guardRemain=0.000 activeAge=-1.000 retrigRemain=0.000 pitchHz=-1.00 pitchCents=0.0
2025-12-15 23:02:23 [tracker] [s1] onset t=11.212 env=0.00108 gate=0.00002 envDelta=0.00106 envFloor=0.00060 onset=1.078 thresh=0.006 onsetDelta=1.07203 baseline=0.00040 adaptive=0.00099 lastPeak=0.00000 guard=0.060 activeAge=-1.000 pitch=-1.00Hz pitchCents=0.0
2025-12-15 23:02:23 [tracker] [s2] onset t=11.356 env=0.00183 gate=0.00001 envDelta=0.00182 envFloor=0.00100 onset=0.507 thresh=0.009 onsetDelta=0.49762 baseline=0.00067 adaptive=0.00166 lastPeak=0.00006 guard=0.060 activeAge=-1.000 pitch=-1.00Hz pitchCents=0.0
2025-12-15 23:02:23 [tracker] [s1] aubio-raw t=11.3635 onset=0.590198 env=0.000580 peak=0.001745 gain=1.000
2025-12-15 23:02:23 [tracker] [s1] onset-below-env-floor t=11.3635 env=0.000580 gate=0.000022 envDelta=0.000558 envFloor=0.000599 onset=0.590198 thresh=0.006000 onsetDelta=0.584198 baseline=0.000399 floor=0.000180 adapt=0.000998 lastPeak=0.000000 baseParam=0.000180 gateRatio=0.0550 envParam=0.000450 onsetScale=0.300 retriggerScale=1.400 guard=0.060 guardRemain=0.000 activeAge=-1.000 retrigRemain=0.000 pitchHz=-1.00 pitchCents=0.0
2025-12-15 23:02:23 [tracker] [s4] onset t=11.393 env=0.00170 gate=0.00011 envDelta=0.00158 envFloor=0.00100 onset=0.665 thresh=0.014 onsetDelta=0.65054 baseline=0.00067 adaptive=0.00167 lastPeak=0.00000 guard=0.060 activeAge=-1.000 pitch=-1.00Hz pitchCents=0.0
2025-12-15 23:02:23 [tracker] [s6] onset t=11.406 env=0.00175 gate=0.00020 envDelta=0.00155 envFloor=0.00123 onset=0.995 thresh=0.018 onsetDelta=0.97735 baseline=0.00082 adaptive=0.00204 lastPeak=0.00000 guard=0.060 activeAge=-1.000 pitch=-1.00Hz pitchCents=0.0
2025-12-15 23:02:23 [tracker] [s4] onset t=11.571 env=0.00121 gate=0.00011 envDelta=0.00110 envFloor=0.00097 onset=0.935 thresh=0.014 onsetDelta=0.92065 baseline=0.00064 adaptive=0.00161 lastPeak=0.00000 guard=0.060 activeAge=-1.000 pitch=-1.00Hz pitchCents=0.0
2025-12-15 23:02:23 [tracker] [s2] onset t=11.595 env=0.00124 gate=0.00001 envDelta=0.00123 envFloor=0.00096 onset=0.946 thresh=0.009 onsetDelta=0.93742 baseline=0.00064 adaptive=0.00160 lastPeak=0.00004 guard=0.060 activeAge=-1.000 pitch=-1.00Hz pitchCents=0.0
2025-12-15 23:02:24 [tracker] [s4] onset t=11.649 env=0.00166 gate=0.00012 envDelta=0.00154 envFloor=0.00103 onset=0.877 thresh=0.014 onsetDelta=0.86297 baseline=0.00068 adaptive=0.00171 lastPeak=0.00000 guard=0.060 activeAge=-1.000 pitch=-1.00Hz pitchCents=0.0
2025-12-15 23:02:24 [tracker] [s1] aubio-raw t=11.7022 onset=1.030889 env=0.000560 peak=0.001689 gain=1.000
2025-12-15 23:02:24 [tracker] [s1] onset-below-env-floor t=11.7022 env=0.000560 gate=0.000021 envDelta=0.000539 envFloor=0.000572 onset=1.030889 thresh=0.006000 onsetDelta=1.024889 baseline=0.000382 floor=0.000180 adapt=0.000954 lastPeak=0.000000 baseParam=0.000180 gateRatio=0.0550 envParam=0.000450 onsetScale=0.300 retriggerScale=1.400 guard=0.060 guardRemain=0.000 activeAge=-1.000 retrigRemain=0.000 pitchHz=-1.00 pitchCents=0.0
2025-12-15 23:02:24 [tracker] [s4] onset t=11.707 env=0.00150 gate=0.00012 envDelta=0.00138 envFloor=0.00104 onset=1.315 thresh=0.014 onsetDelta=1.30116 baseline=0.00069 adaptive=0.00173 lastPeak=0.00000 guard=0.060 activeAge=-1.000 pitch=-1.00Hz pitchCents=0.0
2025-12-15 23:02:24 [tracker] [s5] onset t=11.742 env=0.00176 gate=0.00015 envDelta=0.00160 envFloor=0.00110 onset=1.283 thresh=0.016 onsetDelta=1.26668 baseline=0.00073 adaptive=0.00183 lastPeak=0.00000 guard=0.060 activeAge=-1.000 pitch=-1.00Hz pitchCents=0.0
2025-12-15 23:02:24 [tracker] [s3] onset t=11.747 env=0.00163 gate=0.00008 envDelta=0.00155 envFloor=0.00093 onset=1.195 thresh=0.012 onsetDelta=1.18389 baseline=0.00062 adaptive=0.00154 lastPeak=0.00000 guard=0.060 activeAge=-1.000 pitch=-1.00Hz pitchCents=0.0
2025-12-15 23:02:24 [tracker] [s6] onset t=11.769 env=0.00172 gate=0.00021 envDelta=0.00152 envFloor=0.00123 onset=0.988 thresh=0.018 onsetDelta=0.97043 baseline=0.00082 adaptive=0.00206 lastPeak=0.00000 guard=0.060 activeAge=-1.000 pitch=-1.00Hz pitchCents=0.0
2025-12-15 23:02:24 [tracker] [s5] onset t=11.801 env=0.00138 gate=0.00015 envDelta=0.00123 envFloor=0.00108 onset=1.113 thresh=0.016 onsetDelta=1.09693 baseline=0.00072 adaptive=0.00181 lastPeak=0.00000 guard=0.060 activeAge=-1.000 pitch=-1.00Hz pitchCents=0.0
2025-12-15 23:02:24 [tracker] [s1] aubio-raw t=11.9448 onset=1.177898 env=0.000947 peak=0.001993 gain=1.000
2025-12-15 23:02:24 [tracker] [s1] onset-accepted t=11.9448 env=0.000947 gate=0.000022 envDelta=0.000924 envFloor=0.000612 onset=1.177898 thresh=0.006000 onsetDelta=1.171898 baseline=0.000408 floor=0.000180 adapt=0.001020 lastPeak=0.000000 baseParam=0.000180 gateRatio=0.0550 envParam=0.000450 onsetScale=0.300 retriggerScale=1.400 guard=0.060 guardRemain=0.000 activeAge=-1.000 retrigRemain=0.000 pitchHz=-1.00 pitchCents=0.0
2025-12-15 23:02:24 [tracker] [s1] onset t=11.945 env=0.00095 gate=0.00002 envDelta=0.00092 envFloor=0.00061 onset=1.178 thresh=0.006 onsetDelta=1.17190 baseline=0.00041 adaptive=0.00102 lastPeak=0.00000 guard=0.060 activeAge=-1.000 pitch=-1.00Hz pitchCents=0.0
2025-12-15 23:02:24 [tracker] [s2] onset t=11.958 env=0.00212 gate=0.00001 envDelta=0.00211 envFloor=0.00100 onset=0.790 thresh=0.009 onsetDelta=0.78145 baseline=0.00066 adaptive=0.00166 lastPeak=0.00002 guard=0.060 activeAge=-1.000 pitch=889.13Hz pitchCents=3617.9
2025-12-15 23:02:24 [tracker] [s5] onset t=11.998 env=0.00154 gate=0.00016 envDelta=0.00139 envFloor=0.00111 onset=0.659 thresh=0.016 onsetDelta=0.64299 baseline=0.00074 adaptive=0.00185 lastPeak=0.00000 guard=0.060 activeAge=-1.000 pitch=-1.00Hz pitchCents=0.0
2025-12-15 23:02:24 [tracker] [s4] onset t=12.051 env=0.00139 gate=0.00011 envDelta=0.00128 envFloor=0.00100 onset=0.664 thresh=0.014 onsetDelta=0.65002 baseline=0.00067 adaptive=0.00167 lastPeak=0.00000 guard=0.060 activeAge=-1.000 pitch=-1.00Hz pitchCents=0.0
2025-12-15 23:02:24 [tracker] [s6] onset t=12.217 env=0.00161 gate=0.00020 envDelta=0.00141 envFloor=0.00118 onset=1.186 thresh=0.018 onsetDelta=1.16818 baseline=0.00079 adaptive=0.00197 lastPeak=0.00000 guard=0.060 activeAge=-1.000 pitch=-1.00Hz pitchCents=0.0
2025-12-15 23:02:24 [tracker] [s5] onset t=12.233 env=0.00185 gate=0.00015 envDelta=0.00171 envFloor=0.00106 onset=1.000 thresh=0.016 onsetDelta=0.98411 baseline=0.00070 adaptive=0.00176 lastPeak=0.00000 guard=0.060 activeAge=-1.000 pitch=-1.00Hz pitchCents=0.0
2025-12-15 23:02:24 [tracker] [s1] aubio-raw t=12.2754 onset=0.936571 env=0.001148 peak=0.002678 gain=1.000
2025-12-15 23:02:24 [tracker] [s1] onset-accepted t=12.2754 env=0.001148 gate=0.000021 envDelta=0.001127 envFloor=0.000579 onset=0.936571 thresh=0.006000 onsetDelta=0.930571 baseline=0.000386 floor=0.000180 adapt=0.000965 lastPeak=0.000000 baseParam=0.000180 gateRatio=0.0550 envParam=0.000450 onsetScale=0.300 retriggerScale=1.400 guard=0.060 guardRemain=0.000 activeAge=-1.000 retrigRemain=0.000 pitchHz=-1.00 pitchCents=0.0
2025-12-15 23:02:24 [tracker] [s1] onset t=12.275 env=0.00115 gate=0.00002 envDelta=0.00113 envFloor=0.00058 onset=0.937 thresh=0.006 onsetDelta=0.93057 baseline=0.00039 adaptive=0.00097 lastPeak=0.00000 guard=0.060 activeAge=-1.000 pitch=-1.00Hz pitchCents=0.0
2025-12-15 23:02:24 [tracker] [s4] onset t=12.281 env=0.00182 gate=0.00011 envDelta=0.00171 envFloor=0.00098 onset=1.401 thresh=0.014 onsetDelta=1.38731 baseline=0.00066 adaptive=0.00164 lastPeak=0.00000 guard=0.060 activeAge=-1.000 pitch=-1.00Hz pitchCents=0.0
2025-12-15 23:02:24 [tracker] [s6] onset t=12.457 env=0.00223 gate=0.00022 envDelta=0.00201 envFloor=0.00133 onset=1.103 thresh=0.018 onsetDelta=1.08544 baseline=0.00089 adaptive=0.00222 lastPeak=0.00000 guard=0.060 activeAge=-1.000 pitch=-1.00Hz pitchCents=0.0
2025-12-15 23:02:24 [tracker] [s1] aubio-raw t=12.4781 onset=1.028107 env=0.000841 peak=0.001827 gain=1.000
2025-12-15 23:02:24 [tracker] [s1] onset-accepted t=12.4781 env=0.000841 gate=0.000024 envDelta=0.000817 envFloor=0.000643 onset=1.028107 thresh=0.006000 onsetDelta=1.022107 baseline=0.000429 floor=0.000180 adapt=0.001072 lastPeak=0.000000 baseParam=0.000180 gateRatio=0.0550 envParam=0.000450 onsetScale=0.300 retriggerScale=1.400 guard=0.060 guardRemain=0.000 activeAge=-1.000 retrigRemain=0.000 pitchHz=-1.00 pitchCents=0.0
2025-12-15 23:02:24 [tracker] [s1] onset t=12.478 env=0.00084 gate=0.00002 envDelta=0.00082 envFloor=0.00064 onset=1.028 thresh=0.006 onsetDelta=1.02211 baseline=0.00043 adaptive=0.00107 lastPeak=0.00000 guard=0.060 activeAge=-1.000 pitch=-1.00Hz pitchCents=0.0
2025-12-15 23:02:24 [tracker] [s5] onset t=12.478 env=0.00168 gate=0.00016 envDelta=0.00152 envFloor=0.00111 onset=0.688 thresh=0.016 onsetDelta=0.67197 baseline=0.00074 adaptive=0.00185 lastPeak=0.00000 guard=0.060 activeAge=-1.000 pitch=-1.00Hz pitchCents=0.0
2025-12-15 23:02:24 [tracker] [s3] onset t=12.619 env=0.00103 gate=0.00008 envDelta=0.00096 envFloor=0.00089 onset=1.001 thresh=0.012 onsetDelta=0.98905 baseline=0.00060 adaptive=0.00149 lastPeak=0.00000 guard=0.060 activeAge=-1.000 pitch=-1.00Hz pitchCents=0.0
2025-12-15 23:02:25 [tracker] [s2] onset t=12.739 env=0.00165 gate=0.00001 envDelta=0.00164 envFloor=0.00096 onset=1.095 thresh=0.009 onsetDelta=1.08612 baseline=0.00064 adaptive=0.00160 lastPeak=0.00000 guard=0.060 activeAge=-1.000 pitch=727.32Hz pitchCents=3270.1
2025-12-15 23:02:25 [tracker] [s5] onset t=12.774 env=0.00189 gate=0.00016 envDelta=0.00173 envFloor=0.00113 onset=0.810 thresh=0.016 onsetDelta=0.79434 baseline=0.00075 adaptive=0.00188 lastPeak=0.00000 guard=0.060 activeAge=-1.000 pitch=-1.00Hz pitchCents=0.0
2025-12-15 23:02:25 [tracker] [s2] onset t=12.963 env=0.00149 gate=0.00001 envDelta=0.00148 envFloor=0.00096 onset=1.417 thresh=0.009 onsetDelta=1.40823 baseline=0.00064 adaptive=0.00160 lastPeak=0.00000 guard=0.060 activeAge=-1.000 pitch=-1.00Hz pitchCents=0.0
2025-12-15 23:02:25 [tracker] [s3] onset t=13.041 env=0.00129 gate=0.00008 envDelta=0.00121 envFloor=0.00093 onset=0.988 thresh=0.012 onsetDelta=0.97672 baseline=0.00062 adaptive=0.00155 lastPeak=0.00000 guard=0.060 activeAge=-1.000 pitch=-1.00Hz pitchCents=0.0
2025-12-15 23:02:25 [tracker] [s6] onset t=13.142 env=0.00212 gate=0.00021 envDelta=0.00191 envFloor=0.00125 onset=0.984 thresh=0.018 onsetDelta=0.96603 baseline=0.00083 adaptive=0.00208 lastPeak=0.00000 guard=0.060 activeAge=-1.000 pitch=-1.00Hz pitchCents=0.0
2025-12-15 23:02:25 [tracker] [s3] onset t=13.203 env=0.00130 gate=0.00008 envDelta=0.00122 envFloor=0.00089 onset=1.004 thresh=0.012 onsetDelta=0.99219 baseline=0.00060 adaptive=0.00149 lastPeak=0.00000 guard=0.060 activeAge=-1.000 pitch=-1.00Hz pitchCents=0.0
2025-12-15 23:02:25 [tracker] [s3] onset t=13.289 env=0.00150 gate=0.00008 envDelta=0.00143 envFloor=0.00090 onset=0.925 thresh=0.012 onsetDelta=0.91351 baseline=0.00060 adaptive=0.00149 lastPeak=0.00000 guard=0.060 activeAge=-1.000 pitch=-1.00Hz pitchCents=0.0
2025-12-15 23:02:25 [tracker] [s6] onset t=13.334 env=0.00173 gate=0.00020 envDelta=0.00154 envFloor=0.00117 onset=1.106 thresh=0.018 onsetDelta=1.08840 baseline=0.00078 adaptive=0.00195 lastPeak=0.00000 guard=0.060 activeAge=-1.000 pitch=-1.00Hz pitchCents=0.0
2025-12-15 23:02:25 [tracker] [s1] aubio-raw t=13.3447 onset=1.000134 env=0.000800 peak=0.002015 gain=1.000
2025-12-15 23:02:25 [tracker] [s1] onset-accepted t=13.3447 env=0.000800 gate=0.000021 envDelta=0.000779 envFloor=0.000561 onset=1.000134 thresh=0.006000 onsetDelta=0.994134 baseline=0.000374 floor=0.000180 adapt=0.000935 lastPeak=0.000000 baseParam=0.000180 gateRatio=0.0550 envParam=0.000450 onsetScale=0.300 retriggerScale=1.400 guard=0.060 guardRemain=0.000 activeAge=-1.000 retrigRemain=0.000 pitchHz=111.10 pitchCents=517.3
2025-12-15 23:02:25 [tracker] [s1] onset t=13.345 env=0.00080 gate=0.00002 envDelta=0.00078 envFloor=0.00056 onset=1.000 thresh=0.006 onsetDelta=0.99413 baseline=0.00037 adaptive=0.00093 lastPeak=0.00000 guard=0.060 activeAge=-1.000 pitch=111.10Hz pitchCents=517.3
2025-12-15 23:02:25 [tracker] [s5] onset t=13.454 env=0.00163 gate=0.00015 envDelta=0.00149 envFloor=0.00104 onset=0.798 thresh=0.016 onsetDelta=0.78161 baseline=0.00070 adaptive=0.00174 lastPeak=0.00000 guard=0.060 activeAge=-1.000 pitch=-1.00Hz pitchCents=0.0
2025-12-15 23:02:25 [tracker] [s4] onset t=13.526 env=0.00184 gate=0.00012 envDelta=0.00173 envFloor=0.00102 onset=1.079 thresh=0.014 onsetDelta=1.06545 baseline=0.00068 adaptive=0.00170 lastPeak=0.00000 guard=0.060 activeAge=-1.000 pitch=-1.00Hz pitchCents=0.0
2025-12-15 23:02:25 [tracker] [s2] onset t=13.566 env=0.00156 gate=0.00001 envDelta=0.00155 envFloor=0.00096 onset=1.237 thresh=0.009 onsetDelta=1.22785 baseline=0.00064 adaptive=0.00160 lastPeak=0.00000 guard=0.060 activeAge=-1.000 pitch=-1.00Hz pitchCents=0.0
2025-12-15 23:02:25 [tracker] [s5] onset t=13.595 env=0.00162 gate=0.00016 envDelta=0.00146 envFloor=0.00113 onset=0.996 thresh=0.016 onsetDelta=0.98036 baseline=0.00076 adaptive=0.00189 lastPeak=0.00000 guard=0.060 activeAge=-1.000 pitch=-1.00Hz pitchCents=0.0
2025-12-15 23:02:26 [tracker] [s2] onset t=13.646 env=0.00166 gate=0.00001 envDelta=0.00166 envFloor=0.00096 onset=1.133 thresh=0.009 onsetDelta=1.12377 baseline=0.00064 adaptive=0.00160 lastPeak=0.00000 guard=0.060 activeAge=-1.000 pitch=571.54Hz pitchCents=2852.8
2025-12-15 23:02:26 [tracker] [s6] onset t=13.710 env=0.00209 gate=0.00020 envDelta=0.00189 envFloor=0.00119 onset=0.998 thresh=0.018 onsetDelta=0.98033 baseline=0.00080 adaptive=0.00199 lastPeak=0.00000 guard=0.060 activeAge=-1.000 pitch=-1.00Hz pitchCents=0.0
2025-12-15 23:02:26 [tracker] [s1] aubio-raw t=13.7767 onset=0.997926 env=0.000644 peak=0.001877 gain=1.000
2025-12-15 23:02:26 [tracker] [s1] onset-accepted t=13.7767 env=0.000644 gate=0.000021 envDelta=0.000623 envFloor=0.000584 onset=0.997926 thresh=0.006000 onsetDelta=0.991926 baseline=0.000389 floor=0.000180 adapt=0.000973 lastPeak=0.000000 baseParam=0.000180 gateRatio=0.0550 envParam=0.000450 onsetScale=0.300 retriggerScale=1.400 guard=0.060 guardRemain=0.000 activeAge=-1.000 retrigRemain=0.000 pitchHz=333.29 pitchCents=2419.1
2025-12-15 23:02:26 [tracker] [s1] onset t=13.777 env=0.00064 gate=0.00002 envDelta=0.00062 envFloor=0.00058 onset=0.998 thresh=0.006 onsetDelta=0.99193 baseline=0.00039 adaptive=0.00097 lastPeak=0.00000 guard=0.060 activeAge=-1.000 pitch=333.29Hz pitchCents=2419.1
2025-12-15 23:02:26 [tracker] [s6] onset t=13.931 env=0.00201 gate=0.00021 envDelta=0.00179 envFloor=0.00128 onset=1.000 thresh=0.018 onsetDelta=0.98208 baseline=0.00085 adaptive=0.00213 lastPeak=0.00000 guard=0.060 activeAge=-1.000 pitch=-1.00Hz pitchCents=0.0
2025-12-15 23:02:26 [tracker] [s4] onset t=13.939 env=0.00175 gate=0.00012 envDelta=0.00163 envFloor=0.00103 onset=1.204 thresh=0.014 onsetDelta=1.18999 baseline=0.00069 adaptive=0.00171 lastPeak=0.00000 guard=0.060 activeAge=-1.000 pitch=-1.00Hz pitchCents=0.0
2025-12-15 23:02:26 [tracker] [s4] onset t=14.017 env=0.00185 gate=0.00012 envDelta=0.00173 envFloor=0.00104 onset=1.272 thresh=0.014 onsetDelta=1.25776 baseline=0.00069 adaptive=0.00173 lastPeak=0.00000 guard=0.060 activeAge=-1.000 pitch=-1.00Hz pitchCents=0.0
2025-12-15 23:02:26 [tracker] [s1] aubio-raw t=14.0247 onset=1.023677 env=0.000889 peak=0.002180 gain=1.000
2025-12-15 23:02:26 [tracker] [s1] onset-accepted t=14.0247 env=0.000889 gate=0.000022 envDelta=0.000866 envFloor=0.000609 onset=1.023677 thresh=0.006000 onsetDelta=1.017677 baseline=0.000406 floor=0.000180 adapt=0.001015 lastPeak=0.000000 baseParam=0.000180 gateRatio=0.0550 envParam=0.000450 onsetScale=0.300 retriggerScale=1.400 guard=0.060 guardRemain=0.000 activeAge=-1.000 retrigRemain=0.000 pitchHz=200.00 pitchCents=1535.0
2025-12-15 23:02:26 [tracker] [s1] onset t=14.025 env=0.00089 gate=0.00002 envDelta=0.00087 envFloor=0.00061 onset=1.024 thresh=0.006 onsetDelta=1.01768 baseline=0.00041 adaptive=0.00101 lastPeak=0.00000 guard=0.060 activeAge=-1.000 pitch=200.00Hz pitchCents=1535.0
2025-12-15 23:02:26 [sessionwavs] wrote 6 wav files to /home/general/SignalAssistant/logs/sessionwavs/session-20251215-230211 (shutdown)
# Session closed at 2025-12-15 23:02:26
