# SignalAssistant session log
# Started at 2025-12-25 06:40:10
2025-12-25 06:40:10 [session] mode=live session='' path='' duration=0.00 files=0
2025-12-25 06:40:10 [tracker-settings] TrackerConfig onsetThreshold=0.02000 minNoteDurSec=0.045 hopSec=0.010 slideDelta=120.0 bendDelta=35.0
2025-12-25 06:40:10 [tracker-settings] string1 midi=40 lowCut=77.50Hz highCut=160.00Hz baseline=0.001000 gateRatio=0.05500 envFloor=0.001500 sustainScale=0.580 retriggerScale=1.400 pitchTol=0.400 onsetScale=0.360
2025-12-25 06:40:10 [tracker-settings] string2 midi=45 lowCut=102.50Hz highCut=215.00Hz baseline=0.001200 gateRatio=0.10000 envFloor=0.001800 sustainScale=0.700 retriggerScale=1.250 pitchTol=0.400 onsetScale=0.610
2025-12-25 06:40:10 [tracker-settings] string3 midi=50 lowCut=137.50Hz highCut=290.00Hz baseline=0.001400 gateRatio=0.13000 envFloor=0.002100 sustainScale=0.820 retriggerScale=1.100 pitchTol=0.450 onsetScale=0.930
2025-12-25 06:40:10 [tracker-settings] string4 midi=55 lowCut=187.50Hz highCut=385.00Hz baseline=0.001600 gateRatio=0.17000 envFloor=0.002400 sustainScale=1.000 retriggerScale=1.000 pitchTol=0.440 onsetScale=1.260
2025-12-25 06:40:10 [tracker-settings] string5 midi=59 lowCut=237.50Hz highCut=485.00Hz baseline=0.001800 gateRatio=0.21000 envFloor=0.002700 sustainScale=1.000 retriggerScale=1.000 pitchTol=0.500 onsetScale=1.440
2025-12-25 06:40:10 [tracker-settings] string6 midi=64 lowCut=317.50Hz highCut=650.00Hz baseline=0.002000 gateRatio=0.25000 envFloor=0.003000 sustainScale=1.000 retriggerScale=1.000 pitchTol=0.550 onsetScale=1.620
2025-12-25 06:40:10 [calibration] Loaded avgRms/peakRms from legacy calibration file
2025-12-25 06:40:10 [calibration] Calibration profile derived from tuning state
2025-12-25 06:41:40 [detection]      S1F5 ON (onset=0.992 env=0.0251)
2025-12-25 06:41:40 [detection]      S1F5 OFF (sharp-drop: 0.0162 -> 0.0010)
2025-12-25 06:41:42 [detection]      S1F5 ON (onset=1.454 env=0.2729)
2025-12-25 06:41:42 [detection]      S1F5 OFF (sharp-drop: 0.1721 -> 0.0009)
2025-12-25 06:41:43 [detection]      S1F5 ON (onset=1.356 env=0.4854)
2025-12-25 06:41:44 [detection]      S2F0 ON (onset=0.518 env=0.0065)
2025-12-25 06:41:47 [detection]      S2F0 OFF (sustained-quiet: avgEnv=0.0017 < floor=0.0018)
2025-12-25 06:41:48 [detection]      S1F5 OFF (sustained-quiet: avgEnv=0.0006 < floor=0.0010)
2025-12-25 06:42:00 [detection]      S1F5 ON (onset=0.674 env=0.0645)
2025-12-25 06:42:00 [detection]      S1F5 OFF (sharp-drop: 0.0450 -> 0.0009)
2025-12-25 06:42:03 [detection]      S1F5 ON (onset=1.241 env=0.0118)
2025-12-25 06:42:03 [detection]      S1F5 OFF (sharp-drop: 0.0109 -> 0.0008)
2025-12-25 06:42:07 [detection]      S1F5 ON (onset=1.111 env=0.0549)
2025-12-25 06:42:07 [detection]      S1F5 OFF (sharp-drop: 0.0417 -> 0.0008)
2025-12-25 06:42:11 [detection]      S1F5 ON (onset=0.958 env=0.0111)
2025-12-25 06:42:11 [detection]      S1F5 OFF (sharp-drop: 0.0095 -> 0.0008)
2025-12-25 06:42:13 [detection]      S1F5 ON (onset=1.000 env=0.0596)
2025-12-25 06:42:13 [detection]      S1F5 OFF (sharp-drop: 0.0416 -> 0.0008)
2025-12-25 06:42:18 [detection]      S1F5 ON (onset=0.625 env=0.0134)
2025-12-25 06:42:18 [detection]      S1F5 OFF (sharp-drop: 0.0104 -> 0.0010)
2025-12-25 06:42:21 [detection]      S1F5 ON (onset=0.993 env=0.0156)
2025-12-25 06:42:21 [detection]      S1F5 OFF (sharp-drop: 0.0101 -> 0.0010)
2025-12-25 06:42:27 [detection]      S1F5 ON (onset=0.907 env=0.0196)
2025-12-25 06:42:27 [detection]      S1F5 OFF (sharp-drop: 0.0136 -> 0.0009)
2025-12-25 06:42:29 [detection]      S1F5 ON (onset=0.932 env=0.0127)
2025-12-25 06:42:30 [detection]      S1F5 OFF (sharp-drop: 0.0107 -> 0.0010)
2025-12-25 06:42:39 [detection]      S1F5 ON (onset=0.997 env=0.0253)
2025-12-25 06:42:39 [detection]      S1F5 OFF (sharp-drop: 0.0205 -> 0.0009)
2025-12-25 06:52:11 [detection]      S1F2 ON (onset=1.286 env=0.0012)
2025-12-25 06:52:13 [detection]      S1F2 OFF (sustained-quiet: avgEnv=0.0009 < floor=0.0010)
2025-12-25 06:55:05 [sessionwavs] wrote 6 wav files to /home/general/SignalAssistant/logs/sessionwavs/session-20251225-064010 (shutdown)
# Session closed at 2025-12-25 06:55:05
