# SignalAssistant session log
# Started at 2025-12-26 01:07:18
2025-12-26 01:07:18 [session] mode=recorded session='20251226-010649 S1 F0 F1' path='/home/general/SignalAssistant/sessions/live/20251226-010649 S1 F0 F1' duration=10.60 files=6
2025-12-26 01:07:18 [tracker-settings] TrackerConfig onsetThreshold=0.02000 minNoteDurSec=0.045 hopSec=0.010 slideDelta=120.0 bendDelta=35.0
2025-12-26 01:07:18 [tracker-settings] string1 midi=40 lowCut=77.50Hz highCut=160.00Hz baseline=0.001000 gateRatio=0.05500 envFloor=0.001500 sustainScale=0.580 retriggerScale=1.400 pitchTol=0.400 onsetScale=0.360
2025-12-26 01:07:18 [tracker-settings] string2 midi=45 lowCut=102.50Hz highCut=215.00Hz baseline=0.001200 gateRatio=0.10000 envFloor=0.001800 sustainScale=0.700 retriggerScale=1.250 pitchTol=0.400 onsetScale=0.610
2025-12-26 01:07:18 [tracker-settings] string4 midi=55 lowCut=187.50Hz highCut=385.00Hz baseline=0.001600 gateRatio=0.17000 envFloor=0.002400 sustainScale=1.000 retriggerScale=1.000 pitchTol=0.440 onsetScale=1.260
2025-12-26 01:07:18 [tracker-settings] string5 midi=59 lowCut=237.50Hz highCut=485.00Hz baseline=0.001800 gateRatio=0.21000 envFloor=0.002700 sustainScale=1.000 retriggerScale=1.000 pitchTol=0.500 onsetScale=1.440
2025-12-26 01:07:18 [tracker-settings] string6 midi=64 lowCut=317.50Hz highCut=650.00Hz baseline=0.002000 gateRatio=0.25000 envFloor=0.003000 sustainScale=1.000 retriggerScale=1.000 pitchTol=0.550 onsetScale=1.620
2025-12-26 01:07:18 [calibration] Loaded avgRms/peakRms from legacy calibration file
2025-12-26 01:07:18 [calibration] Calibration profile derived from tuning state
2025-12-26 01:07:48 [test-mode] play session='20251226-010649 S1 F0 F1' position=0.00 duration=10.60
2025-12-26 01:07:50 [detection]      S1F6 ON (onset=0.998 env=0.0719)
2025-12-26 01:07:51 [detection]      S1F6 OFF (sharp-drop: 0.0077 -> 0.0010)
2025-12-26 01:07:52 [detection]      S2F4 ON (onset=0.590 env=0.0054)
2025-12-26 01:07:53 [detection]      S2F4 OFF (sustained-quiet: avgEnv=0.0006 < floor=0.0018)
2025-12-26 01:07:54 [detection]      S1F2 ON (onset=0.746 env=0.3617)
2025-12-26 01:07:54 [detection]      S2F0 ON (onset=1.174 env=0.0086)
2025-12-26 01:07:54 [detection]      S1F2 OFF (retrigger: onset=1.045 ratio=2.71)
2025-12-26 01:07:54 [detection]      S1F2 ON (onset=1.316 env=0.2265)
2025-12-26 01:07:56 [detection]      S2F0 OFF (sustained-quiet: avgEnv=0.0007 < floor=0.0018)
2025-12-26 01:07:56 [detection]      S1F2 OFF (sharp-drop: 0.0129 -> 0.0010)
2025-12-26 01:07:56 [detection]      S1F2 ON (onset=0.798 env=0.0899)
2025-12-26 01:07:57 [detection]      S1F2 OFF (retrigger: onset=0.908 ratio=2.19)
2025-12-26 01:07:57 [detection]      S2F0 ON (onset=1.043 env=0.0079)
2025-12-26 01:07:57 [detection]      S1F2 ON (onset=0.998 env=0.0371)
2025-12-26 01:07:59 [detection]      S2F0 OFF (sustained-quiet: avgEnv=0.0007 < floor=0.0018)
2025-12-26 01:07:59 [detection]      S1F2 OFF (sustained-quiet: avgEnv=0.0008 < floor=0.0010)
2025-12-26 01:08:01 [test-mode] play session='20251226-010649 S1 F0 F1' position=0.00 duration=10.60
2025-12-26 01:08:03 [detection]      S1F6 ON (onset=0.998 env=0.0719)
2025-12-26 01:08:04 [detection]      S1F6 OFF (sharp-drop: 0.0077 -> 0.0010)
2025-12-26 01:08:06 [detection]      S2F4 ON (onset=0.590 env=0.0054)
2025-12-26 01:08:07 [detection]      S2F4 OFF (sustained-quiet: avgEnv=0.0006 < floor=0.0018)
2025-12-26 01:08:07 [detection]      S1F2 ON (onset=0.746 env=0.3617)
2025-12-26 01:08:07 [detection]      S2F0 ON (onset=1.174 env=0.0086)
2025-12-26 01:08:07 [detection]      S1F2 OFF (retrigger: onset=1.045 ratio=2.71)
2025-12-26 01:08:07 [detection]      S1F2 ON (onset=1.316 env=0.2265)
2025-12-26 01:08:09 [detection]      S2F0 OFF (sustained-quiet: avgEnv=0.0007 < floor=0.0018)
2025-12-26 01:08:09 [detection]      S1F2 OFF (sharp-drop: 0.0129 -> 0.0010)
2025-12-26 01:08:10 [detection]      S1F2 ON (onset=0.798 env=0.0899)
2025-12-26 01:08:10 [detection]      S1F2 OFF (retrigger: onset=0.908 ratio=2.19)
2025-12-26 01:08:10 [detection]      S2F0 ON (onset=1.043 env=0.0079)
2025-12-26 01:08:10 [detection]      S1F2 ON (onset=0.998 env=0.0371)
2025-12-26 01:08:12 [detection]      S2F0 OFF (sustained-quiet: avgEnv=0.0007 < floor=0.0018)
2025-12-26 01:08:12 [detection]      S1F2 OFF (sustained-quiet: avgEnv=0.0008 < floor=0.0010)
2025-12-26 01:08:12 [test-mode] play session='20251226-010649 S1 F0 F1' position=0.00 duration=10.60
2025-12-26 01:08:14 [detection]      S1F6 ON (onset=0.998 env=0.0719)
2025-12-26 01:08:15 [detection]      S1F6 OFF (sharp-drop: 0.0077 -> 0.0010)
2025-12-26 01:08:16 [detection]      S2F4 ON (onset=0.590 env=0.0054)
2025-12-26 01:08:17 [detection]      S2F4 OFF (sustained-quiet: avgEnv=0.0006 < floor=0.0018)
2025-12-26 01:08:18 [detection]      S1F2 ON (onset=0.746 env=0.3617)
2025-12-26 01:08:18 [detection]      S2F0 ON (onset=1.174 env=0.0086)
2025-12-26 01:08:18 [detection]      S1F2 OFF (retrigger: onset=1.045 ratio=2.71)
2025-12-26 01:08:18 [detection]      S1F2 ON (onset=1.316 env=0.2265)
2025-12-26 01:08:20 [detection]      S2F0 OFF (sustained-quiet: avgEnv=0.0007 < floor=0.0018)
2025-12-26 01:08:20 [detection]      S1F2 OFF (sharp-drop: 0.0129 -> 0.0010)
2025-12-26 01:08:20 [detection]      S1F2 ON (onset=0.798 env=0.0899)
2025-12-26 01:08:21 [detection]      S1F2 OFF (retrigger: onset=0.908 ratio=2.19)
2025-12-26 01:08:21 [detection]      S2F0 ON (onset=1.043 env=0.0079)
2025-12-26 01:08:21 [detection]      S1F2 ON (onset=0.998 env=0.0371)
2025-12-26 01:08:23 [detection]      S2F0 OFF (sustained-quiet: avgEnv=0.0007 < floor=0.0018)
2025-12-26 01:08:23 [detection]      S1F2 OFF (sustained-quiet: avgEnv=0.0008 < floor=0.0010)
2025-12-26 01:08:23 [test-mode] play session='20251226-010649 S1 F0 F1' position=0.00 duration=10.60
2025-12-26 01:08:25 [detection]      S1F6 ON (onset=0.998 env=0.0719)
2025-12-26 01:08:26 [detection]      S1F6 OFF (sharp-drop: 0.0077 -> 0.0010)
2025-12-26 01:08:27 [detection]      S2F4 ON (onset=0.590 env=0.0054)
2025-12-26 01:08:28 [detection]      S2F4 OFF (sustained-quiet: avgEnv=0.0006 < floor=0.0018)
2025-12-26 01:08:29 [detection]      S1F2 ON (onset=0.746 env=0.3617)
2025-12-26 01:08:29 [detection]      S2F0 ON (onset=1.174 env=0.0086)
2025-12-26 01:08:29 [detection]      S1F2 OFF (retrigger: onset=1.045 ratio=2.71)
2025-12-26 01:08:29 [detection]      S1F2 ON (onset=1.316 env=0.2265)
2025-12-26 01:08:31 [detection]      S2F0 OFF (sustained-quiet: avgEnv=0.0007 < floor=0.0018)
2025-12-26 01:08:31 [detection]      S1F2 OFF (sharp-drop: 0.0129 -> 0.0010)
2025-12-26 01:08:31 [detection]      S1F2 ON (onset=0.798 env=0.0899)
2025-12-26 01:08:31 [detection]      S1F2 OFF (retrigger: onset=0.908 ratio=2.19)
2025-12-26 01:08:31 [detection]      S2F0 ON (onset=1.043 env=0.0079)
2025-12-26 01:08:32 [detection]      S1F2 ON (onset=0.998 env=0.0371)
2025-12-26 01:08:33 [detection]      S2F0 OFF (sustained-quiet: avgEnv=0.0007 < floor=0.0018)
2025-12-26 01:08:34 [detection]      S1F2 OFF (sustained-quiet: avgEnv=0.0008 < floor=0.0010)
2025-12-26 01:08:34 [test-mode] play session='20251226-010649 S1 F0 F1' position=0.00 duration=10.60
2025-12-26 01:08:35 [detection]      S1F6 ON (onset=0.998 env=0.0719)
2025-12-26 01:08:37 [detection]      S1F6 OFF (sharp-drop: 0.0077 -> 0.0010)
2025-12-26 01:08:38 [detection]      S2F4 ON (onset=0.590 env=0.0054)
2025-12-26 01:08:39 [detection]      S2F4 OFF (sustained-quiet: avgEnv=0.0006 < floor=0.0018)
2025-12-26 01:08:40 [detection]      S1F2 ON (onset=0.746 env=0.3617)
2025-12-26 01:08:40 [detection]      S2F0 ON (onset=1.174 env=0.0086)
2025-12-26 01:08:40 [detection]      S1F2 OFF (retrigger: onset=1.045 ratio=2.71)
2025-12-26 01:08:40 [detection]      S1F2 ON (onset=1.316 env=0.2265)
2025-12-26 01:08:41 [detection]      S2F0 OFF (sustained-quiet: avgEnv=0.0007 < floor=0.0018)
2025-12-26 01:08:42 [detection]      S1F2 OFF (sharp-drop: 0.0129 -> 0.0010)
2025-12-26 01:08:42 [detection]      S1F2 ON (onset=0.798 env=0.0899)
2025-12-26 01:08:42 [detection]      S1F2 OFF (retrigger: onset=0.908 ratio=2.19)
2025-12-26 01:08:42 [detection]      S2F0 ON (onset=1.043 env=0.0079)
2025-12-26 01:08:42 [detection]      S1F2 ON (onset=0.998 env=0.0371)
2025-12-26 01:08:44 [detection]      S2F0 OFF (sustained-quiet: avgEnv=0.0007 < floor=0.0018)
2025-12-26 01:08:45 [detection]      S1F2 OFF (sustained-quiet: avgEnv=0.0008 < floor=0.0010)
2025-12-26 01:08:45 [test-mode] play session='20251226-010649 S1 F0 F1' position=0.00 duration=10.60
2025-12-26 01:08:46 [detection]      S1F6 ON (onset=0.998 env=0.0719)
2025-12-26 01:08:48 [detection]      S1F6 OFF (sharp-drop: 0.0077 -> 0.0010)
2025-12-26 01:08:49 [detection]      S2F4 ON (onset=0.590 env=0.0054)
2025-12-26 01:08:50 [detection]      S2F4 OFF (sustained-quiet: avgEnv=0.0006 < floor=0.0018)
2025-12-26 01:08:51 [detection]      S1F2 ON (onset=0.746 env=0.3617)
2025-12-26 01:08:51 [detection]      S2F0 ON (onset=1.174 env=0.0086)
2025-12-26 01:08:51 [detection]      S1F2 OFF (retrigger: onset=1.045 ratio=2.71)
2025-12-26 01:08:51 [detection]      S1F2 ON (onset=1.316 env=0.2265)
2025-12-26 01:08:52 [detection]      S2F0 OFF (sustained-quiet: avgEnv=0.0007 < floor=0.0018)
2025-12-26 01:08:52 [detection]      S1F2 OFF (sharp-drop: 0.0129 -> 0.0010)
2025-12-26 01:08:53 [detection]      S1F2 ON (onset=0.798 env=0.0899)
2025-12-26 01:08:53 [detection]      S1F2 OFF (retrigger: onset=0.908 ratio=2.19)
2025-12-26 01:08:53 [detection]      S2F0 ON (onset=1.043 env=0.0079)
2025-12-26 01:08:53 [detection]      S1F2 ON (onset=0.998 env=0.0371)
2025-12-26 01:08:55 [detection]      S2F0 OFF (sustained-quiet: avgEnv=0.0007 < floor=0.0018)
2025-12-26 01:08:55 [detection]      S1F2 OFF (sustained-quiet: avgEnv=0.0008 < floor=0.0010)
2025-12-26 01:08:55 [test-mode] play session='20251226-010649 S1 F0 F1' position=0.00 duration=10.60
2025-12-26 01:08:57 [detection]      S1F6 ON (onset=0.998 env=0.0719)
2025-12-26 01:08:58 [detection]      S1F6 OFF (sharp-drop: 0.0077 -> 0.0010)
2025-12-26 01:09:00 [detection]      S2F4 ON (onset=0.590 env=0.0054)
2025-12-26 01:09:01 [detection]      S2F4 OFF (sustained-quiet: avgEnv=0.0006 < floor=0.0018)
2025-12-26 01:09:01 [detection]      S1F2 ON (onset=0.746 env=0.3617)
2025-12-26 01:09:02 [detection]      S2F0 ON (onset=1.174 env=0.0086)
2025-12-26 01:09:02 [detection]      S1F2 OFF (retrigger: onset=1.045 ratio=2.71)
2025-12-26 01:09:02 [detection]      S1F2 ON (onset=1.316 env=0.2265)
2025-12-26 01:09:03 [detection]      S2F0 OFF (sustained-quiet: avgEnv=0.0007 < floor=0.0018)
2025-12-26 01:09:03 [detection]      S1F2 OFF (sharp-drop: 0.0129 -> 0.0010)
2025-12-26 01:09:04 [detection]      S1F2 ON (onset=0.798 env=0.0899)
2025-12-26 01:09:04 [detection]      S1F2 OFF (retrigger: onset=0.908 ratio=2.19)
2025-12-26 01:09:04 [detection]      S2F0 ON (onset=1.043 env=0.0079)
2025-12-26 01:09:04 [detection]      S1F2 ON (onset=0.998 env=0.0371)
2025-12-26 01:09:06 [detection]      S2F0 OFF (sustained-quiet: avgEnv=0.0007 < floor=0.0018)
2025-12-26 01:09:06 [detection]      S1F2 OFF (sustained-quiet: avgEnv=0.0008 < floor=0.0010)
2025-12-26 01:09:06 [test-mode] play session='20251226-010649 S1 F0 F1' position=0.00 duration=10.60
2025-12-26 01:09:08 [detection]      S1F6 ON (onset=0.998 env=0.0719)
2025-12-26 01:09:09 [detection]      S1F6 OFF (sharp-drop: 0.0077 -> 0.0010)
2025-12-26 01:09:11 [detection]      S2F4 ON (onset=0.590 env=0.0054)
2025-12-26 01:09:12 [detection]      S2F4 OFF (sustained-quiet: avgEnv=0.0006 < floor=0.0018)
2025-12-26 01:09:12 [detection]      S1F2 ON (onset=0.746 env=0.3617)
2025-12-26 01:09:13 [detection]      S2F0 ON (onset=1.174 env=0.0086)
2025-12-26 01:09:13 [detection]      S1F2 OFF (retrigger: onset=1.045 ratio=2.71)
2025-12-26 01:09:13 [detection]      S1F2 ON (onset=1.316 env=0.2265)
2025-12-26 01:09:14 [detection]      S2F0 OFF (sustained-quiet: avgEnv=0.0007 < floor=0.0018)
2025-12-26 01:09:14 [detection]      S1F2 OFF (sharp-drop: 0.0129 -> 0.0010)
2025-12-26 01:09:15 [detection]      S1F2 ON (onset=0.798 env=0.0899)
2025-12-26 01:09:15 [detection]      S1F2 OFF (retrigger: onset=0.908 ratio=2.19)
2025-12-26 01:09:15 [detection]      S2F0 ON (onset=1.043 env=0.0079)
2025-12-26 01:09:15 [detection]      S1F2 ON (onset=0.998 env=0.0371)
2025-12-26 01:09:17 [detection]      S2F0 OFF (sustained-quiet: avgEnv=0.0007 < floor=0.0018)
2025-12-26 01:09:17 [detection]      S1F2 OFF (sustained-quiet: avgEnv=0.0008 < floor=0.0010)
2025-12-26 01:09:17 [test-mode] play session='20251226-010649 S1 F0 F1' position=0.00 duration=10.60
2025-12-26 01:09:19 [detection]      S1F6 ON (onset=0.998 env=0.0719)
2025-12-26 01:09:20 [detection]      S1F6 OFF (sharp-drop: 0.0077 -> 0.0010)
2025-12-26 01:09:22 [detection]      S2F4 ON (onset=0.590 env=0.0054)
2025-12-26 01:09:23 [detection]      S2F4 OFF (sustained-quiet: avgEnv=0.0006 < floor=0.0018)
2025-12-26 01:09:23 [detection]      S1F2 ON (onset=0.746 env=0.3617)
2025-12-26 01:09:24 [detection]      S2F0 ON (onset=1.174 env=0.0086)
2025-12-26 01:09:24 [detection]      S1F2 OFF (retrigger: onset=1.045 ratio=2.71)
2025-12-26 01:09:24 [detection]      S1F2 ON (onset=1.316 env=0.2265)
2025-12-26 01:09:25 [detection]      S2F0 OFF (sustained-quiet: avgEnv=0.0007 < floor=0.0018)
2025-12-26 01:09:25 [detection]      S1F2 OFF (sharp-drop: 0.0129 -> 0.0010)
2025-12-26 01:09:26 [detection]      S1F2 ON (onset=0.798 env=0.0899)
2025-12-26 01:09:26 [detection]      S1F2 OFF (retrigger: onset=0.908 ratio=2.19)
2025-12-26 01:09:26 [detection]      S2F0 ON (onset=1.043 env=0.0079)
2025-12-26 01:09:26 [detection]      S1F2 ON (onset=0.998 env=0.0371)
2025-12-26 01:09:28 [detection]      S2F0 OFF (sustained-quiet: avgEnv=0.0007 < floor=0.0018)
2025-12-26 01:09:28 [detection]      S1F2 OFF (sustained-quiet: avgEnv=0.0008 < floor=0.0010)
2025-12-26 01:09:28 [test-mode] play session='20251226-010649 S1 F0 F1' position=0.00 duration=10.60
2025-12-26 01:09:30 [detection]      S1F6 ON (onset=0.998 env=0.0719)
2025-12-26 01:09:31 [detection]      S1F6 OFF (sharp-drop: 0.0077 -> 0.0010)
2025-12-26 01:09:33 [detection]      S2F4 ON (onset=0.590 env=0.0054)
2025-12-26 01:09:34 [detection]      S2F4 OFF (sustained-quiet: avgEnv=0.0006 < floor=0.0018)
2025-12-26 01:09:34 [detection]      S1F2 ON (onset=0.746 env=0.3617)
2025-12-26 01:09:34 [detection]      S2F0 ON (onset=1.174 env=0.0086)
2025-12-26 01:09:34 [detection]      S1F2 OFF (retrigger: onset=1.045 ratio=2.71)
2025-12-26 01:09:35 [detection]      S1F2 ON (onset=1.316 env=0.2265)
2025-12-26 01:09:36 [detection]      S2F0 OFF (sustained-quiet: avgEnv=0.0007 < floor=0.0018)
2025-12-26 01:09:36 [detection]      S1F2 OFF (sharp-drop: 0.0129 -> 0.0010)
2025-12-26 01:09:37 [detection]      S1F2 ON (onset=0.798 env=0.0899)
2025-12-26 01:09:37 [detection]      S1F2 OFF (retrigger: onset=0.908 ratio=2.19)
2025-12-26 01:09:37 [detection]      S2F0 ON (onset=1.043 env=0.0079)
2025-12-26 01:09:37 [detection]      S1F2 ON (onset=0.998 env=0.0371)
2025-12-26 01:09:39 [detection]      S2F0 OFF (sustained-quiet: avgEnv=0.0007 < floor=0.0018)
2025-12-26 01:09:39 [detection]      S1F2 OFF (sustained-quiet: avgEnv=0.0008 < floor=0.0010)
2025-12-26 01:09:39 [test-mode] play session='20251226-010649 S1 F0 F1' position=0.00 duration=10.60
2025-12-26 01:09:41 [detection]      S1F6 ON (onset=0.998 env=0.0719)
2025-12-26 01:09:42 [detection]      S1F6 OFF (sharp-drop: 0.0077 -> 0.0010)
2025-12-26 01:09:43 [detection]      S2F4 ON (onset=0.590 env=0.0054)
2025-12-26 01:09:45 [detection]      S2F4 OFF (sustained-quiet: avgEnv=0.0006 < floor=0.0018)
2025-12-26 01:09:45 [detection]      S1F2 ON (onset=0.746 env=0.3617)
2025-12-26 01:09:45 [detection]      S2F0 ON (onset=1.174 env=0.0086)
2025-12-26 01:09:45 [detection]      S1F2 OFF (retrigger: onset=1.045 ratio=2.71)
2025-12-26 01:09:45 [detection]      S1F2 ON (onset=1.316 env=0.2265)
2025-12-26 01:09:47 [detection]      S2F0 OFF (sustained-quiet: avgEnv=0.0007 < floor=0.0018)
2025-12-26 01:09:47 [detection]      S1F2 OFF (sharp-drop: 0.0129 -> 0.0010)
2025-12-26 01:09:48 [detection]      S1F2 ON (onset=0.798 env=0.0899)
2025-12-26 01:09:48 [detection]      S1F2 OFF (retrigger: onset=0.908 ratio=2.19)
2025-12-26 01:09:48 [detection]      S2F0 ON (onset=1.043 env=0.0079)
2025-12-26 01:09:48 [detection]      S1F2 ON (onset=0.998 env=0.0371)
2025-12-26 01:09:50 [detection]      S2F0 OFF (sustained-quiet: avgEnv=0.0007 < floor=0.0018)
2025-12-26 01:09:50 [detection]      S1F2 OFF (sustained-quiet: avgEnv=0.0008 < floor=0.0010)
2025-12-26 01:09:50 [test-mode] play session='20251226-010649 S1 F0 F1' position=0.00 duration=10.60
2025-12-26 01:09:52 [detection]      S1F6 ON (onset=0.998 env=0.0719)
2025-12-26 01:09:53 [detection]      S1F6 OFF (sharp-drop: 0.0077 -> 0.0010)
2025-12-26 01:09:54 [detection]      S2F4 ON (onset=0.590 env=0.0054)
2025-12-26 01:09:55 [detection]      S2F4 OFF (sustained-quiet: avgEnv=0.0006 < floor=0.0018)
2025-12-26 01:09:56 [detection]      S1F2 ON (onset=0.746 env=0.3617)
2025-12-26 01:09:56 [detection]      S2F0 ON (onset=1.174 env=0.0086)
2025-12-26 01:09:56 [detection]      S1F2 OFF (retrigger: onset=1.045 ratio=2.71)
2025-12-26 01:09:56 [detection]      S1F2 ON (onset=1.316 env=0.2265)
2025-12-26 01:09:58 [detection]      S2F0 OFF (sustained-quiet: avgEnv=0.0007 < floor=0.0018)
2025-12-26 01:09:58 [detection]      S1F2 OFF (sharp-drop: 0.0129 -> 0.0010)
2025-12-26 01:09:58 [detection]      S1F2 ON (onset=0.798 env=0.0899)
2025-12-26 01:09:59 [detection]      S1F2 OFF (retrigger: onset=0.908 ratio=2.19)
2025-12-26 01:09:59 [detection]      S2F0 ON (onset=1.043 env=0.0079)
2025-12-26 01:09:59 [detection]      S1F2 ON (onset=0.998 env=0.0371)
2025-12-26 01:10:01 [detection]      S2F0 OFF (sustained-quiet: avgEnv=0.0007 < floor=0.0018)
2025-12-26 01:10:01 [detection]      S1F2 OFF (sustained-quiet: avgEnv=0.0008 < floor=0.0010)
2025-12-26 01:10:01 [test-mode] play session='20251226-010649 S1 F0 F1' position=0.00 duration=10.60
2025-12-26 01:10:03 [detection]      S1F6 ON (onset=0.998 env=0.0719)
2025-12-26 01:10:04 [detection]      S1F6 OFF (sharp-drop: 0.0077 -> 0.0010)
2025-12-26 01:10:05 [detection]      S2F4 ON (onset=0.590 env=0.0054)
2025-12-26 01:10:06 [detection]      S2F4 OFF (sustained-quiet: avgEnv=0.0006 < floor=0.0018)
2025-12-26 01:10:07 [detection]      S1F2 ON (onset=0.746 env=0.3617)
2025-12-26 01:10:07 [detection]      S2F0 ON (onset=1.174 env=0.0086)
2025-12-26 01:10:07 [detection]      S1F2 OFF (retrigger: onset=1.045 ratio=2.71)
2025-12-26 01:10:07 [detection]      S1F2 ON (onset=1.316 env=0.2265)
2025-12-26 01:10:09 [detection]      S2F0 OFF (sustained-quiet: avgEnv=0.0007 < floor=0.0018)
2025-12-26 01:10:09 [detection]      S1F2 OFF (sharp-drop: 0.0129 -> 0.0010)
2025-12-26 01:10:09 [detection]      S1F2 ON (onset=0.798 env=0.0899)
2025-12-26 01:10:09 [detection]      S1F2 OFF (retrigger: onset=0.908 ratio=2.19)
2025-12-26 01:10:09 [detection]      S2F0 ON (onset=1.043 env=0.0079)
2025-12-26 01:10:10 [detection]      S1F2 ON (onset=0.998 env=0.0371)
2025-12-26 01:10:11 [detection]      S2F0 OFF (sustained-quiet: avgEnv=0.0007 < floor=0.0018)
2025-12-26 01:10:12 [detection]      S1F2 OFF (sustained-quiet: avgEnv=0.0008 < floor=0.0010)
2025-12-26 01:10:12 [test-mode] play session='20251226-010649 S1 F0 F1' position=0.00 duration=10.60
2025-12-26 01:10:13 [detection]      S1F6 ON (onset=0.998 env=0.0719)
2025-12-26 01:10:15 [detection]      S1F6 OFF (sharp-drop: 0.0077 -> 0.0010)
2025-12-26 01:10:16 [detection]      S2F4 ON (onset=0.590 env=0.0054)
2025-12-26 01:10:17 [detection]      S2F4 OFF (sustained-quiet: avgEnv=0.0006 < floor=0.0018)
2025-12-26 01:10:18 [detection]      S1F2 ON (onset=0.746 env=0.3617)
2025-12-26 01:10:18 [detection]      S2F0 ON (onset=1.174 env=0.0086)
2025-12-26 01:10:18 [detection]      S1F2 OFF (retrigger: onset=1.045 ratio=2.71)
2025-12-26 01:10:18 [detection]      S1F2 ON (onset=1.316 env=0.2265)
2025-12-26 01:10:20 [detection]      S2F0 OFF (sustained-quiet: avgEnv=0.0007 < floor=0.0018)
2025-12-26 01:10:20 [detection]      S1F2 OFF (sharp-drop: 0.0129 -> 0.0010)
2025-12-26 01:10:20 [detection]      S1F2 ON (onset=0.798 env=0.0899)
2025-12-26 01:10:20 [detection]      S1F2 OFF (retrigger: onset=0.908 ratio=2.19)
2025-12-26 01:10:20 [detection]      S2F0 ON (onset=1.043 env=0.0079)
2025-12-26 01:10:20 [detection]      S1F2 ON (onset=0.998 env=0.0371)
2025-12-26 01:10:22 [detection]      S2F0 OFF (sustained-quiet: avgEnv=0.0007 < floor=0.0018)
2025-12-26 01:10:23 [detection]      S1F2 OFF (sustained-quiet: avgEnv=0.0008 < floor=0.0010)
2025-12-26 01:10:23 [test-mode] play session='20251226-010649 S1 F0 F1' position=0.00 duration=10.60
2025-12-26 01:10:24 [detection]      S1F6 ON (onset=0.998 env=0.0719)
2025-12-26 01:10:25 [detection]      S1F6 OFF (sharp-drop: 0.0077 -> 0.0010)
2025-12-26 01:10:27 [detection]      S2F4 ON (onset=0.590 env=0.0054)
2025-12-26 01:10:28 [detection]      S2F4 OFF (sustained-quiet: avgEnv=0.0006 < floor=0.0018)
2025-12-26 01:10:29 [detection]      S1F2 ON (onset=0.746 env=0.3617)
2025-12-26 01:10:29 [detection]      S2F0 ON (onset=1.174 env=0.0086)
2025-12-26 01:10:29 [detection]      S1F2 OFF (retrigger: onset=1.045 ratio=2.71)
2025-12-26 01:10:29 [detection]      S1F2 ON (onset=1.316 env=0.2265)
2025-12-26 01:10:30 [detection]      S2F0 OFF (sustained-quiet: avgEnv=0.0007 < floor=0.0018)
2025-12-26 01:10:30 [detection]      S1F2 OFF (sharp-drop: 0.0129 -> 0.0010)
2025-12-26 01:10:31 [detection]      S1F2 ON (onset=0.798 env=0.0899)
2025-12-26 01:10:31 [detection]      S1F2 OFF (retrigger: onset=0.908 ratio=2.19)
2025-12-26 01:10:31 [detection]      S2F0 ON (onset=1.043 env=0.0079)
2025-12-26 01:10:31 [detection]      S1F2 ON (onset=0.998 env=0.0371)
2025-12-26 01:10:33 [detection]      S2F0 OFF (sustained-quiet: avgEnv=0.0007 < floor=0.0018)
2025-12-26 01:10:33 [detection]      S1F2 OFF (sustained-quiet: avgEnv=0.0008 < floor=0.0010)
2025-12-26 01:10:33 [test-mode] play session='20251226-010649 S1 F0 F1' position=0.00 duration=10.60
2025-12-26 01:10:35 [detection]      S1F6 ON (onset=0.998 env=0.0719)
2025-12-26 01:10:36 [detection]      S1F6 OFF (sharp-drop: 0.0077 -> 0.0010)
2025-12-26 01:10:38 [detection]      S2F4 ON (onset=0.590 env=0.0054)
2025-12-26 01:10:39 [detection]      S2F4 OFF (sustained-quiet: avgEnv=0.0006 < floor=0.0018)
2025-12-26 01:10:39 [detection]      S1F2 ON (onset=0.746 env=0.3617)
2025-12-26 01:10:40 [detection]      S2F0 ON (onset=1.174 env=0.0086)
2025-12-26 01:10:40 [detection]      S1F2 OFF (retrigger: onset=1.045 ratio=2.71)
2025-12-26 01:10:40 [detection]      S1F2 ON (onset=1.316 env=0.2265)
2025-12-26 01:10:41 [detection]      S2F0 OFF (sustained-quiet: avgEnv=0.0007 < floor=0.0018)
2025-12-26 01:10:41 [detection]      S1F2 OFF (sharp-drop: 0.0129 -> 0.0010)
2025-12-26 01:10:42 [detection]      S1F2 ON (onset=0.798 env=0.0899)
2025-12-26 01:10:42 [detection]      S1F2 OFF (retrigger: onset=0.908 ratio=2.19)
2025-12-26 01:10:42 [detection]      S2F0 ON (onset=1.043 env=0.0079)
2025-12-26 01:10:42 [detection]      S1F2 ON (onset=0.998 env=0.0371)
2025-12-26 01:10:44 [detection]      S2F0 OFF (sustained-quiet: avgEnv=0.0007 < floor=0.0018)
2025-12-26 01:10:44 [detection]      S1F2 OFF (sustained-quiet: avgEnv=0.0008 < floor=0.0010)
2025-12-26 01:10:44 [test-mode] play session='20251226-010649 S1 F0 F1' position=0.00 duration=10.60
2025-12-26 01:10:46 [detection]      S1F6 ON (onset=0.998 env=0.0719)
2025-12-26 01:10:47 [detection]      S1F6 OFF (sharp-drop: 0.0077 -> 0.0010)
2025-12-26 01:10:49 [detection]      S2F4 ON (onset=0.590 env=0.0054)
2025-12-26 01:10:50 [detection]      S2F4 OFF (sustained-quiet: avgEnv=0.0006 < floor=0.0018)
2025-12-26 01:10:50 [detection]      S1F2 ON (onset=0.746 env=0.3617)
2025-12-26 01:10:50 [detection]      S2F0 ON (onset=1.174 env=0.0086)
2025-12-26 01:10:50 [detection]      S1F2 OFF (retrigger: onset=1.045 ratio=2.71)
2025-12-26 01:10:51 [detection]      S1F2 ON (onset=1.316 env=0.2265)
2025-12-26 01:10:52 [detection]      S2F0 OFF (sustained-quiet: avgEnv=0.0007 < floor=0.0018)
2025-12-26 01:10:52 [detection]      S1F2 OFF (sharp-drop: 0.0129 -> 0.0010)
2025-12-26 01:10:53 [detection]      S1F2 ON (onset=0.798 env=0.0899)
2025-12-26 01:10:53 [detection]      S1F2 OFF (retrigger: onset=0.908 ratio=2.19)
2025-12-26 01:10:53 [detection]      S2F0 ON (onset=1.043 env=0.0079)
2025-12-26 01:10:53 [detection]      S1F2 ON (onset=0.998 env=0.0371)
2025-12-26 01:10:55 [detection]      S2F0 OFF (sustained-quiet: avgEnv=0.0007 < floor=0.0018)
2025-12-26 01:10:55 [detection]      S1F2 OFF (sustained-quiet: avgEnv=0.0008 < floor=0.0010)
2025-12-26 01:10:55 [test-mode] play session='20251226-010649 S1 F0 F1' position=0.00 duration=10.60
2025-12-26 01:10:57 [detection]      S1F6 ON (onset=0.998 env=0.0719)
2025-12-26 01:10:58 [detection]      S1F6 OFF (sharp-drop: 0.0077 -> 0.0010)
2025-12-26 01:11:00 [detection]      S2F4 ON (onset=0.590 env=0.0054)
2025-12-26 01:11:01 [detection]      S2F4 OFF (sustained-quiet: avgEnv=0.0006 < floor=0.0018)
2025-12-26 01:11:01 [detection]      S1F2 ON (onset=0.746 env=0.3617)
2025-12-26 01:11:01 [detection]      S2F0 ON (onset=1.174 env=0.0086)
2025-12-26 01:11:01 [detection]      S1F2 OFF (retrigger: onset=1.045 ratio=2.71)
2025-12-26 01:11:01 [detection]      S1F2 ON (onset=1.316 env=0.2265)
2025-12-26 01:11:03 [detection]      S2F0 OFF (sustained-quiet: avgEnv=0.0007 < floor=0.0018)
2025-12-26 01:11:03 [detection]      S1F2 OFF (sharp-drop: 0.0129 -> 0.0010)
2025-12-26 01:11:04 [detection]      S1F2 ON (onset=0.798 env=0.0899)
2025-12-26 01:11:04 [detection]      S1F2 OFF (retrigger: onset=0.908 ratio=2.19)
2025-12-26 01:11:04 [detection]      S2F0 ON (onset=1.043 env=0.0079)
2025-12-26 01:11:04 [detection]      S1F2 ON (onset=0.998 env=0.0371)
2025-12-26 01:11:06 [detection]      S2F0 OFF (sustained-quiet: avgEnv=0.0007 < floor=0.0018)
2025-12-26 01:11:06 [detection]      S1F2 OFF (sustained-quiet: avgEnv=0.0008 < floor=0.0010)
2025-12-26 01:11:06 [test-mode] play session='20251226-010649 S1 F0 F1' position=0.00 duration=10.60
2025-12-26 01:11:08 [detection]      S1F6 ON (onset=0.998 env=0.0719)
2025-12-26 01:11:09 [detection]      S1F6 OFF (sharp-drop: 0.0077 -> 0.0010)
2025-12-26 01:11:10 [detection]      S2F4 ON (onset=0.590 env=0.0054)
2025-12-26 01:11:11 [detection]      S2F4 OFF (sustained-quiet: avgEnv=0.0006 < floor=0.0018)
2025-12-26 01:11:12 [detection]      S1F2 ON (onset=0.746 env=0.3617)
2025-12-26 01:11:12 [detection]      S2F0 ON (onset=1.174 env=0.0086)
2025-12-26 01:11:12 [detection]      S1F2 OFF (retrigger: onset=1.045 ratio=2.71)
2025-12-26 01:11:12 [detection]      S1F2 ON (onset=1.316 env=0.2265)
2025-12-26 01:11:14 [detection]      S2F0 OFF (sustained-quiet: avgEnv=0.0007 < floor=0.0018)
2025-12-26 01:11:14 [detection]      S1F2 OFF (sharp-drop: 0.0129 -> 0.0010)
2025-12-26 01:11:14 [detection]      S1F2 ON (onset=0.798 env=0.0899)
2025-12-26 01:11:15 [detection]      S1F2 OFF (retrigger: onset=0.908 ratio=2.19)
2025-12-26 01:11:15 [detection]      S2F0 ON (onset=1.043 env=0.0079)
2025-12-26 01:11:15 [detection]      S1F2 ON (onset=0.998 env=0.0371)
2025-12-26 01:11:17 [detection]      S2F0 OFF (sustained-quiet: avgEnv=0.0007 < floor=0.0018)
2025-12-26 01:11:17 [detection]      S1F2 OFF (sustained-quiet: avgEnv=0.0008 < floor=0.0010)
2025-12-26 01:11:17 [test-mode] play session='20251226-010649 S1 F0 F1' position=0.00 duration=10.60
2025-12-26 01:11:19 [detection]      S1F6 ON (onset=0.998 env=0.0719)
2025-12-26 01:11:20 [detection]      S1F6 OFF (sharp-drop: 0.0077 -> 0.0010)
2025-12-26 01:11:21 [detection]      S2F4 ON (onset=0.590 env=0.0054)
2025-12-26 01:11:22 [detection]      S2F4 OFF (sustained-quiet: avgEnv=0.0006 < floor=0.0018)
2025-12-26 01:11:23 [detection]      S1F2 ON (onset=0.746 env=0.3617)
2025-12-26 01:11:23 [detection]      S2F0 ON (onset=1.174 env=0.0086)
2025-12-26 01:11:23 [detection]      S1F2 OFF (retrigger: onset=1.045 ratio=2.71)
2025-12-26 01:11:23 [detection]      S1F2 ON (onset=1.316 env=0.2265)
2025-12-26 01:11:25 [detection]      S2F0 OFF (sustained-quiet: avgEnv=0.0007 < floor=0.0018)
2025-12-26 01:11:25 [detection]      S1F2 OFF (sharp-drop: 0.0129 -> 0.0010)
2025-12-26 01:11:25 [detection]      S1F2 ON (onset=0.798 env=0.0899)
2025-12-26 01:11:26 [detection]      S1F2 OFF (retrigger: onset=0.908 ratio=2.19)
2025-12-26 01:11:26 [detection]      S2F0 ON (onset=1.043 env=0.0079)
2025-12-26 01:11:26 [detection]      S1F2 ON (onset=0.998 env=0.0371)
2025-12-26 01:11:28 [detection]      S2F0 OFF (sustained-quiet: avgEnv=0.0007 < floor=0.0018)
2025-12-26 01:11:28 [detection]      S1F2 OFF (sustained-quiet: avgEnv=0.0008 < floor=0.0010)
2025-12-26 01:11:28 [test-mode] play session='20251226-010649 S1 F0 F1' position=0.00 duration=10.60
2025-12-26 01:11:30 [detection]      S1F6 ON (onset=0.998 env=0.0719)
2025-12-26 01:11:31 [detection]      S1F6 OFF (sharp-drop: 0.0077 -> 0.0010)
2025-12-26 01:11:32 [detection]      S2F4 ON (onset=0.590 env=0.0054)
2025-12-26 01:11:33 [detection]      S2F4 OFF (sustained-quiet: avgEnv=0.0006 < floor=0.0018)
2025-12-26 01:11:34 [detection]      S1F2 ON (onset=0.746 env=0.3617)
2025-12-26 01:11:34 [detection]      S2F0 ON (onset=1.174 env=0.0086)
2025-12-26 01:11:34 [detection]      S1F2 OFF (retrigger: onset=1.045 ratio=2.71)
2025-12-26 01:11:34 [detection]      S1F2 ON (onset=1.316 env=0.2265)
2025-12-26 01:11:36 [detection]      S2F0 OFF (sustained-quiet: avgEnv=0.0007 < floor=0.0018)
2025-12-26 01:11:36 [detection]      S1F2 OFF (sharp-drop: 0.0129 -> 0.0010)
2025-12-26 01:11:36 [detection]      S1F2 ON (onset=0.798 env=0.0899)
2025-12-26 01:11:37 [detection]      S1F2 OFF (retrigger: onset=0.908 ratio=2.19)
2025-12-26 01:11:37 [detection]      S2F0 ON (onset=1.043 env=0.0079)
2025-12-26 01:11:37 [detection]      S1F2 ON (onset=0.998 env=0.0371)
2025-12-26 01:11:39 [detection]      S2F0 OFF (sustained-quiet: avgEnv=0.0007 < floor=0.0018)
2025-12-26 01:11:39 [detection]      S1F2 OFF (sustained-quiet: avgEnv=0.0008 < floor=0.0010)
2025-12-26 01:11:39 [test-mode] play session='20251226-010649 S1 F0 F1' position=0.00 duration=10.60
2025-12-26 01:11:40 [detection]      S1F6 ON (onset=0.998 env=0.0719)
2025-12-26 01:11:42 [detection]      S1F6 OFF (sharp-drop: 0.0077 -> 0.0010)
2025-12-26 01:11:43 [detection]      S2F4 ON (onset=0.590 env=0.0054)
2025-12-26 01:11:44 [detection]      S2F4 OFF (sustained-quiet: avgEnv=0.0006 < floor=0.0018)
2025-12-26 01:11:45 [detection]      S1F2 ON (onset=0.746 env=0.3617)
2025-12-26 01:11:45 [detection]      S2F0 ON (onset=1.174 env=0.0086)
2025-12-26 01:11:45 [detection]      S1F2 OFF (retrigger: onset=1.045 ratio=2.71)
2025-12-26 01:11:45 [detection]      S1F2 ON (onset=1.316 env=0.2265)
2025-12-26 01:11:47 [detection]      S2F0 OFF (sustained-quiet: avgEnv=0.0007 < floor=0.0018)
2025-12-26 01:11:47 [detection]      S1F2 OFF (sharp-drop: 0.0129 -> 0.0010)
2025-12-26 01:11:47 [detection]      S1F2 ON (onset=0.798 env=0.0899)
2025-12-26 01:11:47 [detection]      S1F2 OFF (retrigger: onset=0.908 ratio=2.19)
2025-12-26 01:11:47 [detection]      S2F0 ON (onset=1.043 env=0.0079)
2025-12-26 01:11:47 [detection]      S1F2 ON (onset=0.998 env=0.0371)
2025-12-26 01:11:49 [detection]      S2F0 OFF (sustained-quiet: avgEnv=0.0007 < floor=0.0018)
2025-12-26 01:11:50 [detection]      S1F2 OFF (sustained-quiet: avgEnv=0.0008 < floor=0.0010)
2025-12-26 01:11:50 [test-mode] play session='20251226-010649 S1 F0 F1' position=0.00 duration=10.60
2025-12-26 01:11:51 [detection]      S1F6 ON (onset=0.998 env=0.0719)
2025-12-26 01:11:53 [detection]      S1F6 OFF (sharp-drop: 0.0077 -> 0.0010)
2025-12-26 01:11:54 [detection]      S2F4 ON (onset=0.590 env=0.0054)
2025-12-26 01:11:55 [detection]      S2F4 OFF (sustained-quiet: avgEnv=0.0006 < floor=0.0018)
2025-12-26 01:11:56 [detection]      S1F2 ON (onset=0.746 env=0.3617)
2025-12-26 01:11:56 [detection]      S2F0 ON (onset=1.174 env=0.0086)
2025-12-26 01:11:56 [detection]      S1F2 OFF (retrigger: onset=1.045 ratio=2.71)
2025-12-26 01:11:56 [detection]      S1F2 ON (onset=1.316 env=0.2265)
2025-12-26 01:11:57 [detection]      S2F0 OFF (sustained-quiet: avgEnv=0.0007 < floor=0.0018)
2025-12-26 01:11:57 [detection]      S1F2 OFF (sharp-drop: 0.0129 -> 0.0010)
2025-12-26 01:11:58 [detection]      S1F2 ON (onset=0.798 env=0.0899)
2025-12-26 01:11:58 [detection]      S1F2 OFF (retrigger: onset=0.908 ratio=2.19)
2025-12-26 01:11:58 [detection]      S2F0 ON (onset=1.043 env=0.0079)
2025-12-26 01:11:58 [detection]      S1F2 ON (onset=0.998 env=0.0371)
2025-12-26 01:12:00 [detection]      S2F0 OFF (sustained-quiet: avgEnv=0.0007 < floor=0.0018)
2025-12-26 01:12:00 [detection]      S1F2 OFF (sustained-quiet: avgEnv=0.0008 < floor=0.0010)
2025-12-26 01:12:01 [test-mode] play session='20251226-010649 S1 F0 F1' position=0.00 duration=10.60
2025-12-26 01:12:02 [detection]      S1F6 ON (onset=0.998 env=0.0719)
2025-12-26 01:12:03 [detection]      S1F6 OFF (sharp-drop: 0.0077 -> 0.0010)
2025-12-26 01:12:05 [detection]      S2F4 ON (onset=0.590 env=0.0054)
2025-12-26 01:12:06 [detection]      S2F4 OFF (sustained-quiet: avgEnv=0.0006 < floor=0.0018)
2025-12-26 01:12:07 [detection]      S1F2 ON (onset=0.746 env=0.3617)
2025-12-26 01:12:07 [detection]      S2F0 ON (onset=1.174 env=0.0086)
2025-12-26 01:12:07 [detection]      S1F2 OFF (retrigger: onset=1.045 ratio=2.71)
2025-12-26 01:12:07 [detection]      S1F2 ON (onset=1.316 env=0.2265)
2025-12-26 01:12:08 [detection]      S2F0 OFF (sustained-quiet: avgEnv=0.0007 < floor=0.0018)
2025-12-26 01:12:08 [detection]      S1F2 OFF (sharp-drop: 0.0129 -> 0.0010)
2025-12-26 01:12:09 [detection]      S1F2 ON (onset=0.798 env=0.0899)
2025-12-26 01:12:09 [detection]      S1F2 OFF (retrigger: onset=0.908 ratio=2.19)
2025-12-26 01:12:09 [detection]      S2F0 ON (onset=1.043 env=0.0079)
2025-12-26 01:12:09 [detection]      S1F2 ON (onset=0.998 env=0.0371)
2025-12-26 01:12:11 [detection]      S2F0 OFF (sustained-quiet: avgEnv=0.0007 < floor=0.0018)
2025-12-26 01:12:11 [detection]      S1F2 OFF (sustained-quiet: avgEnv=0.0008 < floor=0.0010)
2025-12-26 01:12:11 [test-mode] play session='20251226-010649 S1 F0 F1' position=0.00 duration=10.60
2025-12-26 01:12:13 [detection]      S1F6 ON (onset=0.998 env=0.0719)
2025-12-26 01:12:14 [detection]      S1F6 OFF (sharp-drop: 0.0077 -> 0.0010)
2025-12-26 01:12:16 [detection]      S2F4 ON (onset=0.590 env=0.0054)
2025-12-26 01:12:17 [detection]      S2F4 OFF (sustained-quiet: avgEnv=0.0006 < floor=0.0018)
2025-12-26 01:12:17 [detection]      S1F2 ON (onset=0.746 env=0.3617)
2025-12-26 01:12:18 [detection]      S2F0 ON (onset=1.174 env=0.0086)
2025-12-26 01:12:18 [detection]      S1F2 OFF (retrigger: onset=1.045 ratio=2.71)
2025-12-26 01:12:18 [detection]      S1F2 ON (onset=1.316 env=0.2265)
2025-12-26 01:12:19 [detection]      S2F0 OFF (sustained-quiet: avgEnv=0.0007 < floor=0.0018)
2025-12-26 01:12:19 [detection]      S1F2 OFF (sharp-drop: 0.0129 -> 0.0010)
2025-12-26 01:12:20 [detection]      S1F2 ON (onset=0.798 env=0.0899)
2025-12-26 01:12:20 [detection]      S1F2 OFF (retrigger: onset=0.908 ratio=2.19)
2025-12-26 01:12:20 [detection]      S2F0 ON (onset=1.043 env=0.0079)
2025-12-26 01:12:20 [detection]      S1F2 ON (onset=0.998 env=0.0371)
2025-12-26 01:12:22 [detection]      S2F0 OFF (sustained-quiet: avgEnv=0.0007 < floor=0.0018)
2025-12-26 01:12:22 [detection]      S1F2 OFF (sustained-quiet: avgEnv=0.0008 < floor=0.0010)
2025-12-26 01:12:22 [test-mode] play session='20251226-010649 S1 F0 F1' position=0.00 duration=10.60
2025-12-26 01:12:24 [detection]      S1F6 ON (onset=0.998 env=0.0719)
2025-12-26 01:12:25 [detection]      S1F6 OFF (sharp-drop: 0.0077 -> 0.0010)
2025-12-26 01:12:27 [detection]      S2F4 ON (onset=0.590 env=0.0054)
2025-12-26 01:12:28 [detection]      S2F4 OFF (sustained-quiet: avgEnv=0.0006 < floor=0.0018)
2025-12-26 01:12:28 [detection]      S1F2 ON (onset=0.746 env=0.3617)
2025-12-26 01:12:29 [detection]      S2F0 ON (onset=1.174 env=0.0086)
2025-12-26 01:12:29 [detection]      S1F2 OFF (retrigger: onset=1.045 ratio=2.71)
2025-12-26 01:12:29 [detection]      S1F2 ON (onset=1.316 env=0.2265)
2025-12-26 01:12:30 [detection]      S2F0 OFF (sustained-quiet: avgEnv=0.0007 < floor=0.0018)
2025-12-26 01:12:30 [detection]      S1F2 OFF (sharp-drop: 0.0129 -> 0.0010)
2025-12-26 01:12:31 [detection]      S1F2 ON (onset=0.798 env=0.0899)
2025-12-26 01:12:31 [detection]      S1F2 OFF (retrigger: onset=0.908 ratio=2.19)
2025-12-26 01:12:31 [detection]      S2F0 ON (onset=1.043 env=0.0079)
2025-12-26 01:12:31 [detection]      S1F2 ON (onset=0.998 env=0.0371)
2025-12-26 01:12:33 [detection]      S2F0 OFF (sustained-quiet: avgEnv=0.0007 < floor=0.0018)
2025-12-26 01:12:33 [detection]      S1F2 OFF (sustained-quiet: avgEnv=0.0008 < floor=0.0010)
2025-12-26 01:12:33 [test-mode] play session='20251226-010649 S1 F0 F1' position=0.00 duration=10.60
2025-12-26 01:12:35 [detection]      S1F6 ON (onset=0.998 env=0.0719)
2025-12-26 01:12:36 [detection]      S1F6 OFF (sharp-drop: 0.0077 -> 0.0010)
2025-12-26 01:12:37 [detection]      S2F4 ON (onset=0.590 env=0.0054)
2025-12-26 01:12:39 [detection]      S2F4 OFF (sustained-quiet: avgEnv=0.0006 < floor=0.0018)
2025-12-26 01:12:39 [detection]      S1F2 ON (onset=0.746 env=0.3617)
2025-12-26 01:12:39 [detection]      S2F0 ON (onset=1.174 env=0.0086)
2025-12-26 01:12:39 [detection]      S1F2 OFF (retrigger: onset=1.045 ratio=2.71)
2025-12-26 01:12:39 [detection]      S1F2 ON (onset=1.316 env=0.2265)
2025-12-26 01:12:41 [detection]      S2F0 OFF (sustained-quiet: avgEnv=0.0007 < floor=0.0018)
2025-12-26 01:12:41 [detection]      S1F2 OFF (sharp-drop: 0.0129 -> 0.0010)
2025-12-26 01:12:42 [detection]      S1F2 ON (onset=0.798 env=0.0899)
2025-12-26 01:12:42 [detection]      S1F2 OFF (retrigger: onset=0.908 ratio=2.19)
2025-12-26 01:12:42 [detection]      S2F0 ON (onset=1.043 env=0.0079)
2025-12-26 01:12:42 [detection]      S1F2 ON (onset=0.998 env=0.0371)
2025-12-26 01:12:44 [detection]      S2F0 OFF (sustained-quiet: avgEnv=0.0007 < floor=0.0018)
2025-12-26 01:12:44 [detection]      S1F2 OFF (sustained-quiet: avgEnv=0.0008 < floor=0.0010)
2025-12-26 01:12:44 [test-mode] play session='20251226-010649 S1 F0 F1' position=0.00 duration=10.60
2025-12-26 01:12:46 [detection]      S1F6 ON (onset=0.998 env=0.0719)
2025-12-26 01:12:47 [detection]      S1F6 OFF (sharp-drop: 0.0077 -> 0.0010)
2025-12-26 01:12:48 [detection]      S2F4 ON (onset=0.590 env=0.0054)
2025-12-26 01:12:49 [detection]      S2F4 OFF (sustained-quiet: avgEnv=0.0006 < floor=0.0018)
2025-12-26 01:12:50 [detection]      S1F2 ON (onset=0.746 env=0.3617)
2025-12-26 01:12:50 [detection]      S2F0 ON (onset=1.174 env=0.0086)
2025-12-26 01:12:50 [detection]      S1F2 OFF (retrigger: onset=1.045 ratio=2.71)
2025-12-26 01:12:50 [detection]      S1F2 ON (onset=1.316 env=0.2265)
2025-12-26 01:12:52 [detection]      S2F0 OFF (sustained-quiet: avgEnv=0.0007 < floor=0.0018)
2025-12-26 01:12:52 [detection]      S1F2 OFF (sharp-drop: 0.0129 -> 0.0010)
2025-12-26 01:12:52 [detection]      S1F2 ON (onset=0.798 env=0.0899)
2025-12-26 01:12:53 [detection]      S1F2 OFF (retrigger: onset=0.908 ratio=2.19)
2025-12-26 01:12:53 [detection]      S2F0 ON (onset=1.043 env=0.0079)
2025-12-26 01:12:53 [detection]      S1F2 ON (onset=0.998 env=0.0371)
2025-12-26 01:12:55 [detection]      S2F0 OFF (sustained-quiet: avgEnv=0.0007 < floor=0.0018)
2025-12-26 01:12:55 [detection]      S1F2 OFF (sustained-quiet: avgEnv=0.0008 < floor=0.0010)
2025-12-26 01:12:55 [test-mode] play session='20251226-010649 S1 F0 F1' position=0.00 duration=10.60
2025-12-26 01:12:57 [detection]      S1F6 ON (onset=0.998 env=0.0719)
2025-12-26 01:12:58 [detection]      S1F6 OFF (sharp-drop: 0.0077 -> 0.0010)
2025-12-26 01:12:59 [detection]      S2F4 ON (onset=0.590 env=0.0054)
2025-12-26 01:13:00 [detection]      S2F4 OFF (sustained-quiet: avgEnv=0.0006 < floor=0.0018)
2025-12-26 01:13:01 [detection]      S1F2 ON (onset=0.746 env=0.3617)
2025-12-26 01:13:01 [detection]      S2F0 ON (onset=1.174 env=0.0086)
2025-12-26 01:13:01 [detection]      S1F2 OFF (retrigger: onset=1.045 ratio=2.71)
2025-12-26 01:13:01 [detection]      S1F2 ON (onset=1.316 env=0.2265)
2025-12-26 01:13:03 [detection]      S2F0 OFF (sustained-quiet: avgEnv=0.0007 < floor=0.0018)
2025-12-26 01:13:03 [detection]      S1F2 OFF (sharp-drop: 0.0129 -> 0.0010)
2025-12-26 01:13:03 [detection]      S1F2 ON (onset=0.798 env=0.0899)
2025-12-26 01:13:03 [detection]      S1F2 OFF (retrigger: onset=0.908 ratio=2.19)
2025-12-26 01:13:03 [detection]      S2F0 ON (onset=1.043 env=0.0079)
2025-12-26 01:13:04 [detection]      S1F2 ON (onset=0.998 env=0.0371)
2025-12-26 01:13:05 [detection]      S2F0 OFF (sustained-quiet: avgEnv=0.0007 < floor=0.0018)
2025-12-26 01:13:06 [detection]      S1F2 OFF (sustained-quiet: avgEnv=0.0008 < floor=0.0010)
2025-12-26 01:13:06 [test-mode] play session='20251226-010649 S1 F0 F1' position=0.00 duration=10.60
2025-12-26 01:13:07 [detection]      S1F6 ON (onset=0.998 env=0.0719)
2025-12-26 01:13:09 [detection]      S1F6 OFF (sharp-drop: 0.0077 -> 0.0010)
2025-12-26 01:13:10 [detection]      S2F4 ON (onset=0.590 env=0.0054)
2025-12-26 01:13:11 [detection]      S2F4 OFF (sustained-quiet: avgEnv=0.0006 < floor=0.0018)
2025-12-26 01:13:12 [detection]      S1F2 ON (onset=0.746 env=0.3617)
2025-12-26 01:13:12 [detection]      S2F0 ON (onset=1.174 env=0.0086)
2025-12-26 01:13:12 [detection]      S1F2 OFF (retrigger: onset=1.045 ratio=2.71)
2025-12-26 01:13:12 [detection]      S1F2 ON (onset=1.316 env=0.2265)
2025-12-26 01:13:14 [detection]      S2F0 OFF (sustained-quiet: avgEnv=0.0007 < floor=0.0018)
2025-12-26 01:13:14 [detection]      S1F2 OFF (sharp-drop: 0.0129 -> 0.0010)
2025-12-26 01:13:14 [detection]      S1F2 ON (onset=0.798 env=0.0899)
2025-12-26 01:13:14 [detection]      S1F2 OFF (retrigger: onset=0.908 ratio=2.19)
2025-12-26 01:13:14 [detection]      S2F0 ON (onset=1.043 env=0.0079)
2025-12-26 01:13:14 [detection]      S1F2 ON (onset=0.998 env=0.0371)
2025-12-26 01:13:16 [detection]      S2F0 OFF (sustained-quiet: avgEnv=0.0007 < floor=0.0018)
2025-12-26 01:13:17 [detection]      S1F2 OFF (sustained-quiet: avgEnv=0.0008 < floor=0.0010)
2025-12-26 01:13:17 [test-mode] play session='20251226-010649 S1 F0 F1' position=0.00 duration=10.60
2025-12-26 01:13:18 [detection]      S1F6 ON (onset=0.998 env=0.0719)
2025-12-26 01:13:20 [detection]      S1F6 OFF (sharp-drop: 0.0077 -> 0.0010)
2025-12-26 01:13:21 [detection]      S2F4 ON (onset=0.590 env=0.0054)
2025-12-26 01:13:22 [detection]      S2F4 OFF (sustained-quiet: avgEnv=0.0006 < floor=0.0018)
2025-12-26 01:13:23 [detection]      S1F2 ON (onset=0.746 env=0.3617)
2025-12-26 01:13:23 [detection]      S2F0 ON (onset=1.174 env=0.0086)
2025-12-26 01:13:23 [detection]      S1F2 OFF (retrigger: onset=1.045 ratio=2.71)
2025-12-26 01:13:23 [detection]      S1F2 ON (onset=1.316 env=0.2265)
2025-12-26 01:13:25 [detection]      S2F0 OFF (sustained-quiet: avgEnv=0.0007 < floor=0.0018)
2025-12-26 01:13:25 [detection]      S1F2 OFF (sharp-drop: 0.0129 -> 0.0010)
2025-12-26 01:13:25 [detection]      S1F2 ON (onset=0.798 env=0.0899)
2025-12-26 01:13:25 [detection]      S1F2 OFF (retrigger: onset=0.908 ratio=2.19)
2025-12-26 01:13:26 [detection]      S2F0 ON (onset=1.043 env=0.0079)
2025-12-26 01:13:26 [detection]      S1F2 ON (onset=0.998 env=0.0371)
2025-12-26 01:13:28 [detection]      S2F0 OFF (sustained-quiet: avgEnv=0.0007 < floor=0.0018)
2025-12-26 01:13:28 [detection]      S1F2 OFF (sustained-quiet: avgEnv=0.0008 < floor=0.0010)
2025-12-26 01:13:28 [test-mode] play session='20251226-010649 S1 F0 F1' position=0.00 duration=10.60
2025-12-26 01:13:29 [detection]      S1F6 ON (onset=0.998 env=0.0719)
2025-12-26 01:13:31 [detection]      S1F6 OFF (sharp-drop: 0.0077 -> 0.0010)
2025-12-26 01:13:32 [detection]      S2F4 ON (onset=0.590 env=0.0054)
2025-12-26 01:13:33 [detection]      S2F4 OFF (sustained-quiet: avgEnv=0.0006 < floor=0.0018)
2025-12-26 01:13:34 [detection]      S1F2 ON (onset=0.746 env=0.3617)
2025-12-26 01:13:34 [detection]      S2F0 ON (onset=1.174 env=0.0086)
2025-12-26 01:13:34 [detection]      S1F2 OFF (retrigger: onset=1.045 ratio=2.71)
2025-12-26 01:13:34 [detection]      S1F2 ON (onset=1.316 env=0.2265)
2025-12-26 01:13:36 [detection]      S2F0 OFF (sustained-quiet: avgEnv=0.0007 < floor=0.0018)
2025-12-26 01:13:36 [detection]      S1F2 OFF (sharp-drop: 0.0129 -> 0.0010)
2025-12-26 01:13:36 [detection]      S1F2 ON (onset=0.798 env=0.0899)
2025-12-26 01:13:36 [detection]      S1F2 OFF (retrigger: onset=0.908 ratio=2.19)
2025-12-26 01:13:36 [detection]      S2F0 ON (onset=1.043 env=0.0079)
2025-12-26 01:13:36 [detection]      S1F2 ON (onset=0.998 env=0.0371)
2025-12-26 01:13:38 [detection]      S2F0 OFF (sustained-quiet: avgEnv=0.0007 < floor=0.0018)
2025-12-26 01:13:39 [detection]      S1F2 OFF (sustained-quiet: avgEnv=0.0008 < floor=0.0010)
2025-12-26 01:13:39 [test-mode] play session='20251226-010649 S1 F0 F1' position=0.00 duration=10.60
2025-12-26 01:13:40 [detection]      S1F6 ON (onset=0.998 env=0.0719)
2025-12-26 01:13:41 [detection]      S1F6 OFF (sharp-drop: 0.0077 -> 0.0010)
2025-12-26 01:13:43 [detection]      S2F4 ON (onset=0.590 env=0.0054)
2025-12-26 01:13:44 [detection]      S2F4 OFF (sustained-quiet: avgEnv=0.0006 < floor=0.0018)
2025-12-26 01:13:45 [detection]      S1F2 ON (onset=0.746 env=0.3617)
2025-12-26 01:13:45 [detection]      S2F0 ON (onset=1.174 env=0.0086)
2025-12-26 01:13:45 [detection]      S1F2 OFF (retrigger: onset=1.045 ratio=2.71)
2025-12-26 01:13:45 [detection]      S1F2 ON (onset=1.316 env=0.2265)
2025-12-26 01:13:46 [detection]      S2F0 OFF (sustained-quiet: avgEnv=0.0007 < floor=0.0018)
2025-12-26 01:13:47 [detection]      S1F2 OFF (sharp-drop: 0.0129 -> 0.0010)
2025-12-26 01:13:47 [detection]      S1F2 ON (onset=0.798 env=0.0899)
2025-12-26 01:13:47 [detection]      S1F2 OFF (retrigger: onset=0.908 ratio=2.19)
2025-12-26 01:13:47 [detection]      S2F0 ON (onset=1.043 env=0.0079)
2025-12-26 01:13:47 [detection]      S1F2 ON (onset=0.998 env=0.0371)
2025-12-26 01:13:49 [detection]      S2F0 OFF (sustained-quiet: avgEnv=0.0007 < floor=0.0018)
2025-12-26 01:13:50 [detection]      S1F2 OFF (sustained-quiet: avgEnv=0.0008 < floor=0.0010)
2025-12-26 01:13:50 [test-mode] play session='20251226-010649 S1 F0 F1' position=0.00 duration=10.60
2025-12-26 01:13:51 [detection]      S1F6 ON (onset=0.998 env=0.0719)
2025-12-26 01:13:53 [detection]      S1F6 OFF (sharp-drop: 0.0077 -> 0.0010)
2025-12-26 01:13:54 [detection]      S2F4 ON (onset=0.590 env=0.0054)
2025-12-26 01:13:55 [detection]      S2F4 OFF (sustained-quiet: avgEnv=0.0006 < floor=0.0018)
2025-12-26 01:13:56 [detection]      S1F2 ON (onset=0.746 env=0.3617)
2025-12-26 01:13:56 [detection]      S2F0 ON (onset=1.174 env=0.0086)
2025-12-26 01:13:56 [detection]      S1F2 OFF (retrigger: onset=1.045 ratio=2.71)
2025-12-26 01:13:56 [detection]      S1F2 ON (onset=1.316 env=0.2265)
2025-12-26 01:13:58 [detection]      S2F0 OFF (sustained-quiet: avgEnv=0.0007 < floor=0.0018)
2025-12-26 01:13:58 [detection]      S1F2 OFF (sharp-drop: 0.0129 -> 0.0010)
2025-12-26 01:13:58 [detection]      S1F2 ON (onset=0.798 env=0.0899)
2025-12-26 01:13:58 [detection]      S1F2 OFF (retrigger: onset=0.908 ratio=2.19)
2025-12-26 01:13:58 [detection]      S2F0 ON (onset=1.043 env=0.0079)
2025-12-26 01:13:59 [detection]      S1F2 ON (onset=0.998 env=0.0371)
2025-12-26 01:14:00 [detection]      S2F0 OFF (sustained-quiet: avgEnv=0.0007 < floor=0.0018)
2025-12-26 01:14:01 [detection]      S1F2 OFF (sustained-quiet: avgEnv=0.0008 < floor=0.0010)
2025-12-26 01:14:01 [test-mode] play session='20251226-010649 S1 F0 F1' position=0.00 duration=10.60
2025-12-26 01:14:02 [detection]      S1F6 ON (onset=0.998 env=0.0719)
2025-12-26 01:14:04 [detection]      S1F6 OFF (sharp-drop: 0.0077 -> 0.0010)
2025-12-26 01:14:05 [sessionwavs] wrote 6 wav files to /home/general/SignalAssistant/logs/sessionwavs/session-20251226-010718 (shutdown)
# Session closed at 2025-12-26 01:14:05
