# SignalAssistant session log
# Started at 2025-12-20 02:17:30
2025-12-20 02:17:30 [session] mode=live session='' path='' duration=0.00 files=0
2025-12-20 02:17:30 [tracker-settings] TrackerConfig onsetThreshold=0.02000 minNoteDurSec=0.045 hopSec=0.010 slideDelta=120.0 bendDelta=35.0
2025-12-20 02:17:30 [tracker-settings] string1 midi=40 lowCut=6386.53Hz highCut=52740.41Hz baseline=0.000180 gateRatio=0.05500 envFloor=0.000450 sustainScale=0.580 retriggerScale=1.400 peakRelease=0.120 pitchTol=0.400 onsetScale=0.007
2025-12-20 02:17:30 [tracker-settings] string2 midi=45 lowCut=11275.00Hz highCut=94600.00Hz baseline=0.000220 gateRatio=0.10000 envFloor=0.000550 sustainScale=0.700 retriggerScale=1.250 peakRelease=0.130 pitchTol=0.400 onsetScale=0.012
2025-12-20 02:17:30 [tracker-settings] string3 midi=50 lowCut=20189.45Hz highCut=170325.56Hz baseline=0.000260 gateRatio=0.13000 envFloor=0.000650 sustainScale=0.820 retriggerScale=1.100 peakRelease=0.140 pitchTol=0.450 onsetScale=0.019
2025-12-20 02:17:30 [tracker-settings] string4 midi=55 lowCut=36749.57Hz highCut=301836.47Hz baseline=0.000320 gateRatio=0.17000 envFloor=0.000780 sustainScale=1.000 retriggerScale=1.000 peakRelease=0.160 pitchTol=0.440 onsetScale=0.025
2025-12-20 02:17:30 [tracker-settings] string5 midi=59 lowCut=58648.64Hz highCut=479066.81Hz baseline=0.000370 gateRatio=0.21000 envFloor=0.000900 sustainScale=1.000 retriggerScale=1.000 peakRelease=0.180 pitchTol=0.500 onsetScale=0.029
2025-12-20 02:17:30 [tracker-settings] string6 midi=64 lowCut=104656.75Hz highCut=857031.69Hz baseline=0.000420 gateRatio=0.25000 envFloor=0.001050 sustainScale=1.000 retriggerScale=1.000 peakRelease=0.200 pitchTol=0.550 onsetScale=0.032
2025-12-20 02:17:30 [tracker] [s1] calibration reset target=0.00180 gain=1.000
2025-12-20 02:17:30 [tracker] [s2] calibration reset target=0.00180 gain=1.000
2025-12-20 02:17:30 [tracker] [s3] calibration reset target=0.00180 gain=1.000
2025-12-20 02:17:30 [tracker] [s4] calibration reset target=0.00180 gain=1.000
2025-12-20 02:17:30 [tracker] [s5] calibration reset target=0.00180 gain=1.000
2025-12-20 02:17:30 [tracker] [s6] calibration reset target=0.00180 gain=1.000
2025-12-20 02:17:30 [calibration] Loading calibration profile multipliers into parameters
2025-12-20 02:17:30 [calibration] String 1: setting multiplier to 6.340
2025-12-20 02:17:30 [calibration] String 2: setting multiplier to 8.000
2025-12-20 02:17:30 [calibration] String 3: setting multiplier to 8.000
2025-12-20 02:17:30 [calibration] String 4: setting multiplier to 8.000
2025-12-20 02:17:30 [calibration] String 5: setting multiplier to 8.000
2025-12-20 02:17:30 [calibration] String 6: setting multiplier to 8.000
2025-12-20 02:17:30 [tracker] [s1] calibration avg=0.03937 target=0.00180 gain=1.000
2025-12-20 02:17:30 [tracker] [s2] calibration avg=0.01560 target=0.00180 gain=1.000
2025-12-20 02:17:30 [tracker] [s3] calibration avg=0.00661 target=0.00180 gain=1.000
2025-12-20 02:17:30 [tracker] [s4] calibration avg=0.00473 target=0.00180 gain=1.000
2025-12-20 02:17:31 [tracker] [s1] configure sr=48000.0 hop=128 fft=1024 low=75.0 high=160.0
2025-12-20 02:17:31 [tracker] [s1] params baseline=0.000180 gate=0.0550 envFloor=0.000450 sustain=0.580 retrigger=1.400 peakRelease=0.120 pitchTol=0.400 onsetScale=0.006 aubioScale=1.20 aubioThresh=0.024 onsetSilence=-85.0 pitchSilence=-90.0
2025-12-20 02:17:31 [tracker] [s2] configure sr=48000.0 hop=128 fft=1024 low=100.0 high=215.0
2025-12-20 02:17:31 [tracker] [s2] params baseline=0.000220 gate=0.0100 envFloor=0.000100 sustain=1.500 retrigger=1.250 peakRelease=0.130 pitchTol=0.400 onsetScale=0.009 aubioScale=1.35 aubioThresh=0.027 onsetSilence=-85.0 pitchSilence=-90.0
2025-12-20 02:17:31 [tracker] [s3] configure sr=48000.0 hop=128 fft=1024 low=135.0 high=290.0
2025-12-20 02:17:31 [tracker] [s3] params baseline=0.000260 gate=0.1300 envFloor=0.000650 sustain=0.820 retrigger=1.100 peakRelease=0.140 pitchTol=0.450 onsetScale=0.012 aubioScale=1.60 aubioThresh=0.032 onsetSilence=-75.0 pitchSilence=-80.0
2025-12-20 02:17:31 [tracker] [s4] configure sr=48000.0 hop=128 fft=1024 low=185.0 high=385.0
2025-12-20 02:17:31 [tracker] [s4] params baseline=0.000320 gate=0.1700 envFloor=0.000780 sustain=1.000 retrigger=1.000 peakRelease=0.160 pitchTol=0.440 onsetScale=0.014 aubioScale=1.80 aubioThresh=0.036 onsetSilence=-75.0 pitchSilence=-80.0
2025-12-20 02:17:31 [tracker] [s5] configure sr=48000.0 hop=128 fft=512 low=235.0 high=485.0
2025-12-20 02:17:31 [tracker] [s5] params baseline=0.000370 gate=0.2100 envFloor=0.000900 sustain=1.000 retrigger=1.000 peakRelease=0.180 pitchTol=0.500 onsetScale=0.016 aubioScale=1.80 aubioThresh=0.036 onsetSilence=-75.0 pitchSilence=-80.0
2025-12-20 02:17:31 [tracker] [s6] configure sr=48000.0 hop=128 fft=512 low=315.0 high=650.0
2025-12-20 02:17:31 [tracker] [s6] params baseline=0.000420 gate=0.2500 envFloor=0.001050 sustain=1.000 retrigger=1.000 peakRelease=0.200 pitchTol=0.550 onsetScale=0.018 aubioScale=1.80 aubioThresh=0.036 onsetSilence=-75.0 pitchSilence=-80.0
2025-12-20 02:17:31 [tracker] [s1] aubio-raw t=0.0040 onset=4.000000 env=0.004653 peak=0.007337 gain=1.000
2025-12-20 02:17:31 [tracker] [s1] onset-accepted t=0.0040 env=0.004653 gate=0.000034 envDelta=0.004619 envFloor=0.000929 onset=4.000000 thresh=0.006000 onsetDelta=3.994000 baseline=0.000619 floor=0.000180 adapt=0.001548 lastPeak=0.000000 baseParam=0.000180 gateRatio=0.0550 envParam=0.000450 onsetScale=0.300 retriggerScale=1.400 guard=0.060 guardRemain=0.000 activeAge=-1.000 retrigRemain=0.000 pitchHz=125.16 pitchCents=723.6
2025-12-20 02:17:31 [tracker] [s1] onset t=0.004 env=0.00465 gate=0.00003 envDelta=0.00462 envFloor=0.00093 onset=4.000 thresh=0.006 onsetDelta=3.99400 baseline=0.00062 adaptive=0.00155 lastPeak=0.00000 guard=0.060 activeAge=-1.000 pitch=125.16Hz pitchCents=723.6
2025-12-20 02:17:31 [tracker] [s2] onset t=0.004 env=0.00569 gate=0.00001 envDelta=0.00568 envFloor=0.00102 onset=4.000 thresh=0.009 onsetDelta=3.99100 baseline=0.00068 adaptive=0.00170 lastPeak=0.00000 guard=0.060 activeAge=-1.000 pitch=125.16Hz pitchCents=223.6
2025-12-20 02:17:31 [tracker] [s3] onset t=0.004 env=0.00610 gate=0.00009 envDelta=0.00600 envFloor=0.00106 onset=4.000 thresh=0.012 onsetDelta=3.98840 baseline=0.00071 adaptive=0.00176 lastPeak=0.00000 guard=0.060 activeAge=-1.000 pitch=125.16Hz pitchCents=-276.4
2025-12-20 02:17:31 [tracker] [s4] onset t=0.004 env=0.00649 gate=0.00012 envDelta=0.00636 envFloor=0.00109 onset=4.000 thresh=0.014 onsetDelta=3.98600 baseline=0.00073 adaptive=0.00182 lastPeak=0.00000 guard=0.060 activeAge=-1.000 pitch=125.16Hz pitchCents=-776.4
2025-12-20 02:17:31 [tracker] [s5] onset t=0.004 env=0.00584 gate=0.00014 envDelta=0.00569 envFloor=0.00104 onset=4.000 thresh=0.016 onsetDelta=3.98400 baseline=0.00069 adaptive=0.00173 lastPeak=0.00000 guard=0.060 activeAge=-1.000 pitch=376.47Hz pitchCents=730.0
2025-12-20 02:17:31 [tracker] [s6] onset t=0.004 env=0.00555 gate=0.00017 envDelta=0.00538 envFloor=0.00105 onset=4.000 thresh=0.018 onsetDelta=3.98200 baseline=0.00067 adaptive=0.00168 lastPeak=0.00000 guard=0.060 activeAge=-1.000 pitch=376.47Hz pitchCents=230.0
2025-12-20 02:17:31 [tracker] [s4] onset t=0.233 env=0.00942 gate=0.00022 envDelta=0.00920 envFloor=0.00269 onset=1.321 thresh=0.014 onsetDelta=1.30690 baseline=0.00128 adaptive=0.01122 lastPeak=0.00000 guard=0.060 activeAge=-1.000 pitch=-1.00Hz pitchCents=0.0
2025-12-20 02:17:31 [tracker] [s4] onset t=0.300 env=0.00892 gate=0.00022 envDelta=0.00871 envFloor=0.00269 onset=1.017 thresh=0.014 onsetDelta=1.00336 baseline=0.00128 adaptive=0.01123 lastPeak=0.00000 guard=0.060 activeAge=-1.000 pitch=-1.00Hz pitchCents=0.0
2025-12-20 02:17:31 [tracker] [s1] aubio-raw t=0.3187 onset=1.077485 env=0.009495 peak=0.018192 gain=1.000
2025-12-20 02:17:31 [tracker] [s1] onset-accepted t=0.3187 env=0.009495 gate=0.000040 envDelta=0.009455 envFloor=0.001512 onset=1.077485 thresh=0.006000 onsetDelta=1.071485 baseline=0.000720 floor=0.000180 adapt=0.016155 lastPeak=0.000000 baseParam=0.000180 gateRatio=0.0550 envParam=0.000450 onsetScale=0.300 retriggerScale=1.400 guard=0.060 guardRemain=0.000 activeAge=-1.000 retrigRemain=0.000 pitchHz=-1.00 pitchCents=0.0
2025-12-20 02:17:31 [tracker] [s1] onset t=0.319 env=0.00949 gate=0.00004 envDelta=0.00946 envFloor=0.00151 onset=1.077 thresh=0.006 onsetDelta=1.07149 baseline=0.00072 adaptive=0.01615 lastPeak=0.00000 guard=0.060 activeAge=-1.000 pitch=-1.00Hz pitchCents=0.0
2025-12-20 02:17:31 [tracker] [s3] onset t=0.369 env=0.00742 gate=0.00014 envDelta=0.00728 envFloor=0.00218 onset=1.366 thresh=0.012 onsetDelta=1.35413 baseline=0.00104 adaptive=0.01424 lastPeak=0.00000 guard=0.060 activeAge=-1.000 pitch=-1.00Hz pitchCents=0.0
2025-12-20 02:17:31 [tracker] [s6] onset t=0.465 env=0.00832 gate=0.00042 envDelta=0.00790 envFloor=0.00353 onset=0.963 thresh=0.018 onsetDelta=0.94512 baseline=0.00168 adaptive=0.00735 lastPeak=0.00000 guard=0.060 activeAge=-1.000 pitch=-1.00Hz pitchCents=0.0
2025-12-20 02:17:31 [tracker] [s2] onset t=0.503 env=0.00627 gate=0.00001 envDelta=0.00626 envFloor=0.00185 onset=0.997 thresh=0.009 onsetDelta=0.98760 baseline=0.00088 adaptive=0.01694 lastPeak=0.00000 guard=0.060 activeAge=-1.000 pitch=-1.00Hz pitchCents=0.0
2025-12-20 02:17:31 [tracker] [s3] onset t=0.572 env=0.01440 gate=0.00014 envDelta=0.01426 envFloor=0.00218 onset=1.059 thresh=0.012 onsetDelta=1.04736 baseline=0.00104 adaptive=0.01421 lastPeak=0.00000 guard=0.060 activeAge=-1.000 pitch=-1.00Hz pitchCents=0.0
2025-12-20 02:17:31 [tracker] [s2] onset t=0.636 env=0.00642 gate=0.00001 envDelta=0.00641 envFloor=0.00185 onset=1.041 thresh=0.009 onsetDelta=1.03167 baseline=0.00088 adaptive=0.01694 lastPeak=0.00000 guard=0.060 activeAge=-1.000 pitch=-1.00Hz pitchCents=0.0
2025-12-20 02:17:31 [tracker] [s5] onset t=0.644 env=0.00616 gate=0.00031 envDelta=0.00585 envFloor=0.00311 onset=1.056 thresh=0.016 onsetDelta=1.03989 baseline=0.00148 adaptive=0.00898 lastPeak=0.00000 guard=0.060 activeAge=-1.000 pitch=-1.00Hz pitchCents=0.0
2025-12-20 02:17:31 [tracker] [s5] onset t=0.724 env=0.01015 gate=0.00031 envDelta=0.00984 envFloor=0.00311 onset=1.118 thresh=0.016 onsetDelta=1.10207 baseline=0.00148 adaptive=0.00902 lastPeak=0.00000 guard=0.060 activeAge=-1.000 pitch=-1.00Hz pitchCents=0.0
2025-12-20 02:17:31 [tracker] [s3] onset t=0.833 env=0.01271 gate=0.00014 envDelta=0.01258 envFloor=0.00218 onset=1.181 thresh=0.012 onsetDelta=1.16981 baseline=0.00104 adaptive=0.01449 lastPeak=0.00000 guard=0.060 activeAge=-1.000 pitch=-1.00Hz pitchCents=0.0
2025-12-20 02:17:32 [tracker] [s3] onset t=1.007 env=0.01709 gate=0.00014 envDelta=0.01695 envFloor=0.00218 onset=1.170 thresh=0.012 onsetDelta=1.15829 baseline=0.00104 adaptive=0.01457 lastPeak=0.00000 guard=0.060 activeAge=-1.000 pitch=-1.00Hz pitchCents=0.0
2025-12-20 02:17:32 [tracker] [s5] onset t=1.015 env=0.01036 gate=0.00031 envDelta=0.01005 envFloor=0.00311 onset=1.129 thresh=0.016 onsetDelta=1.11276 baseline=0.00148 adaptive=0.00920 lastPeak=0.00000 guard=0.060 activeAge=-1.000 pitch=-1.00Hz pitchCents=0.0
2025-12-20 02:17:32 [tracker] [s2] onset t=1.071 env=0.01227 gate=0.00001 envDelta=0.01226 envFloor=0.00185 onset=1.026 thresh=0.009 onsetDelta=1.01717 baseline=0.00088 adaptive=0.01716 lastPeak=0.00000 guard=0.060 activeAge=-1.000 pitch=-1.00Hz pitchCents=0.0
2025-12-20 02:17:32 [tracker] [s1] aubio-raw t=1.1907 onset=0.997297 env=0.019262 peak=0.020689 gain=1.000
2025-12-20 02:17:32 [tracker] [s1] onset-accepted t=1.1907 env=0.019262 gate=0.000040 envDelta=0.019222 envFloor=0.001512 onset=0.997297 thresh=0.006000 onsetDelta=0.991297 baseline=0.000720 floor=0.000180 adapt=0.016434 lastPeak=0.000000 baseParam=0.000180 gateRatio=0.0550 envParam=0.000450 onsetScale=0.300 retriggerScale=1.400 guard=0.060 guardRemain=0.000 activeAge=-1.000 retrigRemain=0.000 pitchHz=-1.00 pitchCents=0.0
2025-12-20 02:17:32 [tracker] [s1] onset t=1.191 env=0.01926 gate=0.00004 envDelta=0.01922 envFloor=0.00151 onset=0.997 thresh=0.006 onsetDelta=0.99130 baseline=0.00072 adaptive=0.01643 lastPeak=0.00000 guard=0.060 activeAge=-1.000 pitch=-1.00Hz pitchCents=0.0
2025-12-20 02:17:32 [tracker] [s5] onset t=1.233 env=0.00577 gate=0.00031 envDelta=0.00546 envFloor=0.00311 onset=0.853 thresh=0.016 onsetDelta=0.83724 baseline=0.00148 adaptive=0.00907 lastPeak=0.00000 guard=0.060 activeAge=-1.000 pitch=-1.00Hz pitchCents=0.0
2025-12-20 02:17:32 [tracker] [s1] aubio-raw t=1.2653 onset=0.957447 env=0.019261 peak=0.021051 gain=1.000
2025-12-20 02:17:32 [tracker] [s1] onset-accepted t=1.2653 env=0.019261 gate=0.000040 envDelta=0.019222 envFloor=0.001512 onset=0.957447 thresh=0.006000 onsetDelta=0.951447 baseline=0.000720 floor=0.000180 adapt=0.016562 lastPeak=0.000000 baseParam=0.000180 gateRatio=0.0550 envParam=0.000450 onsetScale=0.300 retriggerScale=1.400 guard=0.060 guardRemain=0.000 activeAge=-1.000 retrigRemain=0.000 pitchHz=-1.00 pitchCents=0.0
2025-12-20 02:17:32 [tracker] [s1] onset t=1.265 env=0.01926 gate=0.00004 envDelta=0.01922 envFloor=0.00151 onset=0.957 thresh=0.006 onsetDelta=0.95145 baseline=0.00072 adaptive=0.01656 lastPeak=0.00000 guard=0.060 activeAge=-1.000 pitch=-1.00Hz pitchCents=0.0
2025-12-20 02:17:32 [tracker] [s3] onset t=1.308 env=0.01390 gate=0.00014 envDelta=0.01376 envFloor=0.00218 onset=0.991 thresh=0.012 onsetDelta=0.97904 baseline=0.00104 adaptive=0.01437 lastPeak=0.00000 guard=0.060 activeAge=-1.000 pitch=-1.00Hz pitchCents=0.0
2025-12-20 02:17:32 [tracker] [s4] onset t=1.449 env=0.01035 gate=0.00022 envDelta=0.01013 envFloor=0.00269 onset=0.948 thresh=0.014 onsetDelta=0.93383 baseline=0.00128 adaptive=0.01107 lastPeak=0.00000 guard=0.060 activeAge=-1.000 pitch=-1.00Hz pitchCents=0.0
2025-12-20 02:17:32 [tracker] [s6] onset t=1.465 env=0.00813 gate=0.00042 envDelta=0.00771 envFloor=0.00353 onset=0.993 thresh=0.018 onsetDelta=0.97531 baseline=0.00168 adaptive=0.00726 lastPeak=0.00000 guard=0.060 activeAge=-1.000 pitch=-1.00Hz pitchCents=0.0
2025-12-20 02:17:32 [tracker] [s1] aubio-raw t=1.4680 onset=1.236445 env=0.011082 peak=0.018289 gain=1.000
2025-12-20 02:17:32 [tracker] [s1] onset-accepted t=1.4680 env=0.011082 gate=0.000040 envDelta=0.011043 envFloor=0.001512 onset=1.236445 thresh=0.006000 onsetDelta=1.230445 baseline=0.000720 floor=0.000180 adapt=0.016342 lastPeak=0.000000 baseParam=0.000180 gateRatio=0.0550 envParam=0.000450 onsetScale=0.300 retriggerScale=1.400 guard=0.060 guardRemain=0.000 activeAge=-1.000 retrigRemain=0.000 pitchHz=-1.00 pitchCents=0.0
2025-12-20 02:17:32 [tracker] [s1] onset t=1.468 env=0.01108 gate=0.00004 envDelta=0.01104 envFloor=0.00151 onset=1.236 thresh=0.006 onsetDelta=1.23045 baseline=0.00072 adaptive=0.01634 lastPeak=0.00000 guard=0.060 activeAge=-1.000 pitch=-1.00Hz pitchCents=0.0
2025-12-20 02:17:32 [tracker] [s2] onset t=1.519 env=0.00633 gate=0.00001 envDelta=0.00632 envFloor=0.00185 onset=0.885 thresh=0.009 onsetDelta=0.87607 baseline=0.00088 adaptive=0.01718 lastPeak=0.00000 guard=0.060 activeAge=-1.000 pitch=-1.00Hz pitchCents=0.0
2025-12-20 02:17:32 [tracker] [s5] onset t=1.567 env=0.00604 gate=0.00031 envDelta=0.00573 envFloor=0.00311 onset=0.681 thresh=0.016 onsetDelta=0.66463 baseline=0.00148 adaptive=0.00908 lastPeak=0.00000 guard=0.060 activeAge=-1.000 pitch=-1.00Hz pitchCents=0.0
2025-12-20 02:17:32 [tracker] [s4] onset t=1.577 env=0.00716 gate=0.00022 envDelta=0.00695 envFloor=0.00269 onset=1.197 thresh=0.014 onsetDelta=1.18268 baseline=0.00128 adaptive=0.01110 lastPeak=0.00000 guard=0.060 activeAge=-1.000 pitch=-1.00Hz pitchCents=0.0
2025-12-20 02:17:32 [tracker] [s1] aubio-raw t=1.7027 onset=1.125263 env=0.005389 peak=0.008747 gain=1.000
2025-12-20 02:17:32 [tracker] [s1] onset-accepted t=1.7027 env=0.005389 gate=0.000040 envDelta=0.005349 envFloor=0.001512 onset=1.125263 thresh=0.006000 onsetDelta=1.119263 baseline=0.000720 floor=0.000180 adapt=0.015883 lastPeak=0.000000 baseParam=0.000180 gateRatio=0.0550 envParam=0.000450 onsetScale=0.300 retriggerScale=1.400 guard=0.060 guardRemain=0.000 activeAge=-1.000 retrigRemain=0.000 pitchHz=-1.00 pitchCents=0.0
2025-12-20 02:17:32 [tracker] [s1] onset t=1.703 env=0.00539 gate=0.00004 envDelta=0.00535 envFloor=0.00151 onset=1.125 thresh=0.006 onsetDelta=1.11926 baseline=0.00072 adaptive=0.01588 lastPeak=0.00000 guard=0.060 activeAge=-1.000 pitch=-1.00Hz pitchCents=0.0
2025-12-20 02:17:32 [tracker] [s3] onset t=1.713 env=0.01405 gate=0.00014 envDelta=0.01392 envFloor=0.00218 onset=1.231 thresh=0.012 onsetDelta=1.21989 baseline=0.00104 adaptive=0.01421 lastPeak=0.00000 guard=0.060 activeAge=-1.000 pitch=-1.00Hz pitchCents=0.0
2025-12-20 02:17:32 [tracker] [s1] aubio-raw t=1.7533 onset=1.220024 env=0.006907 peak=0.011832 gain=1.000
2025-12-20 02:17:32 [tracker] [s1] onset-accepted t=1.7533 env=0.006907 gate=0.000040 envDelta=0.006868 envFloor=0.001512 onset=1.220024 thresh=0.006000 onsetDelta=1.214024 baseline=0.000720 floor=0.000180 adapt=0.016097 lastPeak=0.000000 baseParam=0.000180 gateRatio=0.0550 envParam=0.000450 onsetScale=0.300 retriggerScale=1.400 guard=0.060 guardRemain=0.000 activeAge=-1.000 retrigRemain=0.000 pitchHz=-1.00 pitchCents=0.0
2025-12-20 02:17:32 [tracker] [s1] onset t=1.753 env=0.00691 gate=0.00004 envDelta=0.00687 envFloor=0.00151 onset=1.220 thresh=0.006 onsetDelta=1.21402 baseline=0.00072 adaptive=0.01610 lastPeak=0.00000 guard=0.060 activeAge=-1.000 pitch=-1.00Hz pitchCents=0.0
2025-12-20 02:17:32 [tracker] [s3] onset t=1.772 env=0.01530 gate=0.00014 envDelta=0.01516 envFloor=0.00218 onset=1.092 thresh=0.012 onsetDelta=1.08056 baseline=0.00104 adaptive=0.01437 lastPeak=0.00000 guard=0.060 activeAge=-1.000 pitch=-1.00Hz pitchCents=0.0
2025-12-20 02:17:33 [tracker] [s2] onset t=1.863 env=0.01360 gate=0.00001 envDelta=0.01359 envFloor=0.00185 onset=0.917 thresh=0.009 onsetDelta=0.90791 baseline=0.00088 adaptive=0.01700 lastPeak=0.00000 guard=0.060 activeAge=-1.000 pitch=-1.00Hz pitchCents=0.0
2025-12-20 02:17:33 [tracker] [s5] onset t=1.897 env=0.01027 gate=0.00031 envDelta=0.00996 envFloor=0.00311 onset=0.993 thresh=0.016 onsetDelta=0.97732 baseline=0.00148 adaptive=0.00931 lastPeak=0.00000 guard=0.060 activeAge=-1.000 pitch=-1.00Hz pitchCents=0.0
2025-12-20 02:17:33 [tracker] [s4] onset t=1.945 env=0.00892 gate=0.00022 envDelta=0.00871 envFloor=0.00269 onset=0.720 thresh=0.014 onsetDelta=0.70591 baseline=0.00128 adaptive=0.01102 lastPeak=0.00000 guard=0.060 activeAge=-1.000 pitch=-1.00Hz pitchCents=0.0
2025-12-20 02:17:33 [tracker] [s2] onset t=1.975 env=0.01775 gate=0.00001 envDelta=0.01774 envFloor=0.00185 onset=1.062 thresh=0.009 onsetDelta=1.05264 baseline=0.00088 adaptive=0.01740 lastPeak=0.00000 guard=0.060 activeAge=-1.000 pitch=-1.00Hz pitchCents=0.0
2025-12-20 02:17:33 [tracker] [s1] aubio-raw t=2.0173 onset=1.110660 env=0.014034 peak=0.018963 gain=1.000
2025-12-20 02:17:33 [tracker] [s1] onset-accepted t=2.0173 env=0.014034 gate=0.000040 envDelta=0.013994 envFloor=0.001512 onset=1.110660 thresh=0.006000 onsetDelta=1.104660 baseline=0.000720 floor=0.000180 adapt=0.016352 lastPeak=0.000000 baseParam=0.000180 gateRatio=0.0550 envParam=0.000450 onsetScale=0.300 retriggerScale=1.400 guard=0.060 guardRemain=0.000 activeAge=-1.000 retrigRemain=0.000 pitchHz=-1.00 pitchCents=0.0
2025-12-20 02:17:33 [tracker] [s1] onset t=2.017 env=0.01403 gate=0.00004 envDelta=0.01399 envFloor=0.00151 onset=1.111 thresh=0.006 onsetDelta=1.10466 baseline=0.00072 adaptive=0.01635 lastPeak=0.00000 guard=0.060 activeAge=-1.000 pitch=-1.00Hz pitchCents=0.0
2025-12-20 02:17:33 [tracker] [s4] onset t=2.049 env=0.00956 gate=0.00022 envDelta=0.00935 envFloor=0.00269 onset=1.000 thresh=0.014 onsetDelta=0.98565 baseline=0.00128 adaptive=0.01111 lastPeak=0.00000 guard=0.060 activeAge=-1.000 pitch=-1.00Hz pitchCents=0.0
2025-12-20 02:17:33 [tracker] [s6] onset t=2.065 env=0.00765 gate=0.00042 envDelta=0.00723 envFloor=0.00353 onset=0.888 thresh=0.018 onsetDelta=0.87044 baseline=0.00168 adaptive=0.00728 lastPeak=0.00000 guard=0.060 activeAge=-1.000 pitch=-1.00Hz pitchCents=0.0
2025-12-20 02:17:33 [tracker] [s1] aubio-raw t=2.1080 onset=0.675111 env=0.018281 peak=0.020847 gain=1.000
2025-12-20 02:17:33 [tracker] [s1] onset-accepted t=2.1080 env=0.018281 gate=0.000040 envDelta=0.018241 envFloor=0.001512 onset=0.675111 thresh=0.006000 onsetDelta=0.669111 baseline=0.000720 floor=0.000180 adapt=0.016171 lastPeak=0.000000 baseParam=0.000180 gateRatio=0.0550 envParam=0.000450 onsetScale=0.300 retriggerScale=1.400 guard=0.060 guardRemain=0.000 activeAge=-1.000 retrigRemain=0.000 pitchHz=-1.00 pitchCents=0.0
2025-12-20 02:17:33 [tracker] [s1] onset t=2.108 env=0.01828 gate=0.00004 envDelta=0.01824 envFloor=0.00151 onset=0.675 thresh=0.006 onsetDelta=0.66911 baseline=0.00072 adaptive=0.01617 lastPeak=0.00000 guard=0.060 activeAge=-1.000 pitch=-1.00Hz pitchCents=0.0
2025-12-20 02:17:33 [tracker] [s5] onset t=2.113 env=0.00971 gate=0.00031 envDelta=0.00940 envFloor=0.00311 onset=1.029 thresh=0.016 onsetDelta=1.01333 baseline=0.00148 adaptive=0.00919 lastPeak=0.00000 guard=0.060 activeAge=-1.000 pitch=-1.00Hz pitchCents=0.0
2025-12-20 02:17:33 [tracker] [s2] onset t=2.188 env=0.01577 gate=0.00001 envDelta=0.01576 envFloor=0.00185 onset=0.996 thresh=0.009 onsetDelta=0.98699 baseline=0.00088 adaptive=0.01699 lastPeak=0.00000 guard=0.060 activeAge=-1.000 pitch=-1.00Hz pitchCents=0.0
2025-12-20 02:17:33 [tracker] [s6] onset t=2.391 env=0.00549 gate=0.00042 envDelta=0.00507 envFloor=0.00353 onset=0.940 thresh=0.018 onsetDelta=0.92217 baseline=0.00168 adaptive=0.00733 lastPeak=0.00000 guard=0.060 activeAge=-1.000 pitch=-1.00Hz pitchCents=0.0
2025-12-20 02:17:33 [tracker] [s4] onset t=2.420 env=0.00867 gate=0.00022 envDelta=0.00845 envFloor=0.00269 onset=1.298 thresh=0.014 onsetDelta=1.28419 baseline=0.00128 adaptive=0.01105 lastPeak=0.00000 guard=0.060 activeAge=-1.000 pitch=-1.00Hz pitchCents=0.0
2025-12-20 02:17:33 [tracker] [s6] onset t=2.441 env=0.00430 gate=0.00042 envDelta=0.00388 envFloor=0.00353 onset=0.992 thresh=0.018 onsetDelta=0.97411 baseline=0.00168 adaptive=0.00729 lastPeak=0.00000 guard=0.060 activeAge=-1.000 pitch=-1.00Hz pitchCents=0.0
2025-12-20 02:17:33 [tracker] [s5] onset t=2.447 env=0.00989 gate=0.00031 envDelta=0.00958 envFloor=0.00311 onset=1.305 thresh=0.016 onsetDelta=1.28892 baseline=0.00148 adaptive=0.00921 lastPeak=0.00000 guard=0.060 activeAge=-1.000 pitch=-1.00Hz pitchCents=0.0
2025-12-20 02:17:33 [tracker] [s3] onset t=2.452 env=0.00681 gate=0.00014 envDelta=0.00667 envFloor=0.00218 onset=0.992 thresh=0.012 onsetDelta=0.98083 baseline=0.00104 adaptive=0.01417 lastPeak=0.00000 guard=0.060 activeAge=-1.000 pitch=-1.00Hz pitchCents=0.0
2025-12-20 02:17:33 [tracker] [s4] onset t=2.633 env=0.00644 gate=0.00022 envDelta=0.00623 envFloor=0.00269 onset=1.110 thresh=0.014 onsetDelta=1.09643 baseline=0.00128 adaptive=0.01119 lastPeak=0.00000 guard=0.060 activeAge=-1.000 pitch=-1.00Hz pitchCents=0.0
2025-12-20 02:17:33 [tracker] [s5] onset t=2.649 env=0.00637 gate=0.00031 envDelta=0.00606 envFloor=0.00311 onset=0.994 thresh=0.016 onsetDelta=0.97848 baseline=0.00148 adaptive=0.00916 lastPeak=0.00000 guard=0.060 activeAge=-1.000 pitch=-1.00Hz pitchCents=0.0
2025-12-20 02:17:33 [tracker] [s5] onset t=2.711 env=0.00643 gate=0.00031 envDelta=0.00612 envFloor=0.00311 onset=1.151 thresh=0.016 onsetDelta=1.13461 baseline=0.00148 adaptive=0.00907 lastPeak=0.00000 guard=0.060 activeAge=-1.000 pitch=-1.00Hz pitchCents=0.0
2025-12-20 02:17:33 [tracker] [s3] onset t=2.735 env=0.00589 gate=0.00014 envDelta=0.00575 envFloor=0.00218 onset=0.953 thresh=0.012 onsetDelta=0.94091 baseline=0.00104 adaptive=0.01414 lastPeak=0.00000 guard=0.060 activeAge=-1.000 pitch=-1.00Hz pitchCents=0.0
2025-12-20 02:17:33 [tracker] [s5] onset t=2.796 env=0.00879 gate=0.00031 envDelta=0.00848 envFloor=0.00311 onset=0.995 thresh=0.016 onsetDelta=0.97934 baseline=0.00148 adaptive=0.00903 lastPeak=0.00000 guard=0.060 activeAge=-1.000 pitch=-1.00Hz pitchCents=0.0
2025-12-20 02:17:34 [tracker] [s6] onset t=2.849 env=0.00445 gate=0.00042 envDelta=0.00403 envFloor=0.00353 onset=0.895 thresh=0.018 onsetDelta=0.87699 baseline=0.00168 adaptive=0.00731 lastPeak=0.00000 guard=0.060 activeAge=-1.000 pitch=-1.00Hz pitchCents=0.0
2025-12-20 02:17:34 [tracker] [s2] onset t=2.855 env=0.01615 gate=0.00001 envDelta=0.01614 envFloor=0.00185 onset=1.064 thresh=0.009 onsetDelta=1.05499 baseline=0.00088 adaptive=0.01698 lastPeak=0.00000 guard=0.060 activeAge=-1.000 pitch=-1.00Hz pitchCents=0.0
2025-12-20 02:17:34 [tracker] [s5] onset t=2.916 env=0.00583 gate=0.00031 envDelta=0.00552 envFloor=0.00311 onset=0.763 thresh=0.016 onsetDelta=0.74729 baseline=0.00148 adaptive=0.00921 lastPeak=0.00000 guard=0.060 activeAge=-1.000 pitch=-1.00Hz pitchCents=0.0
2025-12-20 02:17:34 [tracker] [s6] onset t=2.929 env=0.00744 gate=0.00042 envDelta=0.00702 envFloor=0.00353 onset=1.342 thresh=0.018 onsetDelta=1.32416 baseline=0.00168 adaptive=0.00730 lastPeak=0.00000 guard=0.060 activeAge=-1.000 pitch=-1.00Hz pitchCents=0.0
2025-12-20 02:17:34 [tracker] [s3] onset t=3.001 env=0.00543 gate=0.00014 envDelta=0.00530 envFloor=0.00218 onset=0.996 thresh=0.012 onsetDelta=0.98397 baseline=0.00104 adaptive=0.01402 lastPeak=0.00000 guard=0.060 activeAge=-1.000 pitch=-1.00Hz pitchCents=0.0
2025-12-20 02:17:34 [tracker] [s5] onset t=3.031 env=0.01040 gate=0.00031 envDelta=0.01008 envFloor=0.00311 onset=1.210 thresh=0.016 onsetDelta=1.19423 baseline=0.00148 adaptive=0.00915 lastPeak=0.00000 guard=0.060 activeAge=-1.000 pitch=-1.00Hz pitchCents=0.0
2025-12-20 02:17:34 [tracker] [s2] onset t=3.033 env=0.01449 gate=0.00001 envDelta=0.01448 envFloor=0.00185 onset=0.993 thresh=0.009 onsetDelta=0.98401 baseline=0.00088 adaptive=0.01758 lastPeak=0.00000 guard=0.060 activeAge=-1.000 pitch=-1.00Hz pitchCents=0.0
2025-12-20 02:17:34 [tracker] [s4] onset t=3.049 env=0.00843 gate=0.00022 envDelta=0.00821 envFloor=0.00269 onset=1.279 thresh=0.014 onsetDelta=1.26541 baseline=0.00128 adaptive=0.01128 lastPeak=0.00000 guard=0.060 activeAge=-1.000 pitch=-1.00Hz pitchCents=0.0
2025-12-20 02:17:34 [tracker] [s2] onset t=3.172 env=0.01875 gate=0.00001 envDelta=0.01874 envFloor=0.00185 onset=0.992 thresh=0.009 onsetDelta=0.98342 baseline=0.00088 adaptive=0.01755 lastPeak=0.00000 guard=0.060 activeAge=-1.000 pitch=-1.00Hz pitchCents=0.0
2025-12-20 02:17:34 [tracker] [s3] onset t=3.201 env=0.00616 gate=0.00014 envDelta=0.00602 envFloor=0.00218 onset=0.997 thresh=0.012 onsetDelta=0.98496 baseline=0.00104 adaptive=0.01417 lastPeak=0.00000 guard=0.060 activeAge=-1.000 pitch=-1.00Hz pitchCents=0.0
2025-12-20 02:17:34 [tracker] [s1] aubio-raw t=3.2680 onset=0.549999 env=0.007993 peak=0.016580 gain=1.000
2025-12-20 02:17:34 [tracker] [s1] onset-accepted t=3.2680 env=0.007993 gate=0.000040 envDelta=0.007953 envFloor=0.001512 onset=0.549999 thresh=0.006000 onsetDelta=0.543999 baseline=0.000720 floor=0.000180 adapt=0.016144 lastPeak=0.000000 baseParam=0.000180 gateRatio=0.0550 envParam=0.000450 onsetScale=0.300 retriggerScale=1.400 guard=0.060 guardRemain=0.000 activeAge=-1.000 retrigRemain=0.000 pitchHz=-1.00 pitchCents=0.0
2025-12-20 02:17:34 [tracker] [s1] onset t=3.268 env=0.00799 gate=0.00004 envDelta=0.00795 envFloor=0.00151 onset=0.550 thresh=0.006 onsetDelta=0.54400 baseline=0.00072 adaptive=0.01614 lastPeak=0.00000 guard=0.060 activeAge=-1.000 pitch=-1.00Hz pitchCents=0.0
2025-12-20 02:17:34 [tracker] [s2] onset t=3.359 env=0.01178 gate=0.00001 envDelta=0.01178 envFloor=0.00185 onset=1.113 thresh=0.009 onsetDelta=1.10385 baseline=0.00088 adaptive=0.01755 lastPeak=0.00000 guard=0.060 activeAge=-1.000 pitch=-1.00Hz pitchCents=0.0
2025-12-20 02:17:34 [tracker] [s4] onset t=3.417 env=0.00546 gate=0.00022 envDelta=0.00524 envFloor=0.00269 onset=0.897 thresh=0.014 onsetDelta=0.88326 baseline=0.00128 adaptive=0.01103 lastPeak=0.00000 guard=0.060 activeAge=-1.000 pitch=-1.00Hz pitchCents=0.0
2025-12-20 02:17:34 [tracker] [s3] onset t=3.487 env=0.01144 gate=0.00014 envDelta=0.01131 envFloor=0.00218 onset=0.502 thresh=0.012 onsetDelta=0.49076 baseline=0.00104 adaptive=0.01435 lastPeak=0.00000 guard=0.060 activeAge=-1.000 pitch=-1.00Hz pitchCents=0.0
2025-12-20 02:17:34 [tracker] [s4] onset t=3.655 env=0.01226 gate=0.00022 envDelta=0.01204 envFloor=0.00269 onset=0.937 thresh=0.014 onsetDelta=0.92335 baseline=0.00128 adaptive=0.01129 lastPeak=0.00000 guard=0.060 activeAge=-1.000 pitch=-1.00Hz pitchCents=0.0
2025-12-20 02:17:34 [tracker] [s1] aubio-raw t=3.7667 onset=0.996343 env=0.014686 peak=0.019587 gain=1.000
2025-12-20 02:17:34 [tracker] [s1] onset-accepted t=3.7667 env=0.014686 gate=0.000040 envDelta=0.014646 envFloor=0.001512 onset=0.996343 thresh=0.006000 onsetDelta=0.990343 baseline=0.000720 floor=0.000180 adapt=0.016369 lastPeak=0.000000 baseParam=0.000180 gateRatio=0.0550 envParam=0.000450 onsetScale=0.300 retriggerScale=1.400 guard=0.060 guardRemain=0.000 activeAge=-1.000 retrigRemain=0.000 pitchHz=-1.00 pitchCents=0.0
2025-12-20 02:17:34 [tracker] [s1] onset t=3.767 env=0.01469 gate=0.00004 envDelta=0.01465 envFloor=0.00151 onset=0.996 thresh=0.006 onsetDelta=0.99034 baseline=0.00072 adaptive=0.01637 lastPeak=0.00000 guard=0.060 activeAge=-1.000 pitch=-1.00Hz pitchCents=0.0
2025-12-20 02:17:34 [tracker] [s6] onset t=3.785 env=0.00538 gate=0.00042 envDelta=0.00496 envFloor=0.00353 onset=0.617 thresh=0.018 onsetDelta=0.59871 baseline=0.00168 adaptive=0.00729 lastPeak=0.00000 guard=0.060 activeAge=-1.000 pitch=-1.00Hz pitchCents=0.0
2025-12-20 02:17:34 [tracker] [s4] onset t=3.807 env=0.01202 gate=0.00022 envDelta=0.01180 envFloor=0.00269 onset=1.046 thresh=0.014 onsetDelta=1.03195 baseline=0.00128 adaptive=0.01112 lastPeak=0.00000 guard=0.060 activeAge=-1.000 pitch=-1.00Hz pitchCents=0.0
2025-12-20 02:17:34 [tracker] [s5] onset t=3.815 env=0.01009 gate=0.00031 envDelta=0.00978 envFloor=0.00311 onset=0.807 thresh=0.016 onsetDelta=0.79071 baseline=0.00148 adaptive=0.00898 lastPeak=0.00000 guard=0.060 activeAge=-1.000 pitch=-1.00Hz pitchCents=0.0
2025-12-20 02:17:35 [tracker] [s4] onset t=3.903 env=0.00886 gate=0.00022 envDelta=0.00865 envFloor=0.00269 onset=0.820 thresh=0.014 onsetDelta=0.80575 baseline=0.00128 adaptive=0.01099 lastPeak=0.00000 guard=0.060 activeAge=-1.000 pitch=-1.00Hz pitchCents=0.0
2025-12-20 02:17:35 [tracker] [s5] onset t=3.983 env=0.00549 gate=0.00031 envDelta=0.00518 envFloor=0.00311 onset=0.545 thresh=0.016 onsetDelta=0.52894 baseline=0.00148 adaptive=0.00907 lastPeak=0.00000 guard=0.060 activeAge=-1.000 pitch=-1.00Hz pitchCents=0.0
2025-12-20 02:17:35 [tracker] [s1] aubio-raw t=4.0840 onset=0.997121 env=0.011099 peak=0.019109 gain=1.000
2025-12-20 02:17:35 [tracker] [s1] onset-accepted t=4.0840 env=0.011099 gate=0.000040 envDelta=0.011059 envFloor=0.001512 onset=0.997121 thresh=0.006000 onsetDelta=0.991121 baseline=0.000720 floor=0.000180 adapt=0.016173 lastPeak=0.000000 baseParam=0.000180 gateRatio=0.0550 envParam=0.000450 onsetScale=0.300 retriggerScale=1.400 guard=0.060 guardRemain=0.000 activeAge=-1.000 retrigRemain=0.000 pitchHz=-1.00 pitchCents=0.0
2025-12-20 02:17:35 [tracker] [s1] onset t=4.084 env=0.01110 gate=0.00004 envDelta=0.01106 envFloor=0.00151 onset=0.997 thresh=0.006 onsetDelta=0.99112 baseline=0.00072 adaptive=0.01617 lastPeak=0.00000 guard=0.060 activeAge=-1.000 pitch=-1.00Hz pitchCents=0.0
2025-12-20 02:17:35 [tracker] [s1] aubio-raw t=4.1694 onset=0.990741 env=0.006791 peak=0.011187 gain=1.000
2025-12-20 02:17:35 [tracker] [s1] onset-accepted t=4.1694 env=0.006791 gate=0.000040 envDelta=0.006752 envFloor=0.001512 onset=0.990741 thresh=0.006000 onsetDelta=0.984741 baseline=0.000720 floor=0.000180 adapt=0.015955 lastPeak=0.000000 baseParam=0.000180 gateRatio=0.0550 envParam=0.000450 onsetScale=0.300 retriggerScale=1.400 guard=0.060 guardRemain=0.000 activeAge=-1.000 retrigRemain=0.000 pitchHz=-1.00 pitchCents=0.0
2025-12-20 02:17:35 [tracker] [s1] onset t=4.169 env=0.00679 gate=0.00004 envDelta=0.00675 envFloor=0.00151 onset=0.991 thresh=0.006 onsetDelta=0.98474 baseline=0.00072 adaptive=0.01596 lastPeak=0.00000 guard=0.060 activeAge=-1.000 pitch=-1.00Hz pitchCents=0.0
2025-12-20 02:17:35 [tracker] [s3] onset t=4.185 env=0.00841 gate=0.00014 envDelta=0.00827 envFloor=0.00218 onset=0.998 thresh=0.012 onsetDelta=0.98646 baseline=0.00104 adaptive=0.01433 lastPeak=0.00000 guard=0.060 activeAge=-1.000 pitch=-1.00Hz pitchCents=0.0
2025-12-20 02:17:35 [tracker] [s1] aubio-raw t=4.2307 onset=0.566199 env=0.018031 peak=0.020961 gain=1.000
2025-12-20 02:17:35 [tracker] [s1] onset-accepted t=4.2307 env=0.018031 gate=0.000040 envDelta=0.017991 envFloor=0.001512 onset=0.566199 thresh=0.006000 onsetDelta=0.560199 baseline=0.000720 floor=0.000180 adapt=0.016370 lastPeak=0.000000 baseParam=0.000180 gateRatio=0.0550 envParam=0.000450 onsetScale=0.300 retriggerScale=1.400 guard=0.060 guardRemain=0.000 activeAge=-1.000 retrigRemain=0.000 pitchHz=-1.00 pitchCents=0.0
2025-12-20 02:17:35 [tracker] [s1] onset t=4.231 env=0.01803 gate=0.00004 envDelta=0.01799 envFloor=0.00151 onset=0.566 thresh=0.006 onsetDelta=0.56020 baseline=0.00072 adaptive=0.01637 lastPeak=0.00000 guard=0.060 activeAge=-1.000 pitch=-1.00Hz pitchCents=0.0
2025-12-20 02:17:35 [tracker] [s2] onset t=4.332 env=0.01841 gate=0.00001 envDelta=0.01840 envFloor=0.00185 onset=0.932 thresh=0.009 onsetDelta=0.92342 baseline=0.00088 adaptive=0.01722 lastPeak=0.00000 guard=0.060 activeAge=-1.000 pitch=-1.00Hz pitchCents=0.0
2025-12-20 02:17:35 [tracker] [s5] onset t=4.383 env=0.00592 gate=0.00031 envDelta=0.00561 envFloor=0.00311 onset=1.163 thresh=0.016 onsetDelta=1.14654 baseline=0.00148 adaptive=0.00904 lastPeak=0.00000 guard=0.060 activeAge=-1.000 pitch=-1.00Hz pitchCents=0.0
2025-12-20 02:17:35 [tracker] [s1] aubio-raw t=4.4307 onset=0.992372 env=0.018618 peak=0.021239 gain=1.000
2025-12-20 02:17:35 [tracker] [s1] onset-accepted t=4.4307 env=0.018618 gate=0.000040 envDelta=0.018579 envFloor=0.001512 onset=0.992372 thresh=0.006000 onsetDelta=0.986372 baseline=0.000720 floor=0.000180 adapt=0.016465 lastPeak=0.000000 baseParam=0.000180 gateRatio=0.0550 envParam=0.000450 onsetScale=0.300 retriggerScale=1.400 guard=0.060 guardRemain=0.000 activeAge=-1.000 retrigRemain=0.000 pitchHz=-1.00 pitchCents=0.0
2025-12-20 02:17:35 [tracker] [s1] onset t=4.431 env=0.01862 gate=0.00004 envDelta=0.01858 envFloor=0.00151 onset=0.992 thresh=0.006 onsetDelta=0.98637 baseline=0.00072 adaptive=0.01646 lastPeak=0.00000 guard=0.060 activeAge=-1.000 pitch=-1.00Hz pitchCents=0.0
2025-12-20 02:17:35 [tracker] [s6] onset t=4.465 env=0.00471 gate=0.00042 envDelta=0.00429 envFloor=0.00353 onset=0.999 thresh=0.018 onsetDelta=0.98099 baseline=0.00168 adaptive=0.00729 lastPeak=0.00000 guard=0.060 activeAge=-1.000 pitch=-1.00Hz pitchCents=0.0
2025-12-20 02:17:35 [tracker] [s2] onset t=4.487 env=0.01211 gate=0.00001 envDelta=0.01210 envFloor=0.00185 onset=0.855 thresh=0.009 onsetDelta=0.84642 baseline=0.00088 adaptive=0.01694 lastPeak=0.00000 guard=0.060 activeAge=-1.000 pitch=-1.00Hz pitchCents=0.0
2025-12-20 02:17:35 [tracker] [s3] onset t=4.519 env=0.00857 gate=0.00014 envDelta=0.00844 envFloor=0.00218 onset=0.999 thresh=0.012 onsetDelta=0.98696 baseline=0.00104 adaptive=0.01416 lastPeak=0.00000 guard=0.060 activeAge=-1.000 pitch=-1.00Hz pitchCents=0.0
2025-12-20 02:17:35 [tracker] [s5] onset t=4.532 env=0.00696 gate=0.00031 envDelta=0.00665 envFloor=0.00311 onset=0.904 thresh=0.016 onsetDelta=0.88760 baseline=0.00148 adaptive=0.00895 lastPeak=0.00000 guard=0.060 activeAge=-1.000 pitch=-1.00Hz pitchCents=0.0
2025-12-20 02:17:35 [tracker] [s1] aubio-raw t=4.6547 onset=1.185440 env=0.015358 peak=0.021171 gain=1.000
2025-12-20 02:17:35 [tracker] [s1] onset-accepted t=4.6547 env=0.015358 gate=0.000040 envDelta=0.015319 envFloor=0.001512 onset=1.185440 thresh=0.006000 onsetDelta=1.179440 baseline=0.000720 floor=0.000180 adapt=0.015660 lastPeak=0.000000 baseParam=0.000180 gateRatio=0.0550 envParam=0.000450 onsetScale=0.300 retriggerScale=1.400 guard=0.060 guardRemain=0.000 activeAge=-1.000 retrigRemain=0.000 pitchHz=-1.00 pitchCents=0.0
2025-12-20 02:17:35 [tracker] [s1] onset t=4.655 env=0.01536 gate=0.00004 envDelta=0.01532 envFloor=0.00151 onset=1.185 thresh=0.006 onsetDelta=1.17944 baseline=0.00072 adaptive=0.01566 lastPeak=0.00000 guard=0.060 activeAge=-1.000 pitch=-1.00Hz pitchCents=0.0
2025-12-20 02:17:35 [tracker] [s6] onset t=4.665 env=0.00457 gate=0.00042 envDelta=0.00415 envFloor=0.00353 onset=1.257 thresh=0.018 onsetDelta=1.23948 baseline=0.00168 adaptive=0.00720 lastPeak=0.00000 guard=0.060 activeAge=-1.000 pitch=-1.00Hz pitchCents=0.0
2025-12-20 02:17:35 [tracker] [s2] onset t=4.719 env=0.00774 gate=0.00001 envDelta=0.00773 envFloor=0.00185 onset=1.264 thresh=0.009 onsetDelta=1.25542 baseline=0.00088 adaptive=0.01708 lastPeak=0.00000 guard=0.060 activeAge=-1.000 pitch=-1.00Hz pitchCents=0.0
2025-12-20 02:17:35 [tracker] [s5] onset t=4.801 env=0.00607 gate=0.00031 envDelta=0.00576 envFloor=0.00311 onset=1.163 thresh=0.016 onsetDelta=1.14734 baseline=0.00148 adaptive=0.00898 lastPeak=0.00000 guard=0.060 activeAge=-1.000 pitch=-1.00Hz pitchCents=0.0
2025-12-20 02:17:35 [tracker] [s2] onset t=4.804 env=0.01526 gate=0.00001 envDelta=0.01525 envFloor=0.00185 onset=1.078 thresh=0.009 onsetDelta=1.06852 baseline=0.00088 adaptive=0.01687 lastPeak=0.00000 guard=0.060 activeAge=-1.000 pitch=-1.00Hz pitchCents=0.0
2025-12-20 02:17:36 [tracker] [s5] onset t=4.897 env=0.01035 gate=0.00031 envDelta=0.01004 envFloor=0.00311 onset=0.960 thresh=0.016 onsetDelta=0.94372 baseline=0.00148 adaptive=0.00906 lastPeak=0.00000 guard=0.060 activeAge=-1.000 pitch=-1.00Hz pitchCents=0.0
2025-12-20 02:17:36 [tracker] [s2] onset t=4.900 env=0.01134 gate=0.00001 envDelta=0.01133 envFloor=0.00185 onset=1.018 thresh=0.009 onsetDelta=1.00942 baseline=0.00088 adaptive=0.01735 lastPeak=0.00000 guard=0.060 activeAge=-1.000 pitch=-1.00Hz pitchCents=0.0
2025-12-20 02:17:36 [tracker] [s4] onset t=5.031 env=0.01238 gate=0.00022 envDelta=0.01216 envFloor=0.00269 onset=1.106 thresh=0.014 onsetDelta=1.09227 baseline=0.00128 adaptive=0.01113 lastPeak=0.00000 guard=0.060 activeAge=-1.000 pitch=-1.00Hz pitchCents=0.0
2025-12-20 02:17:36 [tracker] [s3] onset t=5.057 env=0.01208 gate=0.00014 envDelta=0.01194 envFloor=0.00218 onset=1.000 thresh=0.012 onsetDelta=0.98886 baseline=0.00104 adaptive=0.01439 lastPeak=0.00000 guard=0.060 activeAge=-1.000 pitch=-1.00Hz pitchCents=0.0
2025-12-20 02:17:36 [tracker] [s6] onset t=5.196 env=0.00817 gate=0.00042 envDelta=0.00775 envFloor=0.00353 onset=0.998 thresh=0.018 onsetDelta=0.98032 baseline=0.00168 adaptive=0.00731 lastPeak=0.00000 guard=0.060 activeAge=-1.000 pitch=-1.00Hz pitchCents=0.0
2025-12-20 02:17:36 [tracker] [s5] onset t=5.265 env=0.00600 gate=0.00031 envDelta=0.00569 envFloor=0.00311 onset=0.547 thresh=0.016 onsetDelta=0.53119 baseline=0.00148 adaptive=0.00905 lastPeak=0.00000 guard=0.060 activeAge=-1.000 pitch=-1.00Hz pitchCents=0.0
2025-12-20 02:17:36 [sessionwavs] wrote 6 wav files to /home/general/SignalAssistant/logs/sessionwavs/session-20251220-021730 (shutdown)
# Session closed at 2025-12-20 02:17:36
