# SignalAssistant session log
# Started at 2025-12-12 07:01:41
2025-12-12 07:01:41 [session] mode=recorded session='notes1' path='/home/general/SignalAssistant/sessions/live/notes1' duration=17.29 files=6
2025-12-12 07:01:41 [tracker-settings] TrackerConfig onsetThreshold=0.02000 minNoteDurSec=0.045 hopSec=0.010 slideDelta=120.0 bendDelta=35.0
2025-12-12 07:01:41 [tracker-settings] string1 midi=40 lowCut=37.08Hz highCut=445.00Hz baseline=0.000180 gateRatio=0.05500 envFloor=0.000450 sustainScale=0.580 retriggerScale=1.400 peakRelease=0.120 pitchTol=0.400 onsetScale=0.300
2025-12-12 07:01:41 [tracker-settings] string2 midi=45 lowCut=55.00Hz highCut=563.20Hz baseline=0.000220 gateRatio=0.10000 envFloor=0.000550 sustainScale=0.700 retriggerScale=1.250 peakRelease=0.130 pitchTol=0.400 onsetScale=0.450
2025-12-12 07:01:41 [tracker-settings] string4 midi=55 lowCut=127.40Hz highCut=862.39Hz baseline=0.000320 gateRatio=0.17000 envFloor=0.000780 sustainScale=1.000 retriggerScale=1.000 peakRelease=0.160 pitchTol=0.440 onsetScale=0.700
2025-12-12 07:01:41 [tracker-settings] string5 midi=59 lowCut=160.51Hz highCut=1086.54Hz baseline=0.000370 gateRatio=0.21000 envFloor=0.000900 sustainScale=1.000 retriggerScale=1.000 peakRelease=0.180 pitchTol=0.500 onsetScale=0.800
2025-12-12 07:01:41 [tracker-settings] string6 midi=64 lowCut=214.26Hz highCut=1450.36Hz baseline=0.000420 gateRatio=0.25000 envFloor=0.001050 sustainScale=1.000 retriggerScale=1.000 peakRelease=0.200 pitchTol=0.550 onsetScale=0.900
2025-12-12 07:01:41 [tracker] [s1] calibration reset target=0.00166 gain=0.920
2025-12-12 07:01:41 [tracker] [s2] calibration reset target=0.00169 gain=0.940
2025-12-12 07:01:41 [tracker] [s3] calibration reset target=0.00175 gain=0.970
2025-12-12 07:01:41 [tracker] [s4] calibration reset target=0.00184 gain=1.020
2025-12-12 07:01:41 [tracker] [s5] calibration reset target=0.00193 gain=1.070
2025-12-12 07:01:41 [tracker] [s6] calibration reset target=0.00198 gain=1.100
2025-12-12 07:01:41 [tracker] [s1] calibration avg=0.02860 target=0.00166 gain=0.200
2025-12-12 07:01:41 [tracker] [s2] calibration avg=0.01798 target=0.00169 gain=0.200
2025-12-12 07:01:41 [tracker] [s3] calibration avg=0.01325 target=0.00175 gain=0.200
2025-12-12 07:01:41 [tracker] [s4] calibration avg=0.03051 target=0.00184 gain=0.200
2025-12-12 07:01:41 [tracker] [s5] calibration avg=0.03291 target=0.00193 gain=0.200
# Session closed at 2025-12-12 07:01:53
