# SignalAssistant session log
# Started at 2025-12-25 07:49:27
2025-12-25 07:49:27 [session] mode=live session='' path='' duration=0.00 files=0
2025-12-25 07:49:27 [tracker-settings] TrackerConfig onsetThreshold=0.02000 minNoteDurSec=0.045 hopSec=0.010 slideDelta=120.0 bendDelta=35.0
2025-12-25 07:49:27 [tracker-settings] string1 midi=40 lowCut=77.50Hz highCut=160.00Hz baseline=0.001000 gateRatio=0.05500 envFloor=0.001500 sustainScale=0.580 retriggerScale=1.400 pitchTol=0.400 onsetScale=0.360
2025-12-25 07:49:27 [tracker-settings] string2 midi=45 lowCut=102.50Hz highCut=215.00Hz baseline=0.001200 gateRatio=0.10000 envFloor=0.001800 sustainScale=0.700 retriggerScale=1.250 pitchTol=0.400 onsetScale=0.610
2025-12-25 07:49:27 [tracker-settings] string4 midi=55 lowCut=187.50Hz highCut=385.00Hz baseline=0.001600 gateRatio=0.17000 envFloor=0.002400 sustainScale=1.000 retriggerScale=1.000 pitchTol=0.440 onsetScale=1.260
2025-12-25 07:49:27 [tracker-settings] string5 midi=59 lowCut=237.50Hz highCut=485.00Hz baseline=0.001800 gateRatio=0.21000 envFloor=0.002700 sustainScale=1.000 retriggerScale=1.000 pitchTol=0.500 onsetScale=1.440
2025-12-25 07:49:27 [tracker-settings] string6 midi=64 lowCut=317.50Hz highCut=650.00Hz baseline=0.002000 gateRatio=0.25000 envFloor=0.003000 sustainScale=1.000 retriggerScale=1.000 pitchTol=0.550 onsetScale=1.620
2025-12-25 07:49:27 [calibration] Loaded avgRms/peakRms from legacy calibration file
2025-12-25 07:49:27 [calibration] Calibration profile derived from tuning state
2025-12-25 07:50:19 [detection]        S3 Rejected Onset (onset=0.70 < threshold=0.73)
2025-12-25 07:50:19 [detection]        S1 Rejected Onset (onset=0.54 < threshold=0.73)
2025-12-25 07:50:20 [detection]        S3 Rejected Onset (onset=0.50 < threshold=0.73)
2025-12-25 07:50:20 [detection]      S2F5 ON (onset=1.011 env=0.0139)
2025-12-25 07:50:20 [detection]      S2F5 OFF (sharp-drop: 0.0118 -> 0.0013)
2025-12-25 07:50:21 [detection]        S3 Rejected Onset (onset=0.59 < threshold=0.73)
2025-12-25 07:50:21 [detection]      S3F7 ON (onset=0.776 env=0.0821)
2025-12-25 07:50:21 [detection]      S3F7 OFF (sharp-drop: 0.0239 -> 0.0013)
2025-12-25 07:50:22 [detection]      S3F7 ON (onset=0.962 env=0.0684)
2025-12-25 07:50:22 [detection]      S3F7 OFF (sharp-drop: 0.0615 -> 0.0014)
2025-12-25 07:50:23 [detection]      S3F7 ON (onset=1.191 env=0.0208)
2025-12-25 07:50:23 [detection]      S3F7 OFF (sharp-drop: 0.0191 -> 0.0006)
2025-12-25 07:50:24 [detection]      S3F7 ON (onset=0.779 env=0.0289)
2025-12-25 07:50:24 [detection]      S3F7 OFF (sharp-drop: 0.0266 -> 0.0006)
2025-12-25 07:50:25 [detection]        S3 Rejected Onset (onset=0.68 < threshold=0.73)
2025-12-25 07:50:25 [detection]      S3F7 ON (onset=1.180 env=0.0485)
2025-12-25 07:50:25 [detection]      S3F7 OFF (sharp-drop: 0.0446 -> 0.0007)
2025-12-25 07:50:26 [detection]      S3F7 ON (onset=0.995 env=0.0528)
2025-12-25 07:50:27 [detection]      S3F7 OFF (sharp-drop: 0.0133 -> 0.0014)
2025-12-25 07:50:28 [detection]        S4 Rejected Onset (onset=0.56 < threshold=0.73)
2025-12-25 07:50:28 [detection]        S5 Rejected Onset (onset=0.52 < threshold=0.73)
2025-12-25 07:50:29 [detection]        S4 Rejected Onset (onset=0.57 < threshold=0.73)
2025-12-25 07:50:29 [detection]        S4 Rejected Onset (onset=0.56 < threshold=0.73)
2025-12-25 07:50:29 [detection]      S4F5 ON (onset=1.227 env=0.2565)
2025-12-25 07:50:29 [detection]      S4F5 OFF (sharp-drop: 0.0562 -> 0.0015)
2025-12-25 07:50:30 [detection]        S3 Rejected Onset (onset=0.61 < threshold=0.73)
2025-12-25 07:50:30 [detection]        S4 Rejected Onset (onset=0.51 < threshold=0.73)
2025-12-25 07:50:30 [detection]      S4F5 ON (onset=1.191 env=0.1684)
2025-12-25 07:50:30 [detection]        S5 Rejected Onset (onset=0.62 < threshold=0.73)
2025-12-25 07:50:30 [detection]      S4F5 OFF (sharp-drop: 0.1156 -> 0.0013)
2025-12-25 07:50:30 [detection]        S5 Rejected Onset (onset=0.69 < threshold=0.73)
2025-12-25 07:50:31 [detection]        S4 Rejected Onset (onset=0.54 < threshold=0.73)
2025-12-25 07:50:31 [detection]        S4 Rejected Onset (onset=0.63 < threshold=0.73)
2025-12-25 07:50:31 [detection]        S3 Rejected Onset (onset=0.68 < threshold=0.73)
2025-12-25 07:50:31 [detection]        S4 Rejected Onset (onset=0.72 < threshold=0.73)
2025-12-25 07:50:31 [detection]      S4F17 ON (onset=1.081 env=0.0589)
2025-12-25 07:50:31 [detection]      S4F17 OFF (sharp-drop: 0.0525 -> 0.0015)
2025-12-25 07:50:31 [detection]        S5 Rejected Onset (onset=0.72 < threshold=0.73)
2025-12-25 07:50:31 [detection]      S4F5 ON (onset=0.867 env=0.1720)
2025-12-25 07:50:31 [detection]      S4F5 OFF (sharp-drop: 0.1472 -> 0.0013)
2025-12-25 07:50:32 [detection]        S3 Rejected Onset (onset=0.51 < threshold=0.73)
2025-12-25 07:50:32 [detection]        S4 Rejected Onset (onset=0.59 < threshold=0.73)
2025-12-25 07:50:32 [detection]      S4F5 ON (onset=0.791 env=0.1900)
2025-12-25 07:50:32 [detection]        S5 Rejected Onset (onset=0.64 < threshold=0.73)
2025-12-25 07:50:32 [detection]      S4F5 OFF (sharp-drop: 0.1578 -> 0.0015)
2025-12-25 07:50:32 [detection]        S4 Rejected Onset (onset=0.61 < threshold=0.73)
2025-12-25 07:50:32 [detection]      S4F5 ON (onset=1.246 env=0.4151)
2025-12-25 07:50:32 [detection]      S4F5 OFF (retrigger: onset=1.057 ratio=2.45)
2025-12-25 07:50:32 [detection]      S4F5 ON (onset=1.143 env=0.3190)
2025-12-25 07:50:33 [detection]      S4F5 OFF (sharp-drop: 0.1171 -> 0.0014)
2025-12-25 07:50:33 [detection]      S4F5 ON (onset=1.500 env=0.3591)
2025-12-25 07:50:34 [detection]      S4F5 OFF (sharp-drop: 0.1344 -> 0.0016)
2025-12-25 07:50:34 [detection]      S3F5 ON (onset=1.161 env=0.2162)
2025-12-25 07:50:34 [detection]      S2F10 ON (onset=0.996 env=0.0048)
2025-12-25 07:50:35 [detection]      S2F10 OFF (sustained-quiet: avgEnv=0.0012 < floor=0.0016)
2025-12-25 07:50:35 [detection]      S3F5 OFF (sharp-drop: 0.0855 -> 0.0014)
2025-12-25 07:50:35 [detection]        S2 Rejected Onset (onset=0.68 < threshold=0.73)
2025-12-25 07:50:35 [detection]      S3F7 ON (onset=0.997 env=0.1149)
2025-12-25 07:50:36 [detection]      S3F7 OFF (sharp-drop: 0.0461 -> 0.0014)
2025-12-25 07:50:36 [detection]      S3F7 ON (onset=1.105 env=0.1615)
2025-12-25 07:50:36 [detection]      S3F7 OFF (sharp-drop: 0.1172 -> 0.0013)
2025-12-25 07:50:37 [detection]      S2F5 ON (onset=0.993 env=0.1169)
2025-12-25 07:50:38 [detection]      S2F5 OFF (sharp-drop: 0.0367 -> 0.0014)
2025-12-25 07:50:38 [detection]        S2 Rejected Onset (onset=0.66 < threshold=0.73)
2025-12-25 07:50:40 [detection]      S2F5 ON (onset=0.978 env=0.0303)
2025-12-25 07:50:40 [detection]      S2F5 OFF (sharp-drop: 0.0265 -> 0.0011)
2025-12-25 07:50:41 [detection]      S2F5 ON (onset=1.205 env=0.1237)
2025-12-25 07:50:41 [detection]      S2F5 OFF (sharp-drop: 0.1017 -> 0.0015)
2025-12-25 07:50:41 [detection]        S2 Rejected Onset (onset=0.69 < threshold=0.73)
2025-12-25 07:50:41 [detection]      S1F5 ON (onset=1.362 env=0.5318)
2025-12-25 07:50:41 [detection]        S2 Rejected Onset (onset=0.71 < threshold=0.73)
2025-12-25 07:50:41 [detection]      S2F0 ON (onset=0.805 env=0.0100)
2025-12-25 07:50:42 [detection]      S2F0 OFF (sharp-drop: 0.0076 -> 0.0011)
2025-12-25 07:50:42 [detection]      S1F5 OFF (sharp-drop: 0.1922 -> 0.0013)
2025-12-25 07:50:42 [detection]      S1F5 ON (onset=1.435 env=0.1952)
2025-12-25 07:50:42 [detection]      S1F5 OFF (sharp-drop: 0.1189 -> 0.0012)
2025-12-25 07:50:43 [detection]      S1F5 ON (onset=1.213 env=0.1887)
2025-12-25 07:50:43 [detection]      S1F5 OFF (sharp-drop: 0.1302 -> 0.0015)
2025-12-25 07:50:43 [detection]      S1F5 ON (onset=1.008 env=0.3001)
2025-12-25 07:50:43 [detection]      S1F5 OFF (retrigger: onset=0.912 ratio=1.52)
2025-12-25 07:50:43 [detection]      S1F5 ON (onset=0.760 env=0.0790)
2025-12-25 07:50:43 [detection]      S1F5 OFF (sharp-drop: 0.0378 -> 0.0015)
2025-12-25 07:50:44 [detection]      S1F5 ON (onset=0.998 env=0.0415)
2025-12-25 07:50:44 [detection]      S1F5 OFF (retrigger: onset=0.552 ratio=1.74)
2025-12-25 07:50:44 [detection]      S1F5 ON (onset=0.996 env=0.0088)
2025-12-25 07:50:44 [detection]      S1F5 OFF (sharp-drop: 0.0077 -> 0.0011)
2025-12-25 07:50:44 [detection]        S1 Rejected Onset (onset=0.60 < threshold=0.73)
2025-12-25 07:50:44 [detection]      S1F5 ON (onset=0.799 env=0.1376)
2025-12-25 07:50:44 [detection]      S1F5 OFF (sharp-drop: 0.1087 -> 0.0010)
2025-12-25 07:50:46 [detection]      S2F5 ON (onset=1.043 env=0.1771)
2025-12-25 07:50:46 [detection]      S2F5 OFF (sharp-drop: 0.1298 -> 0.0016)
2025-12-25 07:50:46 [detection]        S2 Rejected Onset (onset=0.71 < threshold=0.73)
2025-12-25 07:50:46 [detection]      S2F5 ON (onset=0.986 env=0.1349)
2025-12-25 07:50:46 [detection]      S2F5 OFF (sharp-drop: 0.1071 -> 0.0014)
2025-12-25 07:50:47 [detection]      S2F5 ON (onset=0.997 env=0.0125)
2025-12-25 07:50:47 [detection]      S2F5 OFF (sharp-drop: 0.0097 -> 0.0008)
2025-12-25 07:50:47 [detection]      S2F5 ON (onset=0.922 env=0.0148)
2025-12-25 07:50:47 [detection]      S2F5 OFF (sharp-drop: 0.0126 -> 0.0015)
2025-12-25 07:50:48 [detection]      S2F24 ON (onset=0.997 env=0.0014)
2025-12-25 07:50:48 [detection]      S2F24 OFF (sustained-quiet: avgEnv=0.0006 < floor=0.0016)
2025-12-25 07:50:48 [detection]        S2 Rejected Onset (onset=0.69 < threshold=0.73)
2025-12-25 07:50:49 [detection]        S3 Rejected Onset (onset=0.55 < threshold=0.73)
2025-12-25 07:50:49 [detection]      S2F0 ON (onset=0.999 env=0.0398)
2025-12-25 07:50:49 [detection]      S2F0 OFF (sharp-drop: 0.0134 -> 0.0015)
2025-12-25 07:50:58 [detection]      S2F0 ON (onset=0.997 env=0.0155)
2025-12-25 07:50:59 [detection]        S4 Rejected Onset (onset=0.57 < threshold=0.73)
2025-12-25 07:50:59 [detection]      S2F0 OFF (sharp-drop: 0.0104 -> 0.0012)
2025-12-25 07:50:59 [detection]        S2 Rejected Onset (onset=0.63 < threshold=0.73)
2025-12-25 07:50:59 [detection]      S1F5 ON (onset=0.997 env=0.0031)
2025-12-25 07:50:59 [detection]      S1F5 OFF (sustained-quiet: avgEnv=0.0004 < floor=0.0016)
2025-12-25 07:51:00 [detection]        S2 Rejected Onset (onset=0.62 < threshold=0.73)
2025-12-25 07:51:00 [detection]      S1F5 ON (onset=1.145 env=0.0048)
2025-12-25 07:51:00 [detection]      S2F0 ON (onset=1.311 env=0.0117)
2025-12-25 07:51:00 [detection]      S1F5 OFF (sustained-quiet: avgEnv=0.0006 < floor=0.0016)
2025-12-25 07:51:00 [detection]      S2F0 OFF (sharp-drop: 0.0096 -> 0.0013)
2025-12-25 07:51:02 [detection]      S2F0 ON (onset=1.190 env=0.0310)
2025-12-25 07:51:02 [detection]        S1 Rejected Onset (onset=0.59 < threshold=0.73)
2025-12-25 07:51:03 [detection]      S2F0 OFF (retrigger: onset=0.654 ratio=2.91)
2025-12-25 07:51:03 [detection]        S1 Rejected Onset (onset=0.61 < threshold=0.73)
2025-12-25 07:51:03 [detection]      S1F5 ON (onset=1.426 env=0.0124)
2025-12-25 07:51:03 [detection]      S1F5 OFF (sharp-drop: 0.0105 -> 0.0015)
2025-12-25 07:51:04 [detection]      S2F0 ON (onset=0.991 env=0.0340)
2025-12-25 07:51:05 [detection]      S2F0 OFF (sharp-drop: 0.0124 -> 0.0015)
2025-12-25 07:51:05 [detection]        S3 Rejected Onset (onset=0.53 < threshold=0.73)
2025-12-25 07:51:05 [detection]        S2 Rejected Onset (onset=0.50 < threshold=0.73)
2025-12-25 07:51:05 [detection]      S3F2 ON (onset=0.868 env=0.0476)
2025-12-25 07:51:05 [detection]      S3F2 OFF (sharp-drop: 0.0359 -> 0.0015)
2025-12-25 07:51:05 [detection]        S3 Rejected Onset (onset=0.69 < threshold=0.73)
2025-12-25 07:51:05 [detection]      S2F3 ON (onset=0.876 env=0.0099)
2025-12-25 07:51:05 [detection]      S3F1 ON (onset=1.129 env=0.0275)
2025-12-25 07:51:05 [detection]      S3F1 OFF (sharp-drop: 0.0150 -> 0.0016)
2025-12-25 07:51:06 [detection]      S1F2 ON (onset=0.842 env=0.0212)
2025-12-25 07:51:06 [detection]      S1F2 OFF (sharp-drop: 0.0168 -> 0.0013)
2025-12-25 07:51:06 [detection]      S2F3 OFF (sustained-quiet: avgEnv=0.0005 < floor=0.0016)
2025-12-25 07:51:06 [detection]      S1F5 ON (onset=1.016 env=0.0105)
2025-12-25 07:51:06 [detection]      S1F5 OFF (sharp-drop: 0.0082 -> 0.0011)
2025-12-25 07:51:07 [detection]      S1F5 ON (onset=1.177 env=0.0056)
2025-12-25 07:51:07 [detection]      S1F5 OFF (sharp-drop: 0.0049 -> 0.0007)
2025-12-25 07:51:07 [detection]      S2F2 ON (onset=1.367 env=0.0079)
2025-12-25 07:51:07 [detection]        S3 Rejected Onset (onset=0.64 < threshold=0.73)
2025-12-25 07:51:08 [detection]      S6 Rejected Note (env=0.0012 < floor=0.0012)
2025-12-25 07:51:08 [detection]      S2F2 OFF (sustained-quiet: avgEnv=0.0009 < floor=0.0016)
2025-12-25 07:51:08 [detection]        S3 Rejected Onset (onset=0.65 < threshold=0.73)
2025-12-25 07:51:08 [detection]      S3F2 ON (onset=0.797 env=0.0244)
2025-12-25 07:51:08 [detection]        S1 Rejected Onset (onset=0.54 < threshold=0.73)
2025-12-25 07:51:08 [detection]      S3F2 OFF (sharp-drop: 0.0198 -> 0.0015)
2025-12-25 07:51:08 [detection]        S4 Rejected Onset (onset=0.67 < threshold=0.73)
2025-12-25 07:51:08 [detection]        S2 Rejected Onset (onset=0.55 < threshold=0.73)
2025-12-25 07:51:08 [detection]      S3F2 ON (onset=0.833 env=0.0288)
2025-12-25 07:51:08 [detection]      S2F3 ON (onset=0.997 env=0.0264)
2025-12-25 07:51:08 [detection]      S3F2 OFF (sharp-drop: 0.0234 -> 0.0015)
2025-12-25 07:51:09 [detection]      S5F0 ON (onset=1.083 env=0.0038)
2025-12-25 07:51:09 [detection]      S2F3 OFF (sharp-drop: 0.0129 -> 0.0015)
2025-12-25 07:51:09 [detection]      S5F0 OFF (sustained-quiet: avgEnv=0.0006 < floor=0.0016)
2025-12-25 07:51:10 [detection]        S5 Rejected Onset (onset=0.59 < threshold=0.73)
2025-12-25 07:51:10 [detection]      S2F2 ON (onset=0.865 env=0.0271)
2025-12-25 07:51:10 [detection]      S2F2 OFF (sharp-drop: 0.0159 -> 0.0014)
2025-12-25 07:51:11 [detection]        S3 Rejected Onset (onset=0.51 < threshold=0.73)
2025-12-25 07:51:11 [detection]      S3F2 ON (onset=1.191 env=0.0211)
2025-12-25 07:51:11 [detection]      S3F2 OFF (sharp-drop: 0.0140 -> 0.0014)
2025-12-25 07:51:11 [detection]        S3 Rejected Onset (onset=0.59 < threshold=0.73)
2025-12-25 07:51:11 [detection]      S2F3 ON (onset=1.220 env=0.0240)
2025-12-25 07:51:11 [detection]      S2F3 OFF (retrigger: onset=1.017 ratio=2.51)
2025-12-25 07:51:11 [detection]      S3F2 ON (onset=1.171 env=0.0355)
2025-12-25 07:51:11 [detection]        S2 Rejected Onset (onset=0.72 < threshold=0.73)
2025-12-25 07:51:12 [detection]        S1 Rejected Onset (onset=0.62 < threshold=0.73)
2025-12-25 07:51:12 [detection]      S3F2 OFF (sharp-drop: 0.0150 -> 0.0016)
2025-12-25 07:51:12 [detection]        S5 Rejected Onset (onset=0.60 < threshold=0.73)
2025-12-25 07:51:12 [detection]        S2 Rejected Onset (onset=0.58 < threshold=0.73)
2025-12-25 07:51:12 [detection]      S2F0 ON (onset=1.000 env=0.0607)
2025-12-25 07:51:12 [detection]      S2F0 OFF (sharp-drop: 0.0454 -> 0.0016)
2025-12-25 07:51:13 [detection]      S2F0 ON (onset=1.030 env=0.0143)
2025-12-25 07:51:14 [detection]      S2F0 OFF (sharp-drop: 0.0060 -> 0.0008)
2025-12-25 07:51:14 [detection]        S2 Rejected Onset (onset=0.55 < threshold=0.73)
2025-12-25 07:51:16 [detection]      S2F0 ON (onset=0.818 env=0.0680)
2025-12-25 07:51:16 [detection]      S5F1 ON (onset=1.102 env=0.0054)
2025-12-25 07:51:16 [detection]      S5F1 OFF (sustained-quiet: avgEnv=0.0008 < floor=0.0016)
2025-12-25 07:51:16 [detection]      S2F0 OFF (sharp-drop: 0.0573 -> 0.0015)
2025-12-25 07:51:17 [detection]        S2 Rejected Onset (onset=0.65 < threshold=0.73)
2025-12-25 07:51:17 [detection]      S1F2 ON (onset=1.005 env=0.0062)
2025-12-25 07:51:17 [detection]        S3 Rejected Onset (onset=0.64 < threshold=0.73)
2025-12-25 07:51:17 [detection]      S1F2 OFF (sustained-quiet: avgEnv=0.0013 < floor=0.0016)
2025-12-25 07:51:17 [detection]      S2F2 ON (onset=0.884 env=0.0325)
2025-12-25 07:51:17 [detection]      S5F1 ON (onset=1.301 env=0.0048)
2025-12-25 07:51:17 [detection]      S2F2 OFF (sharp-drop: 0.0146 -> 0.0016)
2025-12-25 07:51:17 [detection]      S5F1 OFF (sustained-quiet: avgEnv=0.0006 < floor=0.0016)
2025-12-25 07:51:18 [detection]        S4 Rejected Onset (onset=0.66 < threshold=0.73)
2025-12-25 07:51:18 [detection]        S2 Rejected Onset (onset=0.71 < threshold=0.73)
2025-12-25 07:51:18 [detection]      S3F2 ON (onset=1.393 env=0.0460)
2025-12-25 07:51:18 [detection]      S4F6 ON (onset=1.089 env=0.0058)
2025-12-25 07:51:18 [detection]        S2 Rejected Onset (onset=0.66 < threshold=0.73)
2025-12-25 07:51:18 [detection]      S4F6 OFF (sustained-quiet: avgEnv=0.0012 < floor=0.0016)
2025-12-25 07:51:18 [detection]        S2 Rejected Onset (onset=0.66 < threshold=0.73)
2025-12-25 07:51:18 [detection]        S5 Rejected Onset (onset=0.66 < threshold=0.73)
2025-12-25 07:51:18 [detection]      S3F2 OFF (sharp-drop: 0.0176 -> 0.0016)
2025-12-25 07:51:18 [detection]        S2 Rejected Onset (onset=0.72 < threshold=0.73)
2025-12-25 07:51:20 [detection]      S2F2 ON (onset=1.145 env=0.0224)
2025-12-25 07:51:20 [detection]      S2F2 OFF (sharp-drop: 0.0131 -> 0.0014)
2025-12-25 07:51:20 [detection]      S3F2 ON (onset=1.257 env=0.0173)
2025-12-25 07:51:20 [detection]      S3F2 OFF (sharp-drop: 0.0139 -> 0.0015)
2025-12-25 07:51:20 [detection]        S1 Rejected Onset (onset=0.72 < threshold=0.73)
2025-12-25 07:51:21 [detection]        S2 Rejected Onset (onset=0.67 < threshold=0.73)
2025-12-25 07:51:21 [detection]      S2F2 ON (onset=1.217 env=0.0325)
2025-12-25 07:51:21 [detection]      S1F5 ON (onset=0.743 env=0.0135)
2025-12-25 07:51:21 [detection]        S4 Rejected Onset (onset=0.66 < threshold=0.73)
2025-12-25 07:51:21 [detection]      S1F5 OFF (sharp-drop: 0.0122 -> 0.0011)
2025-12-25 07:51:21 [detection]      S2F2 OFF (sharp-drop: 0.0112 -> 0.0014)
2025-12-25 07:51:22 [detection]      S5F0 ON (onset=0.982 env=0.0117)
2025-12-25 07:51:22 [detection]        S6 Rejected Onset (onset=0.73 < threshold=0.73)
2025-12-25 07:51:22 [detection]      S5F0 OFF (sustained-quiet: avgEnv=0.0014 < floor=0.0016)
2025-12-25 07:51:22 [detection]      S2F2 ON (onset=1.001 env=0.0139)
2025-12-25 07:51:22 [detection]        S1 Rejected Onset (onset=0.53 < threshold=0.73)
2025-12-25 07:51:23 [detection]      S2F2 OFF (sharp-drop: 0.0079 -> 0.0012)
2025-12-25 07:51:23 [detection]      S2F7 ON (onset=1.033 env=0.0042)
2025-12-25 07:51:23 [detection]        S3 Rejected Onset (onset=0.65 < threshold=0.73)
2025-12-25 07:51:23 [detection]      S2F7 OFF (sustained-quiet: avgEnv=0.0011 < floor=0.0016)
2025-12-25 07:51:24 [detection]        S1 Rejected Onset (onset=0.69 < threshold=0.73)
2025-12-25 07:51:24 [detection]      S5F2 ON (onset=1.379 env=0.0361)
2025-12-25 07:51:24 [detection]      S5F2 OFF (sharp-drop: 0.0315 -> 0.0011)
2025-12-25 07:51:24 [detection]        S4 Rejected Onset (onset=0.58 < threshold=0.73)
2025-12-25 07:51:24 [detection]      S4F2 ON (onset=0.925 env=0.1497)
2025-12-25 07:51:24 [detection]      S3F8 ON (onset=0.990 env=0.0047)
2025-12-25 07:51:24 [detection]      S3F8 OFF (sustained-quiet: avgEnv=0.0007 < floor=0.0016)
2025-12-25 07:51:24 [detection]      S4F2 OFF (sharp-drop: 0.0978 -> 0.0013)
2025-12-25 07:51:25 [detection]        S6 Rejected Onset (onset=0.57 < threshold=0.73)
2025-12-25 07:51:26 [detection]        S4 Rejected Onset (onset=0.72 < threshold=0.73)
2025-12-25 07:51:26 [detection]      S4F15 ON (onset=0.870 env=0.0717)
2025-12-25 07:51:26 [detection]        S3 Rejected Onset (onset=0.56 < threshold=0.73)
2025-12-25 07:51:26 [detection]        S3 Rejected Onset (onset=0.65 < threshold=0.73)
2025-12-25 07:51:26 [detection]        S2 Rejected Onset (onset=0.57 < threshold=0.73)
2025-12-25 07:51:26 [detection]      S4F15 OFF (retrigger: onset=0.982 ratio=1.65)
2025-12-25 07:51:27 [detection]        S3 Rejected Onset (onset=0.73 < threshold=0.73)
2025-12-25 07:51:27 [detection]      S3F2 ON (onset=0.919 env=0.0105)
2025-12-25 07:51:27 [detection]      S3F2 OFF (retrigger: onset=1.305 ratio=1.43)
2025-12-25 07:51:27 [detection]      S2F19 ON (onset=1.089 env=0.0035)
2025-12-25 07:51:28 [detection]      S2F19 OFF (sustained-quiet: avgEnv=0.0010 < floor=0.0016)
2025-12-25 07:51:29 [detection]        S6 Rejected Onset (onset=0.69 < threshold=0.73)
2025-12-25 07:51:29 [detection]        S2 Rejected Onset (onset=0.72 < threshold=0.73)
2025-12-25 07:51:29 [detection]        S3 Rejected Onset (onset=0.67 < threshold=0.73)
2025-12-25 07:51:30 [detection]      S3F0 ON (onset=1.031 env=0.0313)
2025-12-25 07:51:30 [detection]      S2F0 ON (onset=0.934 env=0.0250)
2025-12-25 07:51:30 [detection]      S2F0 OFF (sharp-drop: 0.0229 -> 0.0007)
2025-12-25 07:51:30 [detection]      S3F0 OFF (sharp-drop: 0.0214 -> 0.0014)
2025-12-25 07:51:31 [detection]        S2 Rejected Onset (onset=0.67 < threshold=0.73)
2025-12-25 07:51:31 [detection]      S2F2 ON (onset=1.293 env=0.0062)
2025-12-25 07:51:31 [detection]      S1F2 ON (onset=1.004 env=0.0013)
2025-12-25 07:51:31 [detection]      S2F2 OFF (sustained-quiet: avgEnv=0.0008 < floor=0.0016)
2025-12-25 07:51:31 [detection]      S1F2 OFF (sustained-quiet: avgEnv=0.0005 < floor=0.0016)
2025-12-25 07:51:32 [detection]      S2F3 ON (onset=0.794 env=0.0142)
2025-12-25 07:51:32 [detection]      S2F3 OFF (sharp-drop: 0.0096 -> 0.0013)
2025-12-25 07:51:32 [detection]        S6 Rejected Onset (onset=0.72 < threshold=0.73)
2025-12-25 07:51:32 [detection]        S2 Rejected Onset (onset=0.54 < threshold=0.73)
2025-12-25 07:51:32 [detection]      S2F3 ON (onset=1.001 env=0.0435)
2025-12-25 07:51:32 [detection]        S4 Rejected Onset (onset=0.62 < threshold=0.73)
2025-12-25 07:51:33 [detection]      S2F3 OFF (retrigger: onset=0.966 ratio=2.61)
2025-12-25 07:51:33 [detection]      S3F2 ON (onset=0.737 env=0.0764)
2025-12-25 07:51:33 [detection]      S2F3 ON (onset=1.065 env=0.0119)
2025-12-25 07:51:33 [detection]      S3F2 OFF (sharp-drop: 0.0475 -> 0.0015)
2025-12-25 07:51:33 [detection]      S1F2 ON (onset=1.057 env=0.0029)
2025-12-25 07:51:33 [detection]      S1F2 OFF (sustained-quiet: avgEnv=0.0009 < floor=0.0016)
2025-12-25 07:51:33 [detection]      S2F3 OFF (sustained-quiet: avgEnv=0.0006 < floor=0.0016)
2025-12-25 07:51:34 [detection]        S2 Rejected Onset (onset=0.59 < threshold=0.73)
2025-12-25 07:51:34 [detection]      S2F2 ON (onset=0.898 env=0.0173)
2025-12-25 07:51:34 [detection]        S1 Rejected Onset (onset=0.60 < threshold=0.73)
2025-12-25 07:51:34 [detection]      S2F2 OFF (sharp-drop: 0.0101 -> 0.0011)
2025-12-25 07:51:35 [detection]        S3 Rejected Onset (onset=0.56 < threshold=0.73)
2025-12-25 07:51:35 [detection]        S2 Rejected Onset (onset=0.50 < threshold=0.73)
2025-12-25 07:51:35 [detection]        S1 Rejected Onset (onset=0.53 < threshold=0.73)
2025-12-25 07:51:36 [detection]        S2 Rejected Onset (onset=0.52 < threshold=0.73)
2025-12-25 07:51:36 [detection]        S1 Rejected Onset (onset=0.71 < threshold=0.73)
2025-12-25 07:51:37 [detection]        S1 Rejected Onset (onset=0.72 < threshold=0.73)
2025-12-25 07:51:37 [detection]      S2F12 ON (onset=1.134 env=0.0083)
2025-12-25 07:51:38 [detection]      S4F2 ON (onset=0.949 env=0.0558)
2025-12-25 07:51:38 [detection]        S6 Rejected Onset (onset=0.63 < threshold=0.73)
2025-12-25 07:51:38 [detection]      S5F2 ON (onset=1.057 env=0.3563)
2025-12-25 07:51:38 [detection]      S5F2 OFF (sharp-drop: 0.2339 -> 0.0015)
2025-12-25 07:51:38 [detection]        S6 Rejected Onset (onset=0.66 < threshold=0.73)
2025-12-25 07:51:38 [detection]      S2F12 OFF (sustained-quiet: avgEnv=0.0015 < floor=0.0016)
2025-12-25 07:51:38 [detection]      S4F2 OFF (retrigger: onset=0.906 ratio=1.53)
2025-12-25 07:51:38 [detection]      S5F3 ON (onset=0.796 env=0.2951)
2025-12-25 07:51:39 [detection]      S5F3 OFF (retrigger: onset=0.617 ratio=7.75)
2025-12-25 07:51:39 [detection]      S5F3 ON (onset=0.962 env=0.1600)
2025-12-25 07:51:39 [detection]      S5F3 OFF (sharp-drop: 0.0908 -> 0.0015)
2025-12-25 07:51:39 [detection]        S4 Rejected Onset (onset=0.62 < threshold=0.73)
2025-12-25 07:51:39 [detection]      S5F4 ON (onset=0.745 env=0.5764)
2025-12-25 07:51:40 [detection]      S4F8 ON (onset=1.451 env=0.0049)
2025-12-25 07:51:40 [detection]      S5F4 OFF (sharp-drop: 0.4141 -> 0.0016)
2025-12-25 07:51:40 [detection]      S4F8 OFF (sustained-quiet: avgEnv=0.0013 < floor=0.0016)
2025-12-25 07:51:40 [detection]      S5F5 ON (onset=0.864 env=0.6090)
2025-12-25 07:51:40 [detection]      S2F19 ON (onset=0.992 env=0.0106)
2025-12-25 07:51:40 [detection]      S5F5 OFF (sharp-drop: 0.2158 -> 0.0015)
2025-12-25 07:51:41 [detection]      S5F6 ON (onset=0.740 env=0.3169)
2025-12-25 07:51:41 [detection]      S4F11 ON (onset=1.009 env=0.0154)
2025-12-25 07:51:41 [detection]        S6 Rejected Onset (onset=0.51 < threshold=0.73)
2025-12-25 07:51:41 [detection]      S4F11 OFF (sharp-drop: 0.0113 -> 0.0015)
2025-12-25 07:51:41 [detection]      S5F6 OFF (sharp-drop: 0.2288 -> 0.0016)
2025-12-25 07:51:42 [detection]      S2F19 OFF (sustained-quiet: avgEnv=0.0007 < floor=0.0016)
2025-12-25 07:51:43 [detection]      S4F6 ON (onset=1.130 env=0.3452)
2025-12-25 07:51:43 [detection]      S5F6 ON (onset=1.004 env=0.2647)
2025-12-25 07:51:43 [detection]      S3F6 ON (onset=0.903 env=0.0477)
2025-12-25 07:51:43 [detection]      S6F6 ON (onset=0.785 env=0.0212)
2025-12-25 07:51:43 [detection]      S5F6 OFF (sharp-drop: 0.1755 -> 0.0016)
2025-12-25 07:51:43 [detection]      S3F6 OFF (sharp-drop: 0.0334 -> 0.0012)
2025-12-25 07:51:43 [detection]      S4F6 OFF (sharp-drop: 0.2199 -> 0.0014)
2025-12-25 07:51:43 [detection]      S6F6 OFF (sharp-drop: 0.0181 -> 0.0016)
2025-12-25 07:51:44 [detection]        S1 Rejected Onset (onset=0.56 < threshold=0.73)
2025-12-25 07:51:44 [detection]        S5 Rejected Onset (onset=0.67 < threshold=0.73)
2025-12-25 07:51:44 [detection]      S3F6 ON (onset=0.756 env=0.0939)
2025-12-25 07:51:44 [detection]        S4 Rejected Onset (onset=0.59 < threshold=0.73)
2025-12-25 07:51:44 [detection]      S6F24 ON (onset=0.994 env=0.1196)
2025-12-25 07:51:44 [detection]      S4F6 ON (onset=1.448 env=0.4351)
2025-12-25 07:51:44 [detection]      S5F6 ON (onset=1.069 env=0.3357)
2025-12-25 07:51:44 [detection]      S4F6 OFF (retrigger: onset=1.226 ratio=4.48)
2025-12-25 07:51:44 [detection]      S4F6 ON (onset=1.007 env=0.3104)
2025-12-25 07:51:44 [detection]      S6F24 OFF (sharp-drop: 0.0531 -> 0.0012)
2025-12-25 07:51:44 [detection]      S3F6 OFF (sharp-drop: 0.0385 -> 0.0015)
2025-12-25 07:51:44 [detection]      S5F6 OFF (sharp-drop: 0.1607 -> 0.0013)
2025-12-25 07:51:44 [detection]      S4F6 OFF (sharp-drop: 0.1710 -> 0.0013)
2025-12-25 07:51:45 [detection]      S3F6 ON (onset=1.372 env=0.1168)
2025-12-25 07:51:45 [detection]      S4F6 ON (onset=1.179 env=0.2687)
2025-12-25 07:51:45 [detection]        S5 Rejected Onset (onset=0.65 < threshold=0.73)
2025-12-25 07:51:45 [detection]      S1F4 ON (onset=0.999 env=0.0031)
2025-12-25 07:51:45 [detection]      S5F6 ON (onset=0.961 env=0.2190)
2025-12-25 07:51:45 [detection]      S6F6 ON (onset=0.996 env=0.1013)
2025-12-25 07:51:45 [detection]      S3F6 OFF (retrigger: onset=1.001 ratio=3.17)
2025-12-25 07:51:45 [detection]      S4F6 OFF (retrigger: onset=1.165 ratio=6.07)
2025-12-25 07:51:45 [detection]      S6F6 OFF (retrigger: onset=1.110 ratio=2.92)
2025-12-25 07:51:45 [detection]      S6F6 ON (onset=1.326 env=0.0031)
2025-12-25 07:51:45 [detection]      S4F6 ON (onset=0.899 env=0.1080)
2025-12-25 07:51:45 [detection]      S1F4 OFF (sustained-quiet: avgEnv=0.0014 < floor=0.0016)
2025-12-25 07:51:45 [detection]      S3F18 ON (onset=1.211 env=0.0349)
2025-12-25 07:51:45 [detection]      S5F6 OFF (sharp-drop: 0.0648 -> 0.0012)
2025-12-25 07:51:45 [detection]      S3F18 OFF (sharp-drop: 0.0290 -> 0.0014)
2025-12-25 07:51:45 [detection]      S4F6 OFF (sharp-drop: 0.0671 -> 0.0011)
2025-12-25 07:51:45 [detection]      S6F6 OFF (sustained-quiet: avgEnv=0.0007 < floor=0.0016)
2025-12-25 07:51:46 [detection]        S4 Rejected Onset (onset=0.62 < threshold=0.73)
2025-12-25 07:51:46 [detection]      S3F24 ON (onset=1.486 env=0.0693)
2025-12-25 07:51:46 [detection]      S2F6 ON (onset=1.322 env=0.0492)
2025-12-25 07:51:46 [detection]      S6F5 ON (onset=0.992 env=0.0474)
2025-12-25 07:51:46 [detection]      S5F6 ON (onset=0.970 env=0.1063)
2025-12-25 07:51:46 [detection]      S3F24 OFF (retrigger: onset=0.998 ratio=10.32)
2025-12-25 07:51:46 [detection]      S6F5 OFF (sharp-drop: 0.0256 -> 0.0012)
2025-12-25 07:51:46 [detection]      S6F14 ON (onset=1.275 env=0.1676)
2025-12-25 07:51:46 [detection]      S3F6 ON (onset=1.353 env=0.0314)
2025-12-25 07:51:46 [detection]      S4F6 ON (onset=0.857 env=0.4711)
2025-12-25 07:51:47 [detection]      S6F14 OFF (sharp-drop: 0.1089 -> 0.0014)
2025-12-25 07:51:47 [detection]      S4F6 OFF (sharp-drop: 0.3061 -> 0.0014)
2025-12-25 07:51:47 [detection]      S5F6 OFF (sharp-drop: 0.0344 -> 0.0016)
2025-12-25 07:51:47 [detection]      S3F6 OFF (sharp-drop: 0.0195 -> 0.0012)
2025-12-25 07:51:47 [detection]      S2F6 OFF (sharp-drop: 0.0129 -> 0.0016)
2025-12-25 07:51:47 [detection]        S4 Rejected Onset (onset=0.63 < threshold=0.73)
2025-12-25 07:51:47 [detection]        S6 Rejected Onset (onset=0.72 < threshold=0.73)
2025-12-25 07:51:47 [detection]        S1 Rejected Onset (onset=0.57 < threshold=0.73)
2025-12-25 07:51:47 [detection]      S2F6 ON (onset=1.367 env=0.0365)
2025-12-25 07:51:47 [detection]        S3 Rejected Onset (onset=0.64 < threshold=0.73)
2025-12-25 07:51:48 [detection]      S1F6 ON (onset=1.011 env=0.0467)
2025-12-25 07:51:48 [detection]        S3 Rejected Onset (onset=0.61 < threshold=0.73)
2025-12-25 07:51:48 [detection]        S4 Rejected Onset (onset=0.57 < threshold=0.73)
2025-12-25 07:51:48 [detection]      S3F6 ON (onset=0.730 env=0.0239)
2025-12-25 07:51:48 [detection]        S6 Rejected Onset (onset=0.60 < threshold=0.73)
2025-12-25 07:51:48 [detection]      S3F6 OFF (sharp-drop: 0.0204 -> 0.0014)
2025-12-25 07:51:48 [detection]      S2F6 OFF (sharp-drop: 0.0125 -> 0.0015)
2025-12-25 07:51:48 [detection]      S1F6 OFF (sharp-drop: 0.0223 -> 0.0015)
2025-12-25 07:51:48 [detection]        S4 Rejected Onset (onset=0.59 < threshold=0.73)
2025-12-25 07:51:48 [detection]      S2F8 ON (onset=1.001 env=0.0648)
2025-12-25 07:51:48 [detection]      S3F8 ON (onset=0.998 env=0.0495)
2025-12-25 07:51:49 [detection]      S3F8 OFF (retrigger: onset=1.045 ratio=1.86)
2025-12-25 07:51:49 [detection]        S4 Rejected Onset (onset=0.68 < threshold=0.73)
2025-12-25 07:51:49 [detection]      S1F6 ON (onset=0.869 env=0.1067)
2025-12-25 07:51:49 [detection]      S3F8 ON (onset=1.131 env=0.0088)
2025-12-25 07:51:49 [detection]      S3F8 OFF (sharp-drop: 0.0081 -> 0.0007)
2025-12-25 07:51:49 [detection]      S2F8 OFF (sharp-drop: 0.0205 -> 0.0013)
2025-12-25 07:51:49 [detection]      S1F6 OFF (sharp-drop: 0.0778 -> 0.0011)
2025-12-25 07:51:49 [detection]        S1 Rejected Onset (onset=0.58 < threshold=0.73)
2025-12-25 07:51:49 [detection]      S1F6 ON (onset=1.275 env=0.0427)
2025-12-25 07:51:49 [detection]      S2F8 ON (onset=1.053 env=0.0843)
2025-12-25 07:51:49 [detection]      S3F8 ON (onset=1.000 env=0.0388)
2025-12-25 07:51:50 [detection]      S3F8 OFF (retrigger: onset=0.619 ratio=2.33)
2025-12-25 07:51:50 [detection]        S4 Rejected Onset (onset=0.68 < threshold=0.73)
2025-12-25 07:51:50 [detection]      S2F8 OFF (retrigger: onset=1.008 ratio=1.78)
2025-12-25 07:51:50 [detection]      S6F24 ON (onset=0.998 env=0.0037)
2025-12-25 07:51:50 [detection]      S2F8 ON (onset=1.436 env=0.1278)
2025-12-25 07:51:50 [detection]      S3F8 ON (onset=1.086 env=0.0569)
2025-12-25 07:51:50 [detection]      S6F24 OFF (sustained-quiet: avgEnv=0.0014 < floor=0.0016)
2025-12-25 07:51:50 [detection]        S5 Rejected Onset (onset=0.56 < threshold=0.73)
2025-12-25 07:51:50 [detection]      S3F8 OFF (sharp-drop: 0.0399 -> 0.0015)
2025-12-25 07:51:50 [detection]      S2F8 OFF (sharp-drop: 0.0865 -> 0.0010)
2025-12-25 07:51:50 [detection]      S1F6 OFF (sharp-drop: 0.0124 -> 0.0013)
2025-12-25 07:51:50 [detection]      S1F7 ON (onset=1.005 env=0.0298)
2025-12-25 07:51:50 [detection]        S6 Rejected Onset (onset=0.63 < threshold=0.73)
2025-12-25 07:51:50 [detection]        S4 Rejected Onset (onset=0.60 < threshold=0.73)
2025-12-25 07:51:51 [detection]        S3 Rejected Onset (onset=0.72 < threshold=0.73)
2025-12-25 07:51:51 [detection]      S2F8 ON (onset=0.933 env=0.0341)
2025-12-25 07:51:51 [detection]      S3F9 ON (onset=0.966 env=0.0271)
2025-12-25 07:51:51 [detection]        S5 Rejected Onset (onset=0.52 < threshold=0.73)
2025-12-25 07:51:51 [detection]      S4F8 ON (onset=1.287 env=0.0072)
2025-12-25 07:51:51 [detection]      S4F8 OFF (sharp-drop: 0.0049 -> 0.0007)
2025-12-25 07:51:51 [detection]      S2F8 OFF (sharp-drop: 0.0119 -> 0.0013)
2025-12-25 07:51:51 [detection]      S3F9 OFF (sharp-drop: 0.0129 -> 0.0011)
2025-12-25 07:51:51 [detection]      S1F7 OFF (sharp-drop: 0.0060 -> 0.0007)
2025-12-25 07:51:52 [detection]      S2F0 ON (onset=0.848 env=0.0054)
2025-12-25 07:51:52 [detection]      S1F6 ON (onset=1.133 env=0.1244)
2025-12-25 07:51:53 [detection]      S1F6 OFF (sharp-drop: 0.0735 -> 0.0015)
2025-12-25 07:51:53 [detection]      S2F0 OFF (sustained-quiet: avgEnv=0.0006 < floor=0.0016)
2025-12-25 07:51:53 [detection]        S2 Rejected Onset (onset=0.53 < threshold=0.73)
2025-12-25 07:51:53 [detection]        S1 Rejected Onset (onset=0.52 < threshold=0.73)
2025-12-25 07:51:53 [detection]      S2F8 ON (onset=1.428 env=0.2446)
2025-12-25 07:51:53 [detection]        S1 Rejected Onset (onset=0.64 < threshold=0.73)
2025-12-25 07:51:53 [detection]      S1F21 ON (onset=1.193 env=0.0266)
2025-12-25 07:51:53 [detection]      S3F8 ON (onset=1.122 env=0.2539)
2025-12-25 07:51:54 [detection]      S3F8 OFF (sharp-drop: 0.1842 -> 0.0012)
2025-12-25 07:51:54 [detection]      S2F8 OFF (sharp-drop: 0.0658 -> 0.0015)
2025-12-25 07:51:54 [detection]      S1F21 OFF (sharp-drop: 0.0065 -> 0.0006)
2025-12-25 07:51:54 [detection]        S1 Rejected Onset (onset=0.56 < threshold=0.73)
2025-12-25 07:51:54 [detection]      S1F6 ON (onset=0.817 env=0.0418)
2025-12-25 07:51:55 [detection]      S1F6 OFF (sharp-drop: 0.0174 -> 0.0014)
2025-12-25 07:51:55 [detection]      S2F8 ON (onset=0.760 env=0.0941)
2025-12-25 07:51:55 [detection]        S3 Rejected Onset (onset=0.57 < threshold=0.73)
2025-12-25 07:51:55 [detection]      S2F8 OFF (retrigger: onset=0.847 ratio=1.47)
2025-12-25 07:51:55 [detection]        S3 Rejected Onset (onset=0.53 < threshold=0.73)
2025-12-25 07:51:55 [detection]      S3F8 ON (onset=1.197 env=0.2446)
2025-12-25 07:51:55 [detection]        S6 Rejected Onset (onset=0.61 < threshold=0.73)
2025-12-25 07:51:55 [detection]      S3F8 OFF (sharp-drop: 0.2001 -> 0.0012)
2025-12-25 07:51:55 [detection]        S4 Rejected Onset (onset=0.69 < threshold=0.73)
2025-12-25 07:51:55 [detection]        S5 Rejected Onset (onset=0.51 < threshold=0.73)
2025-12-25 07:51:55 [detection]      S5F3 ON (onset=1.010 env=0.0070)
2025-12-25 07:51:55 [detection]        S4 Rejected Onset (onset=0.52 < threshold=0.73)
2025-12-25 07:51:56 [detection]        S4 Rejected Onset (onset=0.70 < threshold=0.73)
2025-12-25 07:51:56 [detection]      S4F6 ON (onset=1.369 env=0.0191)
2025-12-25 07:51:56 [detection]      S5F3 OFF (sharp-drop: 0.0050 -> 0.0007)
2025-12-25 07:51:56 [detection]      S4F6 OFF (sharp-drop: 0.0176 -> 0.0005)
2025-12-25 07:51:56 [detection]        S3 Rejected Onset (onset=0.60 < threshold=0.73)
2025-12-25 07:51:57 [detection]      S1F6 ON (onset=1.143 env=0.0164)
2025-12-25 07:51:57 [detection]      S1F6 OFF (sharp-drop: 0.0077 -> 0.0009)
2025-12-25 07:51:57 [detection]      S2F8 ON (onset=1.246 env=0.0414)
2025-12-25 07:51:57 [detection]        S3 Rejected Onset (onset=0.55 < threshold=0.73)
2025-12-25 07:51:57 [detection]      S3F8 ON (onset=1.085 env=0.0988)
2025-12-25 07:51:57 [detection]      S2F8 OFF (sharp-drop: 0.0195 -> 0.0016)
2025-12-25 07:51:57 [detection]      S3F8 OFF (sharp-drop: 0.0863 -> 0.0015)
2025-12-25 07:51:58 [detection]        S4 Rejected Onset (onset=0.59 < threshold=0.73)
2025-12-25 07:51:58 [detection]      S4F7 ON (onset=1.328 env=0.3224)
2025-12-25 07:51:58 [detection]      S4F7 OFF (sharp-drop: 0.2105 -> 0.0013)
2025-12-25 07:51:59 [detection]        S4 Rejected Onset (onset=0.53 < threshold=0.73)
2025-12-25 07:51:59 [detection]      S4F8 ON (onset=1.408 env=0.5154)
2025-12-25 07:51:59 [detection]        S5 Rejected Onset (onset=0.50 < threshold=0.73)
2025-12-25 07:51:59 [detection]      S2F19 ON (onset=1.258 env=0.0045)
2025-12-25 07:51:59 [detection]      S6F24 ON (onset=0.969 env=0.0030)
2025-12-25 07:52:00 [detection]      S4F8 OFF (sharp-drop: 0.0957 -> 0.0008)
2025-12-25 07:52:00 [detection]      S6F24 OFF (sustained-quiet: avgEnv=0.0006 < floor=0.0016)
2025-12-25 07:52:00 [detection]      S2F19 OFF (sustained-quiet: avgEnv=0.0014 < floor=0.0016)
