# SignalAssistant session log
# Started at 2025-12-16 05:24:26
2025-12-16 05:24:26 [session] mode=live session='' path='' duration=0.00 files=0
2025-12-16 05:24:26 [tracker-settings] TrackerConfig onsetThreshold=0.02000 minNoteDurSec=0.045 hopSec=0.010 slideDelta=120.0 bendDelta=35.0
2025-12-16 05:24:26 [tracker-settings] string1 midi=40 lowCut=37.08Hz highCut=445.00Hz baseline=0.000180 gateRatio=0.05500 envFloor=0.000450 sustainScale=0.580 retriggerScale=1.400 peakRelease=0.120 pitchTol=0.400 onsetScale=0.006
2025-12-16 05:24:26 [tracker-settings] string2 midi=45 lowCut=55.00Hz highCut=563.20Hz baseline=0.000220 gateRatio=0.10000 envFloor=0.000550 sustainScale=0.700 retriggerScale=1.250 peakRelease=0.130 pitchTol=0.400 onsetScale=0.009
2025-12-16 05:24:26 [tracker-settings] string3 midi=50 lowCut=85.16Hz highCut=693.05Hz baseline=0.000260 gateRatio=0.13000 envFloor=0.000650 sustainScale=0.820 retriggerScale=1.100 peakRelease=0.140 pitchTol=0.450 onsetScale=0.012
2025-12-16 05:24:26 [tracker-settings] string4 midi=55 lowCut=127.40Hz highCut=862.39Hz baseline=0.000320 gateRatio=0.17000 envFloor=0.000780 sustainScale=1.000 retriggerScale=1.000 peakRelease=0.160 pitchTol=0.440 onsetScale=0.014
2025-12-16 05:24:26 [tracker-settings] string5 midi=59 lowCut=160.51Hz highCut=1086.54Hz baseline=0.000370 gateRatio=0.21000 envFloor=0.000900 sustainScale=1.000 retriggerScale=1.000 peakRelease=0.180 pitchTol=0.500 onsetScale=0.016
2025-12-16 05:24:26 [tracker-settings] string6 midi=64 lowCut=214.26Hz highCut=1450.36Hz baseline=0.000420 gateRatio=0.25000 envFloor=0.001050 sustainScale=1.000 retriggerScale=1.000 peakRelease=0.200 pitchTol=0.550 onsetScale=0.018
2025-12-16 05:24:26 [tracker] [s1] calibration reset target=0.00180 gain=1.000
2025-12-16 05:24:26 [tracker] [s2] calibration reset target=0.00180 gain=1.000
2025-12-16 05:24:26 [tracker] [s3] calibration reset target=0.00180 gain=1.000
2025-12-16 05:24:26 [tracker] [s4] calibration reset target=0.00180 gain=1.000
2025-12-16 05:24:26 [tracker] [s5] calibration reset target=0.00180 gain=1.000
2025-12-16 05:24:26 [tracker] [s6] calibration reset target=0.00180 gain=1.000
2025-12-16 05:24:26 [calibration] Loading calibration profile multipliers into parameters
2025-12-16 05:24:26 [calibration] String 1: setting multiplier to 6.317
2025-12-16 05:24:26 [calibration] String 2: setting multiplier to 8.000
2025-12-16 05:24:26 [calibration] String 3: setting multiplier to 8.000
2025-12-16 05:24:26 [calibration] String 4: setting multiplier to 8.000
2025-12-16 05:24:26 [calibration] String 5: setting multiplier to 8.000
2025-12-16 05:24:26 [calibration] String 6: setting multiplier to 8.000
2025-12-16 05:24:26 [tracker] [s1] calibration avg=0.03970 target=0.00180 gain=1.000
2025-12-16 05:24:26 [tracker] [s3] calibration avg=0.01411 target=0.00180 gain=1.000
2025-12-16 05:24:26 [tracker] [s4] calibration avg=0.03018 target=0.00180 gain=1.000
2025-12-16 05:24:26 [tracker] [s5] calibration avg=0.02970 target=0.00180 gain=1.000
2025-12-16 05:24:26 [tracker] [s1] configure sr=48000.0 hop=128 fft=1024 low=37.1 high=445.0
2025-12-16 05:24:26 [tracker] [s1] params baseline=0.000180 gate=0.0550 envFloor=0.000450 sustain=0.580 retrigger=1.400 peakRelease=0.120 pitchTol=0.400 onsetScale=0.006 aubioScale=1.20 aubioThresh=0.024 onsetSilence=-85.0 pitchSilence=-90.0
2025-12-16 05:24:26 [tracker] [s2] configure sr=48000.0 hop=128 fft=1024 low=55.0 high=563.2
2025-12-16 05:24:26 [tracker] [s2] params baseline=0.000220 gate=0.0100 envFloor=0.000100 sustain=1.500 retrigger=1.250 peakRelease=0.130 pitchTol=0.400 onsetScale=0.009 aubioScale=1.35 aubioThresh=0.027 onsetSilence=-85.0 pitchSilence=-90.0
2025-12-16 05:24:26 [tracker] [s3] configure sr=48000.0 hop=128 fft=1024 low=85.2 high=693.0
2025-12-16 05:24:26 [tracker] [s3] params baseline=0.000260 gate=0.1300 envFloor=0.000650 sustain=0.820 retrigger=1.100 peakRelease=0.140 pitchTol=0.450 onsetScale=0.012 aubioScale=1.60 aubioThresh=0.032 onsetSilence=-75.0 pitchSilence=-80.0
2025-12-16 05:24:26 [tracker] [s4] configure sr=48000.0 hop=128 fft=1024 low=127.4 high=862.4
2025-12-16 05:24:26 [tracker] [s4] params baseline=0.000320 gate=0.1700 envFloor=0.000780 sustain=1.000 retrigger=1.000 peakRelease=0.160 pitchTol=0.440 onsetScale=0.014 aubioScale=1.80 aubioThresh=0.036 onsetSilence=-75.0 pitchSilence=-80.0
2025-12-16 05:24:26 [tracker] [s5] configure sr=48000.0 hop=128 fft=512 low=160.5 high=1086.5
2025-12-16 05:24:26 [tracker] [s5] params baseline=0.000370 gate=0.2100 envFloor=0.000900 sustain=1.000 retrigger=1.000 peakRelease=0.180 pitchTol=0.500 onsetScale=0.016 aubioScale=1.80 aubioThresh=0.036 onsetSilence=-75.0 pitchSilence=-80.0
2025-12-16 05:24:26 [tracker] [s6] configure sr=48000.0 hop=128 fft=512 low=214.3 high=1450.4
2025-12-16 05:24:26 [tracker] [s6] params baseline=0.000420 gate=0.2500 envFloor=0.001050 sustain=1.000 retrigger=1.000 peakRelease=0.200 pitchTol=0.550 onsetScale=0.018 aubioScale=1.80 aubioThresh=0.036 onsetSilence=-75.0 pitchSilence=-80.0
2025-12-16 05:24:26 [tracker] [s1] aubio-raw t=0.0040 onset=4.000000 env=0.000721 peak=0.001671 gain=1.000
2025-12-16 05:24:26 [tracker] [s1] onset-accepted t=0.0040 env=0.000721 gate=0.000022 envDelta=0.000699 envFloor=0.000595 onset=4.000000 thresh=0.006000 onsetDelta=3.994000 baseline=0.000397 floor=0.000180 adapt=0.000992 lastPeak=0.000000 baseParam=0.000180 gateRatio=0.0550 envParam=0.000450 onsetScale=0.300 retriggerScale=1.400 guard=0.060 guardRemain=0.000 activeAge=-1.000 retrigRemain=0.000 pitchHz=125.16 pitchCents=723.6
2025-12-16 05:24:26 [tracker] [s2] onset t=0.004 env=0.00085 gate=0.00000 envDelta=0.00085 envFloor=0.00060 onset=4.000 thresh=0.009 onsetDelta=3.99100 baseline=0.00040 adaptive=0.00100 lastPeak=0.00000 guard=0.060 activeAge=-1.000 pitch=125.16Hz pitchCents=223.6
2025-12-16 05:24:26 [tracker] [s3] onset t=0.004 env=0.00126 gate=0.00005 envDelta=0.00120 envFloor=0.00065 onset=4.000 thresh=0.012 onsetDelta=3.98840 baseline=0.00042 adaptive=0.00104 lastPeak=0.00000 guard=0.060 activeAge=-1.000 pitch=125.16Hz pitchCents=-276.4
2025-12-16 05:24:26 [tracker] [s4] onset t=0.004 env=0.00120 gate=0.00007 envDelta=0.00113 envFloor=0.00078 onset=4.000 thresh=0.014 onsetDelta=3.98600 baseline=0.00041 adaptive=0.00103 lastPeak=0.00000 guard=0.060 activeAge=-1.000 pitch=125.16Hz pitchCents=-776.4
2025-12-16 05:24:26 [tracker] [s5] onset t=0.004 env=0.00178 gate=0.00009 envDelta=0.00169 envFloor=0.00090 onset=4.000 thresh=0.016 onsetDelta=3.98400 baseline=0.00045 adaptive=0.00112 lastPeak=0.00000 guard=0.060 activeAge=-1.000 pitch=376.47Hz pitchCents=730.0
2025-12-16 05:24:26 [tracker] [s6] onset t=0.004 env=0.00197 gate=0.00011 envDelta=0.00185 envFloor=0.00105 onset=4.000 thresh=0.018 onsetDelta=3.98200 baseline=0.00046 adaptive=0.00114 lastPeak=0.00000 guard=0.060 activeAge=-1.000 pitch=376.47Hz pitchCents=230.0
2025-12-16 05:24:26 [tracker] [s4] onset t=0.065 env=0.00142 gate=0.00010 envDelta=0.00132 envFloor=0.00085 onset=1.040 thresh=0.014 onsetDelta=1.02593 baseline=0.00057 adaptive=0.00141 lastPeak=0.00000 guard=0.060 activeAge=-1.000 pitch=-1.00Hz pitchCents=0.0
2025-12-16 05:24:26 [tracker] [s6] onset t=0.095 env=0.00227 gate=0.00020 envDelta=0.00207 envFloor=0.00119 onset=0.795 thresh=0.018 onsetDelta=0.77698 baseline=0.00079 adaptive=0.00198 lastPeak=0.00000 guard=0.060 activeAge=-1.000 pitch=-1.00Hz pitchCents=0.0
2025-12-16 05:24:27 [tracker] [s1] aubio-raw t=0.1320 onset=1.017796 env=0.000801 peak=0.002235 gain=1.000
2025-12-16 05:24:27 [tracker] [s1] onset-accepted t=0.1320 env=0.000801 gate=0.000019 envDelta=0.000783 envFloor=0.000509 onset=1.017796 thresh=0.006000 onsetDelta=1.011796 baseline=0.000339 floor=0.000180 adapt=0.000848 lastPeak=0.000000 baseParam=0.000180 gateRatio=0.0550 envParam=0.000450 onsetScale=0.300 retriggerScale=1.400 guard=0.060 guardRemain=0.000 activeAge=-1.000 retrigRemain=0.000 pitchHz=-1.00 pitchCents=0.0
2025-12-16 05:24:27 [tracker] [s1] onset t=0.132 env=0.00080 gate=0.00002 envDelta=0.00078 envFloor=0.00051 onset=1.018 thresh=0.006 onsetDelta=1.01180 baseline=0.00034 adaptive=0.00085 lastPeak=0.00000 guard=0.060 activeAge=-1.000 pitch=-1.00Hz pitchCents=0.0
2025-12-16 05:24:27 [tracker] [s4] onset t=0.175 env=0.00127 gate=0.00011 envDelta=0.00116 envFloor=0.00095 onset=0.933 thresh=0.014 onsetDelta=0.91851 baseline=0.00063 adaptive=0.00158 lastPeak=0.00000 guard=0.060 activeAge=-1.000 pitch=-1.00Hz pitchCents=0.0
2025-12-16 05:24:27 [tracker] [s3] onset t=0.188 env=0.00123 gate=0.00007 envDelta=0.00116 envFloor=0.00083 onset=0.873 thresh=0.012 onsetDelta=0.86115 baseline=0.00055 adaptive=0.00138 lastPeak=0.00000 guard=0.060 activeAge=-1.000 pitch=-1.00Hz pitchCents=0.0
2025-12-16 05:24:27 [tracker] [s1] aubio-raw t=0.2760 onset=1.020001 env=0.001145 peak=0.002832 gain=1.000
2025-12-16 05:24:27 [tracker] [s1] onset-accepted t=0.2760 env=0.001145 gate=0.000021 envDelta=0.001125 envFloor=0.000567 onset=1.020001 thresh=0.006000 onsetDelta=1.014001 baseline=0.000378 floor=0.000180 adapt=0.000944 lastPeak=0.000000 baseParam=0.000180 gateRatio=0.0550 envParam=0.000450 onsetScale=0.300 retriggerScale=1.400 guard=0.060 guardRemain=0.000 activeAge=-1.000 retrigRemain=0.000 pitchHz=258.06 pitchCents=1976.2
2025-12-16 05:24:27 [tracker] [s1] onset t=0.276 env=0.00115 gate=0.00002 envDelta=0.00112 envFloor=0.00057 onset=1.020 thresh=0.006 onsetDelta=1.01400 baseline=0.00038 adaptive=0.00094 lastPeak=0.00000 guard=0.060 activeAge=-1.000 pitch=258.06Hz pitchCents=1976.2
2025-12-16 05:24:27 [tracker] [s1] note-start t=0.276 fret=20 midi=60 vel=0.01 env=0.00115
2025-12-16 05:24:27 [tracker] [s6] onset t=0.295 env=0.00218 gate=0.00021 envDelta=0.00198 envFloor=0.00124 onset=1.414 thresh=0.018 onsetDelta=1.39568 baseline=0.00083 adaptive=0.00206 lastPeak=0.00000 guard=0.060 activeAge=-1.000 pitch=-1.00Hz pitchCents=0.0
2025-12-16 05:24:27 [tracker] [s3] onset t=0.319 env=0.00146 gate=0.00007 envDelta=0.00139 envFloor=0.00084 onset=1.046 thresh=0.012 onsetDelta=1.03452 baseline=0.00056 adaptive=0.00139 lastPeak=0.00000 guard=0.060 activeAge=-1.000 pitch=-1.00Hz pitchCents=0.0
2025-12-16 05:24:27 [tracker] [s3] onset t=0.497 env=0.00118 gate=0.00007 envDelta=0.00111 envFloor=0.00084 onset=1.324 thresh=0.012 onsetDelta=1.31214 baseline=0.00056 adaptive=0.00140 lastPeak=0.00000 guard=0.060 activeAge=-1.000 pitch=-1.00Hz pitchCents=0.0
2025-12-16 05:24:27 [tracker] [s6] onset t=0.556 env=0.00205 gate=0.00021 envDelta=0.00184 envFloor=0.00128 onset=0.999 thresh=0.018 onsetDelta=0.98080 baseline=0.00086 adaptive=0.00214 lastPeak=0.00000 guard=0.060 activeAge=-1.000 pitch=-1.00Hz pitchCents=0.0
2025-12-16 05:24:27 [tracker] [s2] onset t=0.609 env=0.00141 gate=0.00001 envDelta=0.00140 envFloor=0.00084 onset=1.137 thresh=0.009 onsetDelta=1.12802 baseline=0.00056 adaptive=0.00140 lastPeak=0.00000 guard=0.060 activeAge=-1.000 pitch=156.85Hz pitchCents=614.3
2025-12-16 05:24:27 [tracker] [s2] onset t=0.793 env=0.00119 gate=0.00000 envDelta=0.00118 envFloor=0.00074 onset=0.667 thresh=0.009 onsetDelta=0.65783 baseline=0.00049 adaptive=0.00123 lastPeak=0.00000 guard=0.060 activeAge=-1.000 pitch=140.34Hz pitchCents=421.7
2025-12-16 05:24:27 [tracker] [s4] onset t=0.833 env=0.00137 gate=0.00010 envDelta=0.00127 envFloor=0.00090 onset=0.521 thresh=0.014 onsetDelta=0.50677 baseline=0.00060 adaptive=0.00149 lastPeak=0.00000 guard=0.060 activeAge=-1.000 pitch=-1.00Hz pitchCents=0.0
2025-12-16 05:24:27 [tracker] [s5] onset t=0.892 env=0.00170 gate=0.00015 envDelta=0.00156 envFloor=0.00104 onset=1.076 thresh=0.016 onsetDelta=1.05993 baseline=0.00069 adaptive=0.00173 lastPeak=0.00000 guard=0.060 activeAge=-1.000 pitch=-1.00Hz pitchCents=0.0
2025-12-16 05:24:27 [tracker] [s3] onset t=1.039 env=0.00123 gate=0.00008 envDelta=0.00115 envFloor=0.00087 onset=1.001 thresh=0.012 onsetDelta=0.98943 baseline=0.00058 adaptive=0.00145 lastPeak=0.00000 guard=0.060 activeAge=-1.000 pitch=-1.00Hz pitchCents=0.0
2025-12-16 05:24:27 [tracker] [s4] onset t=1.039 env=0.00129 gate=0.00010 envDelta=0.00119 envFloor=0.00089 onset=0.991 thresh=0.014 onsetDelta=0.97665 baseline=0.00059 adaptive=0.00148 lastPeak=0.00000 guard=0.060 activeAge=-1.000 pitch=-1.00Hz pitchCents=0.0
2025-12-16 05:24:27 [tracker] [s1] aubio-raw t=1.0600 onset=0.986501 env=0.000628 peak=0.001550 gain=1.000
2025-12-16 05:24:27 [tracker] [s1] onset-accepted t=1.0600 env=0.000628 gate=0.000018 envDelta=0.000611 envFloor=0.000478 onset=0.986501 thresh=0.006000 onsetDelta=0.980501 baseline=0.000319 floor=0.000180 adapt=0.000796 lastPeak=0.000262 baseParam=0.000180 gateRatio=0.0550 envParam=0.000450 onsetScale=0.300 retriggerScale=1.400 guard=0.060 guardRemain=0.000 activeAge=0.784 retrigRemain=0.000 pitchHz=160.00 pitchCents=1148.6
2025-12-16 05:24:27 [tracker] [s1] onset t=1.060 env=0.00063 gate=0.00002 envDelta=0.00061 envFloor=0.00048 onset=0.987 thresh=0.006 onsetDelta=0.98050 baseline=0.00032 adaptive=0.00080 lastPeak=0.00026 guard=0.060 activeAge=0.784 pitch=160.00Hz pitchCents=1148.6
2025-12-16 05:24:27 [tracker] [s1] note-ended (new onset) t=1.060 fret=20 dur=0.784
2025-12-16 05:24:28 [tracker] [s3] onset t=1.127 env=0.00136 gate=0.00007 envDelta=0.00129 envFloor=0.00082 onset=1.242 thresh=0.012 onsetDelta=1.23004 baseline=0.00055 adaptive=0.00137 lastPeak=0.00000 guard=0.060 activeAge=-1.000 pitch=-1.00Hz pitchCents=0.0
2025-12-16 05:24:28 [tracker] [s2] onset t=1.175 env=0.00159 gate=0.00001 envDelta=0.00158 envFloor=0.00076 onset=0.869 thresh=0.009 onsetDelta=0.86002 baseline=0.00050 adaptive=0.00126 lastPeak=0.00000 guard=0.060 activeAge=-1.000 pitch=242.40Hz pitchCents=1367.9
2025-12-16 05:24:28 [tracker] [s3] onset t=1.215 env=0.00152 gate=0.00007 envDelta=0.00145 envFloor=0.00084 onset=0.874 thresh=0.012 onsetDelta=0.86207 baseline=0.00056 adaptive=0.00139 lastPeak=0.00000 guard=0.060 activeAge=-1.000 pitch=-1.00Hz pitchCents=0.0
2025-12-16 05:24:28 [tracker] [s1] aubio-raw t=1.2227 onset=1.062281 env=0.000860 peak=0.002164 gain=1.000
2025-12-16 05:24:28 [tracker] [s1] onset-accepted t=1.2227 env=0.000860 gate=0.000019 envDelta=0.000842 envFloor=0.000505 onset=1.062281 thresh=0.006000 onsetDelta=1.056280 baseline=0.000337 floor=0.000180 adapt=0.000841 lastPeak=0.000193 baseParam=0.000180 gateRatio=0.0550 envParam=0.000450 onsetScale=0.300 retriggerScale=1.400 guard=0.060 guardRemain=0.000 activeAge=-1.000 retrigRemain=0.000 pitchHz=135.59 pitchCents=862.1
2025-12-16 05:24:28 [tracker] [s1] onset t=1.223 env=0.00086 gate=0.00002 envDelta=0.00084 envFloor=0.00050 onset=1.062 thresh=0.006 onsetDelta=1.05628 baseline=0.00034 adaptive=0.00084 lastPeak=0.00019 guard=0.060 activeAge=-1.000 pitch=135.59Hz pitchCents=862.1
2025-12-16 05:24:28 [tracker] [s6] onset t=1.223 env=0.00206 gate=0.00020 envDelta=0.00187 envFloor=0.00118 onset=1.045 thresh=0.018 onsetDelta=1.02699 baseline=0.00079 adaptive=0.00196 lastPeak=0.00000 guard=0.060 activeAge=-1.000 pitch=-1.00Hz pitchCents=0.0
2025-12-16 05:24:28 [tracker] [s5] onset t=1.268 env=0.00191 gate=0.00015 envDelta=0.00176 envFloor=0.00110 onset=0.820 thresh=0.016 onsetDelta=0.80388 baseline=0.00073 adaptive=0.00183 lastPeak=0.00000 guard=0.060 activeAge=-1.000 pitch=-1.00Hz pitchCents=0.0
2025-12-16 05:24:28 [tracker] [s3] onset t=1.316 env=0.00132 gate=0.00008 envDelta=0.00125 envFloor=0.00087 onset=0.985 thresh=0.012 onsetDelta=0.97316 baseline=0.00058 adaptive=0.00145 lastPeak=0.00000 guard=0.060 activeAge=-1.000 pitch=-1.00Hz pitchCents=0.0
2025-12-16 05:24:28 [tracker] [s2] onset t=1.327 env=0.00141 gate=0.00001 envDelta=0.00140 envFloor=0.00078 onset=0.697 thresh=0.009 onsetDelta=0.68763 baseline=0.00052 adaptive=0.00131 lastPeak=0.00000 guard=0.060 activeAge=-1.000 pitch=100.00Hz pitchCents=-165.0
2025-12-16 05:24:28 [tracker] [s6] onset t=1.385 env=0.00194 gate=0.00021 envDelta=0.00173 envFloor=0.00124 onset=1.145 thresh=0.018 onsetDelta=1.12653 baseline=0.00083 adaptive=0.00207 lastPeak=0.00000 guard=0.060 activeAge=-1.000 pitch=-1.00Hz pitchCents=0.0
2025-12-16 05:24:28 [tracker] [s2] onset t=1.471 env=0.00104 gate=0.00001 envDelta=0.00104 envFloor=0.00077 onset=0.844 thresh=0.009 onsetDelta=0.83474 baseline=0.00051 adaptive=0.00128 lastPeak=0.00000 guard=0.060 activeAge=-1.000 pitch=190.46Hz pitchCents=950.4
2025-12-16 05:24:28 [tracker] [s3] onset t=1.551 env=0.00098 gate=0.00007 envDelta=0.00091 envFloor=0.00077 onset=1.415 thresh=0.012 onsetDelta=1.40325 baseline=0.00051 adaptive=0.00129 lastPeak=0.00000 guard=0.060 activeAge=-1.000 pitch=-1.00Hz pitchCents=0.0
2025-12-16 05:24:28 [tracker] [s5] onset t=1.652 env=0.00157 gate=0.00014 envDelta=0.00143 envFloor=0.00103 onset=1.178 thresh=0.016 onsetDelta=1.16222 baseline=0.00069 adaptive=0.00172 lastPeak=0.00000 guard=0.060 activeAge=-1.000 pitch=-1.00Hz pitchCents=0.0
2025-12-16 05:24:28 [tracker] [s1] aubio-raw t=1.6653 onset=0.996758 env=0.000821 peak=0.002245 gain=1.000
2025-12-16 05:24:28 [tracker] [s1] onset-accepted t=1.6653 env=0.000821 gate=0.000019 envDelta=0.000802 envFloor=0.000529 onset=0.996758 thresh=0.006000 onsetDelta=0.990758 baseline=0.000353 floor=0.000180 adapt=0.000882 lastPeak=0.000084 baseParam=0.000180 gateRatio=0.0550 envParam=0.000450 onsetScale=0.300 retriggerScale=1.400 guard=0.060 guardRemain=0.000 activeAge=-1.000 retrigRemain=0.000 pitchHz=123.08 pitchCents=694.5
2025-12-16 05:24:28 [tracker] [s1] onset t=1.665 env=0.00082 gate=0.00002 envDelta=0.00080 envFloor=0.00053 onset=0.997 thresh=0.006 onsetDelta=0.99076 baseline=0.00035 adaptive=0.00088 lastPeak=0.00008 guard=0.060 activeAge=-1.000 pitch=123.08Hz pitchCents=694.5
2025-12-16 05:24:28 [tracker] [s6] onset t=1.679 env=0.00187 gate=0.00021 envDelta=0.00165 envFloor=0.00129 onset=1.051 thresh=0.018 onsetDelta=1.03332 baseline=0.00086 adaptive=0.00214 lastPeak=0.00000 guard=0.060 activeAge=-1.000 pitch=-1.00Hz pitchCents=0.0
2025-12-16 05:24:28 [tracker] [s4] onset t=1.799 env=0.00119 gate=0.00011 envDelta=0.00109 envFloor=0.00095 onset=0.995 thresh=0.014 onsetDelta=0.98053 baseline=0.00064 adaptive=0.00159 lastPeak=0.00000 guard=0.060 activeAge=-1.000 pitch=-1.00Hz pitchCents=0.0
2025-12-16 05:24:28 [tracker] [s5] onset t=1.809 env=0.00177 gate=0.00014 envDelta=0.00162 envFloor=0.00103 onset=1.049 thresh=0.016 onsetDelta=1.03323 baseline=0.00069 adaptive=0.00172 lastPeak=0.00000 guard=0.060 activeAge=-1.000 pitch=-1.00Hz pitchCents=0.0
2025-12-16 05:24:28 [tracker] [s6] onset t=1.847 env=0.00198 gate=0.00020 envDelta=0.00178 envFloor=0.00120 onset=0.580 thresh=0.018 onsetDelta=0.56185 baseline=0.00080 adaptive=0.00201 lastPeak=0.00000 guard=0.060 activeAge=-1.000 pitch=-1.00Hz pitchCents=0.0
2025-12-16 05:24:28 [tracker] [s3] onset t=1.849 env=0.00123 gate=0.00007 envDelta=0.00116 envFloor=0.00081 onset=0.834 thresh=0.012 onsetDelta=0.82203 baseline=0.00054 adaptive=0.00134 lastPeak=0.00000 guard=0.060 activeAge=-1.000 pitch=-1.00Hz pitchCents=0.0
2025-12-16 05:24:28 [tracker] [s2] onset t=1.857 env=0.00103 gate=0.00001 envDelta=0.00102 envFloor=0.00080 onset=1.002 thresh=0.009 onsetDelta=0.99271 baseline=0.00053 adaptive=0.00133 lastPeak=0.00000 guard=0.060 activeAge=-1.000 pitch=159.97Hz pitchCents=648.4
2025-12-16 05:24:28 [tracker] [s5] onset t=1.903 env=0.00140 gate=0.00014 envDelta=0.00127 envFloor=0.00099 onset=1.235 thresh=0.016 onsetDelta=1.21857 baseline=0.00066 adaptive=0.00165 lastPeak=0.00000 guard=0.060 activeAge=-1.000 pitch=-1.00Hz pitchCents=0.0
2025-12-16 05:24:28 [tracker] [s1] aubio-raw t=2.0227 onset=0.998519 env=0.000774 peak=0.001802 gain=1.000
2025-12-16 05:24:28 [tracker] [s1] onset-accepted t=2.0227 env=0.000774 gate=0.000018 envDelta=0.000756 envFloor=0.000495 onset=0.998519 thresh=0.006000 onsetDelta=0.992519 baseline=0.000330 floor=0.000180 adapt=0.000824 lastPeak=0.000043 baseParam=0.000180 gateRatio=0.0550 envParam=0.000450 onsetScale=0.300 retriggerScale=1.400 guard=0.060 guardRemain=0.000 activeAge=-1.000 retrigRemain=0.000 pitchHz=95.23 pitchCents=250.5
2025-12-16 05:24:28 [tracker] [s1] onset t=2.023 env=0.00077 gate=0.00002 envDelta=0.00076 envFloor=0.00049 onset=0.999 thresh=0.006 onsetDelta=0.99252 baseline=0.00033 adaptive=0.00082 lastPeak=0.00004 guard=0.060 activeAge=-1.000 pitch=95.23Hz pitchCents=250.5
2025-12-16 05:24:28 [tracker] [s1] note-start t=2.023 fret=3 midi=43 vel=0.01 env=0.00077
2025-12-16 05:24:28 [tracker] [s2] onset t=2.036 env=0.00128 gate=0.00001 envDelta=0.00128 envFloor=0.00076 onset=0.995 thresh=0.009 onsetDelta=0.98571 baseline=0.00051 adaptive=0.00126 lastPeak=0.00000 guard=0.060 activeAge=-1.000 pitch=112.67Hz pitchCents=41.6
2025-12-16 05:24:28 [tracker] [s6] onset t=2.041 env=0.00211 gate=0.00021 envDelta=0.00190 envFloor=0.00126 onset=0.816 thresh=0.018 onsetDelta=0.79788 baseline=0.00084 adaptive=0.00210 lastPeak=0.00000 guard=0.060 activeAge=-1.000 pitch=-1.00Hz pitchCents=0.0
2025-12-16 05:24:28 [tracker] [s1] aubio-raw t=2.0733 onset=0.995179 env=0.000588 peak=0.001608 gain=1.000
2025-12-16 05:24:28 [tracker] [s1] onset-separation-guard t=2.0733 env=0.000588 gate=0.000035 envDelta=0.000553 envFloor=0.000503 onset=0.995179 thresh=0.006000 onsetDelta=0.989179 baseline=0.000633 floor=0.000180 adapt=0.000838 lastPeak=0.000704 baseParam=0.000180 gateRatio=0.0550 envParam=0.000450 onsetScale=0.300 retriggerScale=1.400 guard=0.060 guardRemain=0.009 activeAge=0.051 retrigRemain=0.169 pitchHz=105.26 pitchCents=423.8
2025-12-16 05:24:29 [tracker] [s3] onset t=2.097 env=0.00126 gate=0.00008 envDelta=0.00119 envFloor=0.00087 onset=0.788 thresh=0.012 onsetDelta=0.77680 baseline=0.00058 adaptive=0.00144 lastPeak=0.00000 guard=0.060 activeAge=-1.000 pitch=-1.00Hz pitchCents=0.0
2025-12-16 05:24:29 [tracker] [s4] onset t=2.103 env=0.00148 gate=0.00011 envDelta=0.00137 envFloor=0.00095 onset=1.010 thresh=0.014 onsetDelta=0.99576 baseline=0.00063 adaptive=0.00158 lastPeak=0.00000 guard=0.060 activeAge=-1.000 pitch=-1.00Hz pitchCents=0.0
2025-12-16 05:24:29 [tracker] [s6] onset t=2.185 env=0.00193 gate=0.00021 envDelta=0.00172 envFloor=0.00124 onset=0.904 thresh=0.018 onsetDelta=0.88566 baseline=0.00083 adaptive=0.00207 lastPeak=0.00000 guard=0.060 activeAge=-1.000 pitch=-1.00Hz pitchCents=0.0
2025-12-16 05:24:29 [tracker] [s1] aubio-raw t=2.2120 onset=0.979652 env=0.001114 peak=0.002708 gain=1.000
2025-12-16 05:24:29 [tracker] [s1] onset-accepted t=2.2120 env=0.001114 gate=0.000027 envDelta=0.001087 envFloor=0.000534 onset=0.979652 thresh=0.006000 onsetDelta=0.973652 baseline=0.000488 floor=0.000180 adapt=0.000891 lastPeak=0.000542 baseParam=0.000180 gateRatio=0.0550 envParam=0.000450 onsetScale=0.300 retriggerScale=1.400 guard=0.060 guardRemain=0.000 activeAge=0.189 retrigRemain=0.031 pitchHz=163.25 pitchCents=1183.5
2025-12-16 05:24:29 [tracker] [s1] onset t=2.212 env=0.00111 gate=0.00003 envDelta=0.00109 envFloor=0.00053 onset=0.980 thresh=0.006 onsetDelta=0.97365 baseline=0.00049 adaptive=0.00089 lastPeak=0.00054 guard=0.060 activeAge=0.189 pitch=163.25Hz pitchCents=1183.5
2025-12-16 05:24:29 [tracker] [s1] note-ended (new onset) t=2.212 fret=3 dur=0.189
2025-12-16 05:24:29 [tracker] [s5] onset t=2.239 env=0.00151 gate=0.00014 envDelta=0.00137 envFloor=0.00099 onset=1.473 thresh=0.016 onsetDelta=1.45727 baseline=0.00066 adaptive=0.00166 lastPeak=0.00000 guard=0.060 activeAge=-1.000 pitch=-1.00Hz pitchCents=0.0
2025-12-16 05:24:29 [tracker] [s6] onset t=2.263 env=0.00211 gate=0.00019 envDelta=0.00192 envFloor=0.00116 onset=1.002 thresh=0.018 onsetDelta=0.98445 baseline=0.00077 adaptive=0.00193 lastPeak=0.00000 guard=0.060 activeAge=-1.000 pitch=-1.00Hz pitchCents=0.0
2025-12-16 05:24:29 [tracker] [s2] onset t=2.393 env=0.00142 gate=0.00001 envDelta=0.00141 envFloor=0.00077 onset=0.993 thresh=0.009 onsetDelta=0.98377 baseline=0.00051 adaptive=0.00128 lastPeak=0.00000 guard=0.060 activeAge=-1.000 pitch=228.59Hz pitchCents=1266.3
2025-12-16 05:24:29 [tracker] [s2] note-start t=2.393 fret=0 midi=45 vel=0.02 env=0.00142
2025-12-16 05:24:29 [tracker] [s2] onset t=2.476 env=0.00126 gate=0.00001 envDelta=0.00125 envFloor=0.00078 onset=0.992 thresh=0.009 onsetDelta=0.98292 baseline=0.00109 adaptive=0.00131 lastPeak=0.00121 guard=0.060 activeAge=0.083 pitch=94.12Hz pitchCents=-270.0
2025-12-16 05:24:29 [tracker] [s2] note-ended (new onset) t=2.476 fret=0 dur=0.083
2025-12-16 05:24:29 [tracker] [s2] note-start t=2.476 fret=3 midi=48 vel=0.02 env=0.00126
2025-12-16 05:24:29 [tracker] [s6] onset t=2.476 env=0.00216 gate=0.00022 envDelta=0.00194 envFloor=0.00129 onset=1.173 thresh=0.018 onsetDelta=1.15477 baseline=0.00086 adaptive=0.00215 lastPeak=0.00000 guard=0.060 activeAge=-1.000 pitch=-1.00Hz pitchCents=0.0
2025-12-16 05:24:29 [tracker] [s1] aubio-raw t=2.4974 onset=0.863730 env=0.000640 peak=0.001581 gain=1.000
2025-12-16 05:24:29 [tracker] [s1] onset-accepted t=2.4974 env=0.000640 gate=0.000018 envDelta=0.000622 envFloor=0.000498 onset=0.863730 thresh=0.006000 onsetDelta=0.857730 baseline=0.000332 floor=0.000180 adapt=0.000831 lastPeak=0.000317 baseParam=0.000180 gateRatio=0.0550 envParam=0.000450 onsetScale=0.300 retriggerScale=1.400 guard=0.060 guardRemain=0.000 activeAge=-1.000 retrigRemain=0.000 pitchHz=-1.00 pitchCents=0.0
2025-12-16 05:24:29 [tracker] [s1] onset t=2.497 env=0.00064 gate=0.00002 envDelta=0.00062 envFloor=0.00050 onset=0.864 thresh=0.006 onsetDelta=0.85773 baseline=0.00033 adaptive=0.00083 lastPeak=0.00032 guard=0.060 activeAge=-1.000 pitch=-1.00Hz pitchCents=0.0
2025-12-16 05:24:29 [tracker] [s4] onset t=2.519 env=0.00134 gate=0.00010 envDelta=0.00124 envFloor=0.00090 onset=0.998 thresh=0.014 onsetDelta=0.98379 baseline=0.00060 adaptive=0.00149 lastPeak=0.00000 guard=0.060 activeAge=-1.000 pitch=-1.00Hz pitchCents=0.0
2025-12-16 05:24:29 [tracker] [s5] onset t=2.540 env=0.00150 gate=0.00015 envDelta=0.00135 envFloor=0.00107 onset=0.994 thresh=0.016 onsetDelta=0.97766 baseline=0.00072 adaptive=0.00179 lastPeak=0.00000 guard=0.060 activeAge=-1.000 pitch=-1.00Hz pitchCents=0.0
2025-12-16 05:24:29 [tracker] [s1] aubio-raw t=2.6654 onset=1.010412 env=0.000679 peak=0.001831 gain=1.000
2025-12-16 05:24:29 [tracker] [s1] onset-accepted t=2.6654 env=0.000679 gate=0.000017 envDelta=0.000662 envFloor=0.000467 onset=1.010412 thresh=0.006000 onsetDelta=1.004412 baseline=0.000312 floor=0.000180 adapt=0.000779 lastPeak=0.000231 baseParam=0.000180 gateRatio=0.0550 envParam=0.000450 onsetScale=0.300 retriggerScale=1.400 guard=0.060 guardRemain=0.000 activeAge=-1.000 retrigRemain=0.000 pitchHz=186.03 pitchCents=1409.6
2025-12-16 05:24:29 [tracker] [s1] onset t=2.665 env=0.00068 gate=0.00002 envDelta=0.00066 envFloor=0.00047 onset=1.010 thresh=0.006 onsetDelta=1.00441 baseline=0.00031 adaptive=0.00078 lastPeak=0.00023 guard=0.060 activeAge=-1.000 pitch=186.03Hz pitchCents=1409.6
2025-12-16 05:24:29 [tracker] [s6] onset t=2.681 env=0.00164 gate=0.00019 envDelta=0.00145 envFloor=0.00112 onset=1.040 thresh=0.018 onsetDelta=1.02151 baseline=0.00075 adaptive=0.00187 lastPeak=0.00000 guard=0.060 activeAge=-1.000 pitch=-1.00Hz pitchCents=0.0
2025-12-16 05:24:29 [tracker] [s3] onset t=2.729 env=0.00118 gate=0.00007 envDelta=0.00111 envFloor=0.00082 onset=0.733 thresh=0.012 onsetDelta=0.72142 baseline=0.00054 adaptive=0.00136 lastPeak=0.00000 guard=0.060 activeAge=-1.000 pitch=-1.00Hz pitchCents=0.0
2025-12-16 05:24:29 [tracker] [s1] aubio-raw t=2.8120 onset=1.130198 env=0.000862 peak=0.001924 gain=1.000
2025-12-16 05:24:29 [tracker] [s1] onset-accepted t=2.8120 env=0.000862 gate=0.000019 envDelta=0.000843 envFloor=0.000518 onset=1.130198 thresh=0.006000 onsetDelta=1.124198 baseline=0.000346 floor=0.000180 adapt=0.000864 lastPeak=0.000176 baseParam=0.000180 gateRatio=0.0550 envParam=0.000450 onsetScale=0.300 retriggerScale=1.400 guard=0.060 guardRemain=0.000 activeAge=-1.000 retrigRemain=0.000 pitchHz=129.03 pitchCents=776.3
2025-12-16 05:24:29 [tracker] [s1] onset t=2.812 env=0.00086 gate=0.00002 envDelta=0.00084 envFloor=0.00052 onset=1.130 thresh=0.006 onsetDelta=1.12420 baseline=0.00035 adaptive=0.00086 lastPeak=0.00018 guard=0.060 activeAge=-1.000 pitch=129.03Hz pitchCents=776.3
2025-12-16 05:24:29 [tracker] [s2] onset t=2.844 env=0.00102 gate=0.00001 envDelta=0.00102 envFloor=0.00077 onset=0.906 thresh=0.009 onsetDelta=0.89740 baseline=0.00057 adaptive=0.00129 lastPeak=0.00063 guard=0.060 activeAge=0.368 pitch=195.13Hz pitchCents=992.3
2025-12-16 05:24:29 [tracker] [s4] onset t=2.873 env=0.00160 gate=0.00010 envDelta=0.00149 envFloor=0.00090 onset=0.995 thresh=0.014 onsetDelta=0.98068 baseline=0.00060 adaptive=0.00151 lastPeak=0.00000 guard=0.060 activeAge=-1.000 pitch=-1.00Hz pitchCents=0.0
2025-12-16 05:24:29 [tracker] [s6] onset t=2.948 env=0.00175 gate=0.00020 envDelta=0.00155 envFloor=0.00121 onset=1.157 thresh=0.018 onsetDelta=1.13911 baseline=0.00081 adaptive=0.00202 lastPeak=0.00000 guard=0.060 activeAge=-1.000 pitch=-1.00Hz pitchCents=0.0
2025-12-16 05:24:29 [tracker] [s4] onset t=3.065 env=0.00130 gate=0.00010 envDelta=0.00120 envFloor=0.00087 onset=0.996 thresh=0.014 onsetDelta=0.98231 baseline=0.00058 adaptive=0.00146 lastPeak=0.00000 guard=0.060 activeAge=-1.000 pitch=-1.00Hz pitchCents=0.0
2025-12-16 05:24:30 [tracker] [s3] onset t=3.127 env=0.00111 gate=0.00007 envDelta=0.00104 envFloor=0.00086 onset=1.142 thresh=0.012 onsetDelta=1.13060 baseline=0.00057 adaptive=0.00143 lastPeak=0.00000 guard=0.060 activeAge=-1.000 pitch=-1.00Hz pitchCents=0.0
2025-12-16 05:24:30 [tracker] [s2] onset t=3.145 env=0.00104 gate=0.00001 envDelta=0.00103 envFloor=0.00075 onset=1.088 thresh=0.009 onsetDelta=1.07946 baseline=0.00050 adaptive=0.00126 lastPeak=0.00036 guard=0.060 activeAge=-1.000 pitch=109.59Hz pitchCents=-6.5
2025-12-16 05:24:30 [tracker] [s1] aubio-raw t=3.2227 onset=0.808523 env=0.001149 peak=0.002816 gain=1.000
2025-12-16 05:24:30 [tracker] [s1] onset-accepted t=3.2227 env=0.001149 gate=0.000019 envDelta=0.001130 envFloor=0.000519 onset=0.808523 thresh=0.006000 onsetDelta=0.802523 baseline=0.000346 floor=0.000180 adapt=0.000865 lastPeak=0.000081 baseParam=0.000180 gateRatio=0.0550 envParam=0.000450 onsetScale=0.300 retriggerScale=1.400 guard=0.060 guardRemain=0.000 activeAge=-1.000 retrigRemain=0.000 pitchHz=-1.00 pitchCents=0.0
2025-12-16 05:24:30 [tracker] [s1] onset t=3.223 env=0.00115 gate=0.00002 envDelta=0.00113 envFloor=0.00052 onset=0.809 thresh=0.006 onsetDelta=0.80252 baseline=0.00035 adaptive=0.00086 lastPeak=0.00008 guard=0.060 activeAge=-1.000 pitch=-1.00Hz pitchCents=0.0
2025-12-16 05:24:30 [tracker] [s5] onset t=3.281 env=0.00148 gate=0.00015 envDelta=0.00133 envFloor=0.00108 onset=0.682 thresh=0.016 onsetDelta=0.66607 baseline=0.00072 adaptive=0.00180 lastPeak=0.00000 guard=0.060 activeAge=-1.000 pitch=-1.00Hz pitchCents=0.0
2025-12-16 05:24:30 [tracker] [s6] onset t=3.316 env=0.00208 gate=0.00021 envDelta=0.00188 envFloor=0.00124 onset=0.993 thresh=0.018 onsetDelta=0.97461 baseline=0.00083 adaptive=0.00206 lastPeak=0.00000 guard=0.060 activeAge=-1.000 pitch=-1.00Hz pitchCents=0.0
2025-12-16 05:24:30 [tracker] [s2] onset t=3.351 env=0.00082 gate=0.00001 envDelta=0.00081 envFloor=0.00077 onset=1.493 thresh=0.009 onsetDelta=1.48385 baseline=0.00051 adaptive=0.00128 lastPeak=0.00024 guard=0.060 activeAge=-1.000 pitch=114.28Hz pitchCents=66.1
2025-12-16 05:24:30 [tracker] [s2] note-start t=3.351 fret=1 midi=46 vel=0.01 env=0.00082
2025-12-16 05:24:30 [tracker] [s3] onset t=3.361 env=0.00119 gate=0.00007 envDelta=0.00112 envFloor=0.00081 onset=1.029 thresh=0.012 onsetDelta=1.01754 baseline=0.00054 adaptive=0.00136 lastPeak=0.00000 guard=0.060 activeAge=-1.000 pitch=-1.00Hz pitchCents=0.0
2025-12-16 05:24:30 [tracker] [s4] onset t=3.399 env=0.00174 gate=0.00010 envDelta=0.00163 envFloor=0.00092 onset=0.986 thresh=0.014 onsetDelta=0.97204 baseline=0.00062 adaptive=0.00154 lastPeak=0.00000 guard=0.060 activeAge=-1.000 pitch=-1.00Hz pitchCents=0.0
2025-12-16 05:24:30 [tracker] [s3] onset t=3.412 env=0.00125 gate=0.00007 envDelta=0.00118 envFloor=0.00083 onset=0.995 thresh=0.012 onsetDelta=0.98343 baseline=0.00055 adaptive=0.00138 lastPeak=0.00000 guard=0.060 activeAge=-1.000 pitch=-1.00Hz pitchCents=0.0
2025-12-16 05:24:30 [tracker] [s1] aubio-raw t=3.4334 onset=1.066158 env=0.001104 peak=0.002996 gain=1.000
2025-12-16 05:24:30 [tracker] [s1] onset-accepted t=3.4334 env=0.001104 gate=0.000019 envDelta=0.001085 envFloor=0.000507 onset=1.066158 thresh=0.006000 onsetDelta=1.060158 baseline=0.000338 floor=0.000180 adapt=0.000845 lastPeak=0.000055 baseParam=0.000180 gateRatio=0.0550 envParam=0.000450 onsetScale=0.300 retriggerScale=1.400 guard=0.060 guardRemain=0.000 activeAge=-1.000 retrigRemain=0.000 pitchHz=195.10 pitchCents=1492.1
2025-12-16 05:24:30 [tracker] [s1] onset t=3.433 env=0.00110 gate=0.00002 envDelta=0.00109 envFloor=0.00051 onset=1.066 thresh=0.006 onsetDelta=1.06016 baseline=0.00034 adaptive=0.00084 lastPeak=0.00005 guard=0.060 activeAge=-1.000 pitch=195.10Hz pitchCents=1492.1
2025-12-16 05:24:30 [tracker] [s6] onset t=3.455 env=0.00179 gate=0.00018 envDelta=0.00161 envFloor=0.00111 onset=0.996 thresh=0.018 onsetDelta=0.97785 baseline=0.00074 adaptive=0.00185 lastPeak=0.00000 guard=0.060 activeAge=-1.000 pitch=-1.00Hz pitchCents=0.0
2025-12-16 05:24:30 [tracker] [s1] aubio-raw t=3.4974 onset=0.999260 env=0.001021 peak=0.002175 gain=1.000
2025-12-16 05:24:30 [tracker] [s1] onset-accepted t=3.4974 env=0.001021 gate=0.000020 envDelta=0.001002 envFloor=0.000536 onset=0.999260 thresh=0.006000 onsetDelta=0.993260 baseline=0.000357 floor=0.000180 adapt=0.000893 lastPeak=0.000048 baseParam=0.000180 gateRatio=0.0550 envParam=0.000450 onsetScale=0.300 retriggerScale=1.400 guard=0.060 guardRemain=0.000 activeAge=-1.000 retrigRemain=0.000 pitchHz=148.14 pitchCents=1015.4
2025-12-16 05:24:30 [tracker] [s1] onset t=3.497 env=0.00102 gate=0.00002 envDelta=0.00100 envFloor=0.00054 onset=0.999 thresh=0.006 onsetDelta=0.99326 baseline=0.00036 adaptive=0.00089 lastPeak=0.00005 guard=0.060 activeAge=-1.000 pitch=148.14Hz pitchCents=1015.4
2025-12-16 05:24:30 [tracker] [s1] note-start t=3.497 fret=6 midi=46 vel=0.01 env=0.00102
2025-12-16 05:24:30 [tracker] [s3] onset t=3.585 env=0.00154 gate=0.00008 envDelta=0.00146 envFloor=0.00088 onset=0.998 thresh=0.012 onsetDelta=0.98629 baseline=0.00059 adaptive=0.00147 lastPeak=0.00000 guard=0.060 activeAge=-1.000 pitch=-1.00Hz pitchCents=0.0
2025-12-16 05:24:30 [tracker] [s1] aubio-raw t=3.6174 onset=0.992714 env=0.001322 peak=0.002638 gain=1.000
2025-12-16 05:24:30 [tracker] [s1] onset-accepted t=3.6174 env=0.001322 gate=0.000040 envDelta=0.001282 envFloor=0.000584 onset=0.992714 thresh=0.006000 onsetDelta=0.986714 baseline=0.000734 floor=0.000180 adapt=0.000973 lastPeak=0.000815 baseParam=0.000180 gateRatio=0.0550 envParam=0.000450 onsetScale=0.300 retriggerScale=1.400 guard=0.060 guardRemain=0.000 activeAge=0.120 retrigRemain=0.100 pitchHz=-1.00 pitchCents=0.0
2025-12-16 05:24:30 [tracker] [s1] onset t=3.617 env=0.00132 gate=0.00004 envDelta=0.00128 envFloor=0.00058 onset=0.993 thresh=0.006 onsetDelta=0.98671 baseline=0.00073 adaptive=0.00097 lastPeak=0.00082 guard=0.060 activeAge=0.120 pitch=-1.00Hz pitchCents=0.0
2025-12-16 05:24:30 [tracker] [s1] note-ended (new onset) t=3.617 fret=6 dur=0.120
2025-12-16 05:24:30 [tracker] [s3] onset t=3.703 env=0.00109 gate=0.00007 envDelta=0.00102 envFloor=0.00084 onset=0.998 thresh=0.012 onsetDelta=0.98621 baseline=0.00056 adaptive=0.00140 lastPeak=0.00000 guard=0.060 activeAge=-1.000 pitch=-1.00Hz pitchCents=0.0
2025-12-16 05:24:30 [tracker] [s4] onset t=3.756 env=0.00101 gate=0.00009 envDelta=0.00092 envFloor=0.00083 onset=0.904 thresh=0.014 onsetDelta=0.88951 baseline=0.00055 adaptive=0.00139 lastPeak=0.00000 guard=0.060 activeAge=-1.000 pitch=-1.00Hz pitchCents=0.0
2025-12-16 05:24:30 [tracker] [s3] onset t=3.777 env=0.00136 gate=0.00008 envDelta=0.00128 envFloor=0.00087 onset=0.994 thresh=0.012 onsetDelta=0.98237 baseline=0.00058 adaptive=0.00145 lastPeak=0.00000 guard=0.060 activeAge=-1.000 pitch=-1.00Hz pitchCents=0.0
2025-12-16 05:24:30 [tracker] [s1] aubio-raw t=3.8654 onset=0.918412 env=0.000661 peak=0.001843 gain=1.000
2025-12-16 05:24:30 [tracker] [s1] onset-accepted t=3.8654 env=0.000661 gate=0.000025 envDelta=0.000636 envFloor=0.000537 onset=0.918412 thresh=0.006000 onsetDelta=0.912412 baseline=0.000460 floor=0.000180 adapt=0.000895 lastPeak=0.000511 baseParam=0.000180 gateRatio=0.0550 envParam=0.000450 onsetScale=0.300 retriggerScale=1.400 guard=0.060 guardRemain=0.000 activeAge=-1.000 retrigRemain=0.000 pitchHz=173.92 pitchCents=1293.1
2025-12-16 05:24:30 [tracker] [s1] onset t=3.865 env=0.00066 gate=0.00003 envDelta=0.00064 envFloor=0.00054 onset=0.918 thresh=0.006 onsetDelta=0.91241 baseline=0.00046 adaptive=0.00090 lastPeak=0.00051 guard=0.060 activeAge=-1.000 pitch=173.92Hz pitchCents=1293.1
2025-12-16 05:24:30 [tracker] [s3] onset t=3.897 env=0.00108 gate=0.00007 envDelta=0.00101 envFloor=0.00085 onset=0.776 thresh=0.012 onsetDelta=0.76390 baseline=0.00057 adaptive=0.00141 lastPeak=0.00000 guard=0.060 activeAge=-1.000 pitch=-1.00Hz pitchCents=0.0
2025-12-16 05:24:30 [tracker] [s4] onset t=3.919 env=0.00124 gate=0.00010 envDelta=0.00114 envFloor=0.00090 onset=0.680 thresh=0.014 onsetDelta=0.66585 baseline=0.00060 adaptive=0.00150 lastPeak=0.00000 guard=0.060 activeAge=-1.000 pitch=-1.00Hz pitchCents=0.0
2025-12-16 05:24:30 [tracker] [s1] aubio-raw t=3.9427 onset=0.927615 env=0.000759 peak=0.001703 gain=1.000
2025-12-16 05:24:30 [tracker] [s1] onset-accepted t=3.9427 env=0.000759 gate=0.000022 envDelta=0.000737 envFloor=0.000532 onset=0.927615 thresh=0.006000 onsetDelta=0.921615 baseline=0.000398 floor=0.000180 adapt=0.000886 lastPeak=0.000442 baseParam=0.000180 gateRatio=0.0550 envParam=0.000450 onsetScale=0.300 retriggerScale=1.400 guard=0.060 guardRemain=0.000 activeAge=-1.000 retrigRemain=0.000 pitchHz=242.43 pitchCents=1868.1
2025-12-16 05:24:30 [tracker] [s5] onset t=3.975 env=0.00154 gate=0.00015 envDelta=0.00140 envFloor=0.00106 onset=0.998 thresh=0.016 onsetDelta=0.98156 baseline=0.00071 adaptive=0.00177 lastPeak=0.00000 guard=0.060 activeAge=-1.000 pitch=-1.00Hz pitchCents=0.0
2025-12-16 05:24:30 [tracker] [s6] onset t=3.975 env=0.00212 gate=0.00022 envDelta=0.00190 envFloor=0.00129 onset=0.998 thresh=0.018 onsetDelta=0.98030 baseline=0.00086 adaptive=0.00215 lastPeak=0.00000 guard=0.060 activeAge=-1.000 pitch=-1.00Hz pitchCents=0.0
2025-12-16 05:24:30 [tracker] [s4] onset t=4.004 env=0.00160 gate=0.00011 envDelta=0.00149 envFloor=0.00093 onset=0.997 thresh=0.014 onsetDelta=0.98267 baseline=0.00062 adaptive=0.00156 lastPeak=0.00000 guard=0.060 activeAge=-1.000 pitch=-1.00Hz pitchCents=0.0
2025-12-16 05:24:30 [tracker] [s2] onset t=4.007 env=0.00090 gate=0.00001 envDelta=0.00089 envFloor=0.00075 onset=1.198 thresh=0.009 onsetDelta=1.18906 baseline=0.00050 adaptive=0.00125 lastPeak=0.00024 guard=0.060 activeAge=0.656 pitch=533.32Hz pitchCents=2733.0
2025-12-16 05:24:30 [tracker] [s2] note-ended (new onset) t=4.007 fret=1 dur=0.656
2025-12-16 05:24:30 [tracker] [s5] onset t=4.028 env=0.00176 gate=0.00015 envDelta=0.00161 envFloor=0.00106 onset=1.033 thresh=0.016 onsetDelta=1.01738 baseline=0.00070 adaptive=0.00176 lastPeak=0.00000 guard=0.060 activeAge=-1.000 pitch=-1.00Hz pitchCents=0.0
2025-12-16 05:24:30 [tracker] [s5] onset t=4.079 env=0.00145 gate=0.00014 envDelta=0.00131 envFloor=0.00103 onset=1.288 thresh=0.016 onsetDelta=1.27218 baseline=0.00069 adaptive=0.00171 lastPeak=0.00000 guard=0.060 activeAge=-1.000 pitch=-1.00Hz pitchCents=0.0
2025-12-16 05:24:31 [tracker] [s6] onset t=4.108 env=0.00159 gate=0.00020 envDelta=0.00139 envFloor=0.00120 onset=1.275 thresh=0.018 onsetDelta=1.25674 baseline=0.00080 adaptive=0.00199 lastPeak=0.00000 guard=0.060 activeAge=-1.000 pitch=-1.00Hz pitchCents=0.0
2025-12-16 05:24:31 [tracker] [s4] onset t=4.129 env=0.00134 gate=0.00010 envDelta=0.00124 envFloor=0.00086 onset=0.986 thresh=0.014 onsetDelta=0.97250 baseline=0.00057 adaptive=0.00143 lastPeak=0.00000 guard=0.060 activeAge=-1.000 pitch=-1.00Hz pitchCents=0.0
2025-12-16 05:24:31 [tracker] [s2] onset t=4.143 env=0.00139 gate=0.00001 envDelta=0.00138 envFloor=0.00078 onset=0.823 thresh=0.009 onsetDelta=0.81417 baseline=0.00052 adaptive=0.00130 lastPeak=0.00018 guard=0.060 activeAge=-1.000 pitch=420.94Hz pitchCents=2323.3
2025-12-16 05:24:31 [tracker] [s6] onset t=4.196 env=0.00185 gate=0.00019 envDelta=0.00165 envFloor=0.00114 onset=1.064 thresh=0.018 onsetDelta=1.04642 baseline=0.00076 adaptive=0.00191 lastPeak=0.00000 guard=0.060 activeAge=-1.000 pitch=-1.00Hz pitchCents=0.0
2025-12-16 05:24:31 [tracker] [s5] onset t=4.332 env=0.00158 gate=0.00015 envDelta=0.00143 envFloor=0.00108 onset=0.996 thresh=0.016 onsetDelta=0.98048 baseline=0.00072 adaptive=0.00181 lastPeak=0.00000 guard=0.060 activeAge=-1.000 pitch=-1.00Hz pitchCents=0.0
2025-12-16 05:24:31 [tracker] [s3] onset t=4.345 env=0.00126 gate=0.00007 envDelta=0.00119 envFloor=0.00081 onset=1.350 thresh=0.012 onsetDelta=1.33803 baseline=0.00054 adaptive=0.00135 lastPeak=0.00000 guard=0.060 activeAge=-1.000 pitch=-1.00Hz pitchCents=0.0
