# SignalAssistant session log
# Started at 2025-12-26 01:29:52
2025-12-26 01:29:52 [session] mode=live session='' path='' duration=0.00 files=0
2025-12-26 01:29:52 [tracker-settings] TrackerConfig onsetThreshold=0.02000 minNoteDurSec=0.045 hopSec=0.010 slideDelta=120.0 bendDelta=35.0
2025-12-26 01:29:52 [tracker-settings] string1 midi=40 lowCut=77.50Hz highCut=160.00Hz baseline=0.001000 gateRatio=0.05500 envFloor=0.001500 sustainScale=0.580 retriggerScale=1.400 pitchTol=0.400 onsetScale=0.360
2025-12-26 01:29:52 [tracker-settings] string2 midi=45 lowCut=102.50Hz highCut=215.00Hz baseline=0.001200 gateRatio=0.10000 envFloor=0.001800 sustainScale=0.700 retriggerScale=1.250 pitchTol=0.400 onsetScale=0.610
2025-12-26 01:29:52 [tracker-settings] string3 midi=50 lowCut=137.50Hz highCut=290.00Hz baseline=0.001400 gateRatio=0.13000 envFloor=0.002100 sustainScale=0.820 retriggerScale=1.100 pitchTol=0.450 onsetScale=0.930
2025-12-26 01:29:52 [tracker-settings] string4 midi=55 lowCut=187.50Hz highCut=385.00Hz baseline=0.001600 gateRatio=0.17000 envFloor=0.002400 sustainScale=1.000 retriggerScale=1.000 pitchTol=0.440 onsetScale=1.260
2025-12-26 01:29:52 [tracker-settings] string5 midi=59 lowCut=237.50Hz highCut=485.00Hz baseline=0.001800 gateRatio=0.21000 envFloor=0.002700 sustainScale=1.000 retriggerScale=1.000 pitchTol=0.500 onsetScale=1.440
2025-12-26 01:29:52 [tracker-settings] string6 midi=64 lowCut=317.50Hz highCut=650.00Hz baseline=0.002000 gateRatio=0.25000 envFloor=0.003000 sustainScale=1.000 retriggerScale=1.000 pitchTol=0.550 onsetScale=1.620
2025-12-26 01:29:52 [calibration] Loaded avgRms/peakRms from legacy calibration file
2025-12-26 01:29:52 [calibration] Calibration profile derived from tuning state
2025-12-26 01:30:02 [detection]      S5 Rejected Note (env=0.0013 < floor=0.0018)
2025-12-26 01:30:02 [detection]      S6 Rejected Note (env=0.0012 < floor=0.0020)
2025-12-26 01:30:02 [detection]      S5 Rejected Note (env=0.0005 < floor=0.0018)
2025-12-26 01:30:02 [detection]      S4 Rejected Note (env=0.0005 < floor=0.0016)
2025-12-26 01:30:07 [detection]      S1F6 ON (onset=0.838 env=0.0817)
2025-12-26 01:30:07 [detection]      S2F0 ON (onset=0.995 env=0.0051)
2025-12-26 01:30:07 [detection]      S2F0 OFF (sustained-quiet: avgEnv=0.0008 < floor=0.0018)
2025-12-26 01:30:08 [detection]      S1F6 OFF (sharp-drop: 0.0117 -> 0.0009)
2025-12-26 01:30:08 [detection] LOW E DEBUG: midi=42 openMidi=40 fret=2
2025-12-26 01:30:08 [detection]      S1F2 ON (onset=0.544 env=0.0862)
2025-12-26 01:30:08 [detection]      S2F0 ON (onset=1.212 env=0.0147)
2025-12-26 01:30:08 [detection]      S1F2 OFF (retrigger: onset=1.033 ratio=1.49)
2025-12-26 01:30:08 [detection] LOW E DEBUG: midi=42 openMidi=40 fret=2
2025-12-26 01:30:08 [detection]      S1F2 ON (onset=1.049 env=0.3371)
2025-12-26 01:30:09 [detection]      S1F2 OFF (retrigger: onset=0.908 ratio=2.97)
2025-12-26 01:30:09 [detection] LOW E DEBUG: midi=42 openMidi=40 fret=2
2025-12-26 01:30:09 [detection]      S1F2 ON (onset=1.022 env=0.2094)
2025-12-26 01:30:09 [detection]      S1F2 OFF (retrigger: onset=1.162 ratio=1.46)
2025-12-26 01:30:09 [detection] LOW E DEBUG: midi=42 openMidi=40 fret=2
2025-12-26 01:30:09 [detection]      S1F2 ON (onset=1.005 env=0.0344)
2025-12-26 01:30:09 [detection]      S1F2 OFF (retrigger: onset=1.170 ratio=1.44)
2025-12-26 01:30:09 [detection] LOW E DEBUG: midi=42 openMidi=40 fret=2
2025-12-26 01:30:09 [detection]      S1F2 ON (onset=1.005 env=0.0750)
2025-12-26 01:30:09 [detection]      S2F0 OFF (sustained-quiet: avgEnv=0.0011 < floor=0.0018)
2025-12-26 01:30:09 [detection]      S1F2 OFF (sharp-drop: 0.0483 -> 0.0010)
2025-12-26 01:30:10 [detection] LOW E DEBUG: midi=42 openMidi=40 fret=2
2025-12-26 01:30:10 [detection]      S1F2 ON (onset=0.978 env=0.2182)
2025-12-26 01:30:10 [detection]      S2F0 ON (onset=0.922 env=0.0082)
2025-12-26 01:30:13 [detection]      S2F0 OFF (sustained-quiet: avgEnv=0.0016 < floor=0.0018)
2025-12-26 01:30:13 [detection]      S1F2 OFF (sustained-quiet: avgEnv=0.0006 < floor=0.0010)
2025-12-26 01:30:20 [sessionwavs] wrote 6 wav files to /home/general/SignalAssistant/logs/sessionwavs/session-20251226-012952 (shutdown)
# Session closed at 2025-12-26 01:30:20
