# SignalAssistant session log
# Started at 2025-12-08 02:54:48
2025-12-08 02:54:48 [session] mode=live session='' path='' duration=0.00 files=0
2025-12-08 02:54:49 [tracker-settings] TrackerConfig onsetThreshold=0.02000 minNoteDurSec=0.045 hopSec=0.010 slideDelta=120.0 bendDelta=35.0
2025-12-08 02:54:49 [tracker-settings] string1 midi=40 lowCut=37.08Hz highCut=445.00Hz baseline=0.000180 gateRatio=0.05500 envFloor=0.000450 sustainScale=0.580 retriggerScale=1.400 peakRelease=0.120 pitchTol=0.400 onsetScale=0.300
2025-12-08 02:54:49 [tracker-settings] string2 midi=45 lowCut=55.00Hz highCut=563.20Hz baseline=0.000220 gateRatio=0.10000 envFloor=0.000550 sustainScale=0.700 retriggerScale=1.250 peakRelease=0.130 pitchTol=0.400 onsetScale=0.450
2025-12-08 02:54:49 [tracker-settings] string3 midi=50 lowCut=85.16Hz highCut=693.05Hz baseline=0.000260 gateRatio=0.13000 envFloor=0.000650 sustainScale=0.820 retriggerScale=1.100 peakRelease=0.140 pitchTol=0.450 onsetScale=0.580
2025-12-08 02:54:49 [tracker-settings] string4 midi=55 lowCut=127.40Hz highCut=862.39Hz baseline=0.000320 gateRatio=0.17000 envFloor=0.000780 sustainScale=1.000 retriggerScale=1.000 peakRelease=0.160 pitchTol=0.440 onsetScale=0.700
2025-12-08 02:54:49 [tracker-settings] string5 midi=59 lowCut=160.51Hz highCut=1086.54Hz baseline=0.000370 gateRatio=0.21000 envFloor=0.000900 sustainScale=1.000 retriggerScale=1.000 peakRelease=0.180 pitchTol=0.500 onsetScale=0.800
2025-12-08 02:54:49 [tracker-settings] string6 midi=64 lowCut=214.26Hz highCut=1450.36Hz baseline=0.000420 gateRatio=0.25000 envFloor=0.001050 sustainScale=1.000 retriggerScale=1.000 peakRelease=0.200 pitchTol=0.550 onsetScale=0.900
2025-12-08 02:54:49 [tracker] [s1] calibration reset
2025-12-08 02:54:49 [tracker] [s2] calibration reset
2025-12-08 02:54:49 [tracker] [s3] calibration reset
2025-12-08 02:54:49 [tracker] [s4] calibration reset
2025-12-08 02:54:49 [tracker] [s5] calibration reset
2025-12-08 02:54:49 [tracker] [s6] calibration reset
2025-12-08 02:54:49 [tracker] [s1] calibration avg=0.03165 peak=0.10910
2025-12-08 02:54:49 [tracker] [s2] calibration avg=0.01798 peak=0.04582
2025-12-08 02:54:49 [tracker] [s3] calibration avg=0.01325 peak=0.06025
2025-12-08 02:54:49 [tracker] [s4] calibration avg=0.03051 peak=0.11407
2025-12-08 02:54:49 [tracker] [s5] calibration avg=0.03291 peak=0.07733
2025-12-08 02:54:49 [tracker] [s6] calibration avg=0.04616 peak=0.12280
2025-12-08 02:54:50 [tracker] [s1] configure sr=48000.0 hop=128 fft=1024 low=37.1 high=445.0
2025-12-08 02:54:50 [tracker] [s1] params baseline=0.000180 gate=0.0550 envFloor=0.000450 sustain=0.580 retrigger=1.400 peakRelease=0.120 pitchTol=0.400 onsetScale=0.006 aubioScale=1.20 aubioThresh=0.024 onsetSilence=-85.0 pitchSilence=-90.0
2025-12-08 02:54:50 [tracker] [s2] configure sr=48000.0 hop=128 fft=1024 low=55.0 high=563.2
2025-12-08 02:54:50 [tracker] [s2] params baseline=0.000220 gate=0.1000 envFloor=0.000550 sustain=0.700 retrigger=1.250 peakRelease=0.130 pitchTol=0.400 onsetScale=0.009 aubioScale=1.35 aubioThresh=0.027 onsetSilence=-85.0 pitchSilence=-90.0
2025-12-08 02:54:50 [tracker] [s3] configure sr=48000.0 hop=128 fft=1024 low=85.2 high=693.0
2025-12-08 02:54:50 [tracker] [s3] params baseline=0.000260 gate=0.1300 envFloor=0.000650 sustain=0.820 retrigger=1.100 peakRelease=0.140 pitchTol=0.450 onsetScale=0.012 aubioScale=1.60 aubioThresh=0.032 onsetSilence=-75.0 pitchSilence=-80.0
2025-12-08 02:54:50 [tracker] [s4] configure sr=48000.0 hop=128 fft=1024 low=127.4 high=862.4
2025-12-08 02:54:50 [tracker] [s4] params baseline=0.000320 gate=0.1700 envFloor=0.000780 sustain=1.000 retrigger=1.000 peakRelease=0.160 pitchTol=0.440 onsetScale=0.014 aubioScale=1.80 aubioThresh=0.036 onsetSilence=-75.0 pitchSilence=-80.0
2025-12-08 02:54:50 [tracker] [s5] configure sr=48000.0 hop=128 fft=512 low=160.5 high=1086.5
2025-12-08 02:54:50 [tracker] [s5] params baseline=0.000370 gate=0.2100 envFloor=0.000900 sustain=1.000 retrigger=1.000 peakRelease=0.180 pitchTol=0.500 onsetScale=0.016 aubioScale=1.80 aubioThresh=0.036 onsetSilence=-75.0 pitchSilence=-80.0
2025-12-08 02:54:50 [tracker] [s6] configure sr=48000.0 hop=128 fft=512 low=214.3 high=1450.4
2025-12-08 02:54:50 [tracker] [s6] params baseline=0.000420 gate=0.2500 envFloor=0.001050 sustain=1.000 retrigger=1.000 peakRelease=0.200 pitchTol=0.550 onsetScale=0.018 aubioScale=1.80 aubioThresh=0.036 onsetSilence=-75.0 pitchSilence=-80.0
2025-12-08 02:54:50 [tracker] [s1] aubio-raw t=0.0067 onset=4.000000 env=0.000126 peak=0.000262 gain=1.000
2025-12-08 02:54:50 [tracker] [s1] onset-below-gate t=0.0067 env=0.000126 onset=4.000000 thresh=0.006000 baseline=0.029117 gate=0.001601 envFloor=0.024750 floor=0.029117 adapt=0.029117 lastPeak=0.000000 calib=0.029117 baseParam=0.000180 gateRatio=0.0550 envParam=0.000450
2025-12-08 02:54:50 [tracker] [s1] aubio-raw t=0.1827 onset=0.771313 env=0.000147 peak=0.000358 gain=1.000
2025-12-08 02:54:50 [tracker] [s1] onset-below-gate t=0.1827 env=0.000147 onset=0.771313 thresh=0.006000 baseline=0.029117 gate=0.001601 envFloor=0.024750 floor=0.029117 adapt=0.029117 lastPeak=0.000000 calib=0.029117 baseParam=0.000180 gateRatio=0.0550 envParam=0.000450
2025-12-08 02:54:50 [tracker] [s1] aubio-raw t=0.3080 onset=1.279637 env=0.000100 peak=0.000284 gain=1.000
2025-12-08 02:54:50 [tracker] [s1] onset-below-gate t=0.3080 env=0.000100 onset=1.279637 thresh=0.006000 baseline=0.029117 gate=0.001601 envFloor=0.024750 floor=0.029117 adapt=0.029117 lastPeak=0.000000 calib=0.029117 baseParam=0.000180 gateRatio=0.0550 envParam=0.000450
2025-12-08 02:54:50 [tracker] [s1] aubio-raw t=0.5960 onset=1.436861 env=0.000096 peak=0.000319 gain=1.000
2025-12-08 02:54:50 [tracker] [s1] onset-below-gate t=0.5960 env=0.000096 onset=1.436861 thresh=0.006000 baseline=0.029117 gate=0.001601 envFloor=0.024750 floor=0.029117 adapt=0.029117 lastPeak=0.000000 calib=0.029117 baseParam=0.000180 gateRatio=0.0550 envParam=0.000450
2025-12-08 02:54:50 [tracker] [s1] aubio-raw t=0.7453 onset=1.358210 env=0.000139 peak=0.000334 gain=1.000
2025-12-08 02:54:50 [tracker] [s1] onset-below-gate t=0.7453 env=0.000139 onset=1.358210 thresh=0.006000 baseline=0.029117 gate=0.001601 envFloor=0.024750 floor=0.029117 adapt=0.029117 lastPeak=0.000000 calib=0.029117 baseParam=0.000180 gateRatio=0.0550 envParam=0.000450
2025-12-08 02:54:50 [tracker] [s1] aubio-raw t=0.8147 onset=0.996647 env=0.000094 peak=0.000262 gain=1.000
2025-12-08 02:54:50 [tracker] [s1] onset-below-gate t=0.8147 env=0.000094 onset=0.996647 thresh=0.006000 baseline=0.029117 gate=0.001601 envFloor=0.024750 floor=0.029117 adapt=0.029117 lastPeak=0.000000 calib=0.029117 baseParam=0.000180 gateRatio=0.0550 envParam=0.000450
2025-12-08 02:54:51 [tracker] [s1] aubio-raw t=1.3773 onset=1.437912 env=0.000111 peak=0.000322 gain=1.000
2025-12-08 02:54:51 [tracker] [s1] onset-below-gate t=1.3773 env=0.000111 onset=1.437912 thresh=0.006000 baseline=0.029117 gate=0.001601 envFloor=0.024750 floor=0.029117 adapt=0.029117 lastPeak=0.000000 calib=0.029117 baseParam=0.000180 gateRatio=0.0550 envParam=0.000450
2025-12-08 02:54:51 [tracker] [s1] aubio-raw t=1.5267 onset=0.942560 env=0.000147 peak=0.000366 gain=1.000
2025-12-08 02:54:51 [tracker] [s1] onset-below-gate t=1.5267 env=0.000147 onset=0.942560 thresh=0.006000 baseline=0.029117 gate=0.001601 envFloor=0.024750 floor=0.029117 adapt=0.029117 lastPeak=0.000000 calib=0.029117 baseParam=0.000180 gateRatio=0.0550 envParam=0.000450
2025-12-08 02:54:52 [tracker] [s1] aubio-raw t=2.1853 onset=0.876313 env=0.000119 peak=0.000279 gain=1.000
2025-12-08 02:54:52 [tracker] [s1] onset-below-gate t=2.1853 env=0.000119 onset=0.876313 thresh=0.006000 baseline=0.029117 gate=0.001601 envFloor=0.024750 floor=0.029117 adapt=0.029117 lastPeak=0.000000 calib=0.029117 baseParam=0.000180 gateRatio=0.0550 envParam=0.000450
2025-12-08 02:54:52 [tracker] [s1] aubio-raw t=2.4787 onset=1.171326 env=0.000097 peak=0.000302 gain=1.000
2025-12-08 02:54:52 [tracker] [s1] onset-below-gate t=2.4787 env=0.000097 onset=1.171326 thresh=0.006000 baseline=0.029117 gate=0.001601 envFloor=0.024750 floor=0.029117 adapt=0.029117 lastPeak=0.000000 calib=0.029117 baseParam=0.000180 gateRatio=0.0550 envParam=0.000450
2025-12-08 02:54:52 [tracker] [s1] aubio-raw t=2.6200 onset=0.806550 env=0.000142 peak=0.000335 gain=1.000
2025-12-08 02:54:52 [tracker] [s1] onset-below-gate t=2.6200 env=0.000142 onset=0.806550 thresh=0.006000 baseline=0.029117 gate=0.001601 envFloor=0.024750 floor=0.029117 adapt=0.029117 lastPeak=0.000000 calib=0.029117 baseParam=0.000180 gateRatio=0.0550 envParam=0.000450
2025-12-08 02:54:52 [tracker] [s1] aubio-raw t=2.7107 onset=0.905047 env=0.000142 peak=0.000368 gain=1.000
2025-12-08 02:54:52 [tracker] [s1] onset-below-gate t=2.7107 env=0.000142 onset=0.905047 thresh=0.006000 baseline=0.029117 gate=0.001601 envFloor=0.024750 floor=0.029117 adapt=0.029117 lastPeak=0.000000 calib=0.029117 baseParam=0.000180 gateRatio=0.0550 envParam=0.000450
2025-12-08 02:54:52 [tracker] [s1] aubio-raw t=2.8307 onset=1.001902 env=0.000120 peak=0.000291 gain=1.000
2025-12-08 02:54:52 [tracker] [s1] onset-below-gate t=2.8307 env=0.000120 onset=1.001902 thresh=0.006000 baseline=0.029117 gate=0.001601 envFloor=0.024750 floor=0.029117 adapt=0.029117 lastPeak=0.000000 calib=0.029117 baseParam=0.000180 gateRatio=0.0550 envParam=0.000450
2025-12-08 02:54:53 [tracker] [s1] aubio-raw t=2.9587 onset=0.940663 env=0.000848 peak=0.001474 gain=1.000
2025-12-08 02:54:53 [tracker] [s1] onset-below-gate t=2.9587 env=0.000848 onset=0.940663 thresh=0.006000 baseline=0.029117 gate=0.001601 envFloor=0.024750 floor=0.029117 adapt=0.029117 lastPeak=0.000000 calib=0.029117 baseParam=0.000180 gateRatio=0.0550 envParam=0.000450
2025-12-08 02:54:53 [tracker] [s1] aubio-raw t=3.0360 onset=0.958722 env=0.000096 peak=0.000234 gain=1.000
2025-12-08 02:54:53 [tracker] [s1] onset-below-gate t=3.0360 env=0.000096 onset=0.958722 thresh=0.006000 baseline=0.029117 gate=0.001601 envFloor=0.024750 floor=0.029117 adapt=0.029117 lastPeak=0.000000 calib=0.029117 baseParam=0.000180 gateRatio=0.0550 envParam=0.000450
2025-12-08 02:54:53 [tracker] [s1] aubio-raw t=3.2147 onset=1.109487 env=0.000852 peak=0.001381 gain=1.000
2025-12-08 02:54:53 [tracker] [s1] onset-below-gate t=3.2147 env=0.000852 onset=1.109487 thresh=0.006000 baseline=0.029117 gate=0.001601 envFloor=0.024750 floor=0.029117 adapt=0.029117 lastPeak=0.000000 calib=0.029117 baseParam=0.000180 gateRatio=0.0550 envParam=0.000450
2025-12-08 02:54:53 [tracker] [s1] aubio-raw t=3.3454 onset=1.312968 env=0.000289 peak=0.000583 gain=1.000
2025-12-08 02:54:53 [tracker] [s1] onset-below-gate t=3.3454 env=0.000289 onset=1.312968 thresh=0.006000 baseline=0.029117 gate=0.001601 envFloor=0.024750 floor=0.029117 adapt=0.029117 lastPeak=0.000000 calib=0.029117 baseParam=0.000180 gateRatio=0.0550 envParam=0.000450
2025-12-08 02:54:53 [tracker] [s1] aubio-raw t=3.4147 onset=0.624135 env=0.000110 peak=0.000295 gain=1.000
2025-12-08 02:54:53 [tracker] [s1] onset-below-gate t=3.4147 env=0.000110 onset=0.624135 thresh=0.006000 baseline=0.029117 gate=0.001601 envFloor=0.024750 floor=0.029117 adapt=0.029117 lastPeak=0.000000 calib=0.029117 baseParam=0.000180 gateRatio=0.0550 envParam=0.000450
2025-12-08 02:54:53 [tracker] [s1] aubio-raw t=3.4734 onset=0.613540 env=0.000113 peak=0.000292 gain=1.000
2025-12-08 02:54:53 [tracker] [s1] onset-below-gate t=3.4734 env=0.000113 onset=0.613540 thresh=0.006000 baseline=0.029117 gate=0.001601 envFloor=0.024750 floor=0.029117 adapt=0.029117 lastPeak=0.000000 calib=0.029117 baseParam=0.000180 gateRatio=0.0550 envParam=0.000450
2025-12-08 02:54:53 [tracker] [s1] aubio-raw t=3.6200 onset=1.126046 env=0.000865 peak=0.001592 gain=1.000
2025-12-08 02:54:53 [tracker] [s1] onset-below-gate t=3.6200 env=0.000865 onset=1.126046 thresh=0.006000 baseline=0.029117 gate=0.001601 envFloor=0.024750 floor=0.029117 adapt=0.029117 lastPeak=0.000000 calib=0.029117 baseParam=0.000180 gateRatio=0.0550 envParam=0.000450
2025-12-08 02:54:53 [tracker] [s1] aubio-raw t=3.6707 onset=1.472941 env=0.000329 peak=0.000576 gain=1.000
2025-12-08 02:54:53 [tracker] [s1] onset-below-gate t=3.6707 env=0.000329 onset=1.472941 thresh=0.006000 baseline=0.029117 gate=0.001601 envFloor=0.024750 floor=0.029117 adapt=0.029117 lastPeak=0.000000 calib=0.029117 baseParam=0.000180 gateRatio=0.0550 envParam=0.000450
2025-12-08 02:54:54 [tracker] [s1] aubio-raw t=3.8947 onset=0.838894 env=0.000202 peak=0.000493 gain=1.000
2025-12-08 02:54:54 [tracker] [s1] onset-below-gate t=3.8947 env=0.000202 onset=0.838894 thresh=0.006000 baseline=0.029117 gate=0.001601 envFloor=0.024750 floor=0.029117 adapt=0.029117 lastPeak=0.000000 calib=0.029117 baseParam=0.000180 gateRatio=0.0550 envParam=0.000450
2025-12-08 02:54:54 [tracker] [s1] aubio-raw t=4.1347 onset=1.094156 env=0.007167 peak=0.012186 gain=1.000
2025-12-08 02:54:54 [tracker] [s1] onset-below-env-floor t=4.1347 env=0.007167 onset=1.094156 thresh=0.006000 baseline=0.029117 gate=0.001601 envFloor=0.024750 floor=0.029117 adapt=0.029117 lastPeak=0.000000 calib=0.029117 baseParam=0.000180 gateRatio=0.0550 envParam=0.000450
2025-12-08 02:54:55 [tracker] [s1] aubio-raw t=4.9960 onset=1.330716 env=0.000185 peak=0.000424 gain=1.000
2025-12-08 02:54:55 [tracker] [s1] onset-below-gate t=4.9960 env=0.000185 onset=1.330716 thresh=0.006000 baseline=0.029117 gate=0.001601 envFloor=0.024750 floor=0.029117 adapt=0.029117 lastPeak=0.000000 calib=0.029117 baseParam=0.000180 gateRatio=0.0550 envParam=0.000450
2025-12-08 02:54:55 [tracker] [s1] aubio-raw t=5.2813 onset=0.999272 env=0.000108 peak=0.000270 gain=1.000
2025-12-08 02:54:55 [tracker] [s1] onset-below-gate t=5.2813 env=0.000108 onset=0.999272 thresh=0.006000 baseline=0.029117 gate=0.001601 envFloor=0.024750 floor=0.029117 adapt=0.029117 lastPeak=0.000000 calib=0.029117 baseParam=0.000180 gateRatio=0.0550 envParam=0.000450
2025-12-08 02:54:55 [tracker] [s1] aubio-raw t=5.4226 onset=0.716565 env=0.000268 peak=0.000491 gain=1.000
2025-12-08 02:54:55 [tracker] [s1] onset-below-gate t=5.4226 env=0.000268 onset=0.716565 thresh=0.006000 baseline=0.029117 gate=0.001601 envFloor=0.024750 floor=0.029117 adapt=0.029117 lastPeak=0.000000 calib=0.029117 baseParam=0.000180 gateRatio=0.0550 envParam=0.000450
2025-12-08 02:54:55 [tracker] [s2] onset t=5.647 env=0.06517 baseline=0.01690 gate=0.00169 envFloor=0.01436 onset=1.207>=0.009
2025-12-08 02:54:55 [tracker] [s1] aubio-raw t=5.6493 onset=0.745557 env=0.001203 peak=0.001932 gain=1.000
2025-12-08 02:54:55 [tracker] [s1] onset-below-gate t=5.6493 env=0.001203 onset=0.745557 thresh=0.006000 baseline=0.029117 gate=0.001601 envFloor=0.024750 floor=0.029117 adapt=0.029117 lastPeak=0.000000 calib=0.029117 baseParam=0.000180 gateRatio=0.0550 envParam=0.000450
2025-12-08 02:54:56 [tracker] [s1] aubio-raw t=5.9506 onset=1.193817 env=0.000484 peak=0.000917 gain=1.000
2025-12-08 02:54:56 [tracker] [s1] onset-below-gate t=5.9506 env=0.000484 onset=1.193817 thresh=0.006000 baseline=0.029117 gate=0.001601 envFloor=0.024750 floor=0.029117 adapt=0.029117 lastPeak=0.000000 calib=0.029117 baseParam=0.000180 gateRatio=0.0550 envParam=0.000450
2025-12-08 02:54:56 [tracker] [s1] aubio-raw t=6.2332 onset=1.311633 env=0.000144 peak=0.000311 gain=1.000
2025-12-08 02:54:56 [tracker] [s1] onset-below-gate t=6.2332 env=0.000144 onset=1.311633 thresh=0.006000 baseline=0.029117 gate=0.001601 envFloor=0.024750 floor=0.029117 adapt=0.029117 lastPeak=0.000000 calib=0.029117 baseParam=0.000180 gateRatio=0.0550 envParam=0.000450
2025-12-08 02:54:56 [tracker] [s1] aubio-raw t=6.3025 onset=1.106594 env=0.000104 peak=0.000261 gain=1.000
2025-12-08 02:54:56 [tracker] [s1] onset-below-gate t=6.3025 env=0.000104 onset=1.106594 thresh=0.006000 baseline=0.029117 gate=0.001601 envFloor=0.024750 floor=0.029117 adapt=0.029117 lastPeak=0.000000 calib=0.029117 baseParam=0.000180 gateRatio=0.0550 envParam=0.000450
2025-12-08 02:54:56 [tracker] [s2] onset t=6.327 env=0.03849 baseline=0.01690 gate=0.00169 envFloor=0.01436 onset=1.024>=0.009
2025-12-08 02:54:56 [tracker] [s2] onset t=6.420 env=0.08294 baseline=0.03260 gate=0.00326 envFloor=0.02282 onset=1.001>=0.009
2025-12-08 02:54:56 [tracker] [s2] note-start t=6.420 fret=5 midi=50 vel=1.00 env=0.08294
2025-12-08 02:54:56 [tracker] [s2] release-retrigger t=6.471 onset=1.124 gate=0.039 age=0.051
2025-12-08 02:54:56 [tracker] [s2] note-ended t=6.471 fret=5 dur=0.051
2025-12-08 02:54:56 [tracker] [s2] onset t=6.649 env=0.02173 baseline=0.04851 gate=0.00485 envFloor=0.01436 onset=0.681>=0.009
2025-12-08 02:54:56 [tracker] [s2] note-start t=6.649 fret=7 midi=52 vel=0.26 env=0.02173
2025-12-08 02:54:56 [tracker] [s1] aubio-raw t=6.6732 onset=1.126063 env=0.000149 peak=0.000324 gain=1.000
2025-12-08 02:54:56 [tracker] [s1] onset-below-gate t=6.6732 env=0.000149 onset=1.126063 thresh=0.006000 baseline=0.029117 gate=0.001601 envFloor=0.024750 floor=0.029117 adapt=0.029117 lastPeak=0.000000 calib=0.029117 baseParam=0.000180 gateRatio=0.0550 envParam=0.000450
2025-12-08 02:54:56 [tracker] [s2] release-quiet t=6.713 avgEnv=0.00017 floor=0.01005 quietFrames=8
2025-12-08 02:54:56 [tracker] [s2] note-ended t=6.713 fret=7 dur=0.064
2025-12-08 02:54:56 [tracker] [s1] aubio-raw t=6.7718 onset=0.983029 env=0.000099 peak=0.000268 gain=1.000
2025-12-08 02:54:56 [tracker] [s1] onset-below-gate t=6.7718 env=0.000099 onset=0.983029 thresh=0.006000 baseline=0.029117 gate=0.001601 envFloor=0.024750 floor=0.029117 adapt=0.029117 lastPeak=0.000000 calib=0.029117 baseParam=0.000180 gateRatio=0.0550 envParam=0.000450
2025-12-08 02:54:57 [tracker] [s1] aubio-raw t=6.9532 onset=0.994285 env=0.000133 peak=0.000405 gain=1.000
2025-12-08 02:54:57 [tracker] [s1] onset-below-gate t=6.9532 env=0.000133 onset=0.994285 thresh=0.006000 baseline=0.029117 gate=0.001601 envFloor=0.024750 floor=0.029117 adapt=0.029117 lastPeak=0.000000 calib=0.029117 baseParam=0.000180 gateRatio=0.0550 envParam=0.000450
2025-12-08 02:54:57 [tracker] [s1] aubio-raw t=7.1132 onset=0.707110 env=0.000096 peak=0.000274 gain=1.000
2025-12-08 02:54:57 [tracker] [s1] onset-below-gate t=7.1132 env=0.000096 onset=0.707110 thresh=0.006000 baseline=0.029117 gate=0.001601 envFloor=0.024750 floor=0.029117 adapt=0.029117 lastPeak=0.000000 calib=0.029117 baseParam=0.000180 gateRatio=0.0550 envParam=0.000450
2025-12-08 02:54:57 [tracker] [s1] aubio-raw t=7.2385 onset=1.417956 env=0.000079 peak=0.000208 gain=1.000
2025-12-08 02:54:57 [tracker] [s1] onset-below-gate t=7.2385 env=0.000079 onset=1.417956 thresh=0.006000 baseline=0.029117 gate=0.001601 envFloor=0.024750 floor=0.029117 adapt=0.029117 lastPeak=0.000000 calib=0.029117 baseParam=0.000180 gateRatio=0.0550 envParam=0.000450
2025-12-08 02:54:57 [tracker] [s1] aubio-raw t=7.3238 onset=0.997311 env=0.000310 peak=0.000661 gain=1.000
2025-12-08 02:54:57 [tracker] [s1] onset-below-gate t=7.3238 env=0.000310 onset=0.997311 thresh=0.006000 baseline=0.029117 gate=0.001601 envFloor=0.024750 floor=0.029117 adapt=0.029117 lastPeak=0.000000 calib=0.029117 baseParam=0.000180 gateRatio=0.0550 envParam=0.000450
2025-12-08 02:54:57 [tracker] [s2] onset t=7.353 env=0.01869 baseline=0.01690 gate=0.00169 envFloor=0.01436 onset=0.984>=0.009
2025-12-08 02:54:57 [tracker] [s2] onset t=7.425 env=0.07703 baseline=0.03233 gate=0.00323 envFloor=0.02263 onset=1.003>=0.009
2025-12-08 02:54:57 [tracker] [s2] note-start t=7.425 fret=5 midi=50 vel=0.92 env=0.07703
2025-12-08 02:54:57 [tracker] [s1] aubio-raw t=7.4971 onset=1.191223 env=0.000158 peak=0.000412 gain=1.000
2025-12-08 02:54:57 [tracker] [s1] onset-below-gate t=7.4971 env=0.000158 onset=1.191223 thresh=0.006000 baseline=0.029117 gate=0.001601 envFloor=0.024750 floor=0.029117 adapt=0.029117 lastPeak=0.000000 calib=0.029117 baseParam=0.000180 gateRatio=0.0550 envParam=0.000450
2025-12-08 02:54:57 [tracker] [s2] release-retrigger t=7.497 onset=0.880 gate=0.040 age=0.072
2025-12-08 02:54:57 [tracker] [s2] note-ended t=7.497 fret=5 dur=0.072
2025-12-08 02:54:57 [tracker] [s2] onset t=7.569 env=0.06100 baseline=0.05289 gate=0.00529 envFloor=0.01826 onset=1.018>=0.009
2025-12-08 02:54:57 [tracker] [s2] note-start t=7.569 fret=5 midi=50 vel=0.73 env=0.06100
2025-12-08 02:54:57 [tracker] [s1] aubio-raw t=7.7184 onset=1.000582 env=0.000724 peak=0.001329 gain=1.000
2025-12-08 02:54:57 [tracker] [s1] onset-below-gate t=7.7184 env=0.000724 onset=1.000582 thresh=0.006000 baseline=0.029117 gate=0.001601 envFloor=0.024750 floor=0.029117 adapt=0.029117 lastPeak=0.000000 calib=0.029117 baseParam=0.000180 gateRatio=0.0550 envParam=0.000450
2025-12-08 02:54:58 [tracker] [s1] aubio-raw t=8.0064 onset=1.001342 env=0.000264 peak=0.000679 gain=1.000
2025-12-08 02:54:58 [tracker] [s1] onset-below-gate t=8.0064 env=0.000264 onset=1.001342 thresh=0.006000 baseline=0.029117 gate=0.001601 envFloor=0.024750 floor=0.029117 adapt=0.029117 lastPeak=0.000000 calib=0.029117 baseParam=0.000180 gateRatio=0.0550 envParam=0.000450
2025-12-08 02:54:58 [tracker] [s1] aubio-raw t=8.0784 onset=0.997295 env=0.000341 peak=0.000600 gain=1.000
2025-12-08 02:54:58 [tracker] [s1] onset-below-gate t=8.0784 env=0.000341 onset=0.997295 thresh=0.006000 baseline=0.029117 gate=0.001601 envFloor=0.024750 floor=0.029117 adapt=0.029117 lastPeak=0.000000 calib=0.029117 baseParam=0.000180 gateRatio=0.0550 envParam=0.000450
2025-12-08 02:54:58 [tracker] [s2] onset t=8.236 env=0.02268 baseline=0.01690 gate=0.00169 envFloor=0.01436 onset=1.422>=0.009
2025-12-08 02:54:58 [tracker] [s2] note-ended (new onset) t=8.236 fret=5 dur=0.667
2025-12-08 02:54:58 [tracker] [s2] note-start t=8.236 fret=5 midi=50 vel=0.27 env=0.02268
2025-12-08 02:54:58 [tracker] [s1] aubio-raw t=8.2384 onset=1.333309 env=0.000231 peak=0.000464 gain=1.000
2025-12-08 02:54:58 [tracker] [s1] onset-below-gate t=8.2384 env=0.000231 onset=1.333309 thresh=0.006000 baseline=0.029117 gate=0.001601 envFloor=0.024750 floor=0.029117 adapt=0.029117 lastPeak=0.000000 calib=0.029117 baseParam=0.000180 gateRatio=0.0550 envParam=0.000450
2025-12-08 02:54:58 [tracker] [s1] aubio-raw t=8.3744 onset=0.994753 env=0.000206 peak=0.000422 gain=1.000
2025-12-08 02:54:58 [tracker] [s1] onset-below-gate t=8.3744 env=0.000206 onset=0.994753 thresh=0.006000 baseline=0.029117 gate=0.001601 envFloor=0.024750 floor=0.029117 adapt=0.029117 lastPeak=0.000000 calib=0.029117 baseParam=0.000180 gateRatio=0.0550 envParam=0.000450
2025-12-08 02:54:58 [tracker] [s2] release-retrigger t=8.545 onset=1.003 gate=0.018 age=0.309
2025-12-08 02:54:58 [tracker] [s2] note-ended t=8.545 fret=5 dur=0.309
2025-12-08 02:54:59 [tracker] [s1] aubio-raw t=8.9370 onset=1.120870 env=0.000117 peak=0.000309 gain=1.000
2025-12-08 02:54:59 [tracker] [s1] onset-below-gate t=8.9370 env=0.000117 onset=1.120870 thresh=0.006000 baseline=0.029117 gate=0.001601 envFloor=0.024750 floor=0.029117 adapt=0.029117 lastPeak=0.000000 calib=0.029117 baseParam=0.000180 gateRatio=0.0550 envParam=0.000450
2025-12-08 02:54:59 [tracker] [s1] aubio-raw t=9.0517 onset=0.999515 env=0.000166 peak=0.000357 gain=1.000
2025-12-08 02:54:59 [tracker] [s1] onset-below-gate t=9.0517 env=0.000166 onset=0.999515 thresh=0.006000 baseline=0.029117 gate=0.001601 envFloor=0.024750 floor=0.029117 adapt=0.029117 lastPeak=0.000000 calib=0.029117 baseParam=0.000180 gateRatio=0.0550 envParam=0.000450
2025-12-08 02:54:59 [tracker] [s1] aubio-raw t=9.1823 onset=0.999955 env=0.000190 peak=0.000411 gain=1.000
2025-12-08 02:54:59 [tracker] [s1] onset-below-gate t=9.1823 env=0.000190 onset=0.999955 thresh=0.006000 baseline=0.029117 gate=0.001601 envFloor=0.024750 floor=0.029117 adapt=0.029117 lastPeak=0.000000 calib=0.029117 baseParam=0.000180 gateRatio=0.0550 envParam=0.000450
2025-12-08 02:54:59 [tracker] [s1] aubio-raw t=9.4623 onset=0.556573 env=0.000142 peak=0.000397 gain=1.000
2025-12-08 02:54:59 [tracker] [s1] onset-below-gate t=9.4623 env=0.000142 onset=0.556573 thresh=0.006000 baseline=0.029117 gate=0.001601 envFloor=0.024750 floor=0.029117 adapt=0.029117 lastPeak=0.000000 calib=0.029117 baseParam=0.000180 gateRatio=0.0550 envParam=0.000450
2025-12-08 02:54:59 [tracker] [s1] aubio-raw t=9.7130 onset=1.244212 env=0.000133 peak=0.000384 gain=1.000
2025-12-08 02:54:59 [tracker] [s1] onset-below-gate t=9.7130 env=0.000133 onset=1.244212 thresh=0.006000 baseline=0.029117 gate=0.001601 envFloor=0.024750 floor=0.029117 adapt=0.029117 lastPeak=0.000000 calib=0.029117 baseParam=0.000180 gateRatio=0.0550 envParam=0.000450
2025-12-08 02:54:59 [tracker] [s2] onset t=9.820 env=0.06891 baseline=0.03275 gate=0.00327 envFloor=0.02292 onset=0.805>=0.009
2025-12-08 02:54:59 [tracker] [s2] note-start t=9.820 fret=5 midi=50 vel=0.83 env=0.06891
2025-12-08 02:54:59 [tracker] [s1] aubio-raw t=9.8223 onset=1.217229 env=0.001378 peak=0.002323 gain=1.000
2025-12-08 02:54:59 [tracker] [s1] onset-below-gate t=9.8223 env=0.001378 onset=1.217229 thresh=0.006000 baseline=0.029117 gate=0.001601 envFloor=0.024750 floor=0.029117 adapt=0.029117 lastPeak=0.000000 calib=0.029117 baseParam=0.000180 gateRatio=0.0550 envParam=0.000450
2025-12-08 02:55:00 [tracker] [s1] aubio-raw t=9.8890 onset=0.950118 env=0.001440 peak=0.002121 gain=1.000
2025-12-08 02:55:00 [tracker] [s1] onset-below-gate t=9.8890 env=0.001440 onset=0.950118 thresh=0.006000 baseline=0.029117 gate=0.001601 envFloor=0.024750 floor=0.029117 adapt=0.029117 lastPeak=0.000000 calib=0.029117 baseParam=0.000180 gateRatio=0.0550 envParam=0.000450
2025-12-08 02:55:00 [tracker] [s2] release-retrigger t=10.001 onset=0.735 gate=0.033 age=0.181
2025-12-08 02:55:00 [tracker] [s2] note-ended t=10.001 fret=5 dur=0.181
2025-12-08 02:55:00 [tracker] [s1] aubio-raw t=10.0196 onset=0.997093 env=0.000790 peak=0.001344 gain=1.000
2025-12-08 02:55:00 [tracker] [s1] onset-below-gate t=10.0196 env=0.000790 onset=0.997093 thresh=0.006000 baseline=0.029117 gate=0.001601 envFloor=0.024750 floor=0.029117 adapt=0.029117 lastPeak=0.000000 calib=0.029117 baseParam=0.000180 gateRatio=0.0550 envParam=0.000450
2025-12-08 02:55:00 [tracker] [s2] onset t=10.246 env=0.01876 baseline=0.02781 gate=0.00278 envFloor=0.01436 onset=0.694>=0.009
2025-12-08 02:55:00 [tracker] [s2] note-start t=10.246 fret=5 midi=50 vel=0.23 env=0.01876
2025-12-08 02:55:00 [tracker] [s1] aubio-raw t=10.2729 onset=0.865957 env=0.000786 peak=0.001266 gain=1.000
2025-12-08 02:55:00 [tracker] [s1] onset-below-gate t=10.2729 env=0.000786 onset=0.865957 thresh=0.006000 baseline=0.029117 gate=0.001601 envFloor=0.024750 floor=0.029117 adapt=0.029117 lastPeak=0.000000 calib=0.029117 baseParam=0.000180 gateRatio=0.0550 envParam=0.000450
2025-12-08 02:55:00 [tracker] [s2] onset t=10.366 env=0.01942 baseline=0.01690 gate=0.00169 envFloor=0.01436 onset=1.412>=0.009
2025-12-08 02:55:00 [tracker] [s2] note-ended (new onset) t=10.366 fret=5 dur=0.120
2025-12-08 02:55:00 [tracker] [s2] note-start t=10.366 fret=5 midi=50 vel=0.23 env=0.01942
2025-12-08 02:55:00 [tracker] [s1] aubio-raw t=10.6756 onset=1.026964 env=0.000499 peak=0.000835 gain=1.000
2025-12-08 02:55:00 [tracker] [s1] onset-below-gate t=10.6756 env=0.000499 onset=1.026964 thresh=0.006000 baseline=0.029117 gate=0.001601 envFloor=0.024750 floor=0.029117 adapt=0.029117 lastPeak=0.000000 calib=0.029117 baseParam=0.000180 gateRatio=0.0550 envParam=0.000450
2025-12-08 02:55:00 [tracker] [s1] aubio-raw t=10.7502 onset=0.657036 env=0.000361 peak=0.000684 gain=1.000
2025-12-08 02:55:00 [tracker] [s1] onset-below-gate t=10.7502 env=0.000361 onset=0.657036 thresh=0.006000 baseline=0.029117 gate=0.001601 envFloor=0.024750 floor=0.029117 adapt=0.029117 lastPeak=0.000000 calib=0.029117 baseParam=0.000180 gateRatio=0.0550 envParam=0.000450
2025-12-08 02:55:00 [tracker] [s2] onset t=10.806 env=0.02005 baseline=0.01690 gate=0.00169 envFloor=0.01436 onset=1.364>=0.009
2025-12-08 02:55:00 [tracker] [s2] note-ended (new onset) t=10.806 fret=5 dur=0.440
2025-12-08 02:55:00 [tracker] [s2] note-start t=10.806 fret=5 midi=50 vel=0.24 env=0.02005
2025-12-08 02:55:01 [tracker] [s2] onset t=10.950 env=0.01731 baseline=0.01690 gate=0.00169 envFloor=0.01436 onset=1.139>=0.009
2025-12-08 02:55:01 [tracker] [s2] note-ended (new onset) t=10.950 fret=5 dur=0.144
2025-12-08 02:55:01 [tracker] [s2] note-start t=10.950 fret=5 midi=50 vel=0.21 env=0.01731
2025-12-08 02:55:01 [tracker] [s2] release-retrigger t=11.041 onset=1.026 gate=0.018 age=0.091
2025-12-08 02:55:01 [tracker] [s2] note-ended t=11.041 fret=5 dur=0.091
2025-12-08 02:55:01 [tracker] [s2] onset t=11.100 env=0.01882 baseline=0.01690 gate=0.00169 envFloor=0.01436 onset=1.090>=0.009
2025-12-08 02:55:01 [tracker] [s2] note-start t=11.100 fret=5 midi=50 vel=0.23 env=0.01882
2025-12-08 02:55:01 [tracker] [s2] release-quiet t=11.164 avgEnv=0.00218 floor=0.01005 quietFrames=8
2025-12-08 02:55:01 [tracker] [s2] note-ended t=11.164 fret=5 dur=0.064
2025-12-08 02:55:01 [tracker] [s1] aubio-raw t=11.2169 onset=0.997661 env=0.000168 peak=0.000355 gain=1.000
2025-12-08 02:55:01 [tracker] [s1] onset-below-gate t=11.2169 env=0.000168 onset=0.997661 thresh=0.006000 baseline=0.029117 gate=0.001601 envFloor=0.024750 floor=0.029117 adapt=0.029117 lastPeak=0.000000 calib=0.029117 baseParam=0.000180 gateRatio=0.0550 envParam=0.000450
2025-12-08 02:55:01 [tracker] [s1] aubio-raw t=11.3822 onset=0.996783 env=0.000175 peak=0.000368 gain=1.000
2025-12-08 02:55:01 [tracker] [s1] onset-below-gate t=11.3822 env=0.000175 onset=0.996783 thresh=0.006000 baseline=0.029117 gate=0.001601 envFloor=0.024750 floor=0.029117 adapt=0.029117 lastPeak=0.000000 calib=0.029117 baseParam=0.000180 gateRatio=0.0550 envParam=0.000450
2025-12-08 02:55:01 [tracker] [s1] aubio-raw t=11.4862 onset=0.684702 env=0.000146 peak=0.000335 gain=1.000
2025-12-08 02:55:01 [tracker] [s1] onset-below-gate t=11.4862 env=0.000146 onset=0.684702 thresh=0.006000 baseline=0.029117 gate=0.001601 envFloor=0.024750 floor=0.029117 adapt=0.029117 lastPeak=0.000000 calib=0.029117 baseParam=0.000180 gateRatio=0.0550 envParam=0.000450
2025-12-08 02:55:01 [tracker] [s1] aubio-raw t=11.5875 onset=1.404003 env=0.000098 peak=0.000316 gain=1.000
2025-12-08 02:55:01 [tracker] [s1] onset-below-gate t=11.5875 env=0.000098 onset=1.404003 thresh=0.006000 baseline=0.029117 gate=0.001601 envFloor=0.024750 floor=0.029117 adapt=0.029117 lastPeak=0.000000 calib=0.029117 baseParam=0.000180 gateRatio=0.0550 envParam=0.000450
2025-12-08 02:55:01 [tracker] [s1] aubio-raw t=11.6568 onset=1.080873 env=0.000108 peak=0.000280 gain=1.000
2025-12-08 02:55:01 [tracker] [s1] onset-below-gate t=11.6568 env=0.000108 onset=1.080873 thresh=0.006000 baseline=0.029117 gate=0.001601 envFloor=0.024750 floor=0.029117 adapt=0.029117 lastPeak=0.000000 calib=0.029117 baseParam=0.000180 gateRatio=0.0550 envParam=0.000450
2025-12-08 02:55:02 [tracker] [s1] aubio-raw t=12.1395 onset=0.997555 env=0.000120 peak=0.000284 gain=1.000
2025-12-08 02:55:02 [tracker] [s1] onset-below-gate t=12.1395 env=0.000120 onset=0.997555 thresh=0.006000 baseline=0.029117 gate=0.001601 envFloor=0.024750 floor=0.029117 adapt=0.029117 lastPeak=0.000000 calib=0.029117 baseParam=0.000180 gateRatio=0.0550 envParam=0.000450
2025-12-08 02:55:02 [tracker] [s1] aubio-raw t=12.2968 onset=0.984402 env=0.000201 peak=0.000423 gain=1.000
2025-12-08 02:55:02 [tracker] [s1] onset-below-gate t=12.2968 env=0.000201 onset=0.984402 thresh=0.006000 baseline=0.029117 gate=0.001601 envFloor=0.024750 floor=0.029117 adapt=0.029117 lastPeak=0.000000 calib=0.029117 baseParam=0.000180 gateRatio=0.0550 envParam=0.000450
2025-12-08 02:55:02 [tracker] [s1] aubio-raw t=12.4274 onset=1.483311 env=0.000109 peak=0.000308 gain=1.000
2025-12-08 02:55:02 [tracker] [s1] onset-below-gate t=12.4274 env=0.000109 onset=1.483311 thresh=0.006000 baseline=0.029117 gate=0.001601 envFloor=0.024750 floor=0.029117 adapt=0.029117 lastPeak=0.000000 calib=0.029117 baseParam=0.000180 gateRatio=0.0550 envParam=0.000450
2025-12-08 02:55:02 [tracker] [s1] aubio-raw t=12.5501 onset=1.294498 env=0.000106 peak=0.000248 gain=1.000
2025-12-08 02:55:02 [tracker] [s1] onset-below-gate t=12.5501 env=0.000106 onset=1.294498 thresh=0.006000 baseline=0.029117 gate=0.001601 envFloor=0.024750 floor=0.029117 adapt=0.029117 lastPeak=0.000000 calib=0.029117 baseParam=0.000180 gateRatio=0.0550 envParam=0.000450
2025-12-08 02:55:02 [tracker] [s1] aubio-raw t=12.6834 onset=0.996297 env=0.000163 peak=0.000381 gain=1.000
2025-12-08 02:55:02 [tracker] [s1] onset-below-gate t=12.6834 env=0.000163 onset=0.996297 thresh=0.006000 baseline=0.029117 gate=0.001601 envFloor=0.024750 floor=0.029117 adapt=0.029117 lastPeak=0.000000 calib=0.029117 baseParam=0.000180 gateRatio=0.0550 envParam=0.000450
2025-12-08 02:55:02 [tracker] [s1] aubio-raw t=12.7981 onset=0.972819 env=0.000091 peak=0.000261 gain=1.000
2025-12-08 02:55:02 [tracker] [s1] onset-below-gate t=12.7981 env=0.000091 onset=0.972819 thresh=0.006000 baseline=0.029117 gate=0.001601 envFloor=0.024750 floor=0.029117 adapt=0.029117 lastPeak=0.000000 calib=0.029117 baseParam=0.000180 gateRatio=0.0550 envParam=0.000450
2025-12-08 02:55:03 [live-record] start
2025-12-08 02:55:03 [tracker] [s1] configure sr=48000.0 hop=128 fft=1024 low=37.1 high=445.0
2025-12-08 02:55:03 [tracker] [s1] params baseline=0.000180 gate=0.0550 envFloor=0.000450 sustain=0.580 retrigger=1.400 peakRelease=0.120 pitchTol=0.400 onsetScale=0.006 aubioScale=1.20 aubioThresh=0.024 onsetSilence=-85.0 pitchSilence=-90.0
2025-12-08 02:55:03 [tracker] [s1] aubio-raw t=0.0013 onset=4.000000 env=0.000096 peak=0.000268 gain=1.000
2025-12-08 02:55:03 [tracker] [s1] onset-below-gate t=0.0013 env=0.000096 onset=4.000000 thresh=0.006000 baseline=0.029117 gate=0.001601 envFloor=0.024750 floor=0.029117 adapt=0.029117 lastPeak=0.000000 calib=0.029117 baseParam=0.000180 gateRatio=0.0550 envParam=0.000450
2025-12-08 02:55:03 [tracker] [s2] configure sr=48000.0 hop=128 fft=1024 low=55.0 high=563.2
2025-12-08 02:55:03 [tracker] [s2] params baseline=0.000220 gate=0.1000 envFloor=0.000550 sustain=0.700 retrigger=1.250 peakRelease=0.130 pitchTol=0.400 onsetScale=0.009 aubioScale=1.35 aubioThresh=0.027 onsetSilence=-85.0 pitchSilence=-90.0
2025-12-08 02:55:03 [tracker] [s3] configure sr=48000.0 hop=128 fft=1024 low=85.2 high=693.0
2025-12-08 02:55:03 [tracker] [s3] params baseline=0.000260 gate=0.1300 envFloor=0.000650 sustain=0.820 retrigger=1.100 peakRelease=0.140 pitchTol=0.450 onsetScale=0.012 aubioScale=1.60 aubioThresh=0.032 onsetSilence=-75.0 pitchSilence=-80.0
2025-12-08 02:55:03 [tracker] [s4] configure sr=48000.0 hop=128 fft=1024 low=127.4 high=862.4
2025-12-08 02:55:03 [tracker] [s4] params baseline=0.000320 gate=0.1700 envFloor=0.000780 sustain=1.000 retrigger=1.000 peakRelease=0.160 pitchTol=0.440 onsetScale=0.014 aubioScale=1.80 aubioThresh=0.036 onsetSilence=-75.0 pitchSilence=-80.0
2025-12-08 02:55:03 [tracker] [s5] configure sr=48000.0 hop=128 fft=512 low=160.5 high=1086.5
2025-12-08 02:55:03 [tracker] [s5] params baseline=0.000370 gate=0.2100 envFloor=0.000900 sustain=1.000 retrigger=1.000 peakRelease=0.180 pitchTol=0.500 onsetScale=0.016 aubioScale=1.80 aubioThresh=0.036 onsetSilence=-75.0 pitchSilence=-80.0
2025-12-08 02:55:03 [tracker] [s6] configure sr=48000.0 hop=128 fft=512 low=214.3 high=1450.4
2025-12-08 02:55:03 [tracker] [s6] params baseline=0.000420 gate=0.2500 envFloor=0.001050 sustain=1.000 retrigger=1.000 peakRelease=0.200 pitchTol=0.550 onsetScale=0.018 aubioScale=1.80 aubioThresh=0.036 onsetSilence=-75.0 pitchSilence=-80.0
2025-12-08 02:55:03 [tracker] [s1] aubio-raw t=0.2307 onset=0.984809 env=0.000138 peak=0.000346 gain=1.000
2025-12-08 02:55:03 [tracker] [s1] onset-below-gate t=0.2307 env=0.000138 onset=0.984809 thresh=0.006000 baseline=0.029117 gate=0.001601 envFloor=0.024750 floor=0.029117 adapt=0.029117 lastPeak=0.000000 calib=0.029117 baseParam=0.000180 gateRatio=0.0550 envParam=0.000450
2025-12-08 02:55:03 [tracker] [s1] aubio-raw t=0.3347 onset=1.249410 env=0.000201 peak=0.000412 gain=1.000
2025-12-08 02:55:03 [tracker] [s1] onset-below-gate t=0.3347 env=0.000201 onset=1.249410 thresh=0.006000 baseline=0.029117 gate=0.001601 envFloor=0.024750 floor=0.029117 adapt=0.029117 lastPeak=0.000000 calib=0.029117 baseParam=0.000180 gateRatio=0.0550 envParam=0.000450
2025-12-08 02:55:03 [tracker] [s1] aubio-raw t=0.8307 onset=1.005500 env=0.000200 peak=0.000407 gain=1.000
2025-12-08 02:55:03 [tracker] [s1] onset-below-gate t=0.8307 env=0.000200 onset=1.005500 thresh=0.006000 baseline=0.029117 gate=0.001601 envFloor=0.024750 floor=0.029117 adapt=0.029117 lastPeak=0.000000 calib=0.029117 baseParam=0.000180 gateRatio=0.0550 envParam=0.000450
2025-12-08 02:55:04 [tracker] [s1] aubio-raw t=1.1267 onset=1.369444 env=0.000149 peak=0.000438 gain=1.000
2025-12-08 02:55:04 [tracker] [s1] onset-below-gate t=1.1267 env=0.000149 onset=1.369444 thresh=0.006000 baseline=0.029117 gate=0.001601 envFloor=0.024750 floor=0.029117 adapt=0.029117 lastPeak=0.000000 calib=0.029117 baseParam=0.000180 gateRatio=0.0550 envParam=0.000450
2025-12-08 02:55:04 [tracker] [s1] aubio-raw t=1.7293 onset=1.043355 env=0.000091 peak=0.000251 gain=1.000
2025-12-08 02:55:04 [tracker] [s1] onset-below-gate t=1.7293 env=0.000091 onset=1.043355 thresh=0.006000 baseline=0.029117 gate=0.001601 envFloor=0.024750 floor=0.029117 adapt=0.029117 lastPeak=0.000000 calib=0.029117 baseParam=0.000180 gateRatio=0.0550 envParam=0.000450
2025-12-08 02:55:05 [tracker] [s1] aubio-raw t=1.8333 onset=1.280913 env=0.002104 peak=0.002759 gain=1.000
2025-12-08 02:55:05 [tracker] [s1] onset-below-env-floor t=1.8333 env=0.002104 onset=1.280913 thresh=0.006000 baseline=0.029117 gate=0.001601 envFloor=0.024750 floor=0.029117 adapt=0.029117 lastPeak=0.000000 calib=0.029117 baseParam=0.000180 gateRatio=0.0550 envParam=0.000450
2025-12-08 02:55:05 [tracker] [s1] aubio-raw t=2.0040 onset=0.929965 env=0.000837 peak=0.002166 gain=1.000
2025-12-08 02:55:05 [tracker] [s1] onset-below-gate t=2.0040 env=0.000837 onset=0.929965 thresh=0.006000 baseline=0.029117 gate=0.001601 envFloor=0.024750 floor=0.029117 adapt=0.029117 lastPeak=0.000000 calib=0.029117 baseParam=0.000180 gateRatio=0.0550 envParam=0.000450
2025-12-08 02:55:05 [tracker] [s2] onset t=2.063 env=0.05527 baseline=0.02321 gate=0.00232 envFloor=0.01624 onset=1.071>=0.009
2025-12-08 02:55:05 [tracker] [s2] note-start t=2.063 fret=5 midi=50 vel=0.66 env=0.05527
2025-12-08 02:55:05 [tracker] [s1] aubio-raw t=2.1347 onset=0.995502 env=0.000307 peak=0.000592 gain=1.000
2025-12-08 02:55:05 [tracker] [s1] onset-below-gate t=2.1347 env=0.000307 onset=0.995502 thresh=0.006000 baseline=0.029117 gate=0.001601 envFloor=0.024750 floor=0.029117 adapt=0.029117 lastPeak=0.000000 calib=0.029117 baseParam=0.000180 gateRatio=0.0550 envParam=0.000450
2025-12-08 02:55:05 [tracker] [s2] onset t=2.185 env=0.04366 baseline=0.03950 gate=0.00395 envFloor=0.01436 onset=0.990>=0.009
2025-12-08 02:55:05 [tracker] [s2] note-ended (new onset) t=2.185 fret=5 dur=0.123
2025-12-08 02:55:05 [tracker] [s2] note-start t=2.185 fret=5 midi=50 vel=0.52 env=0.04366
2025-12-08 02:55:05 [tracker] [s1] aubio-raw t=2.2787 onset=0.816415 env=0.000270 peak=0.000582 gain=1.000
2025-12-08 02:55:05 [tracker] [s1] onset-below-gate t=2.2787 env=0.000270 onset=0.816415 thresh=0.006000 baseline=0.029117 gate=0.001601 envFloor=0.024750 floor=0.029117 adapt=0.029117 lastPeak=0.000000 calib=0.029117 baseParam=0.000180 gateRatio=0.0550 envParam=0.000450
2025-12-08 02:55:05 [tracker] [s2] onset t=2.308 env=0.03489 baseline=0.03120 gate=0.00312 envFloor=0.01436 onset=0.997>=0.009
2025-12-08 02:55:05 [tracker] [s2] note-ended (new onset) t=2.308 fret=5 dur=0.123
2025-12-08 02:55:05 [tracker] [s2] note-start t=2.308 fret=5 midi=50 vel=0.42 env=0.03489
2025-12-08 02:55:05 [tracker] [s2] onset t=2.444 env=0.02726 baseline=0.02432 gate=0.00243 envFloor=0.01436 onset=0.998>=0.009
2025-12-08 02:55:05 [tracker] [s2] note-ended (new onset) t=2.444 fret=5 dur=0.136
2025-12-08 02:55:05 [tracker] [s2] note-start t=2.444 fret=5 midi=50 vel=0.33 env=0.02726
2025-12-08 02:55:05 [tracker] [s2] onset t=2.513 env=0.02648 baseline=0.02154 gate=0.00215 envFloor=0.01436 onset=1.066>=0.009
2025-12-08 02:55:05 [tracker] [s2] note-ended (new onset) t=2.513 fret=5 dur=0.069
2025-12-08 02:55:05 [tracker] [s2] note-start t=2.513 fret=5 midi=50 vel=0.32 env=0.02648
2025-12-08 02:55:05 [tracker] [s2] onset t=2.804 env=0.01793 baseline=0.01690 gate=0.00169 envFloor=0.01436 onset=0.692>=0.009
2025-12-08 02:55:05 [tracker] [s2] note-ended (new onset) t=2.804 fret=5 dur=0.291
2025-12-08 02:55:05 [tracker] [s2] note-start t=2.804 fret=5 midi=50 vel=0.22 env=0.01793
2025-12-08 02:55:06 [tracker] [s2] onset t=2.948 env=0.01939 baseline=0.01690 gate=0.00169 envFloor=0.01436 onset=0.906>=0.009
2025-12-08 02:55:06 [tracker] [s2] note-ended (new onset) t=2.948 fret=5 dur=0.144
2025-12-08 02:55:06 [tracker] [s2] note-start t=2.948 fret=5 midi=50 vel=0.23 env=0.01939
2025-12-08 02:55:06 [tracker] [s1] aubio-raw t=3.1054 onset=1.000576 env=0.000473 peak=0.000877 gain=1.000
2025-12-08 02:55:06 [tracker] [s1] onset-below-gate t=3.1054 env=0.000473 onset=1.000576 thresh=0.006000 baseline=0.029117 gate=0.001601 envFloor=0.024750 floor=0.029117 adapt=0.029117 lastPeak=0.000000 calib=0.029117 baseParam=0.000180 gateRatio=0.0550 envParam=0.000450
2025-12-08 02:55:06 [tracker] [s2] release-retrigger t=3.161 onset=0.989 gate=0.018 age=0.213
2025-12-08 02:55:06 [tracker] [s2] note-ended t=3.161 fret=5 dur=0.213
2025-12-08 02:55:06 [tracker] [s1] aubio-raw t=3.2227 onset=0.933599 env=0.000441 peak=0.000897 gain=1.000
2025-12-08 02:55:06 [tracker] [s1] onset-below-gate t=3.2227 env=0.000441 onset=0.933599 thresh=0.006000 baseline=0.029117 gate=0.001601 envFloor=0.024750 floor=0.029117 adapt=0.029117 lastPeak=0.000000 calib=0.029117 baseParam=0.000180 gateRatio=0.0550 envParam=0.000450
2025-12-08 02:55:06 [tracker] [s1] aubio-raw t=3.4200 onset=0.999244 env=0.000255 peak=0.000486 gain=1.000
2025-12-08 02:55:06 [tracker] [s1] onset-below-gate t=3.4200 env=0.000255 onset=0.999244 thresh=0.006000 baseline=0.029117 gate=0.001601 envFloor=0.024750 floor=0.029117 adapt=0.029117 lastPeak=0.000000 calib=0.029117 baseParam=0.000180 gateRatio=0.0550 envParam=0.000450
2025-12-08 02:55:06 [tracker] [s1] aubio-raw t=3.5374 onset=1.141225 env=0.000354 peak=0.000600 gain=1.000
2025-12-08 02:55:06 [tracker] [s1] onset-below-gate t=3.5374 env=0.000354 onset=1.141225 thresh=0.006000 baseline=0.029117 gate=0.001601 envFloor=0.024750 floor=0.029117 adapt=0.029117 lastPeak=0.000000 calib=0.029117 baseParam=0.000180 gateRatio=0.0550 envParam=0.000450
2025-12-08 02:55:06 [tracker] [s1] aubio-raw t=3.8120 onset=1.000126 env=0.000206 peak=0.000386 gain=1.000
2025-12-08 02:55:06 [tracker] [s1] onset-below-gate t=3.8120 env=0.000206 onset=1.000126 thresh=0.006000 baseline=0.029117 gate=0.001601 envFloor=0.024750 floor=0.029117 adapt=0.029117 lastPeak=0.000000 calib=0.029117 baseParam=0.000180 gateRatio=0.0550 envParam=0.000450
2025-12-08 02:55:07 [tracker] [s1] aubio-raw t=4.1160 onset=0.551577 env=0.000153 peak=0.000397 gain=1.000
2025-12-08 02:55:07 [tracker] [s1] onset-below-gate t=4.1160 env=0.000153 onset=0.551577 thresh=0.006000 baseline=0.029117 gate=0.001601 envFloor=0.024750 floor=0.029117 adapt=0.029117 lastPeak=0.000000 calib=0.029117 baseParam=0.000180 gateRatio=0.0550 envParam=0.000450
2025-12-08 02:55:07 [tracker] [s1] aubio-raw t=4.5107 onset=1.235996 env=0.000141 peak=0.000331 gain=1.000
2025-12-08 02:55:07 [tracker] [s1] onset-below-gate t=4.5107 env=0.000141 onset=1.235996 thresh=0.006000 baseline=0.029117 gate=0.001601 envFloor=0.024750 floor=0.029117 adapt=0.029117 lastPeak=0.000000 calib=0.029117 baseParam=0.000180 gateRatio=0.0550 envParam=0.000450
2025-12-08 02:55:08 [tracker] [s1] aubio-raw t=4.8840 onset=0.628425 env=0.000109 peak=0.000305 gain=1.000
2025-12-08 02:55:08 [tracker] [s1] onset-below-gate t=4.8840 env=0.000109 onset=0.628425 thresh=0.006000 baseline=0.029117 gate=0.001601 envFloor=0.024750 floor=0.029117 adapt=0.029117 lastPeak=0.000000 calib=0.029117 baseParam=0.000180 gateRatio=0.0550 envParam=0.000450
2025-12-08 02:55:08 [tracker] [s1] aubio-raw t=5.0306 onset=0.996869 env=0.000103 peak=0.000242 gain=1.000
2025-12-08 02:55:08 [tracker] [s1] onset-below-gate t=5.0306 env=0.000103 onset=0.996869 thresh=0.006000 baseline=0.029117 gate=0.001601 envFloor=0.024750 floor=0.029117 adapt=0.029117 lastPeak=0.000000 calib=0.029117 baseParam=0.000180 gateRatio=0.0550 envParam=0.000450
2025-12-08 02:55:08 [tracker] [s1] aubio-raw t=5.1080 onset=0.991365 env=0.000118 peak=0.000277 gain=1.000
2025-12-08 02:55:08 [tracker] [s1] onset-below-gate t=5.1080 env=0.000118 onset=0.991365 thresh=0.006000 baseline=0.029117 gate=0.001601 envFloor=0.024750 floor=0.029117 adapt=0.029117 lastPeak=0.000000 calib=0.029117 baseParam=0.000180 gateRatio=0.0550 envParam=0.000450
2025-12-08 02:55:08 [live-record] stop duration=5.14
2025-12-08 02:55:08 [tracker] [s1] aubio-raw t=5.2120 onset=1.246676 env=0.000155 peak=0.000550 gain=1.000
2025-12-08 02:55:08 [tracker] [s1] onset-below-gate t=5.2120 env=0.000155 onset=1.246676 thresh=0.006000 baseline=0.029117 gate=0.001601 envFloor=0.024750 floor=0.029117 adapt=0.029117 lastPeak=0.000000 calib=0.029117 baseParam=0.000180 gateRatio=0.0550 envParam=0.000450
2025-12-08 02:55:08 [tracker] [s1] aubio-raw t=5.5026 onset=0.909940 env=0.000163 peak=0.000357 gain=1.000
2025-12-08 02:55:08 [tracker] [s1] onset-below-gate t=5.5026 env=0.000163 onset=0.909940 thresh=0.006000 baseline=0.029117 gate=0.001601 envFloor=0.024750 floor=0.029117 adapt=0.029117 lastPeak=0.000000 calib=0.029117 baseParam=0.000180 gateRatio=0.0550 envParam=0.000450
2025-12-08 02:55:09 [tracker] [s1] aubio-raw t=5.9372 onset=1.393194 env=0.000096 peak=0.000225 gain=1.000
2025-12-08 02:55:09 [tracker] [s1] onset-below-gate t=5.9372 env=0.000096 onset=1.393194 thresh=0.006000 baseline=0.029117 gate=0.001601 envFloor=0.024750 floor=0.029117 adapt=0.029117 lastPeak=0.000000 calib=0.029117 baseParam=0.000180 gateRatio=0.0550 envParam=0.000450
2025-12-08 02:55:09 [tracker] [s1] aubio-raw t=6.0892 onset=1.225550 env=0.000135 peak=0.000330 gain=1.000
2025-12-08 02:55:09 [tracker] [s1] onset-below-gate t=6.0892 env=0.000135 onset=1.225550 thresh=0.006000 baseline=0.029117 gate=0.001601 envFloor=0.024750 floor=0.029117 adapt=0.029117 lastPeak=0.000000 calib=0.029117 baseParam=0.000180 gateRatio=0.0550 envParam=0.000450
2025-12-08 02:55:09 [tracker] [s1] aubio-raw t=6.1399 onset=1.085432 env=0.000168 peak=0.000327 gain=1.000
2025-12-08 02:55:09 [tracker] [s1] onset-below-gate t=6.1399 env=0.000168 onset=1.085432 thresh=0.006000 baseline=0.029117 gate=0.001601 envFloor=0.024750 floor=0.029117 adapt=0.029117 lastPeak=0.000000 calib=0.029117 baseParam=0.000180 gateRatio=0.0550 envParam=0.000450
2025-12-08 02:55:09 [tracker] [s1] aubio-raw t=6.3159 onset=1.057566 env=0.000182 peak=0.000404 gain=1.000
2025-12-08 02:55:09 [tracker] [s1] onset-below-gate t=6.3159 env=0.000182 onset=1.057566 thresh=0.006000 baseline=0.029117 gate=0.001601 envFloor=0.024750 floor=0.029117 adapt=0.029117 lastPeak=0.000000 calib=0.029117 baseParam=0.000180 gateRatio=0.0550 envParam=0.000450
2025-12-08 02:55:09 [tracker] [s1] aubio-raw t=6.4705 onset=0.946697 env=0.000158 peak=0.000352 gain=1.000
2025-12-08 02:55:09 [tracker] [s1] onset-below-gate t=6.4705 env=0.000158 onset=0.946697 thresh=0.006000 baseline=0.029117 gate=0.001601 envFloor=0.024750 floor=0.029117 adapt=0.029117 lastPeak=0.000000 calib=0.029117 baseParam=0.000180 gateRatio=0.0550 envParam=0.000450
2025-12-08 02:55:09 [tracker] [s1] aubio-raw t=6.6545 onset=1.249466 env=0.000108 peak=0.000270 gain=1.000
2025-12-08 02:55:09 [tracker] [s1] onset-below-gate t=6.6545 env=0.000108 onset=1.249466 thresh=0.006000 baseline=0.029117 gate=0.001601 envFloor=0.024750 floor=0.029117 adapt=0.029117 lastPeak=0.000000 calib=0.029117 baseParam=0.000180 gateRatio=0.0550 envParam=0.000450
2025-12-08 02:55:09 [tracker] [s1] aubio-raw t=6.7798 onset=1.220701 env=0.000102 peak=0.000265 gain=1.000
2025-12-08 02:55:09 [tracker] [s1] onset-below-gate t=6.7798 env=0.000102 onset=1.220701 thresh=0.006000 baseline=0.029117 gate=0.001601 envFloor=0.024750 floor=0.029117 adapt=0.029117 lastPeak=0.000000 calib=0.029117 baseParam=0.000180 gateRatio=0.0550 envParam=0.000450
2025-12-08 02:55:10 [tracker] [s1] aubio-raw t=6.8945 onset=0.885837 env=0.000108 peak=0.000253 gain=1.000
2025-12-08 02:55:10 [tracker] [s1] onset-below-gate t=6.8945 env=0.000108 onset=0.885837 thresh=0.006000 baseline=0.029117 gate=0.001601 envFloor=0.024750 floor=0.029117 adapt=0.029117 lastPeak=0.000000 calib=0.029117 baseParam=0.000180 gateRatio=0.0550 envParam=0.000450
2025-12-08 02:55:10 [tracker] [s1] aubio-raw t=6.9558 onset=0.998564 env=0.000120 peak=0.000303 gain=1.000
2025-12-08 02:55:10 [tracker] [s1] onset-below-gate t=6.9558 env=0.000120 onset=0.998564 thresh=0.006000 baseline=0.029117 gate=0.001601 envFloor=0.024750 floor=0.029117 adapt=0.029117 lastPeak=0.000000 calib=0.029117 baseParam=0.000180 gateRatio=0.0550 envParam=0.000450
2025-12-08 02:55:10 [tracker] [s1] aubio-raw t=7.4705 onset=1.076308 env=0.000150 peak=0.000449 gain=1.000
2025-12-08 02:55:10 [tracker] [s1] onset-below-gate t=7.4705 env=0.000150 onset=1.076308 thresh=0.006000 baseline=0.029117 gate=0.001601 envFloor=0.024750 floor=0.029117 adapt=0.029117 lastPeak=0.000000 calib=0.029117 baseParam=0.000180 gateRatio=0.0550 envParam=0.000450
2025-12-08 02:55:10 [tracker] [s1] aubio-raw t=7.5398 onset=1.058382 env=0.000119 peak=0.000357 gain=1.000
2025-12-08 02:55:10 [tracker] [s1] onset-below-gate t=7.5398 env=0.000119 onset=1.058382 thresh=0.006000 baseline=0.029117 gate=0.001601 envFloor=0.024750 floor=0.029117 adapt=0.029117 lastPeak=0.000000 calib=0.029117 baseParam=0.000180 gateRatio=0.0550 envParam=0.000450
2025-12-08 02:55:10 [live-record] label='20251208-025510' duration=5.14
2025-12-08 02:55:11 [live-record] saved session folder='20251208-025510' duration=5.14
2025-12-08 02:55:11 [tracker] [s1] aubio-raw t=8.0944 onset=1.031083 env=0.000118 peak=0.000282 gain=1.000
2025-12-08 02:55:11 [tracker] [s1] onset-below-gate t=8.0944 env=0.000118 onset=1.031083 thresh=0.006000 baseline=0.029117 gate=0.001601 envFloor=0.024750 floor=0.029117 adapt=0.029117 lastPeak=0.000000 calib=0.029117 baseParam=0.000180 gateRatio=0.0550 envParam=0.000450
2025-12-08 02:55:11 [tracker] [s1] aubio-raw t=8.3664 onset=1.001957 env=0.000154 peak=0.000378 gain=1.000
2025-12-08 02:55:11 [tracker] [s1] onset-below-gate t=8.3664 env=0.000154 onset=1.001957 thresh=0.006000 baseline=0.029117 gate=0.001601 envFloor=0.024750 floor=0.029117 adapt=0.029117 lastPeak=0.000000 calib=0.029117 baseParam=0.000180 gateRatio=0.0550 envParam=0.000450
2025-12-08 02:55:11 [tracker] [s1] aubio-raw t=8.7850 onset=0.520425 env=0.000333 peak=0.000566 gain=1.000
2025-12-08 02:55:11 [tracker] [s1] onset-below-gate t=8.7850 env=0.000333 onset=0.520425 thresh=0.006000 baseline=0.029117 gate=0.001601 envFloor=0.024750 floor=0.029117 adapt=0.029117 lastPeak=0.000000 calib=0.029117 baseParam=0.000180 gateRatio=0.0550 envParam=0.000450
2025-12-08 02:55:12 [tracker] [s1] aubio-raw t=8.8490 onset=1.167475 env=0.000158 peak=0.000435 gain=1.000
2025-12-08 02:55:12 [tracker] [s1] onset-below-gate t=8.8490 env=0.000158 onset=1.167475 thresh=0.006000 baseline=0.029117 gate=0.001601 envFloor=0.024750 floor=0.029117 adapt=0.029117 lastPeak=0.000000 calib=0.029117 baseParam=0.000180 gateRatio=0.0550 envParam=0.000450
2025-12-08 02:55:12 [tracker] [s2] onset t=9.262 env=0.10064 baseline=0.01690 gate=0.00169 envFloor=0.01436 onset=1.468>=0.009
2025-12-08 02:55:12 [tracker] [s1] aubio-raw t=9.2650 onset=0.657010 env=0.001726 peak=0.002305 gain=1.000
2025-12-08 02:55:12 [tracker] [s1] onset-below-env-floor t=9.2650 env=0.001726 onset=0.657010 thresh=0.006000 baseline=0.029117 gate=0.001601 envFloor=0.024750 floor=0.029117 adapt=0.029117 lastPeak=0.000000 calib=0.029117 baseParam=0.000180 gateRatio=0.0550 envParam=0.000450
2025-12-08 02:55:12 [tracker] [s1] aubio-raw t=9.3503 onset=1.386455 env=0.002604 peak=0.003731 gain=1.000
2025-12-08 02:55:12 [tracker] [s1] onset-below-env-floor t=9.3503 env=0.002604 onset=1.386455 thresh=0.006000 baseline=0.029117 gate=0.001601 envFloor=0.024750 floor=0.029117 adapt=0.029117 lastPeak=0.000000 calib=0.029117 baseParam=0.000180 gateRatio=0.0550 envParam=0.000450
2025-12-08 02:55:12 [tracker] [s2] onset t=9.380 env=0.02443 baseline=0.03198 gate=0.00320 envFloor=0.02239 onset=0.866>=0.009
2025-12-08 02:55:12 [tracker] [s2] note-start t=9.380 fret=5 midi=50 vel=0.29 env=0.02443
2025-12-08 02:55:12 [tracker] [s1] aubio-raw t=9.5476 onset=1.261089 env=0.001236 peak=0.001835 gain=1.000
2025-12-08 02:55:12 [tracker] [s1] onset-below-gate t=9.5476 env=0.001236 onset=1.261089 thresh=0.006000 baseline=0.029117 gate=0.001601 envFloor=0.024750 floor=0.029117 adapt=0.029117 lastPeak=0.000000 calib=0.029117 baseParam=0.000180 gateRatio=0.0550 envParam=0.000450
2025-12-08 02:55:12 [tracker] [s1] aubio-raw t=9.6410 onset=0.999490 env=0.000581 peak=0.001423 gain=1.000
2025-12-08 02:55:12 [tracker] [s1] onset-below-gate t=9.6410 env=0.000581 onset=0.999490 thresh=0.006000 baseline=0.029117 gate=0.001601 envFloor=0.024750 floor=0.029117 adapt=0.029117 lastPeak=0.000000 calib=0.029117 baseParam=0.000180 gateRatio=0.0550 envParam=0.000450
2025-12-08 02:55:12 [tracker] [s1] aubio-raw t=9.7396 onset=1.242895 env=0.000821 peak=0.001406 gain=1.000
2025-12-08 02:55:12 [tracker] [s1] onset-below-gate t=9.7396 env=0.000821 onset=1.242895 thresh=0.006000 baseline=0.029117 gate=0.001601 envFloor=0.024750 floor=0.029117 adapt=0.029117 lastPeak=0.000000 calib=0.029117 baseParam=0.000180 gateRatio=0.0550 envParam=0.000450
2025-12-08 02:55:12 [tracker] [s2] onset t=9.764 env=0.03028 baseline=0.01690 gate=0.00169 envFloor=0.01436 onset=1.034>=0.009
2025-12-08 02:55:12 [tracker] [s2] note-ended (new onset) t=9.764 fret=5 dur=0.384
2025-12-08 02:55:12 [tracker] [s2] note-start t=9.764 fret=5 midi=50 vel=0.36 env=0.03028
2025-12-08 02:55:13 [tracker] [s2] onset t=9.852 env=0.02319 baseline=0.02310 gate=0.00231 envFloor=0.01436 onset=1.000>=0.009
2025-12-08 02:55:13 [tracker] [s2] note-ended (new onset) t=9.852 fret=5 dur=0.088
2025-12-08 02:55:13 [tracker] [s2] note-start t=9.852 fret=5 midi=50 vel=0.28 env=0.02319
2025-12-08 02:55:13 [tracker] [s1] aubio-raw t=9.8970 onset=0.997243 env=0.000601 peak=0.001392 gain=1.000
2025-12-08 02:55:13 [tracker] [s1] onset-below-gate t=9.8970 env=0.000601 onset=0.997243 thresh=0.006000 baseline=0.029117 gate=0.001601 envFloor=0.024750 floor=0.029117 adapt=0.029117 lastPeak=0.000000 calib=0.029117 baseParam=0.000180 gateRatio=0.0550 envParam=0.000450
2025-12-08 02:55:13 [tracker] [s1] aubio-raw t=10.0409 onset=0.622058 env=0.000795 peak=0.001456 gain=1.000
2025-12-08 02:55:13 [tracker] [s1] onset-below-gate t=10.0409 env=0.000795 onset=0.622058 thresh=0.006000 baseline=0.029117 gate=0.001601 envFloor=0.024750 floor=0.029117 adapt=0.029117 lastPeak=0.000000 calib=0.029117 baseParam=0.000180 gateRatio=0.0550 envParam=0.000450
2025-12-08 02:55:13 [tracker] [s1] aubio-raw t=10.1529 onset=0.987841 env=0.000594 peak=0.001208 gain=1.000
2025-12-08 02:55:13 [tracker] [s1] onset-below-gate t=10.1529 env=0.000594 onset=0.987841 thresh=0.006000 baseline=0.029117 gate=0.001601 envFloor=0.024750 floor=0.029117 adapt=0.029117 lastPeak=0.000000 calib=0.029117 baseParam=0.000180 gateRatio=0.0550 envParam=0.000450
2025-12-08 02:55:13 [tracker] [s2] onset t=10.316 env=0.02126 baseline=0.01690 gate=0.00169 envFloor=0.01436 onset=0.545>=0.009
2025-12-08 02:55:13 [tracker] [s2] note-ended (new onset) t=10.316 fret=5 dur=0.464
2025-12-08 02:55:13 [tracker] [s2] note-start t=10.316 fret=5 midi=50 vel=0.26 env=0.02126
2025-12-08 02:55:13 [tracker] [s1] aubio-raw t=10.4036 onset=1.276185 env=0.000604 peak=0.000976 gain=1.000
2025-12-08 02:55:13 [tracker] [s1] onset-below-gate t=10.4036 env=0.000604 onset=1.276185 thresh=0.006000 baseline=0.029117 gate=0.001601 envFloor=0.024750 floor=0.029117 adapt=0.029117 lastPeak=0.000000 calib=0.029117 baseParam=0.000180 gateRatio=0.0550 envParam=0.000450
2025-12-08 02:55:13 [tracker] [s2] onset t=10.425 env=0.02051 baseline=0.01690 gate=0.00169 envFloor=0.01436 onset=0.731>=0.009
2025-12-08 02:55:13 [tracker] [s2] note-ended (new onset) t=10.425 fret=5 dur=0.109
2025-12-08 02:55:13 [tracker] [s2] note-start t=10.425 fret=5 midi=50 vel=0.25 env=0.02051
2025-12-08 02:55:13 [tracker] [s1] aubio-raw t=10.4836 onset=0.931017 env=0.000405 peak=0.000690 gain=1.000
2025-12-08 02:55:13 [tracker] [s1] onset-below-gate t=10.4836 env=0.000405 onset=0.931017 thresh=0.006000 baseline=0.029117 gate=0.001601 envFloor=0.024750 floor=0.029117 adapt=0.029117 lastPeak=0.000000 calib=0.029117 baseParam=0.000180 gateRatio=0.0550 envParam=0.000450
2025-12-08 02:55:13 [tracker] [s1] aubio-raw t=10.7769 onset=0.997297 env=0.000276 peak=0.000656 gain=1.000
2025-12-08 02:55:13 [tracker] [s1] onset-below-gate t=10.7769 env=0.000276 onset=0.997297 thresh=0.006000 baseline=0.029117 gate=0.001601 envFloor=0.024750 floor=0.029117 adapt=0.029117 lastPeak=0.000000 calib=0.029117 baseParam=0.000180 gateRatio=0.0550 envParam=0.000450
2025-12-08 02:55:13 [tracker] [s2] release-retrigger t=10.825 onset=1.152 gate=0.018 age=0.400
2025-12-08 02:55:13 [tracker] [s2] note-ended t=10.825 fret=5 dur=0.400
2025-12-08 02:55:14 [tracker] [s1] aubio-raw t=11.0569 onset=0.993114 env=0.000180 peak=0.000418 gain=1.000
2025-12-08 02:55:14 [tracker] [s1] onset-below-gate t=11.0569 env=0.000180 onset=0.993114 thresh=0.006000 baseline=0.029117 gate=0.001601 envFloor=0.024750 floor=0.029117 adapt=0.029117 lastPeak=0.000000 calib=0.029117 baseParam=0.000180 gateRatio=0.0550 envParam=0.000450
2025-12-08 02:55:14 [tracker] [s1] aubio-raw t=11.3049 onset=0.914999 env=0.000106 peak=0.000321 gain=1.000
2025-12-08 02:55:14 [tracker] [s1] onset-below-gate t=11.3049 env=0.000106 onset=0.914999 thresh=0.006000 baseline=0.029117 gate=0.001601 envFloor=0.024750 floor=0.029117 adapt=0.029117 lastPeak=0.000000 calib=0.029117 baseParam=0.000180 gateRatio=0.0550 envParam=0.000450
2025-12-08 02:55:14 [tracker] [s1] aubio-raw t=11.3982 onset=0.905100 env=0.000157 peak=0.000332 gain=1.000
2025-12-08 02:55:14 [tracker] [s1] onset-below-gate t=11.3982 env=0.000157 onset=0.905100 thresh=0.006000 baseline=0.029117 gate=0.001601 envFloor=0.024750 floor=0.029117 adapt=0.029117 lastPeak=0.000000 calib=0.029117 baseParam=0.000180 gateRatio=0.0550 envParam=0.000450
2025-12-08 02:55:14 [tracker] [s1] aubio-raw t=11.4888 onset=1.055982 env=0.000100 peak=0.000244 gain=1.000
2025-12-08 02:55:14 [tracker] [s1] onset-below-gate t=11.4888 env=0.000100 onset=1.055982 thresh=0.006000 baseline=0.029117 gate=0.001601 envFloor=0.024750 floor=0.029117 adapt=0.029117 lastPeak=0.000000 calib=0.029117 baseParam=0.000180 gateRatio=0.0550 envParam=0.000450
2025-12-08 02:55:14 [tracker] [s1] aubio-raw t=11.5768 onset=1.165584 env=0.000179 peak=0.000429 gain=1.000
2025-12-08 02:55:14 [tracker] [s1] onset-below-gate t=11.5768 env=0.000179 onset=1.165584 thresh=0.006000 baseline=0.029117 gate=0.001601 envFloor=0.024750 floor=0.029117 adapt=0.029117 lastPeak=0.000000 calib=0.029117 baseParam=0.000180 gateRatio=0.0550 envParam=0.000450
2025-12-08 02:55:14 [tracker] [s1] aubio-raw t=11.7022 onset=0.625905 env=0.000490 peak=0.000827 gain=1.000
2025-12-08 02:55:14 [tracker] [s1] onset-below-gate t=11.7022 env=0.000490 onset=0.625905 thresh=0.006000 baseline=0.029117 gate=0.001601 envFloor=0.024750 floor=0.029117 adapt=0.029117 lastPeak=0.000000 calib=0.029117 baseParam=0.000180 gateRatio=0.0550 envParam=0.000450
2025-12-08 02:55:15 [tracker] [s1] aubio-raw t=11.9795 onset=1.225817 env=0.000133 peak=0.000357 gain=1.000
2025-12-08 02:55:15 [tracker] [s1] onset-below-gate t=11.9795 env=0.000133 onset=1.225817 thresh=0.006000 baseline=0.029117 gate=0.001601 envFloor=0.024750 floor=0.029117 adapt=0.029117 lastPeak=0.000000 calib=0.029117 baseParam=0.000180 gateRatio=0.0550 envParam=0.000450
2025-12-08 02:55:15 [tracker] [s1] aubio-raw t=12.1315 onset=0.700205 env=0.000112 peak=0.000262 gain=1.000
2025-12-08 02:55:15 [tracker] [s1] onset-below-gate t=12.1315 env=0.000112 onset=0.700205 thresh=0.006000 baseline=0.029117 gate=0.001601 envFloor=0.024750 floor=0.029117 adapt=0.029117 lastPeak=0.000000 calib=0.029117 baseParam=0.000180 gateRatio=0.0550 envParam=0.000450
2025-12-08 02:55:15 [live-record] start
2025-12-08 02:55:15 [tracker] [s1] configure sr=48000.0 hop=128 fft=1024 low=37.1 high=445.0
2025-12-08 02:55:15 [tracker] [s1] params baseline=0.000180 gate=0.0550 envFloor=0.000450 sustain=0.580 retrigger=1.400 peakRelease=0.120 pitchTol=0.400 onsetScale=0.006 aubioScale=1.20 aubioThresh=0.024 onsetSilence=-85.0 pitchSilence=-90.0
2025-12-08 02:55:15 [tracker] [s1] aubio-raw t=0.0013 onset=4.000000 env=0.000099 peak=0.000233 gain=1.000
2025-12-08 02:55:15 [tracker] [s1] onset-below-gate t=0.0013 env=0.000099 onset=4.000000 thresh=0.006000 baseline=0.029117 gate=0.001601 envFloor=0.024750 floor=0.029117 adapt=0.029117 lastPeak=0.000000 calib=0.029117 baseParam=0.000180 gateRatio=0.0550 envParam=0.000450
2025-12-08 02:55:15 [tracker] [s2] params baseline=0.000220 gate=0.1000 envFloor=0.000550 sustain=0.700 retrigger=1.250 peakRelease=0.130 pitchTol=0.400 onsetScale=0.009 aubioScale=1.35 aubioThresh=0.027 onsetSilence=-85.0 pitchSilence=-90.0
2025-12-08 02:55:15 [tracker] [s3] configure sr=48000.0 hop=128 fft=1024 low=85.2 high=693.0
2025-12-08 02:55:15 [tracker] [s3] params baseline=0.000260 gate=0.1300 envFloor=0.000650 sustain=0.820 retrigger=1.100 peakRelease=0.140 pitchTol=0.450 onsetScale=0.012 aubioScale=1.60 aubioThresh=0.032 onsetSilence=-75.0 pitchSilence=-80.0
2025-12-08 02:55:15 [tracker] [s4] configure sr=48000.0 hop=128 fft=1024 low=127.4 high=862.4
2025-12-08 02:55:15 [tracker] [s4] params baseline=0.000320 gate=0.1700 envFloor=0.000780 sustain=1.000 retrigger=1.000 peakRelease=0.160 pitchTol=0.440 onsetScale=0.014 aubioScale=1.80 aubioThresh=0.036 onsetSilence=-75.0 pitchSilence=-80.0
2025-12-08 02:55:15 [tracker] [s5] configure sr=48000.0 hop=128 fft=512 low=160.5 high=1086.5
2025-12-08 02:55:15 [tracker] [s5] params baseline=0.000370 gate=0.2100 envFloor=0.000900 sustain=1.000 retrigger=1.000 peakRelease=0.180 pitchTol=0.500 onsetScale=0.016 aubioScale=1.80 aubioThresh=0.036 onsetSilence=-75.0 pitchSilence=-80.0
2025-12-08 02:55:15 [tracker] [s6] configure sr=48000.0 hop=128 fft=512 low=214.3 high=1450.4
2025-12-08 02:55:15 [tracker] [s6] params baseline=0.000420 gate=0.2500 envFloor=0.001050 sustain=1.000 retrigger=1.000 peakRelease=0.200 pitchTol=0.550 onsetScale=0.018 aubioScale=1.80 aubioThresh=0.036 onsetSilence=-75.0 pitchSilence=-80.0
2025-12-08 02:55:15 [tracker] [s1] aubio-raw t=0.1933 onset=1.080189 env=0.000131 peak=0.000332 gain=1.000
2025-12-08 02:55:15 [tracker] [s1] onset-below-gate t=0.1933 env=0.000131 onset=1.080189 thresh=0.006000 baseline=0.029117 gate=0.001601 envFloor=0.024750 floor=0.029117 adapt=0.029117 lastPeak=0.000000 calib=0.029117 baseParam=0.000180 gateRatio=0.0550 envParam=0.000450
2025-12-08 02:55:15 [tracker] [s1] aubio-raw t=0.3320 onset=0.933013 env=0.000127 peak=0.000268 gain=1.000
2025-12-08 02:55:15 [tracker] [s1] onset-below-gate t=0.3320 env=0.000127 onset=0.933013 thresh=0.006000 baseline=0.029117 gate=0.001601 envFloor=0.024750 floor=0.029117 adapt=0.029117 lastPeak=0.000000 calib=0.029117 baseParam=0.000180 gateRatio=0.0550 envParam=0.000450
2025-12-08 02:55:15 [tracker] [s1] aubio-raw t=0.6627 onset=1.057628 env=0.000123 peak=0.000365 gain=1.000
2025-12-08 02:55:15 [tracker] [s1] onset-below-gate t=0.6627 env=0.000123 onset=1.057628 thresh=0.006000 baseline=0.029117 gate=0.001601 envFloor=0.024750 floor=0.029117 adapt=0.029117 lastPeak=0.000000 calib=0.029117 baseParam=0.000180 gateRatio=0.0550 envParam=0.000450
2025-12-08 02:55:16 [tracker] [s1] aubio-raw t=0.8653 onset=1.038137 env=0.000082 peak=0.000190 gain=1.000
2025-12-08 02:55:16 [tracker] [s1] onset-below-gate t=0.8653 env=0.000082 onset=1.038137 thresh=0.006000 baseline=0.029117 gate=0.001601 envFloor=0.024750 floor=0.029117 adapt=0.029117 lastPeak=0.000000 calib=0.029117 baseParam=0.000180 gateRatio=0.0550 envParam=0.000450
2025-12-08 02:55:16 [tracker] [s1] aubio-raw t=1.5187 onset=1.201040 env=0.000123 peak=0.000298 gain=1.000
2025-12-08 02:55:16 [tracker] [s1] onset-below-gate t=1.5187 env=0.000123 onset=1.201040 thresh=0.006000 baseline=0.029117 gate=0.001601 envFloor=0.024750 floor=0.029117 adapt=0.029117 lastPeak=0.000000 calib=0.029117 baseParam=0.000180 gateRatio=0.0550 envParam=0.000450
2025-12-08 02:55:16 [tracker] [s1] aubio-raw t=1.5853 onset=1.072646 env=0.001922 peak=0.003109 gain=1.000
2025-12-08 02:55:16 [tracker] [s1] onset-below-env-floor t=1.5853 env=0.001922 onset=1.072646 thresh=0.006000 baseline=0.029117 gate=0.001601 envFloor=0.024750 floor=0.029117 adapt=0.029117 lastPeak=0.000000 calib=0.029117 baseParam=0.000180 gateRatio=0.0550 envParam=0.000450
2025-12-08 02:55:16 [tracker] [s2] onset t=1.671 env=0.06050 baseline=0.02510 gate=0.00251 envFloor=0.01757 onset=0.968>=0.009
2025-12-08 02:55:16 [tracker] [s2] note-start t=1.671 fret=5 midi=50 vel=0.73 env=0.06050
2025-12-08 02:55:17 [tracker] [s1] aubio-raw t=1.6973 onset=0.784352 env=0.001947 peak=0.003197 gain=1.000
2025-12-08 02:55:17 [tracker] [s1] onset-below-env-floor t=1.6973 env=0.001947 onset=0.784352 thresh=0.006000 baseline=0.029117 gate=0.001601 envFloor=0.024750 floor=0.029117 adapt=0.029117 lastPeak=0.000000 calib=0.029117 baseParam=0.000180 gateRatio=0.0550 envParam=0.000450
2025-12-08 02:55:17 [tracker] [s2] release-retrigger t=1.865 onset=0.995 gate=0.025 age=0.195
2025-12-08 02:55:17 [tracker] [s2] note-ended t=1.865 fret=5 dur=0.195
2025-12-08 02:55:17 [tracker] [s1] aubio-raw t=2.0973 onset=0.995679 env=0.001246 peak=0.002120 gain=1.000
2025-12-08 02:55:17 [tracker] [s1] onset-below-gate t=2.0973 env=0.001246 onset=0.995679 thresh=0.006000 baseline=0.029117 gate=0.001601 envFloor=0.024750 floor=0.029117 adapt=0.029117 lastPeak=0.000000 calib=0.029117 baseParam=0.000180 gateRatio=0.0550 envParam=0.000450
2025-12-08 02:55:17 [tracker] [s1] aubio-raw t=2.2093 onset=1.227541 env=0.000832 peak=0.001280 gain=1.000
2025-12-08 02:55:17 [tracker] [s1] onset-below-gate t=2.2093 env=0.000832 onset=1.227541 thresh=0.006000 baseline=0.029117 gate=0.001601 envFloor=0.024750 floor=0.029117 adapt=0.029117 lastPeak=0.000000 calib=0.029117 baseParam=0.000180 gateRatio=0.0550 envParam=0.000450
2025-12-08 02:55:17 [tracker] [s2] onset t=2.364 env=0.01453 baseline=0.01690 gate=0.00169 envFloor=0.01436 onset=0.989>=0.009
2025-12-08 02:55:17 [tracker] [s2] note-start t=2.364 fret=5 midi=50 vel=0.17 env=0.01453
2025-12-08 02:55:17 [tracker] [s1] aubio-raw t=2.3667 onset=0.992924 env=0.000575 peak=0.000812 gain=1.000
2025-12-08 02:55:17 [tracker] [s1] onset-below-gate t=2.3667 env=0.000575 onset=0.992924 thresh=0.006000 baseline=0.029117 gate=0.001601 envFloor=0.024750 floor=0.029117 adapt=0.029117 lastPeak=0.000000 calib=0.029117 baseParam=0.000180 gateRatio=0.0550 envParam=0.000450
2025-12-08 02:55:17 [tracker] [s1] aubio-raw t=2.5560 onset=0.765156 env=0.000713 peak=0.001020 gain=1.000
2025-12-08 02:55:17 [tracker] [s1] onset-below-gate t=2.5560 env=0.000713 onset=0.765156 thresh=0.006000 baseline=0.029117 gate=0.001601 envFloor=0.024750 floor=0.029117 adapt=0.029117 lastPeak=0.000000 calib=0.029117 baseParam=0.000180 gateRatio=0.0550 envParam=0.000450
2025-12-08 02:55:17 [tracker] [s1] aubio-raw t=2.6414 onset=0.996137 env=0.000618 peak=0.000913 gain=1.000
2025-12-08 02:55:17 [tracker] [s1] onset-below-gate t=2.6414 env=0.000618 onset=0.996137 thresh=0.006000 baseline=0.029117 gate=0.001601 envFloor=0.024750 floor=0.029117 adapt=0.029117 lastPeak=0.000000 calib=0.029117 baseParam=0.000180 gateRatio=0.0550 envParam=0.000450
2025-12-08 02:55:18 [tracker] [s2] release-retrigger t=2.692 onset=0.996 gate=0.018 age=0.328
2025-12-08 02:55:18 [tracker] [s2] note-ended t=2.692 fret=5 dur=0.328
2025-12-08 02:55:18 [tracker] [s1] aubio-raw t=2.8467 onset=1.044191 env=0.000422 peak=0.000591 gain=1.000
2025-12-08 02:55:18 [tracker] [s1] onset-below-gate t=2.8467 env=0.000422 onset=1.044191 thresh=0.006000 baseline=0.029117 gate=0.001601 envFloor=0.024750 floor=0.029117 adapt=0.029117 lastPeak=0.000000 calib=0.029117 baseParam=0.000180 gateRatio=0.0550 envParam=0.000450
2025-12-08 02:55:18 [tracker] [s1] aubio-raw t=3.1160 onset=0.856721 env=0.000384 peak=0.000589 gain=1.000
2025-12-08 02:55:18 [tracker] [s1] onset-below-gate t=3.1160 env=0.000384 onset=0.856721 thresh=0.006000 baseline=0.029117 gate=0.001601 envFloor=0.024750 floor=0.029117 adapt=0.029117 lastPeak=0.000000 calib=0.029117 baseParam=0.000180 gateRatio=0.0550 envParam=0.000450
2025-12-08 02:55:18 [tracker] [s1] aubio-raw t=3.4920 onset=0.578184 env=0.000351 peak=0.000599 gain=1.000
2025-12-08 02:55:18 [tracker] [s1] onset-below-gate t=3.4920 env=0.000351 onset=0.578184 thresh=0.006000 baseline=0.029117 gate=0.001601 envFloor=0.024750 floor=0.029117 adapt=0.029117 lastPeak=0.000000 calib=0.029117 baseParam=0.000180 gateRatio=0.0550 envParam=0.000450
2025-12-08 02:55:18 [tracker] [s1] aubio-raw t=3.6387 onset=0.532673 env=0.000235 peak=0.000581 gain=1.000
2025-12-08 02:55:18 [tracker] [s1] onset-below-gate t=3.6387 env=0.000235 onset=0.532673 thresh=0.006000 baseline=0.029117 gate=0.001601 envFloor=0.024750 floor=0.029117 adapt=0.029117 lastPeak=0.000000 calib=0.029117 baseParam=0.000180 gateRatio=0.0550 envParam=0.000450
2025-12-08 02:55:19 [tracker] [s1] aubio-raw t=4.0014 onset=0.956784 env=0.000205 peak=0.000418 gain=1.000
2025-12-08 02:55:19 [tracker] [s1] onset-below-gate t=4.0014 env=0.000205 onset=0.956784 thresh=0.006000 baseline=0.029117 gate=0.001601 envFloor=0.024750 floor=0.029117 adapt=0.029117 lastPeak=0.000000 calib=0.029117 baseParam=0.000180 gateRatio=0.0550 envParam=0.000450
2025-12-08 02:55:19 [tracker] [s1] aubio-raw t=4.1560 onset=1.067753 env=0.000177 peak=0.000385 gain=1.000
2025-12-08 02:55:19 [tracker] [s1] onset-below-gate t=4.1560 env=0.000177 onset=1.067753 thresh=0.006000 baseline=0.029117 gate=0.001601 envFloor=0.024750 floor=0.029117 adapt=0.029117 lastPeak=0.000000 calib=0.029117 baseParam=0.000180 gateRatio=0.0550 envParam=0.000450
2025-12-08 02:55:19 [tracker] [s1] aubio-raw t=4.5400 onset=0.792339 env=0.001035 peak=0.001738 gain=1.000
2025-12-08 02:55:19 [tracker] [s1] onset-below-gate t=4.5400 env=0.001035 onset=0.792339 thresh=0.006000 baseline=0.029117 gate=0.001601 envFloor=0.024750 floor=0.029117 adapt=0.029117 lastPeak=0.000000 calib=0.029117 baseParam=0.000180 gateRatio=0.0550 envParam=0.000450
2025-12-08 02:55:19 [tracker] [s1] aubio-raw t=4.6173 onset=1.071946 env=0.000998 peak=0.001288 gain=1.000
2025-12-08 02:55:19 [tracker] [s1] onset-below-gate t=4.6173 env=0.000998 onset=1.071946 thresh=0.006000 baseline=0.029117 gate=0.001601 envFloor=0.024750 floor=0.029117 adapt=0.029117 lastPeak=0.000000 calib=0.029117 baseParam=0.000180 gateRatio=0.0550 envParam=0.000450
2025-12-08 02:55:20 [tracker] [s1] aubio-raw t=4.9746 onset=1.005567 env=0.000101 peak=0.000223 gain=1.000
2025-12-08 02:55:20 [tracker] [s1] onset-below-gate t=4.9746 env=0.000101 onset=1.005567 thresh=0.006000 baseline=0.029117 gate=0.001601 envFloor=0.024750 floor=0.029117 adapt=0.029117 lastPeak=0.000000 calib=0.029117 baseParam=0.000180 gateRatio=0.0550 envParam=0.000450
2025-12-08 02:55:20 [tracker] [s1] aubio-raw t=5.2120 onset=1.252236 env=0.000187 peak=0.000369 gain=1.000
2025-12-08 02:55:20 [tracker] [s1] onset-below-gate t=5.2120 env=0.000187 onset=1.252236 thresh=0.006000 baseline=0.029117 gate=0.001601 envFloor=0.024750 floor=0.029117 adapt=0.029117 lastPeak=0.000000 calib=0.029117 baseParam=0.000180 gateRatio=0.0550 envParam=0.000450
2025-12-08 02:55:20 [tracker] [s1] aubio-raw t=5.2706 onset=0.921644 env=0.000097 peak=0.000266 gain=1.000
2025-12-08 02:55:20 [tracker] [s1] onset-below-gate t=5.2706 env=0.000097 onset=0.921644 thresh=0.006000 baseline=0.029117 gate=0.001601 envFloor=0.024750 floor=0.029117 adapt=0.029117 lastPeak=0.000000 calib=0.029117 baseParam=0.000180 gateRatio=0.0550 envParam=0.000450
2025-12-08 02:55:20 [tracker] [s1] aubio-raw t=5.4279 onset=0.998245 env=0.000108 peak=0.000264 gain=1.000
2025-12-08 02:55:20 [tracker] [s1] onset-below-gate t=5.4279 env=0.000108 onset=0.998245 thresh=0.006000 baseline=0.029117 gate=0.001601 envFloor=0.024750 floor=0.029117 adapt=0.029117 lastPeak=0.000000 calib=0.029117 baseParam=0.000180 gateRatio=0.0550 envParam=0.000450
2025-12-08 02:55:20 [live-record] stop duration=5.56
2025-12-08 02:55:21 [tracker] [s1] aubio-raw t=6.0012 onset=0.726340 env=0.000107 peak=0.000279 gain=1.000
2025-12-08 02:55:21 [tracker] [s1] onset-below-gate t=6.0012 env=0.000107 onset=0.726340 thresh=0.006000 baseline=0.029117 gate=0.001601 envFloor=0.024750 floor=0.029117 adapt=0.029117 lastPeak=0.000000 calib=0.029117 baseParam=0.000180 gateRatio=0.0550 envParam=0.000450
2025-12-08 02:55:21 [tracker] [s1] aubio-raw t=6.1346 onset=0.664782 env=0.000143 peak=0.000327 gain=1.000
2025-12-08 02:55:21 [tracker] [s1] onset-below-gate t=6.1346 env=0.000143 onset=0.664782 thresh=0.006000 baseline=0.029117 gate=0.001601 envFloor=0.024750 floor=0.029117 adapt=0.029117 lastPeak=0.000000 calib=0.029117 baseParam=0.000180 gateRatio=0.0550 envParam=0.000450
2025-12-08 02:55:21 [tracker] [s1] aubio-raw t=6.5879 onset=1.152284 env=0.000106 peak=0.000276 gain=1.000
2025-12-08 02:55:21 [tracker] [s1] onset-below-gate t=6.5879 env=0.000106 onset=1.152284 thresh=0.006000 baseline=0.029117 gate=0.001601 envFloor=0.024750 floor=0.029117 adapt=0.029117 lastPeak=0.000000 calib=0.029117 baseParam=0.000180 gateRatio=0.0550 envParam=0.000450
2025-12-08 02:55:22 [tracker] [s1] aubio-raw t=6.7478 onset=0.882874 env=0.000103 peak=0.000287 gain=1.000
2025-12-08 02:55:22 [tracker] [s1] onset-below-gate t=6.7478 env=0.000103 onset=0.882874 thresh=0.006000 baseline=0.029117 gate=0.001601 envFloor=0.024750 floor=0.029117 adapt=0.029117 lastPeak=0.000000 calib=0.029117 baseParam=0.000180 gateRatio=0.0550 envParam=0.000450
2025-12-08 02:55:22 [tracker] [s1] aubio-raw t=6.8972 onset=0.943023 env=0.000098 peak=0.000315 gain=1.000
2025-12-08 02:55:22 [tracker] [s1] onset-below-gate t=6.8972 env=0.000098 onset=0.943023 thresh=0.006000 baseline=0.029117 gate=0.001601 envFloor=0.024750 floor=0.029117 adapt=0.029117 lastPeak=0.000000 calib=0.029117 baseParam=0.000180 gateRatio=0.0550 envParam=0.000450
2025-12-08 02:55:22 [tracker] [s1] aubio-raw t=7.2171 onset=0.992796 env=0.000102 peak=0.000255 gain=1.000
2025-12-08 02:55:22 [tracker] [s1] onset-below-gate t=7.2171 env=0.000102 onset=0.992796 thresh=0.006000 baseline=0.029117 gate=0.001601 envFloor=0.024750 floor=0.029117 adapt=0.029117 lastPeak=0.000000 calib=0.029117 baseParam=0.000180 gateRatio=0.0550 envParam=0.000450
2025-12-08 02:55:22 [tracker] [s1] aubio-raw t=7.3931 onset=0.754115 env=0.000124 peak=0.000280 gain=1.000
2025-12-08 02:55:22 [tracker] [s1] onset-below-gate t=7.3931 env=0.000124 onset=0.754115 thresh=0.006000 baseline=0.029117 gate=0.001601 envFloor=0.024750 floor=0.029117 adapt=0.029117 lastPeak=0.000000 calib=0.029117 baseParam=0.000180 gateRatio=0.0550 envParam=0.000450
2025-12-08 02:55:23 [tracker] [s1] aubio-raw t=7.7824 onset=1.071735 env=0.000107 peak=0.000282 gain=1.000
2025-12-08 02:55:23 [tracker] [s1] onset-below-gate t=7.7824 env=0.000107 onset=1.071735 thresh=0.006000 baseline=0.029117 gate=0.001601 envFloor=0.024750 floor=0.029117 adapt=0.029117 lastPeak=0.000000 calib=0.029117 baseParam=0.000180 gateRatio=0.0550 envParam=0.000450
2025-12-08 02:55:23 [tracker] [s1] aubio-raw t=7.9744 onset=1.039608 env=0.000113 peak=0.000258 gain=1.000
2025-12-08 02:55:23 [tracker] [s1] onset-below-gate t=7.9744 env=0.000113 onset=1.039608 thresh=0.006000 baseline=0.029117 gate=0.001601 envFloor=0.024750 floor=0.029117 adapt=0.029117 lastPeak=0.000000 calib=0.029117 baseParam=0.000180 gateRatio=0.0550 envParam=0.000450
2025-12-08 02:55:23 [tracker] [s1] aubio-raw t=8.0438 onset=0.999429 env=0.000118 peak=0.000329 gain=1.000
2025-12-08 02:55:23 [tracker] [s1] onset-below-gate t=8.0438 env=0.000118 onset=0.999429 thresh=0.006000 baseline=0.029117 gate=0.001601 envFloor=0.024750 floor=0.029117 adapt=0.029117 lastPeak=0.000000 calib=0.029117 baseParam=0.000180 gateRatio=0.0550 envParam=0.000450
2025-12-08 02:55:24 [tracker] [s1] aubio-raw t=8.9877 onset=1.248907 env=0.000098 peak=0.000246 gain=1.000
2025-12-08 02:55:24 [tracker] [s1] onset-below-gate t=8.9877 env=0.000098 onset=1.248907 thresh=0.006000 baseline=0.029117 gate=0.001601 envFloor=0.024750 floor=0.029117 adapt=0.029117 lastPeak=0.000000 calib=0.029117 baseParam=0.000180 gateRatio=0.0550 envParam=0.000450
2025-12-08 02:55:24 [tracker] [s1] aubio-raw t=9.2303 onset=0.997596 env=0.000099 peak=0.000262 gain=1.000
2025-12-08 02:55:24 [tracker] [s1] onset-below-gate t=9.2303 env=0.000099 onset=0.997596 thresh=0.006000 baseline=0.029117 gate=0.001601 envFloor=0.024750 floor=0.029117 adapt=0.029117 lastPeak=0.000000 calib=0.029117 baseParam=0.000180 gateRatio=0.0550 envParam=0.000450
2025-12-08 02:55:24 [tracker] [s1] aubio-raw t=9.4783 onset=1.074576 env=0.000093 peak=0.000257 gain=1.000
2025-12-08 02:55:24 [tracker] [s1] onset-below-gate t=9.4783 env=0.000093 onset=1.074576 thresh=0.006000 baseline=0.029117 gate=0.001601 envFloor=0.024750 floor=0.029117 adapt=0.029117 lastPeak=0.000000 calib=0.029117 baseParam=0.000180 gateRatio=0.0550 envParam=0.000450
2025-12-08 02:55:25 [tracker] [s1] aubio-raw t=9.9689 onset=1.199595 env=0.000103 peak=0.000313 gain=1.000
2025-12-08 02:55:25 [tracker] [s1] onset-below-gate t=9.9689 env=0.000103 onset=1.199595 thresh=0.006000 baseline=0.029117 gate=0.001601 envFloor=0.024750 floor=0.029117 adapt=0.029117 lastPeak=0.000000 calib=0.029117 baseParam=0.000180 gateRatio=0.0550 envParam=0.000450
2025-12-08 02:55:25 [tracker] [s1] aubio-raw t=10.0383 onset=0.556101 env=0.000098 peak=0.000299 gain=1.000
2025-12-08 02:55:25 [tracker] [s1] onset-below-gate t=10.0383 env=0.000098 onset=0.556101 thresh=0.006000 baseline=0.029117 gate=0.001601 envFloor=0.024750 floor=0.029117 adapt=0.029117 lastPeak=0.000000 calib=0.029117 baseParam=0.000180 gateRatio=0.0550 envParam=0.000450
2025-12-08 02:55:25 [tracker] [s1] aubio-raw t=10.3423 onset=0.597847 env=0.000120 peak=0.000370 gain=1.000
2025-12-08 02:55:25 [tracker] [s1] onset-below-gate t=10.3423 env=0.000120 onset=0.597847 thresh=0.006000 baseline=0.029117 gate=0.001601 envFloor=0.024750 floor=0.029117 adapt=0.029117 lastPeak=0.000000 calib=0.029117 baseParam=0.000180 gateRatio=0.0550 envParam=0.000450
2025-12-08 02:55:25 [tracker] [s1] aubio-raw t=10.4916 onset=0.985709 env=0.000107 peak=0.000345 gain=1.000
2025-12-08 02:55:25 [tracker] [s1] onset-below-gate t=10.4916 env=0.000107 onset=0.985709 thresh=0.006000 baseline=0.029117 gate=0.001601 envFloor=0.024750 floor=0.029117 adapt=0.029117 lastPeak=0.000000 calib=0.029117 baseParam=0.000180 gateRatio=0.0550 envParam=0.000450
2025-12-08 02:55:25 [tracker] [s1] aubio-raw t=10.5636 onset=1.048017 env=0.000085 peak=0.000220 gain=1.000
2025-12-08 02:55:25 [tracker] [s1] onset-below-gate t=10.5636 env=0.000085 onset=1.048017 thresh=0.006000 baseline=0.029117 gate=0.001601 envFloor=0.024750 floor=0.029117 adapt=0.029117 lastPeak=0.000000 calib=0.029117 baseParam=0.000180 gateRatio=0.0550 envParam=0.000450
2025-12-08 02:55:25 [tracker] [s1] aubio-raw t=10.6622 onset=1.038232 env=0.000085 peak=0.000227 gain=1.000
2025-12-08 02:55:25 [tracker] [s1] onset-below-gate t=10.6622 env=0.000085 onset=1.038232 thresh=0.006000 baseline=0.029117 gate=0.001601 envFloor=0.024750 floor=0.029117 adapt=0.029117 lastPeak=0.000000 calib=0.029117 baseParam=0.000180 gateRatio=0.0550 envParam=0.000450
2025-12-08 02:55:26 [tracker] [s1] aubio-raw t=11.0302 onset=1.158639 env=0.000113 peak=0.000277 gain=1.000
2025-12-08 02:55:26 [tracker] [s1] onset-below-gate t=11.0302 env=0.000113 onset=1.158639 thresh=0.006000 baseline=0.029117 gate=0.001601 envFloor=0.024750 floor=0.029117 adapt=0.029117 lastPeak=0.000000 calib=0.029117 baseParam=0.000180 gateRatio=0.0550 envParam=0.000450
2025-12-08 02:55:26 [tracker] [s1] aubio-raw t=11.2169 onset=0.992912 env=0.000133 peak=0.000324 gain=1.000
2025-12-08 02:55:26 [tracker] [s1] onset-below-gate t=11.2169 env=0.000133 onset=0.992912 thresh=0.006000 baseline=0.029117 gate=0.001601 envFloor=0.024750 floor=0.029117 adapt=0.029117 lastPeak=0.000000 calib=0.029117 baseParam=0.000180 gateRatio=0.0550 envParam=0.000450
2025-12-08 02:55:26 [tracker] [s1] aubio-raw t=11.3182 onset=1.103842 env=0.000151 peak=0.000391 gain=1.000
2025-12-08 02:55:26 [tracker] [s1] onset-below-gate t=11.3182 env=0.000151 onset=1.103842 thresh=0.006000 baseline=0.029117 gate=0.001601 envFloor=0.024750 floor=0.029117 adapt=0.029117 lastPeak=0.000000 calib=0.029117 baseParam=0.000180 gateRatio=0.0550 envParam=0.000450
2025-12-08 02:55:26 [tracker] [s1] aubio-raw t=11.3742 onset=1.010555 env=0.000138 peak=0.000336 gain=1.000
2025-12-08 02:55:26 [tracker] [s1] onset-below-gate t=11.3742 env=0.000138 onset=1.010555 thresh=0.006000 baseline=0.029117 gate=0.001601 envFloor=0.024750 floor=0.029117 adapt=0.029117 lastPeak=0.000000 calib=0.029117 baseParam=0.000180 gateRatio=0.0550 envParam=0.000450
2025-12-08 02:55:26 [tracker] [s1] aubio-raw t=11.5155 onset=0.689314 env=0.000133 peak=0.000372 gain=1.000
2025-12-08 02:55:26 [tracker] [s1] onset-below-gate t=11.5155 env=0.000133 onset=0.689314 thresh=0.006000 baseline=0.029117 gate=0.001601 envFloor=0.024750 floor=0.029117 adapt=0.029117 lastPeak=0.000000 calib=0.029117 baseParam=0.000180 gateRatio=0.0550 envParam=0.000450
2025-12-08 02:55:26 [tracker] [s1] aubio-raw t=11.6782 onset=1.299990 env=0.000099 peak=0.000271 gain=1.000
2025-12-08 02:55:26 [tracker] [s1] onset-below-gate t=11.6782 env=0.000099 onset=1.299990 thresh=0.006000 baseline=0.029117 gate=0.001601 envFloor=0.024750 floor=0.029117 adapt=0.029117 lastPeak=0.000000 calib=0.029117 baseParam=0.000180 gateRatio=0.0550 envParam=0.000450
2025-12-08 02:55:27 [live-record] label='S2F5 2' duration=5.56
2025-12-08 02:55:27 [live-record] saved session folder='S2F5 2' duration=5.56
2025-12-08 02:55:27 [tracker] [s1] aubio-raw t=12.3661 onset=0.954759 env=0.000112 peak=0.000304 gain=1.000
2025-12-08 02:55:27 [tracker] [s1] onset-below-gate t=12.3661 env=0.000112 onset=0.954759 thresh=0.006000 baseline=0.029117 gate=0.001601 envFloor=0.024750 floor=0.029117 adapt=0.029117 lastPeak=0.000000 calib=0.029117 baseParam=0.000180 gateRatio=0.0550 envParam=0.000450
2025-12-08 02:55:28 [tracker] [s1] aubio-raw t=12.6994 onset=1.091705 env=0.000143 peak=0.000338 gain=1.000
2025-12-08 02:55:28 [tracker] [s1] onset-below-gate t=12.6994 env=0.000143 onset=1.091705 thresh=0.006000 baseline=0.029117 gate=0.001601 envFloor=0.024750 floor=0.029117 adapt=0.029117 lastPeak=0.000000 calib=0.029117 baseParam=0.000180 gateRatio=0.0550 envParam=0.000450
2025-12-08 02:55:28 [tracker] [s1] aubio-raw t=13.0007 onset=0.989215 env=0.000165 peak=0.000422 gain=1.000
2025-12-08 02:55:28 [tracker] [s1] onset-below-gate t=13.0007 env=0.000165 onset=0.989215 thresh=0.006000 baseline=0.029117 gate=0.001601 envFloor=0.024750 floor=0.029117 adapt=0.029117 lastPeak=0.000000 calib=0.029117 baseParam=0.000180 gateRatio=0.0550 envParam=0.000450
2025-12-08 02:55:28 [tracker] [s1] aubio-raw t=13.0781 onset=0.994007 env=0.000144 peak=0.000379 gain=1.000
2025-12-08 02:55:28 [tracker] [s1] onset-below-gate t=13.0781 env=0.000144 onset=0.994007 thresh=0.006000 baseline=0.029117 gate=0.001601 envFloor=0.024750 floor=0.029117 adapt=0.029117 lastPeak=0.000000 calib=0.029117 baseParam=0.000180 gateRatio=0.0550 envParam=0.000450
2025-12-08 02:55:28 [tracker] [s1] aubio-raw t=13.2034 onset=0.793771 env=0.000089 peak=0.000232 gain=1.000
2025-12-08 02:55:28 [tracker] [s1] onset-below-gate t=13.2034 env=0.000089 onset=0.793771 thresh=0.006000 baseline=0.029117 gate=0.001601 envFloor=0.024750 floor=0.029117 adapt=0.029117 lastPeak=0.000000 calib=0.029117 baseParam=0.000180 gateRatio=0.0550 envParam=0.000450
2025-12-08 02:55:28 [tracker] [s1] aubio-raw t=13.3447 onset=0.978320 env=0.000162 peak=0.000375 gain=1.000
2025-12-08 02:55:28 [tracker] [s1] onset-below-gate t=13.3447 env=0.000162 onset=0.978320 thresh=0.006000 baseline=0.029117 gate=0.001601 envFloor=0.024750 floor=0.029117 adapt=0.029117 lastPeak=0.000000 calib=0.029117 baseParam=0.000180 gateRatio=0.0550 envParam=0.000450
2025-12-08 02:55:29 [tracker] [s1] aubio-raw t=13.7633 onset=1.282563 env=0.000117 peak=0.000313 gain=1.000
2025-12-08 02:55:29 [tracker] [s1] onset-below-gate t=13.7633 env=0.000117 onset=1.282563 thresh=0.006000 baseline=0.029117 gate=0.001601 envFloor=0.024750 floor=0.029117 adapt=0.029117 lastPeak=0.000000 calib=0.029117 baseParam=0.000180 gateRatio=0.0550 envParam=0.000450
2025-12-08 02:55:29 [tracker] [s1] aubio-raw t=14.0433 onset=0.998191 env=0.000122 peak=0.000294 gain=1.000
2025-12-08 02:55:29 [tracker] [s1] onset-below-gate t=14.0433 env=0.000122 onset=0.998191 thresh=0.006000 baseline=0.029117 gate=0.001601 envFloor=0.024750 floor=0.029117 adapt=0.029117 lastPeak=0.000000 calib=0.029117 baseParam=0.000180 gateRatio=0.0550 envParam=0.000450
2025-12-08 02:55:29 [sessionwavs] wrote 6 wav files to /home/general/SignalAssistant/logs/sessionwavs/session-20251208-025448 (shutdown)
